# 2025-10-12 22:13:46 -03: Reading parameter file '/home/pestobar/Activities/irace-test-executions/PSO-X-withRanking/Scenarios/BL-32/Runs/BL-32_seed_100003/parameters.txt'.
# 2025-10-12 22:13:46 -03: 2 expression(s) specifying forbidden configurations read.
# 2025-10-12 22:13:46 -03: Initialization
# Elitist race
# Elitist new instances: 1
# Elitist limit: 2
# nbIterations: 5
# minNbSurvival: 5
# nbParameters: 8
# seed: 100003
# confidence level: 0.95
# budget: 2000
# mu: 5
# deterministic: FALSE

# 2025-10-12 22:13:46 -03: Iteration 1 of 5
# experimentsUsed: 0
# remainingBudget: 2000
# currentBudget: 400
# nbConfigurations: 32
# Markers:
     x No test is performed.
     c Configurations are discarded only due to capping.
     - The test is performed and some configurations are discarded.
     = The test is performed but no configuration is discarded.
     ! The test is performed and configurations could be discarded but elite configurations are preserved.
     . All alive configurations are elite and nothing is discarded.

+-+-----------+-----------+-----------+----------------+-----------+--------+-----+----+------+
| |   Instance|      Alive|       Best|       Mean best| Exp so far|  W time|  rho|KenW|  Qvar|
+-+-----------+-----------+-----------+----------------+-----------+--------+-----+----+------+
|x|          1|         32|         17|    0.2546672777|         32|00:00:21|   NA|  NA|    NA|
|x|          2|         32|          5|     113.6072912|         64|00:01:53|+0.46|0.73|0.2329|
|x|          3|         32|         21|     125.1727537|         96|00:00:22|+0.54|0.69|0.2642|
|x|          4|         32|         21|     4522.226386|        128|00:00:23|+0.37|0.53|0.5097|
|-|          5|         12|         21|     3724.922547|        160|00:01:56|-0.02|0.18|0.9727|
|=|          6|         12|         21|     3104.389331|        172|00:00:02|+0.07|0.23|0.9591|
|-|          7|          5|         21|     2661.469041|        184|00:00:02|+0.15|0.27|0.7233|
+-+-----------+-----------+-----------+----------------+-----------+--------+-----+----+------+
Best-so-far configuration:          21    mean value:      2661.469041
Description of the best-so-far configuration:
   .ID. particles topology modInfluence branching tSchedule phi1 phi2 inertia
21   21        30        5            1        NA         8 2.12 1.41    0.34
   .PARENT.
21       NA

# 2025-10-12 22:18:48 -03: Elite configurations (first number is the configuration ID; listed from best to worst according to the sum of ranks):
   particles topology modInfluence branching tSchedule phi1 phi2 inertia
21        30        5            1        NA         8 2.12 1.41    0.34
27       167        5            0        NA        10 0.72 1.56    0.28
17        55        5            0        NA         9 2.43 2.34    0.45
23       179        4            2        NA        NA 0.25 2.03    0.56
31       142        4            2        NA        NA 1.03 1.88    0.62
# 2025-10-12 22:18:48 -03: Iteration 2 of 5
# experimentsUsed: 184
# remainingBudget: 1816
# currentBudget: 454
# nbConfigurations: 32
# Markers:
     x No test is performed.
     c Configurations are discarded only due to capping.
     - The test is performed and some configurations are discarded.
     = The test is performed but no configuration is discarded.
     ! The test is performed and configurations could be discarded but elite configurations are preserved.
     . All alive configurations are elite and nothing is discarded.

+-+-----------+-----------+-----------+----------------+-----------+--------+-----+----+------+
| |   Instance|      Alive|       Best|       Mean best| Exp so far|  W time|  rho|KenW|  Qvar|
+-+-----------+-----------+-----------+----------------+-----------+--------+-----+----+------+
|x|          8|         32|         50|    0.5492451348|         32|00:00:14|   NA|  NA|    NA|
|x|          4|         32|         17|     8558.394465|         59|00:00:14|+0.36|0.68|0.6587|
|x|          6|         32|         17|     5706.592793|         86|00:00:13|+0.46|0.64|0.6606|
|x|          5|         32|         21|     4562.855811|        113|00:01:28|+0.51|0.63|0.5462|
|-|          1|         11|         21|     3650.338142|        140|00:00:14|+0.11|0.29|0.9714|
|=|          3|         11|         21|     3062.529725|        146|00:00:01|+0.13|0.28|0.9494|
|-|          7|          6|         21|     2625.589378|        152|00:00:01|+0.26|0.37|0.7312|
|=|          2|          6|         21|     2328.861100|        153|00:00:28|+0.14|0.25|0.7807|
|=|          9|          6|         21|     2119.690975|        159|00:00:28|+0.12|0.22|0.7770|
+-+-----------+-----------+-----------+----------------+-----------+--------+-----+----+------+
Best-so-far configuration:          21    mean value:      2119.690975
Description of the best-so-far configuration:
   .ID. particles topology modInfluence branching tSchedule phi1 phi2 inertia
21   21        30        5            1        NA         8 2.12 1.41    0.34
   .PARENT.
21       NA

# 2025-10-12 22:22:13 -03: Elite configurations (first number is the configuration ID; listed from best to worst according to the sum of ranks):
   particles topology modInfluence branching tSchedule phi1 phi2 inertia
21        30        5            1        NA         8 2.12 1.41    0.34
27       167        5            0        NA        10 0.72 1.56    0.28
50        79        5            0        NA        10 1.98 1.97    0.17
17        55        5            0        NA         9 2.43 2.34    0.45
23       179        4            2        NA        NA 0.25 2.03    0.56
# 2025-10-12 22:22:13 -03: Iteration 3 of 5
# experimentsUsed: 343
# remainingBudget: 1657
# currentBudget: 552
# nbConfigurations: 32
# Markers:
     x No test is performed.
     c Configurations are discarded only due to capping.
     - The test is performed and some configurations are discarded.
     = The test is performed but no configuration is discarded.
     ! The test is performed and configurations could be discarded but elite configurations are preserved.
     . All alive configurations are elite and nothing is discarded.

+-+-----------+-----------+-----------+----------------+-----------+--------+-----+----+------+
| |   Instance|      Alive|       Best|       Mean best| Exp so far|  W time|  rho|KenW|  Qvar|
+-+-----------+-----------+-----------+----------------+-----------+--------+-----+----+------+
|x|         10|         32|         17|     69.83185244|         32|00:00:15|   NA|  NA|    NA|
|x|          7|         32|         81|     64.39357689|         59|00:00:14|+0.68|0.84|0.1876|
|x|          3|         32|         21|     4670.801920|         86|00:00:15|+0.58|0.72|0.4609|
|x|          9|         32|         21|     3614.683935|        113|00:01:36|+0.57|0.68|0.4245|
|-|          5|         13|         21|     2998.888586|        140|00:01:37|-0.07|0.15|1.0019|
|=|          1|         13|         21|     2499.118400|        148|00:00:01|-0.08|0.10|1.0351|
|=|          2|         13|         21|     2178.067650|        156|00:00:28|-0.09|0.06|1.0041|
|=|          6|         13|         21|     1906.024601|        164|00:00:01|-0.07|0.06|0.9887|
|=|          4|         13|         21|     3662.398232|        172|00:00:02|-0.06|0.06|0.9708|
|=|          8|         13|         21|     3296.218960|        180|00:00:01|-0.03|0.07|0.9412|
|=|         11|         13|         21|     3000.616135|        193|00:00:02|-0.02|0.07|0.9272|
+-+-----------+-----------+-----------+----------------+-----------+--------+-----+----+------+
Best-so-far configuration:          21    mean value:      3000.616135
Description of the best-so-far configuration:
   .ID. particles topology modInfluence branching tSchedule phi1 phi2 inertia
21   21        30        5            1        NA         8 2.12 1.41    0.34
   .PARENT.
21       NA

# 2025-10-12 22:26:51 -03: Elite configurations (first number is the configuration ID; listed from best to worst according to the sum of ranks):
   particles topology modInfluence branching tSchedule phi1 phi2 inertia
21        30        5            1        NA         8 2.12 1.41    0.34
60        36        5            0        NA        10 2.40 2.09    0.26
75       113        4            2        NA        NA 0.18 2.31    0.67
81         8        5            2        NA         9 0.65 1.97    0.57
83        12        1            1        NA        NA 1.59 1.74    0.12
# 2025-10-12 22:26:51 -03: Iteration 4 of 5
# experimentsUsed: 536
# remainingBudget: 1464
# currentBudget: 732
# nbConfigurations: 32
# Markers:
     x No test is performed.
     c Configurations are discarded only due to capping.
     - The test is performed and some configurations are discarded.
     = The test is performed but no configuration is discarded.
     ! The test is performed and configurations could be discarded but elite configurations are preserved.
     . All alive configurations are elite and nothing is discarded.

+-+-----------+-----------+-----------+----------------+-----------+--------+-----+----+------+
| |   Instance|      Alive|       Best|       Mean best| Exp so far|  W time|  rho|KenW|  Qvar|
+-+-----------+-----------+-----------+----------------+-----------+--------+-----+----+------+
|x|         12|         32|        109|     74.99336080|         32|00:00:04|   NA|  NA|    NA|
|x|          1|         32|         60|     170.4976387|         59|00:00:04|+0.32|0.66|0.9486|
|x|          5|         32|        107|     303.8917036|         86|00:01:26|+0.00|0.34|1.0549|
|x|          3|         32|         21|     282.6229829|        113|00:00:04|+0.05|0.29|0.9551|
|=|         10|         32|        107|     315.7580201|        140|00:00:03|-0.03|0.18|0.9329|
|=|          4|         32|         21|     5454.808340|        167|00:00:05|-0.01|0.16|0.9211|
|=|          8|         32|         21|     4675.636508|        194|00:00:03|+0.02|0.16|0.8923|
|=|          2|         32|         75|     2329.621390|        221|00:01:25|+0.01|0.13|0.8866|
|=|          7|         32|         21|     3665.018445|        248|00:00:04|+0.03|0.14|0.8799|
|-|         11|         27|        109|     1841.274423|        275|00:00:03|-0.03|0.07|0.9828|
|=|          6|         27|        109|     1673.979281|        297|00:00:03|-0.01|0.08|0.9804|
|=|          9|         27|         92|     2909.585165|        319|00:01:24|-0.01|0.07|0.9759|
|=|         13|         27|        108|     3117.171641|        346|00:00:04|-0.01|0.06|0.9790|
+-+-----------+-----------+-----------+----------------+-----------+--------+-----+----+------+
Best-so-far configuration:         108    mean value:      3117.171641
Description of the best-so-far configuration:
    .ID. particles topology modInfluence branching tSchedule phi1 phi2 inertia
108  108        29        1            0        NA        NA 1.99 2.34    0.13
    .PARENT.
108       60

# 2025-10-12 22:31:49 -03: Elite configurations (first number is the configuration ID; listed from best to worst according to the sum of ranks):
    particles topology modInfluence branching tSchedule phi1 phi2 inertia
108        29        1            0        NA        NA 1.99 2.34    0.13
92         12        4            0        NA        NA 2.14 1.58    0.30
109        18        5            0        NA        10 2.15 2.49    0.12
101         9        5            0        NA         8 2.40 1.98    0.08
21         30        5            1        NA         8 2.12 1.41    0.34
# 2025-10-12 22:31:49 -03: Iteration 5 of 5
# experimentsUsed: 882
# remainingBudget: 1118
# currentBudget: 1118
# nbConfigurations: 32
# Markers:
     x No test is performed.
     c Configurations are discarded only due to capping.
     - The test is performed and some configurations are discarded.
     = The test is performed but no configuration is discarded.
     ! The test is performed and configurations could be discarded but elite configurations are preserved.
     . All alive configurations are elite and nothing is discarded.

+-+-----------+-----------+-----------+----------------+-----------+--------+-----+----+------+
| |   Instance|      Alive|       Best|       Mean best| Exp so far|  W time|  rho|KenW|  Qvar|
+-+-----------+-----------+-----------+----------------+-----------+--------+-----+----+------+
|x|         14|         32|        119|     115546.8283|         32|00:00:04|   NA|  NA|    NA|
|x|          6|         32|        101|     67310.21866|         59|00:00:03|-0.33|0.33|0.0000|
|x|          9|         32|         92|     47990.46216|         86|00:01:25|-0.01|0.33|0.1437|
|x|          2|         32|         92|     36051.60414|        113|00:01:25|+0.10|0.32|0.1857|
|=|         11|         32|         92|     28841.90534|        140|00:00:03|+0.02|0.21|0.2736|
|=|         13|         32|         92|     27103.39770|        167|00:00:04|+0.04|0.20|0.3701|
|=|          8|         32|        108|     25967.83230|        194|00:00:03|+0.02|0.16|0.3215|
|=|          1|         32|         92|     20327.65763|        221|00:00:03|+0.03|0.15|0.2840|
|=|         12|         32|        129|     23186.25801|        248|00:00:03|+0.03|0.13|0.2542|
|=|         10|         32|        129|     20875.02775|        275|00:00:03|+0.05|0.14|0.2340|
|=|          3|         32|        115|     18898.45230|        302|00:00:04|+0.04|0.13|0.2142|
|-|          5|         28|        115|     17367.99606|        329|00:01:26|-0.05|0.04|0.9863|
|=|          7|         28|        115|     16032.31532|        352|00:00:03|-0.03|0.04|0.9826|
|=|          4|         28|        129|     16194.62743|        375|00:00:04|-0.02|0.05|0.9698|
|=|         15|         28|        129|     15115.03123|        403|00:00:03|-0.01|0.06|0.9702|
+-+-----------+-----------+-----------+----------------+-----------+--------+-----+----+------+
Best-so-far configuration:         129    mean value:      15115.03123
Description of the best-so-far configuration:
    .ID. particles topology modInfluence branching tSchedule phi1 phi2 inertia
129  129        23        1            0        NA        NA 2.06 2.47    0.12
    .PARENT.
129      108

# 2025-10-12 22:36:50 -03: Elite configurations (first number is the configuration ID; listed from best to worst according to the sum of ranks):
    particles topology modInfluence branching tSchedule phi1 phi2 inertia
129        23        1            0        NA        NA 2.06 2.47    0.12
114        48        1            0        NA        NA 1.53 2.12    0.18
132        28        4            0        NA        NA 2.01 1.89    0.32
130        46        1            0        NA        NA 2.09 2.13    0.15
115        28        1            0        NA        NA 2.10 2.21    0.25
# 2025-10-12 22:36:50 -03: Iteration 6 of 6
# experimentsUsed: 1285
# remainingBudget: 715
# currentBudget: 715
# nbConfigurations: 32
# Markers:
     x No test is performed.
     c Configurations are discarded only due to capping.
     - The test is performed and some configurations are discarded.
     = The test is performed but no configuration is discarded.
     ! The test is performed and configurations could be discarded but elite configurations are preserved.
     . All alive configurations are elite and nothing is discarded.

+-+-----------+-----------+-----------+----------------+-----------+--------+-----+----+------+
| |   Instance|      Alive|       Best|       Mean best| Exp so far|  W time|  rho|KenW|  Qvar|
+-+-----------+-----------+-----------+----------------+-----------+--------+-----+----+------+
|x|         16|         32|        165|     3.265886142|         32|00:00:03|   NA|  NA|    NA|
|x|          7|         32|        167|     3.977774951|         59|00:00:03|+0.31|0.65|0.6847|
|x|         14|         32|        147|     48534.56360|         86|00:00:03|-0.07|0.29|1.0292|
|x|          2|         32|        147|     36461.16974|        113|00:01:25|-0.05|0.21|1.0855|
|=|         11|         32|        167|     36001.09452|        140|00:00:03|-0.05|0.16|1.0472|
|=|         10|         32|        167|     30013.60752|        167|00:00:03|+0.03|0.19|0.9794|
|=|          1|         32|        167|     25725.98916|        194|00:00:03|+0.01|0.15|0.9895|
|=|         15|         32|        114|     15720.95167|        221|00:00:03|-0.01|0.12|1.0036|
|=|          3|         32|        114|     13995.08812|        248|00:00:04|-0.01|0.11|1.0032|
|=|         12|         32|        114|     12650.42093|        275|00:00:02|-0.00|0.10|0.9885|
|=|          4|         32|        114|     12999.36033|        302|00:00:04|+0.00|0.09|0.9694|
|=|          6|         32|        114|     11916.54368|        329|00:00:02|+0.00|0.08|0.9714|
|=|         13|         32|        114|     12306.47379|        356|00:00:04|-0.01|0.07|0.9671|
|=|          9|         32|        151|     13256.93741|        383|00:01:24|+0.00|0.07|0.9519|
|=|          5|         32|        114|     10739.70326|        410|00:01:25|+0.00|0.07|0.9536|
|=|          8|         32|        153|     22035.37490|        437|00:00:02|-0.00|0.06|0.9568|
|=|         17|         32|        114|     9477.965933|        469|00:00:54|-0.00|0.06|0.9498|
+-+-----------+-----------+-----------+----------------+-----------+--------+-----+----+------+
Best-so-far configuration:         114    mean value:      9477.965933
Description of the best-so-far configuration:
    .ID. particles topology modInfluence branching tSchedule phi1 phi2 inertia
114  114        48        1            0        NA        NA 1.53 2.12    0.18
    .PARENT.
114      108

# 2025-10-12 22:42:47 -03: Elite configurations (first number is the configuration ID; listed from best to worst according to the sum of ranks):
    particles topology modInfluence branching tSchedule phi1 phi2 inertia
114        48        1            0        NA        NA 1.53 2.12    0.18
151        35        1            0        NA        NA 2.08 2.45    0.16
153        26        1            0        NA        NA 1.98 2.14    0.10
147        47        1            0        NA        NA 2.09 2.05    0.14
167        14        4            0        NA        NA 1.92 2.09    0.24
# 2025-10-12 22:42:47 -03: Stopped because there is not enough budget to enforce the value of nbConfigurations.
# Iteration: 7
# nbIterations: 7
# experimentsUsed: 1754
# timeUsed: 0
# remainingBudget: 246
# currentBudget: 246
# number of elites: 5
# nbConfigurations: 18
# Total CPU user time: 14025.67, CPU sys time: 77.638, Wall-clock time: 1740.832
# 2025-10-12 22:42:47 -03: Starting post-selection:
# Configurations selected: 114, 151, 153, 147, 167, 129, 132, 130, 115, 108, 92, 109, 101, 21, 60, 75.
# Pending instances: 1, 1, 1, 1, 1, 1, 1, 1, 1, 3, 3, 3, 3, 3, 5, 5.
# 2025-10-12 22:42:47 -03: seed: 100003
# Configurations: 16
# Available experiments: 246
# minSurvival: 1
# Markers:
     x No test is performed.
     c Configurations are discarded only due to capping.
     - The test is performed and some configurations are discarded.
     = The test is performed but no configuration is discarded.
     ! The test is performed and configurations could be discarded but elite configurations are preserved.
     . All alive configurations are elite and nothing is discarded.

+-+-----------+-----------+-----------+----------------+-----------+--------+-----+----+------+
| |   Instance|      Alive|       Best|       Mean best| Exp so far|  W time|  rho|KenW|  Qvar|
+-+-----------+-----------+-----------+----------------+-----------+--------+-----+----+------+
|.|          8|         16|        108|    0.4197431398|          0|00:00:00|   NA|  NA|    NA|
|.|          6|         16|        108|     1.211126242|          0|00:00:00|+0.38|0.69|0.2424|
|.|          5|         16|        108|     178.7576868|          0|00:00:00|+0.01|0.34|0.8574|
|x|         15|         16|        153|     134.1288163|          2|00:00:01|-0.14|0.14|0.9963|
|.|         11|         16|        153|     111.1378054|          2|00:00:00|-0.13|0.09|1.0889|
|x|         17|         16|        153|     98.33218065|          9|00:00:13|-0.08|0.10|1.0697|
|.|          4|         16|        153|     2451.280864|          9|00:00:00|-0.01|0.13|1.0013|
|.|         12|         16|        153|     2640.140036|          9|00:00:00|-0.00|0.12|0.9732|
|.|          3|         16|        153|     2371.868030|          9|00:00:00|-0.03|0.08|0.9804|
|x|         16|         16|        109|     1810.321349|         16|00:00:01|-0.03|0.08|0.9801|
|x|         14|         16|        109|     19458.83425|         18|00:00:01|-0.04|0.06|0.9857|
|.|         10|         16|        109|     17843.21886|         18|00:00:00|-0.03|0.06|0.9754|
|.|          7|         16|        109|     16470.96833|         18|00:00:00|-0.02|0.06|0.9660|
|.|         13|         16|        109|     16516.95964|         18|00:00:00|-0.02|0.05|0.9500|
|.|          2|         16|        109|     15433.78116|         18|00:00:00|-0.02|0.05|0.9467|
|.|          9|         16|        109|     14512.76532|         18|00:00:00|-0.02|0.04|0.9506|
|.|          1|         16|        109|     13659.09081|         18|00:00:00|-0.03|0.03|0.9555|
|=|         18|         16|        167|     12010.43055|         34|00:00:03|-0.02|0.04|0.9467|
|=|         19|         16|        167|     11426.19114|         50|00:00:58|-0.02|0.04|0.9378|
|=|         20|         16|        114|     8128.405668|         66|00:00:58|-0.01|0.04|0.9350|
|=|         21|         16|        167|     11879.92328|         82|00:00:02|-0.01|0.04|0.9252|
|=|         22|         16|        167|     45421.04909|         98|00:00:02|-0.00|0.04|0.9273|
|=|         23|         16|        167|     43449.59806|        114|00:00:02|-0.00|0.04|0.9313|
|=|         24|         16|        147|     35377.05684|        130|00:00:02|-0.00|0.04|0.9309|
|=|         25|         16|        147|     33967.09538|        146|00:00:02|-0.00|0.04|0.9330|
|=|         26|         16|        167|     38442.78765|        162|00:00:02|-0.00|0.03|0.9416|
|=|         27|         16|        114|     40756.42558|        178|00:00:02|-0.00|0.04|0.9414|
|=|         28|         16|        167|     35697.61035|        194|00:00:02|+0.00|0.04|0.9367|
|=|         29|         16|        132|     38526.89441|        210|00:00:57|+0.00|0.04|0.9315|
|=|         30|         16|        151|     36920.47996|        226|00:00:02|+0.00|0.04|0.9283|
|=|         31|         16|        151|     35729.58332|        242|00:00:01|+0.00|0.04|0.9312|
+-+-----------+-----------+-----------+----------------+-----------+--------+-----+----+------+
Best-so-far configuration:         151    mean value:      35729.58332
Description of the best-so-far configuration:
    .ID. particles topology modInfluence branching tSchedule phi1 phi2 inertia
151  151        35        1            0        NA        NA 2.08 2.45    0.16
    .PARENT.
151      129

# 2025-10-12 22:46:25 -03: Elite configurations (first number is the configuration ID; listed from best to worst according to the sum of ranks):
    particles topology modInfluence branching tSchedule phi1 phi2 inertia
151        35        1            0        NA        NA 2.08 2.45    0.16
153        26        1            0        NA        NA 1.98 2.14    0.10
132        28        4            0        NA        NA 2.01 1.89    0.32
114        48        1            0        NA        NA 1.53 2.12    0.18
130        46        1            0        NA        NA 2.09 2.13    0.15
# Total CPU user time: 15716.42, CPU sys time: 88.644, Wall-clock time: 1959.095
    .ID. particles topology modInfluence branching tSchedule phi1 phi2 inertia
151  151        35        1            0        NA        NA 2.08 2.45    0.16
153  153        26        1            0        NA        NA 1.98 2.14    0.10
132  132        28        4            0        NA        NA 2.01 1.89    0.32
114  114        48        1            0        NA        NA 1.53 2.12    0.18
130  130        46        1            0        NA        NA 2.09 2.13    0.15
    .PARENT. .RANK.   .WEIGHT.
151      129    226 0.33333333
153      129    232 0.26666667
132       92    244 0.20000000
114      108    248 0.13333333
130      108    248 0.06666667
