# 2025-09-19 23:21:19 -03: Reading parameter file '/home/dianag/PruebasPablo/irace-test-executions/ACOTSP-withRanking/Scenarios-2/BL/Runs/BL_seed_1000193/parameters.txt'.
# 2025-09-19 23:21:19 -03: 1 expression(s) specifying forbidden configurations read.
# 2025-09-19 23:21:20 -03: Initialization
# Elitist race
# Elitist new instances: 1
# Elitist limit: 2
# nbIterations: 5
# minNbSurvival: 5
# nbParameters: 11
# seed: 1000193
# confidence level: 0.95
# budget: 2750
# mu: 5
# deterministic: FALSE

# 2025-09-19 23:21:20 -03: Iteration 1 of 5
# experimentsUsed: 0
# remainingBudget: 2750
# currentBudget: 550
# nbConfigurations: 91
# Markers:
     x No test is performed.
     c Configurations are discarded only due to capping.
     - The test is performed and some configurations are discarded.
     = The test is performed but no configuration is discarded.
     ! The test is performed and configurations could be discarded but elite configurations are preserved.
     . All alive configurations are elite and nothing is discarded.

+-+-----------+-----------+-----------+----------------+-----------+--------+-----+----+------+
| |   Instance|      Alive|       Best|       Mean best| Exp so far|  W time|  rho|KenW|  Qvar|
+-+-----------+-----------+-----------+----------------+-----------+--------+-----+----+------+
|x|          1|         91|         53|     32542021.00|         91|00:01:55|   NA|  NA|    NA|
|x|          2|         91|         53|     32604576.50|        182|00:01:55|+0.98|0.99|0.0011|
|x|          3|         91|         53|     32705452.67|        273|00:01:54|+0.98|0.98|0.0013|
|x|          4|         91|         53|     32653406.75|        364|00:01:51|+0.98|0.98|0.0012|
|-|          5|          5|         53|     32637891.00|        455|00:01:54|+0.34|0.47|0.4113|
+-+-----------+-----------+-----------+----------------+-----------+--------+-----+----+------+
Best-so-far configuration:          53    mean value:      32637891.00
Description of the best-so-far configuration:
   .ID. algorithm localsearch alpha beta  rho ants q0 rasrank elitistants nnls
53   53      mmas           3   1.8 9.22 0.61   97 NA      NA          NA   10
   dlb .PARENT.
53   1       NA

# 2025-09-19 23:30:52 -03: Elite configurations (first number is the configuration ID; listed from best to worst according to the sum of ranks):
   algorithm localsearch alpha beta  rho ants   q0 rasrank elitistants nnls dlb
53      mmas           3  1.80 9.22 0.61   97   NA      NA          NA   10   1
67       ras           3  4.26 0.70 0.72   56   NA      11          NA   24   0
47       acs           2  2.90 4.53 0.51   64 0.29      NA          NA   34   1
77       acs           1  4.58 6.33 0.41   62 0.02      NA          NA   27   1
83       acs           2  4.73 1.64 0.01    5 0.17      NA          NA   37   0
# 2025-09-19 23:30:52 -03: Iteration 2 of 5
# experimentsUsed: 455
# remainingBudget: 2295
# currentBudget: 573
# nbConfigurations: 85
# Markers:
     x No test is performed.
     c Configurations are discarded only due to capping.
     - The test is performed and some configurations are discarded.
     = The test is performed but no configuration is discarded.
     ! The test is performed and configurations could be discarded but elite configurations are preserved.
     . All alive configurations are elite and nothing is discarded.

+-+-----------+-----------+-----------+----------------+-----------+--------+-----+----+------+
| |   Instance|      Alive|       Best|       Mean best| Exp so far|  W time|  rho|KenW|  Qvar|
+-+-----------+-----------+-----------+----------------+-----------+--------+-----+----+------+
|x|          6|         85|         53|     32509907.00|         85|00:01:48|   NA|  NA|    NA|
|x|          3|         85|        162|     32681792.00|        165|00:01:39|+0.97|0.98|0.0072|
|x|          4|         85|        111|     32616132.67|        245|00:01:38|+0.97|0.98|0.0049|
|x|          5|         85|        111|     32593359.25|        325|00:01:42|+0.97|0.98|0.0045|
|-|          2|         11|        111|     32598299.40|        405|00:01:47|+0.35|0.48|0.5056|
|-|          1|          5|        111|     32573866.50|        411|00:00:16|+0.25|0.38|0.6583|
+-+-----------+-----------+-----------+----------------+-----------+--------+-----+----+------+
Best-so-far configuration:         111    mean value:      32573866.50
Description of the best-so-far configuration:
    .ID. algorithm localsearch alpha beta  rho ants   q0 rasrank elitistants
111  111       acs           3  3.93  3.8 0.26   49 0.62      NA          NA
    nnls dlb .PARENT.
111   17   1       53

# 2025-09-19 23:39:45 -03: Elite configurations (first number is the configuration ID; listed from best to worst according to the sum of ranks):
    algorithm localsearch alpha beta  rho ants   q0 rasrank elitistants nnls
111       acs           3  3.93 3.80 0.26   49 0.62      NA          NA   17
137       acs           3  4.50 1.62 0.82   56 0.07      NA          NA   30
162       acs           3  3.59 6.58 0.35   41 0.06      NA          NA   39
98        acs           3  3.59 6.27 0.46   54 0.46      NA          NA   40
53       mmas           3  1.80 9.22 0.61   97   NA      NA          NA   10
    dlb
111   1
137   1
162   0
98    1
53    1
# 2025-09-19 23:39:45 -03: Iteration 3 of 5
# experimentsUsed: 866
# remainingBudget: 1884
# currentBudget: 628
# nbConfigurations: 82
# Markers:
     x No test is performed.
     c Configurations are discarded only due to capping.
     - The test is performed and some configurations are discarded.
     = The test is performed but no configuration is discarded.
     ! The test is performed and configurations could be discarded but elite configurations are preserved.
     . All alive configurations are elite and nothing is discarded.

+-+-----------+-----------+-----------+----------------+-----------+--------+-----+----+------+
| |   Instance|      Alive|       Best|       Mean best| Exp so far|  W time|  rho|KenW|  Qvar|
+-+-----------+-----------+-----------+----------------+-----------+--------+-----+----+------+
|x|          7|         82|        230|     32556794.00|         82|00:02:12|   NA|  NA|    NA|
|x|          3|         82|        247|     32695898.50|        159|00:02:03|+0.93|0.97|0.0010|
|x|          4|         82|        229|     32626363.67|        236|00:01:59|+0.92|0.95|0.0010|
|x|          5|         82|        111|     32609908.75|        313|00:02:05|+0.92|0.94|0.0008|
|-|          2|          9|        111|     32611539.00|        390|00:02:06|+0.05|0.24|0.8852|
|=|          6|          9|        111|     32605166.50|        394|00:00:14|-0.03|0.15|0.9295|
|=|          1|          9|        111|     32583243.00|        398|00:00:14|+0.05|0.19|0.8615|
|=|          8|          9|        111|     32574781.62|        407|00:00:17|+0.09|0.20|0.8343|
+-+-----------+-----------+-----------+----------------+-----------+--------+-----+----+------+
Best-so-far configuration:         111    mean value:      32574781.62
Description of the best-so-far configuration:
    .ID. algorithm localsearch alpha beta  rho ants   q0 rasrank elitistants
111  111       acs           3  3.93  3.8 0.26   49 0.62      NA          NA
    nnls dlb .PARENT.
111   17   1       53

# 2025-09-19 23:50:58 -03: Elite configurations (first number is the configuration ID; listed from best to worst according to the sum of ranks):
    algorithm localsearch alpha beta  rho ants   q0 rasrank elitistants nnls
111       acs           3  3.93 3.80 0.26   49 0.62      NA          NA   17
195       acs           3  4.51 2.41 0.05   34 0.61      NA          NA   17
229       acs           3  3.89 3.24 0.30   46 0.16      NA          NA   21
137       acs           3  4.50 1.62 0.82   56 0.07      NA          NA   30
190       acs           3  3.88 0.75 0.89   58 0.44      NA          NA   26
    dlb
111   1
195   1
229   1
137   1
190   1
# 2025-09-19 23:50:58 -03: Iteration 4 of 5
# experimentsUsed: 1273
# remainingBudget: 1477
# currentBudget: 738
# nbConfigurations: 86
# Markers:
     x No test is performed.
     c Configurations are discarded only due to capping.
     - The test is performed and some configurations are discarded.
     = The test is performed but no configuration is discarded.
     ! The test is performed and configurations could be discarded but elite configurations are preserved.
     . All alive configurations are elite and nothing is discarded.

+-+-----------+-----------+-----------+----------------+-----------+--------+-----+----+------+
| |   Instance|      Alive|       Best|       Mean best| Exp so far|  W time|  rho|KenW|  Qvar|
+-+-----------+-----------+-----------+----------------+-----------+--------+-----+----+------+
|x|          9|         86|        267|     32796404.00|         86|00:01:33|   NA|  NA|    NA|
|x|          3|         86|        267|     32804377.00|        167|00:01:33|+0.74|0.87|0.0028|
|x|          4|         86|        270|     32695472.00|        248|00:01:33|+0.74|0.83|0.0020|
|x|          8|         86|        270|     32655509.50|        329|00:01:33|+0.76|0.82|0.0026|
|-|          2|         14|        270|     32629926.60|        410|00:01:33|+0.04|0.23|0.8898|
|=|          1|         14|        257|     32619097.83|        419|00:00:10|+0.04|0.20|0.9192|
|=|          6|         14|        257|     32595050.57|        428|00:00:10|+0.06|0.20|0.9025|
|=|          5|         14|        257|     32587357.62|        437|00:00:10|+0.09|0.21|0.8571|
|-|          7|          8|        257|     32583294.33|        446|00:00:10|+0.01|0.12|0.8708|
|=|         10|          8|        270|     32575892.70|        454|00:00:10|-0.01|0.09|0.8645|
|=|         11|          8|        270|     32602541.00|        462|00:00:10|-0.01|0.08|0.8739|
+-+-----------+-----------+-----------+----------------+-----------+--------+-----+----+------+
Best-so-far configuration:         270    mean value:      32602541.00
Description of the best-so-far configuration:
    .ID. algorithm localsearch alpha beta  rho ants   q0 rasrank elitistants
270  270       acs           3  3.41 4.19 0.19   54 0.22      NA          NA
    nnls dlb .PARENT.
270   17   1      229

# 2025-09-19 23:59:50 -03: Elite configurations (first number is the configuration ID; listed from best to worst according to the sum of ranks):
    algorithm localsearch alpha beta  rho ants   q0 rasrank elitistants nnls
270       acs           3  3.41 4.19 0.19   54 0.22      NA          NA   17
257       acs           3  4.56 4.79 0.16   61 0.85      NA          NA   26
267       acs           3  3.97 2.27 0.29   65 0.56      NA          NA   15
258       acs           3  3.80 5.02 0.30   54 0.69      NA          NA   23
288       acs           3  3.10 1.60 0.25   31 0.46      NA          NA   19
    dlb
270   1
257   1
267   1
258   1
288   1
# 2025-09-19 23:59:50 -03: Iteration 5 of 5
# experimentsUsed: 1735
# remainingBudget: 1015
# currentBudget: 1015
# nbConfigurations: 89
# Markers:
     x No test is performed.
     c Configurations are discarded only due to capping.
     - The test is performed and some configurations are discarded.
     = The test is performed but no configuration is discarded.
     ! The test is performed and configurations could be discarded but elite configurations are preserved.
     . All alive configurations are elite and nothing is discarded.

+-+-----------+-----------+-----------+----------------+-----------+--------+-----+----+------+
| |   Instance|      Alive|       Best|       Mean best| Exp so far|  W time|  rho|KenW|  Qvar|
+-+-----------+-----------+-----------+----------------+-----------+--------+-----+----+------+
|x|         12|         89|        398|     32526441.00|         89|00:01:42|   NA|  NA|    NA|
|x|          2|         89|        270|     32553905.00|        173|00:01:33|+0.73|0.86|0.0889|
|x|          9|         89|        270|     32638394.00|        257|00:01:33|+0.67|0.78|0.1034|
|x|          6|         89|        373|     32602532.00|        341|00:01:33|+0.65|0.73|0.1098|
|-|          3|         26|        373|     32638292.80|        425|00:01:33|-0.01|0.20|0.9537|
|=|          8|         26|        373|     32616104.17|        446|00:00:31|+0.06|0.22|0.9015|
|=|          5|         26|        373|     32602972.71|        467|00:00:31|+0.08|0.21|0.8880|
|-|          4|         19|        398|     32583128.88|        488|00:00:31|+0.06|0.18|0.8841|
|-|         11|         14|        398|     32610206.56|        502|00:00:20|+0.12|0.22|0.8019|
|!|          1|         14|        398|     32596649.80|        511|00:00:10|+0.09|0.18|0.8204|
|=|          7|         14|        398|     32595420.18|        520|00:00:10|+0.07|0.15|0.8538|
|-|         10|         11|        373|     32579453.75|        529|00:00:10|-0.02|0.07|0.9252|
|=|         13|         11|        373|     32609056.23|        540|00:00:20|-0.01|0.07|0.9095|
|=|         14|         11|        373|     32593295.43|        551|00:00:20|+0.01|0.08|0.8898|
+-+-----------+-----------+-----------+----------------+-----------+--------+-----+----+------+
Best-so-far configuration:         373    mean value:      32593295.43
Description of the best-so-far configuration:
    .ID. algorithm localsearch alpha beta  rho ants   q0 rasrank elitistants
373  373       acs           3  4.36 2.37 0.24   59 0.51      NA          NA
    nnls dlb .PARENT.
373   14   1      267

# 2025-09-20 00:10:55 -03: Elite configurations (first number is the configuration ID; listed from best to worst according to the sum of ranks):
    algorithm localsearch alpha beta  rho ants   q0 rasrank elitistants nnls
373       acs           3  4.36 2.37 0.24   59 0.51      NA          NA   14
398       acs           3  3.50 4.95 0.46   58 0.54      NA          NA   27
384       acs           3  3.60 6.74 0.37   59 0.73      NA          NA   24
379       acs           3  3.58 4.80 0.26   56 0.04      NA          NA   16
413       acs           3  2.73 3.87 0.30   46 0.22      NA          NA   19
    dlb
373   1
398   1
384   1
379   1
413   1
# 2025-09-20 00:10:55 -03: Iteration 6 of 6
# experimentsUsed: 2286
# remainingBudget: 464
# currentBudget: 464
# nbConfigurations: 35
# Markers:
     x No test is performed.
     c Configurations are discarded only due to capping.
     - The test is performed and some configurations are discarded.
     = The test is performed but no configuration is discarded.
     ! The test is performed and configurations could be discarded but elite configurations are preserved.
     . All alive configurations are elite and nothing is discarded.

+-+-----------+-----------+-----------+----------------+-----------+--------+-----+----+------+
| |   Instance|      Alive|       Best|       Mean best| Exp so far|  W time|  rho|KenW|  Qvar|
+-+-----------+-----------+-----------+----------------+-----------+--------+-----+----+------+
|x|         15|         35|        442|     32421438.00|         35|00:00:41|   NA|  NA|    NA|
|x|          8|         35|        384|     32464594.00|         65|00:00:31|+0.37|0.68|0.5382|
|x|          4|         35|        384|     32458219.33|         95|00:00:31|+0.38|0.59|0.5164|
|x|          6|         35|        384|     32463364.00|        125|00:00:31|+0.34|0.50|0.5686|
|-|         10|         11|        384|     32453663.00|        155|00:00:31|+0.02|0.21|0.8699|
|=|          7|         11|        384|     32468813.50|        161|00:00:10|+0.05|0.21|0.8457|
|=|          3|         11|        384|     32513817.71|        167|00:00:10|+0.06|0.20|0.8476|
|=|         14|         11|        373|     32506737.12|        173|00:00:10|+0.03|0.15|0.8912|
|=|         13|         11|        373|     32557575.89|        179|00:00:10|+0.05|0.15|0.8772|
|=|          5|         11|        373|     32554236.70|        185|00:00:10|+0.02|0.11|0.8912|
|=|         11|         11|        373|     32577880.18|        191|00:00:10|+0.06|0.14|0.8541|
|=|          2|         11|        373|     32577640.92|        197|00:00:10|+0.03|0.11|0.8743|
|=|          9|         11|        373|     32593030.08|        203|00:00:10|+0.03|0.10|0.8781|
|=|          1|         11|        373|     32583607.07|        209|00:00:10|+0.00|0.07|0.8983|
|=|         12|         11|        373|     32585481.47|        215|00:00:10|+0.01|0.08|0.8906|
|=|         16|         11|        373|     32578071.19|        226|00:00:20|+0.02|0.08|0.8852|
+-+-----------+-----------+-----------+----------------+-----------+--------+-----+----+------+
Best-so-far configuration:         373    mean value:      32578071.19
Description of the best-so-far configuration:
    .ID. algorithm localsearch alpha beta  rho ants   q0 rasrank elitistants
373  373       acs           3  4.36 2.37 0.24   59 0.51      NA          NA
    nnls dlb .PARENT.
373   14   1      267

# 2025-09-20 00:15:49 -03: Elite configurations (first number is the configuration ID; listed from best to worst according to the sum of ranks):
    algorithm localsearch alpha beta  rho ants   q0 rasrank elitistants nnls
373       acs           3  4.36 2.37 0.24   59 0.51      NA          NA   14
436       acs           3  4.10 3.12 0.15   59 0.73      NA          NA   12
398       acs           3  3.50 4.95 0.46   58 0.54      NA          NA   27
384       acs           3  3.60 6.74 0.37   59 0.73      NA          NA   24
440       acs           3  4.27 3.07 0.31   65 0.43      NA          NA   15
    dlb
373   1
436   1
398   1
384   1
440   1
# 2025-09-20 00:15:49 -03: Iteration 7 of 7
# experimentsUsed: 2512
# remainingBudget: 238
# currentBudget: 238
# nbConfigurations: 18
# Markers:
     x No test is performed.
     c Configurations are discarded only due to capping.
     - The test is performed and some configurations are discarded.
     = The test is performed but no configuration is discarded.
     ! The test is performed and configurations could be discarded but elite configurations are preserved.
     . All alive configurations are elite and nothing is discarded.

+-+-----------+-----------+-----------+----------------+-----------+--------+-----+----+------+
| |   Instance|      Alive|       Best|       Mean best| Exp so far|  W time|  rho|KenW|  Qvar|
+-+-----------+-----------+-----------+----------------+-----------+--------+-----+----+------+
|x|         17|         18|        373|     32974037.00|         18|00:00:20|   NA|  NA|    NA|
|x|         16|         18|        373|     32720477.00|         31|00:00:20|+0.28|0.64|0.7150|
|x|          4|         18|        436|     32646711.33|         44|00:00:20|+0.28|0.52|0.6548|
|x|          6|         18|        373|     32594249.50|         57|00:00:20|+0.16|0.37|0.7227|
|=|          9|         18|        373|     32630939.60|         70|00:00:20|+0.05|0.24|0.8445|
|=|          3|         18|        373|     32656005.67|         83|00:00:20|+0.09|0.24|0.8186|
|-|         11|          9|        373|     32678621.29|         96|00:00:20|-0.03|0.11|0.8890|
|=|         13|          9|        373|     32714329.38|        100|00:00:10|-0.01|0.12|0.8800|
|=|          1|          9|        373|     32686193.67|        104|00:00:10|-0.02|0.10|0.8856|
|=|         10|          9|        373|     32658111.70|        108|00:00:10|+0.02|0.11|0.8644|
|=|          7|          9|        373|     32649328.00|        112|00:00:10|+0.02|0.11|0.8551|
|=|         14|          9|        373|     32627584.42|        116|00:00:10|+0.04|0.12|0.8296|
|=|          2|          9|        373|     32623540.15|        120|00:00:10|+0.02|0.10|0.8449|
|=|          5|          9|        373|     32616443.29|        124|00:00:10|+0.01|0.08|0.8595|
|=|         15|          9|        373|     32607086.13|        128|00:00:10|-0.00|0.06|0.8689|
|=|          8|          9|        373|     32600715.81|        132|00:00:10|-0.01|0.06|0.8725|
|=|         12|          9|        373|     32601363.29|        136|00:00:10|-0.00|0.06|0.8695|
|=|         18|          9|        373|     32611063.06|        145|00:00:10|-0.00|0.05|0.8730|
+-+-----------+-----------+-----------+----------------+-----------+--------+-----+----+------+
Best-so-far configuration:         373    mean value:      32611063.06
Description of the best-so-far configuration:
    .ID. algorithm localsearch alpha beta  rho ants   q0 rasrank elitistants
373  373       acs           3  4.36 2.37 0.24   59 0.51      NA          NA
    nnls dlb .PARENT.
373   14   1      267

# 2025-09-20 00:20:10 -03: Elite configurations (first number is the configuration ID; listed from best to worst according to the sum of ranks):
    algorithm localsearch alpha beta  rho ants   q0 rasrank elitistants nnls
373       acs           3  4.36 2.37 0.24   59 0.51      NA          NA   14
436       acs           3  4.10 3.12 0.15   59 0.73      NA          NA   12
384       acs           3  3.60 6.74 0.37   59 0.73      NA          NA   24
398       acs           3  3.50 4.95 0.46   58 0.54      NA          NA   27
456       acs           3  4.12 3.07 0.16   54 0.66      NA          NA   12
    dlb
373   1
436   1
384   1
398   1
456   1
# 2025-09-20 00:20:10 -03: Iteration 8 of 8
# experimentsUsed: 2657
# remainingBudget: 93
# currentBudget: 93
# nbConfigurations: 9
# Markers:
     x No test is performed.
     c Configurations are discarded only due to capping.
     - The test is performed and some configurations are discarded.
     = The test is performed but no configuration is discarded.
     ! The test is performed and configurations could be discarded but elite configurations are preserved.
     . All alive configurations are elite and nothing is discarded.

+-+-----------+-----------+-----------+----------------+-----------+--------+-----+----+------+
| |   Instance|      Alive|       Best|       Mean best| Exp so far|  W time|  rho|KenW|  Qvar|
+-+-----------+-----------+-----------+----------------+-----------+--------+-----+----+------+
|x|         19|          9|        436|     32454273.00|          9|00:00:10|   NA|  NA|    NA|
|x|          3|          9|        436|     32613435.50|         13|00:00:10|+0.32|0.66|0.5748|
|x|          2|          9|        436|     32577203.00|         17|00:00:10|+0.19|0.46|0.7352|
|x|          7|          9|        436|     32582677.25|         21|00:00:10|+0.11|0.33|0.7663|
|=|          5|          9|        436|     32571650.60|         25|00:00:10|+0.00|0.20|0.8370|
|=|         14|          9|        436|     32542704.00|         29|00:00:10|+0.12|0.26|0.7367|
|=|          1|          9|        373|     32541693.14|         33|00:00:10|+0.09|0.22|0.7964|
|=|         18|          9|        373|     32570976.38|         37|00:00:10|+0.06|0.18|0.7885|
|=|          4|          9|        373|     32562017.67|         41|00:00:10|+0.10|0.20|0.7688|
|-|         16|          7|        373|     32552507.60|         45|00:00:10|-0.04|0.07|0.8785|
|=|          6|          7|        373|     32542797.45|         47|00:00:10|+0.01|0.10|0.8425|
|=|         11|          7|        373|     32565423.92|         49|00:00:10|+0.02|0.11|0.8347|
|=|          8|          7|        373|     32560788.31|         51|00:00:10|+0.02|0.10|0.8436|
|=|         17|          7|        373|     32590306.07|         53|00:00:10|+0.02|0.09|0.8412|
|=|         13|          7|        373|     32615238.07|         55|00:00:10|+0.03|0.10|0.8346|
|=|          9|          7|        373|     32625391.94|         57|00:00:10|+0.05|0.11|0.8211|
|=|         12|          7|        373|     32624587.88|         59|00:00:10|+0.03|0.09|0.8225|
|=|         15|          7|        373|     32616337.78|         61|00:00:10|+0.03|0.08|0.8278|
|=|         10|          7|        373|     32605234.42|         63|00:00:10|+0.04|0.09|0.8205|
|=|         20|          7|        373|     32618255.50|         70|00:00:10|+0.03|0.08|0.8318|
+-+-----------+-----------+-----------+----------------+-----------+--------+-----+----+------+
Best-so-far configuration:         373    mean value:      32618255.50
Description of the best-so-far configuration:
    .ID. algorithm localsearch alpha beta  rho ants   q0 rasrank elitistants
373  373       acs           3  4.36 2.37 0.24   59 0.51      NA          NA
    nnls dlb .PARENT.
373   14   1      267

# 2025-09-20 00:23:39 -03: Elite configurations (first number is the configuration ID; listed from best to worst according to the sum of ranks):
    algorithm localsearch alpha beta  rho ants   q0 rasrank elitistants nnls
373       acs           3  4.36 2.37 0.24   59 0.51      NA          NA   14
436       acs           3  4.10 3.12 0.15   59 0.73      NA          NA   12
384       acs           3  3.60 6.74 0.37   59 0.73      NA          NA   24
457       acs           3  4.61 2.73 0.24   57 0.43      NA          NA   15
456       acs           3  4.12 3.07 0.16   54 0.66      NA          NA   12
    dlb
373   1
436   1
384   1
457   1
456   1
# 2025-09-20 00:23:39 -03: Iteration 9 of 9
# experimentsUsed: 2727
# remainingBudget: 23
# currentBudget: 23
# nbConfigurations: 6
# Markers:
     x No test is performed.
     c Configurations are discarded only due to capping.
     - The test is performed and some configurations are discarded.
     = The test is performed but no configuration is discarded.
     ! The test is performed and configurations could be discarded but elite configurations are preserved.
     . All alive configurations are elite and nothing is discarded.

+-+-----------+-----------+-----------+----------------+-----------+--------+-----+----+------+
| |   Instance|      Alive|       Best|       Mean best| Exp so far|  W time|  rho|KenW|  Qvar|
+-+-----------+-----------+-----------+----------------+-----------+--------+-----+----+------+
|x|          7|          6|        461|     32517259.00|          1|00:00:10|   NA|  NA|    NA|
|x|          1|          6|        461|     32471097.50|          2|00:00:10|+0.66|0.83|0.3919|
|x|         20|          6|        461|     32584724.00|          3|00:00:10|+0.09|0.39|0.8485|
|x|         11|          6|        384|     32656138.50|          4|00:00:10|-0.06|0.21|0.9324|
|=|         10|          6|        384|     32607882.60|          5|00:00:10|+0.05|0.24|0.8544|
|=|         17|          6|        373|     32680330.17|          6|00:00:10|+0.02|0.18|0.8608|
|=|          2|          6|        384|     32666663.29|          7|00:00:10|-0.04|0.10|0.9079|
|=|         19|          6|        373|     32644663.62|          8|00:00:10|-0.06|0.07|0.9052|
|=|         13|          6|        373|     32680177.22|          9|00:00:10|-0.03|0.08|0.8933|
|=|         18|          6|        373|     32689755.40|         10|00:00:10|-0.03|0.08|0.8785|
|=|          6|          6|        373|     32667568.18|         11|00:00:10|-0.00|0.09|0.8588|
|=|          8|          6|        373|     32654034.25|         12|00:00:10|+0.00|0.09|0.8573|
|=|         14|          6|        373|     32633601.23|         13|00:00:10|+0.02|0.09|0.8361|
|=|          5|          6|        373|     32625785.71|         14|00:00:10|+0.03|0.10|0.8276|
|=|          4|          6|        373|     32616756.53|         15|00:00:10|+0.02|0.08|0.8341|
|=|         12|          6|        373|     32616441.94|         16|00:00:10|+0.01|0.07|0.8304|
|=|         16|          6|        373|     32607646.35|         17|00:00:10|+0.03|0.09|0.8092|
|=|          3|          6|        373|     32617295.78|         18|00:00:10|+0.01|0.07|0.8248|
|=|          9|          6|        373|     32625738.11|         19|00:00:10|+0.02|0.08|0.8126|
|=|         15|          6|        373|     32618255.50|         20|00:00:10|+0.02|0.07|0.8228|
+-+-----------+-----------+-----------+----------------+-----------+--------+-----+----+------+
Best-so-far configuration:         373    mean value:      32618255.50
Description of the best-so-far configuration:
    .ID. algorithm localsearch alpha beta  rho ants   q0 rasrank elitistants
373  373       acs           3  4.36 2.37 0.24   59 0.51      NA          NA
    nnls dlb .PARENT.
373   14   1      267

# 2025-09-20 00:27:08 -03: Elite configurations (first number is the configuration ID; listed from best to worst according to the sum of ranks):
    algorithm localsearch alpha beta  rho ants   q0 rasrank elitistants nnls
373       acs           3  4.36 2.37 0.24   59 0.51      NA          NA   14
461       acs           3  4.73 1.75 0.21   57 0.53      NA          NA   14
436       acs           3  4.10 3.12 0.15   59 0.73      NA          NA   12
384       acs           3  3.60 6.74 0.37   59 0.73      NA          NA   24
457       acs           3  4.61 2.73 0.24   57 0.43      NA          NA   15
    dlb
373   1
461   1
436   1
384   1
457   1
# 2025-09-20 00:27:08 -03: Stopped because there is not enough budget left to race more than the minimum (5).
# You may either increase the budget or set 'minNbSurvival' to a lower value.
# Iteration: 10
# nbIterations: 10
# experimentsUsed: 2747
# timeUsed: 0
# remainingBudget: 3
# currentBudget: 3
# number of elites: 5
# nbConfigurations: 5
# Total CPU user time: 31124.51, CPU sys time: 232.947, Wall-clock time: 3948.484
# 2025-09-20 00:27:08 -03: Starting post-selection:
# Configurations selected: 373, 461, 436.
# Pending instances: 0, 0, 0.
# 2025-09-20 00:27:08 -03: seed: 1000193
# Configurations: 3
# Available experiments: 3
# minSurvival: 1
# Markers:
     x No test is performed.
     c Configurations are discarded only due to capping.
     - The test is performed and some configurations are discarded.
     = The test is performed but no configuration is discarded.
     ! The test is performed and configurations could be discarded but elite configurations are preserved.
     . All alive configurations are elite and nothing is discarded.

+-+-----------+-----------+-----------+----------------+-----------+--------+-----+----+------+
| |   Instance|      Alive|       Best|       Mean best| Exp so far|  W time|  rho|KenW|  Qvar|
+-+-----------+-----------+-----------+----------------+-----------+--------+-----+----+------+
|.|         17|          3|        373|     32974037.00|          0|00:00:00|   NA|  NA|    NA|
|.|          3|          3|        373|     32877686.50|          0|00:00:00|+0.50|0.75|0.1032|
|.|         20|          3|        373|     32873676.33|          0|00:00:00|+0.17|0.44|0.5825|
|.|         13|          3|        373|     32896328.75|          0|00:00:00|-0.08|0.19|0.7085|
|.|          7|          3|        373|     32829361.20|          0|00:00:00|-0.20|0.04|0.7898|
|.|          8|          3|        373|     32775327.83|          0|00:00:00|-0.17|0.03|0.7563|
|.|          1|          3|        373|     32730439.29|          0|00:00:00|-0.10|0.06|0.7177|
|.|          9|          3|        373|     32736346.88|          0|00:00:00|-0.02|0.11|0.6604|
|.|         12|          3|        373|     32722499.78|          0|00:00:00|-0.08|0.04|0.7155|
|.|         14|          3|        373|     32689090.30|          0|00:00:00|-0.07|0.04|0.7084|
|.|         10|          3|        373|     32663297.91|          0|00:00:00|-0.02|0.07|0.6768|
|.|         11|          3|        373|     32675882.67|          0|00:00:00|+0.01|0.09|0.6499|
|.|          4|          3|        373|     32661610.77|          0|00:00:00|-0.04|0.04|0.6857|
|.|         19|          3|        373|     32650089.93|          0|00:00:00|-0.06|0.02|0.7023|
|.|         16|          3|        373|     32637878.40|          0|00:00:00|-0.04|0.03|0.6870|
|.|         18|          3|        373|     32646508.44|          0|00:00:00|-0.02|0.05|0.6797|
|.|          5|          3|        373|     32639312.88|          0|00:00:00|-0.01|0.04|0.6857|
|.|         15|          3|        373|     32630244.72|          0|00:00:00|-0.02|0.04|0.6812|
|.|          2|          3|        373|     32627337.58|          0|00:00:00|-0.02|0.04|0.6837|
|.|          6|          3|        373|     32618255.50|          0|00:00:00|-0.02|0.03|0.6809|
|=|         21|          3|        373|     32608609.52|          3|00:00:10|-0.02|0.03|0.6784|
+-+-----------+-----------+-----------+----------------+-----------+--------+-----+----+------+
Best-so-far configuration:         373    mean value:      32608609.52
Description of the best-so-far configuration:
    .ID. algorithm localsearch alpha beta  rho ants   q0 rasrank elitistants
373  373       acs           3  4.36 2.37 0.24   59 0.51      NA          NA
    nnls dlb .PARENT.
373   14   1      267

# 2025-09-20 00:27:19 -03: Elite configurations (first number is the configuration ID; listed from best to worst according to the sum of ranks):
    algorithm localsearch alpha beta  rho ants   q0 rasrank elitistants nnls
373       acs           3  4.36 2.37 0.24   59 0.51      NA          NA   14
436       acs           3  4.10 3.12 0.15   59 0.73      NA          NA   12
461       acs           3  4.73 1.75 0.21   57 0.53      NA          NA   14
    dlb
373   1
436   1
461   1
# Total CPU user time: 31155.38, CPU sys time: 233.195, Wall-clock time: 3959.009
    .ID. algorithm localsearch alpha beta  rho ants   q0 rasrank elitistants
373  373       acs           3  4.36 2.37 0.24   59 0.51      NA          NA
436  436       acs           3  4.10 3.12 0.15   59 0.73      NA          NA
461  461       acs           3  4.73 1.75 0.21   57 0.53      NA          NA
    nnls dlb .PARENT. .RANK.  .WEIGHT.
373   14   1      267     38 0.5000000
436   12   1      373     43 0.3333333
461   14   1      373     45 0.1666667
