#------------------------------------------------------------------------------
# irace: An implementation in R of (Elitist) Iterated Racing
# Version: 4.2.0.9000.0eef3f1
# Copyright (C) 2010-2025
# Manuel Lopez-Ibanez     <manuel.lopez-ibanez@manchester.ac.uk>
# Jeremie Dubois-Lacoste
# Leslie Perez Caceres    <leslie.perez.caceres@ulb.ac.be>
#
# This is free software, and you are welcome to redistribute it under certain
# conditions.  See the GNU General Public License for details. There is NO
# WARRANTY; not even for MERCHANTABILITY or FITNESS FOR A PARTICULAR PURPOSE.
#
# irace builds upon previous code from the race package:
#     race: Racing methods for the selection of the best
#     Copyright (C) 2003 Mauro Birattari
#------------------------------------------------------------------------------
# installed at: /home/pestobar/R/x86_64-redhat-linux-gnu-library/4.5/irace
# called with: --only-test configurations.txt --scenario scenario.txt
# 2025-12-18 07:40:52 -03: Checking scenario.
# 2025-12-18 07:40:52 -03: Reading parameter file '/home/pestobar/Activities/irace-test-executions/PSO-X/Scenarios/Elites-3/Runs/Elites-3_seed_100003/parameters.txt'.
# 2025-12-18 07:40:52 -03: 2 expression(s) specifying forbidden configurations read.
## irace scenario:
scenarioFile = "/home/pestobar/Activities/irace-test-executions/PSO-X/Scenarios/Elites-3/Runs/Elites-3_seed_100003/scenario.txt"
execDir = "/home/pestobar/Activities/irace-test-executions/PSO-X/Scenarios/Elites-3/Runs/Elites-3_seed_100003/Results"
parameterFile = "/home/pestobar/Activities/irace-test-executions/PSO-X/Scenarios/Elites-3/Runs/Elites-3_seed_100003/parameters.txt"
parameters = <environment>
initConfigurations = NULL
configurationsFile = ""
logFile = "/home/pestobar/Activities/irace-test-executions/PSO-X/Scenarios/Elites-3/Runs/Elites-3_seed_100003/Results/irace.Rdata"
recoveryFile = ""
instances = c("--competition 3 --problem 0 --dimensions 30", "--competition 3 --problem 1 --dimensions 30", "--competition 3 --problem 2 --dimensions 30", "--competition 3 --problem 3 --dimensions 30", "--competition 3 --problem 4 --dimensions 30", "--competition 3 --problem 5 --dimensions 30", "--competition 3 --problem 6 --dimensions 30", "--competition 3 --problem 7 --dimensions 30", "--competition 3 --problem 8 --dimensions 30", "--competition 3 --problem 9 --dimensions 30", "--competition 3 --problem 10 --dimensions 30", "--competition 3 --problem 11 --dimensions 30", "--competition 3 --problem 12 --dimensions 30", "--competition 3 --problem 13 --dimensions 30", "--competition 3 --problem 14 --dimensions 30", "--competition 3 --problem 15 --dimensions 30", "--competition 3 --problem 16 --dimensions 30", "--competition 3 --problem 17 --dimensions 30", "--competition 3 --problem 18 --dimensions 30", "--competition 3 --problem 19 --dimensions 30", "--competition 3 --problem 20 --dimensions 30", "--competition 3 --problem 21 --dimensions 30", "--competition 3 --problem 22 --dimensions 30", "--competition 3 --problem 23 --dimensions 30", "--competition 3 --problem 24 --dimensions 30", "--competition 3 --problem 25 --dimensions 30", "--competition 3 --problem 26 --dimensions 30", "--competition 3 --problem 27 --dimensions 30", "--competition 3 --problem 28 --dimensions 30", "--competition 3 --problem 29 --dimensions 30", "--competition 3 --problem 30 --dimensions 30", "--competition 3 --problem 31 --dimensions 30", "--competition 3 --problem 32 --dimensions 30", "--competition 3 --problem 33 --dimensions 30", "--competition 3 --problem 34 --dimensions 30", "--competition 3 --problem 35 --dimensions 30", "--competition 3 --problem 36 --dimensions 30", "--competition 3 --problem 37 --dimensions 30", "--competition 3 --problem 38 --dimensions 30", "--competition 3 --problem 39 --dimensions 30", "--competition 3 --problem 40 --dimensions 30", "--competition 3 --problem 41 --dimensions 30", "--competition 3 --problem 42 --dimensions 30", "--competition 3 --problem 43 --dimensions 30", "--competition 3 --problem 44 --dimensions 30", "--competition 3 --problem 45 --dimensions 30", "--competition 3 --problem 46 --dimensions 30", "--competition 3 --problem 47 --dimensions 30", "--competition 3 --problem 48 --dimensions 30", "--competition 3 --problem 49 --dimensions 30")
trainInstancesDir = ""
trainInstancesFile = "/home/pestobar/Activities/irace-test-executions/PSO-X/Instances/train_MIXTURE.txt"
sampleInstances = TRUE
testInstancesDir = ""
testInstancesFile = "/home/pestobar/Activities/irace-test-executions/PSO-X/TestingInstances/test_MIXTURE.txt"
testInstances = c("1t" = "--competition 3 --problem 0 --dimensions 50", "2t" = "--competition 3 --problem 1 --dimensions 50", "3t" = "--competition 3 --problem 2 --dimensions 50", "4t" = "--competition 3 --problem 3 --dimensions 50", "5t" = "--competition 3 --problem 4 --dimensions 50", "6t" = "--competition 3 --problem 5 --dimensions 50", "7t" = "--competition 3 --problem 6 --dimensions 50", "8t" = "--competition 3 --problem 7 --dimensions 50", "9t" = "--competition 3 --problem 8 --dimensions 50", "10t" = "--competition 3 --problem 9 --dimensions 50", "11t" = "--competition 3 --problem 10 --dimensions 50", "12t" = "--competition 3 --problem 11 --dimensions 50", "13t" = "--competition 3 --problem 12 --dimensions 50", "14t" = "--competition 3 --problem 13 --dimensions 50", "15t" = "--competition 3 --problem 14 --dimensions 50", "16t" = "--competition 3 --problem 15 --dimensions 50", "17t" = "--competition 3 --problem 16 --dimensions 50", "18t" = "--competition 3 --problem 17 --dimensions 50", "19t" = "--competition 3 --problem 18 --dimensions 50", "20t" = "--competition 3 --problem 19 --dimensions 50", "21t" = "--competition 3 --problem 20 --dimensions 50", "22t" = "--competition 3 --problem 21 --dimensions 50", "23t" = "--competition 3 --problem 22 --dimensions 50", "24t" = "--competition 3 --problem 23 --dimensions 50", "25t" = "--competition 3 --problem 24 --dimensions 50", "26t" = "--competition 3 --problem 25 --dimensions 50", "27t" = "--competition 3 --problem 26 --dimensions 50", "28t" = "--competition 3 --problem 27 --dimensions 50", "29t" = "--competition 3 --problem 28 --dimensions 50", "30t" = "--competition 3 --problem 29 --dimensions 50", "31t" = "--competition 3 --problem 30 --dimensions 50", "32t" = "--competition 3 --problem 31 --dimensions 50", "33t" = "--competition 3 --problem 32 --dimensions 50", "34t" = "--competition 3 --problem 33 --dimensions 50", "35t" = "--competition 3 --problem 34 --dimensions 50", "36t" = "--competition 3 --problem 35 --dimensions 50", "37t" = "--competition 3 --problem 36 --dimensions 50", "38t" = "--competition 3 --problem 37 --dimensions 50", "39t" = "--competition 3 --problem 38 --dimensions 50", "40t" = "--competition 3 --problem 39 --dimensions 50", "41t" = "--competition 3 --problem 40 --dimensions 50", "42t" = "--competition 3 --problem 41 --dimensions 50", "43t" = "--competition 3 --problem 42 --dimensions 50", "44t" = "--competition 3 --problem 43 --dimensions 50", "45t" = "--competition 3 --problem 44 --dimensions 50", "46t" = "--competition 3 --problem 45 --dimensions 50", "47t" = "--competition 3 --problem 46 --dimensions 50", "48t" = "--competition 3 --problem 47 --dimensions 50", "49t" = "--competition 3 --problem 48 --dimensions 50", "50t" = "--competition 3 --problem 49 --dimensions 50")
testNbElites = 1L
testIterationElites = FALSE
testType = "friedman"
firstTest = 5L
blockSize = 1L
eachTest = 1L
targetRunner = "/home/pestobar/Activities/irace-test-executions/PSO-X/Scenarios/Elites-3/Runs/Elites-3_seed_100003/target-runner"
targetRunnerLauncher = ""
targetCmdline = "{configurationID} {instanceID} {seed} {instance} {bound} {targetRunnerArgs}"
targetRunnerRetries = 0L
targetRunnerTimeout = 0L
targetRunnerData = ""
targetRunnerParallel = NULL
targetEvaluator = NULL
deterministic = FALSE
maxExperiments = 5500L
minExperiments = NA_character_
maxTime = 0L
budgetEstimation = 0.05
minMeasurableTime = 0.01
parallel = 10L
loadBalancing = TRUE
mpi = FALSE
batchmode = "0"
quiet = FALSE
debugLevel = 0L
seed = 100003L
softRestart = TRUE
softRestartThreshold = 1e-04
elitist = TRUE
elitistNewInstances = 1L
elitistLimit = 2L
repairConfiguration = NULL
capping = FALSE
cappingAfterFirstTest = FALSE
cappingType = "median"
boundType = "candidate"
boundMax = NULL
boundDigits = 0L
boundPar = 1L
boundAsTimeout = TRUE
postselection = TRUE
aclib = FALSE
nbIterations = 0L
nbExperimentsPerIteration = 0L
minNbSurvival = 0L
nbConfigurations = 0L
mu = 5L
confidence = 0.95
## end of irace scenario
# 2025-12-18 07:40:52 -03: Read 80 configuration(s) from file 'configurations.txt'
# 2025-12-18 07:40:52 -03: Testing configurations (in the order given as input): 
   particles topology modInfluence branching tSchedule phi1 phi2 inertia
1         21        4            0        NA        NA 1.89 2.36    0.38
2        134        4            0        NA        NA 2.09 2.30    0.53
3          9        1            0        NA        NA 1.54 2.48    0.26
4        142        4            0        NA        NA 1.27 2.48    0.50
5         67        4            0        NA        NA 1.58 2.49    0.41
6         66        1            1        NA        NA 2.05 1.48    0.59
7         90        4            0        NA        NA 1.94 2.40    0.65
8        162        4            2        NA        NA 0.44 2.37    0.81
9         85        4            0        NA        NA 2.15 2.28    0.55
10        45        4            0        NA        NA 1.79 2.42    0.50
11        82        4            0        NA        NA 1.24 2.44    0.35
12       106        4            0        NA        NA 1.91 2.36    0.46
13        77        4            0        NA        NA 1.28 2.47    0.42
14        57        4            0        NA        NA 0.59 2.22    0.56
15        20        0            1        NA        NA 2.46 2.08    0.31
16       108        4            0        NA        NA 2.14 2.28    0.67
17       142        4            0        NA        NA 2.03 2.45    0.37
18       101        4            0        NA        NA 2.28 2.16    0.50
19         6        5            0        NA         6 2.43 2.33    0.21
20        18        0            1        NA        NA 1.86 2.30    0.24
21       149        4            0        NA        NA 1.24 2.43    0.40
22        77        4            0        NA        NA 2.05 2.34    0.44
23        20        0            1        NA        NA 1.84 2.22    0.29
24       144        4            0        NA        NA 1.96 2.47    0.60
25        93        4            0        NA        NA 1.42 2.44    0.49
26        50        1            1        NA        NA 2.16 1.78    0.58
27        67        4            0        NA        NA 2.44 2.38    0.56
28        75        4            0        NA        NA 1.87 2.34    0.55
29       165        4            0        NA        NA 2.45 2.44    0.37
30        68        4            0        NA        NA 1.89 2.34    0.69
31        92        4            0        NA        NA 1.30 2.43    0.41
32        16        4            0        NA        NA 1.09 2.06    0.33
33        80        4            0        NA        NA 1.65 2.50    0.27
34        11        4            0        NA        NA 1.41 2.38    0.48
35        37        1            1        NA        NA 2.40 1.94    0.24
36       134        4            0        NA        NA 2.01 2.42    0.53
37       102        4            0        NA        NA 2.17 2.48    0.43
38       110        4            0        NA        NA 2.13 2.41    0.56
39       179        5            0        NA         6 0.86 2.44    0.29
40        21        0            1        NA        NA 2.25 2.32    0.22
41        38        4            0        NA        NA 2.21 1.60    0.53
42       150        4            0        NA        NA 1.95 2.33    0.58
43         4        4            2        NA        NA 1.77 2.47    0.41
44       105        4            0        NA        NA 0.43 2.38    0.25
45        75        4            0        NA        NA 2.17 2.11    0.61
46       115        1            1        NA        NA 2.36 2.43    0.66
47       115        4            0        NA        NA 2.26 2.13    0.74
48        83        4            0        NA        NA 2.38 2.39    0.11
49        38        4            0        NA        NA 2.46 1.83    0.67
50        83        4            0        NA        NA 1.42 2.41    0.70
51        79        4            0        NA        NA 1.02 2.39    0.45
52        83        4            0        NA        NA 2.35 2.47    0.44
53        25        1            0        NA        NA 1.69 2.28    0.33
54        89        4            2        NA        NA 2.41 2.46    0.72
55        25        1            2        NA        NA 2.11 2.38    0.30
56       103        4            0        NA        NA 0.96 2.24    0.45
57        84        4            0        NA        NA 2.11 2.48    0.32
58       103        4            0        NA        NA 0.50 2.49    0.48
59        28        0            0        NA        NA 1.99 1.81    0.13
60        22        1            1        NA        NA 2.31 2.37    0.25
61        48        1            0        NA        NA 1.53 2.12    0.18
62        85        4            0        NA        NA 2.11 2.33    0.54
63       104        4            0        NA        NA 2.27 2.39    0.41
64       107        4            0        NA        NA 0.30 2.33    0.20
65       129        4            0        NA        NA 1.28 2.45    0.40
66        68        1            2        NA        NA 0.38 2.48    0.53
67        62        1            0        NA        NA 1.72 2.22    0.69
68        69        4            2        NA        NA 0.21 2.15    0.81
69        98        0            0        NA        NA 1.95 2.00    0.67
70       117        4            0        NA        NA 1.52 2.26    0.52
71        68        4            0        NA        NA 0.99 2.49    0.28
72        34        4            0        NA        NA 2.31 2.40    0.33
73       107        4            0        NA        NA 2.02 2.32    0.19
74       163        4            2        NA        NA 1.30 2.44    0.68
75        84        4            0        NA        NA 1.29 2.49    0.24
76        90        4            0        NA        NA 1.66 2.30    0.57
77        84        4            0        NA        NA 0.78 2.24    0.29
78       135        4            0        NA        NA 1.32 2.29    0.57
79       102        0            0        NA        NA 1.96 2.40    0.23
80       200        4            2        NA        NA 2.48 2.31    0.64
# 2025-12-18 09:58:41 -03: Testing results (column number is configuration ID in no particular order):
         seeds            1            2            3            4            5
1t   657598058 8.843605e-01 1.460175e+00 8.721111e-01 1.447478e+00 1.204513e+00
2t   105910720 5.270530e+06 1.784462e+07 3.954875e+06 1.136023e+07 8.174444e+06
3t    66918032 1.201295e+06 2.874876e+06 1.273770e+06 2.495438e+06 1.550919e+06
4t  1711034010 8.404704e+04 1.408715e+05 4.712913e+04 9.631151e+04 1.009232e+05
5t  1598584298 1.709588e+01 9.232734e+00 4.718477e-01 1.257156e+01 1.906771e+01
6t  1896089441 5.580720e+00 4.821238e+02 2.924659e+00 5.224288e+02 1.053160e+02
7t  1842511715 4.543479e+03 3.892853e+03 4.069498e+03 3.389922e+03 5.542579e+03
8t   981760109 5.268382e+00 6.619989e+00 4.604452e+00 6.688949e+00 5.597596e+00
9t   193597513 3.193559e+02 2.702469e+02 3.315834e+02 2.630117e+02 2.925775e+02
10t  654765854 2.564346e+01 2.833880e+01 2.327803e+01 3.129826e+01 2.750213e+01
11t 1800090486 3.131555e+02 2.565798e+02 3.332792e+02 2.649720e+02 2.522814e+02
12t  122376713 7.181176e+03 3.101450e+02 2.415737e+03 3.438204e+02 1.302193e+04
13t  231767379 1.960372e+01 1.664161e+00 1.991286e+01 1.775491e+00 1.367880e+00
14t 2062687077 2.099643e+01 2.118706e+01 2.080737e+01 2.104697e+01 2.095529e+01
15t 1492793559 1.412291e+02 7.115859e+02 3.652927e+02 2.302105e+02 5.074932e+03
16t  137395599 4.709641e+01 4.944318e+01 1.008106e+02 5.246602e+01 4.943430e+01
17t  741575476 1.556718e-01 1.198270e+00 5.353465e-02 7.709139e-01 1.103767e+00
18t 1923445790 8.673690e-01 9.535907e-01 8.448635e-01 1.000928e+00 9.248090e-01
19t 1325481402 5.820317e+02 4.378707e+02 6.056282e+02 5.008465e+02 4.433480e+02
20t 1370469016 3.481330e+02 1.971002e+02 5.768146e+02 2.644234e+02 2.428254e+02
21t 1064207538 2.877214e+04 2.739575e+04 2.986588e+04 2.700567e+04 2.815222e+04
22t 1065645007 2.938032e+04 2.813428e+04 2.907106e+04 2.806474e+04 2.805831e+04
23t  723608436 5.323769e+01 4.784079e+01 5.797027e+01 4.506831e+01 4.804821e+01
24t 1617975273 4.099585e-01 7.316415e-01 8.679794e-01 6.512986e-01 6.307198e-01
25t   64800665 5.286996e-01 5.838609e-01 7.802918e-01 6.404713e-01 6.283786e-01
26t 1689735313 3.417579e-01 3.069025e-01 3.346652e-01 3.067285e-01 3.483156e-01
27t  507908423 1.076102e+02 7.729261e+01 9.428542e+01 7.203937e+01 9.709987e+01
28t 1231685405 2.368187e+02 2.383223e+02 2.144306e+02 2.538478e+02 2.493033e+02
29t 1657548394 3.729846e+02 2.863983e+02 4.758939e+02 2.816802e+02 3.033641e+02
30t 1230279315 1.021726e+01 1.017657e+01 1.217537e+01 1.217427e+01 1.023092e+01
31t  175653172 2.836674e+02 1.655160e+02 2.192667e+02 1.748731e+02 1.841555e+02
32t  202316206 5.077333e+02 3.016016e+02 9.398800e+02 2.886471e+02 4.403552e+02
33t 1534505189 1.163387e+02 1.000859e+02 1.577626e+02 1.002805e+02 1.186463e+02
34t 1936306655 2.459077e+01 2.746282e+01 3.334307e+01 2.672158e+01 2.225931e+01
35t  426115647 1.348775e+04 1.270981e+04 1.364822e+04 1.266956e+04 1.302216e+04
36t 1085682078 2.830884e+05 2.443526e+05 2.189537e+05 2.102251e+05 2.038281e+05
37t  530632366 6.098636e+01 6.129809e+01 5.855599e+01 5.813718e+01 5.826987e+01
38t   39747116 4.060004e+05 2.419630e+05 6.147587e+05 3.109333e+05 2.310289e+05
39t 2015784957 5.760385e+00 6.063630e+00 7.640051e+00 6.233219e+00 5.683739e+00
40t 1762392377 5.972707e+01 5.644401e+01 4.271380e+01 6.306872e+01 6.527860e+01
41t  643758443 4.474014e+02 4.498827e+02 4.470753e+02 4.499083e+02 4.476454e+02
42t   15445860 3.670759e+02 3.437145e+02 4.603741e+02 3.362516e+02 3.714582e+02
43t 1570815448 4.320720e+02 3.559617e+02 4.313855e+02 3.838130e+02 3.530400e+02
44t  839492811 9.509303e+02 9.357273e+02 1.026465e+03 9.314377e+02 9.274437e+02
45t 1988663768 9.328879e+02 9.333515e+02 9.437938e+02 9.323319e+02 9.310230e+02
46t   78871264 9.337494e+02 9.302822e+02 1.006534e+03 9.217639e+02 9.334524e+02
47t 1385611287 5.330999e+02 1.027467e+03 1.201664e+03 5.561472e+02 1.023039e+03
48t 1021943550 1.031665e+03 9.589098e+02 1.199393e+03 9.211038e+02 9.670530e+02
49t 1917945370 5.516325e+02 5.751371e+02 1.025218e+03 1.026819e+03 1.027070e+03
50t  927725112 9.696636e+02 9.406268e+02 1.054192e+03 9.005720e+02 1.050702e+03
               6            7            8            9           10
1t  1.338899e+00 1.917796e+00 3.288693e+00 1.416279e+00 1.061457e+00
2t  6.240825e+06 1.534214e+07 1.178673e+07 1.047681e+07 9.037085e+06
3t  2.044421e+06 2.803073e+06 5.191117e+06 2.155210e+06 1.686009e+06
4t  1.334075e+05 1.345524e+05 1.616686e+05 1.275380e+05 1.065239e+05
5t  5.684996e+01 1.906650e+00 5.318252e+00 8.961872e+00 2.459637e+01
6t  1.870460e+02 1.467292e+02 2.465262e+02 1.592436e+02 2.238962e+01
7t  7.923196e+03 3.115053e+03 2.234378e+03 4.304335e+03 3.852914e+03
8t  6.181311e+00 6.925503e+00 9.691176e+00 6.626749e+00 6.136444e+00
9t  3.858686e+02 2.367760e+02 1.332035e+02 2.553760e+02 2.765249e+02
10t 2.873322e+01 3.189203e+01 3.752183e+01 2.951489e+01 2.897060e+01
11t 3.848676e+02 2.475486e+02 7.110441e+01 2.686570e+02 2.957000e+02
12t 2.847097e+04 2.355440e+02 3.144687e+03 2.527150e+02 1.770403e+02
13t 2.043485e+01 1.888477e+00 2.358449e+00 1.475565e+00 1.372020e+00
14t 2.116337e+01 2.111229e+01 2.119596e+01 2.100505e+01 2.089036e+01
15t 1.843924e+02 2.312301e+02 3.656823e+02 1.873203e+02 1.674593e+02
16t 4.928827e+01 4.743632e+01 4.935598e+01 4.836504e+01 1.026658e+02
17t 4.148291e+02 1.416237e-01 1.018007e-01 1.054328e-01 2.971305e-01
18t 9.287848e-01 1.017581e+00 1.050199e+00 9.563344e-01 9.481237e-01
19t 1.391003e+03 4.082241e+02 4.133664e+02 4.215606e+02 4.942324e+02
20t 7.233488e+02 2.457028e+02 2.707110e+02 3.080746e+02 3.334763e+02
21t 3.498210e+04 2.745228e+04 2.926023e+04 2.719898e+04 2.850241e+04
22t 3.565586e+04 2.827216e+04 3.297293e+04 2.905204e+04 2.959529e+04
23t 6.563590e+01 4.402169e+01 4.051337e+01 5.109114e+01 4.964173e+01
24t 2.934600e+00 4.980423e-01 2.906083e+00 7.002113e-01 6.950310e-01
25t 6.238625e-01 5.713351e-01 5.219984e-01 4.930175e-01 6.653080e-01
26t 2.769216e-01 2.814761e-01 2.517480e-01 3.423131e-01 3.198291e-01
27t 5.120097e+01 8.838462e+01 4.249465e+01 8.552802e+01 1.082313e+02
28t 1.851051e+02 2.758765e+02 3.131049e+02 2.518181e+02 2.693376e+02
29t 4.005211e+02 3.128335e+02 2.927182e+02 3.138224e+02 2.317917e+02
30t 1.375306e+01 1.378864e+01 1.532976e+01 1.265297e+01 9.781784e+00
31t 9.315754e+01 1.813676e+02 1.451911e+02 2.219957e+02 1.949644e+02
32t 3.380077e+02 3.197879e+02 3.203716e+02 3.239740e+02 3.404861e+02
33t 1.415375e+02 9.875230e+01 1.046516e+02 1.140874e+02 1.137331e+02
34t 2.804494e+01 2.643126e+01 3.260421e+01 2.677805e+01 2.689196e+01
35t 1.397130e+04 1.269893e+04 1.262451e+04 1.290023e+04 1.255144e+04
36t 1.695496e+05 3.051721e+05 3.675860e+05 2.320347e+05 2.703358e+05
37t 6.470347e+01 6.099675e+01 6.015845e+01 6.189881e+01 5.889756e+01
38t 1.737173e+05 4.415074e+05 2.493652e+05 3.007439e+05 2.792265e+05
39t 4.800606e+00 6.356778e+00 6.251289e+00 6.533667e+00 5.704423e+00
40t 8.231194e+02 4.794284e+01 2.018593e+01 9.509637e+01 4.776224e+01
41t 4.492964e+02 4.518030e+02 4.577592e+02 4.504099e+02 4.483542e+02
42t 3.478912e+02 2.796590e+02 2.745647e+02 3.283636e+02 2.910332e+02
43t 4.157605e+02 3.146870e+02 3.339239e+02 3.757060e+02 3.402356e+02
44t 9.497479e+02 9.224242e+02 9.235222e+02 9.254344e+02 9.391149e+02
45t 9.389834e+02 9.230596e+02 9.246197e+02 9.264380e+02 9.367978e+02
46t 9.610935e+02 9.221218e+02 9.305314e+02 9.371213e+02 9.427293e+02
47t 1.199997e+03 1.023219e+03 6.005219e+02 1.029206e+03 5.446729e+02
48t 1.212628e+03 9.612540e+02 9.158543e+02 9.663219e+02 9.944249e+02
49t 5.706930e+02 1.020178e+03 6.217049e+02 5.684769e+02 5.567704e+02
50t 1.273050e+03 8.998274e+02 8.665741e+02 9.128251e+02 9.560977e+02
              11           12           13           14           15
1t  1.050017e+00 1.284312e+00 9.123281e-01 2.104846e+00 6.285918e-01
2t  1.680812e+07 8.586843e+06 7.532258e+06 7.405448e+06 3.515732e+06
3t  1.756246e+06 2.094031e+06 1.675149e+06 3.371657e+06 9.101663e+05
4t  1.152794e+05 1.363020e+05 1.252006e+05 9.730535e+04 1.497743e+05
5t  3.366649e+01 4.128421e+01 4.269756e+01 2.137434e+01 4.043296e+01
6t  1.820772e+02 2.438385e+02 7.630258e+01 4.292582e+01 3.652771e+00
7t  5.984426e+03 5.306621e+03 4.627276e+03 2.923241e+03 2.606258e+04
8t  5.991437e+00 6.268315e+00 5.934582e+00 7.606162e+00 4.313392e+00
9t  2.855277e+02 2.711599e+02 2.369362e+02 2.628773e+02 3.112843e+02
10t 2.689744e+01 2.776549e+01 2.520325e+01 3.553265e+01 1.979672e+01
11t 2.660211e+02 2.937986e+02 2.855578e+02 2.511351e+02 4.366563e+02
12t 1.014483e+04 2.531119e+02 1.108365e+04 2.653150e+02 1.393508e+04
13t 1.441139e+00 1.447264e+00 1.477666e+00 1.938236e+00 1.995100e+01
14t 2.100528e+01 2.101817e+01 2.100980e+01 2.112834e+01 2.118219e+01
15t 5.724569e+02 1.945847e+02 1.790398e+02 2.572692e+02 1.050984e+02
16t 4.775882e+01 4.830195e+01 4.894845e+01 4.915001e+01 4.922516e+01
17t 1.248321e+00 1.146363e+00 9.108155e-02 1.252666e-01 1.560700e+02
18t 9.313625e-01 9.450945e-01 9.654360e-01 1.016171e+00 6.469100e-01
19t 4.934435e+02 4.899953e+02 5.285122e+02 4.700917e+02 5.024246e+03
20t 3.711816e+02 3.074327e+02 2.756614e+02 2.464876e+02 5.178942e+02
21t 2.813807e+04 2.815362e+04 2.849430e+04 2.784287e+04 3.020961e+04
22t 2.893416e+04 2.838051e+04 2.853663e+04 2.818328e+04 3.862953e+04
23t 4.744273e+01 4.610798e+01 5.210073e+01 4.048883e+01 8.064797e+01
24t 6.689194e-01 8.917709e-01 6.377164e-01 5.321379e-01 3.262753e+00
25t 4.795095e-01 6.618269e-01 4.818928e-01 4.761376e-01 5.342001e-01
26t 3.441706e-01 3.197095e-01 2.659504e-01 3.144101e-01 2.839655e-01
27t 9.139185e+01 7.330917e+01 1.039056e+02 9.158621e+01 5.546912e+01
28t 2.183849e+02 2.284199e+02 2.339752e+02 3.119586e+02 1.471981e+02
29t 3.337273e+02 3.580320e+02 3.252548e+02 2.705483e+02 4.492054e+02
30t 1.038483e+01 1.102274e+01 1.110986e+01 1.491495e+01 1.120262e+01
31t 1.906743e+02 1.766638e+02 1.843939e+02 2.114226e+02 1.139072e+02
32t 3.735886e+02 4.229347e+02 2.817730e+02 3.332814e+02 3.495300e+02
33t 1.100320e+02 1.097330e+02 1.202386e+02 1.121832e+02 1.554570e+02
34t 2.469325e+01 2.431515e+01 2.659879e+01 3.318878e+01 2.422249e+01
35t 1.288548e+04 1.275109e+04 1.286645e+04 1.272546e+04 1.769096e+04
36t 1.575131e+05 1.784650e+05 2.318213e+05 2.311490e+05 1.145301e+05
37t 5.832604e+01 5.658244e+01 5.711500e+01 5.869431e+01 5.806368e+01
38t 2.402543e+05 2.452781e+05 2.594763e+05 4.456281e+05 1.902031e+05
39t 5.731957e+00 5.637121e+00 4.965955e+00 6.199133e+00 6.350937e+00
40t 4.398307e+01 6.104959e+01 5.271435e+01 2.238291e+01 7.379267e+02
41t 4.481786e+02 4.491600e+02 4.495373e+02 4.514146e+02 4.437373e+02
42t 3.495108e+02 3.378518e+02 3.921284e+02 2.735711e+02 5.209119e+02
43t 4.402326e+02 3.811246e+02 3.504812e+02 3.248867e+02 4.273874e+02
44t 9.314134e+02 9.260851e+02 9.276972e+02 9.853951e+02 9.220211e+02
45t 9.430263e+02 9.388288e+02 9.423162e+02 9.369602e+02 9.235469e+02
46t 9.302918e+02 9.289920e+02 9.272528e+02 9.320959e+02 9.254473e+02
47t 5.405915e+02 1.027256e+03 5.420720e+02 1.026117e+03 1.220593e+03
48t 9.667433e+02 9.937252e+02 9.700456e+02 9.711543e+02 1.358584e+03
49t 5.601285e+02 1.021827e+03 1.024213e+03 1.020264e+03 1.243832e+03
50t 9.898345e+02 9.259617e+02 9.498827e+02 9.072108e+02 1.331284e+03
              16           17           18           19           20
1t  2.294669e+00 1.157894e+00 1.426700e+00 6.921617e-01 6.013382e-01
2t  1.720212e+07 2.029293e+07 8.483180e+06 2.784054e+06 3.177930e+06
3t  3.962610e+06 2.184420e+06 2.298312e+06 9.921600e+05 9.148110e+05
4t  1.219081e+05 1.340781e+05 1.213527e+05 6.919349e+04 1.371265e+05
5t  8.970240e+00 3.233568e+01 3.327135e+01 1.132116e+01 3.765969e+01
6t  4.035218e+02 4.333687e+02 4.084266e+02 2.464511e+00 3.611262e+00
7t  2.329271e+03 5.400948e+03 4.662456e+03 4.885460e+03 2.055130e+04
8t  8.079641e+00 5.697522e+00 5.738316e+00 4.783432e+00 4.285035e+00
9t  2.005207e+02 2.808865e+02 2.950041e+02 3.559979e+02 3.273372e+02
10t 3.478964e+01 2.516159e+01 2.796384e+01 2.528529e+01 1.828157e+01
11t 2.570022e+02 2.532570e+02 2.836545e+02 4.041022e+02 4.109257e+02
12t 2.872528e+02 6.154553e+03 3.587212e+02 2.069250e+02 1.225867e+04
13t 1.826220e+00 1.309670e+00 1.533513e+00 2.033675e+01 2.000670e+01
14t 2.115190e+01 2.105528e+01 2.111676e+01 2.093116e+01 2.080483e+01
15t 3.054036e+02 3.031658e+02 5.274983e+02 1.223248e+02 1.096026e+02
16t 4.835344e+01 4.838382e+01 4.925735e+01 9.960287e+01 4.924008e+01
17t 3.198477e-01 1.212734e+00 9.849005e-01 9.516094e-02 2.212812e+02
18t 1.025352e+00 9.411333e-01 9.857035e-01 8.719396e-01 6.420015e-01
19t 3.930289e+02 5.992285e+02 5.228464e+02 7.776961e+02 5.678207e+03
20t 2.323508e+02 3.694883e+02 2.911615e+02 6.522998e+02 6.362303e+02
21t 2.821235e+04 2.742679e+04 2.853912e+04 2.900853e+04 3.719689e+04
22t 2.871688e+04 2.899854e+04 2.832048e+04 2.918209e+04 3.892241e+04
23t 4.244864e+01 5.256423e+01 4.891510e+01 6.677585e+01 8.375356e+01
24t 7.103232e-01 8.117367e-01 6.878194e-01 2.023319e+00 5.440502e+00
25t 5.689949e-01 5.170328e-01 4.918663e-01 7.518375e-01 5.262232e-01
26t 3.440820e-01 3.177090e-01 2.806468e-01 2.770642e-01 2.699126e-01
27t 8.944576e+01 6.053290e+01 9.331607e+01 9.057898e+01 5.357115e+01
28t 2.775178e+02 2.249946e+02 2.457652e+02 2.435032e+02 1.270123e+02
29t 2.930794e+02 3.214454e+02 3.075888e+02 5.376427e+02 4.217826e+02
30t 1.350378e+01 1.235281e+01 1.125490e+01 1.095962e+01 8.520108e+00
31t 1.067051e+02 1.716646e+02 1.794474e+02 2.508930e+02 1.242975e+02
32t 2.909859e+02 2.990894e+02 2.944135e+02 4.130495e+02 3.643509e+02
33t 1.068332e+02 1.062430e+02 1.091255e+02 2.051028e+02 1.794661e+02
34t 2.941302e+01 2.530366e+01 2.555728e+01 2.809379e+01 2.278936e+01
35t 1.236732e+04 1.237646e+04 1.277482e+04 1.480453e+04 1.776491e+04
36t 3.375621e+05 1.603939e+05 1.853099e+05 1.586244e+05 1.220473e+05
37t 6.061926e+01 6.104868e+01 6.195398e+01 6.432848e+01 6.577912e+01
38t 2.341894e+05 2.648091e+05 2.654342e+05 5.611294e+05 1.923523e+05
39t 7.951371e+00 5.419892e+00 5.850594e+00 5.537283e+00 4.750165e+00
40t 2.585378e+01 1.020027e+02 6.505819e+01 7.861870e+01 7.295753e+02
41t 4.526103e+02 4.484544e+02 4.494432e+02 9.160950e+02 4.431498e+02
42t 3.066497e+02 3.518708e+02 3.507528e+02 4.745428e+02 3.955626e+02
43t 4.050504e+02 4.514451e+02 4.064801e+02 4.292440e+02 4.274977e+02
44t 9.208648e+02 9.461368e+02 9.478050e+02 9.292163e+02 9.243457e+02
45t 9.299486e+02 9.323959e+02 9.370873e+02 9.284209e+02 9.247174e+02
46t 9.246582e+02 9.392434e+02 9.318917e+02 1.028054e+03 9.249567e+02
47t 1.019611e+03 5.390474e+02 1.028891e+03 5.260775e+02 1.247459e+03
48t 9.332916e+02 9.336816e+02 9.521682e+02 1.251427e+03 1.381294e+03
49t 1.019265e+03 5.547964e+02 5.674637e+02 5.487119e+02 1.227126e+03
50t 9.103090e+02 1.037371e+03 9.831006e+02 1.184684e+03 1.339110e+03
              21           22           23           24           25
1t  1.295809e+00 1.226745e+00 6.065571e-01 1.780093e+00 1.321386e+00
2t  8.250171e+06 8.299842e+06 3.802600e+06 2.586437e+07 7.612306e+06
3t  2.442655e+06 1.838867e+06 8.192934e+05 3.884413e+06 2.237548e+06
4t  1.600487e+05 1.161658e+05 1.561291e+05 1.302425e+05 1.266948e+05
5t  2.835166e+01 4.604227e+01 3.935706e+01 8.703619e+00 2.923235e+01
6t  3.701847e+02 9.390402e+01 3.508024e+00 4.800201e+02 2.247944e+02
7t  4.878721e+03 5.400272e+03 2.721539e+04 4.006849e+03 4.511594e+03
8t  6.044750e+00 5.811849e+00 1.117952e+02 7.317622e+00 6.229969e+00
9t  2.816930e+02 2.812708e+02 4.293376e+02 2.635915e+02 2.503264e+02
10t 2.932495e+01 2.660573e+01 1.897887e+01 3.213511e+01 2.869517e+01
11t 2.724620e+02 2.836651e+02 4.435387e+02 2.498338e+02 2.675711e+02
12t 7.913334e+03 1.475688e+04 1.409453e+04 2.437311e+02 9.087102e+02
13t 1.632507e+00 1.459186e+00 1.991555e+01 1.678003e+00 1.585741e+00
14t 2.100156e+01 2.102911e+01 2.069128e+01 2.105951e+01 2.103716e+01
15t 4.882857e+02 1.386720e+03 1.048801e+02 2.859135e+02 1.809490e+02
16t 4.919958e+01 4.927163e+01 4.922754e+01 4.951969e+01 4.883268e+01
17t 2.692961e+00 5.558208e-01 2.688402e+02 7.224037e-01 1.061314e+00
18t 9.469223e-01 9.188284e-01 6.151942e-01 9.973056e-01 9.737712e-01
19t 5.603206e+02 5.208685e+02 5.341030e+03 3.691693e+02 5.196003e+02
20t 3.056647e+02 2.746403e+02 5.377998e+02 2.219939e+02 3.204657e+02
21t 2.832730e+04 2.850002e+04 3.791482e+04 2.686466e+04 2.726995e+04
22t 2.899149e+04 2.890414e+04 3.882724e+04 2.791045e+04 2.882503e+04
23t 4.572703e+01 5.065403e+01 8.368381e+01 4.550966e+01 4.666332e+01
24t 8.066275e-01 9.110490e-01 5.337770e+00 7.987476e-01 7.630174e-01
25t 5.571007e-01 6.158062e-01 5.427475e-01 4.468510e-01 5.095910e-01
26t 2.792881e-01 2.792601e-01 2.866659e-01 3.517604e-01 3.431117e-01
27t 6.634700e+01 8.210962e+01 6.056429e+01 4.012988e+01 8.507116e+01
28t 2.455501e+02 2.345279e+02 1.501715e+02 2.814042e+02 2.474836e+02
29t 3.196376e+02 3.213775e+02 4.502530e+02 2.786696e+02 3.055320e+02
30t 1.034862e+01 1.088012e+01 1.080176e+01 1.044432e+01 1.195095e+01
31t 1.449495e+02 1.902120e+02 1.061104e+02 1.027990e+02 1.546505e+02
32t 2.715702e+02 5.167922e+02 3.350621e+02 3.083919e+02 3.499501e+02
33t 1.007358e+02 8.856165e+01 1.751409e+02 1.070630e+02 1.077584e+02
34t 2.687068e+01 2.416752e+01 2.572841e+01 2.899548e+01 2.511962e+01
35t 1.267994e+04 1.272266e+04 1.844230e+04 1.250821e+04 1.266293e+04
36t 1.869840e+05 2.006178e+05 1.227253e+05 2.312796e+05 2.178564e+05
37t 5.567978e+01 5.739138e+01 6.111115e+01 6.141012e+01 5.829384e+01
38t 2.281386e+05 2.411354e+05 1.985866e+05 1.970343e+05 2.378712e+05
39t 5.956235e+00 5.402528e+00 5.797063e+00 6.285765e+00 5.141353e+00
40t 6.383763e+01 8.940334e+01 7.626100e+02 2.759126e+01 4.031406e+01
41t 4.489271e+02 4.485133e+02 4.432440e+02 4.496445e+02 4.494329e+02
42t 2.669222e+02 4.031680e+02 4.066180e+02 3.017130e+02 3.105125e+02
43t 3.294227e+02 4.080816e+02 4.278121e+02 3.448067e+02 3.676734e+02
44t 9.492745e+02 9.373544e+02 9.260236e+02 9.325226e+02 9.365703e+02
45t 9.325886e+02 9.315546e+02 9.245324e+02 9.310854e+02 9.336754e+02
46t 9.324039e+02 9.331878e+02 9.254689e+02 9.287053e+02 9.332217e+02
47t 5.412143e+02 5.438761e+02 1.230874e+03 5.692101e+02 1.027415e+03
48t 9.719958e+02 9.793394e+02 1.352269e+03 9.332141e+02 9.561656e+02
49t 1.024690e+03 1.020928e+03 1.250412e+03 1.023115e+03 5.680644e+02
50t 9.783897e+02 1.179837e+03 1.343430e+03 9.311137e+02 9.121434e+02
              26           27           28           29           30
1t  1.109854e+00 1.430899e+00 1.367442e+00 9.746293e-01 2.047578e+00
2t  4.856763e+06 8.206720e+06 5.617423e+06 1.337699e+07 2.002351e+07
3t  1.812599e+06 2.306033e+06 1.942519e+06 1.927210e+06 3.819622e+06
4t  1.194566e+05 1.160950e+05 1.216704e+05 1.466482e+05 1.093008e+05
5t  5.622864e+01 1.640524e+01 1.788580e+01 3.756853e+01 4.504642e+00
6t  8.721955e+01 1.353455e+02 1.258421e+02 4.922169e+02 1.769005e+02
7t  1.083960e+04 4.063683e+03 3.379201e+03 5.303213e+03 2.958830e+03
8t  6.136642e+00 6.750468e+00 6.264349e+00 5.812994e+00 7.424193e+00
9t  3.761556e+02 2.072943e+02 2.292515e+02 2.644408e+02 1.911282e+02
10t 2.921377e+01 3.054814e+01 3.050413e+01 2.619227e+01 3.330180e+01
11t 3.827931e+02 2.236365e+02 2.829898e+02 2.802013e+02 2.293772e+02
12t 2.336356e+04 1.912506e+02 2.619249e+02 9.480617e+03 2.261755e+02
13t 2.048303e+01 1.547821e+00 1.476652e+00 1.512452e+00 1.900333e+00
14t 2.109253e+01 2.115877e+01 2.114785e+01 2.107299e+01 2.105118e+01
15t 1.587969e+02 3.539994e+03 1.877095e+02 3.684892e+02 2.856421e+02
16t 4.924207e+01 4.889358e+01 4.832003e+01 5.079824e+01 4.857909e+01
17t 2.465009e+02 7.370350e-02 5.383834e-01 1.265902e+00 1.745601e-01
18t 9.121652e-01 9.492252e-01 9.786158e-01 8.732257e-01 1.025108e+00
19t 1.602743e+03 4.754120e+02 4.781524e+02 5.588590e+02 4.096767e+02
20t 6.950984e+02 3.096424e+02 2.371075e+02 2.615601e+02 2.035384e+02
21t 3.544246e+04 2.769045e+04 2.817227e+04 2.821231e+04 2.761199e+04
22t 3.563477e+04 2.891671e+04 2.839472e+04 2.846075e+04 2.869371e+04
23t 6.470861e+01 4.929849e+01 4.709127e+01 4.789129e+01 3.720782e+01
24t 2.913362e+00 6.898341e-01 6.238692e-01 6.437508e-01 4.993435e-01
25t 5.655417e-01 6.088669e-01 6.112458e-01 5.411798e-01 6.603304e-01
26t 3.053869e-01 3.109723e-01 3.171115e-01 2.929744e-01 3.197443e-01
27t 4.652785e+01 9.369783e+01 7.798869e+01 7.422952e+01 1.012015e+02
28t 1.725003e+02 2.673827e+02 2.362739e+02 2.061291e+02 2.982591e+02
29t 4.774369e+02 2.980425e+02 2.967800e+02 3.751662e+02 2.694948e+02
30t 1.365418e+01 1.134550e+01 1.088540e+01 1.042685e+01 1.302832e+01
31t 1.056864e+02 1.688350e+02 2.062175e+02 1.574732e+02 2.045849e+02
32t 2.848861e+02 8.116999e+02 4.153114e+02 3.174649e+02 3.108788e+02
33t 1.363208e+02 9.826745e+01 1.074152e+02 1.104365e+02 1.099749e+02
34t 2.617239e+01 2.526414e+01 2.867653e+01 2.510871e+01 2.959739e+01
35t 1.385341e+04 1.240311e+04 1.263798e+04 1.275836e+04 1.242993e+04
36t 1.703845e+05 1.668900e+05 1.897868e+05 1.605107e+05 3.244004e+05
37t 6.517903e+01 5.916988e+01 5.691671e+01 6.232690e+01 6.077368e+01
38t 1.658864e+05 3.570942e+05 3.139888e+05 2.616298e+05 3.796621e+05
39t 5.352747e+00 6.927579e+00 6.787491e+00 6.006804e+00 5.558929e+00
40t 6.924287e+02 3.178069e+01 5.146314e+01 9.868949e+01 1.590690e+01
41t 4.487564e+02 4.495690e+02 4.490161e+02 4.482863e+02 4.530292e+02
42t 3.485298e+02 3.729781e+02 4.291111e+02 3.233693e+02 3.935606e+02
43t 3.889356e+02 3.348742e+02 3.147051e+02 4.086296e+02 2.773644e+02
44t 9.398321e+02 9.918132e+02 9.381613e+02 9.367249e+02 9.399863e+02
45t 9.503638e+02 9.246219e+02 9.312547e+02 9.372361e+02 9.219107e+02
46t 9.423781e+02 9.372870e+02 9.291300e+02 9.398945e+02 9.242168e+02
47t 1.194295e+03 1.020686e+03 1.028413e+03 5.397168e+02 1.021918e+03
48t 1.205896e+03 9.280648e+02 9.368366e+02 9.567161e+02 9.274556e+02
49t 5.631741e+02 5.701027e+02 1.024769e+03 5.555925e+02 1.022664e+03
50t 1.257941e+03 9.326185e+02 8.940747e+02 1.129177e+03 9.078610e+02
              31           32           33           34           35
1t  1.123100e+00 9.540544e-01 8.649486e-01 1.127147e+00 7.629775e-01
2t  9.692470e+06 5.041130e+06 1.100837e+07 4.541155e+06 4.497464e+06
3t  2.056082e+06 1.697445e+06 1.605001e+06 1.550725e+06 1.159793e+06
4t  1.494716e+05 5.161451e+04 1.480275e+05 3.466472e+04 1.227227e+05
5t  1.981593e+01 6.063402e+00 4.379253e+01 3.575990e+00 5.544436e+01
6t  1.765494e+02 4.172786e+00 1.128950e+02 5.872882e+00 3.630106e+01
7t  6.300700e+03 3.590812e+03 7.871727e+03 1.419415e+04 1.064854e+04
8t  6.123061e+00 5.781780e+00 5.253345e+00 5.916142e+00 4.467265e+00
9t  2.565459e+02 3.128367e+02 2.930203e+02 3.205094e+02 4.064327e+02
10t 3.023795e+01 2.852974e+01 2.433390e+01 2.846203e+01 2.110057e+01
11t 2.532561e+02 3.326814e+02 2.818160e+02 3.646951e+02 3.869406e+02
12t 1.008905e+04 1.030395e+04 1.804864e+04 5.080000e+04 2.508374e+04
13t 1.347166e+00 2.019743e+01 1.988414e+01 1.992219e+01 2.048526e+01
14t 2.097343e+01 2.097158e+01 2.095861e+01 2.096054e+01 2.109550e+01
15t 4.206496e+02 1.444593e+02 1.614414e+02 1.587440e+02 1.241181e+02
16t 1.074409e+02 4.710422e+01 4.923529e+01 4.901021e+01 4.924434e+01
17t 1.380742e+00 1.879742e-01 2.271652e+00 7.283560e-02 6.287734e+02
18t 9.735250e-01 9.261551e-01 9.120680e-01 9.103172e-01 8.219829e-01
19t 4.966799e+02 5.881907e+02 5.725882e+02 6.171194e+02 2.146364e+03
20t 3.216130e+02 5.133196e+02 4.138411e+02 4.437567e+02 8.090767e+02
21t 2.831204e+04 2.805616e+04 2.878300e+04 2.987516e+04 3.607194e+04
22t 2.888277e+04 3.132319e+04 2.952145e+04 2.779758e+04 3.533740e+04
23t 4.392883e+01 6.224061e+01 4.467087e+01 6.017479e+01 7.448549e+01
24t 7.368010e-01 7.837427e-01 8.151691e-01 1.428704e+00 3.204977e+00
25t 5.236474e-01 5.303440e-01 6.307497e-01 7.448738e-01 6.138456e-01
26t 2.672095e-01 3.062504e-01 2.956749e-01 3.757963e-01 2.976964e-01
27t 9.238715e+01 1.059553e+02 7.008025e+01 7.627574e+01 4.239104e+01
28t 2.657611e+02 2.471489e+02 2.475055e+02 2.289304e+02 1.414881e+02
29t 3.119621e+02 4.131658e+02 3.780425e+02 3.614279e+02 4.164253e+02
30t 9.528975e+00 1.175602e+01 9.107833e+00 1.106456e+01 1.722737e+01
31t 1.881327e+02 2.391428e+02 2.236160e+02 2.512100e+02 8.980463e+01
32t 4.072844e+02 1.385979e+03 3.055747e+02 3.991164e+02 2.988381e+02
33t 1.082503e+02 1.409837e+02 1.157975e+02 1.637193e+02 1.475449e+02
34t 2.587566e+01 2.687054e+01 2.471994e+01 2.635586e+01 2.460268e+01
35t 1.275683e+04 1.372090e+04 1.311875e+04 1.333846e+04 1.507915e+04
36t 1.982291e+05 1.987831e+05 1.340605e+05 2.448553e+05 1.168445e+05
37t 5.549810e+01 6.071019e+01 5.428451e+01 5.891046e+01 6.895286e+01
38t 3.265881e+05 2.167033e+05 2.388958e+05 4.059505e+05 1.518601e+05
39t 5.842937e+00 5.569505e+00 5.138067e+00 5.419784e+00 4.816398e+00
40t 6.632926e+01 4.318362e+01 6.796554e+01 3.141990e+01 1.469566e+03
41t 4.491249e+02 4.476743e+02 4.478002e+02 4.490663e+02 4.460692e+02
42t 3.163185e+02 3.897212e+02 3.866987e+02 3.634676e+02 3.620248e+02
43t 4.358505e+02 4.315110e+02 4.369453e+02 4.323893e+02 4.326553e+02
44t 9.370038e+02 9.341125e+02 9.324461e+02 9.984953e+02 9.268476e+02
45t 9.768866e+02 9.444002e+02 9.384057e+02 9.407360e+02 9.292449e+02
46t 9.339797e+02 9.380158e+02 9.348572e+02 9.920507e+02 9.278977e+02
47t 5.420324e+02 1.044012e+03 5.377368e+02 5.471884e+02 1.210789e+03
48t 9.637141e+02 1.047403e+03 1.027115e+03 1.018163e+03 1.399409e+03
49t 5.632924e+02 5.545688e+02 5.543454e+02 5.613266e+02 1.247646e+03
50t 1.000307e+03 1.009563e+03 1.194768e+03 1.104038e+03 1.326841e+03
              36           37           38           39           40
1t  1.499712e+00 1.149482e+00 1.458654e+00 9.868049e-01 6.270200e-01
2t  1.770514e+07 8.962882e+06 1.637357e+07 6.541360e+06 3.651955e+06
3t  2.655706e+06 1.845980e+06 2.531305e+06 2.230004e+06 9.141794e+05
4t  1.293740e+05 1.367356e+05 1.461299e+05 1.372812e+05 1.591617e+05
5t  1.820721e+01 2.148117e+01 1.006570e+01 6.338541e+01 4.063080e+01
6t  4.277407e+02 2.664314e+02 1.955905e+02 4.199020e+01 4.243963e+00
7t  3.903839e+03 5.380635e+03 4.843444e+03 9.188843e+03 3.155448e+04
8t  5.893767e+00 5.980645e+00 6.710307e+00 5.698461e+00 1.118880e+02
9t  2.648456e+02 2.460749e+02 2.451350e+02 3.392576e+02 4.113937e+02
10t 2.952875e+01 2.618321e+01 3.033503e+01 2.442286e+01 1.787793e+01
11t 2.674934e+02 2.501399e+02 2.616366e+02 3.152934e+02 3.184618e+02
12t 2.577733e+02 4.621239e+03 2.370520e+02 2.059915e+04 1.454483e+04
13t 1.583210e+00 1.410383e+00 1.635591e+00 1.988219e+01 1.990095e+01
14t 2.100177e+01 2.116068e+01 2.117526e+01 2.093209e+01 2.079422e+01
15t 5.794406e+02 3.582129e+02 2.108938e+02 2.777454e+02 1.025537e+02
16t 4.917447e+01 4.844072e+01 4.927413e+01 1.008545e+02 4.923814e+01
17t 1.038715e+00 1.945844e-01 2.162886e-01 3.448940e+01 2.759550e+02
18t 9.696205e-01 9.300265e-01 9.900869e-01 9.054194e-01 6.314462e-01
19t 4.579066e+02 5.350512e+02 4.108734e+02 6.709689e+02 5.104711e+03
20t 2.942355e+02 2.946221e+02 2.704607e+02 4.175070e+02 5.915023e+02
21t 2.809275e+04 2.861033e+04 2.849157e+04 2.870744e+04 3.695642e+04
22t 2.813647e+04 2.868616e+04 2.890374e+04 2.862669e+04 3.740194e+04
23t 3.840587e+01 4.764924e+01 4.708256e+01 4.998518e+01 7.840377e+01
24t 7.360014e-01 7.144849e-01 6.812752e-01 7.113458e-01 1.653662e+00
25t 6.409560e-01 5.827741e-01 4.770991e-01 5.569661e-01 5.017909e-01
26t 3.278667e-01 2.798712e-01 2.953861e-01 3.286184e-01 2.612852e-01
27t 7.466667e+01 8.385518e+01 5.892032e+01 1.065230e+02 5.167408e+01
28t 2.469022e+02 2.319074e+02 2.531153e+02 2.416580e+02 1.519702e+02
29t 3.455571e+02 3.467908e+02 2.368691e+02 3.789423e+02 4.648787e+02
30t 1.159014e+01 1.256687e+01 1.134016e+01 2.408137e+01 1.032197e+01
31t 1.528896e+02 1.745710e+02 1.587418e+02 2.098783e+02 1.166231e+02
32t 3.000941e+02 2.872720e+02 3.019463e+02 3.803955e+02 2.975048e+02
33t 1.052389e+02 9.955551e+01 9.504125e+01 1.279246e+02 1.824092e+02
34t 2.395269e+01 2.295279e+01 2.512732e+01 2.876317e+01 2.378248e+01
35t 1.259625e+04 1.269708e+04 1.269874e+04 1.332567e+04 1.860009e+04
36t 2.399248e+05 1.732896e+05 2.266516e+05 1.933339e+05 1.242348e+05
37t 6.069549e+01 5.812416e+01 5.986992e+01 5.964604e+01 6.410656e+01
38t 2.742067e+05 2.416681e+05 1.882047e+05 3.089417e+05 1.774684e+05
39t 6.858367e+00 6.125647e+00 6.854551e+00 5.769373e+00 5.690759e+00
40t 3.314988e+01 9.921025e+01 3.172066e+01 8.887688e+01 9.063980e+02
41t 4.500635e+02 4.485226e+02 4.498157e+02 7.074416e+02 4.430434e+02
42t 3.294031e+02 3.306770e+02 3.123033e+02 4.461113e+02 4.339715e+02
43t 3.783768e+02 3.674865e+02 3.322086e+02 3.560914e+02 6.120242e+02
44t 9.303999e+02 9.347307e+02 9.307075e+02 1.028777e+03 9.225768e+02
45t 9.216646e+02 9.364191e+02 9.241369e+02 1.000299e+03 9.245293e+02
46t 9.284589e+02 9.371802e+02 9.232926e+02 1.006668e+03 9.252941e+02
47t 1.025421e+03 5.412863e+02 1.023831e+03 1.189962e+03 1.251192e+03
48t 9.172585e+02 1.001825e+03 9.257730e+02 9.973003e+02 1.429025e+03
49t 5.681377e+02 5.565940e+02 1.024600e+03 5.544689e+02 1.219765e+03
50t 9.276664e+02 1.000093e+03 9.139034e+02 9.467764e+02 1.326732e+03
              41           42           43           44           45
1t  1.282195e+00 1.925085e+00 7.285506e-01 1.510574e+00 1.541411e+00
2t  6.356923e+06 2.259083e+07 3.055371e+06 9.682903e+06 1.090214e+07
3t  2.337648e+06 3.299768e+06 1.080221e+06 2.419373e+06 2.141401e+06
4t  1.374418e+05 1.494626e+05 6.910361e+04 1.138262e+05 1.219842e+05
5t  3.197268e+01 5.666877e+00 2.561974e+00 3.896733e+01 1.363821e+01
6t  3.207401e+01 8.203734e+02 3.579585e+00 1.601512e+02 2.061887e+02
7t  4.617426e+03 4.699321e+03 6.614577e+04 5.259377e+03 3.781261e+03
8t  5.457548e+00 6.074824e+00 1.642486e+02 6.274022e+00 6.725351e+00
9t  2.843737e+02 2.645001e+02 4.668578e+02 2.883600e+02 2.557737e+02
10t 2.857703e+01 3.225548e+01 2.493191e+01 3.030574e+01 3.227297e+01
11t 2.967592e+02 2.401843e+02 3.899163e+02 3.178586e+02 2.453334e+02
12t 2.276817e+02 4.176258e+02 2.226163e+02 8.355915e+03 2.818459e+02
13t 2.022246e+01 1.700427e+00 2.024559e+01 1.565674e+00 1.672851e+00
14t 2.111258e+01 2.114295e+01 2.102864e+01 2.090792e+01 2.115119e+01
15t 5.167334e+03 2.552828e+02 1.262471e+02 2.301429e+02 2.368204e+02
16t 4.912979e+01 4.851387e+01 4.707324e+01 4.934788e+01 4.836074e+01
17t 3.676060e+00 1.144479e+00 3.298916e-02 1.713731e+00 1.064002e+00
18t 9.783300e-01 1.025140e+00 8.246244e-01 9.993360e-01 9.821648e-01
19t 4.712366e+02 4.528450e+02 1.694374e+03 5.628259e+02 4.925841e+02
20t 3.850684e+02 2.350291e+02 7.009855e+02 3.267044e+02 2.058619e+02
21t 2.826317e+04 2.756852e+04 3.899055e+04 2.836897e+04 2.752815e+04
22t 2.952634e+04 2.822112e+04 3.747268e+04 2.829306e+04 2.849802e+04
23t 5.697707e+01 4.432127e+01 7.028280e+01 4.818484e+01 3.567479e+01
24t 6.526101e-01 7.947911e-01 1.827167e+00 7.330220e-01 7.773260e-01
25t 6.632830e-01 5.270211e-01 5.221281e-01 7.094027e-01 5.912324e-01
26t 3.455558e-01 3.245683e-01 3.006557e-01 2.898704e-01 3.167780e-01
27t 9.554384e+01 7.048251e+01 6.762816e+01 7.579890e+01 7.498275e+01
28t 2.472179e+02 2.315271e+02 1.981903e+02 2.727094e+02 2.584733e+02
29t 3.642220e+02 2.874546e+02 6.525686e+02 3.875100e+02 2.731466e+02
30t 1.433730e+01 1.231800e+01 1.319381e+01 1.184184e+01 1.249007e+01
31t 2.469248e+02 1.747239e+02 1.758329e+02 1.845355e+02 1.800969e+02
32t 6.493809e+02 3.205194e+02 3.294740e+02 3.015330e+02 2.995956e+02
33t 1.342393e+02 9.556252e+01 1.874624e+02 1.081477e+02 9.599360e+01
34t 2.831155e+01 2.804304e+01 3.162488e+01 2.824988e+01 2.658788e+01
35t 1.315705e+04 1.251671e+04 1.461009e+04 1.266023e+04 1.272329e+04
36t 2.315040e+05 2.322679e+05 1.443453e+05 2.314490e+05 2.347371e+05
37t 6.612828e+01 6.124739e+01 6.100014e+01 5.618689e+01 6.109638e+01
38t 3.538737e+05 3.973755e+05 2.657269e+05 3.394579e+05 3.100465e+05
39t 5.610782e+00 6.153636e+00 6.026548e+00 6.664460e+00 6.539065e+00
40t 8.030875e+01 5.660282e+01 1.035391e+02 7.262847e+01 3.695357e+01
41t 4.494585e+02 4.509768e+02 6.196588e+02 4.491574e+02 4.509836e+02
42t 3.393440e+02 2.746323e+02 4.557631e+02 2.963770e+02 2.901082e+02
43t 4.353576e+02 3.530030e+02 3.709250e+02 3.678046e+02 3.164642e+02
44t 9.344258e+02 9.346457e+02 1.029484e+03 9.390802e+02 9.307739e+02
45t 9.307771e+02 9.311564e+02 9.989735e+02 9.362545e+02 9.342451e+02
46t 9.278221e+02 9.272028e+02 1.207108e+03 9.349599e+02 9.322941e+02
47t 5.505336e+02 1.031079e+03 8.903594e+02 5.510103e+02 1.025594e+03
48t 1.029958e+03 9.380970e+02 1.282672e+03 9.918404e+02 9.720935e+02
49t 9.240114e+02 1.021218e+03 1.200905e+03 1.027492e+03 1.017601e+03
50t 1.031840e+03 9.107429e+02 1.257896e+03 9.826037e+02 9.331553e+02
              46           47           48           49           50
1t  1.472433e+00 3.331421e+00 8.377268e-01 1.701807e+00 2.715431e+00
2t  8.617103e+06 4.059723e+07 1.453989e+07 6.503169e+06 1.255482e+07
3t  2.019522e+06 5.923386e+06 1.382803e+06 3.124930e+06 4.194408e+06
4t  1.414601e+05 9.915391e+04 1.382243e+05 1.115442e+05 1.005296e+05
5t  5.831410e+01 3.646060e+00 4.786858e+01 1.300437e+01 1.636605e+00
6t  2.911325e+02 5.674147e+02 1.187169e+02 4.341381e+01 3.042424e+02
7t  7.629954e+03 2.624772e+03 8.857996e+03 3.434493e+03 3.163949e+03
8t  6.753380e+00 8.247969e+00 4.478593e+00 7.596185e+00 8.990188e+00
9t  3.450241e+02 2.258084e+02 3.030059e+02 2.891659e+02 2.277656e+02
10t 3.034063e+01 3.703850e+01 2.388022e+01 3.170011e+01 3.581349e+01
11t 3.529395e+02 2.217950e+02 3.008123e+02 2.538416e+02 2.265145e+02
12t 2.714317e+04 2.622015e+02 1.989617e+04 1.962976e+02 2.606832e+02
13t 2.010459e+01 2.291532e+00 1.948613e+01 1.706674e+00 2.052975e+00
14t 2.111753e+01 2.113943e+01 2.094420e+01 2.116613e+01 2.108213e+01
15t 2.076359e+02 5.809763e+02 1.411271e+02 4.809375e+02 3.406636e+02
16t 4.921518e+01 4.873221e+01 4.925397e+01 4.867428e+01 4.865740e+01
17t 5.775643e+01 1.191863e+00 7.711889e+00 6.602965e-02 8.435174e-01
18t 8.603566e-01 1.040449e+00 8.612618e-01 9.523064e-01 1.040296e+00
19t 1.149478e+03 3.726137e+02 6.578549e+02 4.339333e+02 4.111424e+02
20t 5.856491e+02 1.663399e+02 4.225755e+02 3.191385e+02 1.924594e+02
21t 3.437083e+04 2.673598e+04 2.721598e+04 2.803683e+04 2.741867e+04
22t 3.545141e+04 2.886606e+04 2.834073e+04 2.883394e+04 2.894042e+04
23t 5.184430e+01 4.546810e+01 5.769806e+01 4.349004e+01 4.274526e+01
24t 3.242154e+00 5.368948e-01 1.111834e+00 8.403015e-01 6.434827e-01
25t 5.622397e-01 4.427392e-01 7.255824e-01 6.577396e-01 5.832775e-01
26t 2.637114e-01 3.314196e-01 2.815912e-01 8.639581e-01 3.369675e-01
27t 4.772974e+01 6.466998e+01 6.660106e+01 9.199001e+01 8.317205e+01
28t 2.024386e+02 3.410941e+02 3.892449e+02 3.101324e+02 3.092430e+02
29t 4.284685e+02 2.631385e+02 3.434940e+02 2.642284e+02 2.856837e+02
30t 1.553506e+01 1.503756e+01 1.638476e+01 1.269694e+01 1.438002e+01
31t 1.118241e+02 1.538780e+02 1.705609e+02 1.877565e+02 1.653679e+02
32t 2.419778e+02 3.723581e+02 2.426747e+02 3.435969e+02 3.660862e+02
33t 1.197206e+02 1.020513e+02 1.210120e+02 9.882832e+01 1.176987e+02
34t 2.856033e+01 2.981497e+01 2.168904e+01 3.218859e+01 2.940788e+01
35t 1.356388e+04 1.250267e+04 1.388960e+04 1.253855e+04 1.233258e+04
36t 2.599379e+05 3.096766e+05 1.324751e+05 2.866248e+05 3.927311e+05
37t 6.364518e+01 6.090127e+01 6.340664e+01 6.120428e+01 6.052237e+01
38t 1.962986e+05 3.521060e+05 2.822361e+05 2.885897e+05 3.036731e+05
39t 5.145761e+00 6.761051e+00 5.285428e+00 5.215239e+00 6.386997e+00
40t 5.098535e+02 2.037176e+01 1.829505e+02 3.839345e+01 1.423113e+01
41t 4.507585e+02 4.551287e+02 4.456039e+02 4.523856e+02 4.530311e+02
42t 3.601610e+02 2.812119e+02 4.149327e+02 3.242267e+02 2.657224e+02
43t 3.522523e+02 3.124992e+02 4.148447e+02 4.016014e+02 3.906551e+02
44t 9.962670e+02 9.261449e+02 9.919865e+02 9.345539e+02 9.299966e+02
45t 8.252759e+02 9.262763e+02 9.327677e+02 9.213726e+02 9.214209e+02
46t 9.480443e+02 9.249462e+02 9.365797e+02 9.288355e+02 9.286301e+02
47t 5.481104e+02 1.021986e+03 5.284318e+02 1.021245e+03 1.020450e+03
48t 1.090283e+03 9.286445e+02 1.052915e+03 9.558253e+02 9.368150e+02
49t 5.743563e+02 1.020863e+03 5.490645e+02 1.017103e+03 1.020042e+03
50t 1.229781e+03 8.913858e+02 1.134247e+03 9.180286e+02 9.017542e+02
              51           52           53           54           55
1t  1.340620e+00 1.060343e+00 8.633607e-01 1.536317e+00 8.169971e-01
2t  9.387103e+06 1.277075e+07 9.654118e+06 6.414630e+06 4.541590e+06
3t  1.954103e+06 1.799335e+06 1.510734e+06 2.665866e+06 1.236576e+06
4t  1.125366e+05 1.399566e+05 1.069026e+05 1.306538e+05 1.382497e+05
5t  1.916772e+01 3.315793e+01 2.521792e+01 3.114037e+01 4.851006e+01
6t  9.647268e+01 9.984144e+01 1.215353e+01 1.398308e+02 1.619727e+01
7t  5.935922e+03 5.857739e+03 5.948794e+03 4.079702e+03 1.508111e+04
8t  6.822349e+00 5.625540e+00 5.713636e+00 6.417370e+00 4.798084e+00
9t  2.454652e+02 2.815728e+02 3.100330e+02 2.380825e+02 3.820555e+02
10t 3.087682e+01 2.736460e+01 2.433451e+01 3.178436e+01 2.316127e+01
11t 2.762498e+02 2.779812e+02 3.093693e+02 2.936326e+02 4.043087e+02
12t 9.590209e+02 9.126982e+03 1.760477e+04 2.878005e+03 2.200154e+04
13t 1.568775e+00 1.450766e+00 1.999309e+01 1.701935e+00 2.061473e+01
14t 2.093835e+01 2.109708e+01 2.120709e+01 2.112826e+01 2.122147e+01
15t 1.941480e+02 3.236629e+03 1.550688e+02 2.198616e+02 1.244383e+02
16t 4.718269e+01 4.988514e+01 4.777232e+01 4.913703e+01 4.924968e+01
17t 1.216703e+00 1.126885e-01 1.647376e+00 4.880525e-02 4.895588e+02
18t 9.677977e-01 9.313251e-01 8.619462e-01 9.848668e-01 8.406625e-01
19t 4.911871e+02 4.819006e+02 5.635388e+02 6.245742e+02 2.645250e+03
20t 2.714206e+02 2.756871e+02 4.127197e+02 4.312531e+02 7.971913e+02
21t 2.762985e+04 2.750024e+04 2.842112e+04 3.131760e+04 3.615243e+04
22t 2.912754e+04 2.808921e+04 2.876608e+04 3.281556e+04 3.537773e+04
23t 4.730569e+01 4.356322e+01 6.215211e+01 5.121632e+01 6.928871e+01
24t 4.245998e-01 6.677393e-01 4.638234e-01 3.883954e+00 3.268075e+00
25t 4.640965e-01 5.086944e-01 5.783291e-01 5.557981e-01 5.826796e-01
26t 2.880583e-01 3.198655e-01 2.836122e-01 2.776602e-01 2.862165e-01
27t 7.632870e+01 9.850010e+01 1.337677e+02 6.786172e+01 4.033296e+01
28t 2.019105e+02 2.404826e+02 2.722888e+02 2.453419e+02 1.695364e+02
29t 3.252309e+02 3.218804e+02 2.830111e+02 3.587253e+02 4.688088e+02
30t 1.043274e+01 1.034212e+01 1.009763e+01 1.159643e+01 1.460806e+01
31t 1.924522e+02 1.334723e+02 2.321426e+02 1.344557e+02 1.071298e+02
32t 3.488857e+02 3.320759e+02 3.108677e+02 3.457697e+02 3.870542e+02
33t 1.081726e+02 1.012118e+02 1.437150e+02 1.057922e+02 1.495355e+02
34t 2.517662e+01 2.150966e+01 2.743626e+01 2.658694e+01 2.870707e+01
35t 1.252992e+04 1.261912e+04 1.347645e+04 1.282692e+04 1.469058e+04
36t 2.174114e+05 2.028604e+05 1.759432e+05 1.875148e+05 1.188602e+05
37t 5.924870e+01 5.816570e+01 5.810736e+01 6.213264e+01 6.761536e+01
38t 3.696715e+05 3.092465e+05 4.133386e+05 1.984719e+05 1.746653e+05
39t 5.781376e+00 5.383087e+00 5.823893e+00 5.571460e+00 5.186482e+00
40t 4.514813e+01 4.614399e+01 7.721978e+01 7.656419e+01 1.025769e+03
41t 4.492222e+02 4.487082e+02 4.474054e+02 4.495901e+02 4.461610e+02
42t 2.815482e+02 3.552922e+02 3.383792e+02 3.276995e+02 3.612036e+02
43t 3.536348e+02 3.221423e+02 4.837179e+02 3.823226e+02 4.307268e+02
44t 9.218970e+02 9.357705e+02 9.827784e+02 9.815237e+02 9.294324e+02
45t 9.224386e+02 9.407928e+02 9.363569e+02 9.335467e+02 9.268307e+02
46t 9.311511e+02 9.331261e+02 9.395145e+02 9.746818e+02 9.303049e+02
47t 1.026398e+03 5.384496e+02 5.373740e+02 5.567477e+02 1.211591e+03
48t 1.002590e+03 9.306144e+02 1.036124e+03 1.012525e+03 1.357905e+03
49t 1.025511e+03 1.019531e+03 1.024006e+03 5.678610e+02 1.208054e+03
50t 9.359295e+02 9.629197e+02 9.716758e+02 1.176128e+03 1.292493e+03
              56           57           58           59           60
1t  1.474653e+00 9.818000e-01 1.963822e+00 7.741682e-01 7.112092e-01
2t  7.061429e+06 7.534492e+06 4.874867e+06 3.891596e+06 3.737451e+06
3t  2.260893e+06 1.609950e+06 3.004747e+06 1.157712e+06 1.010581e+06
4t  1.255224e+05 1.488408e+05 1.123377e+05 6.378030e+04 1.093580e+05
5t  3.236278e+01 3.992982e+01 1.357731e+01 3.348593e+01 4.735139e+01
6t  2.666103e+02 1.066818e+02 1.833672e+02 3.070670e+00 8.906684e+00
7t  5.997268e+03 5.248253e+03 3.982898e+03 1.936196e+04 1.948305e+04
8t  6.592885e+00 5.370663e+00 7.635912e+00 4.689522e+00 4.549721e+00
9t  2.730127e+02 2.760842e+02 2.670973e+02 3.169906e+02 3.882197e+02
10t 3.273767e+01 2.544304e+01 3.430853e+01 2.129327e+01 2.177446e+01
11t 2.950627e+02 2.787915e+02 3.014884e+02 3.279942e+02 4.057102e+02
12t 1.427197e+04 1.279672e+04 4.553092e+02 1.195687e+04 1.930672e+04
13t 1.667129e+00 1.321556e+00 1.941911e+00 1.978588e+01 2.050143e+01
14t 2.097193e+01 2.109561e+01 2.103058e+01 2.079920e+01 2.116530e+01
15t 4.236152e+02 3.173272e+02 1.122628e+03 2.485365e+02 1.182740e+02
16t 4.814957e+01 4.926584e+01 4.788132e+01 4.915244e+01 4.924674e+01
17t 8.300940e-01 1.002619e+00 7.686840e-02 4.045719e-02 2.996049e+02
18t 9.891499e-01 8.280862e-01 9.832654e-01 7.404795e-01 7.402362e-01
19t 5.445252e+02 5.908647e+02 4.018121e+02 1.927355e+03 2.699088e+03
20t 3.117521e+02 2.327044e+02 3.261608e+02 4.583044e+02 7.812365e+02
21t 2.847240e+04 2.677457e+04 2.785856e+04 3.102969e+04 3.612469e+04
22t 2.799581e+04 2.845053e+04 2.892343e+04 3.105859e+04 3.540660e+04
23t 4.473321e+01 5.610533e+01 4.161506e+01 6.474229e+01 7.107957e+01
24t 7.648152e-01 1.456641e+00 5.386200e-01 9.504854e-01 2.897928e+00
25t 4.977843e-01 6.184209e-01 4.804672e-01 6.982995e-01 5.590167e-01
26t 2.598641e-01 3.143215e-01 3.183349e-01 3.961617e-01 3.008806e-01
27t 7.908227e+01 9.819015e+01 9.804478e+01 1.251878e+02 4.618555e+01
28t 2.623590e+02 2.209579e+02 2.718952e+02 2.251258e+02 1.564211e+02
29t 3.158738e+02 3.431755e+02 2.678621e+02 3.633073e+02 4.636312e+02
30t 1.311824e+01 1.051847e+01 1.419284e+01 1.260994e+01 1.429717e+01
31t 1.523511e+02 1.768934e+02 1.561864e+02 2.817870e+02 1.197295e+02
32t 3.029100e+02 3.250125e+02 3.593615e+02 3.687037e+02 3.603123e+02
33t 1.165082e+02 1.272904e+02 1.024772e+02 1.777165e+02 1.585621e+02
34t 2.713014e+01 2.334296e+01 2.860527e+01 3.599265e+01 2.478516e+01
35t 1.267121e+04 1.284690e+04 1.302390e+04 1.478934e+04 1.472280e+04
36t 2.195871e+05 1.951185e+05 2.185596e+05 2.174952e+05 1.155032e+05
37t 5.877737e+01 5.486551e+01 5.900864e+01 5.297018e+01 6.761040e+01
38t 2.934141e+05 2.428651e+05 2.765770e+05 3.016722e+05 1.544090e+05
39t 5.425223e+00 5.370070e+00 5.120927e+00 6.202533e+00 5.621513e+00
40t 5.546258e+01 1.697249e+02 2.433104e+01 1.154792e+02 8.473759e+02
41t 4.498494e+02 4.475542e+02 4.519119e+02 4.459515e+02 4.452820e+02
42t 2.929256e+02 3.666473e+02 2.734702e+02 4.637239e+02 3.477716e+02
43t 3.723987e+02 4.346774e+02 3.117597e+02 6.964591e+02 4.299542e+02
44t 9.321103e+02 9.382377e+02 9.306789e+02 1.053200e+03 9.261621e+02
45t 9.281793e+02 9.404000e+02 9.361368e+02 1.033383e+03 9.243610e+02
46t 9.261802e+02 9.364087e+02 9.226452e+02 1.013718e+03 9.264587e+02
47t 5.535521e+02 5.356555e+02 1.026924e+03 1.205988e+03 1.204839e+03
48t 9.461704e+02 1.010707e+03 9.443381e+02 1.135182e+03 1.375421e+03
49t 1.023306e+03 5.608776e+02 1.025878e+03 5.557691e+02 1.205056e+03
50t 9.210549e+02 1.022057e+03 9.377150e+02 1.249901e+03 1.325171e+03
              61           62           63           64           65
1t  8.543552e-01 1.453414e+00 1.089492e+00 1.603895e+00 1.165870e+00
2t  1.164285e+07 9.648568e+06 1.811582e+07 1.640312e+07 1.572493e+07
3t  1.773559e+06 2.191102e+06 1.814364e+06 3.621945e+06 2.207819e+06
4t  1.242650e+05 1.184894e+05 1.211016e+05 1.309642e+05 1.333557e+05
5t  5.266691e+01 1.420279e+01 3.245433e+01 4.830653e+01 3.392603e+01
6t  8.622435e+01 2.202248e+02 2.569162e+02 2.721591e+02 3.576640e+02
7t  6.401801e+03 4.317577e+03 5.353906e+03 5.715486e+03 5.417418e+03
8t  5.019660e+00 6.247777e+00 5.411157e+00 6.520973e+00 6.074261e+00
9t  3.057151e+02 2.641663e+02 2.765271e+02 2.915684e+02 2.735533e+02
10t 2.596267e+01 2.971402e+01 2.674970e+01 2.681748e+01 2.864795e+01
11t 3.137446e+02 2.534991e+02 2.857902e+02 2.905030e+02 2.683514e+02
12t 1.886024e+04 2.425383e+02 1.074802e+04 1.499932e+04 3.952505e+03
13t 1.989245e+01 1.627166e+00 1.302553e+00 1.679677e+00 1.487682e+00
14t 2.100587e+01 2.110505e+01 2.108115e+01 2.093858e+01 2.097194e+01
15t 1.779268e+02 1.893642e+02 1.657944e+02 6.230991e+02 6.440482e+02
16t 6.588137e+01 4.925155e+01 4.759320e+01 7.907501e+01 4.846341e+01
17t 1.850798e+01 1.108167e+00 3.389627e-01 4.115057e+00 2.067337e+00
18t 9.127312e-01 9.824172e-01 9.270965e-01 9.834644e-01 9.410229e-01
19t 6.724470e+02 4.490602e+02 5.236361e+02 5.276550e+02 4.584716e+02
20t 4.186570e+02 2.829474e+02 3.067669e+02 3.136751e+02 3.377887e+02
21t 2.779280e+04 2.641451e+04 2.755408e+04 2.840533e+04 2.797138e+04
22t 2.939814e+04 2.828856e+04 2.840895e+04 2.822587e+04 2.832619e+04
23t 5.255274e+01 4.555411e+01 5.172891e+01 5.463742e+01 5.386466e+01
24t 8.254642e-01 8.439405e-01 5.936682e-01 8.840605e-01 7.646822e-01
25t 8.847869e-01 6.165926e-01 5.373432e-01 4.993777e-01 5.461295e-01
26t 3.742242e-01 3.855055e-01 2.636984e-01 3.221913e-01 3.164411e-01
27t 9.033015e+01 8.006647e+01 6.518979e+01 8.233082e+01 6.917335e+01
28t 1.710764e+05 2.609305e+02 2.450965e+02 1.320704e+03 2.339300e+02
29t 4.226652e+02 2.241730e+02 3.090866e+02 3.491547e+02 3.610577e+02
30t 1.136570e+01 1.277854e+01 1.125442e+01 1.269281e+01 1.144113e+01
31t 1.597303e+02 1.778293e+02 1.696675e+02 1.826619e+02 1.768087e+02
32t 3.686151e+02 3.014581e+02 3.114005e+02 2.831765e+02 2.797467e+02
33t 1.339517e+02 1.027498e+02 8.993399e+01 9.688251e+01 9.605241e+01
34t 2.356072e+01 2.572806e+01 2.665956e+01 2.849639e+01 2.500615e+01
35t 1.281089e+04 1.280935e+04 1.310090e+04 1.258385e+04 1.271578e+04
36t 1.465392e+05 2.204801e+05 1.872326e+05 1.863739e+05 2.182839e+05
37t 6.259990e+01 5.879436e+01 5.727215e+01 5.393474e+01 5.865168e+01
38t 2.465218e+05 3.331664e+05 3.020146e+05 2.582608e+05 2.740843e+05
39t 6.004086e+00 6.380203e+00 6.682115e+00 5.895289e+00 5.838705e+00
40t 1.735131e+02 6.044476e+01 9.106573e+01 7.729240e+01 4.936215e+01
41t 4.475659e+02 4.495247e+02 4.474232e+02 4.496773e+02 4.490858e+02
42t 4.094069e+02 2.799432e+02 3.531166e+02 3.189637e+02 3.173489e+02
43t 4.328263e+02 3.433845e+02 4.394344e+02 2.564400e+02 4.005755e+02
44t 9.734285e+02 9.234619e+02 9.467449e+02 9.280684e+02 9.868426e+02
45t 9.443885e+02 9.406811e+02 9.407090e+02 9.383749e+02 9.350056e+02
46t 9.353179e+02 9.308639e+02 9.426449e+02 9.357614e+02 9.306929e+02
47t 5.329850e+02 5.524949e+02 5.388243e+02 5.456646e+02 5.373775e+02
48t 1.059341e+03 9.436562e+02 9.715812e+02 9.506781e+02 9.503897e+02
49t 5.524164e+02 1.021267e+03 5.560303e+02 5.717509e+02 5.662021e+02
50t 1.172660e+03 9.279768e+02 1.004193e+03 1.000151e+03 9.811198e+02
              66           67           68           69           70
1t  1.558710e+00 2.544596e+00 3.189579e+00 1.719119e+00 1.607717e+00
2t  5.678035e+06 2.151625e+07 7.168078e+06 6.202659e+06 1.970117e+07
3t  2.479887e+06 4.204860e+06 5.411255e+06 2.838147e+06 2.563423e+06
4t  1.403001e+05 1.200720e+05 1.265003e+05 1.105967e+05 1.422035e+05
5t  5.175015e+01 8.370837e+00 1.076500e+01 1.675241e+01 1.965949e+01
6t  1.779580e+02 4.507380e+02 7.730768e+01 1.045573e+01 2.933828e+02
7t  8.646922e+03 4.314062e+03 2.922898e+03 1.222086e+04 4.520451e+03
8t  6.769896e+00 8.346144e+00 1.072151e+01 7.265905e+00 6.566620e+00
9t  3.836165e+02 2.696324e+02 1.929828e+02 3.203865e+02 2.661927e+02
10t 3.105227e+01 3.500126e+01 3.818203e+01 3.256681e+01 3.171801e+01
11t 3.579722e+02 2.108418e+02 1.191895e+02 3.302436e+02 2.798974e+02
12t 2.794741e+04 2.713245e+02 4.420926e+02 1.807585e+03 2.875195e+02
13t 2.038256e+01 2.192320e+00 2.509130e+00 1.987778e+01 1.745012e+00
14t 2.117386e+01 2.100047e+01 2.112854e+01 2.110544e+01 2.112054e+01
15t 2.179697e+02 4.797732e+02 4.338360e+02 2.329131e+03 8.071859e+02
16t 4.925966e+01 5.197371e+01 4.923521e+01 4.875280e+01 4.838235e+01
17t 4.881010e+02 1.747614e+00 1.168443e-01 7.217194e-02 1.124186e+00
18t 9.635815e-01 1.022456e+00 1.052003e+00 9.978089e-01 9.877320e-01
19t 1.283131e+03 3.943350e+02 3.970858e+02 5.688420e+02 4.243071e+02
20t 6.631761e+02 2.650640e+02 3.301082e+02 3.538178e+02 2.644486e+02
21t 3.448273e+04 2.728126e+04 3.207989e+04 3.002255e+04 2.822647e+04
22t 3.614059e+04 2.892065e+04 3.064435e+04 3.047329e+04 2.902707e+04
23t 6.093757e+01 4.299487e+01 4.381192e+01 4.587375e+01 4.869326e+01
24t 3.585256e+00 7.637687e-01 3.200387e+00 4.476841e-01 7.756865e-01
25t 6.005817e-01 6.883059e-01 5.020079e-01 5.671014e-01 5.706317e-01
26t 2.737552e-01 3.532787e-01 2.967220e-01 3.230670e-01 2.751283e-01
27t 4.841667e+01 7.451442e+01 8.834865e+01 1.230775e+02 9.441854e+01
28t 2.047367e+02 2.479144e+03 3.784314e+02 2.728264e+02 2.762522e+02
29t 4.872988e+02 2.927929e+02 2.682228e+02 3.543517e+02 3.178248e+02
30t 1.170813e+01 1.414983e+01 1.642839e+01 1.830881e+01 1.304748e+01
31t 1.212698e+02 1.740535e+02 1.787398e+02 2.509955e+02 1.649653e+02
32t 2.498605e+02 4.304733e+02 2.933279e+02 1.211965e+03 3.491352e+02
33t 1.276051e+02 1.108789e+02 1.062567e+02 1.021823e+02 1.029419e+02
34t 2.955078e+01 3.202632e+01 3.259151e+01 3.882379e+01 2.317782e+01
35t 1.335536e+04 1.235859e+04 1.252460e+04 1.287912e+04 1.247726e+04
36t 1.666539e+05 3.056968e+05 4.544759e+05 2.670562e+05 2.538322e+05
37t 6.513911e+01 5.754994e+01 6.123041e+01 5.843976e+01 5.978922e+01
38t 1.827294e+05 3.851688e+05 2.438924e+05 4.509766e+05 2.757949e+05
39t 5.435865e+00 6.738421e+00 5.894681e+00 5.742089e+00 5.323851e+00
40t 6.259049e+02 3.416291e+01 1.489534e+01 3.718687e+01 4.536423e+01
41t 4.508578e+02 4.532612e+02 4.580994e+02 6.565988e+02 4.499814e+02
42t 3.115782e+02 3.077140e+02 2.546580e+02 4.393352e+02 2.925692e+02
43t 3.391969e+02 3.266650e+02 3.053028e+02 5.357927e+02 3.254486e+02
44t 9.895651e+02 9.327701e+02 9.280775e+02 9.807090e+02 9.280302e+02
45t 9.552500e+02 9.208069e+02 9.251049e+02 9.307396e+02 9.340877e+02
46t 9.567444e+02 9.242665e+02 9.332443e+02 9.385284e+02 9.303280e+02
47t 5.678574e+02 1.026193e+03 6.146939e+02 5.633249e+02 5.543613e+02
48t 1.079259e+03 9.186367e+02 9.406351e+02 1.157613e+03 9.779294e+02
49t 5.713765e+02 1.016633e+03 6.377227e+02 1.016544e+03 1.023277e+03
50t 1.205967e+03 8.981326e+02 4.398527e+02 1.177820e+03 9.538504e+02
              71           72           73           74           75
1t  9.602951e-01 9.305377e-01 9.469517e-01 1.427852e+00 1.089706e+00
2t  7.914882e+06 7.809043e+06 1.350969e+07 8.392900e+06 1.487206e+07
3t  1.907419e+06 1.522992e+06 1.584477e+06 2.003968e+06 1.858157e+06
4t  1.214280e+05 1.349205e+05 1.699318e+05 1.646464e+05 1.391886e+05
5t  2.677679e+01 3.260040e+01 4.802564e+01 2.786399e+01 5.183623e+01
6t  4.197908e+01 1.237243e+01 2.406497e+02 3.342057e+02 6.803149e+01
7t  7.872815e+03 7.484911e+03 6.239360e+03 9.302485e+03 7.610585e+03
8t  5.945090e+00 5.278358e+00 4.961727e+00 6.696244e+00 5.437877e+00
9t  2.790404e+02 2.766884e+02 2.896459e+02 2.762594e+02 2.806324e+02
10t 2.639293e+01 2.411681e+01 2.576562e+01 2.920471e+01 2.708834e+01
11t 2.788292e+02 3.146074e+02 2.787552e+02 2.862540e+02 2.997186e+02
12t 7.387355e+03 1.094769e+04 1.656701e+04 1.215540e+04 1.866197e+04
13t 1.288206e+00 1.971586e+01 1.951898e+01 1.688377e+00 1.968249e+01
14t 2.097618e+01 2.114486e+01 2.106746e+01 2.117807e+01 2.097115e+01
15t 1.543596e+02 1.404737e+02 1.717246e+02 2.208398e+02 1.488079e+02
16t 4.891082e+01 4.905490e+01 4.884345e+01 4.790912e+01 4.607802e+01
17t 2.613403e+00 6.951277e-01 7.116212e+00 4.787249e-02 5.198035e+00
18t 9.375892e-01 8.505770e-01 8.813603e-01 9.680038e-01 8.886343e-01
19t 6.072977e+02 6.255489e+02 7.050134e+02 5.563705e+02 5.664478e+02
20t 3.982025e+02 3.878103e+02 3.332540e+02 4.445742e+02 3.870220e+02
21t 2.841014e+04 2.837781e+04 2.774436e+04 3.319721e+04 2.799432e+04
22t 2.789810e+04 2.882665e+04 2.775453e+04 3.397547e+04 2.894406e+04
23t 5.061686e+01 5.558927e+01 5.006176e+01 5.455250e+01 5.291315e+01
24t 8.851074e-01 9.061205e-01 1.042866e+00 3.913341e+00 1.016818e+00
25t 6.082749e-01 6.850576e-01 7.214787e-01 4.985685e-01 6.270778e-01
26t 3.373505e-01 3.570894e-01 2.715967e-01 2.680447e-01 3.355381e-01
27t 1.091191e+02 1.041687e+02 7.626109e+01 4.889050e+01 1.022703e+02
28t 2.075671e+02 2.431127e+02 2.365307e+02 2.502253e+02 2.419976e+02
29t 2.798303e+02 2.717213e+02 3.899526e+02 3.877218e+02 3.981773e+02
30t 9.906953e+00 1.010557e+01 9.952100e+00 1.226561e+01 9.878466e+00
31t 1.882658e+02 2.219307e+02 1.960126e+02 1.270572e+02 1.773845e+02
32t 4.426625e+02 5.931769e+02 2.325911e+02 2.958491e+02 2.703252e+02
33t 9.754299e+01 1.253696e+02 1.047760e+02 1.070690e+02 8.652775e+01
34t 2.332041e+01 2.984101e+01 2.434113e+01 2.609368e+01 2.413948e+01
35t 1.286962e+04 1.394885e+04 1.296638e+04 1.264229e+04 1.324471e+04
36t 1.704255e+05 1.745999e+05 1.369836e+05 2.254598e+05 1.894904e+05
37t 5.278290e+01 5.903022e+01 5.868627e+01 5.982798e+01 5.667938e+01
38t 3.503888e+05 3.468657e+05 2.226193e+05 1.768287e+05 2.352254e+05
39t 5.760220e+00 5.696784e+00 5.237635e+00 5.218464e+00 5.428585e+00
40t 6.830665e+01 9.284209e+01 1.434721e+02 9.407619e+01 1.004366e+02
41t 4.484121e+02 4.458360e+02 4.471948e+02 4.505030e+02 4.467681e+02
42t 3.689565e+02 3.502939e+02 3.913833e+02 3.075599e+02 4.273387e+02
43t 4.365855e+02 3.759524e+02 4.186430e+02 3.787283e+02 4.018883e+02
44t 9.911712e+02 9.343134e+02 9.313935e+02 9.322966e+02 9.868711e+02
45t 9.323389e+02 9.325487e+02 9.343039e+02 9.348880e+02 9.390895e+02
46t 9.394168e+02 9.340481e+02 9.347552e+02 9.413946e+02 9.470378e+02
47t 5.410347e+02 5.342334e+02 5.301466e+02 5.665691e+02 5.398448e+02
48t 9.768893e+02 1.074679e+03 1.013094e+03 9.884638e+02 1.001222e+03
49t 5.626496e+02 5.465796e+02 5.495544e+02 5.725562e+02 9.109231e+02
50t 9.854051e+02 1.222817e+03 1.072302e+03 1.202731e+03 9.713976e+02
              76           77           78           79           80
1t  1.658577e+00 1.313163e+00 1.850708e+00 8.451632e-01 1.302427e+00
2t  1.855150e+07 1.900576e+07 1.854818e+07 5.386895e+06 9.450295e+06
3t  2.006944e+06 2.094238e+06 3.051694e+06 1.212292e+06 2.026998e+06
4t  1.455095e+05 1.007744e+05 1.143907e+05 1.333497e+05 1.534804e+05
5t  7.402468e+00 4.796684e+01 1.130992e+01 4.227335e+01 4.622017e+01
6t  1.992638e+02 9.084040e+01 3.377178e+02 5.340147e+00 6.049170e+02
7t  4.953328e+03 6.419533e+03 3.351487e+03 1.478779e+04 7.825857e+03
8t  7.144360e+00 6.383382e+00 7.220680e+00 4.864266e+00 6.380703e+00
9t  2.833756e+02 2.704469e+02 2.638341e+02 3.247004e+02 3.126692e+02
10t 2.999411e+01 2.651182e+01 3.384912e+01 2.443384e+01 2.827642e+01
11t 2.711653e+02 3.080229e+02 2.428052e+02 3.058032e+02 3.060226e+02
12t 3.184682e+02 1.540665e+04 3.769118e+02 1.079251e+04 9.818064e+03
13t 1.806402e+00 1.522056e+00 1.785870e+00 1.957559e+01 1.572738e+00
14t 2.111594e+01 2.100672e+01 2.104740e+01 2.077559e+01 2.108857e+01
15t 2.199026e+02 1.875188e+02 4.074004e+02 1.514726e+02 2.517735e+02
16t 4.891857e+01 4.919931e+01 4.861608e+01 1.035289e+02 4.923328e+01
17t 2.763693e-01 3.766196e+00 5.522513e-01 2.404406e+00 6.492928e-02
18t 9.912922e-01 9.443670e-01 1.004402e+00 7.606322e-01 9.591333e-01
19t 4.192406e+02 4.924452e+02 4.715634e+02 1.040608e+03 7.697792e+02
20t 3.146915e+02 2.528850e+02 2.608283e+02 4.862434e+02 5.063748e+02
21t 2.662559e+04 2.846482e+04 2.737846e+04 2.902953e+04 3.121578e+04
22t 2.745057e+04 2.817690e+04 2.789571e+04 2.829407e+04 3.456627e+04
23t 5.106985e+01 5.390832e+01 4.607948e+01 5.524812e+01 5.430071e+01
24t 8.710317e-01 6.765517e-01 6.357367e-01 6.803421e-01 3.281296e+00
25t 5.419778e-01 6.899613e-01 3.934644e-01 6.342474e-01 6.135472e-01
26t 2.273716e-01 2.978186e-01 2.571626e-01 3.810261e-01 3.050922e-01
27t 9.095128e+01 8.912219e+01 5.178848e+01 1.026506e+02 7.680161e+01
28t 2.174322e+02 2.318929e+02 2.660587e+02 2.474213e+02 2.251957e+02
29t 2.630117e+02 3.903052e+02 3.426472e+02 3.798977e+02 4.038814e+02
30t 1.143194e+01 1.021717e+01 1.390184e+01 2.622957e+01 1.315519e+01
31t 1.755887e+02 1.763070e+02 1.465474e+02 2.500326e+02 1.670049e+02
32t 3.538556e+02 2.660214e+02 3.048918e+02 3.582723e+02 2.965374e+02
33t 8.585073e+01 1.132062e+02 9.441867e+01 1.269065e+02 1.158786e+02
34t 2.401277e+01 2.383137e+01 2.733013e+01 2.472861e+01 2.610151e+01
35t 1.248438e+04 1.305748e+04 1.241007e+04 1.477155e+04 1.277296e+04
36t 2.506761e+05 2.200823e+05 2.401254e+05 1.514537e+05 2.180718e+05
37t 5.973365e+01 5.642678e+01 6.093884e+01 5.179058e+01 6.215601e+01
38t 3.977481e+05 2.140148e+05 1.949896e+05 2.870447e+05 2.164359e+05
39t 5.806092e+00 5.999786e+00 6.042563e+00 4.971940e+00 5.748891e+00
40t 4.057671e+01 6.179402e+01 4.751196e+01 1.480202e+02 1.952238e+02
41t 4.492089e+02 4.488693e+02 4.514788e+02 5.478747e+02 4.494922e+02
42t 2.986375e+02 2.718364e+02 2.887360e+02 4.602382e+02 3.598300e+02
43t 3.343433e+02 4.381886e+02 3.277808e+02 4.299894e+02 3.967287e+02
44t 9.223452e+02 9.319060e+02 9.282808e+02 1.003725e+03 9.574758e+02
45t 9.296255e+02 9.376902e+02 9.308310e+02 1.038206e+03 9.437439e+02
46t 9.263133e+02 9.362697e+02 9.287773e+02 9.866286e+02 9.295039e+02
47t 5.523375e+02 1.030117e+03 1.022227e+03 5.286110e+02 5.512979e+02
48t 9.779220e+02 1.013419e+03 9.476614e+02 1.235777e+03 1.073516e+03
49t 1.023154e+03 1.026510e+03 1.025626e+03 9.063940e+02 5.676273e+02
50t 9.492595e+02 9.985955e+02 8.991931e+02 1.330117e+03 1.246770e+03
# 2025-12-18 09:58:41 -03: Finished testing
