# 2025-09-19 03:02:12 -03: Reading parameter file '/home/dianag/PruebasPablo/irace-test-executions/ACOTSP-withRanking/Scenarios-2/BH-90/Runs/BH-90_seed_600083/parameters.txt'.
# 2025-09-19 03:02:12 -03: 1 expression(s) specifying forbidden configurations read.
# 2025-09-19 03:02:12 -03: Initialization
# Elitist race
# Elitist new instances: 1
# Elitist limit: 2
# nbIterations: 5
# minNbSurvival: 5
# nbParameters: 11
# seed: 600083
# confidence level: 0.95
# budget: 5500
# mu: 5
# deterministic: FALSE

# 2025-09-19 03:02:12 -03: Iteration 1 of 5
# experimentsUsed: 0
# remainingBudget: 5500
# currentBudget: 1100
# nbConfigurations: 90
# Markers:
     x No test is performed.
     c Configurations are discarded only due to capping.
     - The test is performed and some configurations are discarded.
     = The test is performed but no configuration is discarded.
     ! The test is performed and configurations could be discarded but elite configurations are preserved.
     . All alive configurations are elite and nothing is discarded.

+-+-----------+-----------+-----------+----------------+-----------+--------+-----+----+------+
| |   Instance|      Alive|       Best|       Mean best| Exp so far|  W time|  rho|KenW|  Qvar|
+-+-----------+-----------+-----------+----------------+-----------+--------+-----+----+------+
|x|          1|         90|          4|     32570736.00|         90|00:01:57|   NA|  NA|    NA|
|x|          2|         90|          4|     32837471.00|        180|00:01:56|+0.96|0.98|0.0008|
|x|          3|         90|          4|     32818413.67|        270|00:01:55|+0.97|0.98|0.0012|
|x|          4|         90|          4|     32790629.25|        360|00:01:57|+0.98|0.98|0.0011|
|-|          5|          6|          4|     32712387.40|        450|00:01:53|+0.17|0.34|0.5806|
|-|          6|          4|          4|     32674390.83|        456|00:00:17|-0.11|0.08|0.7308|
+-+-----------+-----------+-----------+----------------+-----------+--------+-----+----+------+
Best-so-far configuration:           4    mean value:      32674390.83
Description of the best-so-far configuration:
  .ID. algorithm localsearch alpha beta  rho ants   q0 rasrank elitistants nnls
4    4       acs           3  2.42 6.24 0.36   35 0.65      NA          NA   42
  dlb .PARENT.
4   1       NA

# 2025-09-19 03:12:09 -03: Elite configurations (first number is the configuration ID; listed from best to worst according to the sum of ranks):
   algorithm localsearch alpha beta  rho ants   q0 rasrank elitistants nnls dlb
4        acs           3  2.42 6.24 0.36   35 0.65      NA          NA   42   1
64      mmas           2  0.93 7.02 0.87   39   NA      NA          NA   39   1
36       acs           3  3.59 7.33 0.22   30 0.88      NA          NA   49   1
53      mmas           3  4.37 7.64 0.31    9   NA      NA          NA   47   0
# 2025-09-19 03:12:09 -03: Iteration 2 of 5
# experimentsUsed: 456
# remainingBudget: 5044
# currentBudget: 1261
# nbConfigurations: 90
# Markers:
     x No test is performed.
     c Configurations are discarded only due to capping.
     - The test is performed and some configurations are discarded.
     = The test is performed but no configuration is discarded.
     ! The test is performed and configurations could be discarded but elite configurations are preserved.
     . All alive configurations are elite and nothing is discarded.

+-+-----------+-----------+-----------+----------------+-----------+--------+-----+----+------+
| |   Instance|      Alive|       Best|       Mean best| Exp so far|  W time|  rho|KenW|  Qvar|
+-+-----------+-----------+-----------+----------------+-----------+--------+-----+----+------+
|x|          7|         90|        132|     32567223.00|         90|00:02:10|   NA|  NA|    NA|
|x|          3|         90|          4|     32675196.00|        176|00:02:12|+0.94|0.97|0.0024|
|x|          5|         90|        126|     32575496.67|        262|00:02:08|+0.94|0.96|0.0023|
|x|          1|         90|        126|     32560767.50|        348|00:02:16|+0.95|0.96|0.0025|
|-|          6|         11|        126|     32546402.40|        434|00:02:05|+0.08|0.27|0.8185|
|=|          2|         11|        126|     32625958.83|        441|00:00:10|+0.11|0.26|0.7743|
|=|          4|         11|        126|     32640967.57|        448|00:00:10|+0.07|0.20|0.8264|
|-|          8|          4|        126|     32658683.25|        459|00:00:20|+0.18|0.28|0.6350|
+-+-----------+-----------+-----------+----------------+-----------+--------+-----+----+------+
Best-so-far configuration:         126    mean value:      32658683.25
Description of the best-so-far configuration:
    .ID. algorithm localsearch alpha beta  rho ants   q0 rasrank elitistants
126  126       acs           3  1.94 4.61 0.35   32 0.33      NA          NA
    nnls dlb .PARENT.
126   32   1        4

# 2025-09-19 03:23:44 -03: Elite configurations (first number is the configuration ID; listed from best to worst according to the sum of ranks):
    algorithm localsearch alpha beta  rho ants   q0 rasrank elitistants nnls
126       acs           3  1.94 4.61 0.35   32 0.33      NA          NA   32
4         acs           3  2.42 6.24 0.36   35 0.65      NA          NA   42
104       acs           3  2.81 9.30 0.65   14 0.65      NA          NA   37
128       acs           3  4.05 6.52 0.20   41 0.36      NA          NA   42
    dlb
126   1
4     1
104   1
128   1
# 2025-09-19 03:23:44 -03: Iteration 3 of 5
# experimentsUsed: 915
# remainingBudget: 4585
# currentBudget: 1528
# nbConfigurations: 90
# Markers:
     x No test is performed.
     c Configurations are discarded only due to capping.
     - The test is performed and some configurations are discarded.
     = The test is performed but no configuration is discarded.
     ! The test is performed and configurations could be discarded but elite configurations are preserved.
     . All alive configurations are elite and nothing is discarded.

+-+-----------+-----------+-----------+----------------+-----------+--------+-----+----+------+
| |   Instance|      Alive|       Best|       Mean best| Exp so far|  W time|  rho|KenW|  Qvar|
+-+-----------+-----------+-----------+----------------+-----------+--------+-----+----+------+
|x|          9|         90|        254|     32806906.00|         90|00:02:33|   NA|  NA|    NA|
|x|          6|         90|        104|     32626611.00|        176|00:02:25|+0.96|0.98|0.0034|
|x|          2|         90|        177|     32769926.67|        262|00:02:25|+0.96|0.97|0.0040|
|x|          8|         90|        177|     32756547.75|        348|00:02:25|+0.96|0.97|0.0035|
|-|          5|         11|        177|     32683719.80|        434|00:02:23|-0.07|0.15|0.9783|
|=|          1|         11|        177|     32654056.33|        441|00:00:17|-0.03|0.14|0.9152|
|=|          4|         11|        177|     32670152.00|        448|00:00:17|-0.04|0.11|0.9229|
|=|          7|         11|        177|     32654287.38|        455|00:00:17|-0.01|0.12|0.8959|
|=|          3|         11|        177|     32668150.56|        462|00:00:18|+0.01|0.12|0.8878|
|=|         10|         11|        177|     32654826.50|        473|00:00:20|-0.01|0.09|0.9027|
+-+-----------+-----------+-----------+----------------+-----------+--------+-----+----+------+
Best-so-far configuration:         177    mean value:      32654826.50
Description of the best-so-far configuration:
    .ID. algorithm localsearch alpha beta  rho ants   q0 rasrank elitistants
177  177       acs           3  3.25 4.07 0.53   23 0.41      NA          NA
    nnls dlb .PARENT.
177   32   1      126

# 2025-09-19 03:37:30 -03: Elite configurations (first number is the configuration ID; listed from best to worst according to the sum of ranks):
    algorithm localsearch alpha beta  rho ants   q0 rasrank elitistants nnls
177       acs           3  3.25 4.07 0.53   23 0.41      NA          NA   32
254       acs           3  2.17 9.90 0.51    6 0.53      NA          NA   27
126       acs           3  1.94 4.61 0.35   32 0.33      NA          NA   32
4         acs           3  2.42 6.24 0.36   35 0.65      NA          NA   42
204       acs           3  2.26 6.76 0.43   32 0.68      NA          NA   36
    dlb
177   1
254   1
126   1
4     1
204   1
# 2025-09-19 03:37:30 -03: Iteration 4 of 5
# experimentsUsed: 1388
# remainingBudget: 4112
# currentBudget: 2056
# nbConfigurations: 90
# Markers:
     x No test is performed.
     c Configurations are discarded only due to capping.
     - The test is performed and some configurations are discarded.
     = The test is performed but no configuration is discarded.
     ! The test is performed and configurations could be discarded but elite configurations are preserved.
     . All alive configurations are elite and nothing is discarded.

+-+-----------+-----------+-----------+----------------+-----------+--------+-----+----+------+
| |   Instance|      Alive|       Best|       Mean best| Exp so far|  W time|  rho|KenW|  Qvar|
+-+-----------+-----------+-----------+----------------+-----------+--------+-----+----+------+
|x|         11|         90|        340|     32397586.00|         90|00:01:43|   NA|  NA|    NA|
|x|          9|         90|        276|     32620233.00|        175|00:01:37|+0.76|0.88|0.0073|
|x|          7|         90|        340|     32567892.67|        260|00:01:35|+0.78|0.86|0.0067|
|x|          4|         90|        340|     32594112.25|        345|00:01:36|+0.77|0.83|0.0131|
|-|          3|         19|        341|     32641815.40|        430|00:01:37|+0.06|0.25|0.9413|
|-|         10|         14|        341|     32608969.67|        444|00:00:20|+0.18|0.32|0.7872|
|=|          2|         14|        341|     32668198.71|        453|00:00:10|+0.10|0.23|0.8442|
|=|          1|         14|        309|     32646130.12|        462|00:00:10|+0.07|0.18|0.8739|
|=|          8|         14|        309|     32657880.22|        471|00:00:10|+0.06|0.17|0.8813|
|=|          6|         14|        309|     32640887.00|        480|00:00:10|+0.05|0.15|0.8905|
|=|          5|         14|        309|     32613425.45|        489|00:00:10|+0.05|0.13|0.8985|
|-|         12|          6|        309|     32572428.25|        503|00:00:20|-0.04|0.05|0.8432|
|=|         13|          6|        309|     32567449.85|        509|00:00:10|-0.01|0.07|0.8200|
|=|         14|          6|        309|     32542623.43|        515|00:00:10|-0.00|0.07|0.8125|
+-+-----------+-----------+-----------+----------------+-----------+--------+-----+----+------+
Best-so-far configuration:         309    mean value:      32542623.43
Description of the best-so-far configuration:
    .ID. algorithm localsearch alpha beta  rho ants   q0 rasrank elitistants
309  309       acs           3  1.99 9.11 0.46    9 0.44      NA          NA
    nnls dlb .PARENT.
309   15   1      254

# 2025-09-19 03:47:36 -03: Elite configurations (first number is the configuration ID; listed from best to worst according to the sum of ranks):
    algorithm localsearch alpha beta  rho ants   q0 rasrank elitistants nnls
309       acs           3  1.99 9.11 0.46    9 0.44      NA          NA   15
341       acs           3  1.98 9.42 0.29   12 0.28      NA          NA   13
320       acs           3  2.42 4.57 0.59   47 0.50      NA          NA   27
340       acs           3  2.02 9.84 0.52   14 0.44      NA          NA   21
322       acs           3  2.28 3.96 0.35   52 0.52      NA          NA   26
    dlb
309   1
341   1
320   1
340   1
322   1
# 2025-09-19 03:47:36 -03: Iteration 5 of 5
# experimentsUsed: 1903
# remainingBudget: 3597
# currentBudget: 3597
# nbConfigurations: 90
# Markers:
     x No test is performed.
     c Configurations are discarded only due to capping.
     - The test is performed and some configurations are discarded.
     = The test is performed but no configuration is discarded.
     ! The test is performed and configurations could be discarded but elite configurations are preserved.
     . All alive configurations are elite and nothing is discarded.

+-+-----------+-----------+-----------+----------------+-----------+--------+-----+----+------+
| |   Instance|      Alive|       Best|       Mean best| Exp so far|  W time|  rho|KenW|  Qvar|
+-+-----------+-----------+-----------+----------------+-----------+--------+-----+----+------+
|x|         15|         90|        423|     32704913.00|         90|00:01:40|   NA|  NA|    NA|
|x|         14|         90|        423|     32456509.50|        175|00:01:33|+0.70|0.85|0.0025|
|x|          4|         90|        423|     32527230.00|        260|00:01:33|+0.66|0.77|0.0063|
|x|          1|         90|        423|     32517430.50|        345|00:01:33|+0.66|0.75|0.0048|
|-|          2|         23|        423|     32613168.20|        430|00:01:33|+0.07|0.26|0.8906|
|=|         11|         23|        423|     32580296.17|        448|00:00:20|+0.05|0.21|0.8688|
|=|          7|         23|        423|     32571706.29|        466|00:00:20|+0.08|0.21|0.8697|
|=|         10|         23|        423|     32560025.00|        484|00:00:21|+0.02|0.14|0.9214|
|=|          5|         23|        359|     32547122.67|        502|00:00:20|+0.01|0.12|0.9328|
|=|         12|         23|        309|     32502936.60|        520|00:00:20|+0.03|0.13|0.9145|
|=|         13|         23|        309|     32503370.45|        538|00:00:20|+0.05|0.13|0.8919|
|-|          6|         16|        309|     32502085.25|        556|00:00:20|+0.01|0.09|0.9169|
|=|          3|         16|        359|     32523654.38|        567|00:00:20|+0.01|0.09|0.9139|
|=|          9|         16|        359|     32540981.71|        578|00:00:20|-0.00|0.07|0.9192|
|=|          8|         16|        359|     32557264.47|        589|00:00:20|-0.01|0.06|0.9313|
|=|         16|         16|        359|     32557356.94|        605|00:00:20|-0.00|0.06|0.9252|
+-+-----------+-----------+-----------+----------------+-----------+--------+-----+----+------+
Best-so-far configuration:         359    mean value:      32557356.94
Description of the best-so-far configuration:
    .ID. algorithm localsearch alpha beta  rho ants   q0 rasrank elitistants
359  359       acs           3  1.44 8.27 0.31   14 0.55      NA          NA
    nnls dlb .PARENT.
359   13   1      309

# 2025-09-19 03:59:20 -03: Elite configurations (first number is the configuration ID; listed from best to worst according to the sum of ranks):
    algorithm localsearch alpha beta  rho ants   q0 rasrank elitistants nnls
359       acs           3  1.44 8.27 0.31   14 0.55      NA          NA   13
309       acs           3  1.99 9.11 0.46    9 0.44      NA          NA   15
393       acs           3  1.84 8.52 0.58   17 0.30      NA          NA   17
423       acs           3  2.99 5.39 0.50   49 0.46      NA          NA   20
360       acs           3  2.69 9.92 0.53   27 0.46      NA          NA   19
    dlb
359   1
309   1
393   1
423   1
360   1
# 2025-09-19 03:59:20 -03: Iteration 6 of 6
# experimentsUsed: 2508
# remainingBudget: 2992
# currentBudget: 2992
# nbConfigurations: 90
# Markers:
     x No test is performed.
     c Configurations are discarded only due to capping.
     - The test is performed and some configurations are discarded.
     = The test is performed but no configuration is discarded.
     ! The test is performed and configurations could be discarded but elite configurations are preserved.
     . All alive configurations are elite and nothing is discarded.

+-+-----------+-----------+-----------+----------------+-----------+--------+-----+----+------+
| |   Instance|      Alive|       Best|       Mean best| Exp so far|  W time|  rho|KenW|  Qvar|
+-+-----------+-----------+-----------+----------------+-----------+--------+-----+----+------+
|x|         17|         90|        508|     32640204.00|         90|00:01:33|   NA|  NA|    NA|
|x|          7|         90|        505|     32558137.50|        175|00:01:33|+0.12|0.56|0.2638|
|x|          1|         90|        360|     32546225.00|        260|00:01:33|+0.21|0.47|0.2368|
|x|          4|         90|        360|     32575833.75|        345|00:01:33|+0.24|0.43|0.2317|
|-|         15|         33|        360|     32608882.00|        430|00:01:33|-0.11|0.11|1.1051|
|=|          5|         33|        443|     32559006.33|        458|00:00:31|-0.07|0.11|1.0502|
|=|          2|         33|        443|     32621239.00|        486|00:00:31|-0.04|0.11|1.0244|
|=|         14|         33|        443|     32573437.00|        514|00:00:31|-0.04|0.09|1.0087|
|=|         11|         33|        443|     32558958.22|        542|00:00:31|-0.01|0.10|0.9887|
|=|         16|         33|        511|     32558332.60|        570|00:00:31|+0.00|0.10|0.9730|
|=|          3|         33|        443|     32570874.64|        598|00:00:31|+0.00|0.10|0.9574|
|=|          8|         33|        443|     32586045.75|        626|00:00:31|+0.02|0.10|0.9496|
|=|         13|         33|        443|     32584018.46|        654|00:00:31|+0.02|0.09|0.9538|
|=|          9|         33|        443|     32600735.71|        682|00:00:31|+0.03|0.10|0.9425|
|=|         12|         33|        443|     32572546.33|        710|00:00:31|+0.03|0.10|0.9343|
|-|          6|         20|        505|     32559149.44|        738|00:00:31|-0.03|0.04|0.9698|
|=|         10|         20|        505|     32549746.12|        753|00:00:20|-0.02|0.04|0.9633|
|=|         18|         20|        443|     32545784.17|        773|00:00:21|-0.02|0.03|0.9700|
+-+-----------+-----------+-----------+----------------+-----------+--------+-----+----+------+
Best-so-far configuration:         443    mean value:      32545784.17
Description of the best-so-far configuration:
    .ID. algorithm localsearch alpha beta  rho ants   q0 rasrank elitistants
443  443       acs           3  2.31  6.5 0.61   53 0.41      NA          NA
    nnls dlb .PARENT.
443   23   1      423

# 2025-09-19 04:13:37 -03: Elite configurations (first number is the configuration ID; listed from best to worst according to the sum of ranks):
    algorithm localsearch alpha beta  rho ants   q0 rasrank elitistants nnls
443       acs           3  2.31 6.50 0.61   53 0.41      NA          NA   23
505       acs           3  1.55 8.38 0.37   20 0.67      NA          NA   13
511       acs           3  1.62 7.79 0.40   15 0.53      NA          NA   14
517       acs           3  3.03 6.04 0.46   57 0.45      NA          NA   20
309       acs           3  1.99 9.11 0.46    9 0.44      NA          NA   15
    dlb
443   1
505   1
511   1
517   1
309   1
# 2025-09-19 04:13:37 -03: Iteration 7 of 7
# experimentsUsed: 3281
# remainingBudget: 2219
# currentBudget: 2219
# nbConfigurations: 90
# Markers:
     x No test is performed.
     c Configurations are discarded only due to capping.
     - The test is performed and some configurations are discarded.
     = The test is performed but no configuration is discarded.
     ! The test is performed and configurations could be discarded but elite configurations are preserved.
     . All alive configurations are elite and nothing is discarded.

+-+-----------+-----------+-----------+----------------+-----------+--------+-----+----+------+
| |   Instance|      Alive|       Best|       Mean best| Exp so far|  W time|  rho|KenW|  Qvar|
+-+-----------+-----------+-----------+----------------+-----------+--------+-----+----+------+
|x|         19|         90|        572|     32763520.00|         90|00:01:33|   NA|  NA|    NA|
|x|         14|         90|        576|     32483487.00|        175|00:01:33|+0.37|0.68|0.4058|
|x|          6|         90|        576|     32469289.00|        260|00:01:33|+0.26|0.51|0.5201|
|x|          5|         90|        576|     32428153.50|        345|00:01:33|+0.27|0.46|0.5200|
|-|         16|         47|        511|     32458503.80|        430|00:01:33|-0.09|0.13|1.0761|
|=|          2|         47|        576|     32554642.17|        472|00:00:51|-0.03|0.14|1.0305|
|=|          3|         47|        576|     32579840.71|        514|00:00:52|-0.02|0.12|1.0185|
|=|         10|         47|        573|     32549726.50|        556|00:00:52|+0.01|0.13|0.9872|
|=|          7|         47|        573|     32541913.44|        598|00:00:52|+0.03|0.14|0.9612|
|-|          8|         25|        573|     32554290.30|        640|00:00:51|-0.04|0.06|1.0073|
|=|         11|         25|        573|     32552999.09|        660|00:00:21|-0.03|0.06|0.9963|
|=|          1|         25|        573|     32548434.92|        680|00:00:20|-0.04|0.05|1.0012|
|=|          4|         25|        573|     32560490.77|        700|00:00:20|-0.03|0.05|0.9944|
|=|         12|         25|        573|     32532207.14|        720|00:00:21|-0.03|0.04|0.9958|
|=|         15|         25|        573|     32548613.00|        740|00:00:21|-0.03|0.04|0.9933|
|=|          9|         25|        573|     32561928.69|        760|00:00:20|-0.03|0.03|0.9872|
|=|         17|         25|        505|     32566678.24|        780|00:00:20|-0.03|0.03|0.9860|
|=|         13|         25|        505|     32567622.11|        800|00:00:20|-0.03|0.03|0.9869|
|=|         18|         25|        573|     32555966.47|        820|00:00:20|-0.02|0.03|0.9870|
|=|         20|         25|        573|     32549456.15|        845|00:00:31|-0.02|0.04|0.9798|
+-+-----------+-----------+-----------+----------------+-----------+--------+-----+----+------+
Best-so-far configuration:         573    mean value:      32549456.15
Description of the best-so-far configuration:
    .ID. algorithm localsearch alpha beta  rho ants   q0 rasrank elitistants
573  573       acs           3  3.08 6.83 0.51   58 0.49      NA          NA
    nnls dlb .PARENT.
573   18   1      517

# 2025-09-19 04:29:25 -03: Elite configurations (first number is the configuration ID; listed from best to worst according to the sum of ranks):
    algorithm localsearch alpha beta  rho ants   q0 rasrank elitistants nnls
573       acs           3  3.08 6.83 0.51   58 0.49      NA          NA   18
576       acs           3  3.03 5.66 0.47   57 0.44      NA          NA   18
505       acs           3  1.55 8.38 0.37   20 0.67      NA          NA   13
591       acs           3  1.72 8.54 0.41   25 0.69      NA          NA   14
602       acs           3  3.10 5.48 0.44   56 0.44      NA          NA   19
    dlb
573   1
576   1
505   1
591   1
602   1
# 2025-09-19 04:29:25 -03: Stopped because there is not enough budget to enforce the value of nbConfigurations.
# Iteration: 8
# nbIterations: 8
# experimentsUsed: 4126
# timeUsed: 0
# remainingBudget: 1374
# currentBudget: 1374
# number of elites: 5
# nbConfigurations: 70
# Total CPU user time: 46596.88, CPU sys time: 345.406, Wall-clock time: 5233.244
# 2025-09-19 04:29:25 -03: Starting post-selection:
# Configurations selected: 573, 576, 505, 591, 602, 443, 511, 517, 309, 359, 393, 423, 360, 341, 320, 340.
# Pending instances: 1, 1, 1, 1, 1, 1, 1, 1, 1, 3, 3, 3, 3, 5, 5, 5.
# 2025-09-19 04:29:26 -03: seed: 600083
# Configurations: 16
# Available experiments: 1374
# minSurvival: 1
# Markers:
     x No test is performed.
     c Configurations are discarded only due to capping.
     - The test is performed and some configurations are discarded.
     = The test is performed but no configuration is discarded.
     ! The test is performed and configurations could be discarded but elite configurations are preserved.
     . All alive configurations are elite and nothing is discarded.

+-+-----------+-----------+-----------+----------------+-----------+--------+-----+----+------+
| |   Instance|      Alive|       Best|       Mean best| Exp so far|  W time|  rho|KenW|  Qvar|
+-+-----------+-----------+-----------+----------------+-----------+--------+-----+----+------+
|.|         14|         16|        576|     32192648.00|          0|00:00:00|   NA|  NA|    NA|
|.|          4|         16|        576|     32398982.50|          0|00:00:00|+0.07|0.54|0.8022|
|.|          9|         16|        576|     32532942.33|          0|00:00:00|-0.12|0.25|1.0212|
|x|         18|         16|        576|     32479673.75|          3|00:00:10|-0.02|0.23|0.9970|
|.|         16|         16|        576|     32508821.80|          3|00:00:00|-0.01|0.19|0.9730|
|.|         12|         16|        576|     32458464.83|          3|00:00:00|+0.03|0.19|0.9247|
|x|         19|         16|        602|     32490192.57|         10|00:00:10|-0.00|0.14|0.9528|
|.|          8|         16|        602|     32512962.62|         10|00:00:00|+0.05|0.17|0.9033|
|.|         15|         16|        602|     32546822.22|         10|00:00:00|-0.01|0.10|0.9619|
|.|         10|         16|        602|     32537884.80|         10|00:00:00|-0.01|0.09|0.9425|
|.|          5|         16|        602|     32521642.64|         10|00:00:00|+0.01|0.10|0.9202|
|.|          7|         16|        602|     32523900.83|         10|00:00:00|+0.03|0.11|0.9024|
|.|          1|         16|        602|     32528772.46|         10|00:00:00|+0.02|0.09|0.9128|
|.|          2|         16|        602|     32558741.21|         10|00:00:00|+0.01|0.08|0.9126|
|.|         13|         16|        602|     32553786.13|         10|00:00:00|+0.02|0.09|0.9062|
|.|          6|         16|        602|     32551671.75|         10|00:00:00|+0.03|0.09|0.8994|
|x|         20|         16|        573|     32527663.82|         17|00:00:10|+0.04|0.10|0.8883|
|x|         17|         16|        573|     32540728.72|         20|00:00:10|+0.04|0.09|0.8978|
|.|          3|         16|        573|     32549949.26|         20|00:00:00|+0.04|0.09|0.8905|
|.|         11|         16|        573|     32549456.15|         20|00:00:00|+0.02|0.07|0.9080|
|-|         21|         11|        573|     32548466.14|         36|00:00:20|-0.00|0.04|0.9099|
|=|         22|         11|        573|     32556264.36|         47|00:00:20|-0.01|0.04|0.9152|
|=|         23|         11|        602|     32566469.70|         58|00:00:20|-0.00|0.04|0.9127|
|=|         24|         11|        602|     32561720.21|         69|00:00:20|+0.01|0.05|0.9069|
|=|         25|         11|        602|     32564802.12|         80|00:00:20|+0.00|0.04|0.9071|
|=|         26|         11|        602|     32554773.58|         91|00:00:20|+0.01|0.05|0.8989|
|=|         27|         11|        602|     32556660.44|        102|00:00:21|+0.01|0.05|0.8980|
|=|         28|         11|        602|     32565796.46|        113|00:00:20|+0.02|0.05|0.8974|
|-|         29|          9|        602|     32563707.59|        124|00:00:20|+0.01|0.05|0.8889|
|=|         30|          9|        602|     32561717.37|        133|00:00:10|+0.02|0.06|0.8803|
|=|         31|          9|        602|     32569988.65|        142|00:00:10|+0.02|0.05|0.8863|
|=|         32|          9|        602|     32569198.47|        151|00:00:10|+0.02|0.05|0.8798|
|-|         33|          5|        602|     32568157.27|        160|00:00:10|+0.01|0.04|0.8014|
|=|         34|          5|        602|     32557327.94|        165|00:00:10|+0.01|0.03|0.8040|
|=|         35|          5|        602|     32560915.29|        170|00:00:10|-0.00|0.02|0.8108|
|=|         36|          5|        602|     32550535.36|        175|00:00:10|+0.00|0.03|0.8067|
|=|         37|          5|        602|     32560798.41|        180|00:00:10|-0.00|0.02|0.8098|
|=|         38|          5|        602|     32553451.29|        185|00:00:10|+0.00|0.03|0.8056|
|=|         39|          5|        602|     32561640.05|        190|00:00:10|+0.01|0.03|0.8015|
|=|         40|          5|        602|     32554554.10|        195|00:00:10|+0.01|0.03|0.8024|
|=|         41|          5|        602|     32550399.29|        200|00:00:10|+0.00|0.03|0.8006|
|=|         42|          5|        602|     32551082.79|        205|00:00:10|+0.00|0.03|0.8018|
|=|         43|          5|        602|     32552033.86|        210|00:00:10|+0.00|0.02|0.7982|
|=|         44|          5|        602|     32542480.27|        215|00:00:10|-0.00|0.02|0.8013|
|=|         45|          5|        602|     32538991.80|        220|00:00:10|+0.00|0.02|0.7967|
|=|         46|          5|        602|     32544328.91|        225|00:00:10|+0.00|0.02|0.7948|
|=|         47|          5|        602|     32546041.60|        230|00:00:10|+0.01|0.03|0.7899|
|=|         48|          5|        602|     32553582.79|        235|00:00:10|+0.00|0.02|0.7944|
|=|         49|          5|        602|     32555695.96|        240|00:00:10|+0.01|0.03|0.7945|
|=|         50|          5|        602|     32552513.82|        245|00:00:10|+0.01|0.03|0.7942|
|=|         51|          5|        602|     32546933.67|        250|00:00:10|+0.01|0.03|0.7957|
|=|         52|          5|        602|     32546395.33|        255|00:00:10|+0.01|0.03|0.7920|
|=|         53|          5|        602|     32553411.51|        260|00:00:10|+0.01|0.03|0.7916|
|=|         54|          5|        602|     32555469.35|        265|00:00:10|+0.01|0.03|0.7910|
|=|         55|          5|        602|     32566875.20|        270|00:00:10|+0.01|0.03|0.7924|
|=|         56|          5|        602|     32573872.25|        275|00:00:10|+0.01|0.03|0.7926|
|=|         57|          5|        602|     32570745.44|        280|00:00:10|+0.01|0.03|0.7926|
|=|         58|          5|        602|     32569367.07|        285|00:00:10|+0.01|0.02|0.7920|
|=|         59|          5|        602|     32568939.49|        290|00:00:10|+0.00|0.02|0.7955|
|=|         60|          5|        602|     32571179.38|        295|00:00:10|+0.00|0.02|0.7975|
|=|         61|          5|        602|     32572587.10|        300|00:00:10|+0.00|0.02|0.7974|
|=|         62|          5|        602|     32575557.24|        305|00:00:10|-0.00|0.02|0.7979|
|=|         63|          5|        602|     32578251.24|        310|00:00:10|+0.00|0.02|0.7960|
|=|         64|          5|        602|     32577509.11|        315|00:00:10|+0.00|0.02|0.7931|
|=|         65|          5|        602|     32576203.34|        320|00:00:10|+0.00|0.02|0.7928|
|=|         66|          5|        602|     32576246.76|        325|00:00:10|+0.00|0.02|0.7940|
|=|         67|          5|        602|     32579492.21|        330|00:00:10|+0.00|0.02|0.7938|
|=|         68|          5|        602|     32583644.76|        335|00:00:10|+0.00|0.02|0.7930|
|=|         69|          5|        602|     32585704.22|        340|00:00:10|+0.00|0.02|0.7934|
|=|         70|          5|        602|     32584384.59|        345|00:00:10|+0.01|0.02|0.7914|
|=|         71|          5|        602|     32583211.17|        350|00:00:10|+0.00|0.02|0.7940|
|=|         72|          5|        602|     32586149.88|        355|00:00:10|+0.01|0.02|0.7909|
|=|         73|          5|        602|     32584998.37|        360|00:00:10|+0.00|0.02|0.7918|
|=|         74|          5|        602|     32587908.68|        365|00:00:10|+0.00|0.02|0.7929|
|=|         75|          5|        602|     32585409.35|        370|00:00:10|+0.01|0.02|0.7908|
|=|         76|          5|        602|     32583987.91|        375|00:00:10|+0.01|0.02|0.7890|
|=|         77|          5|        602|     32585063.77|        380|00:00:10|+0.01|0.02|0.7883|
|=|         78|          5|        602|     32584221.79|        385|00:00:10|+0.01|0.02|0.7896|
|=|         79|          5|        602|     32581379.49|        390|00:00:10|+0.01|0.02|0.7892|
|=|         80|          5|        602|     32578857.43|        395|00:00:10|+0.01|0.02|0.7893|
|=|         81|          5|        602|     32581807.23|        400|00:00:10|+0.01|0.02|0.7869|
|=|         82|          5|        602|     32584243.74|        405|00:00:10|+0.01|0.03|0.7843|
|=|         83|          5|        602|     32582647.60|        410|00:00:10|+0.01|0.02|0.7851|
|=|         84|          5|        602|     32582485.35|        415|00:00:10|+0.01|0.03|0.7839|
|=|         85|          5|        602|     32584764.88|        420|00:00:10|+0.01|0.03|0.7835|
|=|         86|          5|        602|     32584205.66|        425|00:00:10|+0.01|0.02|0.7865|
|=|         87|          5|        602|     32585338.29|        430|00:00:10|+0.01|0.02|0.7864|
|=|         88|          5|        602|     32588088.51|        435|00:00:10|+0.01|0.02|0.7860|
|=|         89|          5|        602|     32588592.26|        440|00:00:10|+0.01|0.02|0.7877|
|=|         90|          5|        602|     32585469.96|        445|00:00:10|+0.01|0.02|0.7873|
|=|         91|          5|        602|     32583645.69|        450|00:00:10|+0.01|0.02|0.7887|
|=|         92|          5|        602|     32582454.72|        455|00:00:10|+0.01|0.02|0.7872|
|=|         93|          5|        602|     32581572.26|        460|00:00:10|+0.01|0.02|0.7872|
|=|         94|          5|        573|     32577404.52|        465|00:00:10|+0.01|0.02|0.7867|
|=|         95|          5|        602|     32583631.18|        470|00:00:10|+0.01|0.02|0.7851|
|=|         96|          5|        573|     32580168.62|        475|00:00:10|+0.01|0.02|0.7857|
|=|         97|          5|        573|     32577385.04|        480|00:00:10|+0.01|0.02|0.7881|
|=|         98|          5|        573|     32572717.82|        485|00:00:10|+0.01|0.02|0.7872|
|-|         99|          4|        573|     32576111.52|        490|00:00:10|+0.01|0.02|0.7452|
|=|        100|          4|        602|     32582052.02|        494|00:00:10|+0.01|0.02|0.7435|
|=|        101|          4|        573|     32580081.42|        498|00:00:10|+0.01|0.02|0.7430|
|=|        102|          4|        573|     32580213.25|        502|00:00:10|+0.01|0.02|0.7447|
|=|        103|          4|        573|     32577906.30|        506|00:00:10|+0.01|0.02|0.7462|
|=|        104|          4|        573|     32577153.45|        510|00:00:10|+0.00|0.01|0.7472|
|=|        105|          4|        573|     32574059.60|        514|00:00:10|+0.00|0.01|0.7481|
|=|        106|          4|        573|     32571296.66|        518|00:00:10|+0.00|0.01|0.7477|
|=|        107|          4|        573|     32573471.62|        522|00:00:10|+0.00|0.01|0.7466|
|=|        108|          4|        602|     32575397.64|        526|00:00:10|+0.00|0.01|0.7478|
|=|        109|          4|        602|     32578620.53|        530|00:00:10|+0.00|0.01|0.7493|
|=|        110|          4|        602|     32578887.98|        534|00:00:10|+0.00|0.01|0.7485|
|=|        111|          4|        602|     32577265.48|        538|00:00:10|+0.00|0.01|0.7494|
|=|        112|          4|        602|     32579614.96|        542|00:00:10|+0.00|0.01|0.7486|
|=|        113|          4|        573|     32575498.11|        546|00:00:10|+0.00|0.01|0.7474|
|=|        114|          4|        573|     32575427.71|        550|00:00:10|+0.00|0.01|0.7469|
|=|        115|          4|        573|     32576201.56|        554|00:00:10|+0.00|0.01|0.7475|
|=|        116|          4|        573|     32574269.74|        558|00:00:10|+0.00|0.01|0.7488|
|=|        117|          4|        573|     32574678.12|        562|00:00:10|+0.00|0.01|0.7491|
|=|        118|          4|        573|     32575771.58|        566|00:00:10|+0.00|0.01|0.7487|
|=|        119|          4|        573|     32575652.27|        570|00:00:10|+0.00|0.01|0.7492|
|=|        120|          4|        573|     32572429.02|        574|00:00:10|+0.00|0.01|0.7491|
|=|        121|          4|        573|     32573162.13|        578|00:00:10|+0.00|0.01|0.7489|
|=|        122|          4|        573|     32573004.52|        582|00:00:10|+0.00|0.01|0.7478|
|=|        123|          4|        573|     32572619.98|        586|00:00:10|+0.00|0.01|0.7483|
|=|        124|          4|        573|     32572391.60|        590|00:00:10|+0.00|0.01|0.7493|
|=|        125|          4|        573|     32574064.87|        594|00:00:10|+0.00|0.01|0.7500|
|=|        126|          4|        573|     32573462.07|        598|00:00:10|-0.00|0.01|0.7500|
|=|        127|          4|        573|     32571516.13|        602|00:00:10|+0.00|0.01|0.7493|
|=|        128|          4|        573|     32570073.10|        606|00:00:10|+0.00|0.01|0.7500|
|=|        129|          4|        573|     32567658.82|        610|00:00:10|+0.00|0.01|0.7494|
|=|        130|          4|        576|     32569647.06|        614|00:00:10|+0.00|0.01|0.7490|
|=|        131|          4|        576|     32571535.55|        618|00:00:10|+0.00|0.01|0.7483|
|=|        132|          4|        576|     32573776.23|        622|00:00:10|+0.00|0.01|0.7479|
|=|        133|          4|        576|     32575971.75|        626|00:00:10|+0.00|0.01|0.7475|
|=|        134|          4|        573|     32574454.14|        630|00:00:10|+0.00|0.01|0.7484|
|=|        135|          4|        576|     32574879.49|        634|00:00:10|+0.00|0.01|0.7478|
|=|        136|          4|        576|     32575708.57|        638|00:00:10|+0.00|0.01|0.7477|
|=|        137|          4|        576|     32572704.09|        642|00:00:10|+0.00|0.01|0.7480|
|=|        138|          4|        576|     32573614.04|        646|00:00:10|+0.00|0.01|0.7485|
|=|        139|          4|        576|     32571206.46|        650|00:00:10|+0.00|0.01|0.7487|
|=|        140|          4|        576|     32571345.12|        654|00:00:10|+0.00|0.01|0.7483|
|=|        141|          4|        576|     32571050.13|        658|00:00:10|+0.00|0.01|0.7491|
|=|        142|          4|        576|     32568837.54|        662|00:00:10|+0.00|0.01|0.7488|
|=|        143|          4|        576|     32569199.91|        666|00:00:10|+0.00|0.01|0.7488|
|=|        144|          4|        576|     32567872.65|        670|00:00:10|+0.00|0.01|0.7490|
|=|        145|          4|        576|     32567863.47|        674|00:00:10|+0.00|0.01|0.7496|
|=|        146|          4|        576|     32567717.19|        678|00:00:10|+0.00|0.01|0.7492|
|=|        147|          4|        576|     32568620.75|        682|00:00:10|+0.00|0.01|0.7488|
|=|        148|          4|        576|     32567147.78|        686|00:00:10|+0.00|0.01|0.7486|
|=|        149|          4|        576|     32567253.94|        690|00:00:10|+0.00|0.01|0.7479|
|=|        150|          4|        576|     32565863.35|        694|00:00:10|+0.00|0.01|0.7479|
|=|        151|          4|        576|     32564883.72|        698|00:00:10|+0.00|0.01|0.7473|
|=|        152|          4|        576|     32564971.41|        702|00:00:10|+0.00|0.01|0.7483|
|=|        153|          4|        576|     32565340.37|        706|00:00:10|+0.00|0.01|0.7484|
|=|        154|          4|        576|     32567684.60|        710|00:00:10|+0.00|0.01|0.7491|
|=|        155|          4|        576|     32566746.34|        714|00:00:10|+0.00|0.01|0.7484|
|=|        156|          4|        576|     32564263.36|        718|00:00:10|+0.00|0.01|0.7489|
|=|        157|          4|        576|     32567594.68|        722|00:00:10|+0.00|0.01|0.7485|
|=|        158|          4|        576|     32568293.91|        726|00:00:10|+0.00|0.01|0.7489|
|=|        159|          4|        576|     32567947.38|        730|00:00:10|+0.00|0.01|0.7494|
|=|        160|          4|        573|     32565539.15|        734|00:00:10|+0.00|0.01|0.7497|
|=|        161|          4|        576|     32567938.89|        738|00:00:10|+0.00|0.01|0.7494|
|=|        162|          4|        576|     32567909.90|        742|00:00:10|+0.00|0.01|0.7499|
|=|        163|          4|        576|     32569500.13|        746|00:00:10|+0.00|0.01|0.7496|
|=|        164|          4|        573|     32564897.96|        750|00:00:10|+0.00|0.01|0.7497|
|=|        165|          4|        576|     32570125.58|        754|00:00:10|+0.00|0.01|0.7494|
|=|        166|          4|        573|     32568774.87|        758|00:00:10|+0.00|0.01|0.7495|
|=|        167|          4|        576|     32573471.07|        762|00:00:10|+0.00|0.01|0.7496|
|=|        168|          4|        576|     32572084.77|        766|00:00:10|+0.00|0.01|0.7499|
|=|        169|          4|        576|     32572339.68|        770|00:00:10|+0.00|0.01|0.7500|
|=|        170|          4|        576|     32572145.21|        774|00:00:10|+0.00|0.01|0.7501|
|=|        171|          4|        576|     32572053.63|        778|00:00:10|-0.00|0.01|0.7502|
|=|        172|          4|        576|     32570756.88|        782|00:00:10|-0.00|0.01|0.7508|
|=|        173|          4|        576|     32569098.32|        786|00:00:10|-0.00|0.01|0.7504|
|=|        174|          4|        576|     32569731.05|        790|00:00:10|-0.00|0.00|0.7506|
|=|        175|          4|        576|     32568279.78|        794|00:00:10|-0.00|0.00|0.7506|
|=|        176|          4|        573|     32564784.90|        798|00:00:10|-0.00|0.00|0.7507|
|=|        177|          4|        573|     32563356.97|        802|00:00:10|-0.00|0.00|0.7508|
|=|        178|          4|        573|     32562231.23|        806|00:00:10|-0.00|0.00|0.7507|
|=|        179|          4|        573|     32560505.82|        810|00:00:10|-0.00|0.00|0.7503|
|=|        180|          4|        573|     32561170.57|        814|00:00:10|-0.00|0.01|0.7498|
|=|        181|          4|        573|     32561935.80|        818|00:00:10|-0.00|0.01|0.7498|
|=|        182|          4|        573|     32560815.80|        822|00:00:10|+0.00|0.01|0.7496|
|=|        183|          4|        573|     32560061.84|        826|00:00:10|+0.00|0.01|0.7491|
|=|        184|          4|        573|     32560926.21|        830|00:00:10|+0.00|0.01|0.7490|
|=|        185|          4|        573|     32559082.61|        834|00:00:10|+0.00|0.01|0.7493|
|=|        186|          4|        573|     32559402.82|        838|00:00:10|+0.00|0.01|0.7490|
|=|        187|          4|        573|     32561896.95|        842|00:00:10|+0.00|0.01|0.7485|
|=|        188|          4|        573|     32561541.92|        846|00:00:10|+0.00|0.01|0.7481|
|=|        189|          4|        573|     32560780.37|        850|00:00:10|+0.00|0.01|0.7476|
|=|        190|          4|        573|     32561584.75|        854|00:00:10|+0.00|0.01|0.7482|
|=|        191|          4|        573|     32560669.29|        858|00:00:10|+0.00|0.01|0.7486|
|=|        192|          4|        573|     32560813.28|        862|00:00:10|+0.00|0.01|0.7487|
|=|        193|          4|        573|     32561164.25|        866|00:00:10|+0.00|0.01|0.7489|
|=|        194|          4|        573|     32560293.22|        870|00:00:10|+0.00|0.01|0.7490|
|=|        195|          4|        573|     32560735.52|        874|00:00:10|-0.00|0.01|0.7492|
|=|        196|          4|        573|     32560034.26|        878|00:00:10|+0.00|0.01|0.7487|
|=|        197|          4|        573|     32561238.07|        882|00:00:10|+0.00|0.01|0.7483|
|=|        198|          4|        573|     32561929.94|        886|00:00:10|+0.00|0.01|0.7477|
|=|        199|          4|        573|     32561552.25|        890|00:00:10|+0.00|0.01|0.7475|
|=|        200|          4|        573|     32561658.57|        894|00:00:10|+0.00|0.01|0.7473|
|=|        201|          4|        573|     32561078.23|        898|00:00:10|+0.00|0.01|0.7480|
|=|        202|          4|        573|     32560919.03|        902|00:00:10|+0.00|0.01|0.7482|
|=|        203|          4|        573|     32559862.23|        906|00:00:10|+0.00|0.01|0.7484|
|=|        204|          4|        573|     32559003.44|        910|00:00:10|+0.00|0.01|0.7483|
|=|        205|          4|        573|     32558224.75|        914|00:00:10|+0.00|0.01|0.7478|
|=|        206|          4|        573|     32557582.63|        918|00:00:10|+0.00|0.01|0.7482|
|=|        207|          4|        573|     32556411.21|        922|00:00:10|+0.00|0.01|0.7483|
|=|        208|          4|        573|     32557803.41|        926|00:00:10|+0.00|0.01|0.7484|
|=|        209|          4|        573|     32555649.57|        930|00:00:10|+0.00|0.01|0.7483|
|=|        210|          4|        573|     32554304.60|        934|00:00:10|+0.00|0.01|0.7488|
|=|        211|          4|        573|     32554605.70|        938|00:00:10|+0.00|0.01|0.7484|
|=|        212|          4|        573|     32557028.90|        942|00:00:10|+0.00|0.01|0.7488|
|=|        213|          4|        573|     32556493.38|        946|00:00:10|+0.00|0.00|0.7493|
|=|        214|          4|        573|     32556014.84|        950|00:00:10|+0.00|0.01|0.7491|
|=|        215|          4|        573|     32555197.50|        954|00:00:10|+0.00|0.01|0.7491|
|=|        216|          4|        573|     32556237.28|        958|00:00:10|+0.00|0.01|0.7487|
|=|        217|          4|        573|     32558254.10|        962|00:00:10|+0.00|0.01|0.7488|
|=|        218|          4|        573|     32557537.83|        966|00:00:10|+0.00|0.01|0.7487|
|=|        219|          4|        573|     32557556.58|        970|00:00:10|+0.00|0.01|0.7489|
|=|        220|          4|        573|     32556743.35|        974|00:00:10|+0.00|0.01|0.7491|
|=|        221|          4|        573|     32557790.93|        978|00:00:10|+0.00|0.01|0.7488|
|=|        222|          4|        573|     32558001.63|        982|00:00:10|+0.00|0.00|0.7493|
|=|        223|          4|        573|     32559051.03|        986|00:00:10|+0.00|0.01|0.7489|
|=|        224|          4|        573|     32558534.76|        990|00:00:10|+0.00|0.01|0.7492|
|=|        225|          4|        573|     32557552.96|        994|00:00:10|+0.00|0.01|0.7489|
|=|        226|          4|        573|     32556247.58|        998|00:00:10|+0.00|0.01|0.7488|
|=|        227|          4|        573|     32556871.52|       1002|00:00:10|+0.00|0.01|0.7489|
|=|        228|          4|        573|     32556726.14|       1006|00:00:10|+0.00|0.01|0.7487|
|=|        229|          4|        573|     32557494.17|       1010|00:00:10|+0.00|0.01|0.7487|
|=|        230|          4|        573|     32558112.33|       1014|00:00:10|+0.00|0.01|0.7485|
|=|        231|          4|        573|     32559848.94|       1018|00:00:10|+0.00|0.01|0.7489|
|=|        232|          4|        573|     32560563.47|       1022|00:00:10|+0.00|0.01|0.7487|
|=|        233|          4|        573|     32560220.67|       1026|00:00:10|+0.00|0.01|0.7488|
|=|        234|          4|        573|     32559474.36|       1030|00:00:10|+0.00|0.01|0.7486|
|=|        235|          4|        573|     32559843.74|       1034|00:00:10|+0.00|0.01|0.7489|
|=|        236|          4|        573|     32561045.70|       1038|00:00:10|+0.00|0.01|0.7486|
|=|        237|          4|        573|     32560879.50|       1042|00:00:10|+0.00|0.01|0.7482|
|=|        238|          4|        573|     32559752.26|       1046|00:00:10|+0.00|0.01|0.7480|
|=|        239|          4|        573|     32560557.07|       1050|00:00:10|+0.00|0.01|0.7482|
|=|        240|          4|        573|     32560244.53|       1054|00:00:10|+0.00|0.01|0.7482|
|=|        241|          4|        573|     32560353.01|       1058|00:00:10|+0.00|0.01|0.7485|
|=|        242|          4|        573|     32560570.57|       1062|00:00:10|+0.00|0.01|0.7489|
|=|        243|          4|        573|     32561365.21|       1066|00:00:10|+0.00|0.01|0.7488|
|=|        244|          4|        573|     32561223.03|       1070|00:00:10|+0.00|0.01|0.7484|
|=|        245|          4|        573|     32560795.12|       1074|00:00:10|+0.00|0.01|0.7489|
|=|        246|          4|        573|     32560214.19|       1078|00:00:10|+0.00|0.01|0.7484|
|=|        247|          4|        573|     32560083.43|       1082|00:00:10|+0.00|0.01|0.7485|
|=|        248|          4|        573|     32559265.85|       1086|00:00:10|+0.00|0.01|0.7481|
|=|        249|          4|        573|     32559200.57|       1090|00:00:10|+0.00|0.01|0.7481|
|=|        250|          4|        573|     32558914.84|       1094|00:00:10|+0.00|0.01|0.7477|
|=|        251|          4|        573|     32558249.46|       1098|00:00:10|+0.00|0.01|0.7478|
|=|        252|          4|        573|     32557827.51|       1102|00:00:10|+0.00|0.01|0.7479|
|=|        253|          4|        573|     32558565.16|       1106|00:00:10|+0.00|0.01|0.7481|
|=|        254|          4|        573|     32559010.77|       1110|00:00:10|+0.00|0.01|0.7477|
|=|        255|          4|        573|     32558849.15|       1114|00:00:10|+0.00|0.01|0.7476|
|=|        256|          4|        573|     32558840.96|       1118|00:00:10|+0.00|0.01|0.7476|
|=|        257|          4|        573|     32558385.53|       1122|00:00:10|+0.00|0.01|0.7479|
|=|        258|          4|        573|     32559752.24|       1126|00:00:10|+0.00|0.01|0.7477|
|=|        259|          4|        573|     32559217.78|       1130|00:00:10|+0.00|0.01|0.7477|
|=|        260|          4|        573|     32560207.26|       1134|00:00:10|+0.00|0.01|0.7473|
|=|        261|          4|        573|     32560391.77|       1138|00:00:10|+0.00|0.01|0.7474|
|=|        262|          4|        573|     32560129.23|       1142|00:00:10|+0.00|0.01|0.7473|
|=|        263|          4|        573|     32559994.02|       1146|00:00:10|+0.00|0.01|0.7474|
|=|        264|          4|        573|     32559555.49|       1150|00:00:10|+0.00|0.01|0.7471|
|=|        265|          4|        573|     32559158.99|       1154|00:00:10|+0.00|0.01|0.7470|
|=|        266|          4|        573|     32558491.80|       1158|00:00:10|+0.00|0.01|0.7475|
|=|        267|          4|        573|     32558291.96|       1162|00:00:10|+0.00|0.01|0.7473|
|=|        268|          4|        573|     32558361.19|       1166|00:00:10|+0.00|0.01|0.7477|
|=|        269|          4|        573|     32556640.16|       1170|00:00:10|+0.00|0.01|0.7474|
|=|        270|          4|        573|     32556292.20|       1174|00:00:10|+0.00|0.01|0.7475|
|=|        271|          4|        573|     32556356.79|       1178|00:00:10|+0.00|0.01|0.7472|
|=|        272|          4|        573|     32555947.24|       1182|00:00:10|+0.00|0.01|0.7473|
|=|        273|          4|        573|     32556457.42|       1186|00:00:10|+0.00|0.01|0.7476|
|=|        274|          4|        573|     32555406.12|       1190|00:00:10|+0.00|0.01|0.7474|
|=|        275|          4|        573|     32556992.55|       1194|00:00:10|+0.00|0.01|0.7478|
|=|        276|          4|        573|     32555925.71|       1198|00:00:10|+0.00|0.01|0.7478|
|=|        277|          4|        573|     32555776.70|       1202|00:00:10|+0.00|0.01|0.7479|
|=|        278|          4|        573|     32555807.94|       1206|00:00:10|+0.00|0.01|0.7477|
|=|        279|          4|        573|     32556811.74|       1210|00:00:10|+0.00|0.01|0.7473|
|=|        280|          4|        573|     32555869.75|       1214|00:00:10|+0.00|0.01|0.7477|
|=|        281|          4|        573|     32556756.25|       1218|00:00:10|+0.00|0.01|0.7474|
|=|        282|          4|        573|     32556790.04|       1222|00:00:10|+0.00|0.01|0.7478|
|=|        283|          4|        573|     32557269.65|       1226|00:00:10|+0.00|0.01|0.7477|
|=|        284|          4|        573|     32557448.19|       1230|00:00:10|+0.00|0.01|0.7475|
|=|        285|          4|        573|     32556850.61|       1234|00:00:10|+0.00|0.01|0.7478|
|=|        286|          4|        573|     32556838.03|       1238|00:00:10|+0.00|0.01|0.7480|
|=|        287|          4|        573|     32557553.01|       1242|00:00:10|+0.00|0.01|0.7482|
|=|        288|          4|        573|     32556987.45|       1246|00:00:10|+0.00|0.01|0.7481|
|=|        289|          4|        573|     32555663.45|       1250|00:00:10|+0.00|0.01|0.7478|
|=|        290|          4|        573|     32555413.89|       1254|00:00:10|+0.00|0.01|0.7477|
|=|        291|          4|        573|     32555392.31|       1258|00:00:10|+0.00|0.01|0.7476|
|=|        292|          4|        573|     32555916.11|       1262|00:00:10|+0.00|0.01|0.7478|
|=|        293|          4|        576|     32556563.82|       1266|00:00:10|+0.00|0.01|0.7477|
|=|        294|          4|        576|     32557947.84|       1270|00:00:10|+0.00|0.01|0.7478|
|=|        295|          4|        576|     32556901.50|       1274|00:00:10|+0.00|0.01|0.7478|
|=|        296|          4|        576|     32557032.41|       1278|00:00:10|+0.00|0.01|0.7481|
|=|        297|          4|        576|     32556035.14|       1282|00:00:10|+0.00|0.01|0.7479|
|=|        298|          4|        576|     32556174.91|       1286|00:00:10|+0.00|0.01|0.7482|
|=|        299|          4|        576|     32556686.47|       1290|00:00:10|+0.00|0.01|0.7483|
|=|        300|          4|        576|     32556743.65|       1294|00:00:10|+0.00|0.01|0.7483|
|=|        301|          4|        576|     32556392.90|       1298|00:00:10|+0.00|0.01|0.7481|
|=|        302|          4|        576|     32557698.28|       1302|00:00:10|+0.00|0.01|0.7483|
|=|        303|          4|        576|     32557238.17|       1306|00:00:10|+0.00|0.01|0.7482|
|=|        304|          4|        576|     32557410.85|       1310|00:00:10|+0.00|0.01|0.7481|
|=|        305|          4|        576|     32556432.54|       1314|00:00:10|+0.00|0.01|0.7477|
|=|        306|          4|        576|     32555422.74|       1318|00:00:10|+0.00|0.01|0.7481|
|=|        307|          4|        576|     32554252.56|       1322|00:00:10|+0.00|0.01|0.7482|
|=|        308|          4|        576|     32554359.46|       1326|00:00:10|+0.00|0.01|0.7486|
|=|        309|          4|        576|     32554395.74|       1330|00:00:10|+0.00|0.01|0.7483|
|=|        310|          4|        576|     32553278.20|       1334|00:00:10|+0.00|0.01|0.7485|
|=|        311|          4|        576|     32553665.41|       1338|00:00:10|+0.00|0.01|0.7484|
|=|        312|          4|        576|     32554412.95|       1342|00:00:10|+0.00|0.01|0.7485|
|=|        313|          4|        576|     32554555.16|       1346|00:00:10|+0.00|0.01|0.7484|
|=|        314|          4|        576|     32554522.40|       1350|00:00:10|+0.00|0.01|0.7485|
|=|        315|          4|        576|     32554552.23|       1354|00:00:10|+0.00|0.01|0.7485|
|=|        316|          4|        576|     32555483.65|       1358|00:00:10|+0.00|0.01|0.7485|
|=|        317|          4|        576|     32554728.49|       1362|00:00:10|+0.00|0.01|0.7486|
|=|        318|          4|        576|     32555605.64|       1366|00:00:10|+0.00|0.01|0.7486|
|=|        319|          4|        576|     32555922.12|       1370|00:00:10|+0.00|0.01|0.7485|
|=|        320|          4|        576|     32555942.17|       1374|00:00:10|+0.00|0.01|0.7486|
+-+-----------+-----------+-----------+----------------+-----------+--------+-----+----+------+
Best-so-far configuration:         576    mean value:      32555942.17
Description of the best-so-far configuration:
    .ID. algorithm localsearch alpha beta  rho ants   q0 rasrank elitistants
576  576       acs           3  3.03 5.66 0.47   57 0.44      NA          NA
    nnls dlb .PARENT.
576   18   1      517

# 2025-09-19 05:24:19 -03: Elite configurations (first number is the configuration ID; listed from best to worst according to the sum of ranks):
    algorithm localsearch alpha beta  rho ants   q0 rasrank elitistants nnls
576       acs           3  3.03 5.66 0.47   57 0.44      NA          NA   18
573       acs           3  3.08 6.83 0.51   58 0.49      NA          NA   18
602       acs           3  3.10 5.48 0.44   56 0.44      NA          NA   19
517       acs           3  3.03 6.04 0.46   57 0.45      NA          NA   20
    dlb
576   1
573   1
602   1
517   1
# Total CPU user time: 60805.49, CPU sys time: 466.222, Wall-clock time: 8527.35
    .ID. algorithm localsearch alpha beta  rho ants   q0 rasrank elitistants
576  576       acs           3  3.03 5.66 0.47   57 0.44      NA          NA
573  573       acs           3  3.08 6.83 0.51   58 0.49      NA          NA
602  602       acs           3  3.10 5.48 0.44   56 0.44      NA          NA
517  517       acs           3  3.03 6.04 0.46   57 0.45      NA          NA
    nnls dlb .PARENT. .RANK. .WEIGHT.
576   18   1      517    766      0.4
573   18   1      517    775      0.3
602   19   1      517    825      0.2
517   20   1      423    834      0.1
