# 2025-09-08 21:25:56 -03: Reading parameter file '/home/dianag/PruebasPablo/irace-test-executions/ACOTSP-withRanking/Scenarios/BL-22/Runs/BL-22_seed_9876543210/parameters.txt'.
# 2025-09-08 21:25:56 -03: 1 expression(s) specifying forbidden configurations read.
# 2025-09-08 21:25:57 -03: Initialization
# Elitist race
# Elitist new instances: 1
# Elitist limit: 2
# nbIterations: 5
# minNbSurvival: 5
# nbParameters: 11
# seed: 1969353053
# confidence level: 0.95
# budget: 2750
# mu: 5
# deterministic: FALSE

# 2025-09-08 21:25:57 -03: Iteration 1 of 5
# experimentsUsed: 0
# remainingBudget: 2750
# currentBudget: 550
# nbConfigurations: 22
# Markers:
     x No test is performed.
     c Configurations are discarded only due to capping.
     - The test is performed and some configurations are discarded.
     = The test is performed but no configuration is discarded.
     ! The test is performed and configurations could be discarded but elite configurations are preserved.
     . All alive configurations are elite and nothing is discarded.

+-+-----------+-----------+-----------+----------------+-----------+--------+-----+----+------+
| |   Instance|      Alive|       Best|       Mean best| Exp so far|  W time|  rho|KenW|  Qvar|
+-+-----------+-----------+-----------+----------------+-----------+--------+-----+----+------+
|x|          1|         22|         10|     32676155.00|         22|00:00:49|   NA|  NA|    NA|
|x|          2|         22|          7|     32718626.50|         44|00:00:49|+0.94|0.97|0.0024|
|x|          3|         22|          7|     32713989.67|         66|00:00:44|+0.96|0.98|0.0022|
|x|          4|         22|         10|     32832033.50|         88|00:00:42|+0.94|0.96|0.0021|
|-|          5|          2|         10|     32888573.20|        110|00:00:40|-0.20|0.04|0.6000|
+-+-----------+-----------+-----------+----------------+-----------+--------+-----+----+------+
Best configuration for the instances in this race: 10
Best-so-far configuration:           7    mean value:      32991628.80
Description of the best-so-far configuration:
  .ID. algorithm localsearch alpha beta  rho ants   q0 rasrank elitistants nnls
7    7       acs           3  3.86 3.12 0.92   25 0.76      NA          NA   23
  dlb .PARENT.
7   0       NA

# 2025-09-08 21:29:43 -03: Elite configurations (first number is the configuration ID; listed from best to worst according to the sum of ranks):
   algorithm localsearch alpha beta  rho ants   q0 rasrank elitistants nnls dlb
7        acs           3  3.86 3.12 0.92   25 0.76      NA          NA   23   0
10       eas           3  2.92 8.75 0.12   31   NA      NA         280   32   0
# 2025-09-08 21:29:43 -03: Iteration 2 of 5
# experimentsUsed: 110
# remainingBudget: 2640
# currentBudget: 660
# nbConfigurations: 22
# Markers:
     x No test is performed.
     c Configurations are discarded only due to capping.
     - The test is performed and some configurations are discarded.
     = The test is performed but no configuration is discarded.
     ! The test is performed and configurations could be discarded but elite configurations are preserved.
     . All alive configurations are elite and nothing is discarded.

+-+-----------+-----------+-----------+----------------+-----------+--------+-----+----+------+
| |   Instance|      Alive|       Best|       Mean best| Exp so far|  W time|  rho|KenW|  Qvar|
+-+-----------+-----------+-----------+----------------+-----------+--------+-----+----+------+
|x|          6|         22|         25|     32701333.00|         22|00:00:47|   NA|  NA|    NA|
|x|          1|         22|         23|     32677007.00|         42|00:00:43|+0.87|0.93|0.0022|
|x|          3|         22|         25|     32678127.33|         62|00:00:41|+0.83|0.89|0.0020|
|x|          5|         22|         25|     32737430.00|         82|00:00:42|+0.82|0.87|0.0024|
|-|          2|          5|         25|     32736014.60|        102|00:00:46|+0.35|0.48|0.5558|
+-+-----------+-----------+-----------+----------------+-----------+--------+-----+----+------+
Best configuration for the instances in this race: 25
Best-so-far configuration:           7    mean value:      33067211.50
Description of the best-so-far configuration:
  .ID. algorithm localsearch alpha beta  rho ants   q0 rasrank elitistants nnls
7    7       acs           3  3.86 3.12 0.92   25 0.76      NA          NA   23
  dlb .PARENT.
7   0       NA

# 2025-09-08 21:33:24 -03: Elite configurations (first number is the configuration ID; listed from best to worst according to the sum of ranks):
   algorithm localsearch alpha beta  rho ants   q0 rasrank elitistants nnls dlb
7        acs           3  3.86 3.12 0.92   25 0.76      NA          NA   23   0
10       eas           3  2.92 8.75 0.12   31   NA      NA         280   32   0
25       acs           2  1.63 6.53 0.30   22 0.70      NA          NA   15   0
31       ras           3  2.98 2.69 0.87   70   NA      33          NA   49   1
32       acs           2  3.23 2.94 0.60    8 0.37      NA          NA   33   1
# 2025-09-08 21:33:24 -03: Iteration 3 of 5
# experimentsUsed: 212
# remainingBudget: 2538
# currentBudget: 846
# nbConfigurations: 22
# Markers:
     x No test is performed.
     c Configurations are discarded only due to capping.
     - The test is performed and some configurations are discarded.
     = The test is performed but no configuration is discarded.
     ! The test is performed and configurations could be discarded but elite configurations are preserved.
     . All alive configurations are elite and nothing is discarded.

+-+-----------+-----------+-----------+----------------+-----------+--------+-----+----+------+
| |   Instance|      Alive|       Best|       Mean best| Exp so far|  W time|  rho|KenW|  Qvar|
+-+-----------+-----------+-----------+----------------+-----------+--------+-----+----+------+
|x|          7|         22|         48|     32474700.00|         22|00:00:40|   NA|  NA|    NA|
|x|          5|         22|         48|     32642734.00|         39|00:00:28|+0.82|0.91|0.0004|
|x|          6|         22|         47|     32661715.33|         56|00:00:26|+0.75|0.83|0.0005|
|x|          3|         22|         47|     32654508.00|         73|00:00:30|+0.71|0.78|0.0007|
|-|          4|          8|         47|     32700630.60|         93|00:00:35|+0.60|0.68|0.6821|
|-|          2|          6|         47|     32680415.50|         96|00:00:10|+0.76|0.80|0.4012|
|-|          1|          1|         47|     32670190.00|         97|00:00:10|   NA|  NA|    NA|
+-+-----------+-----------+-----------+----------------+-----------+--------+-----+----+------+
Best-so-far configuration:          47    mean value:      32670190.00
Description of the best-so-far configuration:
   .ID. algorithm localsearch alpha beta  rho ants   q0 rasrank elitistants
47   47       acs           3  2.61  2.7 0.93   26 0.66      NA          NA
   nnls dlb .PARENT.
47   23   1        7

# 2025-09-08 21:36:27 -03: Elite configurations (first number is the configuration ID; listed from best to worst according to the sum of ranks):
   algorithm localsearch alpha beta  rho ants   q0 rasrank elitistants nnls dlb
47       acs           3  2.61  2.7 0.93   26 0.66      NA          NA   23   1
# 2025-09-08 21:36:27 -03: Iteration 4 of 5
# experimentsUsed: 309
# remainingBudget: 2441
# currentBudget: 1220
# nbConfigurations: 22
# Markers:
     x No test is performed.
     c Configurations are discarded only due to capping.
     - The test is performed and some configurations are discarded.
     = The test is performed but no configuration is discarded.
     ! The test is performed and configurations could be discarded but elite configurations are preserved.
     . All alive configurations are elite and nothing is discarded.

+-+-----------+-----------+-----------+----------------+-----------+--------+-----+----+------+
| |   Instance|      Alive|       Best|       Mean best| Exp so far|  W time|  rho|KenW|  Qvar|
+-+-----------+-----------+-----------+----------------+-----------+--------+-----+----+------+
|x|          8|         22|         62|     32289005.00|         22|00:00:31|   NA|  NA|    NA|
|x|          5|         22|         61|     32560848.00|         43|00:00:31|+0.75|0.87|0.0090|
|x|          4|         22|         66|     32655881.33|         64|00:00:31|+0.67|0.78|0.0069|
|x|          2|         22|         66|     32640968.50|         85|00:00:31|+0.69|0.77|0.0064|
|-|          1|          6|         66|     32615673.60|        106|00:00:31|-0.09|0.13|0.9006|
|=|          6|          6|         66|     32637714.17|        111|00:00:10|-0.11|0.08|0.9598|
|=|          7|          6|         66|     32622287.57|        116|00:00:10|-0.02|0.13|0.9089|
|=|          3|          6|         66|     32619041.25|        121|00:00:10|-0.05|0.08|0.9051|
|=|          9|          6|         66|     32624306.44|        127|00:00:10|-0.06|0.06|0.9126|
+-+-----------+-----------+-----------+----------------+-----------+--------+-----+----+------+
Best-so-far configuration:          66    mean value:      32624306.44
Description of the best-so-far configuration:
   .ID. algorithm localsearch alpha beta  rho ants   q0 rasrank elitistants
66   66       acs           3  4.51 1.96 0.64   15 0.28      NA          NA
   nnls dlb .PARENT.
66    9   1       47

# 2025-09-08 21:39:45 -03: Elite configurations (first number is the configuration ID; listed from best to worst according to the sum of ranks):
   algorithm localsearch alpha beta  rho ants   q0 rasrank elitistants nnls dlb
66       acs           3  4.51 1.96 0.64   15 0.28      NA          NA    9   1
73       acs           3  2.73 2.41 0.80   10 0.52      NA          NA   24   1
71       acs           3  3.21 5.16 0.96   12 0.32      NA          NA   28   1
47       acs           3  2.61 2.70 0.93   26 0.66      NA          NA   23   1
76       acs           3  1.93 2.92 0.83   58 0.55      NA          NA   32   1
# 2025-09-08 21:39:45 -03: Iteration 5 of 5
# experimentsUsed: 436
# remainingBudget: 2314
# currentBudget: 2314
# nbConfigurations: 22
# Markers:
     x No test is performed.
     c Configurations are discarded only due to capping.
     - The test is performed and some configurations are discarded.
     = The test is performed but no configuration is discarded.
     ! The test is performed and configurations could be discarded but elite configurations are preserved.
     . All alive configurations are elite and nothing is discarded.

+-+-----------+-----------+-----------+----------------+-----------+--------+-----+----+------+
| |   Instance|      Alive|       Best|       Mean best| Exp so far|  W time|  rho|KenW|  Qvar|
+-+-----------+-----------+-----------+----------------+-----------+--------+-----+----+------+
|x|         10|         22|         88|     32782877.00|         22|00:00:31|   NA|  NA|    NA|
|x|          9|         22|         73|     32706946.50|         39|00:00:21|+0.12|0.56|0.3261|
|x|          4|         22|         73|     32750645.33|         56|00:00:20|+0.13|0.42|0.3073|
|x|          5|         22|         73|     32778692.75|         73|00:00:20|+0.17|0.38|0.3193|
|-|          2|         15|         88|     32743388.00|         90|00:00:21|-0.06|0.15|0.9846|
|=|          8|         15|         86|     32672956.17|        100|00:00:10|+0.00|0.17|0.9204|
|=|          1|         15|         88|     32655509.71|        110|00:00:10|+0.03|0.17|0.8981|
|=|          7|         15|         86|     32638172.25|        120|00:00:10|+0.09|0.21|0.8335|
|=|          6|         15|         88|     32637314.00|        130|00:00:10|+0.07|0.18|0.8448|
|-|          3|         12|         85|     32641808.90|        140|00:00:10|+0.00|0.10|0.9203|
|=|         11|         12|         85|     32639096.82|        152|00:00:20|+0.04|0.13|0.8855|
|=|         12|         12|         85|     32632187.42|        164|00:00:20|+0.03|0.11|0.8942|
+-+-----------+-----------+-----------+----------------+-----------+--------+-----+----+------+
Best-so-far configuration:          85    mean value:      32632187.42
Description of the best-so-far configuration:
   .ID. algorithm localsearch alpha beta  rho ants   q0 rasrank elitistants
85   85       acs           3  2.36 7.13 0.92    7 0.42      NA          NA
   nnls dlb .PARENT.
85   23   1       71

# 2025-09-08 21:43:14 -03: Elite configurations (first number is the configuration ID; listed from best to worst according to the sum of ranks):
   algorithm localsearch alpha beta  rho ants   q0 rasrank elitistants nnls dlb
85       acs           3  2.36 7.13 0.92    7 0.42      NA          NA   23   1
86       acs           3  3.69 1.56 0.64   58 0.31      NA          NA   25   1
88       acs           3  3.89 1.27 0.77   14 0.12      NA          NA   19   1
66       acs           3  4.51 1.96 0.64   15 0.28      NA          NA    9   1
47       acs           3  2.61 2.70 0.93   26 0.66      NA          NA   23   1
# 2025-09-08 21:43:14 -03: Iteration 6 of 6
# experimentsUsed: 600
# remainingBudget: 2150
# currentBudget: 2150
# nbConfigurations: 22
# Markers:
     x No test is performed.
     c Configurations are discarded only due to capping.
     - The test is performed and some configurations are discarded.
     = The test is performed but no configuration is discarded.
     ! The test is performed and configurations could be discarded but elite configurations are preserved.
     . All alive configurations are elite and nothing is discarded.

+-+-----------+-----------+-----------+----------------+-----------+--------+-----+----+------+
| |   Instance|      Alive|       Best|       Mean best| Exp so far|  W time|  rho|KenW|  Qvar|
+-+-----------+-----------+-----------+----------------+-----------+--------+-----+----+------+
|x|         13|         22|        107|     32673051.00|         22|00:00:31|   NA|  NA|    NA|
|x|          9|         22|        107|     32623679.50|         39|00:00:21|+0.44|0.72|0.1872|
|x|         12|         22|        107|     32606638.33|         56|00:00:20|+0.24|0.50|0.1610|
|x|          7|         22|        107|     32576119.00|         73|00:00:20|+0.32|0.49|0.1968|
|-|         11|         15|        113|     32594778.60|         90|00:00:21|-0.05|0.16|0.9617|
|=|          3|         15|        107|     32595087.17|        100|00:00:10|-0.01|0.15|0.9541|
|=|         10|         15|        107|     32629369.86|        110|00:00:10|-0.03|0.12|0.9586|
|=|          4|         15|        107|     32658129.88|        120|00:00:10|-0.02|0.11|0.9554|
|=|          8|         15|        107|     32626043.00|        130|00:00:10|-0.02|0.09|0.9636|
|=|          5|         15|        107|     32646550.90|        140|00:00:10|-0.02|0.08|0.9561|
|=|          2|         15|        107|     32639767.00|        150|00:00:10|-0.01|0.08|0.9449|
|=|          1|         15|        107|     32627035.58|        160|00:00:10|-0.00|0.08|0.9357|
|=|          6|         15|        107|     32621951.46|        170|00:00:10|+0.00|0.08|0.9377|
|=|         14|         15|        107|     32620124.57|        185|00:00:20|+0.01|0.08|0.9331|
+-+-----------+-----------+-----------+----------------+-----------+--------+-----+----+------+
Best-so-far configuration:         107    mean value:      32620124.57
Description of the best-so-far configuration:
    .ID. algorithm localsearch alpha beta  rho ants   q0 rasrank elitistants
107  107       acs           3  3.48 1.39 0.83   58 0.26      NA          NA
    nnls dlb .PARENT.
107   21   1       86

# 2025-09-08 21:46:54 -03: Elite configurations (first number is the configuration ID; listed from best to worst according to the sum of ranks):
    algorithm localsearch alpha beta  rho ants   q0 rasrank elitistants nnls
107       acs           3  3.48 1.39 0.83   58 0.26      NA          NA   21
98        acs           3  2.57 6.03 0.80   15 0.56      NA          NA   17
85        acs           3  2.36 7.13 0.92    7 0.42      NA          NA   23
110       acs           3  3.48 1.36 0.66   52 0.34      NA          NA   26
86        acs           3  3.69 1.56 0.64   58 0.31      NA          NA   25
    dlb
107   1
98    1
85    1
110   1
86    1
# 2025-09-08 21:46:54 -03: Iteration 7 of 7
# experimentsUsed: 785
# remainingBudget: 1965
# currentBudget: 1965
# nbConfigurations: 22
# Markers:
     x No test is performed.
     c Configurations are discarded only due to capping.
     - The test is performed and some configurations are discarded.
     = The test is performed but no configuration is discarded.
     ! The test is performed and configurations could be discarded but elite configurations are preserved.
     . All alive configurations are elite and nothing is discarded.

+-+-----------+-----------+-----------+----------------+-----------+--------+-----+----+------+
| |   Instance|      Alive|       Best|       Mean best| Exp so far|  W time|  rho|KenW|  Qvar|
+-+-----------+-----------+-----------+----------------+-----------+--------+-----+----+------+
|x|         15|         22|        116|     32395834.00|         22|00:00:31|   NA|  NA|    NA|
|x|          1|         22|        116|     32429048.50|         39|00:00:20|+0.32|0.66|0.3133|
|x|          9|         22|        116|     32472155.67|         56|00:00:20|+0.41|0.61|0.3330|
|x|          4|         22|        116|     32560671.50|         73|00:00:21|+0.23|0.42|0.4091|
|-|          7|         10|        116|     32534777.00|         90|00:00:20|+0.05|0.24|0.8357|
|=|         13|         10|        116|     32569814.00|         95|00:00:10|+0.04|0.20|0.8524|
|=|          6|         10|        116|     32575670.71|        100|00:00:10|+0.07|0.20|0.8186|
|=|         10|         10|        116|     32602737.25|        105|00:00:10|+0.10|0.21|0.7881|
|-|          5|          8|        116|     32621851.56|        110|00:00:10|+0.14|0.24|0.7403|
|=|         12|          8|        116|     32615835.20|        113|00:00:10|+0.07|0.16|0.8126|
|=|         14|          8|        116|     32606787.00|        116|00:00:10|+0.08|0.17|0.7964|
|=|         11|          8|        116|     32606171.67|        119|00:00:10|+0.07|0.15|0.7997|
|=|          3|          8|        116|     32607126.69|        122|00:00:10|+0.06|0.13|0.7998|
|=|          2|          8|        116|     32605756.14|        125|00:00:10|+0.05|0.12|0.8147|
|=|          8|          8|        116|     32583680.80|        128|00:00:10|+0.04|0.11|0.8148|
|=|         16|          8|        116|     32598761.19|        136|00:00:10|+0.04|0.10|0.8321|
+-+-----------+-----------+-----------+----------------+-----------+--------+-----+----+------+
Best-so-far configuration:         116    mean value:      32598761.19
Description of the best-so-far configuration:
    .ID. algorithm localsearch alpha beta  rho ants   q0 rasrank elitistants
116  116       acs           3  2.91 2.03 0.72   59 0.37      NA          NA
    nnls dlb .PARENT.
116   20   1      107

# 2025-09-08 21:50:45 -03: Elite configurations (first number is the configuration ID; listed from best to worst according to the sum of ranks):
    algorithm localsearch alpha beta  rho ants   q0 rasrank elitistants nnls
116       acs           3  2.91 2.03 0.72   59 0.37      NA          NA   20
107       acs           3  3.48 1.39 0.83   58 0.26      NA          NA   21
124       acs           3  4.00 3.40 0.62   62 0.38      NA          NA   24
129       acs           3  3.25 3.38 0.96   65 0.45      NA          NA   27
86        acs           3  3.69 1.56 0.64   58 0.31      NA          NA   25
    dlb
116   1
107   1
124   1
129   1
86    1
# 2025-09-08 21:50:45 -03: Iteration 8 of 8
# experimentsUsed: 921
# remainingBudget: 1829
# currentBudget: 1829
# nbConfigurations: 22
# Markers:
     x No test is performed.
     c Configurations are discarded only due to capping.
     - The test is performed and some configurations are discarded.
     = The test is performed but no configuration is discarded.
     ! The test is performed and configurations could be discarded but elite configurations are preserved.
     . All alive configurations are elite and nothing is discarded.

+-+-----------+-----------+-----------+----------------+-----------+--------+-----+----+------+
| |   Instance|      Alive|       Best|       Mean best| Exp so far|  W time|  rho|KenW|  Qvar|
+-+-----------+-----------+-----------+----------------+-----------+--------+-----+----+------+
|x|         17|         22|        133|     32508715.00|         22|00:00:31|   NA|  NA|    NA|
|x|         12|         22|        143|     32537703.00|         39|00:00:21|+0.27|0.64|0.6073|
|x|          6|         22|        143|     32548552.00|         56|00:00:20|+0.29|0.52|0.4990|
|x|          3|         22|        143|     32555461.75|         73|00:00:20|+0.24|0.43|0.5168|
|-|          8|         13|        143|     32502213.80|         90|00:00:21|-0.12|0.10|1.0272|
|=|          2|         13|        143|     32518869.50|         98|00:00:10|-0.12|0.07|1.0418|
|=|         14|         13|        143|     32520973.43|        106|00:00:10|-0.09|0.06|1.0198|
|=|         10|         13|        143|     32557940.12|        114|00:00:10|-0.07|0.07|0.9912|
|=|          4|         13|        143|     32586969.22|        122|00:00:10|-0.04|0.08|0.9736|
|=|          9|         13|        143|     32583810.50|        130|00:00:10|-0.01|0.09|0.9577|
|=|         15|         13|        143|     32575630.73|        138|00:00:10|-0.01|0.08|0.9648|
|=|          7|         13|        116|     32564858.50|        146|00:00:10|-0.01|0.08|0.9470|
|=|         13|         13|        116|     32578715.46|        154|00:00:10|-0.01|0.07|0.9408|
|=|         16|         13|        143|     32595628.36|        162|00:00:10|-0.01|0.07|0.9394|
|=|          1|         13|        116|     32587368.73|        170|00:00:10|-0.00|0.07|0.9301|
|=|          5|         13|        116|     32599081.06|        178|00:00:10|+0.02|0.08|0.9122|
|=|         11|         13|        116|     32599100.00|        186|00:00:10|+0.03|0.09|0.9035|
|=|         18|         13|        116|     32584679.06|        199|00:00:20|+0.03|0.09|0.9018|
+-+-----------+-----------+-----------+----------------+-----------+--------+-----+----+------+
Best-so-far configuration:         116    mean value:      32584679.06
Description of the best-so-far configuration:
    .ID. algorithm localsearch alpha beta  rho ants   q0 rasrank elitistants
116  116       acs           3  2.91 2.03 0.72   59 0.37      NA          NA
    nnls dlb .PARENT.
116   20   1      107

# 2025-09-08 21:55:08 -03: Elite configurations (first number is the configuration ID; listed from best to worst according to the sum of ranks):
    algorithm localsearch alpha beta  rho ants   q0 rasrank elitistants nnls
116       acs           3  2.91 2.03 0.72   59 0.37      NA          NA   20
143       acs           3  2.65 2.62 0.62   55 0.23      NA          NA   15
137       acs           3  3.32 1.96 0.62   58 0.38      NA          NA   19
135       acs           3  2.60 2.11 0.74   54 0.45      NA          NA   23
107       acs           3  3.48 1.39 0.83   58 0.26      NA          NA   21
    dlb
116   1
143   1
137   1
135   1
107   1
# 2025-09-08 21:55:08 -03: Iteration 9 of 9
# experimentsUsed: 1120
# remainingBudget: 1630
# currentBudget: 1630
# nbConfigurations: 22
# Markers:
     x No test is performed.
     c Configurations are discarded only due to capping.
     - The test is performed and some configurations are discarded.
     = The test is performed but no configuration is discarded.
     ! The test is performed and configurations could be discarded but elite configurations are preserved.
     . All alive configurations are elite and nothing is discarded.

+-+-----------+-----------+-----------+----------------+-----------+--------+-----+----+------+
| |   Instance|      Alive|       Best|       Mean best| Exp so far|  W time|  rho|KenW|  Qvar|
+-+-----------+-----------+-----------+----------------+-----------+--------+-----+----+------+
|x|         19|         22|        162|     32502997.00|         22|00:00:31|   NA|  NA|    NA|
|x|         16|         22|        162|     32620646.50|         39|00:00:21|+0.28|0.64|0.5204|
|x|         18|         22|        135|     32525249.33|         56|00:00:20|+0.20|0.47|0.5608|
|x|         10|         22|        135|     32590478.00|         73|00:00:20|+0.20|0.40|0.5324|
|-|         13|         11|        135|     32617861.20|         90|00:00:20|-0.08|0.14|1.0103|
|=|          8|         11|        135|     32578150.00|         96|00:00:10|-0.11|0.07|1.0164|
|=|          1|         11|        135|     32569671.86|        102|00:00:10|-0.13|0.03|1.0203|
|=|          6|         11|        152|     32567257.25|        108|00:00:10|-0.12|0.02|1.0061|
|=|          5|         11|        161|     32586332.89|        114|00:00:10|-0.11|0.02|0.9928|
|=|         14|         11|        161|     32580983.40|        120|00:00:10|-0.07|0.04|0.9620|
|=|          9|         11|        135|     32588829.55|        126|00:00:10|-0.04|0.05|0.9518|
|=|         15|         11|        161|     32567412.75|        132|00:00:10|-0.04|0.04|0.9469|
|=|          4|         11|        161|     32583601.62|        138|00:00:10|-0.03|0.05|0.9344|
|=|         11|         11|        161|     32583832.79|        144|00:00:10|-0.00|0.07|0.9113|
|=|          2|         11|        161|     32582299.73|        150|00:00:10|+0.01|0.07|0.9057|
|=|         12|         11|        161|     32583632.44|        156|00:00:10|-0.00|0.06|0.9159|
|=|          7|         11|        116|     32579466.65|        162|00:00:10|-0.01|0.05|0.9162|
|=|          3|         11|        161|     32580507.33|        168|00:00:10|-0.01|0.04|0.9194|
|=|         17|         11|        161|     32580035.05|        174|00:00:10|-0.01|0.04|0.9140|
|=|         20|         11|        143|     32581406.55|        185|00:00:20|-0.02|0.03|0.9227|
+-+-----------+-----------+-----------+----------------+-----------+--------+-----+----+------+
Best-so-far configuration:         143    mean value:      32581406.55
Description of the best-so-far configuration:
    .ID. algorithm localsearch alpha beta  rho ants   q0 rasrank elitistants
143  143       acs           3  2.65 2.62 0.62   55 0.23      NA          NA
    nnls dlb .PARENT.
143   15   1      116

# 2025-09-08 21:59:51 -03: Elite configurations (first number is the configuration ID; listed from best to worst according to the sum of ranks):
    algorithm localsearch alpha beta  rho ants   q0 rasrank elitistants nnls
143       acs           3  2.65 2.62 0.62   55 0.23      NA          NA   15
161       acs           3  2.77 1.78 0.74   56 0.47      NA          NA   19
154       acs           3  2.77 2.08 0.75   60 0.26      NA          NA   13
116       acs           3  2.91 2.03 0.72   59 0.37      NA          NA   20
135       acs           3  2.60 2.11 0.74   54 0.45      NA          NA   23
    dlb
143   1
161   1
154   1
116   1
135   1
# 2025-09-08 21:59:51 -03: Iteration 10 of 10
# experimentsUsed: 1305
# remainingBudget: 1445
# currentBudget: 1445
# nbConfigurations: 22
# Markers:
     x No test is performed.
     c Configurations are discarded only due to capping.
     - The test is performed and some configurations are discarded.
     = The test is performed but no configuration is discarded.
     ! The test is performed and configurations could be discarded but elite configurations are preserved.
     . All alive configurations are elite and nothing is discarded.

+-+-----------+-----------+-----------+----------------+-----------+--------+-----+----+------+
| |   Instance|      Alive|       Best|       Mean best| Exp so far|  W time|  rho|KenW|  Qvar|
+-+-----------+-----------+-----------+----------------+-----------+--------+-----+----+------+
|x|         21|         22|        154|     32112100.00|         22|00:00:31|   NA|  NA|    NA|
|x|          2|         22|        182|     32316821.00|         39|00:00:20|+0.20|0.60|0.5841|
|x|         10|         22|        182|     32479993.00|         56|00:00:20|+0.11|0.41|0.7852|
|x|         19|         22|        182|     32481397.00|         73|00:00:21|+0.19|0.40|0.7173|
|-|          6|         17|        167|     32515756.00|         90|00:00:20|-0.07|0.15|0.9811|
|=|          8|         17|        154|     32478077.83|        102|00:00:20|-0.03|0.14|0.9453|
|=|          3|         17|        154|     32488236.00|        114|00:00:21|-0.01|0.14|0.9207|
|=|         14|         17|        154|     32487875.88|        126|00:00:20|+0.03|0.15|0.8912|
|=|         11|         17|        154|     32496288.89|        138|00:00:20|+0.05|0.16|0.8765|
|=|          9|         17|        154|     32503147.60|        150|00:00:20|+0.07|0.16|0.8644|
|=|         13|         17|        154|     32528059.73|        162|00:00:20|+0.06|0.15|0.8753|
|-|         12|          9|        154|     32529460.42|        174|00:00:20|-0.01|0.07|0.8992|
|=|          5|          9|        143|     32554797.38|        178|00:00:10|-0.02|0.06|0.9046|
|=|         17|          9|        154|     32548535.36|        182|00:00:10|-0.00|0.07|0.8867|
|=|          1|          9|        154|     32544423.93|        186|00:00:10|-0.02|0.05|0.8910|
|=|         20|          9|        154|     32545864.12|        190|00:00:10|-0.03|0.04|0.9031|
|=|          4|          9|        143|     32567224.47|        194|00:00:10|-0.03|0.03|0.9012|
|=|          7|          9|        161|     32568021.72|        198|00:00:10|-0.03|0.02|0.9020|
|=|         16|          9|        143|     32574766.00|        202|00:00:10|-0.03|0.03|0.9007|
|=|         15|          9|        161|     32570344.95|        206|00:00:10|-0.03|0.02|0.9069|
|=|         18|          9|        161|     32558815.90|        210|00:00:10|-0.03|0.02|0.9091|
|=|         22|          9|        154|     32549785.91|        219|00:00:10|-0.03|0.02|0.9061|
+-+-----------+-----------+-----------+----------------+-----------+--------+-----+----+------+
Best-so-far configuration:         154    mean value:      32549785.91
Description of the best-so-far configuration:
    .ID. algorithm localsearch alpha beta  rho ants   q0 rasrank elitistants
154  154       acs           3  2.77 2.08 0.75   60 0.26      NA          NA
    nnls dlb .PARENT.
154   13   1      116

# 2025-09-08 22:05:57 -03: Elite configurations (first number is the configuration ID; listed from best to worst according to the sum of ranks):
    algorithm localsearch alpha beta  rho ants   q0 rasrank elitistants nnls
154       acs           3  2.77 2.08 0.75   60 0.26      NA          NA   13
161       acs           3  2.77 1.78 0.74   56 0.47      NA          NA   19
143       acs           3  2.65 2.62 0.62   55 0.23      NA          NA   15
179       acs           3  2.40 3.27 0.58   55 0.23      NA          NA   14
116       acs           3  2.91 2.03 0.72   59 0.37      NA          NA   20
    dlb
154   1
161   1
143   1
179   1
116   1
# 2025-09-08 22:05:57 -03: Iteration 11 of 11
# experimentsUsed: 1524
# remainingBudget: 1226
# currentBudget: 1226
# nbConfigurations: 22
# Markers:
     x No test is performed.
     c Configurations are discarded only due to capping.
     - The test is performed and some configurations are discarded.
     = The test is performed but no configuration is discarded.
     ! The test is performed and configurations could be discarded but elite configurations are preserved.
     . All alive configurations are elite and nothing is discarded.

+-+-----------+-----------+-----------+----------------+-----------+--------+-----+----+------+
| |   Instance|      Alive|       Best|       Mean best| Exp so far|  W time|  rho|KenW|  Qvar|
+-+-----------+-----------+-----------+----------------+-----------+--------+-----+----+------+
|x|         23|         22|        185|     32364226.00|         22|00:00:31|   NA|  NA|    NA|
|x|         21|         22|        186|     32254477.50|         39|00:00:21|+0.04|0.52|1.0379|
|x|         15|         22|        179|     32321772.00|         56|00:00:20|-0.19|0.21|1.1500|
|x|         14|         22|        179|     32383155.50|         73|00:00:20|-0.07|0.20|1.0288|
|=|          3|         22|        179|     32419217.60|         90|00:00:21|+0.03|0.22|0.9295|
|=|          7|         22|        197|     32420696.00|        107|00:00:20|+0.06|0.22|0.8903|
|-|         11|         13|        197|     32439361.00|        124|00:00:20|-0.05|0.10|0.9752|
|=|          4|         13|        197|     32481940.00|        132|00:00:10|-0.05|0.08|0.9711|
|=|         22|         13|        197|     32482161.00|        140|00:00:10|-0.04|0.08|0.9440|
|=|         13|         13|        197|     32503457.40|        148|00:00:10|-0.02|0.08|0.9314|
|=|         16|         13|        197|     32531238.09|        156|00:00:10|-0.03|0.06|0.9403|
|=|          8|         13|        197|     32514277.00|        164|00:00:10|-0.03|0.06|0.9315|
|=|          2|         13|        161|     32522773.85|        172|00:00:10|-0.02|0.06|0.9257|
|=|         17|         13|        197|     32521855.07|        180|00:00:10|-0.02|0.06|0.9220|
|=|          6|         13|        197|     32525795.07|        188|00:00:10|-0.00|0.07|0.9099|
|=|          9|         13|        197|     32529258.69|        196|00:00:10|+0.01|0.07|0.8998|
|=|         10|         13|        197|     32547876.00|        204|00:00:10|+0.01|0.07|0.8965|
|=|         20|         13|        197|     32544079.39|        212|00:00:10|+0.01|0.06|0.9022|
|=|         18|         13|        197|     32534095.53|        220|00:00:10|+0.01|0.06|0.9015|
|=|          5|         13|        161|     32552290.20|        228|00:00:10|-0.01|0.04|0.9206|
|=|         19|         13|        161|     32550940.05|        236|00:00:10|-0.01|0.04|0.9215|
|=|          1|         13|        161|     32549291.36|        244|00:00:10|-0.01|0.04|0.9180|
|=|         12|         13|        185|     32547327.09|        252|00:00:10|-0.01|0.04|0.9188|
|=|         24|         13|        185|     32546599.50|        265|00:00:20|-0.00|0.04|0.9109|
+-+-----------+-----------+-----------+----------------+-----------+--------+-----+----+------+
Best-so-far configuration:         185    mean value:      32546599.50
Description of the best-so-far configuration:
    .ID. algorithm localsearch alpha beta  rho ants   q0 rasrank elitistants
185  185       acs           3  2.63 3.56 0.56   56 0.22      NA          NA
    nnls dlb .PARENT.
185   14   1      179

# 2025-09-08 22:11:43 -03: Elite configurations (first number is the configuration ID; listed from best to worst according to the sum of ranks):
    algorithm localsearch alpha beta  rho ants   q0 rasrank elitistants nnls
185       acs           3  2.63 3.56 0.56   56 0.22      NA          NA   14
154       acs           3  2.77 2.08 0.75   60 0.26      NA          NA   13
161       acs           3  2.77 1.78 0.74   56 0.47      NA          NA   19
143       acs           3  2.65 2.62 0.62   55 0.23      NA          NA   15
197       acs           3  2.80 2.63 0.66   55 0.23      NA          NA   14
    dlb
185   1
154   1
161   1
143   1
197   1
# 2025-09-08 22:11:43 -03: Iteration 12 of 12
# experimentsUsed: 1789
# remainingBudget: 961
# currentBudget: 961
# nbConfigurations: 22
# Markers:
     x No test is performed.
     c Configurations are discarded only due to capping.
     - The test is performed and some configurations are discarded.
     = The test is performed but no configuration is discarded.
     ! The test is performed and configurations could be discarded but elite configurations are preserved.
     . All alive configurations are elite and nothing is discarded.

+-+-----------+-----------+-----------+----------------+-----------+--------+-----+----+------+
| |   Instance|      Alive|       Best|       Mean best| Exp so far|  W time|  rho|KenW|  Qvar|
+-+-----------+-----------+-----------+----------------+-----------+--------+-----+----+------+
|x|         25|         22|        212|     32651975.00|         22|00:00:31|   NA|  NA|    NA|
|x|          9|         22|        143|     32626665.50|         39|00:00:20|+0.16|0.58|0.8745|
|x|         10|         22|        143|     32690012.67|         56|00:00:20|+0.03|0.35|0.9415|
|x|          6|         22|        143|     32660072.00|         73|00:00:21|-0.07|0.20|0.9644|
|=|          3|         22|        143|     32643295.80|         90|00:00:20|+0.00|0.20|0.9194|
|=|         12|         22|        143|     32617479.83|        107|00:00:20|+0.01|0.17|0.9229|
|=|         16|         22|        143|     32637075.86|        124|00:00:21|+0.00|0.14|0.9339|
|=|         21|         22|        143|     32576930.62|        141|00:00:20|+0.03|0.15|0.9035|
|=|         24|         22|        143|     32577734.89|        158|00:00:20|+0.03|0.14|0.9037|
|=|          4|         22|        143|     32601881.60|        175|00:00:21|+0.01|0.11|0.9330|
|=|         13|         22|        143|     32613448.82|        192|00:00:20|-0.00|0.09|0.9443|
|=|         18|         22|        206|     32589307.83|        209|00:00:20|+0.01|0.10|0.9330|
|=|          1|         22|        207|     32580041.77|        226|00:00:21|+0.02|0.10|0.9242|
|-|         19|         15|        207|     32574097.36|        243|00:00:20|-0.03|0.04|0.9549|
|=|         22|         15|        185|     32569705.73|        253|00:00:10|-0.03|0.04|0.9558|
|=|         11|         15|        154|     32571883.56|        263|00:00:10|-0.03|0.03|0.9531|
|=|         15|         15|        185|     32565979.71|        273|00:00:10|-0.04|0.02|0.9620|
|=|         17|         15|        154|     32560633.44|        283|00:00:10|-0.03|0.03|0.9573|
|=|          5|         15|        206|     32573063.74|        293|00:00:10|-0.03|0.02|0.9606|
|=|         23|         15|        185|     32566055.65|        303|00:00:10|-0.03|0.02|0.9583|
|=|         14|         15|        185|     32565697.33|        313|00:00:10|-0.03|0.02|0.9595|
|=|          2|         15|        206|     32565114.23|        323|00:00:10|-0.03|0.01|0.9636|
|=|         20|         15|        206|     32563547.00|        333|00:00:10|-0.03|0.01|0.9631|
|=|          7|         15|        206|     32558276.75|        343|00:00:10|-0.03|0.02|0.9564|
|=|          8|         15|        206|     32549600.40|        353|00:00:10|-0.03|0.02|0.9580|
|=|         26|         15|        185|     32551046.08|        368|00:00:20|-0.02|0.02|0.9558|
+-+-----------+-----------+-----------+----------------+-----------+--------+-----+----+------+
Best-so-far configuration:         185    mean value:      32551046.08
Description of the best-so-far configuration:
    .ID. algorithm localsearch alpha beta  rho ants   q0 rasrank elitistants
185  185       acs           3  2.63 3.56 0.56   56 0.22      NA          NA
    nnls dlb .PARENT.
185   14   1      179

# 2025-09-08 22:19:04 -03: Elite configurations (first number is the configuration ID; listed from best to worst according to the sum of ranks):
    algorithm localsearch alpha beta  rho ants   q0 rasrank elitistants nnls
185       acs           3  2.63 3.56 0.56   56 0.22      NA          NA   14
206       acs           3  2.75 4.34 0.59   59 0.19      NA          NA   13
200       acs           3  2.58 3.87 0.52   53 0.24      NA          NA   12
197       acs           3  2.80 2.63 0.66   55 0.23      NA          NA   14
154       acs           3  2.77 2.08 0.75   60 0.26      NA          NA   13
    dlb
185   1
206   1
200   1
197   1
154   1
# 2025-09-08 22:19:04 -03: Iteration 13 of 13
# experimentsUsed: 2157
# remainingBudget: 593
# currentBudget: 593
# nbConfigurations: 22
# Markers:
     x No test is performed.
     c Configurations are discarded only due to capping.
     - The test is performed and some configurations are discarded.
     = The test is performed but no configuration is discarded.
     ! The test is performed and configurations could be discarded but elite configurations are preserved.
     . All alive configurations are elite and nothing is discarded.

+-+-----------+-----------+-----------+----------------+-----------+--------+-----+----+------+
| |   Instance|      Alive|       Best|       Mean best| Exp so far|  W time|  rho|KenW|  Qvar|
+-+-----------+-----------+-----------+----------------+-----------+--------+-----+----+------+
|x|         27|         22|        224|     32322013.00|         22|00:00:31|   NA|  NA|    NA|
|x|         11|         22|        197|     32449004.00|         39|00:00:20|-0.04|0.48|1.0200|
|x|         25|         22|        228|     32513392.33|         56|00:00:20|+0.11|0.41|0.8137|
|x|         14|         22|        228|     32525227.50|         73|00:00:21|-0.01|0.24|0.9680|
|=|          9|         22|        197|     32538380.40|         90|00:00:20|+0.06|0.25|0.8982|
|=|          5|         22|        206|     32587745.17|        107|00:00:20|+0.00|0.17|0.9572|
|=|         10|         22|        197|     32620667.57|        124|00:00:20|-0.04|0.11|0.9869|
|=|         22|         22|        232|     32604990.25|        141|00:00:20|-0.05|0.09|0.9921|
|=|          2|         22|        232|     32601739.11|        158|00:00:20|-0.03|0.08|0.9794|
|=|         12|         22|        232|     32588356.50|        175|00:00:20|-0.01|0.09|0.9557|
|=|         18|         22|        232|     32563604.36|        192|00:00:20|-0.01|0.08|0.9589|
|=|         19|         22|        232|     32561127.25|        209|00:00:20|-0.01|0.08|0.9510|
|=|         26|         22|        232|     32562665.54|        226|00:00:20|+0.00|0.08|0.9417|
|=|          7|         22|        206|     32556378.93|        243|00:00:20|+0.02|0.09|0.9270|
|=|         17|         22|        206|     32554630.73|        260|00:00:20|+0.01|0.08|0.9362|
|=|          8|         22|        185|     32544991.19|        277|00:00:20|+0.02|0.08|0.9289|
|=|         13|         22|        206|     32549039.00|        294|00:00:20|+0.03|0.08|0.9192|
|=|         20|         22|        230|     32551989.94|        311|00:00:20|+0.02|0.07|0.9264|
|-|         24|         18|        206|     32546694.11|        328|00:00:21|-0.01|0.04|0.9558|
|=|          1|         18|        185|     32549932.10|        341|00:00:20|-0.01|0.04|0.9551|
|=|          4|         18|        185|     32559281.00|        354|00:00:20|+0.00|0.05|0.9442|
|=|         15|         18|        185|     32553036.82|        367|00:00:21|-0.00|0.04|0.9469|
|=|         21|         18|        200|     32532901.17|        380|00:00:20|-0.01|0.04|0.9537|
|=|          6|         18|        185|     32538570.33|        393|00:00:20|-0.01|0.03|0.9561|
|=|          3|         18|        185|     32540910.68|        406|00:00:21|-0.01|0.03|0.9560|
|=|         16|         18|        185|     32550998.50|        419|00:00:20|-0.00|0.03|0.9550|
|=|         23|         18|        185|     32544081.00|        432|00:00:20|-0.00|0.03|0.9536|
|=|         28|         18|        206|     32546745.68|        450|00:00:21|-0.00|0.03|0.9535|
+-+-----------+-----------+-----------+----------------+-----------+--------+-----+----+------+
Best-so-far configuration:         206    mean value:      32546745.68
Description of the best-so-far configuration:
    .ID. algorithm localsearch alpha beta  rho ants   q0 rasrank elitistants
206  206       acs           3  2.75 4.34 0.59   59 0.19      NA          NA
    nnls dlb .PARENT.
206   13   1      185

# 2025-09-08 22:29:00 -03: Elite configurations (first number is the configuration ID; listed from best to worst according to the sum of ranks):
    algorithm localsearch alpha beta  rho ants   q0 rasrank elitistants nnls
206       acs           3  2.75 4.34 0.59   59 0.19      NA          NA   13
185       acs           3  2.63 3.56 0.56   56 0.22      NA          NA   14
200       acs           3  2.58 3.87 0.52   53 0.24      NA          NA   12
221       acs           3  2.84 4.63 0.58   58 0.17      NA          NA   11
197       acs           3  2.80 2.63 0.66   55 0.23      NA          NA   14
    dlb
206   1
185   1
200   1
221   1
197   1
# 2025-09-08 22:29:00 -03: Stopped because there is not enough budget to enforce the value of nbConfigurations.
# Iteration: 14
# nbIterations: 14
# experimentsUsed: 2607
# timeUsed: 0
# remainingBudget: 143
# currentBudget: 143
# number of elites: 5
# nbConfigurations: 9
# Total CPU user time: 28272.58, CPU sys time: 219.497, Wall-clock time: 3783.845
# 2025-09-08 22:29:01 -03: Starting post-selection:
# Configurations selected: 206, 185, 200, 221, 197, 154, 161, 143, 179, 116, 135, 137, 107, 124, 129, 86.
# Pending instances: 1, 1, 1, 1, 1, 1, 3, 3, 5, 5, 7, 9, 9, 11, 11, 11.
# 2025-09-08 22:29:01 -03: seed: 1969353053
# Configurations: 16
# Available experiments: 143
# minSurvival: 1
# Markers:
     x No test is performed.
     c Configurations are discarded only due to capping.
     - The test is performed and some configurations are discarded.
     = The test is performed but no configuration is discarded.
     ! The test is performed and configurations could be discarded but elite configurations are preserved.
     . All alive configurations are elite and nothing is discarded.

+-+-----------+-----------+-----------+----------------+-----------+--------+-----+----+------+
| |   Instance|      Alive|       Best|       Mean best| Exp so far|  W time|  rho|KenW|  Qvar|
+-+-----------+-----------+-----------+----------------+-----------+--------+-----+----+------+
|x|         26|         16|        185|     32489153.00|          8|00:00:10|   NA|  NA|    NA|
|.|         17|         16|        185|     32512825.00|          8|00:00:00|+0.46|0.73|0.4990|
|x|         24|         16|        200|     32513506.33|         14|00:00:10|+0.27|0.51|0.6890|
|x|         22|         16|        185|     32503434.00|         19|00:00:10|+0.13|0.35|0.8027|
|.|          6|         16|        185|     32515990.20|         19|00:00:00|+0.07|0.25|0.8910|
|.|          4|         16|        185|     32554368.33|         19|00:00:00|+0.11|0.26|0.8424|
|x|         23|         16|        185|     32527205.14|         25|00:00:10|+0.14|0.26|0.8146|
|.|         11|         16|        185|     32543074.50|         25|00:00:00|+0.10|0.22|0.8533|
|.|          3|         16|        185|     32549075.00|         25|00:00:00|+0.11|0.21|0.8409|
|x|         20|         16|        197|     32548876.90|         28|00:00:10|+0.06|0.16|0.8922|
|.|          2|         16|        197|     32552104.91|         28|00:00:00|+0.02|0.11|0.9344|
|.|         13|         16|        197|     32564023.25|         28|00:00:00|+0.03|0.11|0.9206|
|.|         18|         16|        197|     32547897.31|         28|00:00:00|+0.04|0.12|0.9097|
|.|         16|         16|        197|     32566550.71|         28|00:00:00|+0.02|0.09|0.9239|
|x|         19|         16|        185|     32565270.87|         31|00:00:10|+0.04|0.10|0.9106|
|.|          8|         16|        185|     32546696.75|         31|00:00:00|+0.03|0.09|0.9127|
|.|          9|         16|        185|     32552674.29|         31|00:00:00|+0.03|0.09|0.9129|
|.|          7|         16|        185|     32547293.39|         31|00:00:00|+0.03|0.09|0.9045|
|.|         10|         16|        185|     32561672.68|         31|00:00:00|+0.03|0.08|0.9067|
|.|          1|         16|        185|     32555251.50|         31|00:00:00|+0.03|0.08|0.8984|
|.|          5|         16|        185|     32566845.95|         31|00:00:00|+0.04|0.09|0.8880|
|x|         25|         16|        185|     32573791.91|         39|00:00:10|+0.04|0.09|0.8852|
|.|         15|         16|        185|     32567188.30|         39|00:00:00|+0.04|0.08|0.8870|
|x|         27|         16|        185|     32558680.00|         49|00:00:10|+0.06|0.09|0.8739|
|x|         28|         16|        185|     32566885.76|         59|00:00:10|+0.05|0.09|0.8797|
|.|         12|         16|        185|     32565492.96|         59|00:00:00|+0.04|0.08|0.8915|
|.|         14|         16|        185|     32565235.11|         59|00:00:00|+0.04|0.08|0.8867|
|-|         21|         13|        200|     32552401.07|         64|00:00:10|-0.01|0.03|0.9258|
|=|         29|         13|        197|     32549645.59|         77|00:00:20|-0.01|0.03|0.9272|
|=|         30|         13|        197|     32560106.97|         90|00:00:20|-0.01|0.03|0.9254|
|=|         31|         13|        206|     32549965.97|        103|00:00:20|-0.00|0.03|0.9224|
|=|         32|         13|        206|     32545976.50|        116|00:00:20|+0.00|0.03|0.9181|
|=|         33|         13|        197|     32540935.55|        129|00:00:20|+0.00|0.03|0.9197|
|=|         34|         13|        197|     32542508.82|        142|00:00:20|+0.00|0.03|0.9173|
+-+-----------+-----------+-----------+----------------+-----------+--------+-----+----+------+
Best-so-far configuration:         197    mean value:      32542508.82
Description of the best-so-far configuration:
    .ID. algorithm localsearch alpha beta  rho ants   q0 rasrank elitistants
197  197       acs           3   2.8 2.63 0.66   55 0.23      NA          NA
    nnls dlb .PARENT.
197   14   1      143

# 2025-09-08 22:32:51 -03: Elite configurations (first number is the configuration ID; listed from best to worst according to the sum of ranks):
    algorithm localsearch alpha beta  rho ants   q0 rasrank elitistants nnls
197       acs           3  2.80 2.63 0.66   55 0.23      NA          NA   14
206       acs           3  2.75 4.34 0.59   59 0.19      NA          NA   13
200       acs           3  2.58 3.87 0.52   53 0.24      NA          NA   12
185       acs           3  2.63 3.56 0.56   56 0.22      NA          NA   14
221       acs           3  2.84 4.63 0.58   58 0.17      NA          NA   11
    dlb
197   1
206   1
200   1
185   1
221   1
# Total CPU user time: 29743.12, CPU sys time: 231.379, Wall-clock time: 4014.254
    .ID. algorithm localsearch alpha beta  rho ants   q0 rasrank elitistants
197  197       acs           3  2.80 2.63 0.66   55 0.23      NA          NA
206  206       acs           3  2.75 4.34 0.59   59 0.19      NA          NA
200  200       acs           3  2.58 3.87 0.52   53 0.24      NA          NA
185  185       acs           3  2.63 3.56 0.56   56 0.22      NA          NA
221  221       acs           3  2.84 4.63 0.58   58 0.17      NA          NA
    nnls dlb .PARENT. .RANK.   .WEIGHT.
197   14   1      143    204 0.33333333
206   13   1      185    204 0.26666667
200   12   1      185    212 0.20000000
185   14   1      179    223 0.13333333
221   11   1      206    229 0.06666667
