# 2025-10-13 12:18:48 -03: Reading parameter file '/home/pestobar/Activities/irace-test-executions/PSO-X-withRanking/Scenarios/BH/Runs/BH_seed_1700359/parameters.txt'.
# 2025-10-13 12:18:48 -03: 2 expression(s) specifying forbidden configurations read.
# 2025-10-13 12:18:48 -03: Initialization
# Elitist race
# Elitist new instances: 1
# Elitist limit: 2
# nbIterations: 5
# minNbSurvival: 5
# nbParameters: 8
# seed: 1700359
# confidence level: 0.95
# budget: 4000
# mu: 5
# deterministic: FALSE

# 2025-10-13 12:18:48 -03: Iteration 1 of 5
# experimentsUsed: 0
# remainingBudget: 4000
# currentBudget: 800
# nbConfigurations: 133
# Markers:
     x No test is performed.
     c Configurations are discarded only due to capping.
     - The test is performed and some configurations are discarded.
     = The test is performed but no configuration is discarded.
     ! The test is performed and configurations could be discarded but elite configurations are preserved.
     . All alive configurations are elite and nothing is discarded.

+-+-----------+-----------+-----------+----------------+-----------+--------+-----+----+------+
| |   Instance|      Alive|       Best|       Mean best| Exp so far|  W time|  rho|KenW|  Qvar|
+-+-----------+-----------+-----------+----------------+-----------+--------+-----+----+------+
|x|          1|        132|         28|     73.12610408|        132|00:00:53|   NA|  NA|    NA|
|x|          2|        132|         92|     82.62847170|        264|00:00:55|+0.92|0.96|0.1854|
|x|          3|        132|         91|     15242.23339|        396|00:00:53|+0.74|0.83|0.3438|
|x|          4|        132|         32|     12798.41227|        528|00:00:52|+0.76|0.82|0.3554|
|-|          5|         36|         32|     10241.14676|        660|00:00:53|-0.09|0.13|1.0790|
|=|          6|         36|         32|     8534.358947|        696|00:00:13|+0.01|0.17|1.0168|
|=|          7|         36|         23|     7339.032724|        732|00:02:05|-0.01|0.13|0.9838|
+-+-----------+-----------+-----------+----------------+-----------+--------+-----+----+------+
Best-so-far configuration:          23    mean value:      7339.032724
Description of the best-so-far configuration:
   .ID. particles topology modInfluence branching tSchedule phi1 phi2 inertia
23   23        10        5            2        NA        10 1.89 1.09    0.25
   .PARENT.
23       NA

# 2025-10-13 12:25:37 -03: Elite configurations (first number is the configuration ID; listed from best to worst according to the sum of ranks):
    particles topology modInfluence branching tSchedule phi1 phi2 inertia
23         10        5            2        NA        10 1.89 1.09    0.25
32         13        0            1        NA        NA 2.24 2.46    0.35
102         8        2            1        NA        NA 1.48 0.80    0.30
28         22        1            1        NA        NA 2.36 1.87    0.08
12        178        4            0        NA        NA 1.65 2.11    0.62
# 2025-10-13 12:25:37 -03: Iteration 2 of 5
# experimentsUsed: 732
# remainingBudget: 3268
# currentBudget: 817
# nbConfigurations: 106
# Markers:
     x No test is performed.
     c Configurations are discarded only due to capping.
     - The test is performed and some configurations are discarded.
     = The test is performed but no configuration is discarded.
     ! The test is performed and configurations could be discarded but elite configurations are preserved.
     . All alive configurations are elite and nothing is discarded.

+-+-----------+-----------+-----------+----------------+-----------+--------+-----+----+------+
| |   Instance|      Alive|       Best|       Mean best| Exp so far|  W time|  rho|KenW|  Qvar|
+-+-----------+-----------+-----------+----------------+-----------+--------+-----+----+------+
|x|          8|        106|        222|     28.04314220|        106|00:02:35|   NA|  NA|    NA|
|x|          2|        106|        216|     42.89136090|        207|00:00:37|+0.02|0.51|0.8028|
|x|          3|        106|        154|     14119.22722|        308|00:00:36|+0.15|0.44|0.7063|
|x|          1|        106|        138|     16441.28929|        409|00:00:36|+0.32|0.49|0.5933|
|-|          7|         68|        154|     8677.294358|        510|00:05:21|-0.11|0.11|1.0467|
|=|          6|         68|        168|     5469.290629|        573|00:00:13|-0.04|0.13|1.0061|
|=|          5|         68|        222|     11709.71099|        636|00:00:14|+0.00|0.15|0.9857|
|=|          4|         68|         32|     6521.642916|        699|00:00:13|+0.03|0.16|0.9539|
|=|          9|         68|         32|     5818.795007|        767|00:00:17|+0.04|0.14|0.9366|
+-+-----------+-----------+-----------+----------------+-----------+--------+-----+----+------+
Best-so-far configuration:          32    mean value:      5818.795007
Description of the best-so-far configuration:
   .ID. particles topology modInfluence branching tSchedule phi1 phi2 inertia
32   32        13        0            1        NA        NA 2.24 2.46    0.35
   .PARENT.
32       NA

# 2025-10-13 12:36:22 -03: Elite configurations (first number is the configuration ID; listed from best to worst according to the sum of ranks):
    particles topology modInfluence branching tSchedule phi1 phi2 inertia
32         13        0            1        NA        NA 2.24 2.46    0.35
191        52        4            0        NA        NA 1.74 2.32    0.50
192        82        4            0        NA        NA 2.31 2.45    0.64
138        17        0            1        NA        NA 2.49 2.38    0.33
222        29        0            1        NA        NA 2.43 2.29    0.14
# 2025-10-13 12:36:22 -03: Iteration 3 of 5
# experimentsUsed: 1499
# remainingBudget: 2501
# currentBudget: 833
# nbConfigurations: 87
# Markers:
     x No test is performed.
     c Configurations are discarded only due to capping.
     - The test is performed and some configurations are discarded.
     = The test is performed but no configuration is discarded.
     ! The test is performed and configurations could be discarded but elite configurations are preserved.
     . All alive configurations are elite and nothing is discarded.

+-+-----------+-----------+-----------+----------------+-----------+--------+-----+----+------+
| |   Instance|      Alive|       Best|       Mean best| Exp so far|  W time|  rho|KenW|  Qvar|
+-+-----------+-----------+-----------+----------------+-----------+--------+-----+----+------+
|x|         10|         87|        239|     15375.42258|         87|00:00:33|   NA|  NA|    NA|
|x|          5|         87|        294|     8100.220521|        169|00:00:29|-0.07|0.46|0.9729|
|x|          3|         87|        293|     10229.76034|        251|00:00:29|+0.20|0.47|0.6656|
|x|          8|         87|        302|     9346.837231|        333|00:02:07|+0.13|0.35|0.7684|
|-|          7|         33|        302|     7659.218328|        415|00:04:29|-0.00|0.20|1.0460|
|=|          1|         33|        302|     6411.105798|        443|00:00:04|-0.03|0.14|0.9944|
|=|          4|         33|        302|     5495.338752|        471|00:00:04|+0.02|0.16|0.9490|
|=|          6|         33|        272|     8744.468788|        499|00:00:04|+0.00|0.13|0.9740|
|=|          2|         33|        272|     7781.317054|        527|00:00:04|-0.03|0.09|0.9918|
|=|          9|         33|        272|     7021.619581|        555|00:00:05|-0.02|0.09|0.9703|
|=|         11|         33|        272|     6383.628809|        588|00:00:06|-0.01|0.08|0.9686|
+-+-----------+-----------+-----------+----------------+-----------+--------+-----+----+------+
Best-so-far configuration:         272    mean value:      6383.628809
Description of the best-so-far configuration:
    .ID. particles topology modInfluence branching tSchedule phi1 phi2 inertia
272  272         9        0            1        NA        NA 2.07 1.51     0.2
    .PARENT.
272       32

# 2025-10-13 12:45:02 -03: Elite configurations (first number is the configuration ID; listed from best to worst according to the sum of ranks):
    particles topology modInfluence branching tSchedule phi1 phi2 inertia
272         9        0            1        NA        NA 2.07 1.51    0.20
192        82        4            0        NA        NA 2.31 2.45    0.64
293        13        4            0        NA        NA 2.01 2.10    0.37
302        92        4            0        NA        NA 2.05 2.12    0.73
32         13        0            1        NA        NA 2.24 2.46    0.35
# 2025-10-13 12:45:02 -03: Iteration 4 of 5
# experimentsUsed: 2087
# remainingBudget: 1913
# currentBudget: 956
# nbConfigurations: 84
# Markers:
     x No test is performed.
     c Configurations are discarded only due to capping.
     - The test is performed and some configurations are discarded.
     = The test is performed but no configuration is discarded.
     ! The test is performed and configurations could be discarded but elite configurations are preserved.
     . All alive configurations are elite and nothing is discarded.

+-+-----------+-----------+-----------+----------------+-----------+--------+-----+----+------+
| |   Instance|      Alive|       Best|       Mean best| Exp so far|  W time|  rho|KenW|  Qvar|
+-+-----------+-----------+-----------+----------------+-----------+--------+-----+----+------+
|x|         12|         84|        386|     59.03342986|         84|00:00:18|   NA|  NA|    NA|
|x|          3|         84|        393|     3104.310215|        163|00:00:17|+0.45|0.73|0.4920|
|x|          8|         84|        318|     2551.872755|        242|00:01:57|+0.15|0.44|0.7284|
|x|          4|         84|        318|     1914.051355|        321|00:00:16|+0.24|0.43|0.6080|
|=|          6|         84|        364|     3166.792852|        400|00:00:16|+0.02|0.21|0.5677|
|=|         11|         84|        364|     2639.618010|        479|00:00:17|+0.01|0.17|0.5138|
|=|          5|         84|        364|     2264.348278|        558|00:00:17|+0.03|0.17|0.4638|
|-|          7|         50|        364|     2095.206572|        637|00:04:04|-0.04|0.09|1.0294|
|=|          1|         50|        364|     1874.776876|        682|00:00:08|-0.01|0.10|1.0173|
|=|          9|         50|        364|     1709.733324|        727|00:00:11|-0.05|0.06|1.0264|
|=|          2|         50|        272|     4429.875189|        772|00:00:09|-0.04|0.06|1.0187|
|=|         10|         50|        366|     3598.224090|        817|00:00:10|-0.04|0.05|1.0092|
|=|         13|         50|        366|     3331.927228|        867|00:00:10|-0.03|0.05|0.9909|
+-+-----------+-----------+-----------+----------------+-----------+--------+-----+----+------+
Best-so-far configuration:         366    mean value:      3331.927228
Description of the best-so-far configuration:
    .ID. particles topology modInfluence branching tSchedule phi1 phi2 inertia
366  366        85        4            0        NA        NA 2.15 2.28    0.55
    .PARENT.
366      192

# 2025-10-13 12:53:38 -03: Elite configurations (first number is the configuration ID; listed from best to worst according to the sum of ranks):
    particles topology modInfluence branching tSchedule phi1 phi2 inertia
366        85        4            0        NA        NA 2.15 2.28    0.55
350        54        4            0        NA        NA 2.37 2.42    0.54
192        82        4            0        NA        NA 2.31 2.45    0.64
302        92        4            0        NA        NA 2.05 2.12    0.73
368        65        4            0        NA        NA 2.08 2.49    0.67
# 2025-10-13 12:53:38 -03: Iteration 5 of 5
# experimentsUsed: 2954
# remainingBudget: 1046
# currentBudget: 1046
# nbConfigurations: 79
# Markers:
     x No test is performed.
     c Configurations are discarded only due to capping.
     - The test is performed and some configurations are discarded.
     = The test is performed but no configuration is discarded.
     ! The test is performed and configurations could be discarded but elite configurations are preserved.
     . All alive configurations are elite and nothing is discarded.

+-+-----------+-----------+-----------+----------------+-----------+--------+-----+----+------+
| |   Instance|      Alive|       Best|       Mean best| Exp so far|  W time|  rho|KenW|  Qvar|
+-+-----------+-----------+-----------+----------------+-----------+--------+-----+----+------+
|x|         14|         79|        444|     57135.58858|         79|00:00:09|   NA|  NA|    NA|
|x|          1|         79|        405|     34749.75776|        153|00:00:09|+0.42|0.71|0.6568|
|x|          5|         79|        445|     26586.70634|        227|00:00:08|+0.40|0.60|0.5173|
|x|          3|         79|        445|     23985.80990|        301|00:00:08|+0.01|0.26|0.8909|
|=|          4|         79|        466|     18290.70826|        375|00:00:07|+0.02|0.21|0.8841|
|=|          9|         79|        466|     15261.99849|        449|00:00:12|-0.01|0.16|0.8841|
|=|          8|         79|        466|     13086.46474|        523|00:01:44|+0.00|0.15|0.8974|
|=|         13|         79|        466|     11467.21020|        597|00:00:09|+0.03|0.15|0.8578|
|-|          7|         56|        350|     12772.22991|        671|00:03:53|-0.05|0.06|1.0197|
|=|         11|         56|        466|     9265.272465|        722|00:00:07|-0.06|0.05|1.0330|
|=|         10|         56|        429|     18015.43660|        773|00:00:08|-0.04|0.05|1.0165|
|=|         12|         56|        429|     16522.66233|        824|00:00:07|-0.04|0.05|1.0055|
|=|          2|         56|        462|     12268.67972|        875|00:00:07|-0.02|0.05|0.9921|
|=|          6|         56|        366|     10226.40224|        926|00:00:05|-0.03|0.04|1.0037|
|=|         15|         56|        366|     9544.704469|        982|00:00:07|-0.03|0.04|1.0069|
+-+-----------+-----------+-----------+----------------+-----------+--------+-----+----+------+
Best-so-far configuration:         366    mean value:      9544.704469
Description of the best-so-far configuration:
    .ID. particles topology modInfluence branching tSchedule phi1 phi2 inertia
366  366        85        4            0        NA        NA 2.15 2.28    0.55
    .PARENT.
366      192

# 2025-10-13 13:01:07 -03: Elite configurations (first number is the configuration ID; listed from best to worst according to the sum of ranks):
    particles topology modInfluence branching tSchedule phi1 phi2 inertia
366        85        4            0        NA        NA 2.15 2.28    0.55
466        44        4            0        NA        NA 2.39 2.42    0.53
458        93        4            0        NA        NA 2.16 2.46    0.52
448       101        4            0        NA        NA 2.07 2.33    0.48
420       101        4            0        NA        NA 2.35 2.41    0.57
# 2025-10-13 13:01:07 -03: Iteration 6 of 6
# experimentsUsed: 3936
# remainingBudget: 64
# currentBudget: 64
# nbConfigurations: 8
# Markers:
     x No test is performed.
     c Configurations are discarded only due to capping.
     - The test is performed and some configurations are discarded.
     = The test is performed but no configuration is discarded.
     ! The test is performed and configurations could be discarded but elite configurations are preserved.
     . All alive configurations are elite and nothing is discarded.

+-+-----------+-----------+-----------+----------------+-----------+--------+-----+----+------+
| |   Instance|      Alive|       Best|       Mean best| Exp so far|  W time|  rho|KenW|  Qvar|
+-+-----------+-----------+-----------+----------------+-----------+--------+-----+----+------+
|x|         16|          8|        469|     134411.5228|          8|00:00:01|   NA|  NA|    NA|
|x|          5|          8|        469|     67211.96690|         11|00:00:01|-0.29|0.36|0.9863|
|x|         10|          8|        469|     50053.15469|         14|00:00:01|-0.05|0.30|0.9574|
|x|         12|          8|        469|     37560.89100|         17|00:00:01|+0.06|0.30|0.7974|
|=|          9|          8|        469|     30070.40650|         20|00:00:01|+0.11|0.29|0.8043|
|=|          2|          8|        469|     25073.43945|         23|00:00:01|+0.18|0.32|0.7148|
|-|          7|          6|        469|     21621.38210|         26|00:00:29|+0.19|0.31|0.7128|
|=|          3|          6|        366|     22785.53624|         27|00:00:01|+0.09|0.20|0.7950|
|=|          6|          6|        366|     20253.88248|         28|00:00:00|+0.13|0.22|0.7561|
|=|          4|          6|        366|     18228.57553|         29|00:00:00|+0.06|0.16|0.7730|
|=|         14|          6|        366|     25649.12115|         30|00:00:01|+0.04|0.13|0.8036|
|=|          1|          6|        366|     23521.59440|         31|00:00:01|+0.05|0.13|0.7930|
|=|         11|          6|        366|     21712.56952|         32|00:00:01|+0.03|0.11|0.8142|
|=|         15|          6|        366|     20161.73853|         33|00:00:01|+0.02|0.09|0.8300|
|=|         13|          6|        469|     20866.24762|         34|00:00:01|+0.01|0.07|0.8394|
|=|          8|          6|        366|     17651.95075|         35|00:00:13|+0.02|0.08|0.8337|
|=|         17|          6|        366|     17557.62226|         41|00:00:01|+0.02|0.08|0.8304|
+-+-----------+-----------+-----------+----------------+-----------+--------+-----+----+------+
Best-so-far configuration:         366    mean value:      17557.62226
Description of the best-so-far configuration:
    .ID. particles topology modInfluence branching tSchedule phi1 phi2 inertia
366  366        85        4            0        NA        NA 2.15 2.28    0.55
    .PARENT.
366      192

# 2025-10-13 13:02:08 -03: Elite configurations (first number is the configuration ID; listed from best to worst according to the sum of ranks):
    particles topology modInfluence branching tSchedule phi1 phi2 inertia
366        85        4            0        NA        NA 2.15 2.28    0.55
469        77        4            0        NA        NA 2.20 2.31    0.48
458        93        4            0        NA        NA 2.16 2.46    0.52
448       101        4            0        NA        NA 2.07 2.33    0.48
420       101        4            0        NA        NA 2.35 2.41    0.57
# 2025-10-13 13:02:08 -03: Iteration 7 of 7
# experimentsUsed: 3977
# remainingBudget: 23
# currentBudget: 23
# nbConfigurations: 6
# Markers:
     x No test is performed.
     c Configurations are discarded only due to capping.
     - The test is performed and some configurations are discarded.
     = The test is performed but no configuration is discarded.
     ! The test is performed and configurations could be discarded but elite configurations are preserved.
     . All alive configurations are elite and nothing is discarded.

+-+-----------+-----------+-----------+----------------+-----------+--------+-----+----+------+
| |   Instance|      Alive|       Best|       Mean best| Exp so far|  W time|  rho|KenW|  Qvar|
+-+-----------+-----------+-----------+----------------+-----------+--------+-----+----+------+
|x|         18|          6|        420|     868.1828659|          6|00:00:32|   NA|  NA|    NA|
|x|          9|          6|        366|     516.5948849|          7|00:00:01|-0.26|0.37|1.1433|
|x|         13|          6|        366|     389.8515528|          8|00:00:01|-0.33|0.11|1.1530|
|x|         10|          6|        366|     4177.438636|          9|00:00:01|-0.01|0.24|0.9509|
|=|          8|          6|        366|     3348.052456|         10|00:00:13|+0.09|0.27|0.9057|
|=|         15|          6|        366|     2790.199659|         11|00:00:01|+0.01|0.17|0.9120|
|=|         17|          6|        366|     4684.223463|         12|00:00:01|+0.03|0.17|0.8815|
|=|          5|          6|        366|     4100.415334|         13|00:00:01|+0.04|0.16|0.8807|
|=|         12|          6|        469|     3742.778667|         14|00:00:01|+0.11|0.21|0.8242|
|=|          3|          6|        366|     5919.558072|         15|00:00:01|+0.09|0.18|0.8465|
|=|          1|          6|        366|     5392.216440|         16|00:00:01|+0.11|0.19|0.8244|
|-|          2|          5|        366|     4948.160469|         17|00:00:01|+0.08|0.16|0.7910|
|.|         11|          5|        366|     4567.861277|         17|00:00:00|+0.04|0.11|0.8182|
|.|          4|          5|        366|     4241.643538|         17|00:00:00|+0.01|0.08|0.8266|
|.|          7|          5|        366|     4019.475677|         17|00:00:00|-0.01|0.06|0.8273|
|.|         14|          5|        366|     10009.16953|         17|00:00:00|-0.00|0.06|0.8252|
|.|          6|          5|        366|     9420.433232|         17|00:00:00|+0.01|0.07|0.8100|
|.|         16|          5|        366|     16633.77833|         17|00:00:00|+0.03|0.08|0.7961|
+-+-----------+-----------+-----------+----------------+-----------+--------+-----+----+------+
Best-so-far configuration:         366    mean value:      16633.77833
Description of the best-so-far configuration:
    .ID. particles topology modInfluence branching tSchedule phi1 phi2 inertia
366  366        85        4            0        NA        NA 2.15 2.28    0.55
    .PARENT.
366      192

# 2025-10-13 13:03:05 -03: Elite configurations (first number is the configuration ID; listed from best to worst according to the sum of ranks):
    particles topology modInfluence branching tSchedule phi1 phi2 inertia
366        85        4            0        NA        NA 2.15 2.28    0.55
469        77        4            0        NA        NA 2.20 2.31    0.48
420       101        4            0        NA        NA 2.35 2.41    0.57
458        93        4            0        NA        NA 2.16 2.46    0.52
448       101        4            0        NA        NA 2.07 2.33    0.48
# 2025-10-13 13:03:05 -03: Stopped because there is not enough budget left to race more than the minimum (5).
# You may either increase the budget or set 'minNbSurvival' to a lower value.
# Iteration: 8
# nbIterations: 8
# experimentsUsed: 3994
# timeUsed: 0
# remainingBudget: 6
# currentBudget: 6
# number of elites: 5
# nbConfigurations: 5
# Total CPU user time: 22477.68, CPU sys time: 169.056, Wall-clock time: 2657.345
# 2025-10-13 13:03:05 -03: Starting post-selection:
# Configurations selected: 366, 469, 420, 458, 448.
# Pending instances: 1, 1, 1, 1, 1.
# 2025-10-13 13:03:06 -03: seed: 1700359
# Configurations: 5
# Available experiments: 6
# minSurvival: 1
# Markers:
     x No test is performed.
     c Configurations are discarded only due to capping.
     - The test is performed and some configurations are discarded.
     = The test is performed but no configuration is discarded.
     ! The test is performed and configurations could be discarded but elite configurations are preserved.
     . All alive configurations are elite and nothing is discarded.

+-+-----------+-----------+-----------+----------------+-----------+--------+-----+----+------+
| |   Instance|      Alive|       Best|       Mean best| Exp so far|  W time|  rho|KenW|  Qvar|
+-+-----------+-----------+-----------+----------------+-----------+--------+-----+----+------+
|.|         18|          5|        420|     868.1828659|          0|00:00:00|   NA|  NA|    NA|
|.|          6|          5|        420|     434.4521499|          0|00:00:00|+0.80|0.90|0.4962|
|.|         14|          5|        420|     35219.04170|          0|00:00:00|+0.43|0.62|0.4768|
|.|          7|          5|        420|     26641.40902|          0|00:00:00|+0.28|0.46|0.5695|
|.|         16|          5|        420|     58739.37099|          0|00:00:00|+0.26|0.41|0.6181|
|.|          9|          5|        420|     48969.09259|          0|00:00:00|+0.20|0.33|0.7336|
|.|         13|          5|        420|     41994.01382|          0|00:00:00|+0.04|0.18|0.8504|
|.|          5|          5|        420|     36746.55985|          0|00:00:00|+0.01|0.13|0.8749|
|.|         11|          5|        420|     32664.03972|          0|00:00:00|-0.02|0.09|0.8721|
|.|         10|          5|        420|     30986.18406|          0|00:00:00|+0.04|0.13|0.8322|
|.|         15|          5|        420|     28169.34352|          0|00:00:00|-0.01|0.09|0.8497|
|.|          4|          5|        420|     25821.93121|          0|00:00:00|+0.00|0.08|0.8322|
|.|          1|          5|        420|     23845.88793|          0|00:00:00|+0.02|0.09|0.8276|
|.|          8|          5|        420|     22144.87912|          0|00:00:00|+0.01|0.08|0.8287|
|.|          2|          5|        420|     20673.98447|          0|00:00:00|+0.03|0.10|0.8112|
|.|         17|          5|        420|     20380.77804|          0|00:00:00|+0.03|0.09|0.8001|
|.|          3|          5|        420|     21552.80811|          0|00:00:00|+0.03|0.09|0.7987|
|.|         12|          5|        420|     20361.30139|          0|00:00:00|+0.03|0.08|0.7961|
|=|         19|          5|        366|     15758.31884|          5|00:00:01|+0.05|0.10|0.7798|
+-+-----------+-----------+-----------+----------------+-----------+--------+-----+----+------+
Best-so-far configuration:         366    mean value:      15758.31884
Description of the best-so-far configuration:
    .ID. particles topology modInfluence branching tSchedule phi1 phi2 inertia
366  366        85        4            0        NA        NA 2.15 2.28    0.55
    .PARENT.
366      192

# 2025-10-13 13:03:07 -03: Elite configurations (first number is the configuration ID; listed from best to worst according to the sum of ranks):
    particles topology modInfluence branching tSchedule phi1 phi2 inertia
366        85        4            0        NA        NA 2.15 2.28    0.55
469        77        4            0        NA        NA 2.20 2.31    0.48
420       101        4            0        NA        NA 2.35 2.41    0.57
448       101        4            0        NA        NA 2.07 2.33    0.48
458        93        4            0        NA        NA 2.16 2.46    0.52
# Total CPU user time: 22483.18, CPU sys time: 169.267, Wall-clock time: 2658.689
    .ID. particles topology modInfluence branching tSchedule phi1 phi2 inertia
366  366        85        4            0        NA        NA 2.15 2.28    0.55
469  469        77        4            0        NA        NA 2.20 2.31    0.48
420  420       101        4            0        NA        NA 2.35 2.41    0.57
448  448       101        4            0        NA        NA 2.07 2.33    0.48
458  458        93        4            0        NA        NA 2.16 2.46    0.52
    .PARENT. .RANK.   .WEIGHT.
366      192     43 0.33333333
469      366     52 0.26666667
420      366     62 0.20000000
448      366     64 0.13333333
458      366     64 0.06666667
