# 2025-10-13 02:21:57 -03: Reading parameter file '/home/pestobar/Activities/irace-test-executions/PSO-X-withRanking/Scenarios/BL-32/Runs/BL-32_seed_1500311/parameters.txt'.
# 2025-10-13 02:21:57 -03: 2 expression(s) specifying forbidden configurations read.
# 2025-10-13 02:21:57 -03: Initialization
# Elitist race
# Elitist new instances: 1
# Elitist limit: 2
# nbIterations: 5
# minNbSurvival: 5
# nbParameters: 8
# seed: 1500311
# confidence level: 0.95
# budget: 2000
# mu: 5
# deterministic: FALSE

# 2025-10-13 02:21:57 -03: Iteration 1 of 5
# experimentsUsed: 0
# remainingBudget: 2000
# currentBudget: 400
# nbConfigurations: 32
# Markers:
     x No test is performed.
     c Configurations are discarded only due to capping.
     - The test is performed and some configurations are discarded.
     = The test is performed but no configuration is discarded.
     ! The test is performed and configurations could be discarded but elite configurations are preserved.
     . All alive configurations are elite and nothing is discarded.

+-+-----------+-----------+-----------+----------------+-----------+--------+-----+----+------+
| |   Instance|      Alive|       Best|       Mean best| Exp so far|  W time|  rho|KenW|  Qvar|
+-+-----------+-----------+-----------+----------------+-----------+--------+-----+----+------+
|x|          1|         32|         30|    0.7645103982|         32|00:00:28|   NA|  NA|    NA|
|x|          2|         32|          5|     458.5060459|         64|00:01:56|+0.35|0.67|0.4658|
|x|          3|         32|         25|     362.4856156|         96|00:00:28|+0.35|0.57|0.5661|
|x|          4|         32|         29|     265.4127863|        128|00:00:27|+0.47|0.61|0.4584|
|-|          5|         15|         29|     287.8741062|        160|00:01:53|-0.03|0.17|0.8561|
|=|          6|         15|         29|     393.4593343|        175|00:01:06|+0.06|0.22|0.7960|
|=|          7|         15|         31|     408.7476630|        190|00:01:00|+0.10|0.23|0.7556|
+-+-----------+-----------+-----------+----------------+-----------+--------+-----+----+------+
Best-so-far configuration:          31    mean value:      408.7476630
Description of the best-so-far configuration:
   .ID. particles topology modInfluence branching tSchedule phi1 phi2 inertia
31   31        73        0            0        NA        NA 2.21 0.31    0.86
   .PARENT.
31       NA

# 2025-10-13 02:29:18 -03: Elite configurations (first number is the configuration ID; listed from best to worst according to the sum of ranks):
   particles topology modInfluence branching tSchedule phi1 phi2 inertia
31        73        0            0        NA        NA 2.21 0.31    0.86
25        76        5            0        NA         7 1.93 1.36    0.74
29       150        0            0        NA        NA 1.00 1.05    0.63
3         82        0            0        NA        NA 0.92 1.60    0.60
12        45        1            1        NA        NA 0.45 1.75    0.65
# 2025-10-13 02:29:18 -03: Iteration 2 of 5
# experimentsUsed: 190
# remainingBudget: 1810
# currentBudget: 452
# nbConfigurations: 32
# Markers:
     x No test is performed.
     c Configurations are discarded only due to capping.
     - The test is performed and some configurations are discarded.
     = The test is performed but no configuration is discarded.
     ! The test is performed and configurations could be discarded but elite configurations are preserved.
     . All alive configurations are elite and nothing is discarded.

+-+-----------+-----------+-----------+----------------+-----------+--------+-----+----+------+
| |   Instance|      Alive|       Best|       Mean best| Exp so far|  W time|  rho|KenW|  Qvar|
+-+-----------+-----------+-----------+----------------+-----------+--------+-----+----+------+
|x|          8|         32|         38|     54.33753220|         32|00:00:24|   NA|  NA|    NA|
|x|          3|         32|         38|     71.18668482|         59|00:00:24|+0.90|0.95|0.1234|
|x|          4|         32|         31|     85.19405915|         86|00:00:24|+0.66|0.77|0.3513|
|x|          2|         32|         38|     283.4571955|        113|00:01:42|+0.57|0.68|0.3781|
|-|          1|         16|         38|     226.9639842|        140|00:00:23|-0.03|0.18|0.9989|
|=|          7|         16|         59|     275.1752684|        151|00:00:55|-0.00|0.16|0.9791|
|=|          5|         16|         38|     278.9997300|        162|00:00:54|-0.00|0.14|0.9872|
|=|          6|         16|         38|     357.4744242|        173|00:01:03|+0.04|0.16|0.9340|
|=|          9|         16|         38|     440.3395987|        189|00:00:57|-0.01|0.10|0.9600|
+-+-----------+-----------+-----------+----------------+-----------+--------+-----+----+------+
Best-so-far configuration:          38    mean value:      440.3395987
Description of the best-so-far configuration:
   .ID. particles topology modInfluence branching tSchedule phi1 phi2 inertia
38   38        48        1            0        NA        NA  1.8 2.38    0.73
   .PARENT.
38       25

# 2025-10-13 02:36:31 -03: Elite configurations (first number is the configuration ID; listed from best to worst according to the sum of ranks):
   particles topology modInfluence branching tSchedule phi1 phi2 inertia
38        48        1            0        NA        NA 1.80 2.38    0.73
59        84        5            0        NA        10 1.79 1.55    0.13
25        76        5            0        NA         7 1.93 1.36    0.74
40       157        4            0        NA        NA 2.48 2.07    0.87
31        73        0            0        NA        NA 2.21 0.31    0.86
# 2025-10-13 02:36:31 -03: Iteration 3 of 5
# experimentsUsed: 379
# remainingBudget: 1621
# currentBudget: 540
# nbConfigurations: 32
# Markers:
     x No test is performed.
     c Configurations are discarded only due to capping.
     - The test is performed and some configurations are discarded.
     = The test is performed but no configuration is discarded.
     ! The test is performed and configurations could be discarded but elite configurations are preserved.
     . All alive configurations are elite and nothing is discarded.

+-+-----------+-----------+-----------+----------------+-----------+--------+-----+----+------+
| |   Instance|      Alive|       Best|       Mean best| Exp so far|  W time|  rho|KenW|  Qvar|
+-+-----------+-----------+-----------+----------------+-----------+--------+-----+----+------+
|x|         10|         32|         40|     7160.119483|         32|00:00:06|   NA|  NA|    NA|
|x|          7|         32|         40|     3827.650827|         59|00:01:25|+0.23|0.61|0.9317|
|x|          2|         32|         40|     2855.348671|         86|00:01:28|+0.36|0.57|0.7918|
|x|          1|         32|         86|     2235.097556|        113|00:00:06|+0.21|0.41|0.6448|
|-|          4|         22|         86|     1793.527093|        140|00:00:06|-0.12|0.10|0.9636|
|=|          3|         22|         86|     1525.300294|        157|00:00:06|-0.06|0.12|0.9193|
|=|          8|         22|         73|     1280.941941|        174|00:00:06|+0.02|0.16|0.8453|
|=|          6|         22|         73|     1232.698735|        191|00:01:04|+0.07|0.18|0.8063|
|-|          5|         12|         38|     1113.330386|        208|00:00:58|+0.01|0.12|0.8840|
|=|          9|         12|         38|     1112.323446|        215|00:00:29|-0.02|0.09|0.9178|
|=|         11|         12|         38|     1011.259767|        227|00:00:02|+0.01|0.10|0.8894|
+-+-----------+-----------+-----------+----------------+-----------+--------+-----+----+------+
Best-so-far configuration:          38    mean value:      1011.259767
Description of the best-so-far configuration:
   .ID. particles topology modInfluence branching tSchedule phi1 phi2 inertia
38   38        48        1            0        NA        NA  1.8 2.38    0.73
   .PARENT.
38       25

# 2025-10-13 02:42:33 -03: Elite configurations (first number is the configuration ID; listed from best to worst according to the sum of ranks):
   particles topology modInfluence branching tSchedule phi1 phi2 inertia
38        48        1            0        NA        NA 1.80 2.38    0.73
40       157        4            0        NA        NA 2.48 2.07    0.87
73       200        0            0        NA        NA 2.08 2.15    0.86
61       142        4            2        NA        NA 2.46 1.96    0.84
86        58        4            2        NA        NA 0.97 2.44    0.70
# 2025-10-13 02:42:33 -03: Iteration 4 of 5
# experimentsUsed: 606
# remainingBudget: 1394
# currentBudget: 697
# nbConfigurations: 32
# Markers:
     x No test is performed.
     c Configurations are discarded only due to capping.
     - The test is performed and some configurations are discarded.
     = The test is performed but no configuration is discarded.
     ! The test is performed and configurations could be discarded but elite configurations are preserved.
     . All alive configurations are elite and nothing is discarded.

+-+-----------+-----------+-----------+----------------+-----------+--------+-----+----+------+
| |   Instance|      Alive|       Best|       Mean best| Exp so far|  W time|  rho|KenW|  Qvar|
+-+-----------+-----------+-----------+----------------+-----------+--------+-----+----+------+
|x|         12|         32|        107|     342.1415797|         32|00:00:04|   NA|  NA|    NA|
|x|          6|         32|         92|     670.3304155|         59|00:01:36|+0.45|0.73|0.3563|
|x|          3|         32|         95|     4724.805501|         86|00:00:04|+0.53|0.68|0.3500|
|x|          4|         32|         95|     3550.622440|        113|00:00:03|+0.13|0.35|0.7883|
|-|          8|         20|         95|     2849.660194|        140|00:00:05|+0.06|0.25|0.8002|
|=|         10|         20|         95|     3599.138873|        155|00:00:02|+0.11|0.26|0.7731|
|-|          5|         14|         95|     3120.171148|        170|00:00:57|+0.10|0.23|0.8056|
|=|          2|         14|         95|     2843.952252|        179|00:00:29|+0.07|0.19|0.8273|
|=|          1|         14|         95|     2528.074181|        188|00:00:01|+0.04|0.15|0.8667|
|=|          7|         14|         95|     2324.136793|        197|00:00:28|+0.03|0.13|0.8820|
|=|         11|         14|         95|     2113.047369|        206|00:00:01|+0.06|0.14|0.8591|
|=|          9|         14|         96|     2275.265042|        215|00:00:28|+0.02|0.10|0.9044|
|=|         13|         14|         96|     2106.674436|        229|00:00:02|+0.03|0.11|0.9140|
+-+-----------+-----------+-----------+----------------+-----------+--------+-----+----+------+
Best-so-far configuration:          96    mean value:      2106.674436
Description of the best-so-far configuration:
   .ID. particles topology modInfluence branching tSchedule phi1 phi2 inertia
96   96        61        1            0        NA        NA 1.87 2.27    0.71
   .PARENT.
96       38

# 2025-10-13 02:47:00 -03: Elite configurations (first number is the configuration ID; listed from best to worst according to the sum of ranks):
    particles topology modInfluence branching tSchedule phi1 phi2 inertia
96         61        1            0        NA        NA 1.87 2.27    0.71
97        152        4            0        NA        NA 2.28 2.01    0.79
38         48        1            0        NA        NA 1.80 2.38    0.73
95         58        1            0        NA        NA 1.35 1.87    0.82
103        79        1            0        NA        NA 0.92 1.95    0.73
# 2025-10-13 02:47:00 -03: Iteration 5 of 5
# experimentsUsed: 835
# remainingBudget: 1165
# currentBudget: 1165
# nbConfigurations: 32
# Markers:
     x No test is performed.
     c Configurations are discarded only due to capping.
     - The test is performed and some configurations are discarded.
     = The test is performed but no configuration is discarded.
     ! The test is performed and configurations could be discarded but elite configurations are preserved.
     . All alive configurations are elite and nothing is discarded.

+-+-----------+-----------+-----------+----------------+-----------+--------+-----+----+------+
| |   Instance|      Alive|       Best|       Mean best| Exp so far|  W time|  rho|KenW|  Qvar|
+-+-----------+-----------+-----------+----------------+-----------+--------+-----+----+------+
|x|         14|         32|        121|     5694536.741|         32|00:00:05|   NA|  NA|    NA|
|x|         12|         32|        134|     5044747.796|         59|00:00:03|-0.11|0.45|0.0547|
|x|          8|         32|        134|     3363173.806|         86|00:00:04|+0.08|0.39|0.1677|
|x|         11|         32|        134|     2522380.683|        113|00:00:02|+0.21|0.40|0.1308|
|-|          7|         21|        134|     2018001.298|        140|00:01:24|-0.05|0.16|0.9950|
|=|         13|         21|        127|     1088957.482|        156|00:00:02|-0.02|0.15|0.9909|
|=|          4|         21|        127|     933395.7779|        172|00:00:02|+0.01|0.15|0.9600|
|=|          9|         21|        127|     816796.0646|        188|00:00:57|+0.02|0.14|0.9629|
|=|          3|         21|        134|     1121688.424|        204|00:00:02|-0.02|0.09|0.9739|
|=|          2|         21|        127|     653539.8295|        220|00:00:58|+0.02|0.12|0.9459|
|=|          5|         21|        134|     917852.1466|        236|00:00:56|+0.00|0.10|0.9443|
|=|          1|         21|        134|     841364.5537|        252|00:00:02|+0.03|0.11|0.9493|
|=|         10|         21|        134|     777199.6880|        268|00:00:02|+0.03|0.11|0.9396|
|=|          6|         21|        127|     467409.8399|        284|00:01:04|+0.02|0.09|0.9411|
|=|         15|         21|        127|     576467.4138|        305|00:00:03|+0.03|0.09|0.9399|
+-+-----------+-----------+-----------+----------------+-----------+--------+-----+----+------+
Best-so-far configuration:         127    mean value:      576467.4138
Description of the best-so-far configuration:
    .ID. particles topology modInfluence branching tSchedule phi1 phi2 inertia
127  127        62        1            0        NA        NA 1.72 2.22    0.69
    .PARENT.
127       38

# 2025-10-13 02:52:54 -03: Elite configurations (first number is the configuration ID; listed from best to worst according to the sum of ranks):
    particles topology modInfluence branching tSchedule phi1 phi2 inertia
127        62        1            0        NA        NA 1.72 2.22    0.69
134        43        1            0        NA        NA 1.92 2.44    0.80
96         61        1            0        NA        NA 1.87 2.27    0.71
38         48        1            0        NA        NA 1.80 2.38    0.73
118        56        1            0        NA        NA 2.14 2.31    0.61
# 2025-10-13 02:52:54 -03: Iteration 6 of 6
# experimentsUsed: 1140
# remainingBudget: 860
# currentBudget: 860
# nbConfigurations: 32
# Markers:
     x No test is performed.
     c Configurations are discarded only due to capping.
     - The test is performed and some configurations are discarded.
     = The test is performed but no configuration is discarded.
     ! The test is performed and configurations could be discarded but elite configurations are preserved.
     . All alive configurations are elite and nothing is discarded.

+-+-----------+-----------+-----------+----------------+-----------+--------+-----+----+------+
| |   Instance|      Alive|       Best|       Mean best| Exp so far|  W time|  rho|KenW|  Qvar|
+-+-----------+-----------+-----------+----------------+-----------+--------+-----+----+------+
|x|         16|         32|        162|     70.85544507|         32|00:00:04|   NA|  NA|    NA|
|x|          5|         32|        152|     156.4779910|         59|00:01:25|+0.00|0.50|0.9741|
|x|         14|         32|        118|     2830070.630|         86|00:00:04|-0.00|0.33|0.8507|
|x|          4|         32|        127|     1629697.682|        113|00:00:03|+0.12|0.34|0.7895|
|=|          3|         32|         96|     2040122.642|        140|00:00:03|+0.04|0.23|0.8921|
|=|         13|         32|         96|     1700116.133|        167|00:00:03|+0.03|0.20|0.8607|
|=|         10|         32|         96|     1458280.628|        194|00:00:04|+0.06|0.19|0.8702|
|=|          1|         32|         96|     1275995.675|        221|00:00:03|+0.03|0.15|0.8761|
|=|         12|         32|         96|     1136017.142|        248|00:00:03|+0.02|0.13|0.8880|
|=|          8|         32|        127|     654096.0060|        275|00:00:04|+0.03|0.13|0.8743|
|=|         15|         32|        127|     785839.4099|        302|00:00:03|+0.02|0.11|0.8718|
|=|          2|         32|        127|     720428.5202|        329|00:01:27|+0.04|0.12|0.8454|
|=|          9|         32|        127|     665056.9473|        356|00:01:25|+0.03|0.11|0.8794|
|-|          7|         19|        127|     617587.0837|        383|00:01:26|-0.02|0.06|0.9786|
|=|         11|         19|        127|     576414.6843|        397|00:00:01|-0.01|0.06|0.9765|
|=|          6|         19|        127|     540444.0493|        411|00:01:03|-0.01|0.05|0.9642|
|=|         17|         19|        127|     520583.4161|        430|00:00:02|+0.00|0.06|0.9626|
+-+-----------+-----------+-----------+----------------+-----------+--------+-----+----+------+
Best-so-far configuration:         127    mean value:      520583.4161
Description of the best-so-far configuration:
    .ID. particles topology modInfluence branching tSchedule phi1 phi2 inertia
127  127        62        1            0        NA        NA 1.72 2.22    0.69
    .PARENT.
127       38

# 2025-10-13 03:00:26 -03: Elite configurations (first number is the configuration ID; listed from best to worst according to the sum of ranks):
    particles topology modInfluence branching tSchedule phi1 phi2 inertia
127        62        1            0        NA        NA 1.72 2.22    0.69
160        62        1            0        NA        NA 2.18 2.44    0.65
118        56        1            0        NA        NA 2.14 2.31    0.61
159        26        1            0        NA        NA 1.56 2.40    0.57
152        55        1            0        NA        NA 1.83 2.25    0.69
# 2025-10-13 03:00:26 -03: Stopped because there is not enough budget to enforce the value of nbConfigurations.
# Iteration: 7
# nbIterations: 7
# experimentsUsed: 1570
# timeUsed: 0
# remainingBudget: 430
# currentBudget: 430
# number of elites: 5
# nbConfigurations: 28
# Total CPU user time: 18011.7, CPU sys time: 74.108, Wall-clock time: 2309.471
# 2025-10-13 03:00:26 -03: Starting post-selection:
# Configurations selected: 127, 160, 118, 159, 152, 134, 96, 38, 97, 95, 103, 40, 73, 61, 86, 59.
# Pending instances: 1, 1, 1, 1, 1, 1, 1, 1, 3, 3, 3, 5, 5, 5, 5, 7.
# 2025-10-13 03:00:26 -03: seed: 1500311
# Configurations: 16
# Available experiments: 430
# minSurvival: 1
# Markers:
     x No test is performed.
     c Configurations are discarded only due to capping.
     - The test is performed and some configurations are discarded.
     = The test is performed but no configuration is discarded.
     ! The test is performed and configurations could be discarded but elite configurations are preserved.
     . All alive configurations are elite and nothing is discarded.

+-+-----------+-----------+-----------+----------------+-----------+--------+-----+----+------+
| |   Instance|      Alive|       Best|       Mean best| Exp so far|  W time|  rho|KenW|  Qvar|
+-+-----------+-----------+-----------+----------------+-----------+--------+-----+----+------+
|x|         17|         16|         59|     97828.26067|          8|00:00:01|   NA|  NA|    NA|
|.|          9|         16|         59|     49185.57399|          8|00:00:00|+0.75|0.88|0.2618|
|.|          5|         16|         59|     32971.81056|          8|00:00:00|+0.26|0.51|0.8358|
|x|         12|         16|         86|     42858.03001|          9|00:00:01|-0.08|0.19|1.0139|
|x|         16|         16|         86|     34303.33627|         17|00:00:01|+0.03|0.23|0.8855|
|x|         13|         16|        118|     25421.88350|         18|00:00:01|+0.05|0.20|0.8248|
|.|          3|         16|        118|     21808.35028|         18|00:00:00|-0.02|0.12|0.9065|
|.|          2|         16|        118|     19195.88311|         18|00:00:00|+0.01|0.14|0.8649|
|x|         15|         16|        118|     185602.0386|         23|00:00:01|+0.05|0.15|0.8519|
|.|         11|         16|        118|     167041.9572|         23|00:00:00|+0.07|0.16|0.8102|
|.|          4|         16|        118|     151858.8811|         23|00:00:00|+0.09|0.17|0.8190|
|x|         14|         16|        118|     846692.0024|         28|00:00:01|+0.10|0.17|0.8310|
|.|          1|         16|        118|     781561.9224|         28|00:00:00|+0.12|0.19|0.8203|
|.|          6|         16|        118|     725801.4469|         28|00:00:00|+0.08|0.15|0.8296|
|.|          8|         16|        118|     677423.5307|         28|00:00:00|+0.06|0.12|0.8374|
|.|         10|         16|        118|     635555.8732|         28|00:00:00|+0.05|0.11|0.8264|
|.|          7|         16|        118|     598198.3417|         28|00:00:00|+0.05|0.11|0.8407|
|-|         18|          9|        127|     492583.3480|         44|00:00:03|-0.01|0.05|0.9021|
|=|         19|          9|        127|     466657.9867|         53|00:00:01|-0.00|0.05|0.9048|
|=|         20|          9|        127|     443325.1168|         62|00:00:09|+0.01|0.05|0.8968|
|=|         21|          9|        118|     485063.4057|         71|00:00:01|-0.01|0.04|0.9061|
|=|         22|          9|        118|     463040.2122|         80|00:00:29|-0.00|0.04|0.9042|
|=|         23|          9|        118|     442908.2134|         89|00:00:01|+0.01|0.06|0.8943|
|=|         24|          9|        118|     424454.4191|         98|00:00:01|-0.00|0.04|0.8956|
|=|         25|          9|        118|     407533.1059|        107|00:00:01|-0.00|0.04|0.8943|
|=|         26|          9|        118|     391859.5609|        116|00:00:01|+0.00|0.04|0.8941|
|=|         27|          9|        160|     933692.7604|        125|00:00:28|-0.01|0.03|0.8947|
|=|         28|          9|        160|     905359.1389|        134|00:00:01|+0.00|0.04|0.8881|
|=|         29|          9|        118|     356240.7913|        143|00:00:01|-0.00|0.03|0.8881|
|=|         30|          9|        118|     344892.6059|        152|00:00:01|-0.01|0.03|0.8945|
|=|         31|          9|        160|     818285.5599|        161|00:00:30|+0.00|0.03|0.8883|
|=|         32|          9|        160|     792715.5855|        170|00:00:01|+0.00|0.04|0.8866|
|=|         33|          9|        160|     768710.7963|        179|00:00:00|+0.00|0.03|0.8875|
|=|         34|          9|        160|     746102.6491|        188|00:00:13|-0.00|0.03|0.8924|
|=|         35|          9|        160|     724791.6312|        197|00:00:01|+0.00|0.03|0.8917|
|=|         36|          9|        160|     704683.7847|        206|00:00:29|+0.00|0.03|0.8881|
|=|         37|          9|        160|     685638.4539|        215|00:00:01|+0.01|0.04|0.8819|
|=|         38|          9|        160|     667599.3275|        224|00:00:01|+0.00|0.03|0.8874|
|=|         39|          9|        160|     650481.8791|        233|00:00:01|+0.01|0.04|0.8824|
|=|         40|          9|        160|     634242.5028|        242|00:00:17|+0.01|0.03|0.8838|
|=|         41|          9|        160|     618774.5944|        251|00:00:01|+0.01|0.03|0.8834|
|=|         42|          9|        118|     246458.1472|        260|00:00:01|+0.01|0.04|0.8793|
|=|         43|          9|        118|     240726.5781|        269|00:00:01|+0.01|0.03|0.8862|
|=|         44|          9|        118|     235258.2297|        278|00:00:01|+0.01|0.03|0.8815|
|=|         45|          9|        118|     230030.9552|        287|00:00:00|+0.01|0.04|0.8774|
|=|         46|          9|        118|     225033.3849|        296|00:00:01|+0.01|0.04|0.8746|
|=|         47|          9|        118|     220245.8480|        305|00:00:13|+0.01|0.03|0.8787|
|=|         48|          9|        118|     215657.4822|        314|00:00:01|+0.02|0.04|0.8736|
|-|         49|          8|        118|     211256.3319|        323|00:00:01|+0.01|0.03|0.8684|
|=|         50|          8|        118|     207031.4939|        331|00:00:01|+0.01|0.03|0.8633|
|=|         51|          8|        118|     202973.0858|        339|00:00:01|+0.01|0.03|0.8654|
|=|         52|          8|        160|     487893.2892|        347|00:00:28|+0.01|0.02|0.8681|
|=|         53|          8|        160|     478689.0733|        355|00:00:01|+0.01|0.03|0.8654|
|=|         54|          8|        160|     469825.0893|        363|00:00:13|+0.01|0.03|0.8639|
|=|         55|          8|        160|     461283.9194|        371|00:00:01|+0.00|0.02|0.8674|
|=|         56|          8|        160|     453047.0736|        379|00:00:13|+0.00|0.02|0.8684|
|=|         57|          8|        160|     445114.8311|        387|00:00:29|+0.00|0.02|0.8696|
|=|         58|          8|        160|     437639.8068|        395|00:00:00|+0.00|0.02|0.8702|
|=|         59|          8|        160|     430278.7428|        403|00:00:01|+0.00|0.02|0.8713|
|=|         60|          8|        160|     571389.3358|        411|00:00:01|+0.00|0.02|0.8704|
|=|         61|          8|        160|     562037.7176|        419|00:00:32|+0.00|0.02|0.8731|
|=|         62|          8|        160|     552972.8430|        427|00:00:01|-0.00|0.01|0.8757|
+-+-----------+-----------+-----------+----------------+-----------+--------+-----+----+------+
Best-so-far configuration:         160    mean value:      552972.8430
Description of the best-so-far configuration:
    .ID. particles topology modInfluence branching tSchedule phi1 phi2 inertia
160  160        62        1            0        NA        NA 2.18 2.44    0.65
    .PARENT.
160      118

# 2025-10-13 03:06:07 -03: Elite configurations (first number is the configuration ID; listed from best to worst according to the sum of ranks):
    particles topology modInfluence branching tSchedule phi1 phi2 inertia
160        62        1            0        NA        NA 2.18 2.44    0.65
127        62        1            0        NA        NA 1.72 2.22    0.69
118        56        1            0        NA        NA 2.14 2.31    0.61
159        26        1            0        NA        NA 1.56 2.40    0.57
96         61        1            0        NA        NA 1.87 2.27    0.71
# Total CPU user time: 20825.48, CPU sys time: 93.201, Wall-clock time: 2650.227
    .ID. particles topology modInfluence branching tSchedule phi1 phi2 inertia
160  160        62        1            0        NA        NA 2.18 2.44    0.65
127  127        62        1            0        NA        NA 1.72 2.22    0.69
118  118        56        1            0        NA        NA 2.14 2.31    0.61
159  159        26        1            0        NA        NA 1.56 2.40    0.57
96    96        61        1            0        NA        NA 1.87 2.27    0.71
    .PARENT. .RANK.   .WEIGHT.
160      118    253 0.33333333
127       38    263 0.26666667
118       96    264 0.20000000
159       38    281 0.13333333
96        38    282 0.06666667
