# 2025-09-18 23:02:56 -03: Reading parameter file '/home/dianag/PruebasPablo/irace-test-executions/ACOTSP-withRanking/Scenarios-2/BH-90/Runs/BH-90_seed_200009/parameters.txt'.
# 2025-09-18 23:02:56 -03: 1 expression(s) specifying forbidden configurations read.
# 2025-09-18 23:02:56 -03: Initialization
# Elitist race
# Elitist new instances: 1
# Elitist limit: 2
# nbIterations: 5
# minNbSurvival: 5
# nbParameters: 11
# seed: 200009
# confidence level: 0.95
# budget: 5500
# mu: 5
# deterministic: FALSE

# 2025-09-18 23:02:56 -03: Iteration 1 of 5
# experimentsUsed: 0
# remainingBudget: 5500
# currentBudget: 1100
# nbConfigurations: 90
# Markers:
     x No test is performed.
     c Configurations are discarded only due to capping.
     - The test is performed and some configurations are discarded.
     = The test is performed but no configuration is discarded.
     ! The test is performed and configurations could be discarded but elite configurations are preserved.
     . All alive configurations are elite and nothing is discarded.

+-+-----------+-----------+-----------+----------------+-----------+--------+-----+----+------+
| |   Instance|      Alive|       Best|       Mean best| Exp so far|  W time|  rho|KenW|  Qvar|
+-+-----------+-----------+-----------+----------------+-----------+--------+-----+----+------+
|x|          1|         90|         67|     32718480.00|         90|00:02:10|   NA|  NA|    NA|
|x|          2|         90|         67|     32785540.00|        180|00:02:07|+0.98|0.99|0.0018|
|x|          3|         90|         67|     32697736.33|        270|00:02:08|+0.98|0.99|0.0015|
|x|          4|         90|         67|     32659965.75|        360|00:02:08|+0.98|0.99|0.0014|
|-|          5|          4|         67|     32626076.20|        450|00:02:09|+0.32|0.46|0.4282|
+-+-----------+-----------+-----------+----------------+-----------+--------+-----+----+------+
Best-so-far configuration:          67    mean value:      32626076.20
Description of the best-so-far configuration:
   .ID. algorithm localsearch alpha beta  rho ants   q0 rasrank elitistants
67   67       acs           3  0.82 3.07 0.77   18 0.94      NA          NA
   nnls dlb .PARENT.
67   22   1       NA

# 2025-09-18 23:13:41 -03: Elite configurations (first number is the configuration ID; listed from best to worst according to the sum of ranks):
   algorithm localsearch alpha beta  rho ants   q0 rasrank elitistants nnls dlb
67       acs           3  0.82 3.07 0.77   18 0.94      NA          NA   22   1
81      mmas           3  1.28 2.13 0.74   45   NA      NA          NA   17   0
39       ras           3  4.14 6.27 0.87   86   NA       6          NA   32   0
70      mmas           3  3.94 9.32 0.40   78   NA      NA          NA   16   1
# 2025-09-18 23:13:41 -03: Iteration 2 of 5
# experimentsUsed: 450
# remainingBudget: 5050
# currentBudget: 1262
# nbConfigurations: 90
# Markers:
     x No test is performed.
     c Configurations are discarded only due to capping.
     - The test is performed and some configurations are discarded.
     = The test is performed but no configuration is discarded.
     ! The test is performed and configurations could be discarded but elite configurations are preserved.
     . All alive configurations are elite and nothing is discarded.

+-+-----------+-----------+-----------+----------------+-----------+--------+-----+----+------+
| |   Instance|      Alive|       Best|       Mean best| Exp so far|  W time|  rho|KenW|  Qvar|
+-+-----------+-----------+-----------+----------------+-----------+--------+-----+----+------+
|x|          6|         90|         67|     32496658.00|         90|00:02:21|   NA|  NA|    NA|
|x|          1|         90|         67|     32607569.00|        176|00:02:13|+0.98|0.99|0.0011|
|x|          2|         90|        125|     32700014.67|        262|00:02:13|+0.98|0.98|0.0009|
|x|          3|         90|        125|     32633093.25|        348|00:02:11|+0.98|0.98|0.0009|
|-|          4|          7|        125|     32609991.40|        434|00:02:14|+0.61|0.69|0.3548|
|-|          5|          3|        125|     32584233.17|        437|00:00:10|+0.03|0.19|0.7200|
+-+-----------+-----------+-----------+----------------+-----------+--------+-----+----+------+
Best-so-far configuration:         125    mean value:      32584233.17
Description of the best-so-far configuration:
    .ID. algorithm localsearch alpha beta  rho ants   q0 rasrank elitistants
125  125       acs           3  4.81 7.81 0.71   67 0.83      NA          NA
    nnls dlb .PARENT.
125   10   1       70

# 2025-09-18 23:25:05 -03: Elite configurations (first number is the configuration ID; listed from best to worst according to the sum of ranks):
    algorithm localsearch alpha beta  rho ants   q0 rasrank elitistants nnls
125       acs           3  4.81 7.81 0.71   67 0.83      NA          NA   10
106      mmas           3  0.94 3.27 0.77    5   NA      NA          NA   11
67        acs           3  0.82 3.07 0.77   18 0.94      NA          NA   22
    dlb
125   1
106   1
67    1
# 2025-09-18 23:25:05 -03: Iteration 3 of 5
# experimentsUsed: 887
# remainingBudget: 4613
# currentBudget: 1537
# nbConfigurations: 90
# Markers:
     x No test is performed.
     c Configurations are discarded only due to capping.
     - The test is performed and some configurations are discarded.
     = The test is performed but no configuration is discarded.
     ! The test is performed and configurations could be discarded but elite configurations are preserved.
     . All alive configurations are elite and nothing is discarded.

+-+-----------+-----------+-----------+----------------+-----------+--------+-----+----+------+
| |   Instance|      Alive|       Best|       Mean best| Exp so far|  W time|  rho|KenW|  Qvar|
+-+-----------+-----------+-----------+----------------+-----------+--------+-----+----+------+
|x|          7|         90|        125|     32363374.00|         90|00:01:49|   NA|  NA|    NA|
|x|          1|         90|        222|     32526718.00|        177|00:01:47|+0.96|0.98|0.0008|
|x|          5|         90|        222|     32495278.67|        264|00:01:46|+0.95|0.97|0.0006|
|x|          3|         90|        237|     32488953.75|        351|00:01:47|+0.94|0.96|0.0005|
|-|          6|          8|        237|     32486341.20|        438|00:01:46|+0.01|0.21|0.9105|
|=|          4|          8|        237|     32478362.17|        443|00:00:10|+0.10|0.25|0.8393|
|=|          2|          8|        237|     32531097.57|        448|00:00:10|+0.13|0.25|0.8136|
|-|          8|          4|        237|     32548105.00|        456|00:00:10|-0.08|0.06|0.7567|
+-+-----------+-----------+-----------+----------------+-----------+--------+-----+----+------+
Best-so-far configuration:         237    mean value:      32548105.00
Description of the best-so-far configuration:
    .ID. algorithm localsearch alpha beta  rho ants   q0 rasrank elitistants
237  237       acs           3  4.81 9.25 0.57   63 0.05      NA          NA
    nnls dlb .PARENT.
237   18   1      125

# 2025-09-18 23:34:33 -03: Elite configurations (first number is the configuration ID; listed from best to worst according to the sum of ranks):
    algorithm localsearch alpha beta  rho ants   q0 rasrank elitistants nnls
237       acs           3  4.81 9.25 0.57   63 0.05      NA          NA   18
125       acs           3  4.81 7.81 0.71   67 0.83      NA          NA   10
222       acs           3  4.33 9.43 0.40   62 0.28      NA          NA   10
205       acs           3  3.20 7.42 0.52   43 0.17      NA          NA   16
    dlb
237   1
125   1
222   1
205   1
# 2025-09-18 23:34:33 -03: Iteration 4 of 5
# experimentsUsed: 1343
# remainingBudget: 4157
# currentBudget: 2078
# nbConfigurations: 90
# Markers:
     x No test is performed.
     c Configurations are discarded only due to capping.
     - The test is performed and some configurations are discarded.
     = The test is performed but no configuration is discarded.
     ! The test is performed and configurations could be discarded but elite configurations are preserved.
     . All alive configurations are elite and nothing is discarded.

+-+-----------+-----------+-----------+----------------+-----------+--------+-----+----+------+
| |   Instance|      Alive|       Best|       Mean best| Exp so far|  W time|  rho|KenW|  Qvar|
+-+-----------+-----------+-----------+----------------+-----------+--------+-----+----+------+
|x|          9|         90|        237|     32692619.00|         90|00:01:38|   NA|  NA|    NA|
|x|          2|         90|        284|     32749500.00|        176|00:01:33|+0.92|0.96|0.0041|
|x|          8|         90|        328|     32744351.00|        262|00:01:33|+0.91|0.94|0.0036|
|x|          5|         90|        345|     32674578.75|        348|00:01:33|+0.91|0.93|0.0035|
|-|          6|         19|        284|     32623928.40|        434|00:01:33|-0.13|0.10|1.0463|
|=|          1|         19|        284|     32631179.00|        449|00:00:20|-0.08|0.10|1.0061|
|=|          3|         19|        284|     32597052.29|        464|00:00:20|-0.03|0.12|0.9551|
|=|          4|         19|        284|     32575801.12|        479|00:00:20|-0.00|0.12|0.9289|
|=|          7|         19|        284|     32555221.89|        494|00:00:20|+0.04|0.15|0.8903|
|=|         10|         19|        284|     32522976.70|        513|00:00:21|+0.05|0.15|0.8776|
+-+-----------+-----------+-----------+----------------+-----------+--------+-----+----+------+
Best-so-far configuration:         284    mean value:      32522976.70
Description of the best-so-far configuration:
    .ID. algorithm localsearch alpha beta  rho ants   q0 rasrank elitistants
284  284       acs           3  4.83 7.55 0.55   70 0.55      NA          NA
    nnls dlb .PARENT.
284    8   1      125

# 2025-09-18 23:44:11 -03: Elite configurations (first number is the configuration ID; listed from best to worst according to the sum of ranks):
    algorithm localsearch alpha beta  rho ants   q0 rasrank elitistants nnls
284       acs           3  4.83 7.55 0.55   70 0.55      NA          NA    8
237       acs           3  4.81 9.25 0.57   63 0.05      NA          NA   18
347       acs           3  4.89 9.66 0.53   57 0.36      NA          NA   20
339       acs           3  4.78 9.70 0.31   55 0.00      NA          NA   16
321       acs           3  3.23 9.53 0.41   51 0.27      NA          NA   13
    dlb
284   1
237   1
347   1
339   1
321   1
# 2025-09-18 23:44:11 -03: Iteration 5 of 5
# experimentsUsed: 1856
# remainingBudget: 3644
# currentBudget: 3644
# nbConfigurations: 90
# Markers:
     x No test is performed.
     c Configurations are discarded only due to capping.
     - The test is performed and some configurations are discarded.
     = The test is performed but no configuration is discarded.
     ! The test is performed and configurations could be discarded but elite configurations are preserved.
     . All alive configurations are elite and nothing is discarded.

+-+-----------+-----------+-----------+----------------+-----------+--------+-----+----+------+
| |   Instance|      Alive|       Best|       Mean best| Exp so far|  W time|  rho|KenW|  Qvar|
+-+-----------+-----------+-----------+----------------+-----------+--------+-----+----+------+
|x|         11|         90|        237|     32495694.00|         90|00:01:34|   NA|  NA|    NA|
|x|          7|         90|        415|     32441885.50|        175|00:01:33|+0.72|0.86|0.0034|
|x|          9|         90|        237|     32522807.33|        260|00:01:33|+0.69|0.79|0.0035|
|x|          3|         90|        237|     32497939.00|        345|00:01:33|+0.68|0.76|0.0045|
|-|          6|         23|        237|     32493529.40|        430|00:01:33|-0.05|0.16|1.0202|
|=|         10|         23|        237|     32431414.00|        448|00:00:20|-0.03|0.14|0.9925|
|=|          2|         23|        237|     32490856.29|        466|00:00:20|+0.01|0.15|0.9555|
|=|          8|         23|        237|     32512893.88|        484|00:00:20|+0.00|0.13|0.9602|
|=|          4|         23|        237|     32504624.22|        502|00:00:20|+0.02|0.13|0.9426|
|=|          5|         23|        237|     32500738.60|        520|00:00:20|+0.04|0.14|0.9156|
|=|          1|         23|        237|     32517635.45|        538|00:00:21|+0.02|0.11|0.9261|
|=|         12|         23|        237|     32496072.67|        561|00:00:31|+0.02|0.11|0.9240|
+-+-----------+-----------+-----------+----------------+-----------+--------+-----+----+------+
Best-so-far configuration:         237    mean value:      32496072.67
Description of the best-so-far configuration:
    .ID. algorithm localsearch alpha beta  rho ants   q0 rasrank elitistants
237  237       acs           3  4.81 9.25 0.57   63 0.05      NA          NA
    nnls dlb .PARENT.
237   18   1      125

# 2025-09-18 23:54:38 -03: Elite configurations (first number is the configuration ID; listed from best to worst according to the sum of ranks):
    algorithm localsearch alpha beta  rho ants   q0 rasrank elitistants nnls
237       acs           3  4.81 9.25 0.57   63 0.05      NA          NA   18
284       acs           3  4.83 7.55 0.55   70 0.55      NA          NA    8
398       acs           3  4.70 8.39 0.56   69 0.05      NA          NA   14
353       acs           3  4.90 9.70 0.55   66 0.08      NA          NA   15
339       acs           3  4.78 9.70 0.31   55 0.00      NA          NA   16
    dlb
237   1
284   1
398   1
353   1
339   1
# 2025-09-18 23:54:38 -03: Iteration 6 of 6
# experimentsUsed: 2417
# remainingBudget: 3083
# currentBudget: 3083
# nbConfigurations: 90
# Markers:
     x No test is performed.
     c Configurations are discarded only due to capping.
     - The test is performed and some configurations are discarded.
     = The test is performed but no configuration is discarded.
     ! The test is performed and configurations could be discarded but elite configurations are preserved.
     . All alive configurations are elite and nothing is discarded.

+-+-----------+-----------+-----------+----------------+-----------+--------+-----+----+------+
| |   Instance|      Alive|       Best|       Mean best| Exp so far|  W time|  rho|KenW|  Qvar|
+-+-----------+-----------+-----------+----------------+-----------+--------+-----+----+------+
|x|         13|         90|        485|     32767305.00|         90|00:01:33|   NA|  NA|    NA|
|x|          4|         90|        466|     32600249.00|        175|00:01:33|+0.40|0.70|0.0028|
|x|         12|         90|        237|     32506404.00|        260|00:01:33|+0.37|0.58|0.0043|
|x|          2|         90|        284|     32578983.50|        345|00:01:33|+0.39|0.54|0.0044|
|-|          9|         30|        284|     32604912.20|        430|00:01:33|-0.09|0.13|1.0622|
|=|         10|         30|        237|     32530029.67|        455|00:00:31|-0.04|0.14|1.0158|
|=|          6|         30|        237|     32522295.57|        480|00:00:31|+0.03|0.16|0.9624|
|=|          5|         30|        237|     32515229.62|        505|00:00:31|+0.04|0.16|0.9425|
|=|          1|         30|        237|     32534271.22|        530|00:00:31|+0.05|0.16|0.9195|
|-|          3|         24|        284|     32524572.10|        555|00:00:31|-0.02|0.08|0.9860|
|=|          8|         24|        284|     32539790.64|        574|00:00:20|-0.03|0.06|0.9964|
|=|         11|         24|        237|     32532885.50|        593|00:00:20|-0.02|0.07|0.9737|
|=|          7|         24|        237|     32521133.46|        612|00:00:20|-0.01|0.06|0.9698|
|=|         14|         24|        237|     32497551.93|        636|00:00:31|-0.01|0.06|0.9652|
+-+-----------+-----------+-----------+----------------+-----------+--------+-----+----+------+
Best-so-far configuration:         237    mean value:      32497551.93
Description of the best-so-far configuration:
    .ID. algorithm localsearch alpha beta  rho ants   q0 rasrank elitistants
237  237       acs           3  4.81 9.25 0.57   63 0.05      NA          NA
    nnls dlb .PARENT.
237   18   1      125

# 2025-09-19 00:06:37 -03: Elite configurations (first number is the configuration ID; listed from best to worst according to the sum of ranks):
    algorithm localsearch alpha beta  rho ants   q0 rasrank elitistants nnls
237       acs           3  4.81 9.25 0.57   63 0.05      NA          NA   18
495       acs           3  4.49 9.36 0.61   63 0.18      NA          NA   13
284       acs           3  4.83 7.55 0.55   70 0.55      NA          NA    8
506       acs           3  4.77 9.27 0.52   67 0.12      NA          NA   12
472       acs           3  4.72 9.89 0.59   62 0.00      NA          NA   13
    dlb
237   1
495   1
284   1
506   1
472   1
# 2025-09-19 00:06:37 -03: Iteration 7 of 7
# experimentsUsed: 3053
# remainingBudget: 2447
# currentBudget: 2447
# nbConfigurations: 90
# Markers:
     x No test is performed.
     c Configurations are discarded only due to capping.
     - The test is performed and some configurations are discarded.
     = The test is performed but no configuration is discarded.
     ! The test is performed and configurations could be discarded but elite configurations are preserved.
     . All alive configurations are elite and nothing is discarded.

+-+-----------+-----------+-----------+----------------+-----------+--------+-----+----+------+
| |   Instance|      Alive|       Best|       Mean best| Exp so far|  W time|  rho|KenW|  Qvar|
+-+-----------+-----------+-----------+----------------+-----------+--------+-----+----+------+
|x|         15|         90|        560|     32334370.00|         90|00:01:33|   NA|  NA|    NA|
|x|          5|         90|        284|     32400473.50|        175|00:01:33|+0.11|0.55|0.7330|
|x|          8|         90|        537|     32488541.67|        260|00:01:33|+0.11|0.41|0.7175|
|x|          1|         90|        581|     32524360.50|        345|00:01:33|+0.17|0.38|0.6416|
|-|          6|         68|        472|     32524421.20|        430|00:01:33|-0.10|0.12|1.0871|
|=|         13|         68|        472|     32569971.67|        493|00:01:12|-0.06|0.11|1.0526|
|=|          2|         68|        472|     32605790.43|        556|00:01:12|-0.03|0.12|1.0143|
|=|          7|         68|        472|     32579891.50|        619|00:01:12|-0.01|0.12|0.9910|
|=|          3|         68|        561|     32561029.67|        682|00:01:12|+0.02|0.13|0.9633|
|=|         14|         68|        561|     32521874.80|        745|00:01:13|+0.01|0.11|0.9693|
|=|         12|         68|        561|     32503721.82|        808|00:01:12|+0.01|0.10|0.9655|
|=|         11|         68|        561|     32509560.67|        871|00:01:12|+0.01|0.09|0.9618|
|=|          4|         68|        284|     32500881.23|        934|00:01:12|+0.02|0.10|0.9556|
|-|         10|         45|        472|     32477146.00|        997|00:01:12|-0.03|0.05|1.0015|
|=|          9|         45|        472|     32493541.07|       1037|00:00:41|-0.02|0.05|0.9969|
|=|         16|         45|        237|     32491164.81|       1082|00:00:52|-0.02|0.05|0.9961|
+-+-----------+-----------+-----------+----------------+-----------+--------+-----+----+------+
Best-so-far configuration:         237    mean value:      32491164.81
Description of the best-so-far configuration:
    .ID. algorithm localsearch alpha beta  rho ants   q0 rasrank elitistants
237  237       acs           3  4.81 9.25 0.57   63 0.05      NA          NA
    nnls dlb .PARENT.
237   18   1      125

# 2025-09-19 00:26:56 -03: Elite configurations (first number is the configuration ID; listed from best to worst according to the sum of ranks):
    algorithm localsearch alpha beta  rho ants   q0 rasrank elitistants nnls
237       acs           3  4.81 9.25 0.57   63 0.05      NA          NA   18
284       acs           3  4.83 7.55 0.55   70 0.55      NA          NA    8
603       acs           3  4.68 9.41 0.58   64 0.07      NA          NA   17
472       acs           3  4.72 9.89 0.59   62 0.00      NA          NA   13
506       acs           3  4.77 9.27 0.52   67 0.12      NA          NA   12
    dlb
237   1
284   1
603   1
472   1
506   1
# 2025-09-19 00:26:56 -03: Stopped because there is not enough budget to enforce the value of nbConfigurations.
# Iteration: 8
# nbIterations: 8
# experimentsUsed: 4135
# timeUsed: 0
# remainingBudget: 1365
# currentBudget: 1365
# number of elites: 5
# nbConfigurations: 85
# Total CPU user time: 45655.04, CPU sys time: 351.504, Wall-clock time: 5040.534
# 2025-09-19 00:26:56 -03: Starting post-selection:
# Configurations selected: 237, 284, 603, 472, 506, 495, 398, 353, 339, 347, 321, 125, 222, 205, 106, 67.
# Pending instances: 1, 1, 1, 1, 1, 1, 3, 3, 3, 5, 5, 7, 7, 7, 9, 9.
# 2025-09-19 00:26:57 -03: seed: 200009
# Configurations: 16
# Available experiments: 1365
# minSurvival: 1
# Markers:
     x No test is performed.
     c Configurations are discarded only due to capping.
     - The test is performed and some configurations are discarded.
     = The test is performed but no configuration is discarded.
     ! The test is performed and configurations could be discarded but elite configurations are preserved.
     . All alive configurations are elite and nothing is discarded.

+-+-----------+-----------+-----------+----------------+-----------+--------+-----+----+------+
| |   Instance|      Alive|       Best|       Mean best| Exp so far|  W time|  rho|KenW|  Qvar|
+-+-----------+-----------+-----------+----------------+-----------+--------+-----+----+------+
|.|          1|         16|        353|     32621126.00|          0|00:00:00|   NA|  NA|    NA|
|x|         13|         16|        495|     32715224.50|          7|00:00:10|+0.81|0.91|0.1845|
|.|          7|         16|        495|     32609282.33|          7|00:00:00|+0.03|0.36|0.8404|
|.|          2|         16|        495|     32656718.50|          7|00:00:00|+0.12|0.34|0.7426|
|x|         15|         16|        339|     32601334.80|         17|00:00:10|+0.11|0.29|0.7914|
|x|          9|         16|        353|     32626656.67|         19|00:00:10|+0.10|0.25|0.7807|
|x|         11|         16|        353|     32613034.71|         24|00:00:10|+0.14|0.27|0.7509|
|x|         12|         16|        284|     32569596.12|         29|00:00:10|+0.10|0.21|0.8021|
|.|          3|         16|        284|     32549895.67|         29|00:00:00|+0.13|0.23|0.7730|
|.|          5|         16|        284|     32538857.70|         29|00:00:00|+0.10|0.19|0.8050|
|.|          4|         16|        284|     32528692.73|         29|00:00:00|+0.10|0.18|0.8143|
|.|          8|         16|        284|     32542299.67|         29|00:00:00|+0.10|0.17|0.8145|
|.|          6|         16|        284|     32538211.23|         29|00:00:00|+0.10|0.17|0.8197|
|x|         16|         16|        284|     32535162.71|         39|00:00:10|+0.11|0.17|0.8102|
|x|         14|         16|        284|     32514374.33|         46|00:00:10|+0.10|0.16|0.8260|
|-|         10|         12|        237|     32491164.81|         48|00:00:10|-0.03|0.04|0.9460|
|=|         17|         12|        506|     32520958.24|         60|00:00:20|-0.03|0.03|0.9509|
|=|         18|         12|        472|     32504975.33|         72|00:00:20|-0.03|0.03|0.9443|
|=|         19|         12|        506|     32515931.42|         84|00:00:20|-0.02|0.03|0.9322|
|=|         20|         12|        472|     32495051.75|         96|00:00:20|-0.01|0.04|0.9241|
|=|         21|         12|        472|     32513209.86|        108|00:00:20|-0.00|0.04|0.9182|
|=|         22|         12|        506|     32530986.68|        120|00:00:20|-0.01|0.04|0.9279|
|=|         23|         12|        472|     32520782.30|        132|00:00:20|-0.01|0.04|0.9205|
|=|         24|         12|        472|     32522290.46|        144|00:00:20|-0.01|0.04|0.9103|
|=|         25|         12|        472|     32530418.84|        156|00:00:20|+0.00|0.04|0.9046|
|=|         26|         12|        472|     32519104.00|        168|00:00:20|+0.01|0.04|0.9037|
|=|         27|         12|        472|     32523488.96|        180|00:00:20|+0.01|0.05|0.8971|
|=|         28|         12|        472|     32519149.39|        192|00:00:20|+0.01|0.05|0.8976|
|=|         29|         12|        506|     32536456.72|        204|00:00:20|+0.01|0.05|0.8983|
|=|         30|         12|        506|     32538841.17|        216|00:00:20|+0.01|0.05|0.8973|
|=|         31|         12|        506|     32536833.29|        228|00:00:20|+0.01|0.04|0.8991|
|=|         32|         12|        472|     32524051.06|        240|00:00:20|+0.01|0.04|0.8982|
|=|         33|         12|        472|     32523913.52|        252|00:00:20|+0.02|0.05|0.8936|
|=|         34|         12|        472|     32514491.03|        264|00:00:21|+0.02|0.05|0.8916|
|=|         35|         12|        472|     32507460.43|        276|00:00:20|+0.02|0.05|0.8910|
|=|         36|         12|        472|     32499926.89|        288|00:00:20|+0.02|0.05|0.8863|
|=|         37|         12|        472|     32500446.03|        300|00:00:20|+0.02|0.05|0.8900|
|-|         38|         10|        472|     32494164.84|        312|00:00:20|-0.01|0.02|0.9093|
|=|         39|         10|        472|     32494048.90|        322|00:00:10|-0.01|0.01|0.9102|
|=|         40|         10|        472|     32487949.98|        332|00:00:10|-0.01|0.02|0.9075|
|=|         41|         10|        472|     32491245.66|        342|00:00:10|-0.01|0.02|0.9062|
|=|         42|         10|        472|     32496570.43|        352|00:00:10|-0.01|0.02|0.9062|
|=|         43|         10|        472|     32496991.65|        362|00:00:10|-0.01|0.02|0.9057|
|=|         44|         10|        472|     32497297.64|        372|00:00:10|-0.00|0.02|0.9042|
|=|         45|         10|        472|     32502519.07|        382|00:00:10|-0.00|0.02|0.9041|
|=|         46|         10|        472|     32504912.15|        392|00:00:10|-0.00|0.02|0.9051|
|=|         47|         10|        472|     32505929.11|        402|00:00:10|-0.00|0.02|0.9035|
|=|         48|         10|        472|     32515171.35|        412|00:00:10|-0.01|0.01|0.9069|
|=|         49|         10|        472|     32513207.18|        422|00:00:10|-0.01|0.01|0.9068|
|=|         50|         10|        472|     32509677.66|        432|00:00:10|-0.01|0.01|0.9035|
|=|         51|         10|        472|     32518230.76|        442|00:00:10|-0.01|0.01|0.9022|
|=|         52|         10|        472|     32518579.10|        452|00:00:10|-0.00|0.02|0.9011|
|=|         53|         10|        472|     32516934.47|        462|00:00:10|-0.00|0.01|0.9017|
|=|         54|         10|        472|     32514958.39|        472|00:00:10|-0.00|0.02|0.8999|
|=|         55|         10|        472|     32519133.98|        482|00:00:10|-0.00|0.01|0.9018|
|=|         56|         10|        472|     32525336.89|        492|00:00:10|-0.00|0.02|0.8994|
|=|         57|         10|        472|     32526194.60|        502|00:00:10|-0.00|0.01|0.9001|
|=|         58|         10|        472|     32526534.72|        512|00:00:10|-0.00|0.01|0.9003|
|=|         59|         10|        472|     32525415.20|        522|00:00:10|-0.00|0.01|0.9015|
|=|         60|         10|        472|     32525946.67|        532|00:00:10|-0.01|0.01|0.9016|
|=|         61|         10|        472|     32524060.54|        542|00:00:10|-0.01|0.01|0.9015|
|=|         62|         10|        472|     32524577.40|        552|00:00:10|-0.01|0.01|0.9036|
|=|         63|         10|        472|     32527279.59|        562|00:00:10|-0.01|0.01|0.9032|
|=|         64|         10|        472|     32532177.59|        572|00:00:10|-0.01|0.01|0.9038|
|=|         65|         10|        472|     32531950.45|        582|00:00:10|-0.01|0.01|0.9050|
|=|         66|         10|        472|     32534811.53|        592|00:00:10|-0.01|0.01|0.9067|
|=|         67|         10|        472|     32534010.04|        602|00:00:10|-0.01|0.01|0.9056|
|=|         68|         10|        472|     32532717.94|        612|00:00:10|-0.01|0.01|0.9060|
|=|         69|         10|        472|     32533854.70|        622|00:00:10|-0.01|0.01|0.9055|
|=|         70|         10|        472|     32531196.04|        632|00:00:10|-0.01|0.01|0.9048|
|=|         71|         10|        472|     32535753.21|        642|00:00:10|-0.01|0.01|0.9048|
|=|         72|         10|        472|     32535607.67|        652|00:00:10|-0.01|0.01|0.9039|
|=|         73|         10|        472|     32536378.78|        662|00:00:10|-0.01|0.01|0.9035|
|=|         74|         10|        472|     32538263.72|        672|00:00:10|-0.01|0.01|0.9032|
|=|         75|         10|        472|     32539037.77|        682|00:00:10|-0.01|0.01|0.9026|
|=|         76|         10|        472|     32538437.82|        692|00:00:10|-0.01|0.01|0.9029|
|=|         77|         10|        472|     32538280.10|        702|00:00:10|-0.00|0.01|0.9024|
|=|         78|         10|        472|     32537202.06|        712|00:00:10|-0.00|0.01|0.9023|
|=|         79|         10|        472|     32533161.22|        722|00:00:10|-0.00|0.01|0.9022|
|=|         80|         10|        472|     32531269.51|        732|00:00:10|-0.01|0.01|0.9036|
|=|         81|         10|        472|     32529813.63|        742|00:00:10|-0.01|0.01|0.9036|
|=|         82|         10|        472|     32530339.06|        752|00:00:10|-0.01|0.01|0.9039|
|=|         83|         10|        472|     32532123.84|        762|00:00:10|-0.01|0.01|0.9050|
|=|         84|         10|        472|     32528825.98|        772|00:00:10|-0.01|0.00|0.9057|
|=|         85|         10|        472|     32528097.06|        782|00:00:10|-0.01|0.00|0.9059|
|=|         86|         10|        472|     32528876.16|        792|00:00:10|-0.01|0.00|0.9050|
|=|         87|         10|        472|     32530173.46|        802|00:00:10|-0.01|0.00|0.9047|
|=|         88|         10|        472|     32532415.94|        812|00:00:10|-0.01|0.00|0.9050|
|=|         89|         10|        472|     32531409.19|        822|00:00:10|-0.01|0.00|0.9051|
|=|         90|         10|        472|     32529492.10|        832|00:00:10|-0.01|0.00|0.9051|
|=|         91|         10|        495|     32531253.81|        842|00:00:10|-0.01|0.00|0.9051|
|=|         92|         10|        472|     32529671.91|        852|00:00:10|-0.01|0.00|0.9042|
|=|         93|         10|        495|     32526410.27|        862|00:00:10|-0.01|0.00|0.9044|
|=|         94|         10|        495|     32529710.52|        872|00:00:10|-0.01|0.00|0.9045|
|=|         95|         10|        495|     32531823.06|        882|00:00:10|-0.01|0.00|0.9035|
|=|         96|         10|        495|     32530172.88|        892|00:00:10|-0.01|0.01|0.9033|
|=|         97|         10|        495|     32530324.29|        902|00:00:10|-0.01|0.01|0.9032|
|=|         98|         10|        495|     32531183.22|        912|00:00:10|-0.01|0.01|0.9032|
|=|         99|         10|        495|     32528953.67|        922|00:00:10|-0.01|0.00|0.9033|
|=|        100|         10|        495|     32528574.58|        932|00:00:10|-0.01|0.00|0.9038|
|=|        101|         10|        495|     32528129.00|        942|00:00:10|-0.01|0.00|0.9038|
|=|        102|         10|        495|     32526080.60|        952|00:00:10|-0.01|0.00|0.9033|
|=|        103|         10|        495|     32527469.12|        962|00:00:10|-0.01|0.00|0.9035|
|=|        104|         10|        495|     32525501.91|        972|00:00:10|-0.01|0.00|0.9035|
|=|        105|         10|        603|     32527848.96|        982|00:00:10|-0.00|0.00|0.9028|
|=|        106|         10|        495|     32530327.93|        992|00:00:10|-0.00|0.01|0.9022|
|=|        107|         10|        603|     32532123.21|       1002|00:00:10|-0.00|0.01|0.9018|
|=|        108|         10|        495|     32536013.55|       1012|00:00:10|-0.00|0.01|0.9018|
|=|        109|         10|        495|     32539030.68|       1022|00:00:10|-0.00|0.01|0.9012|
|=|        110|         10|        472|     32535551.93|       1032|00:00:10|-0.00|0.01|0.9005|
|=|        111|         10|        237|     32535641.03|       1042|00:00:10|-0.00|0.01|0.9008|
|=|        112|         10|        495|     32537736.03|       1052|00:00:10|-0.00|0.01|0.9009|
|=|        113|         10|        495|     32538586.12|       1062|00:00:10|-0.00|0.01|0.9011|
|=|        114|         10|        495|     32539916.47|       1072|00:00:10|-0.00|0.01|0.9011|
|=|        115|         10|        495|     32539668.39|       1082|00:00:10|-0.00|0.01|0.9006|
|=|        116|         10|        495|     32540283.61|       1092|00:00:10|-0.00|0.01|0.9009|
|=|        117|         10|        495|     32538621.79|       1102|00:00:10|-0.00|0.00|0.9014|
|=|        118|         10|        495|     32539797.64|       1112|00:00:10|-0.00|0.00|0.9015|
|=|        119|         10|        495|     32540486.45|       1122|00:00:10|-0.00|0.00|0.9017|
|=|        120|         10|        495|     32541426.24|       1132|00:00:10|-0.00|0.00|0.9022|
|=|        121|         10|        495|     32540893.58|       1142|00:00:10|-0.00|0.00|0.9015|
|=|        122|         10|        495|     32543499.86|       1152|00:00:10|-0.00|0.00|0.9013|
|=|        123|         10|        495|     32540534.41|       1162|00:00:10|-0.00|0.01|0.9003|
|=|        124|         10|        495|     32543217.46|       1172|00:00:10|-0.00|0.01|0.9000|
|=|        125|         10|        495|     32540756.20|       1182|00:00:10|-0.00|0.01|0.9003|
|=|        126|         10|        495|     32542718.02|       1192|00:00:10|-0.00|0.00|0.9005|
|=|        127|         10|        495|     32543200.17|       1202|00:00:10|-0.00|0.01|0.8995|
|=|        128|         10|        495|     32545651.39|       1212|00:00:10|-0.00|0.01|0.8995|
|=|        129|         10|        495|     32544406.60|       1222|00:00:10|-0.00|0.00|0.9003|
|=|        130|         10|        495|     32543634.16|       1232|00:00:10|-0.00|0.00|0.9008|
|=|        131|         10|        495|     32546938.08|       1242|00:00:10|-0.00|0.00|0.9009|
|=|        132|         10|        495|     32549072.04|       1252|00:00:10|-0.00|0.00|0.9016|
|=|        133|         10|        495|     32546592.31|       1262|00:00:10|-0.00|0.00|0.9015|
|=|        134|         10|        495|     32544250.49|       1272|00:00:10|-0.00|0.00|0.9018|
|=|        135|         10|        495|     32544053.33|       1282|00:00:10|-0.00|0.00|0.9019|
|=|        136|         10|        495|     32544827.12|       1292|00:00:10|-0.00|0.00|0.9021|
|=|        137|         10|        495|     32545119.09|       1302|00:00:10|-0.00|0.00|0.9023|
|=|        138|         10|        495|     32544031.34|       1312|00:00:10|-0.00|0.00|0.9022|
|=|        139|         10|        495|     32544014.78|       1322|00:00:10|-0.00|0.00|0.9020|
|=|        140|         10|        495|     32544889.19|       1332|00:00:10|-0.00|0.00|0.9022|
|=|        141|         10|        495|     32544410.96|       1342|00:00:10|-0.00|0.00|0.9019|
|=|        142|         10|        495|     32543025.90|       1352|00:00:10|-0.00|0.00|0.9017|
|=|        143|         10|        495|     32545038.62|       1362|00:00:10|-0.00|0.00|0.9018|
+-+-----------+-----------+-----------+----------------+-----------+--------+-----+----+------+
Best-so-far configuration:         495    mean value:      32545038.62
Description of the best-so-far configuration:
    .ID. algorithm localsearch alpha beta  rho ants   q0 rasrank elitistants
495  495       acs           3  4.49 9.36 0.61   63 0.18      NA          NA
    nnls dlb .PARENT.
495   13   1      353

# 2025-09-19 00:54:26 -03: Elite configurations (first number is the configuration ID; listed from best to worst according to the sum of ranks):
    algorithm localsearch alpha beta  rho ants   q0 rasrank elitistants nnls
495       acs           3  4.49 9.36 0.61   63 0.18      NA          NA   13
237       acs           3  4.81 9.25 0.57   63 0.05      NA          NA   18
472       acs           3  4.72 9.89 0.59   62 0.00      NA          NA   13
603       acs           3  4.68 9.41 0.58   64 0.07      NA          NA   17
222       acs           3  4.33 9.43 0.40   62 0.28      NA          NA   10
    dlb
495   1
237   1
472   1
603   1
222   1
# Total CPU user time: 59705.36, CPU sys time: 472.002, Wall-clock time: 6689.792
    .ID. algorithm localsearch alpha beta  rho ants   q0 rasrank elitistants
495  495       acs           3  4.49 9.36 0.61   63 0.18      NA          NA
237  237       acs           3  4.81 9.25 0.57   63 0.05      NA          NA
472  472       acs           3  4.72 9.89 0.59   62 0.00      NA          NA
603  603       acs           3  4.68 9.41 0.58   64 0.07      NA          NA
222  222       acs           3  4.33 9.43 0.40   62 0.28      NA          NA
    nnls dlb .PARENT. .RANK.   .WEIGHT.
495   13   1      353    740 0.33333333
237   18   1      125    768 0.26666667
472   13   1      237    777 0.20000000
603   17   1      237    777 0.13333333
222   10   1      125    778 0.06666667
