#------------------------------------------------------------------------------
# irace: An implementation in R of (Elitist) Iterated Racing
# Version: 4.2.0.9000.0eef3f1
# Copyright (C) 2010-2025
# Manuel Lopez-Ibanez     <manuel.lopez-ibanez@manchester.ac.uk>
# Jeremie Dubois-Lacoste
# Leslie Perez Caceres    <leslie.perez.caceres@ulb.ac.be>
#
# This is free software, and you are welcome to redistribute it under certain
# conditions.  See the GNU General Public License for details. There is NO
# WARRANTY; not even for MERCHANTABILITY or FITNESS FOR A PARTICULAR PURPOSE.
#
# irace builds upon previous code from the race package:
#     race: Racing methods for the selection of the best
#     Copyright (C) 2003 Mauro Birattari
#------------------------------------------------------------------------------
# installed at: /home/pestobar/R/x86_64-redhat-linux-gnu-library/4.5/irace
# called with: --only-test configurations.txt --scenario scenario.txt
# 2025-12-18 14:33:51 -03: Checking scenario.
# 2025-12-18 14:33:51 -03: Reading parameter file '/home/pestobar/Activities/irace-test-executions/PSO-X/Scenarios/Elites-3/Runs/Elites-3_seed_800123/parameters.txt'.
# 2025-12-18 14:33:51 -03: 2 expression(s) specifying forbidden configurations read.
## irace scenario:
scenarioFile = "/home/pestobar/Activities/irace-test-executions/PSO-X/Scenarios/Elites-3/Runs/Elites-3_seed_800123/scenario.txt"
execDir = "/home/pestobar/Activities/irace-test-executions/PSO-X/Scenarios/Elites-3/Runs/Elites-3_seed_800123/Results"
parameterFile = "/home/pestobar/Activities/irace-test-executions/PSO-X/Scenarios/Elites-3/Runs/Elites-3_seed_800123/parameters.txt"
parameters = <environment>
initConfigurations = NULL
configurationsFile = ""
logFile = "/home/pestobar/Activities/irace-test-executions/PSO-X/Scenarios/Elites-3/Runs/Elites-3_seed_800123/Results/irace.Rdata"
recoveryFile = ""
instances = c("--competition 3 --problem 0 --dimensions 30", "--competition 3 --problem 1 --dimensions 30", "--competition 3 --problem 2 --dimensions 30", "--competition 3 --problem 3 --dimensions 30", "--competition 3 --problem 4 --dimensions 30", "--competition 3 --problem 5 --dimensions 30", "--competition 3 --problem 6 --dimensions 30", "--competition 3 --problem 7 --dimensions 30", "--competition 3 --problem 8 --dimensions 30", "--competition 3 --problem 9 --dimensions 30", "--competition 3 --problem 10 --dimensions 30", "--competition 3 --problem 11 --dimensions 30", "--competition 3 --problem 12 --dimensions 30", "--competition 3 --problem 13 --dimensions 30", "--competition 3 --problem 14 --dimensions 30", "--competition 3 --problem 15 --dimensions 30", "--competition 3 --problem 16 --dimensions 30", "--competition 3 --problem 17 --dimensions 30", "--competition 3 --problem 18 --dimensions 30", "--competition 3 --problem 19 --dimensions 30", "--competition 3 --problem 20 --dimensions 30", "--competition 3 --problem 21 --dimensions 30", "--competition 3 --problem 22 --dimensions 30", "--competition 3 --problem 23 --dimensions 30", "--competition 3 --problem 24 --dimensions 30", "--competition 3 --problem 25 --dimensions 30", "--competition 3 --problem 26 --dimensions 30", "--competition 3 --problem 27 --dimensions 30", "--competition 3 --problem 28 --dimensions 30", "--competition 3 --problem 29 --dimensions 30", "--competition 3 --problem 30 --dimensions 30", "--competition 3 --problem 31 --dimensions 30", "--competition 3 --problem 32 --dimensions 30", "--competition 3 --problem 33 --dimensions 30", "--competition 3 --problem 34 --dimensions 30", "--competition 3 --problem 35 --dimensions 30", "--competition 3 --problem 36 --dimensions 30", "--competition 3 --problem 37 --dimensions 30", "--competition 3 --problem 38 --dimensions 30", "--competition 3 --problem 39 --dimensions 30", "--competition 3 --problem 40 --dimensions 30", "--competition 3 --problem 41 --dimensions 30", "--competition 3 --problem 42 --dimensions 30", "--competition 3 --problem 43 --dimensions 30", "--competition 3 --problem 44 --dimensions 30", "--competition 3 --problem 45 --dimensions 30", "--competition 3 --problem 46 --dimensions 30", "--competition 3 --problem 47 --dimensions 30", "--competition 3 --problem 48 --dimensions 30", "--competition 3 --problem 49 --dimensions 30")
trainInstancesDir = ""
trainInstancesFile = "/home/pestobar/Activities/irace-test-executions/PSO-X/Instances/train_MIXTURE.txt"
sampleInstances = TRUE
testInstancesDir = ""
testInstancesFile = "/home/pestobar/Activities/irace-test-executions/PSO-X/TestingInstances/test_MIXTURE.txt"
testInstances = c("1t" = "--competition 3 --problem 0 --dimensions 50", "2t" = "--competition 3 --problem 1 --dimensions 50", "3t" = "--competition 3 --problem 2 --dimensions 50", "4t" = "--competition 3 --problem 3 --dimensions 50", "5t" = "--competition 3 --problem 4 --dimensions 50", "6t" = "--competition 3 --problem 5 --dimensions 50", "7t" = "--competition 3 --problem 6 --dimensions 50", "8t" = "--competition 3 --problem 7 --dimensions 50", "9t" = "--competition 3 --problem 8 --dimensions 50", "10t" = "--competition 3 --problem 9 --dimensions 50", "11t" = "--competition 3 --problem 10 --dimensions 50", "12t" = "--competition 3 --problem 11 --dimensions 50", "13t" = "--competition 3 --problem 12 --dimensions 50", "14t" = "--competition 3 --problem 13 --dimensions 50", "15t" = "--competition 3 --problem 14 --dimensions 50", "16t" = "--competition 3 --problem 15 --dimensions 50", "17t" = "--competition 3 --problem 16 --dimensions 50", "18t" = "--competition 3 --problem 17 --dimensions 50", "19t" = "--competition 3 --problem 18 --dimensions 50", "20t" = "--competition 3 --problem 19 --dimensions 50", "21t" = "--competition 3 --problem 20 --dimensions 50", "22t" = "--competition 3 --problem 21 --dimensions 50", "23t" = "--competition 3 --problem 22 --dimensions 50", "24t" = "--competition 3 --problem 23 --dimensions 50", "25t" = "--competition 3 --problem 24 --dimensions 50", "26t" = "--competition 3 --problem 25 --dimensions 50", "27t" = "--competition 3 --problem 26 --dimensions 50", "28t" = "--competition 3 --problem 27 --dimensions 50", "29t" = "--competition 3 --problem 28 --dimensions 50", "30t" = "--competition 3 --problem 29 --dimensions 50", "31t" = "--competition 3 --problem 30 --dimensions 50", "32t" = "--competition 3 --problem 31 --dimensions 50", "33t" = "--competition 3 --problem 32 --dimensions 50", "34t" = "--competition 3 --problem 33 --dimensions 50", "35t" = "--competition 3 --problem 34 --dimensions 50", "36t" = "--competition 3 --problem 35 --dimensions 50", "37t" = "--competition 3 --problem 36 --dimensions 50", "38t" = "--competition 3 --problem 37 --dimensions 50", "39t" = "--competition 3 --problem 38 --dimensions 50", "40t" = "--competition 3 --problem 39 --dimensions 50", "41t" = "--competition 3 --problem 40 --dimensions 50", "42t" = "--competition 3 --problem 41 --dimensions 50", "43t" = "--competition 3 --problem 42 --dimensions 50", "44t" = "--competition 3 --problem 43 --dimensions 50", "45t" = "--competition 3 --problem 44 --dimensions 50", "46t" = "--competition 3 --problem 45 --dimensions 50", "47t" = "--competition 3 --problem 46 --dimensions 50", "48t" = "--competition 3 --problem 47 --dimensions 50", "49t" = "--competition 3 --problem 48 --dimensions 50", "50t" = "--competition 3 --problem 49 --dimensions 50")
testNbElites = 1L
testIterationElites = FALSE
testType = "friedman"
firstTest = 5L
blockSize = 1L
eachTest = 1L
targetRunner = "/home/pestobar/Activities/irace-test-executions/PSO-X/Scenarios/Elites-3/Runs/Elites-3_seed_800123/target-runner"
targetRunnerLauncher = ""
targetCmdline = "{configurationID} {instanceID} {seed} {instance} {bound} {targetRunnerArgs}"
targetRunnerRetries = 0L
targetRunnerTimeout = 0L
targetRunnerData = ""
targetRunnerParallel = NULL
targetEvaluator = NULL
deterministic = FALSE
maxExperiments = 5500L
minExperiments = NA_character_
maxTime = 0L
budgetEstimation = 0.05
minMeasurableTime = 0.01
parallel = 10L
loadBalancing = TRUE
mpi = FALSE
batchmode = "0"
quiet = FALSE
debugLevel = 0L
seed = 800123L
softRestart = TRUE
softRestartThreshold = 1e-04
elitist = TRUE
elitistNewInstances = 1L
elitistLimit = 2L
repairConfiguration = NULL
capping = FALSE
cappingAfterFirstTest = FALSE
cappingType = "median"
boundType = "candidate"
boundMax = NULL
boundDigits = 0L
boundPar = 1L
boundAsTimeout = TRUE
postselection = TRUE
aclib = FALSE
nbIterations = 0L
nbExperimentsPerIteration = 0L
minNbSurvival = 0L
nbConfigurations = 0L
mu = 5L
confidence = 0.95
## end of irace scenario
# 2025-12-18 14:33:51 -03: Read 80 configuration(s) from file 'configurations.txt'
# 2025-12-18 14:33:51 -03: Testing configurations (in the order given as input): 
   particles topology modInfluence branching tSchedule phi1 phi2 inertia
1         21        4            0        NA        NA 1.89 2.36    0.38
2        134        4            0        NA        NA 2.09 2.30    0.53
3          9        1            0        NA        NA 1.54 2.48    0.26
4        142        4            0        NA        NA 1.27 2.48    0.50
5         67        4            0        NA        NA 1.58 2.49    0.41
6         66        1            1        NA        NA 2.05 1.48    0.59
7         90        4            0        NA        NA 1.94 2.40    0.65
8        162        4            2        NA        NA 0.44 2.37    0.81
9         85        4            0        NA        NA 2.15 2.28    0.55
10        45        4            0        NA        NA 1.79 2.42    0.50
11        82        4            0        NA        NA 1.24 2.44    0.35
12       106        4            0        NA        NA 1.91 2.36    0.46
13        77        4            0        NA        NA 1.28 2.47    0.42
14        57        4            0        NA        NA 0.59 2.22    0.56
15        20        0            1        NA        NA 2.46 2.08    0.31
16       108        4            0        NA        NA 2.14 2.28    0.67
17       142        4            0        NA        NA 2.03 2.45    0.37
18       101        4            0        NA        NA 2.28 2.16    0.50
19         6        5            0        NA         6 2.43 2.33    0.21
20        18        0            1        NA        NA 1.86 2.30    0.24
21       149        4            0        NA        NA 1.24 2.43    0.40
22        77        4            0        NA        NA 2.05 2.34    0.44
23        20        0            1        NA        NA 1.84 2.22    0.29
24       144        4            0        NA        NA 1.96 2.47    0.60
25        93        4            0        NA        NA 1.42 2.44    0.49
26        50        1            1        NA        NA 2.16 1.78    0.58
27        67        4            0        NA        NA 2.44 2.38    0.56
28        75        4            0        NA        NA 1.87 2.34    0.55
29       165        4            0        NA        NA 2.45 2.44    0.37
30        68        4            0        NA        NA 1.89 2.34    0.69
31        92        4            0        NA        NA 1.30 2.43    0.41
32        16        4            0        NA        NA 1.09 2.06    0.33
33        80        4            0        NA        NA 1.65 2.50    0.27
34        11        4            0        NA        NA 1.41 2.38    0.48
35        37        1            1        NA        NA 2.40 1.94    0.24
36       134        4            0        NA        NA 2.01 2.42    0.53
37       102        4            0        NA        NA 2.17 2.48    0.43
38       110        4            0        NA        NA 2.13 2.41    0.56
39       179        5            0        NA         6 0.86 2.44    0.29
40        21        0            1        NA        NA 2.25 2.32    0.22
41        38        4            0        NA        NA 2.21 1.60    0.53
42       150        4            0        NA        NA 1.95 2.33    0.58
43         4        4            2        NA        NA 1.77 2.47    0.41
44       105        4            0        NA        NA 0.43 2.38    0.25
45        75        4            0        NA        NA 2.17 2.11    0.61
46       115        1            1        NA        NA 2.36 2.43    0.66
47       115        4            0        NA        NA 2.26 2.13    0.74
48        83        4            0        NA        NA 2.38 2.39    0.11
49        38        4            0        NA        NA 2.46 1.83    0.67
50        83        4            0        NA        NA 1.42 2.41    0.70
51        79        4            0        NA        NA 1.02 2.39    0.45
52        83        4            0        NA        NA 2.35 2.47    0.44
53        25        1            0        NA        NA 1.69 2.28    0.33
54        89        4            2        NA        NA 2.41 2.46    0.72
55        25        1            2        NA        NA 2.11 2.38    0.30
56       103        4            0        NA        NA 0.96 2.24    0.45
57        84        4            0        NA        NA 2.11 2.48    0.32
58       103        4            0        NA        NA 0.50 2.49    0.48
59        28        0            0        NA        NA 1.99 1.81    0.13
60        22        1            1        NA        NA 2.31 2.37    0.25
61        48        1            0        NA        NA 1.53 2.12    0.18
62        85        4            0        NA        NA 2.11 2.33    0.54
63       104        4            0        NA        NA 2.27 2.39    0.41
64       107        4            0        NA        NA 0.30 2.33    0.20
65       129        4            0        NA        NA 1.28 2.45    0.40
66        68        1            2        NA        NA 0.38 2.48    0.53
67        62        1            0        NA        NA 1.72 2.22    0.69
68        69        4            2        NA        NA 0.21 2.15    0.81
69        98        0            0        NA        NA 1.95 2.00    0.67
70       117        4            0        NA        NA 1.52 2.26    0.52
71        68        4            0        NA        NA 0.99 2.49    0.28
72        34        4            0        NA        NA 2.31 2.40    0.33
73       107        4            0        NA        NA 2.02 2.32    0.19
74       163        4            2        NA        NA 1.30 2.44    0.68
75        84        4            0        NA        NA 1.29 2.49    0.24
76        90        4            0        NA        NA 1.66 2.30    0.57
77        84        4            0        NA        NA 0.78 2.24    0.29
78       135        4            0        NA        NA 1.32 2.29    0.57
79       102        0            0        NA        NA 1.96 2.40    0.23
80       200        4            2        NA        NA 2.48 2.31    0.64
# 2025-12-18 16:51:21 -03: Testing results (column number is configuration ID in no particular order):
         seeds            1            2            3            4            5
1t  1292613655 9.417303e-01 1.628085e+00 8.698186e-01 1.621455e+00 1.117942e+00
2t  2121921760 4.782220e+06 1.386112e+07 3.518193e+06 1.182577e+07 6.927109e+06
3t   447005084 1.341225e+06 2.755142e+06 1.387192e+06 2.047481e+06 1.693532e+06
4t  1632828473 7.174809e+04 1.329584e+05 5.470285e+04 1.314042e+05 9.307326e+04
5t   124149164 2.190446e+01 2.460486e+01 2.177772e+01 8.364420e+00 3.604474e+01
6t  1172659272 4.989657e+00 3.077957e+02 2.758609e+00 2.884376e+02 7.624754e+01
7t   538932167 4.998811e+03 3.559800e+03 1.289138e+04 4.041280e+03 3.719522e+03
8t   482999616 5.377085e+00 6.815090e+00 5.080665e+00 6.470046e+00 5.522163e+00
9t   478684240 3.404375e+02 2.697615e+02 3.097849e+02 2.169974e+02 2.826417e+02
10t  643926491 2.527056e+01 2.999193e+01 2.307753e+01 3.108052e+01 2.520744e+01
11t 1128061191 2.570802e+02 2.449252e+02 2.852771e+02 1.648347e+02 2.668936e+02
12t  475342876 9.436757e+03 3.185170e+02 3.843468e+03 3.463695e+02 2.179389e+02
13t  295448763 1.925903e+01 1.563135e+00 1.972141e+01 1.552724e+00 1.313757e+00
14t  393861135 2.101845e+01 2.109161e+01 2.087373e+01 2.097215e+01 2.109697e+01
15t 1132575802 1.333440e+02 2.443806e+02 1.306070e+02 2.592485e+02 1.633891e+02
16t 1463527921 4.521962e+01 4.861829e+01 4.711718e+01 4.830455e+01 4.857847e+01
17t  995993321 1.586513e-01 3.643261e-01 2.344946e-01 1.387072e+00 1.502419e-01
18t 1946456632 8.489349e-01 9.774372e-01 8.371197e-01 9.890474e-01 9.055659e-01
19t  416626032 5.660883e+02 4.662246e+02 5.664346e+02 4.458462e+02 4.755640e+02
20t  713439360 3.579854e+02 2.683692e+02 4.960834e+02 2.431897e+02 3.604327e+02
21t  818902131 2.804216e+04 2.758709e+04 2.854877e+04 2.736669e+04 2.791397e+04
22t 2014247909 2.774377e+04 2.841289e+04 2.875732e+04 2.761472e+04 2.762647e+04
23t  628714991 6.421890e+01 4.540691e+01 6.898001e+01 5.150359e+01 5.333349e+01
24t 1806202526 9.807336e-01 9.204532e-01 7.338843e-01 9.056010e-01 4.988152e-01
25t 1844299380 9.326663e-01 6.391027e-01 7.829862e-01 4.862218e-01 6.310607e-01
26t 1035879845 1.075517e+00 3.659468e-01 2.954862e-01 2.527310e-01 3.381438e-01
27t 1948395975 9.698319e+01 6.251409e+01 9.450970e+01 4.744706e+01 7.439609e+01
28t 1679107486 2.599549e+02 2.223096e+02 1.710451e+02 2.494373e+02 2.240472e+02
29t   49674524 3.513670e+02 2.803825e+02 4.190554e+02 2.807514e+02 2.936886e+02
30t 1298006248 1.035256e+01 1.126198e+01 1.279715e+01 1.247687e+01 1.132208e+01
31t 1878005537 2.322292e+02 1.063894e+02 2.645128e+02 1.506550e+02 1.782510e+02
32t  198851678 4.169287e+02 4.235381e+02 4.459908e+02 3.323360e+02 3.211238e+02
33t  364753663 1.270702e+02 1.138575e+02 1.958065e+02 1.191364e+02 8.911767e+01
34t  575553407 2.408089e+01 2.329216e+01 3.082979e+01 2.619665e+01 2.515058e+01
35t 1376697376 1.353029e+04 1.266425e+04 1.329569e+04 1.254664e+04 1.306433e+04
36t 1683158714 2.764380e+05 2.666317e+05 3.391685e+05 2.508822e+05 1.820180e+05
37t   34695990 5.552942e+01 6.036115e+01 5.756189e+01 6.015336e+01 5.864852e+01
38t  719166006 2.865533e+05 2.676976e+05 1.715884e+05 2.813663e+05 1.309614e+05
39t 1717397743 6.256330e+00 5.751510e+00 5.328862e+00 5.505618e+00 4.905261e+00
40t  329763667 5.342486e+01 3.606994e+01 5.315918e+01 4.220620e+01 9.803877e+01
41t 1697397357 4.473970e+02 4.496252e+02 7.142388e+02 4.504799e+02 4.479215e+02
42t  124811092 3.847173e+02 2.728688e+02 3.320924e+02 2.605235e+02 3.175448e+02
43t 1618953221 5.258060e+02 3.674408e+02 5.098875e+02 3.204375e+02 3.388183e+02
44t 1113196352 9.360539e+02 9.334900e+02 1.016348e+03 9.213668e+02 9.375906e+02
45t  896104656 9.373435e+02 9.332537e+02 1.016708e+03 9.308000e+02 9.394000e+02
46t 1278824707 9.380264e+02 9.231614e+02 9.309741e+02 9.263504e+02 9.217374e+02
47t 2015180683 1.017139e+03 5.432108e+02 8.946412e+02 1.022510e+03 8.884650e+02
48t 1834208590 1.117742e+03 9.251008e+02 1.142117e+03 9.395045e+02 9.923123e+02
49t  801861376 1.203641e+03 1.026778e+03 5.539528e+02 1.021985e+03 1.024418e+03
50t  767073546 9.853131e+02 9.365187e+02 1.073529e+03 9.055399e+02 9.839695e+02
               6            7            8            9           10
1t  1.364758e+00 2.039406e+00 3.305345e+00 1.410994e+00 1.139062e+00
2t  7.018253e+06 1.162689e+07 9.226802e+06 7.892635e+06 6.271031e+06
3t  1.981635e+06 3.021065e+06 4.906019e+06 2.538894e+06 1.950613e+06
4t  1.002780e+05 7.866926e+04 1.107786e+05 8.630909e+04 7.623343e+04
5t  5.719439e+01 8.367782e+00 7.737230e+00 1.913880e+01 3.270018e+01
6t  1.475190e+02 2.579670e+02 2.522177e+02 2.015210e+02 1.988914e+01
7t  6.932232e+03 2.412470e+03 3.670270e+03 4.284090e+03 4.710197e+03
8t  6.409517e+00 7.803295e+00 9.597516e+00 6.377380e+00 5.956700e+00
9t  3.754358e+02 2.499718e+02 5.723191e+01 2.652250e+02 2.788452e+02
10t 2.680539e+01 3.113984e+01 3.860285e+01 3.090966e+01 3.007160e+01
11t 3.623811e+02 2.440174e+02 6.165607e+01 2.634700e+02 2.805846e+02
12t 2.975342e+04 1.837114e+02 1.250220e+03 2.076752e+02 5.971183e+03
13t 2.040511e+01 1.955009e+00 2.219578e+00 1.723528e+00 1.476323e+00
14t 2.113316e+01 2.106030e+01 2.108942e+01 2.105477e+01 2.090120e+01
15t 1.870729e+02 2.905870e+02 4.111493e+02 2.065358e+02 1.831651e+02
16t 4.928193e+01 4.835298e+01 4.896214e+01 4.825952e+01 4.762712e+01
17t 5.133137e+02 2.349433e-01 1.043163e-01 8.283911e-02 4.817466e-02
18t 9.683332e-01 1.019733e+00 1.050526e+00 9.361076e-01 9.327440e-01
19t 1.543579e+03 4.268938e+02 3.918084e+02 5.176866e+02 5.075076e+02
20t 6.909731e+02 2.545254e+02 2.408979e+02 3.182399e+02 3.613399e+02
21t 3.525022e+04 2.598550e+04 3.156048e+04 2.794808e+04 2.866260e+04
22t 3.576116e+04 2.839156e+04 3.175445e+04 2.904975e+04 2.783471e+04
23t 6.680930e+01 4.653267e+01 3.219533e+01 4.992418e+01 5.120809e+01
24t 3.354401e+00 7.043142e-01 2.989680e+00 7.206149e-01 3.044478e-01
25t 6.173613e-01 5.035646e-01 5.120754e-01 6.353474e-01 7.599504e-01
26t 2.716961e-01 4.026250e-01 2.895611e-01 3.479133e-01 2.931828e-01
27t 5.199113e+01 5.993038e+01 1.293773e+01 8.664277e+01 1.047669e+02
28t 1.825569e+02 2.962998e+02 3.360983e+02 2.505831e+02 2.309280e+02
29t 4.186379e+02 2.730653e+02 2.883028e+02 2.892670e+02 3.371101e+02
30t 1.719058e+01 1.133052e+01 1.464391e+01 1.255676e+01 1.047601e+01
31t 1.006384e+02 1.479497e+02 1.402768e+02 1.722825e+02 2.119028e+02
32t 3.553699e+02 5.437489e+02 3.237048e+02 3.503985e+02 3.243082e+02
33t 1.539797e+02 1.015140e+02 1.066676e+02 1.151386e+02 9.956791e+01
34t 2.975172e+01 2.987940e+01 3.279923e+01 2.745998e+01 2.455831e+01
35t 1.396821e+04 1.250139e+04 1.244559e+04 1.248655e+04 1.310831e+04
36t 1.501061e+05 2.154306e+05 4.345392e+05 2.828019e+05 1.825362e+05
37t 6.151536e+01 6.046165e+01 6.131011e+01 5.692789e+01 5.735859e+01
38t 1.364535e+05 3.671447e+05 1.867995e+05 2.431842e+05 2.382861e+05
39t 5.130204e+00 6.506056e+00 6.963536e+00 5.678180e+00 5.912945e+00
40t 9.156779e+02 1.924398e+01 2.052548e+01 3.201720e+01 6.642975e+01
41t 4.494951e+02 4.511819e+02 4.581901e+02 4.492172e+02 5.336481e+02
42t 3.569864e+02 2.907167e+02 2.783836e+02 3.172147e+02 3.178570e+02
43t 3.893193e+02 3.331657e+02 3.263562e+02 3.664106e+02 4.415031e+02
44t 9.551628e+02 9.219209e+02 9.295905e+02 9.303799e+02 9.341721e+02
45t 9.544659e+02 9.313262e+02 9.308427e+02 9.331083e+02 9.329229e+02
46t 9.506545e+02 9.223533e+02 9.306942e+02 9.225804e+02 9.339531e+02
47t 1.199027e+03 1.019098e+03 6.068806e+02 1.019034e+03 5.410825e+02
48t 1.217567e+03 9.706748e+02 9.644870e+02 9.921549e+02 1.019905e+03
49t 5.612585e+02 1.021862e+03 6.302391e+02 1.021525e+03 1.027173e+03
50t 1.272007e+03 9.181174e+02 4.684534e+02 9.678703e+02 9.699966e+02
              11           12           13           14           15
1t  1.012927e+00 1.375752e+00 1.186388e+00 1.837129e+00 5.651878e-01
2t  1.224917e+07 1.026132e+07 9.471542e+06 5.502407e+06 2.578988e+06
3t  1.758336e+06 1.805714e+06 2.015584e+06 3.315920e+06 8.995652e+05
4t  7.853174e+04 1.134760e+05 9.292164e+04 5.151265e+04 1.290725e+05
5t  2.737754e+01 3.584510e+01 3.449047e+01 1.860867e+01 4.760581e+01
6t  1.137713e+02 2.292087e+02 9.696762e+01 5.704339e+01 4.089675e+00
7t  4.537817e+03 3.710579e+03 4.647147e+03 1.958360e+03 1.822606e+04
8t  6.155808e+00 5.564496e+00 6.124838e+00 8.000686e+00 1.462731e+02
9t  2.940681e+02 2.715011e+02 3.027070e+02 2.883788e+02 3.331194e+02
10t 2.826850e+01 2.808173e+01 2.758769e+01 3.455196e+01 1.783216e+01
11t 2.645993e+02 2.663684e+02 2.800972e+02 2.602820e+02 4.101739e+02
12t 2.008872e+04 1.149495e+03 1.208427e+04 3.365896e+02 1.258985e+04
13t 1.370872e+00 1.331039e+00 1.487232e+00 2.060593e+00 1.984906e+01
14t 2.088509e+01 2.101155e+01 2.083007e+01 2.107757e+01 2.096618e+01
15t 3.018989e+02 1.842620e+02 1.812544e+02 2.904139e+02 1.049639e+02
16t 4.773492e+01 4.927805e+01 4.824003e+01 4.935830e+01 4.922332e+01
17t 1.493682e+00 3.794384e-01 6.727723e-02 7.123312e-02 2.086092e+02
18t 9.142371e-01 9.501842e-01 9.511359e-01 1.024330e+00 6.461999e-01
19t 5.699391e+02 4.397185e+02 4.770631e+02 4.387657e+02 5.095294e+03
20t 3.423670e+02 3.085064e+02 3.166226e+02 2.815351e+02 4.790663e+02
21t 2.825589e+04 2.778132e+04 2.878104e+04 2.884418e+04 3.773766e+04
22t 2.842504e+04 2.765557e+04 2.875803e+04 2.845192e+04 3.869236e+04
23t 4.482107e+01 4.476730e+01 5.390787e+01 4.064536e+01 8.080798e+01
24t 5.645689e-01 8.058318e-01 7.084977e-01 8.485166e-01 5.722873e+00
25t 6.860335e-01 6.329191e-01 5.665162e-01 5.826337e-01 6.358967e-01
26t 2.737834e-01 3.559476e-01 3.385358e-01 3.246005e-01 2.772566e-01
27t 9.025493e+01 8.728443e+01 9.468447e+01 1.109462e+02 5.505897e+01
28t 2.311287e+02 2.358922e+02 2.294693e+02 2.966586e+02 1.408838e+02
29t 3.571640e+02 3.206506e+02 2.556017e+02 3.434752e+02 4.554440e+02
30t 9.463473e+00 1.314634e+01 1.157715e+01 1.170503e+01 9.842595e+00
31t 1.625247e+02 1.569384e+02 1.997863e+02 1.969176e+02 1.058900e+02
32t 2.908839e+02 3.100917e+02 3.058628e+02 4.468713e+02 3.690796e+02
33t 1.168994e+02 9.908561e+01 9.738243e+01 1.046604e+02 1.757036e+02
34t 2.250070e+01 2.823278e+01 2.757848e+01 2.962516e+01 2.868745e+01
35t 1.327880e+04 1.271614e+04 1.285705e+04 1.248834e+04 1.817549e+04
36t 1.634954e+05 2.118287e+05 1.935306e+05 2.066196e+05 1.272006e+05
37t 5.456985e+01 6.153830e+01 5.967351e+01 5.790182e+01 6.174844e+01
38t 2.795851e+05 2.438511e+05 1.248213e+05 2.712312e+05 1.697633e+05
39t 5.687908e+00 5.422121e+00 5.441508e+00 5.892100e+00 5.304531e+00
40t 8.105891e+01 9.975513e+01 4.909768e+01 2.559945e+01 7.507895e+02
41t 5.492474e+02 4.491150e+02 4.930156e+02 4.524308e+02 9.829105e+02
42t 3.458148e+02 3.117642e+02 2.829481e+02 2.758208e+02 5.602543e+02
43t 3.573752e+02 4.235429e+02 4.342647e+02 4.320714e+02 6.128291e+02
44t 9.394358e+02 9.339862e+02 9.307469e+02 9.315238e+02 9.269269e+02
45t 9.373905e+02 9.388919e+02 9.258914e+02 9.348938e+02 9.225888e+02
46t 9.265145e+02 9.280249e+02 9.249197e+02 9.272238e+02 9.249539e+02
47t 1.026791e+03 5.494093e+02 5.389349e+02 1.021340e+03 1.235395e+03
48t 9.954330e+02 9.810012e+02 9.872401e+02 1.016860e+03 1.433748e+03
49t 5.532625e+02 5.704601e+02 1.024092e+03 1.028312e+03 1.243235e+03
50t 1.052651e+03 9.391276e+02 9.567996e+02 9.767060e+02 1.338471e+03
              16           17           18           19           20
1t  2.360601e+00 1.144143e+00 1.123441e+00 7.740352e-01 5.979230e-01
2t  1.656897e+07 9.846590e+06 7.619480e+06 2.766148e+06 2.467533e+06
3t  3.761873e+06 1.839184e+06 2.070118e+06 1.220038e+06 8.642523e+05
4t  1.013739e+05 1.090351e+05 8.407073e+04 3.712960e+04 1.784158e+05
5t  3.446169e+00 3.306553e+01 1.823764e+01 1.433961e+01 4.496161e+01
6t  3.579984e+02 3.783967e+02 2.424585e+02 2.710547e+00 3.167136e+00
7t  3.159370e+03 4.612923e+03 3.376316e+03 3.964175e+03 1.883896e+04
8t  7.850388e+00 5.701678e+00 6.304153e+00 4.837081e+00 1.282754e+02
9t  2.007121e+02 2.928669e+02 2.569762e+02 3.572690e+02 4.526047e+02
10t 3.452711e+01 2.694525e+01 2.600243e+01 2.317705e+01 2.038510e+01
11t 2.473855e+02 2.544777e+02 2.701345e+02 3.245627e+02 3.861944e+02
12t 2.379577e+02 1.013111e+04 4.478277e+02 4.741448e+03 1.384202e+04
13t 1.861656e+00 1.369915e+00 1.480529e+00 2.018723e+01 1.982161e+01
14t 2.103470e+01 2.104011e+01 2.117061e+01 2.078216e+01 2.123688e+01
15t 3.191511e+02 4.045435e+02 2.889171e+02 2.743445e+02 1.083628e+02
16t 4.830821e+01 5.067131e+01 4.753117e+01 1.002946e+02 4.922707e+01
17t 1.148570e+00 1.976348e+00 2.608626e-01 1.791821e-01 3.328198e+02
18t 1.021769e+00 9.246119e-01 9.725322e-01 8.475989e-01 6.499174e-01
19t 4.201969e+02 5.219651e+02 5.047506e+02 7.901675e+02 4.422582e+03
20t 2.270142e+02 3.272908e+02 2.838071e+02 6.711647e+02 5.706111e+02
21t 2.775611e+04 2.818448e+04 2.751322e+04 2.977774e+04 3.846576e+04
22t 2.813546e+04 2.756974e+04 2.796914e+04 2.930354e+04 3.807121e+04
23t 3.838198e+01 5.249820e+01 4.858281e+01 6.154046e+01 8.244946e+01
24t 7.006566e-01 7.001991e-01 1.058420e+00 9.122382e-01 4.218701e+00
25t 6.594865e-01 6.611198e-01 5.405230e-01 7.195758e-01 6.302982e-01
26t 3.343681e-01 3.237247e-01 3.418031e-01 2.846113e-01 2.693594e-01
27t 7.104215e+01 7.436096e+01 7.860980e+01 9.179720e+01 4.283896e+01
28t 2.788934e+02 2.189892e+02 2.369505e+02 2.561504e+02 1.277409e+02
29t 2.969806e+02 3.099418e+02 3.113223e+02 4.385753e+02 4.367908e+02
30t 1.366693e+01 1.050402e+01 9.948426e+00 1.885789e+01 8.346294e+00
31t 1.727353e+02 1.479303e+02 1.359638e+02 1.754156e+02 1.044830e+02
32t 3.760872e+02 3.091264e+02 3.908378e+02 7.625817e+02 3.890925e+02
33t 1.131147e+02 1.134417e+02 1.001168e+02 2.217207e+02 1.923455e+02
34t 2.737057e+01 2.337901e+01 2.909052e+01 2.886442e+01 3.007731e+01
35t 1.244057e+04 1.261867e+04 1.256911e+04 1.394350e+04 1.791730e+04
36t 2.722506e+05 1.677816e+05 1.894580e+05 2.146945e+05 1.213977e+05
37t 6.047702e+01 5.758066e+01 5.862787e+01 6.257690e+01 5.851841e+01
38t 2.836073e+05 1.911743e+05 2.078571e+05 2.947630e+05 1.456067e+05
39t 6.277758e+00 6.225528e+00 7.119113e+00 5.142590e+00 4.701545e+00
40t 1.763925e+01 8.489787e+01 7.955536e+01 6.165304e+01 7.045172e+02
41t 4.513589e+02 4.483473e+02 4.489726e+02 6.393347e+02 1.008802e+03
42t 2.770732e+02 3.147962e+02 3.154886e+02 5.109302e+02 4.222639e+02
43t 3.704553e+02 4.160038e+02 3.889147e+02 4.572720e+02 8.814231e+02
44t 9.282051e+02 9.394245e+02 9.382470e+02 9.328024e+02 9.238145e+02
45t 9.307794e+02 9.299792e+02 9.343409e+02 9.414828e+02 9.261567e+02
46t 9.211054e+02 9.324748e+02 9.343317e+02 9.295959e+02 9.254460e+02
47t 1.027098e+03 5.408364e+02 5.540082e+02 5.273636e+02 1.262944e+03
48t 9.804431e+02 9.868792e+02 9.702886e+02 1.306669e+03 1.434616e+03
49t 1.018044e+03 5.628786e+02 5.619098e+02 5.466304e+02 1.261998e+03
50t 9.073753e+02 1.195453e+03 1.155001e+03 1.099574e+03 1.347138e+03
              21           22           23           24           25
1t  1.180023e+00 1.178905e+00 6.437165e-01 1.937433e+00 1.311297e+00
2t  6.963246e+06 6.942547e+06 2.693182e+06 1.407109e+07 7.965785e+06
3t  1.630518e+06 1.672153e+06 9.230871e+05 2.776545e+06 2.333353e+06
4t  9.012042e+04 9.474886e+04 1.133539e+05 1.129356e+05 1.010135e+05
5t  2.620412e+01 2.911970e+01 4.891332e+01 5.218706e+00 1.086296e+01
6t  4.777973e+02 1.181652e+02 2.968906e+00 4.358678e+02 1.425196e+02
7t  4.190120e+03 4.403522e+03 1.888661e+04 3.320778e+03 4.189574e+03
8t  6.092142e+00 5.814245e+00 1.319546e+02 7.194135e+00 6.468193e+00
9t  2.831955e+02 2.913626e+02 4.426397e+02 2.432715e+02 2.629629e+02
10t 2.955296e+01 2.673030e+01 1.934856e+01 3.249724e+01 2.932048e+01
11t 2.753921e+02 2.708751e+02 4.154544e+02 2.390810e+02 2.436518e+02
12t 1.277312e+03 2.741293e+02 1.333100e+04 2.878223e+02 3.564673e+02
13t 1.553416e+00 1.435007e+00 1.980926e+01 1.648731e+00 1.513140e+00
14t 2.098169e+01 2.095986e+01 2.109521e+01 2.112609e+01 2.105336e+01
15t 4.462892e+02 3.643159e+02 2.359219e+02 5.455551e+02 2.756510e+02
16t 5.042639e+01 4.748046e+01 4.920392e+01 4.924489e+01 4.897074e+01
17t 1.851269e+00 5.173569e-01 3.234616e+02 1.012569e+00 1.002040e-01
18t 9.909343e-01 8.856816e-01 6.310247e-01 1.009308e+00 9.168315e-01
19t 4.892969e+02 5.044341e+02 4.973558e+03 4.309452e+02 4.184516e+02
20t 2.897804e+02 2.926463e+02 8.656877e+02 2.088931e+02 2.585696e+02
21t 2.797364e+04 2.850237e+04 3.784114e+04 2.701920e+04 2.751935e+04
22t 2.918714e+04 2.881333e+04 3.886657e+04 2.867026e+04 2.851556e+04
23t 4.637064e+01 4.611818e+01 8.584144e+01 4.316204e+01 4.853096e+01
24t 8.036018e-01 8.729917e-01 5.432183e+00 9.310649e-01 5.382303e-01
25t 5.915626e-01 7.000399e-01 6.251695e-01 5.529231e-01 5.490766e-01
26t 3.067976e-01 3.292682e-01 2.771077e-01 3.745925e-01 3.626985e-01
27t 6.662163e+01 9.698426e+01 4.690150e+01 6.584974e+01 7.959810e+01
28t 2.527976e+02 2.442038e+02 1.387518e+02 2.963159e+02 2.662629e+02
29t 3.176847e+02 3.652767e+02 4.532586e+02 2.639147e+02 2.821830e+02
30t 1.427728e+01 1.216805e+01 7.382919e+00 1.203319e+01 1.292648e+01
31t 1.477913e+02 1.967598e+02 1.086369e+02 1.391536e+02 1.385818e+02
32t 3.263673e+02 2.926983e+02 3.795306e+02 2.845959e+02 3.450506e+02
33t 1.008039e+02 1.170351e+02 1.768964e+02 1.052296e+02 1.231627e+02
34t 2.657625e+01 2.353661e+01 2.964735e+01 2.765455e+01 2.738788e+01
35t 1.238027e+04 1.259435e+04 1.799737e+04 1.244864e+04 1.255826e+04
36t 1.908135e+05 1.857265e+05 1.138494e+05 2.383636e+05 1.811271e+05
37t 5.729659e+01 6.040971e+01 6.496287e+01 5.430174e+01 6.016772e+01
38t 1.861864e+05 1.755358e+05 1.746179e+05 1.965361e+05 2.007529e+05
39t 5.108472e+00 5.095859e+00 5.081660e+00 5.811179e+00 5.559768e+00
40t 5.356279e+01 4.777562e+01 7.274719e+02 4.359779e+01 4.443963e+01
41t 4.492681e+02 4.486675e+02 1.034930e+03 4.508828e+02 4.497933e+02
42t 3.031270e+02 3.490567e+02 5.343830e+02 3.194203e+02 2.603483e+02
43t 3.367247e+02 3.679521e+02 6.319662e+02 3.387148e+02 4.098462e+02
44t 9.283076e+02 9.351286e+02 9.253769e+02 9.293889e+02 9.384332e+02
45t 9.291047e+02 9.357344e+02 9.233826e+02 9.284136e+02 9.384267e+02
46t 9.216668e+02 9.271373e+02 9.246345e+02 9.208934e+02 9.255430e+02
47t 9.079337e+02 5.391108e+02 1.214457e+03 1.022195e+03 5.505178e+02
48t 1.002362e+03 1.002970e+03 1.449544e+03 9.223613e+02 9.854152e+02
49t 1.027829e+03 5.528493e+02 1.223088e+03 1.021685e+03 1.021534e+03
50t 9.739950e+02 1.007284e+03 1.344907e+03 9.107962e+02 9.611990e+02
              26           27           28           29           30
1t  1.211197e+00 1.315533e+00 1.435009e+00 1.272295e+00 2.095380e+00
2t  4.803037e+06 7.540519e+06 1.185486e+07 1.901449e+07 1.581328e+07
3t  1.750507e+06 2.301990e+06 2.227125e+06 1.765460e+06 3.474688e+06
4t  1.070932e+05 8.708090e+04 8.600026e+04 1.345418e+05 8.307314e+04
5t  5.882808e+01 2.138345e+01 2.398347e+01 3.909369e+01 1.650479e+00
6t  9.098532e+01 6.314390e+01 9.100485e+01 5.322879e+02 1.813901e+02
7t  5.396131e+03 2.343633e+03 3.547415e+03 5.323325e+03 1.979634e+03
8t  6.001935e+00 6.315635e+00 6.723529e+00 5.600171e+00 7.844796e+00
9t  3.540714e+02 2.582177e+02 2.835745e+02 2.949980e+02 1.540873e+02
10t 2.750685e+01 3.005337e+01 3.080074e+01 2.735316e+01 3.504839e+01
11t 3.607342e+02 2.689596e+02 2.639096e+02 2.728837e+02 2.679355e+02
12t 2.702891e+04 2.097428e+02 2.874840e+02 1.828515e+03 2.321514e+02
13t 2.014861e+01 1.569376e+00 1.607581e+00 1.452116e+00 1.956684e+00
14t 2.117309e+01 2.097048e+01 2.114050e+01 2.099610e+01 2.118432e+01
15t 1.630835e+02 1.961723e+02 5.289734e+02 2.301818e+03 3.247217e+02
16t 4.917822e+01 4.765391e+01 4.711725e+01 4.973654e+01 4.809796e+01
17t 3.253076e+02 8.741987e-02 1.169403e+00 1.014569e+00 1.099379e-01
18t 8.923570e-01 9.564199e-01 9.762021e-01 9.467894e-01 1.009476e+00
19t 1.439769e+03 3.995817e+02 4.875916e+02 5.736878e+02 3.998906e+02
20t 6.751847e+02 3.061766e+02 2.384574e+02 2.486295e+02 2.533181e+02
21t 3.521144e+04 2.818116e+04 2.824259e+04 2.696290e+04 2.762233e+04
22t 3.597204e+04 2.806743e+04 2.987112e+04 2.852042e+04 2.800268e+04
23t 7.000281e+01 4.768523e+01 5.089418e+01 5.070783e+01 4.650638e+01
24t 3.541546e+00 8.462842e-01 4.160302e-01 8.853225e-01 7.043309e-01
25t 6.711593e-01 4.807003e-01 5.557685e-01 6.539863e-01 5.882401e-01
26t 2.849509e-01 3.147285e-01 3.489447e-01 3.086493e-01 2.261855e-01
27t 5.007300e+01 7.393289e+01 7.385592e+01 6.063516e+01 7.189850e+01
28t 1.818378e+02 2.599144e+02 2.436608e+02 2.040781e+02 2.901423e+02
29t 4.346502e+02 2.463634e+02 3.084417e+02 3.669495e+02 2.891273e+02
30t 1.296847e+01 1.118126e+01 1.155200e+01 1.130846e+01 1.318606e+01
31t 1.103417e+02 1.712833e+02 1.745827e+02 1.566800e+02 1.372980e+02
32t 3.802681e+02 4.056947e+02 2.871812e+02 3.081602e+02 4.444043e+02
33t 1.244845e+02 1.018465e+02 1.166527e+02 1.096117e+02 1.026323e+02
34t 2.854538e+01 3.177045e+01 2.281741e+01 2.314329e+01 3.010961e+01
35t 1.385081e+04 1.277124e+04 1.270194e+04 1.277291e+04 1.257823e+04
36t 1.154186e+05 2.405059e+05 1.810350e+05 2.040268e+05 2.234169e+05
37t 6.404631e+01 6.107699e+01 5.800192e+01 5.946064e+01 6.056142e+01
38t 1.359911e+05 2.791136e+05 2.233228e+05 2.291263e+05 2.913949e+05
39t 5.604397e+00 6.134692e+00 5.521341e+00 5.789141e+00 5.847563e+00
40t 7.200962e+02 5.424344e+01 2.860606e+01 6.775624e+01 2.073248e+01
41t 4.489343e+02 4.494742e+02 4.501447e+02 4.481685e+02 4.531574e+02
42t 3.234520e+02 3.162268e+02 2.788699e+02 3.127617e+02 2.610358e+02
43t 3.934367e+02 3.351520e+02 3.314253e+02 3.601712e+02 3.171761e+02
44t 9.510482e+02 9.314875e+02 9.332001e+02 9.405385e+02 9.305963e+02
45t 9.493790e+02 9.340196e+02 9.396612e+02 9.309195e+02 9.212883e+02
46t 9.489431e+02 9.312407e+02 9.238494e+02 9.246011e+02 9.289673e+02
47t 1.196342e+03 5.524843e+02 5.515540e+02 5.379959e+02 1.021420e+03
48t 1.165551e+03 9.607769e+02 9.298361e+02 1.024112e+03 9.728400e+02
49t 5.736594e+02 1.020198e+03 1.020274e+03 5.582571e+02 1.022060e+03
50t 1.271882e+03 9.111770e+02 9.195209e+02 1.064542e+03 9.000166e+02
              31           32           33           34           35
1t  1.263147e+00 9.779095e-01 9.457261e-01 1.180033e+00 7.215028e-01
2t  1.130720e+07 3.805054e+06 1.606032e+07 3.221604e+06 4.040342e+06
3t  1.699543e+06 1.761705e+06 1.453598e+06 1.762417e+06 1.190599e+06
4t  1.063755e+05 3.249661e+04 1.059564e+05 3.756478e+04 1.251609e+05
5t  2.985032e+01 1.961667e+01 3.761662e+01 1.558104e+01 5.913471e+01
6t  1.545763e+02 6.340538e+00 1.019118e+02 3.860850e+00 2.819970e+01
7t  3.849405e+03 5.264351e+03 5.381135e+03 2.270259e+03 6.492388e+03
8t  5.925086e+00 5.945991e+00 5.216961e+00 6.041358e+00 5.088028e+00
9t  3.022049e+02 3.200199e+02 3.071086e+02 3.148485e+02 3.905996e+02
10t 2.955937e+01 2.722721e+01 2.623857e+01 2.976324e+01 2.200464e+01
11t 2.511288e+02 2.923338e+02 2.869314e+02 3.064686e+02 3.718547e+02
12t 1.524156e+04 8.660847e+03 1.190906e+04 1.403073e+02 2.764925e+04
13t 1.535221e+00 1.896753e+01 1.291466e+00 1.926346e+01 2.027185e+01
14t 2.097345e+01 2.098331e+01 2.098558e+01 2.098076e+01 2.113997e+01
15t 2.136188e+02 1.541897e+02 3.617979e+02 1.616844e+02 1.207889e+02
16t 4.760981e+01 4.710469e+01 4.794001e+01 4.711002e+01 4.923517e+01
17t 1.008350e+00 4.511740e-02 2.851758e-01 8.809549e-02 6.749034e+02
18t 9.343736e-01 9.034989e-01 8.934142e-01 9.439636e-01 7.917047e-01
19t 3.885520e+02 5.982661e+02 5.691268e+02 5.755860e+02 2.296605e+03
20t 3.713657e+02 3.987897e+02 3.660617e+02 4.048921e+02 7.693157e+02
21t 2.874115e+04 2.809289e+04 2.740999e+04 2.973076e+04 3.555975e+04
22t 2.778897e+04 2.849278e+04 2.809717e+04 2.901577e+04 3.610788e+04
23t 4.877351e+01 6.531049e+01 5.064011e+01 5.262641e+01 7.408930e+01
24t 6.981975e-01 6.065196e-01 9.075809e-01 9.497320e-01 3.525331e+00
25t 7.388992e-01 1.029232e+00 7.110611e-01 8.648644e-01 6.165902e-01
26t 3.813355e-01 3.468922e-01 2.894402e-01 3.133967e-01 3.034371e-01
27t 8.657663e+01 4.995102e+01 8.013683e+01 1.297079e+02 4.932987e+01
28t 2.486539e+02 2.574459e+02 2.365520e+02 2.453229e+02 1.409875e+02
29t 3.166715e+02 3.915835e+02 3.430105e+02 4.492355e+02 4.792892e+02
30t 9.259748e+00 1.199195e+01 1.055225e+01 1.046918e+01 1.969158e+01
31t 1.676047e+02 1.892059e+02 1.956737e+02 2.672572e+02 1.017360e+02
32t 2.770840e+02 4.053768e+02 5.885652e+02 5.057514e+02 3.778809e+02
33t 1.151425e+02 1.591788e+02 1.181761e+02 1.387012e+02 1.539573e+02
34t 2.798453e+01 3.171753e+01 2.566785e+01 3.233956e+01 2.720413e+01
35t 1.252656e+04 1.299103e+04 1.344381e+04 1.305763e+04 1.517420e+04
36t 2.171543e+05 1.996867e+05 1.719731e+05 2.424093e+05 1.190274e+05
37t 5.751848e+01 6.044172e+01 6.010924e+01 5.967545e+01 6.638080e+01
38t 2.114245e+05 1.478946e+05 2.253256e+05 3.725610e+05 1.446147e+05
39t 6.142333e+00 5.952682e+00 5.195202e+00 6.464341e+00 5.202105e+00
40t 5.608732e+01 4.312726e+01 1.147036e+02 3.087899e+01 1.447659e+03
41t 4.490936e+02 6.988245e+02 4.464117e+02 5.499348e+02 4.442520e+02
42t 2.793562e+02 3.207592e+02 3.294338e+02 2.867768e+02 3.625891e+02
43t 3.880736e+02 4.379019e+02 4.405688e+02 4.442814e+02 4.800267e+02
44t 9.481307e+02 9.981992e+02 9.351367e+02 9.261468e+02 9.281962e+02
45t 9.368827e+02 9.429129e+02 9.392731e+02 9.336385e+02 9.286027e+02
46t 9.209568e+02 9.309813e+02 9.322831e+02 9.358041e+02 9.282158e+02
47t 1.020282e+03 9.004854e+02 5.312784e+02 9.083957e+02 1.205980e+03
48t 9.835971e+02 1.082057e+03 1.015061e+03 1.008797e+03 1.396549e+03
49t 5.626984e+02 1.026047e+03 5.549895e+02 1.017779e+03 1.208411e+03
50t 1.160415e+03 9.851845e+02 1.066694e+03 1.033089e+03 1.328544e+03
              36           37           38           39           40
1t  1.532134e+00 1.189102e+00 1.505035e+00 1.030599e+00 6.495204e-01
2t  1.092702e+07 1.252739e+07 1.990783e+07 1.209056e+07 2.726335e+06
3t  2.521238e+06 1.598239e+06 2.585092e+06 1.495663e+06 7.530908e+05
4t  1.221881e+05 9.984283e+04 9.707598e+04 1.197437e+05 1.372624e+05
5t  7.766805e+00 2.676965e+01 1.508487e+01 5.880917e+01 4.854567e+01
6t  3.277203e+02 1.428908e+02 2.366790e+02 4.671852e+01 5.099999e+00
7t  3.765263e+03 4.730320e+03 3.892591e+03 9.305080e+03 1.130592e+04
8t  6.609709e+00 5.890611e+00 6.237569e+00 6.112856e+00 1.273800e+02
9t  2.245274e+02 2.751026e+02 2.386968e+02 3.492007e+02 3.359186e+02
10t 3.001120e+01 2.800497e+01 2.705133e+01 2.620627e+01 1.850424e+01
11t 2.597777e+02 2.819021e+02 2.480670e+02 3.022920e+02 3.366456e+02
12t 3.683351e+02 2.899367e+02 2.532997e+02 1.957051e+04 1.522014e+04
13t 1.617759e+00 1.468399e+00 1.679668e+00 1.996271e+01 1.989150e+01
14t 2.105800e+01 2.110644e+01 2.107308e+01 2.092567e+01 2.098798e+01
15t 2.778181e+02 3.761252e+02 2.211584e+02 1.687722e+02 1.068048e+02
16t 4.815271e+01 4.904593e+01 5.206692e+01 1.099669e+02 4.921318e+01
17t 5.235620e-01 1.094764e-01 2.156547e-01 2.429238e+01 3.482333e+02
18t 9.631450e-01 9.226597e-01 9.268289e-01 9.087384e-01 6.242844e-01
19t 4.416849e+02 5.613184e+02 4.968662e+02 8.795267e+02 5.415813e+03
20t 2.523088e+02 2.726296e+02 2.333323e+02 3.560485e+02 9.471142e+02
21t 2.721802e+04 2.815637e+04 2.717027e+04 2.846840e+04 3.784336e+04
22t 2.823464e+04 2.813211e+04 2.772918e+04 2.901229e+04 3.889380e+04
23t 4.855429e+01 4.300001e+01 4.706350e+01 5.729849e+01 8.462977e+01
24t 7.427097e-01 6.104027e-01 6.955633e-01 5.718163e-01 5.360943e+00
25t 5.420024e-01 4.622118e-01 3.620684e-01 7.689375e-01 6.169733e-01
26t 2.724437e-01 3.153892e-01 2.931249e-01 7.979395e-01 2.916005e-01
27t 6.343007e+01 6.374158e+01 7.683778e+01 9.449849e+01 4.925285e+01
28t 2.575386e+02 2.457040e+02 2.261112e+02 2.400413e+02 1.512323e+02
29t 2.923791e+02 3.132942e+02 2.907557e+02 3.976641e+02 4.737768e+02
30t 1.213749e+01 9.799862e+00 1.123924e+01 2.076638e+01 6.509011e+00
31t 1.673617e+02 1.605471e+02 1.620591e+02 2.104303e+02 9.332449e+01
32t 3.247289e+02 2.994536e+02 3.260700e+02 8.368310e+02 3.868299e+02
33t 1.029694e+02 1.000496e+02 1.016607e+02 1.169546e+02 1.732582e+02
34t 2.679829e+01 2.890171e+01 2.482982e+01 3.400315e+01 2.925410e+01
35t 1.240508e+04 1.256858e+04 1.242736e+04 1.301765e+04 1.804972e+04
36t 1.759726e+05 1.744355e+05 2.615332e+05 1.953553e+05 1.259880e+05
37t 6.025122e+01 5.659782e+01 6.017375e+01 6.164822e+01 5.901825e+01
38t 3.253227e+05 2.181516e+05 1.855160e+05 4.053430e+05 2.264494e+05
39t 5.808028e+00 5.403355e+00 6.577779e+00 5.855673e+00 4.858631e+00
40t 3.283157e+01 5.236305e+01 2.996745e+01 9.859198e+01 8.749835e+02
41t 4.498398e+02 4.482036e+02 4.491086e+02 4.478503e+02 1.013459e+03
42t 2.856649e+02 2.952016e+02 2.807688e+02 3.126501e+02 4.298253e+02
43t 3.425061e+02 4.023552e+02 3.850431e+02 4.121799e+02 6.258013e+02
44t 9.310985e+02 9.346163e+02 9.243137e+02 9.308809e+02 9.256111e+02
45t 9.280214e+02 9.322598e+02 9.227054e+02 9.479667e+02 9.249521e+02
46t 9.216305e+02 9.271809e+02 9.259545e+02 9.458650e+02 9.247780e+02
47t 1.021566e+03 1.022395e+03 5.449384e+02 5.336043e+02 1.251008e+03
48t 9.509830e+02 1.034109e+03 9.776985e+02 1.024752e+03 1.460846e+03
49t 1.024481e+03 5.665159e+02 1.019416e+03 5.590737e+02 1.222587e+03
50t 9.386096e+02 9.783278e+02 9.272650e+02 9.722286e+02 1.352033e+03
              41           42           43           44           45
1t  1.057835e+00 1.944827e+00 7.647590e-01 1.091457e+00 1.371333e+00
2t  6.388404e+06 2.110110e+07 2.594333e+06 1.687612e+07 1.230154e+07
3t  2.134413e+06 3.194468e+06 1.062291e+06 2.350901e+06 2.271904e+06
4t  9.286000e+04 9.990689e+04 2.725887e+04 8.563388e+04 9.428039e+04
5t  2.980779e+01 1.179274e+01 8.314650e+00 5.416810e+01 8.877220e+00
6t  4.122171e+01 5.512651e+02 2.595275e+00 2.573005e+02 1.063896e+02
7t  4.282184e+03 2.755026e+03 3.659703e+04 6.020886e+03 2.832191e+03
8t  6.256199e+00 6.704714e+00 5.250450e+00 6.932330e+00 7.168840e+00
9t  2.949861e+02 2.801529e+02 3.573842e+02 2.986743e+02 2.798488e+02
10t 2.843842e+01 3.174737e+01 2.585609e+01 2.993966e+01 3.320499e+01
11t 2.846379e+02 2.487022e+02 3.332613e+02 2.980448e+02 2.721613e+02
12t 6.245380e+03 3.922515e+02 3.469933e+02 1.986408e+04 2.333706e+02
13t 1.759423e+01 1.773819e+00 2.030766e+01 1.669396e+00 1.567179e+00
14t 2.118892e+01 2.114609e+01 2.088045e+01 2.098508e+01 2.118197e+01
15t 1.824573e+02 2.837784e+02 3.038524e+02 4.422426e+02 2.417457e+02
16t 4.806691e+01 4.864154e+01 4.924212e+01 6.028979e+01 4.828798e+01
17t 2.200106e+00 8.927955e-01 3.904762e-02 1.139886e+00 5.908751e-01
18t 9.505165e-01 1.024938e+00 8.445675e-01 9.971096e-01 1.009481e+00
19t 5.315815e+02 3.980685e+02 2.604048e+03 4.088606e+02 4.044120e+02
20t 4.360311e+02 2.557737e+02 7.627585e+02 2.939788e+02 2.567095e+02
21t 2.799008e+04 2.844515e+04 3.836069e+04 2.796577e+04 2.707137e+04
22t 2.870129e+04 2.885790e+04 3.793783e+04 2.880679e+04 2.855170e+04
23t 5.474765e+01 4.605795e+01 7.506484e+01 5.407643e+01 5.121678e+01
24t 6.881406e-01 8.755121e-01 1.152369e+00 8.383003e-01 9.580807e-01
25t 9.498752e-01 5.286467e-01 5.750965e-01 7.203676e-01 6.015970e-01
26t 3.884127e-01 3.196675e-01 3.095477e-01 3.858666e-01 3.378583e-01
27t 1.222981e+02 6.606972e+01 7.145391e+01 8.963577e+01 8.888506e+01
28t 2.724604e+02 2.811966e+02 1.798617e+02 2.715680e+02 2.312474e+02
29t 3.670313e+02 3.033530e+02 5.220774e+02 3.337139e+02 3.015649e+02
30t 1.136122e+01 1.323166e+01 7.494056e+02 1.255271e+01 1.319276e+01
31t 2.001560e+02 1.485640e+02 1.646833e+02 1.523022e+02 1.816725e+02
32t 3.573687e+02 4.283213e+02 5.793763e+02 2.939175e+02 3.348809e+02
33t 1.101998e+02 1.032350e+02 2.285795e+02 1.255224e+02 1.120110e+02
34t 2.453060e+01 3.011733e+01 4.217719e+01 2.575160e+01 2.521280e+01
35t 1.320003e+04 1.242268e+04 1.420868e+04 1.271526e+04 1.267451e+04
36t 2.192436e+05 2.339441e+05 1.508496e+05 1.911950e+05 2.029898e+05
37t 6.092057e+01 5.953124e+01 7.183733e+01 5.684107e+01 5.975584e+01
38t 2.852796e+05 1.658439e+05 2.208264e+05 2.616358e+05 2.513882e+05
39t 6.244952e+00 5.810698e+00 5.606089e+00 5.687839e+00 7.612082e+00
40t 8.134407e+01 3.383141e+01 8.814198e+01 5.983606e+01 2.888322e+01
41t 4.495950e+02 4.509002e+02 5.475228e+02 4.498642e+02 4.509697e+02
42t 3.086621e+02 2.964085e+02 4.172142e+02 2.766234e+02 2.806838e+02
43t 4.400175e+02 3.161768e+02 4.821429e+02 3.440507e+02 3.482266e+02
44t 9.439631e+02 9.235136e+02 1.016694e+03 9.391911e+02 9.309717e+02
45t 9.364971e+02 9.304334e+02 1.148713e+03 9.384834e+02 9.414111e+02
46t 9.521336e+02 9.230527e+02 1.011758e+03 9.309523e+02 9.215624e+02
47t 1.021601e+03 9.255264e+02 5.301052e+02 5.511209e+02 5.607321e+02
48t 9.988273e+02 9.559845e+02 1.412974e+03 1.006320e+03 9.920577e+02
49t 5.669787e+02 1.021689e+03 5.454163e+02 5.631857e+02 1.025194e+03
50t 9.811624e+02 9.115644e+02 1.278955e+03 1.128923e+03 9.148462e+02
              46           47           48           49           50
1t  1.548836e+00 3.416067e+00 8.679543e-01 1.808301e+00 2.233190e+00
2t  8.232036e+06 1.867733e+07 1.615543e+07 6.428641e+06 2.827265e+07
3t  2.150462e+06 7.767155e+06 1.331468e+06 2.752589e+06 4.373032e+06
4t  1.162807e+05 1.087445e+05 8.495846e+04 7.325673e+04 5.721953e+04
5t  6.011619e+01 6.098129e+00 3.998131e+01 1.777256e+01 7.361179e+00
6t  3.298286e+02 6.177485e+02 1.666286e+02 3.450818e+01 3.078631e+02
7t  6.266737e+03 2.700095e+03 6.869546e+03 3.455663e+03 3.832924e+03
8t  6.916101e+00 8.861845e+00 4.740737e+00 7.433668e+00 8.413722e+00
9t  3.580929e+02 1.485474e+02 3.044067e+02 2.914969e+02 2.333022e+02
10t 3.150652e+01 3.910184e+01 2.373757e+01 3.221164e+01 3.663400e+01
11t 3.188533e+02 1.678507e+02 2.904137e+02 2.543211e+02 1.345110e+02
12t 2.910474e+04 2.625596e+02 1.767267e+04 2.088472e+02 2.622296e+02
13t 2.020187e+01 2.334354e+00 1.528866e+01 1.833929e+00 2.045204e+00
14t 2.118563e+01 2.116490e+01 2.100402e+01 2.112314e+01 2.102558e+01
15t 2.271899e+02 5.979785e+02 2.858438e+02 2.168834e+02 3.680736e+02
16t 4.928638e+01 4.870771e+01 4.832198e+01 4.510037e+01 4.844335e+01
17t 8.455395e+01 1.054653e+00 5.184647e+00 2.505432e-01 1.793414e-01
18t 9.769978e-01 1.061524e+00 8.565875e-01 1.010830e+00 1.032807e+00
19t 1.263263e+03 3.903014e+02 7.078617e+02 4.228633e+02 3.790943e+02
20t 5.737022e+02 1.988152e+02 3.509089e+02 3.697470e+02 2.260478e+02
21t 3.397882e+04 2.839438e+04 2.729180e+04 2.800646e+04 2.697394e+04
22t 3.524991e+04 2.899270e+04 2.763918e+04 2.880438e+04 2.816137e+04
23t 5.402582e+01 3.658958e+01 5.724584e+01 4.949312e+01 3.840100e+01
24t 3.083935e+00 8.829546e-01 9.153645e-01 5.377174e-01 7.381349e-01
25t 6.161139e-01 5.192328e-01 6.794616e-01 4.804335e-01 5.895525e-01
26t 2.695897e-01 3.042184e-01 3.308046e-01 8.419813e-01 2.957972e-01
27t 4.733051e+01 5.690895e+01 7.935783e+01 8.032926e+01 7.864710e+01
28t 2.022791e+02 3.577380e+02 2.044184e+02 2.912960e+02 3.053794e+02
29t 4.141369e+02 2.987652e+02 3.877456e+02 3.586584e+02 2.897259e+02
30t 1.352174e+01 1.663654e+01 1.224259e+01 1.183595e+01 1.273403e+01
31t 1.035328e+02 9.253364e+01 1.664415e+02 2.051817e+02 2.080923e+02
32t 2.179832e+02 3.308487e+02 2.989545e+02 4.491295e+02 4.770402e+02
33t 1.237543e+02 1.035423e+02 1.309558e+02 9.362280e+01 9.527156e+01
34t 2.945232e+01 3.255513e+01 2.290200e+01 2.985876e+01 2.898483e+01
35t 1.361784e+04 1.248227e+04 1.331614e+04 1.289515e+04 1.257457e+04
36t 2.385817e+05 3.842526e+05 1.702020e+05 3.618449e+05 2.998722e+05
37t 6.223111e+01 5.871845e+01 5.886098e+01 5.998503e+01 5.889591e+01
38t 1.998848e+05 2.731630e+05 1.543949e+05 3.522631e+05 3.760854e+05
39t 5.387009e+00 7.355669e+00 6.422977e+00 6.111945e+00 6.131573e+00
40t 4.840228e+02 2.014696e+01 1.817538e+02 2.710708e+01 2.015813e+01
41t 4.503304e+02 4.568484e+02 4.458015e+02 4.511758e+02 4.994335e+02
42t 3.432900e+02 2.811985e+02 3.520788e+02 2.937748e+02 2.596721e+02
43t 3.477460e+02 3.119349e+02 4.551945e+02 3.977150e+02 3.140340e+02
44t 1.005682e+03 9.218943e+02 9.378553e+02 9.725954e+02 9.220842e+02
45t 1.010017e+03 9.239529e+02 9.301376e+02 9.323562e+02 9.212847e+02
46t 9.884746e+02 9.246268e+02 9.247725e+02 9.248161e+02 9.232318e+02
47t 5.557567e+02 1.020913e+03 8.910194e+02 1.025026e+03 1.022172e+03
48t 1.108065e+03 9.376227e+02 9.933415e+02 9.904419e+02 9.497636e+02
49t 5.791060e+02 1.023169e+03 5.519331e+02 1.019210e+03 1.019924e+03
50t 1.246331e+03 8.903237e+02 1.177941e+03 9.032223e+02 9.130550e+02
              51           52           53           54           55
1t  1.412096e+00 1.083678e+00 9.556464e-01 1.526858e+00 7.263157e-01
2t  5.903540e+06 6.765459e+06 4.031155e+06 6.766650e+06 3.081515e+06
3t  2.262163e+06 1.791335e+06 1.413295e+06 2.550149e+06 1.199757e+06
4t  7.175653e+04 9.304309e+04 7.508075e+04 1.105329e+05 1.016232e+05
5t  2.195398e+01 3.123179e+01 4.085115e+01 4.255896e+01 5.481647e+01
6t  1.010094e+02 1.224421e+02 1.211770e+01 1.113981e+02 1.421117e+01
7t  3.469514e+03 4.406322e+03 6.402179e+03 4.927502e+03 1.004465e+04
8t  6.410585e+00 5.818454e+00 5.164323e+00 6.711477e+00 5.108819e+00
9t  2.670329e+02 2.489442e+02 3.080718e+02 2.611339e+02 3.845455e+02
10t 2.932040e+01 2.749405e+01 2.442664e+01 2.929959e+01 2.312658e+01
11t 2.390882e+02 2.523839e+02 3.005657e+02 2.693777e+02 3.689298e+02
12t 5.757473e+02 9.932818e+03 8.711749e+03 6.108730e+03 2.530919e+04
13t 1.433499e+00 1.404835e+00 1.984128e+01 1.674379e+00 2.020317e+01
14t 2.095055e+01 2.107441e+01 2.082895e+01 2.119323e+01 2.117638e+01
15t 2.207049e+02 1.605596e+02 2.253780e+03 2.510961e+02 1.225205e+02
16t 4.763329e+01 4.814971e+01 4.767120e+01 4.918918e+01 4.920189e+01
17t 6.428208e-01 1.508974e-01 1.800837e+00 5.636530e-02 5.502349e+02
18t 8.920219e-01 9.261440e-01 8.665638e-01 9.673357e-01 7.502029e-01
19t 5.055607e+02 5.176291e+02 5.010506e+02 5.290447e+02 2.642161e+03
20t 3.854281e+02 3.223909e+02 4.833682e+02 4.427165e+02 7.862239e+02
21t 2.772637e+04 2.757103e+04 2.953532e+04 3.113275e+04 3.497472e+04
22t 2.810131e+04 2.774206e+04 2.947486e+04 3.308941e+04 3.544271e+04
23t 5.733738e+01 4.169502e+01 5.670930e+01 4.555509e+01 7.416152e+01
24t 7.546137e-01 6.546079e-01 6.006358e-01 3.281004e+00 3.598548e+00
25t 6.646012e-01 6.951509e-01 8.829013e-01 5.424004e-01 5.802627e-01
26t 3.529658e-01 3.502748e-01 3.487331e-01 3.086030e-01 2.921324e-01
27t 9.639750e+01 6.380977e+01 9.926861e+01 7.784958e+01 7.199115e+01
28t 2.667018e+02 2.712947e+02 2.477220e+02 2.750650e+02 1.619801e+02
29t 3.224356e+02 3.041328e+02 3.826595e+02 3.893149e+02 5.151990e+02
30t 1.123905e+01 1.296498e+01 1.931575e+01 1.163907e+01 3.501535e+02
31t 2.099694e+02 1.563295e+02 2.918117e+02 1.757591e+02 1.218372e+02
32t 2.730171e+02 3.548050e+02 7.202013e+02 2.884750e+02 2.313137e+02
33t 1.149174e+02 1.070933e+02 1.383975e+02 1.027622e+02 1.729091e+02
34t 2.671666e+01 2.284379e+01 3.265709e+01 2.680147e+01 2.733446e+01
35t 1.260461e+04 1.282416e+04 1.365161e+04 1.287961e+04 1.478648e+04
36t 2.627635e+05 2.439780e+05 1.825872e+05 2.399649e+05 1.320497e+05
37t 5.882679e+01 6.014802e+01 5.652815e+01 6.102997e+01 7.023880e+01
38t 2.165358e+05 2.653933e+05 2.145408e+05 1.568653e+05 1.338820e+05
39t 5.830336e+00 5.507798e+00 5.317363e+00 5.740085e+00 4.982053e+00
40t 4.486735e+01 6.515885e+01 6.970699e+01 9.110058e+01 9.669652e+02
41t 5.504414e+02 4.479449e+02 5.472329e+02 4.523591e+02 7.420224e+02
42t 2.986523e+02 2.900039e+02 3.480533e+02 2.834058e+02 3.261859e+02
43t 3.240079e+02 3.241163e+02 4.668043e+02 3.274159e+02 4.990314e+02
44t 9.223763e+02 9.400841e+02 9.367377e+02 9.303152e+02 9.317954e+02
45t 9.230055e+02 9.361304e+02 9.374521e+02 9.314359e+02 9.332423e+02
46t 9.318080e+02 9.235001e+02 9.380289e+02 9.303377e+02 9.275396e+02
47t 5.454126e+02 9.055380e+02 8.877452e+02 5.583009e+02 1.211205e+03
48t 1.016651e+03 9.855037e+02 1.064406e+03 1.007489e+03 1.398933e+03
49t 1.022217e+03 5.596665e+02 1.023395e+03 5.729067e+02 8.529747e+02
50t 9.461826e+02 1.109900e+03 9.986017e+02 1.149457e+03 1.291164e+03
              56           57           58           59           60
1t  1.448081e+00 8.891548e-01 1.894371e+00 6.668246e-01 6.948384e-01
2t  1.068451e+07 6.903589e+06 8.378268e+06 2.498208e+06 3.012599e+06
3t  2.382728e+06 1.566434e+06 3.042873e+06 1.306467e+06 1.105129e+06
4t  9.426189e+04 6.590390e+04 8.067698e+04 6.190510e+04 1.043660e+05
5t  1.162934e+01 4.043956e+01 1.554652e+01 2.393532e+01 5.344951e+01
6t  2.134879e+02 1.143982e+02 1.419310e+02 3.928081e+00 9.335473e+00
7t  4.389662e+03 6.022251e+03 3.469038e+03 2.075084e+04 9.328515e+03
8t  6.360531e+00 5.369287e+00 7.886832e+00 4.611928e+00 4.447926e+00
9t  2.770232e+02 2.757658e+02 2.656536e+02 3.379454e+02 4.009757e+02
10t 3.204306e+01 2.748833e+01 3.110162e+01 2.473780e+01 2.312444e+01
11t 2.446475e+02 2.756584e+02 2.369346e+02 3.110851e+02 3.786620e+02
12t 1.088837e+03 1.134262e+04 3.780722e+02 1.096358e+04 2.032757e+04
13t 1.609019e+00 1.218335e+00 1.942029e+00 1.936321e+01 2.040284e+01
14t 2.101558e+01 2.101201e+01 2.104446e+01 2.085455e+01 2.115370e+01
15t 2.317371e+02 1.715169e+02 2.681560e+02 3.080228e+02 3.301018e+02
16t 4.851577e+01 4.898159e+01 4.862166e+01 4.924205e+01 4.923460e+01
17t 1.047979e+00 6.771388e-01 2.841770e-01 6.038172e-02 4.635126e+02
18t 9.740597e-01 8.888291e-01 9.985060e-01 8.071873e-01 7.455012e-01
19t 4.887183e+02 6.312092e+02 4.204328e+02 2.053822e+03 2.435278e+03
20t 3.117824e+02 3.828065e+02 2.473526e+02 4.434183e+02 7.893080e+02
21t 2.721018e+04 2.670547e+04 2.736311e+04 3.116492e+04 3.511785e+04
22t 2.835253e+04 2.906329e+04 2.897241e+04 2.803677e+04 3.615848e+04
23t 5.033764e+01 5.206652e+01 5.283665e+01 6.574295e+01 7.072808e+01
24t 8.114711e-01 9.378208e-01 7.548305e-01 9.078200e-01 3.137285e+00
25t 4.888171e-01 6.249635e-01 6.345092e-01 9.905473e-01 6.005378e-01
26t 2.900218e-01 3.404766e-01 2.943827e-01 8.013896e-01 2.638806e-01
27t 7.591788e+01 7.453269e+01 6.241475e+01 1.469433e+02 5.433480e+01
28t 2.759555e+02 2.339547e+02 2.944847e+02 2.407129e+02 1.404960e+02
29t 3.453110e+02 3.073831e+02 3.169798e+02 3.889964e+02 4.599382e+02
30t 1.290969e+01 1.031770e+01 1.270383e+01 1.123288e+01 1.710706e+01
31t 1.737121e+02 1.930258e+02 1.572822e+02 2.603664e+02 1.033189e+02
32t 2.771442e+02 5.386402e+02 3.854113e+02 3.913148e+02 3.913226e+02
33t 1.142919e+02 1.171868e+02 9.025723e+01 1.584287e+02 1.605956e+02
34t 2.840110e+01 2.249046e+01 2.747860e+01 2.842312e+01 2.695561e+01
35t 1.296526e+04 1.279057e+04 1.242202e+04 1.379995e+04 1.472351e+04
36t 2.244508e+05 1.727264e+05 2.636339e+05 1.839726e+05 1.223037e+05
37t 5.850958e+01 5.833941e+01 5.773460e+01 6.038531e+01 6.903715e+01
38t 2.265834e+05 2.418308e+05 2.792365e+05 4.272894e+05 1.395624e+05
39t 5.585148e+00 5.417966e+00 5.442369e+00 5.277792e+00 5.293112e+00
40t 4.370174e+01 7.902856e+01 2.091978e+01 1.023657e+02 8.464256e+02
41t 4.739814e+02 4.475684e+02 4.511857e+02 4.457099e+02 8.801060e+02
42t 2.625493e+02 3.500719e+02 2.762264e+02 4.171966e+02 3.500179e+02
43t 3.657911e+02 4.317030e+02 2.902822e+02 4.294836e+02 5.176998e+02
44t 9.334919e+02 9.384566e+02 9.231760e+02 1.007428e+03 9.290057e+02
45t 9.344395e+02 9.411886e+02 9.361303e+02 9.570131e+02 9.276036e+02
46t 9.301825e+02 9.285949e+02 9.309882e+02 9.333319e+02 9.288724e+02
47t 1.028568e+03 5.376279e+02 1.024444e+03 1.198880e+03 1.205565e+03
48t 9.748303e+02 9.770795e+02 9.969955e+02 1.219451e+03 1.382527e+03
49t 1.027637e+03 5.571793e+02 1.020320e+03 5.441618e+02 1.217615e+03
50t 9.617509e+02 1.187018e+03 9.030461e+02 1.253761e+03 1.331376e+03
              61           62           63           64           65
1t  9.693879e-01 1.328662e+00 1.056468e+00 1.592920e+00 1.284100e+00
2t  2.015163e+07 8.734223e+06 1.370373e+07 3.045495e+07 1.307211e+07
3t  1.545996e+06 2.205588e+06 1.689080e+06 2.649245e+06 1.657890e+06
4t  1.208433e+05 6.508552e+04 1.150637e+05 7.555186e+04 1.082771e+05
5t  5.536905e+01 1.398707e+01 2.845330e+01 5.044679e+01 4.729981e+01
6t  1.108613e+02 1.574771e+02 2.955390e+02 2.735223e+02 5.411601e+02
7t  6.530259e+03 3.775799e+03 4.070312e+03 7.753299e+03 4.352739e+03
8t  5.191350e+00 6.683307e+00 5.837380e+00 6.460906e+00 6.240417e+00
9t  3.157896e+02 2.576865e+02 2.575192e+02 2.906590e+02 2.894284e+02
10t 2.430757e+01 2.908213e+01 2.749370e+01 3.244474e+01 2.896996e+01
11t 2.945694e+02 2.640972e+02 2.771016e+02 3.079072e+02 2.752309e+02
12t 2.263514e+04 2.417970e+02 3.204905e+03 1.792222e+04 5.112893e+03
13t 1.972939e+01 1.499696e+00 1.320514e+00 1.646695e+00 1.577619e+00
14t 2.091033e+01 2.110927e+01 2.101103e+01 2.096872e+01 2.106073e+01
15t 1.534380e+02 1.820970e+02 9.024798e+02 5.955601e+02 4.389325e+02
16t 6.669666e+01 4.802393e+01 1.042114e+02 1.090327e+02 4.926126e+01
17t 4.817154e+00 1.848388e-01 1.175721e+00 5.897262e+00 1.166322e+00
18t 8.614250e-01 9.539059e-01 9.151614e-01 9.443262e-01 9.018710e-01
19t 5.943620e+02 4.639310e+02 5.301496e+02 5.281045e+02 5.946133e+02
20t 4.337438e+02 2.460417e+02 3.652920e+02 3.168084e+02 2.847880e+02
21t 2.730614e+04 2.825017e+04 2.735379e+04 2.754379e+04 2.859169e+04
22t 2.890259e+04 2.717441e+04 2.837734e+04 2.928656e+04 2.725412e+04
23t 6.649578e+01 4.977047e+01 5.368224e+01 5.579523e+01 4.505927e+01
24t 4.510973e-01 8.632027e-01 8.933765e-01 7.911568e-01 7.687316e-01
25t 8.626129e-01 4.921761e-01 5.866699e-01 5.904133e-01 3.846261e-01
26t 3.416131e-01 3.666389e-01 3.233287e-01 2.828557e-01 3.000404e-01
27t 1.043074e+02 9.371355e+01 7.297445e+01 7.007722e+01 9.847692e+01
28t 2.084065e+02 2.555007e+02 2.580077e+02 3.990785e+02 2.422145e+02
29t 4.192067e+02 2.949450e+02 2.962909e+02 3.225666e+02 3.055043e+02
30t 1.390580e+01 1.250378e+01 1.132740e+01 1.510149e+01 1.104406e+01
31t 1.747093e+02 1.445449e+02 1.719930e+02 1.782359e+02 1.511521e+02
32t 3.994177e+02 3.119470e+02 5.805878e+02 6.178881e+02 3.044209e+02
33t 1.198179e+02 1.116098e+02 1.192675e+02 1.352057e+02 1.087903e+02
34t 2.198699e+01 2.246360e+01 2.445819e+01 2.851304e+01 2.276511e+01
35t 1.361573e+04 1.263214e+04 1.280699e+04 1.280740e+04 1.267160e+04
36t 2.130368e+05 1.709078e+05 1.827420e+05 1.724450e+05 2.306921e+05
37t 5.665212e+01 5.993815e+01 5.672373e+01 5.586196e+01 5.907785e+01
38t 2.058541e+05 2.388602e+05 2.107409e+05 2.481318e+05 1.725562e+05
39t 7.114151e+00 5.013366e+00 5.853943e+00 5.688961e+00 5.783397e+00
40t 1.832392e+02 3.561005e+01 7.387914e+01 6.844419e+01 6.495570e+01
41t 4.473517e+02 4.497077e+02 4.486995e+02 4.496476e+02 4.491190e+02
42t 3.728637e+02 3.019721e+02 4.283417e+02 2.838555e+02 3.094103e+02
43t 4.291662e+02 3.639167e+02 4.399697e+02 4.553264e+02 4.315650e+02
44t 9.445959e+02 9.252630e+02 9.462215e+02 9.374170e+02 9.328794e+02
45t 9.396761e+02 9.331573e+02 9.410573e+02 9.377440e+02 9.398096e+02
46t 9.326188e+02 9.277328e+02 9.320477e+02 9.371557e+02 9.293268e+02
47t 8.977602e+02 9.146604e+02 9.066790e+02 5.504763e+02 5.472191e+02
48t 1.112378e+03 9.800430e+02 1.000921e+03 1.002795e+03 9.912081e+02
49t 5.519287e+02 1.017478e+03 5.620401e+02 5.623370e+02 1.025327e+03
50t 1.218285e+03 1.077129e+03 1.114383e+03 1.044019e+03 1.205050e+03
              66           67           68           69           70
1t  1.569666e+00 2.674775e+00 3.223399e+00 1.707868e+00 1.695340e+00
2t  6.550106e+06 1.747269e+07 8.388468e+06 4.412211e+06 9.863566e+06
3t  2.373386e+06 3.832275e+06 5.521822e+06 2.618372e+06 2.754809e+06
4t  1.069876e+05 8.742928e+04 1.109376e+05 6.698616e+04 1.015655e+05
5t  5.690400e+01 1.075863e+01 1.440093e+01 1.127796e+01 1.217898e+01
6t  1.060461e+02 3.052914e+02 6.557037e+01 8.730236e+00 1.917613e+02
7t  5.214772e+03 4.053676e+03 4.237604e+03 5.981860e+03 4.789519e+03
8t  6.510222e+00 8.253084e+00 1.081077e+01 7.616142e+00 6.655789e+00
9t  3.982043e+02 2.605006e+02 1.897040e+02 3.293524e+02 2.634596e+02
10t 3.077432e+01 3.638026e+01 4.082583e+01 3.338390e+01 3.010101e+01
11t 3.557956e+02 2.308167e+02 1.363855e+02 2.936591e+02 2.707022e+02
12t 2.886317e+04 2.756554e+02 5.225523e+02 1.114087e+03 2.687321e+02
13t 2.045651e+01 2.149850e+00 2.404132e+00 2.000913e+01 1.643551e+00
14t 2.115427e+01 2.111582e+01 2.110560e+01 2.112341e+01 2.111483e+01
15t 2.293688e+02 5.631666e+03 4.468870e+02 2.155558e+02 3.875631e+02
16t 4.927710e+01 5.567947e+01 4.925481e+01 4.714701e+01 4.834395e+01
17t 5.300514e+02 1.414872e+00 1.081580e-01 5.203848e-02 1.468718e+00
18t 9.826984e-01 1.044915e+00 1.053044e+00 9.967227e-01 9.726082e-01
19t 1.304928e+03 3.779522e+02 4.086688e+02 5.132797e+02 4.385328e+02
20t 5.677768e+02 2.371851e+02 2.891741e+02 4.173461e+02 2.461235e+02
21t 3.684021e+04 2.805612e+04 3.185991e+04 2.847037e+04 2.810450e+04
22t 3.540027e+04 2.867578e+04 3.322625e+04 2.911854e+04 2.777125e+04
23t 7.200930e+01 3.536200e+01 2.521804e+01 4.959298e+01 4.090634e+01
24t 3.485408e+00 6.066362e-01 2.922747e+00 4.265565e-01 8.162215e-01
25t 6.028747e-01 5.120508e-01 5.327465e-01 8.124822e-01 5.353011e-01
26t 2.709343e-01 3.002524e-01 3.237667e-01 3.729829e-01 3.316803e-01
27t 6.438505e+01 9.582998e+01 7.504797e+01 1.051229e+02 7.595161e+01
28t 2.234670e+02 3.180334e+02 3.612615e+02 2.450759e+02 2.826991e+02
29t 4.445122e+02 2.924661e+02 2.658982e+02 3.504299e+02 3.084501e+02
30t 1.401753e+01 1.349593e+01 1.622778e+01 1.114625e+01 1.085360e+01
31t 1.054220e+02 1.794128e+02 1.677953e+02 2.212224e+02 1.585529e+02
32t 4.111940e+02 3.174496e+02 3.244497e+02 4.877529e+02 3.534649e+02
33t 1.431928e+02 1.109577e+02 1.010205e+02 1.430036e+02 1.112455e+02
34t 2.758647e+01 3.102064e+01 3.136593e+01 4.548112e+01 2.783504e+01
35t 1.336828e+04 1.266875e+04 1.254380e+04 1.287791e+04 1.271769e+04
36t 1.790714e+05 3.157821e+05 3.431453e+05 3.289230e+05 2.194654e+05
37t 6.277365e+01 6.087328e+01 5.683990e+01 6.710516e+01 5.953750e+01
38t 1.436330e+05 4.214545e+05 2.198025e+05 5.634243e+05 1.887786e+05
39t 4.989830e+00 6.835766e+00 6.416871e+00 5.115825e+00 5.760904e+00
40t 5.891284e+02 2.188984e+01 1.652229e+01 3.305485e+01 4.906974e+01
41t 5.280981e+02 4.536030e+02 4.572828e+02 7.365510e+02 5.069000e+02
42t 3.418825e+02 2.870143e+02 2.657288e+02 3.223776e+02 3.230789e+02
43t 3.830999e+02 3.493040e+02 3.130129e+02 3.567859e+02 3.771475e+02
44t 9.536015e+02 9.284197e+02 9.248335e+02 9.530852e+02 9.323752e+02
45t 9.547575e+02 9.282004e+02 9.303085e+02 9.487424e+02 9.351975e+02
46t 9.494756e+02 9.240147e+02 9.309022e+02 9.359187e+02 9.219449e+02
47t 5.562215e+02 1.021310e+03 6.091357e+02 9.243756e+02 1.026065e+03
48t 1.111811e+03 9.622303e+02 9.256560e+02 1.083136e+03 9.833561e+02
49t 5.660813e+02 1.020653e+03 6.227558e+02 9.285562e+02 1.023306e+03
50t 1.219497e+03 9.391252e+02 4.404492e+02 1.165872e+03 1.054596e+03
              71           72           73           74           75
1t  8.670074e-01 8.408359e-01 8.437752e-01 1.389193e+00 9.832180e-01
2t  1.015546e+07 2.970603e+06 2.556634e+07 5.952183e+06 1.003855e+07
3t  1.785610e+06 1.288853e+06 1.371188e+06 2.349625e+06 1.515031e+06
4t  7.305383e+04 8.452908e+04 1.183456e+05 1.257004e+05 6.621439e+04
5t  4.180007e+01 4.574558e+01 5.115990e+01 2.683561e+01 3.066774e+01
6t  4.959186e+01 1.020453e+01 2.282671e+02 2.386733e+02 1.149756e+02
7t  5.367485e+03 7.205189e+03 6.194518e+03 6.540738e+03 5.068437e+03
8t  5.436257e+00 5.040593e+00 5.091624e+00 6.750681e+00 4.775428e+00
9t  2.937296e+02 2.908378e+02 3.117150e+02 2.841461e+02 3.024191e+02
10t 2.939446e+01 2.579197e+01 2.397051e+01 2.945867e+01 2.679004e+01
11t 2.902143e+02 3.045977e+02 3.013090e+02 2.972514e+02 2.936139e+02
12t 1.674567e+04 1.741870e+04 2.309934e+04 4.660994e+03 1.575332e+04
13t 1.387084e+00 1.983299e+01 7.920995e+00 1.686334e+00 1.206883e+00
14t 2.086363e+01 2.116765e+01 2.099709e+01 2.111100e+01 2.093098e+01
15t 1.615403e+02 1.309040e+02 1.801897e+02 2.068142e+02 1.585783e+02
16t 4.870820e+01 1.020699e+02 5.401556e+01 4.882495e+01 4.825215e+01
17t 1.633337e-01 3.564646e-01 3.520478e+00 4.873376e-02 2.817293e+00
18t 9.180101e-01 8.337788e-01 8.868770e-01 9.713298e-01 8.898141e-01
19t 5.440434e+02 6.148854e+02 6.253167e+02 5.040084e+02 5.144540e+02
20t 2.826684e+02 3.677422e+02 3.232232e+02 4.056082e+02 3.373055e+02
21t 2.765366e+04 2.794375e+04 2.796987e+04 3.353655e+04 2.767017e+04
22t 2.845019e+04 2.803282e+04 2.842315e+04 3.367858e+04 2.807181e+04
23t 4.943673e+01 5.973506e+01 5.646312e+01 5.518130e+01 4.835050e+01
24t 8.750091e-01 5.948419e-01 1.033501e+00 2.923295e+00 7.557482e-01
25t 8.550467e-01 9.620866e-01 6.058925e-01 5.081362e-01 9.327749e-01
26t 2.571557e-01 2.784628e-01 2.807384e-01 2.830599e-01 4.006067e-01
27t 8.030142e+01 9.300346e+01 7.104889e+01 7.025002e+01 9.323149e+01
28t 2.683991e+02 2.187307e+02 1.240485e+04 2.565433e+02 2.239523e+02
29t 3.210791e+02 4.281163e+02 3.007357e+02 3.591863e+02 3.527300e+02
30t 1.046604e+01 1.824485e+01 1.414801e+01 1.312335e+01 1.131443e+01
31t 1.923389e+02 1.967185e+02 1.583123e+02 1.553479e+02 1.623564e+02
32t 4.585581e+02 3.717841e+02 5.922127e+02 2.665914e+02 7.137520e+02
33t 8.784066e+01 1.501679e+02 1.367376e+02 1.255229e+02 1.160253e+02
34t 2.353655e+01 2.588813e+01 2.457239e+01 2.671328e+01 2.469665e+01
35t 1.275096e+04 1.361182e+04 1.317897e+04 1.247270e+04 1.291050e+04
36t 1.901477e+05 2.129917e+05 1.621182e+05 2.423626e+05 1.679616e+05
37t 5.708506e+01 6.082896e+01 5.953964e+01 6.077985e+01 5.741476e+01
38t 3.106944e+05 2.335166e+05 1.805264e+05 1.594513e+05 1.838065e+05
39t 4.733594e+00 5.444584e+00 5.259314e+00 5.443669e+00 6.824462e+00
40t 5.357634e+01 1.010905e+02 1.274119e+02 1.033760e+02 1.212648e+02
41t 4.488045e+02 4.472709e+02 4.479048e+02 4.498267e+02 4.482078e+02
42t 3.201675e+02 3.056473e+02 3.711457e+02 3.145029e+02 3.028491e+02
43t 3.225470e+02 4.336369e+02 3.895610e+02 3.732620e+02 3.316026e+02
44t 9.341944e+02 9.344181e+02 9.332167e+02 9.334740e+02 9.335351e+02
45t 9.382852e+02 9.373604e+02 9.366326e+02 9.340923e+02 9.441633e+02
46t 9.356611e+02 1.001780e+03 9.403333e+02 9.300412e+02 9.296325e+02
47t 5.388505e+02 8.988625e+02 5.286136e+02 5.516537e+02 8.994656e+02
48t 1.003074e+03 1.048908e+03 1.060891e+03 1.009820e+03 1.021613e+03
49t 5.497090e+02 5.503250e+02 5.498072e+02 5.712048e+02 5.565024e+02
50t 1.177946e+03 1.235971e+03 1.178216e+03 1.232685e+03 1.150939e+03
              76           77           78           79           80
1t  1.542378e+00 1.340727e+00 2.074456e+00 8.586052e-01 1.298514e+00
2t  1.044501e+07 2.339128e+07 2.126833e+07 3.393551e+06 5.565256e+06
3t  2.520399e+06 2.069063e+06 2.998364e+06 1.167126e+06 1.477618e+06
4t  1.012592e+05 9.996406e+04 1.107774e+05 1.173519e+05 1.394938e+05
5t  3.001048e+01 3.978936e+01 9.255644e+00 4.364609e+01 4.650066e+01
6t  2.229654e+02 9.562585e+01 4.922801e+02 4.722943e+00 5.362409e+02
7t  2.972737e+03 4.065417e+03 3.491547e+03 8.752985e+03 6.624036e+03
8t  6.912121e+00 6.048009e+00 7.650207e+00 4.969868e+00 6.168755e+00
9t  2.767192e+02 2.987580e+02 2.491656e+02 3.238653e+02 3.268386e+02
10t 3.256981e+01 2.974576e+01 3.210505e+01 2.247595e+01 2.860770e+01
11t 2.368319e+02 2.798888e+02 2.519705e+02 3.020850e+02 3.143253e+02
12t 2.372330e+02 1.501586e+04 3.286050e+02 1.681485e+04 1.056477e+04
13t 1.707196e+00 1.559346e+00 1.744870e+00 2.004496e+01 1.514234e+00
14t 2.107575e+01 2.097718e+01 2.114706e+01 2.080238e+01 2.119792e+01
15t 2.485439e+02 1.787367e+02 5.299721e+02 1.236783e+02 6.101154e+02
16t 4.792906e+01 4.823546e+01 4.933788e+01 4.902438e+01 4.914310e+01
17t 1.135268e+00 1.313421e+00 9.859201e-01 2.400716e+00 5.047369e-02
18t 9.848660e-01 9.415756e-01 1.024583e+00 7.475835e-01 9.460193e-01
19t 4.400011e+02 5.680834e+02 4.117062e+02 1.122236e+03 5.904623e+02
20t 2.739990e+02 3.809870e+02 1.708736e+02 3.647993e+02 4.610994e+02
21t 2.752717e+04 2.828790e+04 2.760053e+04 3.000098e+04 3.387439e+04
22t 2.799209e+04 2.765041e+04 2.830036e+04 2.912551e+04 3.531769e+04
23t 4.312326e+01 5.361209e+01 4.211418e+01 4.928815e+01 5.989107e+01
24t 9.546664e-01 5.997387e-01 7.592332e-01 1.223427e+00 3.319574e+00
25t 7.774297e-01 8.347525e-01 5.968432e-01 7.258942e-01 5.383871e-01
26t 3.437328e-01 3.381171e-01 2.688152e-01 4.134434e-01 2.812022e-01
27t 7.925343e+01 9.831916e+01 6.671401e+01 1.193014e+02 6.809459e+01
28t 2.540922e+02 2.548175e+02 2.839047e+02 2.160637e+02 2.263917e+02
29t 2.940713e+02 3.203547e+02 2.814230e+02 3.589697e+02 4.233282e+02
30t 1.207831e+01 1.495902e+01 1.187450e+01 2.522825e+01 1.610953e+01
31t 1.892216e+02 1.743288e+02 1.448758e+02 2.168463e+02 1.223754e+02
32t 4.380481e+02 7.736805e+02 3.545975e+02 8.599230e+02 3.426377e+02
33t 1.080868e+02 1.306395e+02 1.163972e+02 1.318994e+02 1.330928e+02
34t 2.755939e+01 2.392475e+01 2.890198e+01 3.608035e+01 2.872816e+01
35t 1.240039e+04 1.269937e+04 1.271339e+04 1.432265e+04 1.293098e+04
36t 2.439866e+05 2.102530e+05 2.547965e+05 2.393143e+05 2.170477e+05
37t 6.119494e+01 5.896820e+01 5.960284e+01 5.595309e+01 6.374862e+01
38t 2.231596e+05 1.605591e+05 2.197237e+05 3.408669e+05 1.503796e+05
39t 6.056505e+00 6.048068e+00 5.959840e+00 6.797072e+00 4.999287e+00
40t 3.575637e+01 5.805248e+01 2.867856e+01 1.864961e+02 1.520786e+02
41t 4.505582e+02 4.483413e+02 4.509340e+02 7.959818e+02 4.498084e+02
42t 2.884219e+02 3.017276e+02 3.049533e+02 4.729086e+02 4.128146e+02
43t 4.184373e+02 3.560885e+02 3.325563e+02 4.731178e+02 4.139249e+02
44t 9.311479e+02 9.255908e+02 9.268710e+02 1.012248e+03 9.543368e+02
45t 9.300658e+02 9.427914e+02 9.308050e+02 1.008518e+03 9.504711e+02
46t 9.245801e+02 9.306144e+02 9.222511e+02 1.053390e+03 9.445748e+02
47t 1.021951e+03 9.104378e+02 1.026760e+03 5.309098e+02 5.473476e+02
48t 9.997776e+02 1.025535e+03 9.459746e+02 1.209967e+03 1.030791e+03
49t 1.018369e+03 5.622443e+02 1.026019e+03 9.195097e+02 5.600395e+02
50t 9.810411e+02 9.869173e+02 9.309619e+02 1.307199e+03 1.263468e+03
# 2025-12-18 16:51:21 -03: Finished testing
