# 2025-09-19 00:43:42 -03: Reading parameter file '/home/dianag/PruebasPablo/irace-test-executions/ACOTSP-withRanking/Scenarios-2/BH-90/Runs/BH-90_seed_300017/parameters.txt'.
# 2025-09-19 00:43:42 -03: 1 expression(s) specifying forbidden configurations read.
# 2025-09-19 00:43:42 -03: Initialization
# Elitist race
# Elitist new instances: 1
# Elitist limit: 2
# nbIterations: 5
# minNbSurvival: 5
# nbParameters: 11
# seed: 300017
# confidence level: 0.95
# budget: 5500
# mu: 5
# deterministic: FALSE

# 2025-09-19 00:43:42 -03: Iteration 1 of 5
# experimentsUsed: 0
# remainingBudget: 5500
# currentBudget: 1100
# nbConfigurations: 90
# Markers:
     x No test is performed.
     c Configurations are discarded only due to capping.
     - The test is performed and some configurations are discarded.
     = The test is performed but no configuration is discarded.
     ! The test is performed and configurations could be discarded but elite configurations are preserved.
     . All alive configurations are elite and nothing is discarded.

+-+-----------+-----------+-----------+----------------+-----------+--------+-----+----+------+
| |   Instance|      Alive|       Best|       Mean best| Exp so far|  W time|  rho|KenW|  Qvar|
+-+-----------+-----------+-----------+----------------+-----------+--------+-----+----+------+
|x|          1|         90|         62|     32651470.00|         90|00:02:02|   NA|  NA|    NA|
|x|          2|         90|         62|     32863670.50|        180|00:02:00|+0.97|0.99|0.0013|
|x|          3|         90|         62|     32742083.67|        270|00:02:04|+0.97|0.98|0.0022|
|x|          4|         90|         73|     32738409.75|        360|00:02:01|+0.98|0.98|0.0020|
|-|          5|          6|         62|     32697102.60|        450|00:01:59|+0.33|0.47|0.5456|
|=|          6|          6|         62|     32630330.83|        456|00:00:24|+0.17|0.31|0.5862|
|-|          7|          2|         62|     32612138.29|        462|00:00:33|+0.05|0.18|0.4762|
+-+-----------+-----------+-----------+----------------+-----------+--------+-----+----+------+
Best-so-far configuration:          62    mean value:      32612138.29
Description of the best-so-far configuration:
   .ID. algorithm localsearch alpha beta  rho ants   q0 rasrank elitistants
62   62       acs           3  3.55 9.91 0.67   27 0.73      NA          NA
   nnls dlb .PARENT.
62   26   1       NA

# 2025-09-19 00:54:49 -03: Elite configurations (first number is the configuration ID; listed from best to worst according to the sum of ranks):
   algorithm localsearch alpha beta  rho ants   q0 rasrank elitistants nnls dlb
62       acs           3  3.55 9.91 0.67   27 0.73      NA          NA   26   1
73      mmas           3  1.95 5.93 0.48   25   NA      NA          NA   49   0
# 2025-09-19 00:54:49 -03: Iteration 2 of 5
# experimentsUsed: 462
# remainingBudget: 5038
# currentBudget: 1259
# nbConfigurations: 90
# Markers:
     x No test is performed.
     c Configurations are discarded only due to capping.
     - The test is performed and some configurations are discarded.
     = The test is performed but no configuration is discarded.
     ! The test is performed and configurations could be discarded but elite configurations are preserved.
     . All alive configurations are elite and nothing is discarded.

+-+-----------+-----------+-----------+----------------+-----------+--------+-----+----+------+
| |   Instance|      Alive|       Best|       Mean best| Exp so far|  W time|  rho|KenW|  Qvar|
+-+-----------+-----------+-----------+----------------+-----------+--------+-----+----+------+
|x|          8|         90|        111|     32474006.00|         90|00:02:24|   NA|  NA|    NA|
|x|          5|         90|         62|     32523995.00|        178|00:02:19|+0.94|0.97|0.0022|
|x|          6|         90|         62|     32448154.00|        266|00:02:21|+0.95|0.97|0.0025|
|x|          3|         90|         62|     32460843.00|        354|00:02:19|+0.94|0.96|0.0025|
|-|          2|          9|         62|     32583848.60|        442|00:02:17|+0.25|0.40|0.6575|
|-|          7|          5|         62|     32570371.00|        449|00:00:22|-0.05|0.13|0.8252|
+-+-----------+-----------+-----------+----------------+-----------+--------+-----+----+------+
Best-so-far configuration:          62    mean value:      32594927.00
Description of the best-so-far configuration:
   .ID. algorithm localsearch alpha beta  rho ants   q0 rasrank elitistants
62   62       acs           3  3.55 9.91 0.67   27 0.73      NA          NA
   nnls dlb .PARENT.
62   26   1       NA

# 2025-09-19 01:06:53 -03: Elite configurations (first number is the configuration ID; listed from best to worst according to the sum of ranks):
    algorithm localsearch alpha beta  rho ants   q0 rasrank elitistants nnls
62        acs           3  3.55 9.91 0.67   27 0.73      NA          NA   26
73       mmas           3  1.95 5.93 0.48   25   NA      NA          NA   49
111       acs           3  2.55 7.88 0.63   51 0.61      NA          NA   45
106       acs           3  3.40 5.56 0.60   47 0.22      NA          NA   35
115       acs           3  2.92 7.28 0.88   38 0.87      NA          NA   35
    dlb
62    1
73    0
111   1
106   1
115   1
# 2025-09-19 01:06:53 -03: Iteration 3 of 5
# experimentsUsed: 911
# remainingBudget: 4589
# currentBudget: 1529
# nbConfigurations: 90
# Markers:
     x No test is performed.
     c Configurations are discarded only due to capping.
     - The test is performed and some configurations are discarded.
     = The test is performed but no configuration is discarded.
     ! The test is performed and configurations could be discarded but elite configurations are preserved.
     . All alive configurations are elite and nothing is discarded.

+-+-----------+-----------+-----------+----------------+-----------+--------+-----+----+------+
| |   Instance|      Alive|       Best|       Mean best| Exp so far|  W time|  rho|KenW|  Qvar|
+-+-----------+-----------+-----------+----------------+-----------+--------+-----+----+------+
|x|          9|         90|        211|     32512134.00|         90|00:02:21|   NA|  NA|    NA|
|x|          3|         90|        201|     32492886.00|        175|00:02:18|+0.92|0.96|0.0087|
|x|          5|         90|        201|     32529468.33|        260|00:02:16|+0.92|0.95|0.0059|
|x|          7|         90|        184|     32525507.25|        345|00:02:12|+0.93|0.95|0.0050|
|-|          6|         12|        201|     32444997.60|        430|00:02:13|+0.29|0.43|0.6892|
|-|          4|         11|        201|     32471741.83|        440|00:00:11|+0.38|0.48|0.5943|
|!|          2|         11|        201|     32551550.14|        446|00:00:10|+0.45|0.52|0.5390|
|-|          8|          6|        201|     32530043.00|        452|00:00:10|+0.34|0.42|0.5722|
|-|          1|          4|        250|     32535693.11|        456|00:00:10|-0.03|0.09|0.7949|
+-+-----------+-----------+-----------+----------------+-----------+--------+-----+----+------+
Best-so-far configuration:         250    mean value:      32535693.11
Description of the best-so-far configuration:
    .ID. algorithm localsearch alpha beta  rho ants  q0 rasrank elitistants
250  250       acs           3   2.7 8.94 0.61   42 0.1      NA          NA
    nnls dlb .PARENT.
250   23   1      106

# 2025-09-19 01:18:58 -03: Elite configurations (first number is the configuration ID; listed from best to worst according to the sum of ranks):
    algorithm localsearch alpha beta  rho ants   q0 rasrank elitistants nnls
250       acs           3  2.70 8.94 0.61   42 0.10      NA          NA   23
201       acs           3  2.77 8.07 0.31   48 0.57      NA          NA   20
184       acs           3  4.21 7.74 0.40   58 0.45      NA          NA   25
262       acs           3  3.32 4.29 0.21   53 0.49      NA          NA   25
    dlb
250   1
201   1
184   1
262   1
# 2025-09-19 01:18:58 -03: Iteration 4 of 5
# experimentsUsed: 1367
# remainingBudget: 4133
# currentBudget: 2066
# nbConfigurations: 90
# Markers:
     x No test is performed.
     c Configurations are discarded only due to capping.
     - The test is performed and some configurations are discarded.
     = The test is performed but no configuration is discarded.
     ! The test is performed and configurations could be discarded but elite configurations are preserved.
     . All alive configurations are elite and nothing is discarded.

+-+-----------+-----------+-----------+----------------+-----------+--------+-----+----+------+
| |   Instance|      Alive|       Best|       Mean best| Exp so far|  W time|  rho|KenW|  Qvar|
+-+-----------+-----------+-----------+----------------+-----------+--------+-----+----+------+
|x|         10|         90|        274|     32213029.00|         90|00:01:49|   NA|  NA|    NA|
|x|          5|         90|        316|     32387436.50|        176|00:01:44|+0.84|0.92|0.0057|
|x|          9|         90|        314|     32429600.33|        262|00:01:42|+0.86|0.90|0.0046|
|x|          8|         90|        314|     32417963.50|        348|00:01:44|+0.87|0.90|0.0052|
|-|          4|         15|        314|     32455225.00|        434|00:01:45|+0.05|0.24|0.8650|
|=|          2|         15|        314|     32540854.17|        445|00:00:20|+0.05|0.21|0.8521|
|=|          6|         15|        314|     32500078.43|        456|00:00:20|+0.04|0.18|0.8551|
|=|          3|         15|        314|     32491787.62|        467|00:00:20|+0.08|0.19|0.8324|
|=|          1|         15|        314|     32500761.33|        478|00:00:20|+0.08|0.18|0.8384|
|=|          7|         15|        314|     32495768.20|        489|00:00:20|+0.06|0.15|0.8628|
|=|         11|         15|        314|     32515409.55|        504|00:00:21|+0.05|0.14|0.8664|
+-+-----------+-----------+-----------+----------------+-----------+--------+-----+----+------+
Best-so-far configuration:         314    mean value:      32515409.55
Description of the best-so-far configuration:
    .ID. algorithm localsearch alpha beta  rho ants   q0 rasrank elitistants
314  314       acs           3  2.02 6.84 0.38   44 0.46      NA          NA
    nnls dlb .PARENT.
314   19   1      201

# 2025-09-19 01:29:50 -03: Elite configurations (first number is the configuration ID; listed from best to worst according to the sum of ranks):
    algorithm localsearch alpha beta  rho ants   q0 rasrank elitistants nnls
314       acs           3  2.02 6.84 0.38   44 0.46      NA          NA   19
316       acs           3  2.74 8.66 0.39   48 0.21      NA          NA   16
201       acs           3  2.77 8.07 0.31   48 0.57      NA          NA   20
334       acs           3  3.25 5.99 0.62   59 0.03      NA          NA   23
273       acs           3  2.86 8.59 0.46   51 0.56      NA          NA   15
    dlb
314   1
316   1
201   1
334   1
273   1
# 2025-09-19 01:29:50 -03: Iteration 5 of 5
# experimentsUsed: 1871
# remainingBudget: 3629
# currentBudget: 3629
# nbConfigurations: 90
# Markers:
     x No test is performed.
     c Configurations are discarded only due to capping.
     - The test is performed and some configurations are discarded.
     = The test is performed but no configuration is discarded.
     ! The test is performed and configurations could be discarded but elite configurations are preserved.
     . All alive configurations are elite and nothing is discarded.

+-+-----------+-----------+-----------+----------------+-----------+--------+-----+----+------+
| |   Instance|      Alive|       Best|       Mean best| Exp so far|  W time|  rho|KenW|  Qvar|
+-+-----------+-----------+-----------+----------------+-----------+--------+-----+----+------+
|x|         12|         90|        367|     32672575.00|         90|00:01:36|   NA|  NA|    NA|
|x|          8|         90|        381|     32514275.00|        175|00:01:33|+0.62|0.81|0.0041|
|x|          5|         90|        381|     32539007.67|        260|00:01:33|+0.62|0.74|0.0037|
|x|          4|         90|        350|     32548119.25|        345|00:01:33|+0.61|0.71|0.0037|
|-|          1|         28|        350|     32547318.20|        430|00:01:33|-0.11|0.11|1.0654|
|=|          7|         28|        350|     32527859.83|        453|00:00:31|-0.08|0.10|1.0390|
|=|          3|         28|        350|     32511634.86|        476|00:00:31|-0.05|0.10|1.0012|
|=|         10|         28|        350|     32474813.75|        499|00:00:31|-0.02|0.11|0.9784|
|=|          9|         28|        350|     32484882.00|        522|00:00:31|-0.02|0.10|0.9717|
|=|          6|         28|        350|     32457183.00|        545|00:00:31|-0.02|0.08|0.9751|
|=|          2|         28|        350|     32502470.36|        568|00:00:31|-0.02|0.07|0.9677|
|=|         11|         28|        350|     32523045.58|        591|00:00:31|-0.00|0.08|0.9547|
|=|         13|         28|        350|     32515747.46|        619|00:00:31|+0.01|0.09|0.9408|
+-+-----------+-----------+-----------+----------------+-----------+--------+-----+----+------+
Best-so-far configuration:         350    mean value:      32515747.46
Description of the best-so-far configuration:
    .ID. algorithm localsearch alpha beta  rho ants   q0 rasrank elitistants
350  350       acs           3  2.22  4.8 0.37   50 0.44      NA          NA
    nnls dlb .PARENT.
350   14   1      314

# 2025-09-19 01:41:52 -03: Elite configurations (first number is the configuration ID; listed from best to worst according to the sum of ranks):
    algorithm localsearch alpha beta  rho ants   q0 rasrank elitistants nnls
350       acs           3  2.22 4.80 0.37   50 0.44      NA          NA   14
370       acs           3  2.62 6.46 0.75   60 0.23      NA          NA   20
314       acs           3  2.02 6.84 0.38   44 0.46      NA          NA   19
371       acs           3  3.13 7.72 0.48   53 0.33      NA          NA   16
367       acs           3  1.99 7.02 0.37   41 0.44      NA          NA   16
    dlb
350   1
370   1
314   1
371   1
367   1
# 2025-09-19 01:41:52 -03: Iteration 6 of 6
# experimentsUsed: 2490
# remainingBudget: 3010
# currentBudget: 3010
# nbConfigurations: 90
# Markers:
     x No test is performed.
     c Configurations are discarded only due to capping.
     - The test is performed and some configurations are discarded.
     = The test is performed but no configuration is discarded.
     ! The test is performed and configurations could be discarded but elite configurations are preserved.
     . All alive configurations are elite and nothing is discarded.

+-+-----------+-----------+-----------+----------------+-----------+--------+-----+----+------+
| |   Instance|      Alive|       Best|       Mean best| Exp so far|  W time|  rho|KenW|  Qvar|
+-+-----------+-----------+-----------+----------------+-----------+--------+-----+----+------+
|x|         14|         90|        454|     32514350.00|         90|00:01:39|   NA|  NA|    NA|
|x|          4|         90|        466|     32542060.50|        175|00:01:33|+0.53|0.77|0.1686|
|x|          3|         90|        514|     32500931.67|        260|00:01:33|+0.54|0.70|0.1725|
|x|          1|         90|        471|     32516597.75|        345|00:01:33|+0.55|0.66|0.1660|
|-|         13|         38|        350|     32506040.40|        430|00:01:33|-0.10|0.12|1.0704|
|=|          2|         38|        350|     32580924.33|        463|00:00:41|-0.06|0.11|1.0276|
|=|          7|         38|        350|     32559444.86|        496|00:00:41|-0.03|0.12|0.9807|
|=|         11|         38|        350|     32583185.88|        529|00:00:41|-0.03|0.10|0.9795|
|=|          6|         38|        350|     32541486.56|        562|00:00:41|+0.01|0.12|0.9528|
|=|          9|         38|        350|     32543880.70|        595|00:00:41|+0.01|0.11|0.9516|
|=|          5|         38|        350|     32546882.36|        628|00:00:41|+0.02|0.11|0.9403|
|-|         10|         26|        350|     32519397.67|        661|00:00:41|-0.02|0.06|0.9755|
|=|         12|         26|        446|     32536838.31|        682|00:00:31|-0.02|0.06|0.9711|
|=|          8|         26|        446|     32523826.36|        703|00:00:30|-0.00|0.07|0.9578|
|=|         15|         26|        475|     32519713.60|        729|00:00:31|+0.01|0.07|0.9467|
+-+-----------+-----------+-----------+----------------+-----------+--------+-----+----+------+
Best-so-far configuration:         475    mean value:      32519713.60
Description of the best-so-far configuration:
    .ID. algorithm localsearch alpha beta  rho ants  q0 rasrank elitistants
475  475       acs           3   2.5 3.54 0.34   53 0.4      NA          NA
    nnls dlb .PARENT.
475   14   1      350

# 2025-09-19 01:56:10 -03: Elite configurations (first number is the configuration ID; listed from best to worst according to the sum of ranks):
    algorithm localsearch alpha beta  rho ants   q0 rasrank elitistants nnls
475       acs           3  2.50 3.54 0.34   53 0.40      NA          NA   14
446       acs           3  1.97 5.37 0.42   48 0.42      NA          NA   12
350       acs           3  2.22 4.80 0.37   50 0.44      NA          NA   14
454       acs           3  3.18 7.31 0.51   56 0.23      NA          NA   15
517       acs           3  2.11 4.67 0.41   49 0.49      NA          NA   16
    dlb
475   1
446   1
350   1
454   1
517   1
# 2025-09-19 01:56:10 -03: Iteration 7 of 7
# experimentsUsed: 3219
# remainingBudget: 2281
# currentBudget: 2281
# nbConfigurations: 90
# Markers:
     x No test is performed.
     c Configurations are discarded only due to capping.
     - The test is performed and some configurations are discarded.
     = The test is performed but no configuration is discarded.
     ! The test is performed and configurations could be discarded but elite configurations are preserved.
     . All alive configurations are elite and nothing is discarded.

+-+-----------+-----------+-----------+----------------+-----------+--------+-----+----+------+
| |   Instance|      Alive|       Best|       Mean best| Exp so far|  W time|  rho|KenW|  Qvar|
+-+-----------+-----------+-----------+----------------+-----------+--------+-----+----+------+
|x|         16|         90|        546|     32515601.00|         90|00:01:33|   NA|  NA|    NA|
|x|          6|         90|        599|     32348859.50|        175|00:01:33|+0.16|0.58|0.6919|
|x|          3|         90|        517|     32362675.67|        260|00:01:33|+0.19|0.46|0.6393|
|x|         12|         90|        517|     32445872.75|        345|00:01:33|+0.19|0.39|0.6107|
|-|          1|         42|        446|     32473015.40|        430|00:01:33|-0.11|0.11|1.0819|
|=|         10|         42|        446|     32424395.33|        467|00:00:41|-0.08|0.10|1.0464|
|=|          4|         42|        446|     32442254.57|        504|00:00:41|-0.04|0.11|1.0178|
|=|         15|         42|        446|     32452459.38|        541|00:00:41|-0.03|0.10|1.0001|
|=|         13|         42|        541|     32455064.78|        578|00:00:41|-0.02|0.09|0.9957|
|=|          5|         42|        475|     32470172.90|        615|00:00:41|-0.02|0.08|0.9869|
|=|          8|         42|        475|     32460639.55|        652|00:00:41|-0.01|0.08|0.9869|
|=|          7|         42|        475|     32454920.25|        689|00:00:41|-0.01|0.08|0.9759|
|=|          2|         42|        475|     32499307.85|        726|00:00:41|+0.00|0.08|0.9672|
|=|         11|         42|        350|     32515807.00|        763|00:00:41|+0.01|0.08|0.9637|
|=|          9|         42|        475|     32519842.93|        800|00:00:41|+0.01|0.08|0.9591|
|=|         14|         42|        475|     32521515.81|        837|00:00:41|+0.01|0.07|0.9583|
|=|         17|         42|        475|     32527160.00|        879|00:00:51|+0.01|0.07|0.9590|
+-+-----------+-----------+-----------+----------------+-----------+--------+-----+----+------+
Best-so-far configuration:         475    mean value:      32527160.00
Description of the best-so-far configuration:
    .ID. algorithm localsearch alpha beta  rho ants  q0 rasrank elitistants
475  475       acs           3   2.5 3.54 0.34   53 0.4      NA          NA
    nnls dlb .PARENT.
475   14   1      350

# 2025-09-19 02:12:27 -03: Elite configurations (first number is the configuration ID; listed from best to worst according to the sum of ranks):
    algorithm localsearch alpha beta  rho ants   q0 rasrank elitistants nnls
475       acs           3  2.50 3.54 0.34   53 0.40      NA          NA   14
350       acs           3  2.22 4.80 0.37   50 0.44      NA          NA   14
537       acs           3  1.72 4.74 0.48   47 0.38      NA          NA   10
517       acs           3  2.11 4.67 0.41   49 0.49      NA          NA   16
575       acs           3  2.32 4.80 0.33   44 0.48      NA          NA   14
    dlb
475   1
350   1
537   1
517   1
575   1
# 2025-09-19 02:12:27 -03: Stopped because there is not enough budget to enforce the value of nbConfigurations.
# Iteration: 8
# nbIterations: 8
# experimentsUsed: 4098
# timeUsed: 0
# remainingBudget: 1402
# currentBudget: 1402
# number of elites: 5
# nbConfigurations: 82
# Total CPU user time: 47078.75, CPU sys time: 344.6, Wall-clock time: 5325.196
# 2025-09-19 02:12:27 -03: Starting post-selection:
# Configurations selected: 475, 350, 537, 517, 575, 446, 454, 370, 314, 371, 367, 316, 201, 334, 273, 250.
# Pending instances: 1, 1, 1, 1, 1, 1, 1, 3, 3, 3, 3, 5, 5, 5, 5, 7.
# 2025-09-19 02:12:28 -03: seed: 300017
# Configurations: 16
# Available experiments: 1402
# minSurvival: 1
# Markers:
     x No test is performed.
     c Configurations are discarded only due to capping.
     - The test is performed and some configurations are discarded.
     = The test is performed but no configuration is discarded.
     ! The test is performed and configurations could be discarded but elite configurations are preserved.
     . All alive configurations are elite and nothing is discarded.

+-+-----------+-----------+-----------+----------------+-----------+--------+-----+----+------+
| |   Instance|      Alive|       Best|       Mean best| Exp so far|  W time|  rho|KenW|  Qvar|
+-+-----------+-----------+-----------+----------------+-----------+--------+-----+----+------+
|x|         12|         16|        367|     32672575.00|          1|00:00:10|   NA|  NA|    NA|
|.|          4|         16|        367|     32615552.00|          1|00:00:00|+0.26|0.63|0.7206|
|.|         10|         16|        367|     32480466.33|          1|00:00:00|+0.29|0.53|0.7261|
|x|         15|         16|        446|     32486806.75|          6|00:00:10|+0.24|0.43|0.7430|
|.|          8|         16|        446|     32460379.60|          6|00:00:00|+0.25|0.40|0.7008|
|.|          7|         16|        446|     32453197.67|          6|00:00:00|+0.21|0.34|0.7165|
|.|          9|         16|        446|     32468683.57|          6|00:00:00|+0.15|0.27|0.7743|
|x|         16|         16|        475|     32472459.12|         15|00:00:10|+0.13|0.24|0.8038|
|.|          1|         16|        475|     32482267.33|         15|00:00:00|+0.13|0.23|0.8168|
|.|          3|         16|        475|     32478494.90|         15|00:00:00|+0.11|0.20|0.8339|
|x|         13|         16|        475|     32472650.36|         16|00:00:10|+0.11|0.19|0.8265|
|.|         11|         16|        475|     32499396.33|         16|00:00:00|+0.12|0.19|0.8262|
|x|         17|         16|        475|     32508478.69|         25|00:00:10|+0.11|0.18|0.8281|
|.|          6|         16|        475|     32487157.29|         25|00:00:00|+0.10|0.17|0.8399|
|.|          2|         16|        475|     32523477.40|         25|00:00:00|+0.09|0.15|0.8510|
|.|          5|         16|        475|     32525944.44|         25|00:00:00|+0.08|0.14|0.8517|
|-|         14|          8|        475|     32527160.00|         30|00:00:10|-0.03|0.03|0.8995|
|=|         18|          8|        475|     32542429.67|         38|00:00:10|-0.02|0.03|0.8916|
|=|         19|          8|        350|     32558217.79|         46|00:00:10|-0.01|0.04|0.8843|
|=|         20|          8|        350|     32570899.65|         54|00:00:10|-0.02|0.03|0.8882|
|=|         21|          8|        350|     32577384.05|         62|00:00:10|-0.02|0.03|0.8930|
|=|         22|          8|        517|     32589440.45|         70|00:00:10|-0.03|0.02|0.8984|
|=|         23|          8|        350|     32592992.26|         78|00:00:10|-0.03|0.01|0.9021|
|=|         24|          8|        517|     32578256.79|         86|00:00:10|-0.03|0.01|0.8994|
|=|         25|          8|        350|     32577430.32|         94|00:00:10|-0.03|0.01|0.9004|
|=|         26|          8|        446|     32589489.19|        102|00:00:10|-0.03|0.01|0.8969|
|=|         27|          8|        517|     32577087.70|        110|00:00:10|-0.03|0.01|0.9004|
|=|         28|          8|        517|     32582440.18|        118|00:00:10|-0.03|0.01|0.8991|
|=|         29|          8|        517|     32578813.90|        126|00:00:10|-0.03|0.01|0.8969|
|=|         30|          8|        517|     32578543.90|        134|00:00:10|-0.02|0.01|0.8940|
|=|         31|          8|        475|     32584792.00|        142|00:00:10|-0.02|0.01|0.8954|
|=|         32|          8|        517|     32573263.38|        150|00:00:10|-0.02|0.01|0.8915|
|=|         33|          8|        517|     32560440.94|        158|00:00:10|-0.01|0.02|0.8854|
|=|         34|          8|        517|     32544561.24|        166|00:00:10|-0.01|0.02|0.8855|
|=|         35|          8|        517|     32540126.60|        174|00:00:10|-0.01|0.02|0.8831|
|=|         36|          8|        517|     32539953.39|        182|00:00:10|-0.01|0.02|0.8808|
|=|         37|          8|        517|     32540857.68|        190|00:00:10|-0.00|0.02|0.8781|
|=|         38|          8|        517|     32548048.58|        198|00:00:10|-0.00|0.03|0.8788|
|=|         39|          8|        517|     32555558.51|        206|00:00:10|+0.00|0.03|0.8723|
|=|         40|          8|        517|     32557883.35|        214|00:00:10|+0.01|0.03|0.8709|
|=|         41|          8|        517|     32563836.54|        222|00:00:10|+0.00|0.03|0.8724|
|=|         42|          8|        517|     32558486.00|        230|00:00:10|+0.00|0.03|0.8740|
|=|         43|          8|        517|     32564531.14|        238|00:00:10|+0.01|0.03|0.8703|
|=|         44|          8|        517|     32569208.59|        246|00:00:10|+0.00|0.03|0.8722|
|=|         45|          8|        517|     32571933.47|        254|00:00:10|+0.00|0.02|0.8745|
|=|         46|          8|        517|     32568438.70|        262|00:00:10|+0.00|0.02|0.8756|
|=|         47|          8|        517|     32566386.51|        270|00:00:10|+0.00|0.02|0.8751|
|=|         48|          8|        517|     32567688.46|        278|00:00:10|+0.00|0.02|0.8751|
|=|         49|          8|        517|     32561866.33|        286|00:00:10|+0.00|0.02|0.8762|
|=|         50|          8|        517|     32560712.38|        294|00:00:10|+0.01|0.03|0.8731|
|=|         51|          8|        517|     32567264.53|        302|00:00:10|+0.01|0.03|0.8708|
|=|         52|          8|        517|     32570652.19|        310|00:00:10|+0.01|0.03|0.8689|
|=|         53|          8|        517|     32571673.30|        318|00:00:10|+0.01|0.03|0.8699|
|=|         54|          8|        517|     32572504.72|        326|00:00:10|+0.01|0.03|0.8688|
|=|         55|          8|        517|     32574016.95|        334|00:00:10|+0.01|0.03|0.8688|
|=|         56|          8|        517|     32574894.54|        342|00:00:10|+0.01|0.03|0.8732|
|=|         57|          8|        517|     32575571.96|        350|00:00:10|+0.01|0.03|0.8728|
|=|         58|          8|        475|     32572618.33|        358|00:00:10|+0.01|0.03|0.8711|
|=|         59|          8|        575|     32574841.68|        366|00:00:10|+0.01|0.03|0.8695|
|=|         60|          8|        475|     32573454.75|        374|00:00:10|+0.02|0.03|0.8676|
|=|         61|          8|        475|     32574029.70|        382|00:00:10|+0.02|0.03|0.8668|
|-|         62|          6|        454|     32576134.39|        390|00:00:10|-0.01|0.00|0.8462|
|=|         63|          6|        454|     32573751.03|        396|00:00:10|-0.01|0.00|0.8463|
|=|         64|          6|        454|     32572816.36|        402|00:00:10|-0.01|0.00|0.8456|
|=|         65|          6|        454|     32571548.82|        408|00:00:10|-0.01|0.00|0.8449|
|=|         66|          6|        454|     32572789.09|        414|00:00:10|-0.01|0.01|0.8440|
|=|         67|          6|        454|     32570105.25|        420|00:00:10|-0.01|0.01|0.8427|
|=|         68|          6|        454|     32573658.81|        426|00:00:10|-0.01|0.01|0.8418|
|=|         69|          6|        454|     32572066.84|        432|00:00:10|-0.01|0.01|0.8416|
|=|         70|          6|        454|     32578202.50|        438|00:00:10|-0.01|0.01|0.8415|
|=|         71|          6|        454|     32577683.87|        444|00:00:10|-0.00|0.01|0.8406|
|=|         72|          6|        475|     32577941.89|        450|00:00:10|-0.00|0.01|0.8405|
|=|         73|          6|        475|     32580444.78|        456|00:00:10|-0.00|0.01|0.8401|
|=|         74|          6|        475|     32580213.14|        462|00:00:10|-0.00|0.01|0.8409|
|=|         75|          6|        475|     32582248.19|        468|00:00:10|-0.01|0.01|0.8408|
|=|         76|          6|        475|     32581001.05|        474|00:00:10|-0.00|0.01|0.8400|
|=|         77|          6|        475|     32580130.03|        480|00:00:10|-0.00|0.01|0.8401|
|=|         78|          6|        475|     32583019.09|        486|00:00:10|-0.00|0.01|0.8392|
|=|         79|          6|        475|     32580364.13|        492|00:00:10|-0.00|0.01|0.8381|
|=|         80|          6|        475|     32579308.45|        498|00:00:10|+0.00|0.01|0.8371|
|=|         81|          6|        475|     32581688.99|        504|00:00:10|+0.00|0.01|0.8366|
|=|         82|          6|        475|     32581286.11|        510|00:00:10|+0.00|0.01|0.8377|
|=|         83|          6|        475|     32581959.80|        516|00:00:10|-0.00|0.01|0.8390|
|=|         84|          6|        475|     32579611.85|        522|00:00:10|-0.00|0.01|0.8391|
|=|         85|          6|        475|     32582283.68|        528|00:00:10|-0.00|0.01|0.8378|
|=|         86|          6|        475|     32580875.88|        534|00:00:10|+0.00|0.01|0.8370|
|=|         87|          6|        475|     32579008.30|        540|00:00:10|+0.00|0.01|0.8367|
|=|         88|          6|        475|     32580557.00|        546|00:00:10|-0.00|0.01|0.8368|
|=|         89|          6|        475|     32585228.01|        552|00:00:10|-0.00|0.01|0.8378|
|=|         90|          6|        454|     32584960.01|        558|00:00:10|-0.00|0.01|0.8376|
|=|         91|          6|        475|     32582281.13|        564|00:00:10|-0.00|0.01|0.8375|
|=|         92|          6|        475|     32579382.70|        570|00:00:10|-0.00|0.01|0.8385|
|=|         93|          6|        475|     32578640.91|        576|00:00:10|-0.00|0.01|0.8388|
|=|         94|          6|        454|     32576256.54|        582|00:00:10|-0.00|0.01|0.8388|
|=|         95|          6|        454|     32575694.77|        588|00:00:10|-0.00|0.01|0.8393|
|=|         96|          6|        454|     32574929.35|        594|00:00:10|-0.00|0.01|0.8400|
|=|         97|          6|        475|     32572840.14|        600|00:00:10|-0.01|0.00|0.8404|
|=|         98|          6|        454|     32570749.83|        606|00:00:10|-0.01|0.01|0.8400|
|=|         99|          6|        454|     32572670.60|        612|00:00:10|-0.00|0.01|0.8400|
|=|        100|          6|        454|     32575979.33|        618|00:00:10|-0.00|0.01|0.8398|
|=|        101|          6|        454|     32570913.16|        624|00:00:10|-0.00|0.01|0.8395|
|=|        102|          6|        454|     32570759.52|        630|00:00:10|-0.00|0.01|0.8392|
|=|        103|          6|        454|     32572168.93|        636|00:00:10|-0.00|0.01|0.8392|
|=|        104|          6|        454|     32570761.40|        642|00:00:10|-0.00|0.01|0.8392|
|=|        105|          6|        475|     32572635.10|        648|00:00:10|-0.00|0.01|0.8392|
|=|        106|          6|        454|     32573785.70|        654|00:00:10|-0.00|0.01|0.8388|
|=|        107|          6|        454|     32576430.93|        660|00:00:10|-0.00|0.01|0.8390|
|=|        108|          6|        454|     32575770.69|        666|00:00:10|-0.00|0.00|0.8394|
|=|        109|          6|        454|     32575911.73|        672|00:00:10|-0.00|0.01|0.8388|
|=|        110|          6|        454|     32574213.94|        678|00:00:10|-0.00|0.01|0.8385|
|=|        111|          6|        454|     32572685.16|        684|00:00:10|-0.00|0.01|0.8378|
|=|        112|          6|        454|     32574861.98|        690|00:00:10|-0.00|0.01|0.8376|
|=|        113|          6|        454|     32576130.17|        696|00:00:10|-0.00|0.01|0.8372|
|=|        114|          6|        454|     32576173.39|        702|00:00:10|-0.00|0.01|0.8377|
|=|        115|          6|        454|     32577159.87|        708|00:00:10|-0.00|0.01|0.8373|
|=|        116|          6|        454|     32578247.50|        714|00:00:10|-0.00|0.01|0.8379|
|=|        117|          6|        454|     32581682.74|        720|00:00:10|-0.00|0.01|0.8383|
|=|        118|          6|        454|     32580151.03|        726|00:00:10|-0.00|0.01|0.8382|
|=|        119|          6|        454|     32581271.09|        732|00:00:10|-0.00|0.01|0.8378|
|=|        120|          6|        454|     32584156.75|        738|00:00:10|-0.00|0.00|0.8383|
|=|        121|          6|        454|     32588008.98|        744|00:00:10|-0.00|0.01|0.8380|
|=|        122|          6|        454|     32588313.76|        750|00:00:10|-0.00|0.01|0.8377|
|=|        123|          6|        454|     32584771.22|        756|00:00:10|-0.00|0.01|0.8373|
|=|        124|          6|        454|     32588079.87|        762|00:00:10|-0.00|0.01|0.8368|
|=|        125|          6|        454|     32585900.10|        768|00:00:10|-0.00|0.01|0.8375|
|=|        126|          6|        454|     32584820.98|        774|00:00:10|-0.00|0.01|0.8373|
|=|        127|          6|        454|     32583311.75|        780|00:00:10|-0.00|0.01|0.8376|
|=|        128|          6|        454|     32582475.45|        786|00:00:10|-0.00|0.00|0.8376|
|=|        129|          6|        454|     32583899.99|        792|00:00:10|-0.00|0.01|0.8374|
|=|        130|          6|        454|     32583682.55|        798|00:00:10|-0.00|0.01|0.8376|
|=|        131|          6|        454|     32585443.17|        804|00:00:10|-0.00|0.01|0.8373|
|=|        132|          6|        454|     32585225.24|        810|00:00:10|-0.00|0.01|0.8371|
|=|        133|          6|        454|     32585296.29|        816|00:00:10|-0.00|0.01|0.8368|
|=|        134|          6|        454|     32584900.22|        822|00:00:10|-0.00|0.01|0.8371|
|=|        135|          6|        454|     32583639.27|        828|00:00:10|-0.00|0.01|0.8373|
|=|        136|          6|        454|     32583203.65|        834|00:00:10|-0.00|0.01|0.8369|
|=|        137|          6|        454|     32585301.20|        840|00:00:10|-0.00|0.01|0.8370|
|=|        138|          6|        454|     32584051.86|        846|00:00:10|-0.00|0.01|0.8364|
|=|        139|          6|        454|     32584475.70|        852|00:00:10|-0.00|0.01|0.8364|
|=|        140|          6|        454|     32583114.46|        858|00:00:10|-0.00|0.01|0.8365|
|=|        141|          6|        454|     32583447.87|        864|00:00:10|-0.00|0.01|0.8365|
|=|        142|          6|        454|     32582632.85|        870|00:00:10|-0.00|0.01|0.8360|
|=|        143|          6|        454|     32583321.49|        876|00:00:10|-0.00|0.01|0.8357|
|=|        144|          6|        454|     32584012.59|        882|00:00:10|-0.00|0.01|0.8360|
|=|        145|          6|        454|     32584518.28|        888|00:00:10|-0.00|0.01|0.8359|
|=|        146|          6|        454|     32582990.21|        894|00:00:10|-0.00|0.01|0.8360|
|=|        147|          6|        454|     32583884.65|        900|00:00:10|-0.00|0.01|0.8359|
|=|        148|          6|        454|     32585020.43|        906|00:00:10|-0.00|0.01|0.8357|
|=|        149|          6|        454|     32582995.26|        912|00:00:10|-0.00|0.01|0.8360|
|=|        150|          6|        454|     32583233.61|        918|00:00:10|-0.00|0.01|0.8360|
|=|        151|          6|        454|     32580591.50|        924|00:00:10|-0.00|0.01|0.8354|
|=|        152|          6|        454|     32578577.36|        930|00:00:10|-0.00|0.01|0.8355|
|=|        153|          6|        454|     32577513.78|        936|00:00:10|-0.00|0.01|0.8350|
|=|        154|          6|        454|     32577324.37|        942|00:00:10|-0.00|0.01|0.8345|
|=|        155|          6|        454|     32577361.80|        948|00:00:10|-0.00|0.01|0.8350|
|=|        156|          6|        454|     32577078.86|        954|00:00:10|-0.00|0.01|0.8350|
|=|        157|          6|        454|     32578460.04|        960|00:00:10|-0.00|0.01|0.8349|
|=|        158|          6|        454|     32580472.76|        966|00:00:10|-0.00|0.01|0.8345|
|=|        159|          6|        454|     32579701.53|        972|00:00:10|+0.00|0.01|0.8344|
|=|        160|          6|        454|     32578601.95|        978|00:00:10|+0.00|0.01|0.8340|
|=|        161|          6|        454|     32579339.83|        984|00:00:10|-0.00|0.01|0.8347|
|=|        162|          6|        454|     32577473.80|        990|00:00:10|-0.00|0.01|0.8346|
|=|        163|          6|        454|     32577470.07|        996|00:00:10|+0.00|0.01|0.8345|
|=|        164|          6|        454|     32576639.88|       1002|00:00:10|+0.00|0.01|0.8341|
|=|        165|          6|        454|     32576299.52|       1008|00:00:10|+0.00|0.01|0.8343|
|=|        166|          6|        454|     32575720.08|       1014|00:00:10|+0.00|0.01|0.8341|
|=|        167|          6|        454|     32576450.34|       1020|00:00:10|+0.00|0.01|0.8342|
|=|        168|          6|        454|     32575738.17|       1026|00:00:10|+0.00|0.01|0.8339|
|=|        169|          6|        454|     32573969.43|       1032|00:00:10|+0.00|0.01|0.8340|
|=|        170|          6|        454|     32573718.89|       1038|00:00:10|+0.00|0.01|0.8340|
|=|        171|          6|        454|     32573604.59|       1044|00:00:10|+0.00|0.01|0.8335|
|=|        172|          6|        454|     32573841.45|       1050|00:00:10|+0.00|0.01|0.8341|
|=|        173|          6|        454|     32573033.62|       1056|00:00:10|+0.00|0.01|0.8337|
|=|        174|          6|        454|     32571016.60|       1062|00:00:10|+0.00|0.01|0.8339|
|=|        175|          6|        454|     32569518.55|       1068|00:00:10|+0.00|0.01|0.8335|
|=|        176|          6|        454|     32567886.32|       1074|00:00:10|+0.00|0.01|0.8331|
|=|        177|          6|        454|     32566676.33|       1080|00:00:10|+0.00|0.01|0.8327|
|=|        178|          6|        454|     32566070.04|       1086|00:00:10|+0.00|0.01|0.8330|
|=|        179|          6|        454|     32565896.28|       1092|00:00:10|+0.00|0.01|0.8330|
|=|        180|          6|        454|     32566295.54|       1098|00:00:10|+0.00|0.01|0.8326|
|=|        181|          6|        454|     32564680.83|       1104|00:00:10|+0.00|0.01|0.8332|
|=|        182|          6|        454|     32565402.64|       1110|00:00:10|+0.00|0.01|0.8329|
|=|        183|          6|        454|     32563795.21|       1116|00:00:10|+0.00|0.01|0.8331|
|=|        184|          6|        454|     32563011.61|       1122|00:00:10|+0.00|0.01|0.8332|
|=|        185|          6|        454|     32563461.19|       1128|00:00:10|+0.00|0.01|0.8327|
|=|        186|          6|        454|     32563398.09|       1134|00:00:10|+0.00|0.01|0.8333|
|=|        187|          6|        454|     32563223.89|       1140|00:00:10|+0.00|0.01|0.8337|
|=|        188|          6|        454|     32563114.40|       1146|00:00:10|+0.00|0.01|0.8334|
|=|        189|          6|        454|     32561437.20|       1152|00:00:10|+0.00|0.01|0.8336|
|=|        190|          6|        454|     32561652.60|       1158|00:00:10|+0.00|0.01|0.8337|
|=|        191|          6|        454|     32563369.07|       1164|00:00:10|+0.00|0.01|0.8336|
|=|        192|          6|        454|     32565079.34|       1170|00:00:10|+0.00|0.01|0.8333|
|=|        193|          6|        454|     32564071.74|       1176|00:00:10|+0.00|0.01|0.8329|
|=|        194|          6|        454|     32565094.39|       1182|00:00:10|+0.00|0.01|0.8323|
|=|        195|          6|        454|     32563728.03|       1188|00:00:10|+0.00|0.01|0.8328|
|=|        196|          6|        454|     32562962.92|       1194|00:00:10|+0.00|0.01|0.8325|
|=|        197|          6|        454|     32563432.75|       1200|00:00:10|+0.00|0.01|0.8326|
|=|        198|          6|        454|     32562908.57|       1206|00:00:10|+0.00|0.01|0.8326|
|=|        199|          6|        454|     32563299.70|       1212|00:00:10|+0.00|0.01|0.8325|
|=|        200|          6|        454|     32564315.64|       1218|00:00:10|+0.00|0.01|0.8330|
|=|        201|          6|        454|     32564474.93|       1224|00:00:10|+0.00|0.01|0.8329|
|=|        202|          6|        454|     32564836.95|       1230|00:00:10|+0.00|0.01|0.8326|
|=|        203|          6|        454|     32564154.56|       1236|00:00:10|+0.00|0.01|0.8322|
|=|        204|          6|        454|     32564477.09|       1242|00:00:10|+0.00|0.01|0.8328|
|=|        205|          6|        454|     32563370.30|       1248|00:00:10|+0.00|0.01|0.8329|
|=|        206|          6|        454|     32563535.16|       1254|00:00:10|+0.00|0.01|0.8325|
|=|        207|          6|        454|     32564165.13|       1260|00:00:10|+0.00|0.01|0.8328|
|=|        208|          6|        454|     32566335.88|       1266|00:00:10|+0.00|0.01|0.8324|
|=|        209|          6|        454|     32566131.94|       1272|00:00:10|+0.00|0.01|0.8328|
|=|        210|          6|        454|     32566427.64|       1278|00:00:10|+0.00|0.01|0.8327|
|=|        211|          6|        454|     32566423.07|       1284|00:00:10|+0.00|0.01|0.8328|
|=|        212|          6|        454|     32565265.71|       1290|00:00:10|+0.00|0.01|0.8331|
|=|        213|          6|        454|     32565806.63|       1296|00:00:10|+0.00|0.01|0.8331|
|=|        214|          6|        454|     32567492.03|       1302|00:00:10|+0.00|0.01|0.8327|
|=|        215|          6|        454|     32568976.42|       1308|00:00:10|+0.00|0.01|0.8330|
|=|        216|          6|        454|     32567620.51|       1314|00:00:10|+0.00|0.01|0.8330|
|=|        217|          6|        454|     32565535.74|       1320|00:00:10|+0.00|0.01|0.8329|
|=|        218|          6|        454|     32563914.02|       1326|00:00:10|+0.00|0.01|0.8324|
|=|        219|          6|        454|     32563547.83|       1332|00:00:10|+0.00|0.01|0.8322|
|=|        220|          6|        454|     32561390.50|       1338|00:00:10|+0.00|0.01|0.8320|
|=|        221|          6|        454|     32560742.40|       1344|00:00:10|+0.00|0.01|0.8319|
|=|        222|          6|        454|     32560648.82|       1350|00:00:10|+0.00|0.01|0.8320|
|=|        223|          6|        454|     32559817.92|       1356|00:00:10|+0.00|0.01|0.8324|
|=|        224|          6|        454|     32558278.48|       1362|00:00:10|+0.00|0.01|0.8323|
|=|        225|          6|        454|     32558132.05|       1368|00:00:10|+0.00|0.01|0.8321|
|=|        226|          6|        454|     32560057.09|       1374|00:00:10|+0.00|0.01|0.8323|
|=|        227|          6|        454|     32560484.94|       1380|00:00:10|+0.00|0.01|0.8326|
|=|        228|          6|        454|     32561635.92|       1386|00:00:10|+0.00|0.01|0.8322|
|=|        229|          6|        454|     32561216.71|       1392|00:00:10|+0.00|0.01|0.8325|
|=|        230|          6|        454|     32561551.43|       1398|00:00:10|+0.00|0.01|0.8327|
+-+-----------+-----------+-----------+----------------+-----------+--------+-----+----+------+
Best-so-far configuration:         454    mean value:      32561551.43
Description of the best-so-far configuration:
    .ID. algorithm localsearch alpha beta  rho ants   q0 rasrank elitistants
454  454       acs           3  3.18 7.31 0.51   56 0.23      NA          NA
    nnls dlb .PARENT.
454   15   1      371

# 2025-09-19 02:50:52 -03: Elite configurations (first number is the configuration ID; listed from best to worst according to the sum of ranks):
    algorithm localsearch alpha beta  rho ants   q0 rasrank elitistants nnls
454       acs           3  3.18 7.31 0.51   56 0.23      NA          NA   15
475       acs           3  2.50 3.54 0.34   53 0.40      NA          NA   14
350       acs           3  2.22 4.80 0.37   50 0.44      NA          NA   14
517       acs           3  2.11 4.67 0.41   49 0.49      NA          NA   16
446       acs           3  1.97 5.37 0.42   48 0.42      NA          NA   12
    dlb
454   1
475   1
350   1
517   1
446   1
# Total CPU user time: 61499.7, CPU sys time: 461.093, Wall-clock time: 7629.843
    .ID. algorithm localsearch alpha beta  rho ants   q0 rasrank elitistants
454  454       acs           3  3.18 7.31 0.51   56 0.23      NA          NA
475  475       acs           3  2.50 3.54 0.34   53 0.40      NA          NA
350  350       acs           3  2.22 4.80 0.37   50 0.44      NA          NA
517  517       acs           3  2.11 4.67 0.41   49 0.49      NA          NA
446  446       acs           3  1.97 5.37 0.42   48 0.42      NA          NA
    nnls dlb .PARENT. .RANK.   .WEIGHT.
454   15   1      371    758 0.33333333
475   14   1      350    778 0.26666667
350   14   1      314    801 0.20000000
517   16   1      350    817 0.13333333
446   12   1      350    835 0.06666667
