# 2025-10-13 23:29:50 -03: Reading parameter file '/home/pestobar/Activities/irace-test-executions/PSO-X-withRanking/Scenarios/BH-64/Runs/BH-65_seed_1900393/parameters.txt'.
# 2025-10-13 23:29:50 -03: 2 expression(s) specifying forbidden configurations read.
# 2025-10-13 23:29:50 -03: Initialization
# Elitist race
# Elitist new instances: 1
# Elitist limit: 2
# nbIterations: 5
# minNbSurvival: 5
# nbParameters: 8
# seed: 1900393
# confidence level: 0.95
# budget: 4000
# mu: 5
# deterministic: FALSE

# 2025-10-13 23:29:50 -03: Iteration 1 of 5
# experimentsUsed: 0
# remainingBudget: 4000
# currentBudget: 800
# nbConfigurations: 65
# Markers:
     x No test is performed.
     c Configurations are discarded only due to capping.
     - The test is performed and some configurations are discarded.
     = The test is performed but no configuration is discarded.
     ! The test is performed and configurations could be discarded but elite configurations are preserved.
     . All alive configurations are elite and nothing is discarded.

+-+-----------+-----------+-----------+----------------+-----------+--------+-----+----+------+
| |   Instance|      Alive|       Best|       Mean best| Exp so far|  W time|  rho|KenW|  Qvar|
+-+-----------+-----------+-----------+----------------+-----------+--------+-----+----+------+
|x|          1|         65|         59|     909.4806505|         65|00:03:37|   NA|  NA|    NA|
|x|          2|         65|         43|     460.1090736|        130|00:00:31|+0.69|0.84|0.4607|
|x|          3|         65|         59|     316.1478327|        195|00:00:26|+0.68|0.79|0.3677|
|x|          4|         65|         59|     2054.719985|        260|00:00:26|+0.75|0.81|0.2733|
|-|          5|         15|         59|     1644.598796|        325|00:00:25|-0.02|0.19|0.9392|
|=|          6|         15|         59|     1375.027139|        340|00:00:27|+0.01|0.17|0.9038|
|=|          7|         15|         59|     1258.438309|        355|00:00:57|+0.01|0.15|0.8959|
+-+-----------+-----------+-----------+----------------+-----------+--------+-----+----+------+
Best-so-far configuration:          59    mean value:      1258.438309
Description of the best-so-far configuration:
   .ID. particles topology modInfluence branching tSchedule phi1 phi2 inertia
59   59        65        4            0        NA        NA 0.88 1.92    0.44
   .PARENT.
59       NA

# 2025-10-13 23:36:43 -03: Elite configurations (first number is the configuration ID; listed from best to worst according to the sum of ranks):
   particles topology modInfluence branching tSchedule phi1 phi2 inertia
59        65        4            0        NA        NA 0.88 1.92    0.44
43       195        0            0        NA        NA 1.11 1.84    0.75
44        46        1            0        NA        NA 1.74 2.47    0.07
52       152        5            0        NA         2 2.29 1.45    0.61
5         93        5            0        NA         8 0.29 2.35    0.87
# 2025-10-13 23:36:43 -03: Iteration 2 of 5
# experimentsUsed: 355
# remainingBudget: 3645
# currentBudget: 911
# nbConfigurations: 65
# Markers:
     x No test is performed.
     c Configurations are discarded only due to capping.
     - The test is performed and some configurations are discarded.
     = The test is performed but no configuration is discarded.
     ! The test is performed and configurations could be discarded but elite configurations are preserved.
     . All alive configurations are elite and nothing is discarded.

+-+-----------+-----------+-----------+----------------+-----------+--------+-----+----+------+
| |   Instance|      Alive|       Best|       Mean best| Exp so far|  W time|  rho|KenW|  Qvar|
+-+-----------+-----------+-----------+----------------+-----------+--------+-----+----+------+
|x|          8|         65|         87|   0.05406176424|         65|00:00:35|   NA|  NA|    NA|
|x|          3|         65|         87|    0.4446674321|        125|00:00:36|+0.65|0.82|0.3991|
|x|          4|         65|         99|     2477.478304|        185|00:00:36|+0.68|0.79|0.2792|
|x|          1|         65|         59|     2045.234129|        245|00:03:23|+0.61|0.71|0.3789|
|-|          5|         18|         59|     1637.010112|        305|00:00:35|-0.02|0.19|0.9593|
|=|          7|         18|         59|     1457.325981|        318|00:00:57|-0.02|0.15|0.9358|
|=|          6|         18|         59|     1253.017820|        331|00:00:27|-0.03|0.12|0.9487|
|=|          2|         18|         59|     1101.152239|        344|00:00:04|-0.03|0.09|0.9649|
|=|          9|         18|         59|     8633.752597|        362|00:00:02|-0.02|0.09|0.9394|
+-+-----------+-----------+-----------+----------------+-----------+--------+-----+----+------+
Best-so-far configuration:          59    mean value:      8633.752597
Description of the best-so-far configuration:
   .ID. particles topology modInfluence branching tSchedule phi1 phi2 inertia
59   59        65        4            0        NA        NA 0.88 1.92    0.44
   .PARENT.
59       NA

# 2025-10-13 23:44:03 -03: Elite configurations (first number is the configuration ID; listed from best to worst according to the sum of ranks):
    particles topology modInfluence branching tSchedule phi1 phi2 inertia
59         65        4            0        NA        NA 0.88 1.92    0.44
125        33        1            0        NA        NA 1.92 2.14    0.55
93         88        0            0        NA        NA 1.69 1.28    0.69
43        195        0            0        NA        NA 1.11 1.84    0.75
102        68        0            0        NA        NA 2.44 1.33    0.76
# 2025-10-13 23:44:03 -03: Iteration 3 of 5
# experimentsUsed: 717
# remainingBudget: 3283
# currentBudget: 1094
# nbConfigurations: 65
# Markers:
     x No test is performed.
     c Configurations are discarded only due to capping.
     - The test is performed and some configurations are discarded.
     = The test is performed but no configuration is discarded.
     ! The test is performed and configurations could be discarded but elite configurations are preserved.
     . All alive configurations are elite and nothing is discarded.

+-+-----------+-----------+-----------+----------------+-----------+--------+-----+----+------+
| |   Instance|      Alive|       Best|       Mean best| Exp so far|  W time|  rho|KenW|  Qvar|
+-+-----------+-----------+-----------+----------------+-----------+--------+-----+----+------+
|x|         10|         65|        125|     1.561794180|         65|00:00:24|   NA|  NA|    NA|
|x|          9|         65|         59|     34448.12952|        125|00:00:23|+0.04|0.52|0.9122|
|x|          8|         65|         59|     22965.46959|        185|00:00:23|+0.10|0.40|0.7226|
|x|          7|         65|         59|     17363.82853|        245|00:03:20|+0.20|0.40|0.6817|
|-|          4|         28|         59|     15345.15011|        305|00:00:23|-0.03|0.18|1.0213|
|=|          6|         28|        125|     18201.01257|        328|00:00:41|-0.03|0.14|1.0046|
|=|          1|         28|        125|     15730.80447|        351|00:01:27|+0.01|0.16|0.9592|
|=|          2|         28|         59|     9712.561653|        374|00:00:06|+0.02|0.14|0.9377|
|=|          3|         28|         59|     8633.484768|        397|00:00:04|+0.03|0.14|0.9227|
|-|          5|         16|         59|     7770.547695|        420|00:00:03|-0.01|0.09|0.9525|
|=|         11|         16|         59|     818481.8158|        436|00:00:02|-0.02|0.07|0.9516|
|=|         12|         16|         59|     750275.0677|        452|00:00:02|-0.02|0.07|0.9574|
+-+-----------+-----------+-----------+----------------+-----------+--------+-----+----+------+
Best-so-far configuration:          59    mean value:      750275.0677
Description of the best-so-far configuration:
   .ID. particles topology modInfluence branching tSchedule phi1 phi2 inertia
59   59        65        4            0        NA        NA 0.88 1.92    0.44
   .PARENT.
59       NA

# 2025-10-13 23:51:26 -03: Elite configurations (first number is the configuration ID; listed from best to worst according to the sum of ranks):
    particles topology modInfluence branching tSchedule phi1 phi2 inertia
59         65        4            0        NA        NA 0.88 1.92    0.44
133        97        4            2        NA        NA 0.60 2.34    0.60
158        56        1            0        NA        NA 2.24 2.20    0.58
125        33        1            0        NA        NA 1.92 2.14    0.55
176       162        0            0        NA        NA 1.72 1.23    0.68
# 2025-10-13 23:51:26 -03: Iteration 4 of 5
# experimentsUsed: 1169
# remainingBudget: 2831
# currentBudget: 1415
# nbConfigurations: 65
# Markers:
     x No test is performed.
     c Configurations are discarded only due to capping.
     - The test is performed and some configurations are discarded.
     = The test is performed but no configuration is discarded.
     ! The test is performed and configurations could be discarded but elite configurations are preserved.
     . All alive configurations are elite and nothing is discarded.

+-+-----------+-----------+-----------+----------------+-----------+--------+-----+----+------+
| |   Instance|      Alive|       Best|       Mean best| Exp so far|  W time|  rho|KenW|  Qvar|
+-+-----------+-----------+-----------+----------------+-----------+--------+-----+----+------+
|x|         13|         65|        223|     821.3005908|         65|00:03:41|   NA|  NA|    NA|
|x|          1|         65|        214|     909.0156709|        125|00:03:13|+0.52|0.76|0.4692|
|x|          8|         65|        240|     606.3653290|        185|00:00:24|+0.37|0.58|0.4327|
|x|          4|         65|        125|     2295.133892|        245|00:00:26|+0.42|0.57|0.3972|
|-|          2|         32|        158|     1838.025659|        305|00:00:29|-0.06|0.15|1.0733|
|=|          5|         32|        158|     1532.396151|        332|00:00:03|-0.06|0.11|1.0470|
|=|         10|         32|        158|     1313.720869|        359|00:00:03|-0.01|0.14|0.9896|
|=|          9|         32|         59|     9753.791216|        386|00:00:03|+0.02|0.15|0.9538|
|=|          7|         32|        240|     17177.61680|        413|00:01:26|+0.04|0.15|0.9459|
|-|          3|         24|        158|     17227.64419|        440|00:00:03|-0.02|0.09|0.9555|
|=|          6|         24|        158|     15663.76729|        459|00:00:27|-0.03|0.06|0.9566|
|=|         11|         24|        240|     546124.9694|        478|00:00:02|-0.03|0.06|0.9612|
|=|         12|         24|        240|     504115.4000|        497|00:00:02|-0.02|0.06|0.9531|
|=|         14|         24|        186|     457892.4023|        521|00:00:03|+0.01|0.08|0.9354|
+-+-----------+-----------+-----------+----------------+-----------+--------+-----+----+------+
Best-so-far configuration:         186    mean value:      457892.4023
Description of the best-so-far configuration:
    .ID. particles topology modInfluence branching tSchedule phi1 phi2 inertia
186  186        71        4            0        NA        NA  1.1 2.19    0.43
    .PARENT.
186       59

# 2025-10-14 00:01:59 -03: Elite configurations (first number is the configuration ID; listed from best to worst according to the sum of ranks):
    particles topology modInfluence branching tSchedule phi1 phi2 inertia
186        71        4            0        NA        NA 1.10 2.19    0.43
240        26        1            0        NA        NA 2.24 2.12    0.49
193        59        4            0        NA        NA 0.55 2.47    0.33
158        56        1            0        NA        NA 2.24 2.20    0.58
223       116        4            2        NA        NA 0.83 2.04    0.61
# 2025-10-14 00:01:59 -03: Iteration 5 of 5
# experimentsUsed: 1690
# remainingBudget: 2310
# currentBudget: 2310
# nbConfigurations: 65
# Markers:
     x No test is performed.
     c Configurations are discarded only due to capping.
     - The test is performed and some configurations are discarded.
     = The test is performed but no configuration is discarded.
     ! The test is performed and configurations could be discarded but elite configurations are preserved.
     . All alive configurations are elite and nothing is discarded.

+-+-----------+-----------+-----------+----------------+-----------+--------+-----+----+------+
| |   Instance|      Alive|       Best|       Mean best| Exp so far|  W time|  rho|KenW|  Qvar|
+-+-----------+-----------+-----------+----------------+-----------+--------+-----+----+------+
|x|         15|         65|        301|    0.2365906661|         65|00:01:02|   NA|  NA|    NA|
|x|         11|         65|        294|     1300361.454|        125|00:00:09|+0.03|0.52|0.5909|
|x|          1|         65|        296|     2237747.978|        185|00:02:56|+0.06|0.38|0.5268|
|x|         14|         65|        265|     1951569.087|        245|00:00:08|+0.03|0.27|0.6563|
|-|         12|         42|        290|     487133.9569|        305|00:00:06|-0.08|0.14|1.0220|
|=|          5|         42|        290|     405945.6365|        342|00:00:04|-0.04|0.13|0.9600|
|=|          3|         42|        290|     347953.5206|        379|00:00:04|+0.02|0.16|0.9309|
|=|         13|         42|        290|     304573.3010|        416|00:01:57|-0.01|0.12|0.9763|
|=|          9|         42|        257|     849526.5161|        453|00:00:04|-0.00|0.11|0.9721|
|=|          8|         42|        301|     765534.0095|        490|00:00:04|-0.00|0.10|0.9631|
|=|          7|         42|        301|     695989.4649|        527|00:01:56|+0.00|0.09|0.9657|
|=|         10|         42|        301|     637990.4663|        564|00:00:04|+0.02|0.10|0.9571|
|=|          6|         42|        301|     588916.5532|        601|00:00:54|+0.01|0.09|0.9514|
|=|          2|         42|        301|     546854.4012|        638|00:00:08|-0.00|0.07|0.9616|
|=|          4|         42|        301|     510904.1566|        675|00:00:05|+0.00|0.07|0.9547|
|=|         16|         42|        301|     478981.4479|        717|00:00:06|+0.00|0.06|0.9412|
+-+-----------+-----------+-----------+----------------+-----------+--------+-----+----+------+
Best-so-far configuration:         301    mean value:      478981.4479
Description of the best-so-far configuration:
    .ID. particles topology modInfluence branching tSchedule phi1 phi2 inertia
301  301        37        4            0        NA        NA  1.3 2.37    0.46
    .PARENT.
301      186

# 2025-10-14 00:11:54 -03: Elite configurations (first number is the configuration ID; listed from best to worst according to the sum of ranks):
    particles topology modInfluence branching tSchedule phi1 phi2 inertia
301        37        4            0        NA        NA 1.30 2.37    0.46
294        79        4            0        NA        NA 1.32 2.38    0.41
186        71        4            0        NA        NA 1.10 2.19    0.43
246        45        4            0        NA        NA 1.21 2.27    0.44
287        30        1            0        NA        NA 2.05 2.03    0.59
# 2025-10-14 00:11:54 -03: Iteration 6 of 6
# experimentsUsed: 2407
# remainingBudget: 1593
# currentBudget: 1593
# nbConfigurations: 65
# Markers:
     x No test is performed.
     c Configurations are discarded only due to capping.
     - The test is performed and some configurations are discarded.
     = The test is performed but no configuration is discarded.
     ! The test is performed and configurations could be discarded but elite configurations are preserved.
     . All alive configurations are elite and nothing is discarded.

+-+-----------+-----------+-----------+----------------+-----------+--------+-----+----+------+
| |   Instance|      Alive|       Best|       Mean best| Exp so far|  W time|  rho|KenW|  Qvar|
+-+-----------+-----------+-----------+----------------+-----------+--------+-----+----+------+
|x|         17|         65|        365|     126.0464932|         65|00:00:10|   NA|  NA|    NA|
|x|          8|         65|        345|     86.27002977|        125|00:00:07|-0.00|0.50|1.3245|
|x|         10|         65|        321|     57.80547680|        185|00:00:06|+0.09|0.39|0.9383|
|x|          3|         65|        321|     43.56542592|        245|00:00:07|+0.12|0.34|0.9993|
|-|          7|         31|        360|     148.5625255|        305|00:02:54|+0.02|0.22|1.0180|
|=|         12|         31|        360|     123.9190874|        331|00:00:02|+0.04|0.20|0.9844|
|=|          2|         31|        360|     113.0829239|        357|00:00:05|+0.01|0.15|0.9762|
|=|          6|         31|        350|     99.40408343|        383|00:00:41|-0.01|0.12|0.9754|
|=|          1|         31|        350|     189.2632461|        409|00:01:28|-0.01|0.10|0.9572|
|=|         14|         31|        350|     9316.322550|        435|00:00:03|-0.00|0.10|0.9450|
|=|         13|         31|        350|     8552.117606|        461|00:01:27|-0.02|0.07|0.9589|
|=|         15|         31|        350|     7839.486513|        487|00:00:27|-0.03|0.06|0.9640|
|=|          4|         31|        350|     7808.590551|        513|00:00:04|-0.02|0.06|0.9596|
|=|          5|         31|        350|     7251.133863|        539|00:00:03|-0.02|0.06|0.9693|
|=|          9|         31|        350|     13717.84166|        565|00:00:03|-0.01|0.06|0.9579|
|=|         11|         31|        350|     246556.9335|        591|00:00:04|-0.01|0.06|0.9635|
|=|         16|         31|        350|     232059.4487|        617|00:00:03|-0.01|0.05|0.9669|
|=|         18|         31|        350|     219167.7856|        648|00:00:03|-0.01|0.05|0.9701|
+-+-----------+-----------+-----------+----------------+-----------+--------+-----+----+------+
Best-so-far configuration:         350    mean value:      219167.7856
Description of the best-so-far configuration:
    .ID. particles topology modInfluence branching tSchedule phi1 phi2 inertia
350  350        92        4            0        NA        NA  1.3 2.43    0.41
    .PARENT.
350      294

# 2025-10-14 00:20:01 -03: Elite configurations (first number is the configuration ID; listed from best to worst according to the sum of ranks):
    particles topology modInfluence branching tSchedule phi1 phi2 inertia
350        92        4            0        NA        NA 1.30 2.43    0.41
343        47        4            0        NA        NA 1.28 2.37    0.43
337        71        4            0        NA        NA 1.35 2.30    0.40
346        31        4            0        NA        NA 1.12 2.44    0.43
342        67        4            0        NA        NA 1.29 2.42    0.42
# 2025-10-14 00:20:01 -03: Stopped because there is not enough budget to enforce the value of nbConfigurations.
# Iteration: 7
# nbIterations: 7
# experimentsUsed: 3055
# timeUsed: 0
# remainingBudget: 945
# currentBudget: 945
# number of elites: 5
# nbConfigurations: 54
# Total CPU user time: 25576.48, CPU sys time: 135.191, Wall-clock time: 3010.967
# 2025-10-14 00:20:01 -03: Starting post-selection:
# Configurations selected: 350, 343, 337, 346, 342, 301, 294, 186, 246, 287, 240, 193, 158, 223, 59, 133.
# Pending instances: 1, 1, 1, 1, 1, 1, 1, 1, 1, 1, 3, 3, 3, 3, 5, 5.
# 2025-10-14 00:20:01 -03: seed: 1900393
# Configurations: 16
# Available experiments: 945
# minSurvival: 1
# Markers:
     x No test is performed.
     c Configurations are discarded only due to capping.
     - The test is performed and some configurations are discarded.
     = The test is performed but no configuration is discarded.
     ! The test is performed and configurations could be discarded but elite configurations are preserved.
     . All alive configurations are elite and nothing is discarded.

+-+-----------+-----------+-----------+----------------+-----------+--------+-----+----+------+
| |   Instance|      Alive|       Best|       Mean best| Exp so far|  W time|  rho|KenW|  Qvar|
+-+-----------+-----------+-----------+----------------+-----------+--------+-----+----+------+
|.|          2|         16|        158|     25.75810914|          0|00:00:00|   NA|  NA|    NA|
|.|          3|         16|        158|     13.31980348|          0|00:00:00|+0.22|0.61|0.6559|
|x|         17|         16|        350|     76.07834133|          6|00:00:01|+0.03|0.35|1.0694|
|.|          7|         16|        350|     192.3834478|          6|00:00:00|+0.02|0.26|1.0259|
|.|          5|         16|        350|     154.7461416|          6|00:00:00|-0.06|0.15|1.0572|
|.|         13|         16|        350|     280.6331453|          6|00:00:00|-0.03|0.14|1.0470|
|.|         10|         16|        350|     240.7557084|          6|00:00:00|-0.03|0.12|1.0063|
|.|          4|         16|        350|     1140.391122|          6|00:00:00|-0.01|0.11|0.9685|
|.|          6|         16|        350|     1016.285091|          6|00:00:00|+0.00|0.11|0.9747|
|.|         12|         16|        350|     914.7263899|          6|00:00:00|+0.02|0.12|0.9655|
|.|          9|         16|        350|     10309.00134|          6|00:00:00|-0.00|0.09|0.9731|
|.|          8|         16|        350|     9449.923963|          6|00:00:00|-0.00|0.08|0.9733|
|x|         15|         16|        337|     9857.832574|          8|00:00:09|-0.00|0.08|0.9615|
|x|         16|         16|        350|     8107.094625|         10|00:00:01|+0.01|0.08|0.9452|
|.|         14|         16|        350|     13663.94540|         10|00:00:00|-0.01|0.06|0.9511|
|.|          1|         16|        350|     12866.70735|         10|00:00:00|-0.00|0.06|0.9449|
|.|         11|         16|        350|     232059.4487|         10|00:00:00|+0.00|0.06|0.9399|
|=|         18|         16|        350|     219167.7856|         16|00:00:01|+0.00|0.06|0.9338|
|=|         19|         16|        350|     207633.1812|         32|00:00:01|+0.00|0.05|0.9335|
|=|         20|         16|        350|     197252.3211|         48|00:00:02|+0.00|0.05|0.9386|
|=|         21|         16|        343|     215868.0784|         64|00:00:34|-0.00|0.05|0.9417|
|=|         22|         16|        350|     179365.4778|         80|00:00:02|+0.00|0.05|0.9304|
|=|         23|         16|        350|     171572.2518|         96|00:00:03|+0.01|0.06|0.9224|
|=|         24|         16|        350|     164424.7924|        112|00:00:26|+0.01|0.05|0.9198|
|=|         25|         16|        350|     157884.8118|        128|00:01:03|+0.02|0.05|0.9173|
|=|         26|         16|        350|     153418.5638|        144|00:00:02|+0.02|0.06|0.9098|
|=|         27|         16|        350|     148232.9193|        160|00:00:02|+0.01|0.05|0.9196|
|=|         28|         16|        350|     142939.0926|        176|00:00:02|+0.01|0.05|0.9195|
|=|         29|         16|        350|     138014.4944|        192|00:00:02|+0.01|0.05|0.9201|
|=|         30|         16|        350|     133415.1618|        208|00:00:02|+0.01|0.04|0.9203|
|=|         31|         16|        350|     129111.4629|        224|00:00:02|+0.01|0.04|0.9238|
|=|         32|         16|        350|     125084.3305|        240|00:00:57|+0.01|0.04|0.9213|
|=|         33|         16|        350|     121293.9065|        256|00:00:02|+0.01|0.04|0.9221|
|=|         34|         16|        343|     134543.6388|        272|00:00:58|+0.01|0.03|0.9236|
|=|         35|         16|        343|     130700.9684|        288|00:00:03|+0.01|0.03|0.9208|
|=|         36|         16|        350|     111215.8005|        304|00:00:02|+0.00|0.03|0.9220|
|=|         37|         16|        350|     108219.4359|        320|00:00:57|+0.01|0.03|0.9210|
|=|         38|         16|        350|     105371.8650|        336|00:00:02|+0.01|0.03|0.9210|
|=|         39|         16|        350|     103081.5834|        352|00:00:03|+0.01|0.03|0.9163|
|=|         40|         16|        350|     100508.4627|        368|00:00:02|+0.01|0.03|0.9152|
|=|         41|         16|        350|     98062.63409|        384|00:00:02|+0.01|0.03|0.9109|
|=|         42|         16|        350|     95728.50501|        400|00:00:02|+0.01|0.03|0.9133|
|=|         43|         16|        350|     123496.7070|        416|00:00:02|+0.01|0.03|0.9155|
|=|         44|         16|        350|     120702.6361|        432|00:00:57|+0.01|0.03|0.9146|
|=|         45|         16|        343|     127117.7571|        448|00:00:01|+0.01|0.03|0.9173|
|=|         46|         16|        350|     115514.7038|        464|00:00:56|+0.01|0.04|0.9181|
|=|         47|         16|        350|     113057.0256|        480|00:00:02|+0.01|0.03|0.9207|
|=|         48|         16|        350|     110704.5970|        496|00:00:03|+0.01|0.03|0.9201|
|-|         49|         13|        343|     117081.7639|        512|00:00:02|-0.00|0.02|0.9270|
|=|         50|         13|        350|     106602.6810|        525|00:00:02|-0.00|0.02|0.9275|
|=|         51|         13|        343|     112491.2058|        538|00:00:27|-0.00|0.02|0.9273|
|=|         52|         13|        343|     110328.8409|        551|00:00:02|+0.00|0.02|0.9248|
|=|         53|         13|        343|     108249.9482|        564|00:00:03|+0.00|0.02|0.9237|
|=|         54|         13|        343|     106255.3368|        577|00:00:57|+0.01|0.02|0.9223|
|=|         55|         13|        343|     104464.5470|        590|00:00:02|+0.00|0.02|0.9229|
|=|         56|         13|        343|     102609.0112|        603|00:00:56|+0.01|0.02|0.9196|
|=|         57|         13|        350|     93670.02549|        616|00:00:02|+0.01|0.02|0.9205|
|=|         58|         13|        350|     92329.95359|        629|00:00:02|+0.01|0.02|0.9193|
|=|         59|         13|        350|     91052.86482|        642|00:00:03|+0.01|0.03|0.9185|
|=|         60|         13|        350|     89535.87865|        655|00:00:26|+0.01|0.02|0.9194|
|=|         61|         13|        350|     89872.76719|        668|00:00:02|+0.01|0.02|0.9185|
|=|         62|         13|        350|     88444.37799|        681|00:00:01|+0.01|0.02|0.9205|
|=|         63|         13|        350|     87040.51292|        694|00:00:02|+0.01|0.02|0.9193|
|=|         64|         13|        350|     85680.55369|        707|00:00:01|+0.01|0.02|0.9179|
|-|         65|         10|        350|     84364.77428|        720|00:00:02|-0.01|0.01|0.9031|
|=|         66|         10|        350|     83100.71576|        730|00:00:32|-0.00|0.01|0.9029|
|=|         67|         10|        350|     82898.55546|        740|00:00:01|-0.00|0.01|0.9009|
|=|         68|         10|        350|     213865.5295|        750|00:00:01|-0.00|0.01|0.9018|
|=|         69|         10|        350|     210766.8008|        760|00:00:01|-0.01|0.01|0.9038|
|=|         70|         10|        350|     207756.0112|        770|00:00:01|-0.00|0.01|0.9025|
|=|         71|         10|        343|     161462.3835|        780|00:00:01|-0.01|0.01|0.9025|
|=|         72|         10|        350|     215864.4178|        790|00:00:01|-0.00|0.01|0.9015|
|=|         73|         10|        350|     212913.8922|        800|00:00:29|-0.00|0.01|0.9018|
|=|         74|         10|        350|     210036.6875|        810|00:00:01|-0.00|0.01|0.9013|
|=|         75|         10|        350|     207748.4155|        820|00:00:01|-0.00|0.01|0.9023|
|=|         76|         10|        343|     167149.1584|        830|00:00:01|-0.00|0.01|0.9033|
|=|         77|         10|        350|     202353.9586|        840|00:00:01|-0.00|0.01|0.9024|
|=|         78|         10|        343|     162863.4985|        850|00:00:01|-0.00|0.01|0.9015|
|=|         79|         10|        342|     203351.1948|        860|00:00:17|-0.00|0.01|0.9013|
|=|         80|         10|        350|     194779.1528|        870|00:00:09|-0.00|0.01|0.9004|
|=|         81|         10|        350|     192375.0024|        880|00:00:01|-0.00|0.01|0.8990|
|=|         82|         10|        350|     190030.4203|        890|00:00:01|-0.00|0.01|0.8993|
|=|         83|         10|        350|     187740.9590|        900|00:00:01|-0.00|0.01|0.8987|
|=|         84|         10|        350|     185506.0649|        910|00:00:01|-0.00|0.01|0.8984|
|=|         85|         10|        350|     183334.3417|        920|00:00:29|-0.00|0.01|0.8985|
|=|         86|         10|        350|     181203.7656|        930|00:00:01|-0.00|0.01|0.8985|
|=|         87|         10|        350|     179124.1276|        940|00:00:01|-0.00|0.01|0.8979|
+-+-----------+-----------+-----------+----------------+-----------+--------+-----+----+------+
Best-so-far configuration:         350    mean value:      179124.1276
Description of the best-so-far configuration:
    .ID. particles topology modInfluence branching tSchedule phi1 phi2 inertia
350  350        92        4            0        NA        NA  1.3 2.43    0.41
    .PARENT.
350      294

# 2025-10-14 00:33:41 -03: Elite configurations (first number is the configuration ID; listed from best to worst according to the sum of ranks):
    particles topology modInfluence branching tSchedule phi1 phi2 inertia
350        92        4            0        NA        NA 1.30 2.43    0.41
342        67        4            0        NA        NA 1.29 2.42    0.42
343        47        4            0        NA        NA 1.28 2.37    0.43
337        71        4            0        NA        NA 1.35 2.30    0.40
294        79        4            0        NA        NA 1.32 2.38    0.41
# Total CPU user time: 31967.64, CPU sys time: 178.131, Wall-clock time: 3831.273
    .ID. particles topology modInfluence branching tSchedule phi1 phi2 inertia
350  350        92        4            0        NA        NA 1.30 2.43    0.41
342  342        67        4            0        NA        NA 1.29 2.42    0.42
343  343        47        4            0        NA        NA 1.28 2.37    0.43
337  337        71        4            0        NA        NA 1.35 2.30    0.40
294  294        79        4            0        NA        NA 1.32 2.38    0.41
    .PARENT. .RANK.   .WEIGHT.
350      294    435 0.33333333
342      294    452 0.26666667
343      246    455 0.20000000
337      294    463 0.13333333
294      186    481 0.06666667
