# 2025-09-18 22:51:00 -03: Reading parameter file '/home/dianag/PruebasPablo/irace-test-executions/ACOTSP-withRanking/Scenarios-2/BH-90/Runs/BH-90_seed_100003/parameters.txt'.
# 2025-09-18 22:51:00 -03: 1 expression(s) specifying forbidden configurations read.
# 2025-09-18 22:51:00 -03: Initialization
# Elitist race
# Elitist new instances: 1
# Elitist limit: 2
# nbIterations: 5
# minNbSurvival: 5
# nbParameters: 11
# seed: 100003
# confidence level: 0.95
# budget: 5500
# mu: 5
# deterministic: FALSE

# 2025-09-18 22:51:00 -03: Iteration 1 of 5
# experimentsUsed: 0
# remainingBudget: 5500
# currentBudget: 1100
# nbConfigurations: 90
# Markers:
     x No test is performed.
     c Configurations are discarded only due to capping.
     - The test is performed and some configurations are discarded.
     = The test is performed but no configuration is discarded.
     ! The test is performed and configurations could be discarded but elite configurations are preserved.
     . All alive configurations are elite and nothing is discarded.

+-+-----------+-----------+-----------+----------------+-----------+--------+-----+----+------+
| |   Instance|      Alive|       Best|       Mean best| Exp so far|  W time|  rho|KenW|  Qvar|
+-+-----------+-----------+-----------+----------------+-----------+--------+-----+----+------+
|x|          1|         90|         19|     32475238.00|         90|00:01:56|   NA|  NA|    NA|
|x|          2|         90|         19|     32548789.00|        180|00:01:56|+0.98|0.99|0.0011|
|x|          3|         90|         19|     32543001.33|        270|00:01:54|+0.98|0.98|0.0012|
|x|          4|         90|         19|     32623478.50|        360|00:01:54|+0.98|0.98|0.0011|
|-|          5|          6|         19|     32634405.20|        450|00:01:56|+0.45|0.56|0.5102|
|-|          6|          2|         19|     32606993.50|        456|00:00:19|-0.07|0.11|0.5333|
+-+-----------+-----------+-----------+----------------+-----------+--------+-----+----+------+
Best configuration for the instances in this race: 19
Best-so-far configuration:          82    mean value:      32583503.50
Description of the best-so-far configuration:
   .ID. algorithm localsearch alpha beta  rho ants   q0 rasrank elitistants
82   82       acs           3  2.62 6.01 0.52   23 0.14      NA          NA
   nnls dlb .PARENT.
82   20   1       NA

# 2025-09-18 23:00:59 -03: Elite configurations (first number is the configuration ID; listed from best to worst according to the sum of ranks):
   algorithm localsearch alpha beta  rho ants   q0 rasrank elitistants nnls dlb
82       acs           3  2.62 6.01 0.52   23 0.14      NA          NA   20   1
19       acs           3  2.04 1.09 0.87    6 0.74      NA          NA   16   1
# 2025-09-18 23:00:59 -03: Iteration 2 of 5
# experimentsUsed: 456
# remainingBudget: 5044
# currentBudget: 1261
# nbConfigurations: 90
# Markers:
     x No test is performed.
     c Configurations are discarded only due to capping.
     - The test is performed and some configurations are discarded.
     = The test is performed but no configuration is discarded.
     ! The test is performed and configurations could be discarded but elite configurations are preserved.
     . All alive configurations are elite and nothing is discarded.

+-+-----------+-----------+-----------+----------------+-----------+--------+-----+----+------+
| |   Instance|      Alive|       Best|       Mean best| Exp so far|  W time|  rho|KenW|  Qvar|
+-+-----------+-----------+-----------+----------------+-----------+--------+-----+----+------+
|x|          7|         90|        137|     32744191.00|         90|00:01:59|   NA|  NA|    NA|
|x|          3|         90|        154|     32652456.50|        178|00:02:02|+0.97|0.99|0.0022|
|x|          4|         90|        122|     32735124.33|        266|00:02:02|+0.97|0.98|0.0022|
|x|          5|         90|        122|     32714970.00|        354|00:02:04|+0.97|0.98|0.0029|
|-|          6|          8|        177|     32642306.60|        442|00:02:03|+0.07|0.25|0.7840|
|=|          2|          8|        177|     32629838.00|        448|00:00:10|+0.16|0.30|0.6986|
|-|          1|          4|        177|     32601941.00|        454|00:00:11|+0.18|0.30|0.7621|
+-+-----------+-----------+-----------+----------------+-----------+--------+-----+----+------+
Best-so-far configuration:         177    mean value:      32601941.00
Description of the best-so-far configuration:
    .ID. algorithm localsearch alpha beta  rho ants   q0 rasrank elitistants
177  177       acs           3  3.28 1.22 0.87   15 0.78      NA          NA
    nnls dlb .PARENT.
177   17   1       19

# 2025-09-18 23:11:34 -03: Elite configurations (first number is the configuration ID; listed from best to worst according to the sum of ranks):
    algorithm localsearch alpha beta  rho ants   q0 rasrank elitistants nnls
177       acs           3  3.28 1.22 0.87   15 0.78      NA          NA   17
82        acs           3  2.62 6.01 0.52   23 0.14      NA          NA   20
122       acs           3  2.19 3.60 0.61   21 0.48      NA          NA   20
172       acs           3  1.75 1.01 0.84   35 0.50      NA          NA   22
    dlb
177   1
82    1
122   1
172   1
# 2025-09-18 23:11:34 -03: Iteration 3 of 5
# experimentsUsed: 910
# remainingBudget: 4590
# currentBudget: 1530
# nbConfigurations: 90
# Markers:
     x No test is performed.
     c Configurations are discarded only due to capping.
     - The test is performed and some configurations are discarded.
     = The test is performed but no configuration is discarded.
     ! The test is performed and configurations could be discarded but elite configurations are preserved.
     . All alive configurations are elite and nothing is discarded.

+-+-----------+-----------+-----------+----------------+-----------+--------+-----+----+------+
| |   Instance|      Alive|       Best|       Mean best| Exp so far|  W time|  rho|KenW|  Qvar|
+-+-----------+-----------+-----------+----------------+-----------+--------+-----+----+------+
|x|          8|         90|        256|     32675522.00|         90|00:01:51|   NA|  NA|    NA|
|x|          1|         90|        122|     32560948.00|        176|00:01:49|+0.96|0.98|0.0051|
|x|          2|         90|        177|     32571084.00|        262|00:01:46|+0.96|0.98|0.0029|
|x|          6|         90|        177|     32516777.75|        348|00:01:50|+0.94|0.95|0.0028|
|-|          3|         14|        235|     32522867.00|        434|00:01:49|-0.08|0.13|0.9780|
|=|          5|         14|        177|     32538930.50|        444|00:00:12|-0.06|0.12|0.9958|
|=|          7|         14|        177|     32575933.14|        454|00:00:12|-0.02|0.12|0.9454|
|=|          4|         14|        240|     32609355.38|        464|00:00:11|+0.02|0.14|0.9154|
|=|          9|         14|        240|     32637845.00|        478|00:00:20|+0.03|0.14|0.9090|
+-+-----------+-----------+-----------+----------------+-----------+--------+-----+----+------+
Best-so-far configuration:         240    mean value:      32637845.00
Description of the best-so-far configuration:
    .ID. algorithm localsearch alpha beta rho ants   q0 rasrank elitistants
240  240       acs           3  3.26 4.95 0.5   24 0.09      NA          NA
    nnls dlb .PARENT.
240   10   1       82

# 2025-09-18 23:21:39 -03: Elite configurations (first number is the configuration ID; listed from best to worst according to the sum of ranks):
    algorithm localsearch alpha beta  rho ants   q0 rasrank elitistants nnls
240       acs           3  3.26 4.95 0.50   24 0.09      NA          NA   10
177       acs           3  3.28 1.22 0.87   15 0.78      NA          NA   17
235       acs           3  2.67 3.78 0.94   31 0.03      NA          NA   16
254       acs           3  1.94 6.54 0.20   23 0.48      NA          NA   27
253       acs           3  2.99 6.45 0.53   29 0.24      NA          NA   23
    dlb
240   1
177   1
235   1
254   1
253   1
# 2025-09-18 23:21:39 -03: Iteration 4 of 5
# experimentsUsed: 1388
# remainingBudget: 4112
# currentBudget: 2056
# nbConfigurations: 90
# Markers:
     x No test is performed.
     c Configurations are discarded only due to capping.
     - The test is performed and some configurations are discarded.
     = The test is performed but no configuration is discarded.
     ! The test is performed and configurations could be discarded but elite configurations are preserved.
     . All alive configurations are elite and nothing is discarded.

+-+-----------+-----------+-----------+----------------+-----------+--------+-----+----+------+
| |   Instance|      Alive|       Best|       Mean best| Exp so far|  W time|  rho|KenW|  Qvar|
+-+-----------+-----------+-----------+----------------+-----------+--------+-----+----+------+
|x|         10|         90|        326|     32506477.00|         90|00:01:43|   NA|  NA|    NA|
|x|          3|         90|        326|     32485229.00|        175|00:01:34|+0.79|0.90|0.0132|
|x|          5|         90|        326|     32539052.33|        260|00:01:35|+0.79|0.86|0.0118|
|x|          4|         90|        326|     32603774.00|        345|00:01:34|+0.80|0.85|0.0101|
|-|          1|         23|        297|     32559827.60|        430|00:01:35|-0.07|0.14|1.0255|
|=|          2|         23|        297|     32573359.33|        448|00:00:20|-0.07|0.10|1.0240|
|=|          9|         23|        297|     32608135.14|        466|00:00:20|-0.03|0.12|0.9753|
|=|          7|         23|        297|     32622181.88|        484|00:00:21|+0.00|0.13|0.9381|
|=|          8|         23|        326|     32633146.89|        502|00:00:20|+0.02|0.13|0.9130|
|=|          6|         23|        326|     32605511.20|        520|00:00:20|+0.04|0.14|0.9045|
|-|         11|         10|        297|     32610965.45|        543|00:00:31|+0.01|0.10|0.8973|
|=|         12|         10|        297|     32601237.17|        553|00:00:10|+0.03|0.11|0.8785|
|=|         13|         10|        319|     32595376.92|        563|00:00:10|+0.03|0.11|0.8811|
+-+-----------+-----------+-----------+----------------+-----------+--------+-----+----+------+
Best-so-far configuration:         319    mean value:      32595376.92
Description of the best-so-far configuration:
    .ID. algorithm localsearch alpha beta  rho ants  q0 rasrank elitistants
319  319       acs           3  1.44 0.44 0.97   29 0.9      NA          NA
    nnls dlb .PARENT.
319   13   1      177

# 2025-09-18 23:32:19 -03: Elite configurations (first number is the configuration ID; listed from best to worst according to the sum of ranks):
    algorithm localsearch alpha beta  rho ants   q0 rasrank elitistants nnls
319       acs           3  1.44 0.44 0.97   29 0.90      NA          NA   13
297       acs           3  1.62 4.82 0.72   30 0.46      NA          NA   16
326       acs           3  1.85 6.43 0.93   44 0.37      NA          NA   21
334       acs           3  2.43 6.27 0.89   51 0.15      NA          NA   18
265       acs           3  2.44 2.97 0.93    6 0.81      NA          NA   13
    dlb
319   1
297   1
326   1
334   1
265   1
# 2025-09-18 23:32:19 -03: Iteration 5 of 5
# experimentsUsed: 1951
# remainingBudget: 3549
# currentBudget: 3549
# nbConfigurations: 90
# Markers:
     x No test is performed.
     c Configurations are discarded only due to capping.
     - The test is performed and some configurations are discarded.
     = The test is performed but no configuration is discarded.
     ! The test is performed and configurations could be discarded but elite configurations are preserved.
     . All alive configurations are elite and nothing is discarded.

+-+-----------+-----------+-----------+----------------+-----------+--------+-----+----+------+
| |   Instance|      Alive|       Best|       Mean best| Exp so far|  W time|  rho|KenW|  Qvar|
+-+-----------+-----------+-----------+----------------+-----------+--------+-----+----+------+
|x|         14|         90|        358|     32354912.00|         90|00:01:37|   NA|  NA|    NA|
|x|          5|         90|        319|     32466262.50|        175|00:01:33|+0.39|0.70|0.1178|
|x|          1|         90|        319|     32461049.67|        260|00:01:33|+0.37|0.58|0.1262|
|x|         10|         90|        297|     32474561.75|        345|00:01:33|+0.35|0.52|0.1287|
|-|          2|         34|        382|     32504658.80|        430|00:01:33|-0.16|0.07|1.1032|
|=|         13|         34|        382|     32492428.67|        459|00:00:31|-0.12|0.07|1.0674|
|=|         11|         34|        297|     32524568.57|        488|00:00:31|-0.07|0.08|1.0267|
|=|          3|         34|        408|     32526694.88|        517|00:00:31|-0.07|0.06|1.0232|
|=|          8|         34|        319|     32534052.44|        546|00:00:31|-0.03|0.08|0.9933|
|=|          4|         34|        388|     32566475.60|        575|00:00:31|-0.02|0.08|0.9730|
|=|          7|         34|        319|     32583445.91|        604|00:00:31|-0.02|0.08|0.9775|
|=|         12|         34|        360|     32578748.92|        633|00:00:31|-0.01|0.07|0.9740|
|=|          9|         34|        319|     32595289.92|        662|00:00:31|-0.01|0.07|0.9709|
|=|          6|         34|        319|     32578208.14|        691|00:00:31|-0.00|0.07|0.9660|
|=|         15|         34|        360|     32579335.47|        725|00:00:41|+0.01|0.08|0.9552|
+-+-----------+-----------+-----------+----------------+-----------+--------+-----+----+------+
Best-so-far configuration:         360    mean value:      32579335.47
Description of the best-so-far configuration:
    .ID. algorithm localsearch alpha beta  rho ants   q0 rasrank elitistants
360  360       acs           3  1.99 4.45 0.89   48 0.27      NA          NA
    nnls dlb .PARENT.
360   18   1      326

# 2025-09-18 23:45:35 -03: Elite configurations (first number is the configuration ID; listed from best to worst according to the sum of ranks):
    algorithm localsearch alpha beta  rho ants   q0 rasrank elitistants nnls
360       acs           3  1.99 4.45 0.89   48 0.27      NA          NA   18
319       acs           3  1.44 0.44 0.97   29 0.90      NA          NA   13
376       acs           3  1.94 7.53 0.93   33 0.19      NA          NA   19
297       acs           3  1.62 4.82 0.72   30 0.46      NA          NA   16
424       acs           3  1.49 2.33 0.81   26 0.80      NA          NA   15
    dlb
360   1
319   1
376   1
297   1
424   1
# 2025-09-18 23:45:35 -03: Iteration 6 of 6
# experimentsUsed: 2676
# remainingBudget: 2824
# currentBudget: 2824
# nbConfigurations: 90
# Markers:
     x No test is performed.
     c Configurations are discarded only due to capping.
     - The test is performed and some configurations are discarded.
     = The test is performed but no configuration is discarded.
     ! The test is performed and configurations could be discarded but elite configurations are preserved.
     . All alive configurations are elite and nothing is discarded.

+-+-----------+-----------+-----------+----------------+-----------+--------+-----+----+------+
| |   Instance|      Alive|       Best|       Mean best| Exp so far|  W time|  rho|KenW|  Qvar|
+-+-----------+-----------+-----------+----------------+-----------+--------+-----+----+------+
|x|         16|         90|        514|     32578512.00|         90|00:01:33|   NA|  NA|    NA|
|x|          2|         90|        514|     32562643.50|        175|00:01:33|+0.28|0.64|0.2361|
|x|          8|         90|        514|     32603142.33|        260|00:01:33|+0.33|0.55|0.2669|
|x|          9|         90|        515|     32652067.00|        345|00:01:33|+0.29|0.47|0.2964|
|-|          6|         28|        514|     32581152.80|        430|00:01:34|-0.03|0.17|0.9944|
|=|          5|         28|        514|     32586666.33|        453|00:00:31|-0.03|0.14|0.9763|
|=|         13|         28|        518|     32568846.29|        476|00:00:31|-0.03|0.12|0.9662|
|=|          7|         28|        518|     32583576.25|        499|00:00:31|-0.02|0.10|0.9668|
|=|         10|         28|        518|     32583008.67|        522|00:00:31|-0.01|0.10|0.9609|
|=|         11|         28|        515|     32599166.60|        545|00:00:31|-0.01|0.09|0.9613|
|=|          1|         28|        319|     32586750.82|        568|00:00:31|-0.01|0.08|0.9707|
|=|          4|         28|        297|     32603322.25|        591|00:00:31|-0.03|0.06|0.9835|
|=|         14|         28|        297|     32588233.38|        614|00:00:31|-0.02|0.06|0.9797|
|=|          3|         28|        319|     32587147.86|        637|00:00:31|-0.01|0.06|0.9743|
|=|         15|         28|        319|     32586702.93|        660|00:00:31|-0.00|0.07|0.9601|
|=|         12|         28|        297|     32577680.19|        683|00:00:31|-0.00|0.06|0.9593|
|=|         17|         28|        435|     32576654.76|        711|00:00:31|-0.00|0.05|0.9610|
+-+-----------+-----------+-----------+----------------+-----------+--------+-----+----+------+
Best-so-far configuration:         435    mean value:      32576654.76
Description of the best-so-far configuration:
    .ID. algorithm localsearch alpha beta  rho ants   q0 rasrank elitistants
435  435       acs           3  1.92 3.94 0.94   51 0.25      NA          NA
    nnls dlb .PARENT.
435   13   1      360

# 2025-09-18 23:59:40 -03: Elite configurations (first number is the configuration ID; listed from best to worst according to the sum of ranks):
    algorithm localsearch alpha beta  rho ants   q0 rasrank elitistants nnls
435       acs           3  1.92 3.94 0.94   51 0.25      NA          NA   13
514       acs           3  1.85 4.52 0.86   48 0.27      NA          NA   15
440       acs           3  2.12 4.74 0.97   55 0.25      NA          NA   16
319       acs           3  1.44 0.44 0.97   29 0.90      NA          NA   13
297       acs           3  1.62 4.82 0.72   30 0.46      NA          NA   16
    dlb
435   1
514   1
440   1
319   1
297   1
# 2025-09-18 23:59:40 -03: Iteration 7 of 7
# experimentsUsed: 3387
# remainingBudget: 2113
# currentBudget: 2113
# nbConfigurations: 90
# Markers:
     x No test is performed.
     c Configurations are discarded only due to capping.
     - The test is performed and some configurations are discarded.
     = The test is performed but no configuration is discarded.
     ! The test is performed and configurations could be discarded but elite configurations are preserved.
     . All alive configurations are elite and nothing is discarded.

+-+-----------+-----------+-----------+----------------+-----------+--------+-----+----+------+
| |   Instance|      Alive|       Best|       Mean best| Exp so far|  W time|  rho|KenW|  Qvar|
+-+-----------+-----------+-----------+----------------+-----------+--------+-----+----+------+
|x|         18|         90|        548|     32462478.00|         90|00:01:34|   NA|  NA|    NA|
|x|          9|         90|        576|     32641227.00|        175|00:01:33|-0.13|0.43|0.7372|
|x|          5|         90|        598|     32625931.00|        260|00:01:33|+0.07|0.38|0.6102|
|x|          2|         90|        592|     32604177.00|        345|00:01:33|+0.08|0.31|0.5647|
|=|          4|         90|        592|     32653062.40|        430|00:01:33|+0.06|0.25|0.5971|
|-|         11|         71|        435|     32664102.83|        515|00:01:33|-0.12|0.07|1.0882|
|=|          3|         71|        594|     32640057.14|        581|00:01:13|-0.08|0.07|1.0558|
|=|         15|         71|        435|     32623619.00|        647|00:01:12|-0.04|0.09|1.0157|
|=|         10|         71|        435|     32614748.44|        713|00:01:12|-0.03|0.09|1.0056|
|=|          7|         71|        592|     32626105.60|        779|00:01:12|-0.01|0.09|0.9947|
|=|         12|         71|        562|     32617414.27|        845|00:01:13|-0.01|0.09|0.9868|
|=|          6|         71|        562|     32596561.25|        911|00:01:12|-0.00|0.08|0.9792|
|=|         13|         71|        592|     32580641.15|        977|00:01:12|-0.00|0.07|0.9795|
|=|         16|         71|        592|     32583347.00|       1043|00:01:13|+0.00|0.07|0.9750|
|=|          1|         71|        562|     32575243.60|       1109|00:01:13|+0.00|0.07|0.9764|
|=|         14|         71|        562|     32564732.00|       1175|00:01:12|+0.00|0.07|0.9732|
|=|         17|         71|        592|     32561831.12|       1241|00:01:13|+0.01|0.06|0.9716|
|=|          8|         71|        592|     32568175.67|       1307|00:01:12|+0.01|0.06|0.9692|
|=|         19|         71|        596|     32573842.16|       1378|00:01:23|+0.01|0.06|0.9657|
+-+-----------+-----------+-----------+----------------+-----------+--------+-----+----+------+
Best-so-far configuration:         596    mean value:      32573842.16
Description of the best-so-far configuration:
    .ID. algorithm localsearch alpha beta  rho ants   q0 rasrank elitistants
596  596       acs           3  1.84 3.87 0.96   52 0.21      NA          NA
    nnls dlb .PARENT.
596   13   1      435

# 2025-09-19 00:25:01 -03: Elite configurations (first number is the configuration ID; listed from best to worst according to the sum of ranks):
    algorithm localsearch alpha beta  rho ants   q0 rasrank elitistants nnls
596       acs           3  1.84 3.87 0.96   52 0.21      NA          NA   13
592       acs           3  1.87 4.35 0.86   52 0.28      NA          NA   10
549       acs           3  1.82 4.46 0.84   48 0.20      NA          NA   14
440       acs           3  2.12 4.74 0.97   55 0.25      NA          NA   16
563       acs           3  1.71 4.33 0.98   52 0.34      NA          NA   10
    dlb
596   1
592   1
549   1
440   1
563   1
# 2025-09-19 00:25:01 -03: Stopped because there is not enough budget to enforce the value of nbConfigurations.
# Iteration: 8
# nbIterations: 8
# experimentsUsed: 4765
# timeUsed: 0
# remainingBudget: 735
# currentBudget: 735
# number of elites: 5
# nbConfigurations: 41
# Total CPU user time: 51649.9, CPU sys time: 404.342, Wall-clock time: 5641.127
# 2025-09-19 00:25:01 -03: Starting post-selection:
# Configurations selected: 596, 592, 549, 440, 563, 435, 514, 319, 297, 360, 376, 424, 326, 334, 265, 240.
# Pending instances: 1, 1, 1, 1, 1, 1, 1, 1, 1, 3, 3, 3, 5, 5, 5, 9.
# 2025-09-19 00:25:02 -03: seed: 100003
# Configurations: 16
# Available experiments: 735
# minSurvival: 1
# Markers:
     x No test is performed.
     c Configurations are discarded only due to capping.
     - The test is performed and some configurations are discarded.
     = The test is performed but no configuration is discarded.
     ! The test is performed and configurations could be discarded but elite configurations are preserved.
     . All alive configurations are elite and nothing is discarded.

+-+-----------+-----------+-----------+----------------+-----------+--------+-----+----+------+
| |   Instance|      Alive|       Best|       Mean best| Exp so far|  W time|  rho|KenW|  Qvar|
+-+-----------+-----------+-----------+----------------+-----------+--------+-----+----+------+
|.|         11|         16|        563|     32644294.00|          0|00:00:00|   NA|  NA|    NA|
|.|          6|         16|        563|     32484210.50|          0|00:00:00|+0.14|0.57|0.6924|
|x|         13|         16|        563|     32448618.00|          1|00:00:10|+0.22|0.48|0.6877|
|x|         17|         16|        563|     32476598.00|          5|00:00:10|+0.18|0.38|0.8224|
|x|         14|         16|        563|     32452692.20|          6|00:00:10|+0.10|0.28|0.8033|
|.|         10|         16|        563|     32475811.17|          6|00:00:00|+0.06|0.22|0.8120|
|.|          1|         16|        563|     32473511.57|          6|00:00:00|+0.08|0.21|0.8423|
|.|          8|         16|        563|     32495412.50|          6|00:00:00|+0.11|0.22|0.8288|
|.|          7|         16|        563|     32523101.56|          6|00:00:00|+0.09|0.19|0.8433|
|.|          4|         16|        563|     32552669.40|          6|00:00:00|+0.03|0.13|0.8930|
|x|         19|         16|        596|     32557666.00|         13|00:00:10|+0.05|0.13|0.8808|
|x|         18|         16|        596|     32555431.17|         20|00:00:10|+0.05|0.13|0.8767|
|.|          2|         16|        596|     32557152.38|         20|00:00:00|+0.03|0.11|0.8991|
|x|         12|         16|        596|     32555227.07|         21|00:00:10|+0.03|0.10|0.8941|
|.|          5|         16|        596|     32559694.40|         21|00:00:00|+0.03|0.10|0.8853|
|x|         16|         16|        596|     32564816.25|         25|00:00:10|+0.01|0.08|0.9075|
|.|          3|         16|        596|     32559001.29|         25|00:00:00|+0.02|0.08|0.9110|
|.|          9|         16|        596|     32573453.83|         25|00:00:00|+0.03|0.08|0.8991|
|=|         15|         16|        596|     32573842.16|         26|00:00:10|+0.03|0.09|0.8877|
|-|         20|         13|        592|     32571059.75|         42|00:00:20|-0.03|0.03|0.9391|
|=|         21|         13|        592|     32571535.43|         55|00:00:20|-0.02|0.03|0.9348|
|=|         22|         13|        592|     32555937.41|         68|00:00:20|-0.01|0.03|0.9287|
|=|         23|         13|        592|     32568765.13|         81|00:00:20|-0.01|0.03|0.9282|
|=|         24|         13|        592|     32554223.71|         94|00:00:20|-0.01|0.03|0.9256|
|=|         25|         13|        592|     32564979.00|        107|00:00:20|-0.01|0.03|0.9242|
|=|         26|         13|        596|     32566331.27|        120|00:00:20|-0.00|0.04|0.9210|
|=|         27|         13|        596|     32562183.04|        133|00:00:20|-0.00|0.03|0.9217|
|=|         28|         13|        592|     32552441.04|        146|00:00:20|-0.00|0.03|0.9170|
|=|         29|         13|        592|     32555116.79|        159|00:00:20|+0.01|0.04|0.9091|
|=|         30|         13|        592|     32563851.47|        172|00:00:20|+0.01|0.04|0.9089|
|=|         31|         13|        596|     32569636.00|        185|00:00:20|+0.01|0.04|0.9094|
|=|         32|         13|        596|     32567883.62|        198|00:00:20|+0.01|0.04|0.9083|
|=|         33|         13|        596|     32570817.55|        211|00:00:20|+0.01|0.04|0.9053|
|=|         34|         13|        596|     32564725.88|        224|00:00:20|+0.01|0.04|0.9010|
|=|         35|         13|        596|     32568703.51|        237|00:00:20|+0.01|0.04|0.9063|
|=|         36|         13|        596|     32576590.92|        250|00:00:20|+0.01|0.04|0.9067|
|=|         37|         13|        596|     32576079.03|        263|00:00:20|+0.01|0.04|0.9074|
|=|         38|         13|        596|     32579478.84|        276|00:00:20|+0.01|0.04|0.9041|
|=|         39|         13|        592|     32584652.87|        289|00:00:20|+0.01|0.04|0.9006|
|=|         40|         13|        596|     32581018.12|        302|00:00:20|+0.02|0.04|0.8991|
|=|         41|         13|        596|     32591848.22|        315|00:00:20|+0.01|0.04|0.9029|
|=|         42|         13|        563|     32593927.12|        328|00:00:20|+0.01|0.04|0.9030|
|=|         43|         13|        592|     32586106.16|        341|00:00:20|+0.01|0.03|0.9075|
|=|         44|         13|        592|     32584613.48|        354|00:00:21|+0.01|0.04|0.9044|
|=|         45|         13|        592|     32574237.51|        367|00:00:20|+0.01|0.03|0.9040|
|=|         46|         13|        592|     32581549.04|        380|00:00:20|+0.01|0.03|0.9057|
|=|         47|         13|        592|     32582385.19|        393|00:00:20|+0.01|0.04|0.9038|
|=|         48|         13|        592|     32587491.27|        406|00:00:20|+0.02|0.04|0.9020|
|-|         49|          8|        596|     32578212.80|        419|00:00:20|+0.00|0.02|0.8750|
|=|         50|          8|        435|     32588179.38|        427|00:00:10|+0.00|0.02|0.8758|
|=|         51|          8|        592|     32587473.49|        435|00:00:10|+0.00|0.02|0.8768|
|=|         52|          8|        563|     32591054.71|        443|00:00:10|+0.00|0.02|0.8771|
|=|         53|          8|        563|     32586904.91|        451|00:00:10|+0.00|0.02|0.8756|
|=|         54|          8|        435|     32588910.78|        459|00:00:10|+0.00|0.02|0.8769|
|=|         55|          8|        435|     32586344.09|        467|00:00:10|+0.00|0.02|0.8768|
|=|         56|          8|        435|     32581310.38|        475|00:00:10|+0.00|0.02|0.8748|
|=|         57|          8|        435|     32586691.54|        483|00:00:10|+0.01|0.02|0.8731|
|=|         58|          8|        592|     32586920.26|        491|00:00:10|+0.01|0.02|0.8740|
|=|         59|          8|        596|     32585511.24|        499|00:00:10|+0.00|0.02|0.8739|
|=|         60|          8|        596|     32587530.90|        507|00:00:10|+0.01|0.02|0.8732|
|=|         61|          8|        596|     32585219.64|        515|00:00:10|+0.00|0.02|0.8741|
|=|         62|          8|        596|     32586881.45|        523|00:00:10|+0.01|0.02|0.8713|
|=|         63|          8|        596|     32582416.60|        531|00:00:10|+0.01|0.02|0.8715|
|=|         64|          8|        596|     32586569.59|        539|00:00:10|+0.01|0.02|0.8694|
|=|         65|          8|        596|     32579991.40|        547|00:00:10|+0.01|0.02|0.8716|
|=|         66|          8|        596|     32579248.52|        555|00:00:10|+0.01|0.02|0.8733|
|=|         67|          8|        596|     32574657.58|        563|00:00:10|+0.00|0.02|0.8749|
|=|         68|          8|        596|     32572350.01|        571|00:00:10|+0.00|0.02|0.8757|
|=|         69|          8|        596|     32576343.12|        579|00:00:10|+0.00|0.02|0.8753|
|=|         70|          8|        596|     32576451.23|        587|00:00:10|+0.00|0.02|0.8743|
|=|         71|          8|        596|     32575885.01|        595|00:00:10|+0.00|0.02|0.8748|
|=|         72|          8|        596|     32573688.78|        603|00:00:10|+0.00|0.02|0.8735|
|=|         73|          8|        596|     32573244.26|        611|00:00:10|+0.00|0.02|0.8723|
|=|         74|          8|        596|     32573165.00|        619|00:00:10|+0.00|0.02|0.8722|
|=|         75|          8|        596|     32568256.80|        627|00:00:10|+0.00|0.02|0.8712|
|=|         76|          8|        592|     32566427.82|        635|00:00:10|+0.00|0.02|0.8704|
|=|         77|          8|        592|     32569797.29|        643|00:00:10|+0.01|0.02|0.8683|
|=|         78|          8|        592|     32569508.50|        651|00:00:10|+0.01|0.02|0.8685|
|=|         79|          8|        592|     32565521.59|        659|00:00:10|+0.01|0.02|0.8686|
|=|         80|          8|        592|     32568185.16|        667|00:00:10|+0.01|0.02|0.8679|
|=|         81|          8|        592|     32569251.53|        675|00:00:10|+0.01|0.02|0.8683|
|=|         82|          8|        592|     32567635.55|        683|00:00:10|+0.01|0.02|0.8665|
|=|         83|          8|        592|     32571552.94|        691|00:00:10|+0.01|0.02|0.8674|
|=|         84|          8|        592|     32569587.08|        699|00:00:10|+0.01|0.02|0.8689|
|=|         85|          8|        592|     32567652.86|        707|00:00:10|+0.01|0.02|0.8690|
|=|         86|          8|        592|     32567872.88|        715|00:00:10|+0.01|0.02|0.8676|
|=|         87|          8|        592|     32569423.60|        723|00:00:10|+0.01|0.02|0.8689|
|=|         88|          8|        592|     32567800.74|        731|00:00:10|+0.00|0.01|0.8712|
+-+-----------+-----------+-----------+----------------+-----------+--------+-----+----+------+
Best-so-far configuration:         592    mean value:      32567800.74
Description of the best-so-far configuration:
    .ID. algorithm localsearch alpha beta  rho ants   q0 rasrank elitistants
592  592       acs           3  1.87 4.35 0.86   52 0.28      NA          NA
    nnls dlb .PARENT.
592   10   1      435

# 2025-09-19 00:43:42 -03: Elite configurations (first number is the configuration ID; listed from best to worst according to the sum of ranks):
    algorithm localsearch alpha beta  rho ants   q0 rasrank elitistants nnls
592       acs           3  1.87 4.35 0.86   52 0.28      NA          NA   10
596       acs           3  1.84 3.87 0.96   52 0.21      NA          NA   13
435       acs           3  1.92 3.94 0.94   51 0.25      NA          NA   13
563       acs           3  1.71 4.33 0.98   52 0.34      NA          NA   10
514       acs           3  1.85 4.52 0.86   48 0.27      NA          NA   15
    dlb
592   1
596   1
435   1
563   1
514   1
# Total CPU user time: 59214.04, CPU sys time: 466.812, Wall-clock time: 6761.346
    .ID. algorithm localsearch alpha beta  rho ants   q0 rasrank elitistants
592  592       acs           3  1.87 4.35 0.86   52 0.28      NA          NA
596  596       acs           3  1.84 3.87 0.96   52 0.21      NA          NA
435  435       acs           3  1.92 3.94 0.94   51 0.25      NA          NA
563  563       acs           3  1.71 4.33 0.98   52 0.34      NA          NA
514  514       acs           3  1.85 4.52 0.86   48 0.27      NA          NA
    nnls dlb .PARENT. .RANK.   .WEIGHT.
592   10   1      435    362 0.33333333
596   13   1      435    369 0.26666667
435   13   1      360    376 0.20000000
563   10   1      435    397 0.13333333
514   15   1      360    399 0.06666667
