#------------------------------------------------------------------------------
# irace: An implementation in R of (Elitist) Iterated Racing
# Version: 4.2.0.9000.0eef3f1
# Copyright (C) 2010-2025
# Manuel Lopez-Ibanez     <manuel.lopez-ibanez@manchester.ac.uk>
# Jeremie Dubois-Lacoste
# Leslie Perez Caceres    <leslie.perez.caceres@ulb.ac.be>
#
# This is free software, and you are welcome to redistribute it under certain
# conditions.  See the GNU General Public License for details. There is NO
# WARRANTY; not even for MERCHANTABILITY or FITNESS FOR A PARTICULAR PURPOSE.
#
# irace builds upon previous code from the race package:
#     race: Racing methods for the selection of the best
#     Copyright (C) 2003 Mauro Birattari
#------------------------------------------------------------------------------
# installed at: /home/pestobar/R/x86_64-redhat-linux-gnu-library/4.5/irace
# called with: --only-test configurations.txt --scenario scenario.txt
# 2025-12-18 23:44:52 -03: Checking scenario.
# 2025-12-18 23:44:52 -03: Reading parameter file '/home/pestobar/Activities/irace-test-executions/PSO-X/Scenarios/Elites-3/Runs/Elites-3_seed_1500311/parameters.txt'.
# 2025-12-18 23:44:52 -03: 2 expression(s) specifying forbidden configurations read.
## irace scenario:
scenarioFile = "/home/pestobar/Activities/irace-test-executions/PSO-X/Scenarios/Elites-3/Runs/Elites-3_seed_1500311/scenario.txt"
execDir = "/home/pestobar/Activities/irace-test-executions/PSO-X/Scenarios/Elites-3/Runs/Elites-3_seed_1500311/Results"
parameterFile = "/home/pestobar/Activities/irace-test-executions/PSO-X/Scenarios/Elites-3/Runs/Elites-3_seed_1500311/parameters.txt"
parameters = <environment>
initConfigurations = NULL
configurationsFile = ""
logFile = "/home/pestobar/Activities/irace-test-executions/PSO-X/Scenarios/Elites-3/Runs/Elites-3_seed_1500311/Results/irace.Rdata"
recoveryFile = ""
instances = c("--competition 3 --problem 0 --dimensions 30", "--competition 3 --problem 1 --dimensions 30", "--competition 3 --problem 2 --dimensions 30", "--competition 3 --problem 3 --dimensions 30", "--competition 3 --problem 4 --dimensions 30", "--competition 3 --problem 5 --dimensions 30", "--competition 3 --problem 6 --dimensions 30", "--competition 3 --problem 7 --dimensions 30", "--competition 3 --problem 8 --dimensions 30", "--competition 3 --problem 9 --dimensions 30", "--competition 3 --problem 10 --dimensions 30", "--competition 3 --problem 11 --dimensions 30", "--competition 3 --problem 12 --dimensions 30", "--competition 3 --problem 13 --dimensions 30", "--competition 3 --problem 14 --dimensions 30", "--competition 3 --problem 15 --dimensions 30", "--competition 3 --problem 16 --dimensions 30", "--competition 3 --problem 17 --dimensions 30", "--competition 3 --problem 18 --dimensions 30", "--competition 3 --problem 19 --dimensions 30", "--competition 3 --problem 20 --dimensions 30", "--competition 3 --problem 21 --dimensions 30", "--competition 3 --problem 22 --dimensions 30", "--competition 3 --problem 23 --dimensions 30", "--competition 3 --problem 24 --dimensions 30", "--competition 3 --problem 25 --dimensions 30", "--competition 3 --problem 26 --dimensions 30", "--competition 3 --problem 27 --dimensions 30", "--competition 3 --problem 28 --dimensions 30", "--competition 3 --problem 29 --dimensions 30", "--competition 3 --problem 30 --dimensions 30", "--competition 3 --problem 31 --dimensions 30", "--competition 3 --problem 32 --dimensions 30", "--competition 3 --problem 33 --dimensions 30", "--competition 3 --problem 34 --dimensions 30", "--competition 3 --problem 35 --dimensions 30", "--competition 3 --problem 36 --dimensions 30", "--competition 3 --problem 37 --dimensions 30", "--competition 3 --problem 38 --dimensions 30", "--competition 3 --problem 39 --dimensions 30", "--competition 3 --problem 40 --dimensions 30", "--competition 3 --problem 41 --dimensions 30", "--competition 3 --problem 42 --dimensions 30", "--competition 3 --problem 43 --dimensions 30", "--competition 3 --problem 44 --dimensions 30", "--competition 3 --problem 45 --dimensions 30", "--competition 3 --problem 46 --dimensions 30", "--competition 3 --problem 47 --dimensions 30", "--competition 3 --problem 48 --dimensions 30", "--competition 3 --problem 49 --dimensions 30")
trainInstancesDir = ""
trainInstancesFile = "/home/pestobar/Activities/irace-test-executions/PSO-X/Instances/train_MIXTURE.txt"
sampleInstances = TRUE
testInstancesDir = ""
testInstancesFile = "/home/pestobar/Activities/irace-test-executions/PSO-X/TestingInstances/test_MIXTURE.txt"
testInstances = c("1t" = "--competition 3 --problem 0 --dimensions 50", "2t" = "--competition 3 --problem 1 --dimensions 50", "3t" = "--competition 3 --problem 2 --dimensions 50", "4t" = "--competition 3 --problem 3 --dimensions 50", "5t" = "--competition 3 --problem 4 --dimensions 50", "6t" = "--competition 3 --problem 5 --dimensions 50", "7t" = "--competition 3 --problem 6 --dimensions 50", "8t" = "--competition 3 --problem 7 --dimensions 50", "9t" = "--competition 3 --problem 8 --dimensions 50", "10t" = "--competition 3 --problem 9 --dimensions 50", "11t" = "--competition 3 --problem 10 --dimensions 50", "12t" = "--competition 3 --problem 11 --dimensions 50", "13t" = "--competition 3 --problem 12 --dimensions 50", "14t" = "--competition 3 --problem 13 --dimensions 50", "15t" = "--competition 3 --problem 14 --dimensions 50", "16t" = "--competition 3 --problem 15 --dimensions 50", "17t" = "--competition 3 --problem 16 --dimensions 50", "18t" = "--competition 3 --problem 17 --dimensions 50", "19t" = "--competition 3 --problem 18 --dimensions 50", "20t" = "--competition 3 --problem 19 --dimensions 50", "21t" = "--competition 3 --problem 20 --dimensions 50", "22t" = "--competition 3 --problem 21 --dimensions 50", "23t" = "--competition 3 --problem 22 --dimensions 50", "24t" = "--competition 3 --problem 23 --dimensions 50", "25t" = "--competition 3 --problem 24 --dimensions 50", "26t" = "--competition 3 --problem 25 --dimensions 50", "27t" = "--competition 3 --problem 26 --dimensions 50", "28t" = "--competition 3 --problem 27 --dimensions 50", "29t" = "--competition 3 --problem 28 --dimensions 50", "30t" = "--competition 3 --problem 29 --dimensions 50", "31t" = "--competition 3 --problem 30 --dimensions 50", "32t" = "--competition 3 --problem 31 --dimensions 50", "33t" = "--competition 3 --problem 32 --dimensions 50", "34t" = "--competition 3 --problem 33 --dimensions 50", "35t" = "--competition 3 --problem 34 --dimensions 50", "36t" = "--competition 3 --problem 35 --dimensions 50", "37t" = "--competition 3 --problem 36 --dimensions 50", "38t" = "--competition 3 --problem 37 --dimensions 50", "39t" = "--competition 3 --problem 38 --dimensions 50", "40t" = "--competition 3 --problem 39 --dimensions 50", "41t" = "--competition 3 --problem 40 --dimensions 50", "42t" = "--competition 3 --problem 41 --dimensions 50", "43t" = "--competition 3 --problem 42 --dimensions 50", "44t" = "--competition 3 --problem 43 --dimensions 50", "45t" = "--competition 3 --problem 44 --dimensions 50", "46t" = "--competition 3 --problem 45 --dimensions 50", "47t" = "--competition 3 --problem 46 --dimensions 50", "48t" = "--competition 3 --problem 47 --dimensions 50", "49t" = "--competition 3 --problem 48 --dimensions 50", "50t" = "--competition 3 --problem 49 --dimensions 50")
testNbElites = 1L
testIterationElites = FALSE
testType = "friedman"
firstTest = 5L
blockSize = 1L
eachTest = 1L
targetRunner = "/home/pestobar/Activities/irace-test-executions/PSO-X/Scenarios/Elites-3/Runs/Elites-3_seed_1500311/target-runner"
targetRunnerLauncher = ""
targetCmdline = "{configurationID} {instanceID} {seed} {instance} {bound} {targetRunnerArgs}"
targetRunnerRetries = 0L
targetRunnerTimeout = 0L
targetRunnerData = ""
targetRunnerParallel = NULL
targetEvaluator = NULL
deterministic = FALSE
maxExperiments = 5500L
minExperiments = NA_character_
maxTime = 0L
budgetEstimation = 0.05
minMeasurableTime = 0.01
parallel = 10L
loadBalancing = TRUE
mpi = FALSE
batchmode = "0"
quiet = FALSE
debugLevel = 0L
seed = 1500311L
softRestart = TRUE
softRestartThreshold = 1e-04
elitist = TRUE
elitistNewInstances = 1L
elitistLimit = 2L
repairConfiguration = NULL
capping = FALSE
cappingAfterFirstTest = FALSE
cappingType = "median"
boundType = "candidate"
boundMax = NULL
boundDigits = 0L
boundPar = 1L
boundAsTimeout = TRUE
postselection = TRUE
aclib = FALSE
nbIterations = 0L
nbExperimentsPerIteration = 0L
minNbSurvival = 0L
nbConfigurations = 0L
mu = 5L
confidence = 0.95
## end of irace scenario
# 2025-12-18 23:44:52 -03: Read 80 configuration(s) from file 'configurations.txt'
# 2025-12-18 23:44:52 -03: Testing configurations (in the order given as input): 
   particles topology modInfluence branching tSchedule phi1 phi2 inertia
1         21        4            0        NA        NA 1.89 2.36    0.38
2        134        4            0        NA        NA 2.09 2.30    0.53
3          9        1            0        NA        NA 1.54 2.48    0.26
4        142        4            0        NA        NA 1.27 2.48    0.50
5         67        4            0        NA        NA 1.58 2.49    0.41
6         66        1            1        NA        NA 2.05 1.48    0.59
7         90        4            0        NA        NA 1.94 2.40    0.65
8        162        4            2        NA        NA 0.44 2.37    0.81
9         85        4            0        NA        NA 2.15 2.28    0.55
10        45        4            0        NA        NA 1.79 2.42    0.50
11        82        4            0        NA        NA 1.24 2.44    0.35
12       106        4            0        NA        NA 1.91 2.36    0.46
13        77        4            0        NA        NA 1.28 2.47    0.42
14        57        4            0        NA        NA 0.59 2.22    0.56
15        20        0            1        NA        NA 2.46 2.08    0.31
16       108        4            0        NA        NA 2.14 2.28    0.67
17       142        4            0        NA        NA 2.03 2.45    0.37
18       101        4            0        NA        NA 2.28 2.16    0.50
19         6        5            0        NA         6 2.43 2.33    0.21
20        18        0            1        NA        NA 1.86 2.30    0.24
21       149        4            0        NA        NA 1.24 2.43    0.40
22        77        4            0        NA        NA 2.05 2.34    0.44
23        20        0            1        NA        NA 1.84 2.22    0.29
24       144        4            0        NA        NA 1.96 2.47    0.60
25        93        4            0        NA        NA 1.42 2.44    0.49
26        50        1            1        NA        NA 2.16 1.78    0.58
27        67        4            0        NA        NA 2.44 2.38    0.56
28        75        4            0        NA        NA 1.87 2.34    0.55
29       165        4            0        NA        NA 2.45 2.44    0.37
30        68        4            0        NA        NA 1.89 2.34    0.69
31        92        4            0        NA        NA 1.30 2.43    0.41
32        16        4            0        NA        NA 1.09 2.06    0.33
33        80        4            0        NA        NA 1.65 2.50    0.27
34        11        4            0        NA        NA 1.41 2.38    0.48
35        37        1            1        NA        NA 2.40 1.94    0.24
36       134        4            0        NA        NA 2.01 2.42    0.53
37       102        4            0        NA        NA 2.17 2.48    0.43
38       110        4            0        NA        NA 2.13 2.41    0.56
39       179        5            0        NA         6 0.86 2.44    0.29
40        21        0            1        NA        NA 2.25 2.32    0.22
41        38        4            0        NA        NA 2.21 1.60    0.53
42       150        4            0        NA        NA 1.95 2.33    0.58
43         4        4            2        NA        NA 1.77 2.47    0.41
44       105        4            0        NA        NA 0.43 2.38    0.25
45        75        4            0        NA        NA 2.17 2.11    0.61
46       115        1            1        NA        NA 2.36 2.43    0.66
47       115        4            0        NA        NA 2.26 2.13    0.74
48        83        4            0        NA        NA 2.38 2.39    0.11
49        38        4            0        NA        NA 2.46 1.83    0.67
50        83        4            0        NA        NA 1.42 2.41    0.70
51        79        4            0        NA        NA 1.02 2.39    0.45
52        83        4            0        NA        NA 2.35 2.47    0.44
53        25        1            0        NA        NA 1.69 2.28    0.33
54        89        4            2        NA        NA 2.41 2.46    0.72
55        25        1            2        NA        NA 2.11 2.38    0.30
56       103        4            0        NA        NA 0.96 2.24    0.45
57        84        4            0        NA        NA 2.11 2.48    0.32
58       103        4            0        NA        NA 0.50 2.49    0.48
59        28        0            0        NA        NA 1.99 1.81    0.13
60        22        1            1        NA        NA 2.31 2.37    0.25
61        48        1            0        NA        NA 1.53 2.12    0.18
62        85        4            0        NA        NA 2.11 2.33    0.54
63       104        4            0        NA        NA 2.27 2.39    0.41
64       107        4            0        NA        NA 0.30 2.33    0.20
65       129        4            0        NA        NA 1.28 2.45    0.40
66        68        1            2        NA        NA 0.38 2.48    0.53
67        62        1            0        NA        NA 1.72 2.22    0.69
68        69        4            2        NA        NA 0.21 2.15    0.81
69        98        0            0        NA        NA 1.95 2.00    0.67
70       117        4            0        NA        NA 1.52 2.26    0.52
71        68        4            0        NA        NA 0.99 2.49    0.28
72        34        4            0        NA        NA 2.31 2.40    0.33
73       107        4            0        NA        NA 2.02 2.32    0.19
74       163        4            2        NA        NA 1.30 2.44    0.68
75        84        4            0        NA        NA 1.29 2.49    0.24
76        90        4            0        NA        NA 1.66 2.30    0.57
77        84        4            0        NA        NA 0.78 2.24    0.29
78       135        4            0        NA        NA 1.32 2.29    0.57
79       102        0            0        NA        NA 1.96 2.40    0.23
80       200        4            2        NA        NA 2.48 2.31    0.64
# 2025-12-19 02:02:15 -03: Testing results (column number is configuration ID in no particular order):
         seeds            1            2            3            4            5
1t  1578271301 8.920628e-01 1.501429e+00 8.784112e-01 1.501240e+00 1.131745e+00
2t   434316000 4.253164e+06 2.466558e+07 3.700204e+06 1.449529e+07 9.817546e+06
3t  1391299330 1.457958e+06 2.509504e+06 1.347999e+06 1.978382e+06 1.743292e+06
4t  1872746479 7.694088e+04 1.288930e+05 7.694863e+04 1.327526e+05 1.112526e+05
5t   874519941 2.155951e+01 1.040028e+01 2.188187e+01 1.457195e+01 3.662044e+01
6t  1813395732 5.255104e+00 6.806633e+02 3.422537e+00 6.605601e+02 5.553096e+01
7t  1445576295 5.400988e+03 3.872497e+03 1.644314e+04 3.287002e+03 4.697116e+03
8t   672329228 5.722357e+00 6.629666e+00 5.178166e+00 6.955031e+00 5.627723e+00
9t  1158483214 3.011896e+02 2.605220e+02 3.640447e+02 2.376209e+02 2.780755e+02
10t  377569992 2.671419e+01 2.963730e+01 2.382179e+01 3.220614e+01 2.756397e+01
11t  557515019 2.979264e+02 2.272428e+02 3.006941e+02 2.260687e+02 2.537596e+02
12t 1266800102 1.214043e+04 3.465504e+03 6.153844e+03 2.828386e+02 1.071719e+04
13t  771538841 1.988990e+01 1.518160e+00 2.011632e+01 1.679058e+00 1.382246e+00
14t 1849114247 2.096771e+01 2.115645e+01 2.087856e+01 2.111649e+01 2.102447e+01
15t 1677991048 1.250286e+02 2.210110e+02 1.274278e+02 3.053877e+02 1.770479e+02
16t 1627656909 4.709517e+01 4.909018e+01 4.739165e+01 4.935352e+01 4.873409e+01
17t  589005786 1.240442e-01 1.066552e+00 1.259875e-01 6.509271e-01 1.087070e-01
18t 1990751555 8.645884e-01 9.712343e-01 7.599743e-01 9.860438e-01 9.373310e-01
19t  281412859 6.182541e+02 4.169632e+02 7.168350e+02 3.862954e+02 4.576086e+02
20t 1650499878 4.375883e+02 2.770289e+02 5.430008e+02 2.686725e+02 3.244593e+02
21t  841449148 2.802692e+04 2.706557e+04 2.819133e+04 2.624801e+04 2.799544e+04
22t  533554979 2.932339e+04 2.790493e+04 3.054151e+04 2.802386e+04 2.660335e+04
23t  996234294 5.692400e+01 4.839012e+01 6.577673e+01 4.836972e+01 5.541474e+01
24t 1535661281 8.851943e-01 6.991817e-01 6.038498e-01 9.123088e-01 1.008490e+00
25t 1190037096 8.702528e-01 4.815433e-01 7.272219e-01 5.501100e-01 5.232426e-01
26t 1204451083 3.440723e-01 3.461503e-01 3.937408e-01 3.009924e-01 2.437687e-01
27t 1963202045 1.100676e+02 6.941338e+01 1.175912e+02 7.984416e+01 9.561245e+01
28t 1279183286 2.359068e+02 2.082818e+02 2.217413e+02 2.587691e+02 2.113791e+02
29t 1778421447 4.085953e+02 2.701827e+02 4.039851e+02 3.017727e+02 3.105433e+02
30t 1342309723 1.126346e+01 1.157471e+01 1.676426e+01 1.016001e+01 9.396174e+00
31t  755777554 2.937303e+02 1.564609e+02 2.008720e+02 1.662707e+02 2.101706e+02
32t 1988354159 1.091223e+03 3.046625e+02 6.552104e+02 5.707212e+02 3.013845e+02
33t 1326841100 1.016698e+02 1.165341e+02 1.759375e+02 1.068784e+02 1.000674e+02
34t  817195105 2.937141e+01 2.406019e+01 3.192833e+01 2.596074e+01 2.780924e+01
35t  726458999 1.282443e+04 1.259792e+04 1.382181e+04 1.262601e+04 1.253590e+04
36t  114991045 1.851528e+05 2.067822e+05 2.005710e+05 1.429035e+05 1.709591e+05
37t 1008329929 5.869915e+01 6.019845e+01 5.432641e+01 5.881280e+01 5.696529e+01
38t  373018535 2.179826e+05 1.684814e+05 5.959150e+05 2.354950e+05 1.897223e+05
39t  284381271 5.441939e+00 5.729110e+00 6.887444e+00 5.595839e+00 4.861239e+00
40t 1921432908 5.587008e+01 2.789329e+01 5.147922e+01 3.837383e+01 6.108879e+01
41t  185130686 4.477093e+02 4.496776e+02 4.470394e+02 4.504868e+02 4.483700e+02
42t 2058604217 4.275736e+02 3.153702e+02 4.572581e+02 2.874115e+02 3.266173e+02
43t  879634935 4.311542e+02 3.478508e+02 4.314822e+02 3.098911e+02 4.148398e+02
44t  203774483 9.434368e+02 9.239067e+02 9.355574e+02 9.321557e+02 9.219774e+02
45t 1869452343 9.363226e+02 9.311876e+02 9.989400e+02 9.338114e+02 9.783882e+02
46t 1684096834 9.480249e+02 9.321594e+02 1.003479e+03 9.309255e+02 9.319476e+02
47t 1074850016 1.033854e+03 9.112903e+02 1.196761e+03 1.022358e+03 8.986013e+02
48t  127369979 9.938296e+02 9.433509e+02 1.087556e+03 9.661806e+02 1.001989e+03
49t  816122276 5.545991e+02 1.023189e+03 9.079977e+02 9.291773e+02 1.020302e+03
50t  524634801 1.135274e+03 8.934853e+02 1.159813e+03 9.049716e+02 9.072144e+02
               6            7            8            9           10
1t  1.386879e+00 2.104199e+00 3.444616e+00 1.388224e+00 1.127944e+00
2t  7.355630e+06 2.423975e+07 8.306946e+06 1.044323e+07 5.399859e+06
3t  2.007041e+06 2.571075e+06 5.583169e+06 2.377428e+06 1.628874e+06
4t  1.414884e+05 1.092086e+05 1.308325e+05 1.133576e+05 1.028192e+05
5t  5.984727e+01 6.430286e+00 1.733997e+01 1.791734e+01 2.953854e+01
6t  1.431168e+02 1.668349e+02 2.740074e+02 2.643795e+02 2.083726e+01
7t  8.833857e+03 3.922650e+03 1.758192e+03 3.833915e+03 4.197059e+03
8t  6.565497e+00 8.003970e+00 9.970087e+00 6.529717e+00 6.228595e+00
9t  3.740662e+02 2.212715e+02 7.490796e+01 2.616903e+02 2.632194e+02
10t 2.843083e+01 3.346044e+01 3.815238e+01 3.054383e+01 2.938251e+01
11t 3.437501e+02 2.298966e+02 5.715554e+01 2.584271e+02 2.491231e+02
12t 2.577669e+04 2.330182e+02 1.989992e+03 2.267510e+02 2.228367e+02
13t 2.052021e+01 1.810675e+00 2.341875e+00 1.577387e+00 1.533133e+00
14t 2.120870e+01 2.110544e+01 2.119314e+01 2.117077e+01 2.093677e+01
15t 2.089289e+02 2.286992e+02 3.957763e+02 2.338463e+02 1.817165e+02
16t 4.905437e+01 5.292948e+01 4.927030e+01 4.914381e+01 4.722111e+01
17t 5.135971e+02 2.293084e-01 1.067028e-01 2.429371e-01 2.083116e-01
18t 9.480923e-01 1.018512e+00 1.048529e+00 9.768843e-01 9.443907e-01
19t 1.468406e+03 4.058664e+02 4.199479e+02 4.542421e+02 4.122585e+02
20t 6.591414e+02 2.614093e+02 2.419700e+02 3.140574e+02 2.638155e+02
21t 3.513023e+04 2.762818e+04 3.012850e+04 2.812672e+04 2.783997e+04
22t 3.541025e+04 2.824574e+04 3.374539e+04 2.927858e+04 2.973909e+04
23t 6.614122e+01 3.576702e+01 4.169308e+01 4.444962e+01 4.482084e+01
24t 2.871633e+00 7.415723e-01 3.595298e+00 6.247271e-01 8.996693e-01
25t 6.102005e-01 5.511807e-01 4.289195e-01 6.372671e-01 7.141630e-01
26t 2.787546e-01 3.172051e-01 2.944415e-01 3.196050e-01 3.140160e-01
27t 5.211013e+01 8.368365e+01 5.253431e+01 9.435297e+01 1.077384e+02
28t 1.756016e+02 2.177105e+02 3.170869e+02 2.437753e+02 2.339695e+02
29t 4.564160e+02 2.770897e+02 2.833768e+02 2.876983e+02 3.136702e+02
30t 1.506026e+01 1.263662e+01 1.546568e+01 1.174233e+01 1.120328e+01
31t 1.081252e+02 1.844151e+02 4.675488e+01 1.475856e+02 1.923741e+02
32t 3.549030e+02 3.238888e+02 3.777598e+02 3.326895e+02 4.598821e+03
33t 1.442412e+02 9.313887e+01 1.052698e+02 1.057101e+02 1.230541e+02
34t 3.149442e+01 2.993041e+01 3.365778e+01 2.893842e+01 2.690294e+01
35t 1.388793e+04 1.260484e+04 1.247409e+04 1.275905e+04 1.276412e+04
36t 1.728615e+05 2.896668e+05 2.768575e+05 2.567729e+05 2.059820e+05
37t 6.719600e+01 6.243495e+01 6.115599e+01 6.144089e+01 5.777853e+01
38t 1.653614e+05 3.326975e+05 2.378639e+05 2.534210e+05 2.588623e+05
39t 5.427253e+00 5.989740e+00 6.253160e+00 5.631287e+00 5.492358e+00
40t 8.559815e+02 2.268169e+01 2.381483e+01 6.426936e+01 4.628965e+01
41t 4.482449e+02 4.516288e+02 4.575542e+02 4.487126e+02 4.495312e+02
42t 3.592917e+02 3.190881e+02 2.793661e+02 2.961729e+02 3.720345e+02
43t 4.077803e+02 3.434482e+02 2.808777e+02 3.703443e+02 4.295844e+02
44t 9.517304e+02 9.241741e+02 9.312561e+02 9.389396e+02 9.305858e+02
45t 9.403209e+02 9.214812e+02 9.329398e+02 9.266518e+02 9.312501e+02
46t 9.369632e+02 9.293043e+02 9.278257e+02 9.224665e+02 9.350565e+02
47t 5.399880e+02 1.020572e+03 6.085722e+02 1.025239e+03 1.025641e+03
48t 1.190940e+03 9.352853e+02 9.242780e+02 9.750869e+02 9.763652e+02
49t 9.294491e+02 1.019461e+03 6.146754e+02 1.021814e+03 1.021201e+03
50t 1.225284e+03 8.955083e+02 4.335018e+02 8.897105e+02 9.220591e+02
              11           12           13           14           15
1t  1.123549e+00 1.227494e+00 1.127111e+00 2.137508e+00 5.301757e-01
2t  1.609018e+07 1.936803e+07 9.608259e+06 6.440650e+06 3.238303e+06
3t  1.612600e+06 1.739167e+06 1.830248e+06 3.426239e+06 9.429102e+05
4t  1.182601e+05 1.546182e+05 1.104677e+05 9.218529e+04 1.631628e+05
5t  3.746022e+01 3.583099e+01 4.165161e+01 2.543890e+01 4.334705e+01
6t  9.620181e+01 2.250239e+02 7.501545e+01 5.705692e+01 4.629028e+00
7t  4.326619e+03 3.491337e+03 5.765715e+03 2.595372e+03 1.763757e+04
8t  6.023855e+00 6.188140e+00 6.186440e+00 7.975265e+00 4.434821e+00
9t  2.682699e+02 2.569663e+02 2.407348e+02 2.409037e+02 3.188978e+02
10t 2.671645e+01 2.831188e+01 2.909534e+01 3.356243e+01 1.927843e+01
11t 2.971111e+02 2.717945e+02 2.651046e+02 2.498894e+02 3.480191e+02
12t 9.738862e+03 6.599486e+03 7.278275e+03 7.726104e+02 1.389144e+04
13t 1.372262e+00 1.479825e+00 1.542099e+00 1.952514e+00 1.999246e+01
14t 2.103944e+01 2.108959e+01 2.106193e+01 2.108932e+01 2.103671e+01
15t 4.320604e+02 5.224407e+03 9.531592e+02 7.322931e+03 1.111964e+02
16t 5.922773e+01 4.908464e+01 4.929272e+01 4.878074e+01 4.904632e+01
17t 1.344737e+00 1.086208e-01 5.551790e-02 7.421041e-02 1.422349e+02
18t 9.518220e-01 9.444706e-01 9.426170e-01 1.022453e+00 6.700775e-01
19t 4.921028e+02 4.359444e+02 4.473706e+02 4.161017e+02 5.082592e+03
20t 3.128762e+02 3.207258e+02 3.194836e+02 2.693740e+02 9.202565e+02
21t 2.837456e+04 2.963745e+04 2.791871e+04 2.761976e+04 3.733698e+04
22t 2.931830e+04 2.902563e+04 2.876213e+04 2.868679e+04 3.841304e+04
23t 5.173438e+01 4.982578e+01 4.906067e+01 5.486285e+01 8.628660e+01
24t 4.952477e-01 5.821396e-01 8.680426e-01 7.580471e-01 5.522547e+00
25t 8.120689e-01 6.556124e-01 5.186607e-01 6.851497e-01 6.204917e-01
26t 3.689992e-01 3.578877e-01 3.447830e-01 7.265251e-01 2.743772e-01
27t 6.940701e+01 8.435229e+01 7.626943e+01 9.453901e+01 6.616282e+01
28t 2.048082e+02 2.183145e+02 2.329955e+02 2.861118e+02 1.243780e+02
29t 3.277771e+02 3.357822e+02 2.841906e+02 3.008173e+02 4.557179e+02
30t 1.073889e+01 1.130747e+01 1.147801e+01 1.364734e+01 8.120860e+00
31t 1.609166e+02 1.530963e+02 1.653058e+02 2.014819e+02 1.152287e+02
32t 4.217930e+02 3.655292e+02 5.363099e+02 5.284079e+02 4.778161e+02
33t 1.059178e+02 1.077302e+02 1.140624e+02 1.009386e+02 1.791717e+02
34t 2.636864e+01 2.947190e+01 2.645368e+01 2.888313e+01 3.592562e+01
35t 1.271007e+04 1.268634e+04 1.284630e+04 1.242850e+04 1.830344e+04
36t 1.812260e+05 1.765333e+05 1.695445e+05 2.301243e+05 1.233699e+05
37t 5.705929e+01 5.974260e+01 5.800063e+01 5.924590e+01 5.396989e+01
38t 2.173715e+05 2.036716e+05 2.373254e+05 3.694434e+05 1.719605e+05
39t 5.215825e+00 5.609644e+00 5.758263e+00 6.071653e+00 4.751293e+00
40t 1.001200e+02 4.471010e+01 6.287837e+01 2.066151e+01 7.491585e+02
41t 4.484868e+02 4.486232e+02 4.460147e+02 4.518355e+02 4.432885e+02
42t 3.383505e+02 3.065547e+02 2.906630e+02 2.599803e+02 4.261091e+02
43t 3.587995e+02 3.937044e+02 3.401376e+02 3.009131e+02 5.718987e+02
44t 9.325638e+02 9.251131e+02 9.236190e+02 9.351745e+02 9.255059e+02
45t 9.368323e+02 9.278578e+02 9.309449e+02 9.340232e+02 9.261778e+02
46t 9.896876e+02 9.336853e+02 9.374408e+02 9.265209e+02 9.221778e+02
47t 9.028444e+02 5.437099e+02 1.029210e+03 9.253555e+02 1.229456e+03
48t 1.018137e+03 9.913621e+02 9.951262e+02 9.807287e+02 1.316648e+03
49t 1.023625e+03 1.019980e+03 5.635874e+02 1.022476e+03 1.257951e+03
50t 9.589787e+02 9.210291e+02 9.026532e+02 9.195967e+02 1.316459e+03
              16           17           18           19           20
1t  2.025257e+00 1.157433e+00 1.267529e+00 7.242847e-01 6.783173e-01
2t  1.557017e+07 1.797044e+07 1.358130e+07 4.601789e+06 3.405740e+06
3t  3.863401e+06 1.841375e+06 2.232620e+06 1.083026e+06 8.679861e+05
4t  1.181479e+05 1.418304e+05 1.374581e+05 7.681601e+04 2.032970e+05
5t  7.923229e+00 5.090247e+01 1.374444e+01 1.850453e+01 4.175495e+01
6t  3.479634e+02 8.741762e+02 3.201380e+02 3.160821e+00 3.611010e+00
7t  2.924972e+03 3.426322e+03 4.109720e+03 4.672012e+03 2.123179e+04
8t  7.926593e+00 5.385535e+00 6.349589e+00 1.697836e+02 4.098825e+00
9t  2.290224e+02 2.895201e+02 2.811796e+02 3.635231e+02 4.460729e+02
10t 3.455044e+01 2.767927e+01 2.732966e+01 2.331776e+01 2.002828e+01
11t 1.671694e+02 2.749625e+02 2.891835e+02 3.591368e+02 3.088586e+02
12t 2.817839e+02 7.802330e+02 2.950167e+02 3.576193e+03 1.215187e+04
13t 1.984899e+00 1.340341e+00 1.518203e+00 2.023643e+01 1.994634e+01
14t 2.113176e+01 2.103221e+01 2.113888e+01 2.090413e+01 2.062470e+01
15t 3.635029e+02 2.070724e+03 2.103089e+02 1.209703e+02 1.029091e+02
16t 5.353613e+01 5.083228e+01 4.918713e+01 4.674531e+01 4.883780e+01
17t 1.083533e+00 1.192416e+00 9.506000e-02 6.115052e-02 2.464917e+02
18t 1.036198e+00 9.249447e-01 9.441729e-01 8.053701e-01 5.759274e-01
19t 4.084579e+02 5.052966e+02 4.188613e+02 7.123695e+02 5.664825e+03
20t 2.244329e+02 2.689425e+02 2.132318e+02 7.020552e+02 5.059235e+02
21t 2.682230e+04 2.755149e+04 2.730894e+04 2.954833e+04 3.579361e+04
22t 2.863783e+04 2.862020e+04 2.917828e+04 3.018925e+04 3.781592e+04
23t 3.819787e+01 5.495431e+01 5.102164e+01 7.509998e+01 8.644006e+01
24t 7.932671e-01 6.499138e-01 9.214527e-01 1.042111e+00 5.694648e+00
25t 5.477438e-01 7.079080e-01 7.125570e-01 9.028773e-01 6.210477e-01
26t 3.259244e-01 3.514908e-01 3.542192e-01 3.129938e-01 2.822133e-01
27t 9.247114e+01 6.290481e+01 7.141118e+01 1.037991e+02 6.681097e+01
28t 2.575162e+02 1.917475e+02 2.517405e+02 2.213252e+02 1.391003e+02
29t 2.910177e+02 2.929191e+02 2.673541e+02 4.815414e+02 4.625791e+02
30t 1.229660e+01 1.380492e+01 1.061259e+01 1.275473e+01 5.745223e+00
31t 1.560153e+02 1.749215e+02 1.571270e+02 2.587400e+02 1.309687e+02
32t 3.934121e+02 5.290443e+02 4.114464e+02 1.019925e+03 3.686528e+02
33t 1.034652e+02 1.104929e+02 9.978641e+01 1.844431e+02 1.708207e+02
34t 2.973036e+01 2.429348e+01 2.474870e+01 3.582268e+01 3.383895e+01
35t 1.259427e+04 1.260840e+04 1.250179e+04 1.345129e+04 1.863845e+04
36t 2.206075e+05 1.644997e+05 1.648344e+05 2.656231e+05 1.054849e+05
37t 6.160967e+01 5.718367e+01 6.023250e+01 6.900713e+01 5.396356e+01
38t 2.412132e+05 1.940256e+05 2.866684e+05 2.066471e+05 2.320827e+05
39t 6.046811e+00 5.103169e+00 6.388244e+00 6.413894e+00 5.104062e+00
40t 2.980880e+01 9.696908e+01 4.881356e+01 6.567028e+01 7.164007e+02
41t 4.528800e+02 3.933527e+02 4.492450e+02 7.686133e+02 4.420940e+02
42t 2.832045e+02 3.338859e+02 2.888206e+02 4.269622e+02 4.260831e+02
43t 3.324534e+02 4.222861e+02 3.838267e+02 5.523127e+02 6.165262e+02
44t 9.313466e+02 9.309729e+02 9.297819e+02 9.364815e+02 9.196010e+02
45t 9.231149e+02 9.352168e+02 9.280891e+02 9.380352e+02 9.246769e+02
46t 9.223440e+02 9.229587e+02 9.303046e+02 9.518148e+02 9.239854e+02
47t 1.020108e+03 1.020072e+03 1.027515e+03 1.192666e+03 1.202187e+03
48t 9.224217e+02 9.373074e+02 9.459897e+02 1.077578e+03 1.358923e+03
49t 1.019661e+03 1.023455e+03 5.666876e+02 1.054220e+03 1.274036e+03
50t 8.846790e+02 1.008019e+03 9.380171e+02 1.210289e+03 1.369191e+03
              21           22           23           24           25
1t  1.534379e+00 1.098927e+00 6.821547e-01 1.734071e+00 1.537065e+00
2t  1.875619e+07 1.299689e+07 3.354059e+06 2.981069e+07 2.039918e+07
3t  2.068875e+06 1.812724e+06 8.328752e+05 3.045721e+06 2.073663e+06
4t  1.461435e+05 1.376822e+05 1.574001e+05 1.373757e+05 1.317592e+05
5t  1.960901e+01 4.960573e+01 4.294972e+01 8.230173e+00 2.929611e+01
6t  5.387077e+02 1.000680e+02 4.522347e+00 6.812324e+02 1.494741e+02
7t  4.019370e+03 4.235461e+03 1.915784e+04 3.399090e+03 3.875453e+03
8t  6.271710e+00 5.751703e+00 4.320039e+00 7.099864e+00 6.768368e+00
9t  2.864606e+02 2.802744e+02 3.202254e+02 2.669107e+02 2.863923e+02
10t 2.978645e+01 2.830940e+01 1.975874e+01 3.322459e+01 2.893106e+01
11t 2.489960e+02 2.762755e+02 3.273159e+02 2.579191e+02 2.378560e+02
12t 8.751729e+02 1.132759e+04 1.370148e+04 3.313475e+02 3.100071e+02
13t 1.573716e+00 1.306335e+00 1.998651e+01 1.871149e+00 1.563082e+00
14t 2.107145e+01 2.109767e+01 2.076322e+01 2.107723e+01 2.100867e+01
15t 4.830105e+02 5.222031e+03 1.065281e+02 3.418794e+02 1.878190e+02
16t 4.844404e+01 4.878421e+01 4.902239e+01 4.959257e+01 4.927240e+01
17t 1.035473e+00 5.284615e-01 2.408967e+02 2.226266e-01 1.337211e-01
18t 9.835780e-01 9.322955e-01 6.209985e-01 1.022461e+00 9.730720e-01
19t 4.606463e+02 4.798405e+02 5.891305e+03 4.128500e+02 4.583384e+02
20t 2.938232e+02 2.995647e+02 5.119095e+02 2.381552e+02 2.405476e+02
21t 2.808676e+04 2.814432e+04 3.783561e+04 2.661689e+04 2.775002e+04
22t 2.748216e+04 2.814460e+04 3.871336e+04 2.729921e+04 2.910693e+04
23t 5.439081e+01 4.611716e+01 8.936748e+01 4.608483e+01 4.794724e+01
24t 9.637972e-01 9.938029e-01 4.370827e+00 6.417213e-01 5.744165e-01
25t 4.689174e-01 4.873607e-01 6.258691e-01 4.167646e-01 5.196847e-01
26t 3.322432e-01 7.755108e-01 2.723071e-01 3.556073e-01 3.569411e-01
27t 8.374509e+01 6.906116e+01 6.738664e+01 2.266365e+01 6.809015e+01
28t 2.445583e+02 2.258630e+02 1.313577e+02 2.515497e+02 2.299782e+02
29t 3.036136e+02 3.704566e+02 4.625260e+02 2.863808e+02 3.034878e+02
30t 1.122849e+01 8.957459e+00 9.423064e+00 1.203345e+01 9.475218e+00
31t 1.641626e+02 1.868615e+02 1.285868e+02 1.458520e+02 1.531969e+02
32t 2.830385e+02 4.426503e+02 1.103726e+03 3.469323e+02 2.744488e+02
33t 1.012497e+02 1.271087e+02 1.792887e+02 9.337567e+01 1.081239e+02
34t 2.730827e+01 2.447135e+01 3.494284e+01 2.849912e+01 2.533879e+01
35t 1.242120e+04 1.265663e+04 1.871574e+04 1.261172e+04 1.253477e+04
36t 1.777893e+05 1.538113e+05 1.305342e+05 2.138736e+05 2.082652e+05
37t 5.878660e+01 6.026826e+01 6.674935e+01 6.171761e+01 5.838470e+01
38t 2.226342e+05 2.239141e+05 1.786247e+05 1.734678e+05 2.227660e+05
39t 5.515002e+00 5.193176e+00 4.309511e+00 6.313100e+00 5.589967e+00
40t 8.280873e+01 7.772175e+01 7.902363e+02 2.525929e+01 7.177468e+01
41t 4.489531e+02 4.482988e+02 4.424628e+02 4.511160e+02 4.496063e+02
42t 3.958246e+02 3.280146e+02 4.259614e+02 2.897582e+02 3.550237e+02
43t 4.161484e+02 3.891531e+02 5.624490e+02 3.778066e+02 3.570141e+02
44t 9.333912e+02 9.273238e+02 9.249240e+02 9.232154e+02 9.219823e+02
45t 9.359530e+02 9.319265e+02 9.250133e+02 9.228526e+02 9.302214e+02
46t 9.278242e+02 9.345627e+02 9.259317e+02 9.317412e+02 9.266157e+02
47t 5.404872e+02 5.421087e+02 1.240363e+03 9.221959e+02 5.480332e+02
48t 9.560949e+02 9.515940e+02 1.369359e+03 9.669917e+02 9.407815e+02
49t 1.030457e+03 5.575009e+02 1.267717e+03 1.019379e+03 1.020032e+03
50t 9.475392e+02 9.212451e+02 1.320223e+03 9.036763e+02 8.936752e+02
              26           27           28           29           30
1t  1.013384e+00 1.416246e+00 1.288896e+00 1.102597e+00 1.995264e+00
2t  5.442926e+06 1.087936e+07 2.437237e+07 2.193208e+07 2.797379e+07
3t  1.342595e+06 1.780491e+06 2.040810e+06 2.075087e+06 3.536738e+06
4t  1.338941e+05 1.256243e+05 1.117365e+05 1.415035e+05 1.132749e+05
5t  5.752412e+01 2.376373e+01 2.408789e+01 3.456480e+01 1.059944e+01
6t  8.088405e+01 1.527520e+02 1.460046e+02 3.851330e+02 1.536803e+02
7t  6.258895e+03 4.055593e+03 3.850726e+03 5.191212e+03 1.846145e+03
8t  5.947234e+00 6.557627e+00 6.169375e+00 5.490540e+00 8.002496e+00
9t  3.326628e+02 2.631907e+02 2.565172e+02 2.866456e+02 2.197888e+02
10t 2.591892e+01 3.064172e+01 3.116239e+01 2.708691e+01 3.454669e+01
11t 3.640745e+02 2.570231e+02 2.624249e+02 2.509750e+02 2.034503e+02
12t 2.354934e+04 1.953092e+02 7.304260e+02 1.034780e+04 2.648693e+02
13t 2.062553e+01 1.565754e+00 1.502404e+00 1.327189e+00 1.998494e+00
14t 2.120272e+01 2.115491e+01 2.112230e+01 2.106078e+01 2.115388e+01
15t 1.731123e+02 1.717859e+02 2.048286e+02 2.654331e+02 2.530010e+02
16t 4.928325e+01 4.900754e+01 1.021669e+02 1.013469e+02 4.865498e+01
17t 2.803464e+02 2.053611e-01 1.475712e-01 1.050371e+00 1.112755e-01
18t 9.329594e-01 9.759529e-01 9.064677e-01 9.781416e-01 1.004436e+00
19t 1.303384e+03 3.824001e+02 4.990637e+02 5.036475e+02 3.986295e+02
20t 6.611847e+02 2.480977e+02 2.280425e+02 3.255935e+02 1.902597e+02
21t 3.590246e+04 2.848995e+04 2.808172e+04 2.888560e+04 2.686576e+04
22t 3.421907e+04 2.770305e+04 2.783964e+04 2.817838e+04 2.894929e+04
23t 6.675477e+01 4.398746e+01 4.734994e+01 5.265324e+01 3.467689e+01
24t 3.717884e+00 4.140052e-01 8.526075e-01 9.971100e-01 8.791765e-01
25t 6.755671e-01 5.144186e-01 6.615513e-01 5.874201e-01 7.796516e-01
26t 2.908341e-01 3.279983e-01 3.366218e-01 3.845997e-01 3.033762e-01
27t 5.513476e+01 7.974375e+01 9.097825e+01 7.898687e+01 9.663974e+01
28t 1.591296e+02 2.316820e+02 1.878248e+02 2.141817e+02 2.966628e+02
29t 4.510692e+02 3.030604e+02 3.088821e+02 3.448369e+02 2.651845e+02
30t 1.378163e+01 1.193331e+01 1.065897e+01 1.229897e+01 1.314774e+01
31t 1.240923e+02 1.660262e+02 1.921945e+02 1.549020e+02 1.844963e+02
32t 4.059628e+02 3.314643e+02 4.828047e+02 3.273257e+02 3.843848e+02
33t 1.512222e+02 8.624356e+01 1.085666e+02 1.098795e+02 1.076211e+02
34t 3.008917e+01 2.187817e+01 2.990687e+01 2.468873e+01 3.063209e+01
35t 1.404314e+04 1.281877e+04 1.280029e+04 1.278094e+04 1.251550e+04
36t 1.577627e+05 2.067423e+05 2.110173e+05 1.815041e+05 2.432717e+05
37t 6.562739e+01 6.049551e+01 5.866099e+01 5.798297e+01 6.166508e+01
38t 1.697408e+05 2.500088e+05 2.615542e+05 1.695008e+05 2.981165e+05
39t 5.073691e+00 4.834878e+00 6.558551e+00 5.882684e+00 6.441913e+00
40t 6.882605e+02 5.016579e+01 3.829696e+01 5.995122e+01 2.422023e+01
41t 4.487737e+02 4.478575e+02 5.030964e+02 4.484199e+02 4.528231e+02
42t 3.512892e+02 2.964784e+02 3.007060e+02 2.890149e+02 2.674908e+02
43t 4.405022e+02 4.206321e+02 3.636235e+02 4.267350e+02 4.306893e+02
44t 9.496018e+02 9.247671e+02 9.259721e+02 9.274241e+02 9.331724e+02
45t 9.424417e+02 9.376120e+02 9.578346e+02 9.329854e+02 9.341905e+02
46t 9.446767e+02 9.328908e+02 9.367960e+02 9.378895e+02 9.300686e+02
47t 5.458746e+02 1.017417e+03 1.022341e+03 5.356668e+02 1.022295e+03
48t 1.136412e+03 9.822143e+02 9.536908e+02 9.391929e+02 9.679177e+02
49t 5.665126e+02 5.768369e+02 1.025159e+03 5.651228e+02 1.019276e+03
50t 1.226369e+03 9.121760e+02 9.137659e+02 9.465071e+02 8.811351e+02
              31           32           33           34           35
1t  1.179295e+00 1.009333e+00 1.043691e+00 1.182201e+00 6.961841e-01
2t  1.663459e+07 5.559668e+06 1.408089e+07 4.446585e+06 4.796615e+06
3t  1.834057e+06 1.486591e+06 1.707018e+06 1.610176e+06 1.119764e+06
4t  1.173378e+05 7.354266e+04 1.398840e+05 6.397911e+04 1.364518e+05
5t  4.622982e+01 2.028648e+01 3.763454e+01 6.048977e+00 5.795760e+01
6t  2.542276e+02 4.026489e+00 1.419740e+02 4.919637e+00 3.125525e+01
7t  3.781863e+03 4.766106e+03 5.171944e+03 5.622841e+03 5.931141e+03
8t  5.866251e+00 5.451318e+00 5.125547e+00 5.668633e+00 4.303980e+00
9t  2.772079e+02 3.218187e+02 2.924910e+02 3.464824e+02 3.775626e+02
10t 2.872881e+01 2.721774e+01 2.627215e+01 2.760385e+01 2.227067e+01
11t 2.794762e+02 2.966338e+02 2.793164e+02 3.118825e+02 3.677227e+02
12t 1.374975e+04 4.726711e+03 1.429415e+04 2.776108e+03 2.473754e+04
13t 1.414476e+00 1.998958e+01 1.353487e+00 2.038195e+01 2.057350e+01
14t 2.090316e+01 2.100317e+01 2.091275e+01 2.086448e+01 2.114350e+01
15t 1.889688e+02 1.617967e+02 1.088333e+03 1.693676e+02 1.287518e+02
16t 4.807322e+01 4.909083e+01 4.880589e+01 4.908276e+01 4.922584e+01
17t 1.837477e-01 1.291536e-01 5.214759e+00 1.465639e-01 6.207459e+02
18t 9.174687e-01 8.968617e-01 9.226975e-01 9.305936e-01 7.915798e-01
19t 4.652775e+02 6.256002e+02 5.080674e+02 7.234044e+02 2.012942e+03
20t 3.175484e+02 5.221823e+02 3.446968e+02 5.207671e+02 6.583256e+02
21t 2.852509e+04 2.799074e+04 2.868130e+04 2.830478e+04 3.530364e+04
22t 2.767472e+04 2.915607e+04 2.813163e+04 2.936778e+04 3.668030e+04
23t 5.096943e+01 6.190352e+01 5.101747e+01 6.567570e+01 7.296689e+01
24t 4.895761e-01 5.665379e-01 7.674650e-01 6.530476e-01 3.188959e+00
25t 6.934897e-01 7.599393e-01 7.225512e-01 7.624508e-01 6.193349e-01
26t 3.034713e-01 3.455787e-01 2.690130e-01 7.531085e-01 2.866766e-01
27t 8.031209e+01 1.087952e+02 8.459102e+01 1.189624e+02 4.200326e+01
28t 2.117149e+02 2.220980e+02 1.966816e+02 2.784947e+02 1.419879e+02
29t 3.396501e+02 4.034660e+02 3.918029e+02 4.963742e+02 4.870473e+02
30t 1.083431e+01 9.454788e+00 1.087593e+01 9.655590e+00 1.346193e+01
31t 1.708963e+02 2.275943e+02 1.661976e+02 2.577061e+02 8.589918e+01
32t 5.163154e+02 7.026471e+02 2.811785e+02 6.362413e+02 4.204687e+02
33t 1.155965e+02 1.550447e+02 1.262795e+02 1.540155e+02 1.513739e+02
34t 2.407525e+01 3.383039e+01 2.262752e+01 3.272855e+01 3.235129e+01
35t 1.277181e+04 1.319508e+04 1.311762e+04 1.289773e+04 1.520848e+04
36t 2.003901e+05 2.218488e+05 1.481027e+05 3.135776e+05 1.113526e+05
37t 5.733056e+01 5.336623e+01 5.845128e+01 5.845686e+01 6.766486e+01
38t 2.680898e+05 2.606126e+05 1.839562e+05 4.553528e+05 1.427818e+05
39t 5.300626e+00 7.322373e+00 7.254632e+00 5.900755e+00 4.967568e+00
40t 8.101256e+01 3.593298e+01 1.210916e+02 3.638295e+01 1.443032e+03
41t 4.486773e+02 4.482159e+02 4.474920e+02 4.488272e+02 4.459976e+02
42t 2.891140e+02 3.936861e+02 3.346735e+02 3.926088e+02 3.782620e+02
43t 3.770570e+02 4.318813e+02 4.606569e+02 4.936857e+02 4.894900e+02
44t 9.353276e+02 9.322442e+02 9.376230e+02 9.225164e+02 9.284254e+02
45t 9.325513e+02 9.326854e+02 9.368469e+02 9.398017e+02 9.273517e+02
46t 9.320730e+02 9.848674e+02 9.343435e+02 9.317335e+02 9.268607e+02
47t 9.037639e+02 5.365255e+02 8.978179e+02 9.044905e+02 5.292142e+02
48t 9.955762e+02 1.070316e+03 9.968994e+02 9.903527e+02 1.355786e+03
49t 1.024324e+03 1.023870e+03 5.526631e+02 1.198660e+03 1.223782e+03
50t 9.668703e+02 9.045178e+02 9.710530e+02 9.261435e+02 1.296590e+03
              36           37           38           39           40
1t  1.533560e+00 9.707032e-01 1.423748e+00 1.051780e+00 6.257513e-01
2t  2.378143e+07 1.462550e+07 9.476002e+06 2.004820e+07 3.391058e+06
3t  2.140436e+06 1.976713e+06 2.313481e+06 1.775780e+06 7.934018e+05
4t  1.215241e+05 1.399895e+05 1.348138e+05 1.048648e+05 1.638385e+05
5t  2.312091e+01 2.361365e+01 1.185115e+01 3.844908e+01 4.631213e+01
6t  3.961522e+02 2.311856e+02 5.491541e+02 2.196410e+01 4.514839e+00
7t  2.644361e+03 3.739213e+03 3.675449e+03 1.176669e+04 2.040069e+04
8t  6.309978e+00 5.856474e+00 6.697854e+00 5.686448e+00 4.174167e+00
9t  2.749121e+02 2.718248e+02 2.298441e+02 3.148508e+02 4.256177e+02
10t 2.900552e+01 2.810947e+01 3.014471e+01 2.687998e+01 1.923858e+01
11t 2.572207e+02 2.863569e+02 2.567354e+02 3.206767e+02 4.260746e+02
12t 3.440643e+02 2.715671e+02 2.052286e+02 1.616377e+04 1.419395e+04
13t 1.563941e+00 1.416406e+00 1.754332e+00 1.950206e+01 1.993096e+01
14t 2.110043e+01 2.106579e+01 2.110916e+01 2.090455e+01 2.118651e+01
15t 2.196365e+02 5.647996e+02 2.079657e+02 7.104033e+02 1.046857e+02
16t 4.929821e+01 4.716976e+01 4.922819e+01 1.034734e+02 4.914663e+01
17t 9.045245e-01 7.508183e-02 3.543468e-01 7.495683e+00 3.077597e+02
18t 9.902799e-01 8.128704e-01 9.692682e-01 9.193554e-01 6.715785e-01
19t 4.554182e+02 4.054355e+02 3.596671e+02 7.403114e+02 5.849780e+03
20t 2.662347e+02 2.289165e+02 2.617797e+02 4.535295e+02 8.956117e+02
21t 2.713925e+04 2.788067e+04 2.767711e+04 2.838399e+04 3.778119e+04
22t 2.839303e+04 2.895329e+04 2.788192e+04 2.900647e+04 3.808301e+04
23t 4.730559e+01 4.498384e+01 4.305545e+01 6.087975e+01 8.753032e+01
24t 1.030906e+00 7.022191e-01 8.013874e-01 7.735828e-01 4.245546e+00
25t 5.783007e-01 5.743076e-01 6.426755e-01 8.159633e-01 6.428248e-01
26t 3.401076e-01 3.378926e-01 3.723980e-01 3.753195e-01 2.790795e-01
27t 8.078984e+01 7.610064e+01 6.519351e+01 1.236261e+02 7.507294e+01
28t 2.259751e+02 2.211426e+02 2.247450e+02 2.355378e+02 1.322303e+02
29t 2.649217e+02 2.940934e+02 2.887656e+02 3.301729e+02 4.378711e+02
30t 1.157760e+01 9.925173e+00 1.325821e+01 1.263698e+01 8.802740e+00
31t 1.369213e+02 1.697122e+02 1.596755e+02 2.620073e+02 1.224399e+02
32t 3.180108e+02 3.026541e+02 2.811799e+02 7.563264e+02 1.051929e+03
33t 1.064234e+02 1.013384e+02 1.072739e+02 1.200800e+02 1.943158e+02
34t 2.762333e+01 2.591098e+01 2.539358e+01 3.535905e+01 3.400989e+01
35t 1.241467e+04 1.246243e+04 1.256078e+04 1.311613e+04 1.903428e+04
36t 2.052672e+05 1.459207e+05 2.236548e+05 1.959487e+05 1.171090e+05
37t 6.226930e+01 5.851101e+01 6.012225e+01 5.561402e+01 5.373501e+01
38t 1.962227e+05 1.544287e+05 2.683010e+05 2.829903e+05 2.130036e+05
39t 5.984790e+00 5.502789e+00 5.231994e+00 5.003631e+00 4.856788e+00
40t 2.921058e+01 6.893902e+01 3.475222e+01 8.617152e+01 8.893954e+02
41t 4.498827e+02 4.484515e+02 4.501419e+02 6.351685e+02 4.427629e+02
42t 2.707464e+02 3.215471e+02 3.039708e+02 3.463715e+02 4.261212e+02
43t 3.553193e+02 3.824832e+02 3.554217e+02 3.992666e+02 4.272281e+02
44t 9.369146e+02 9.285635e+02 9.209089e+02 9.735009e+02 9.248961e+02
45t 9.211360e+02 9.396612e+02 9.327950e+02 9.823000e+02 9.253231e+02
46t 9.347190e+02 9.325908e+02 9.314033e+02 1.027332e+03 9.259595e+02
47t 9.120464e+02 5.445572e+02 1.021553e+03 1.190036e+03 5.210807e+02
48t 9.364670e+02 9.359656e+02 9.471024e+02 1.042134e+03 1.400452e+03
49t 5.830224e+02 1.022094e+03 1.019359e+03 1.191054e+03 1.275712e+03
50t 9.388502e+02 9.374293e+02 8.938270e+02 9.334474e+02 1.335618e+03
              41           42           43           44           45
1t  1.229460e+00 1.740745e+00 7.857556e-01 1.343764e+00 1.607407e+00
2t  9.345922e+06 1.479140e+07 3.317629e+06 2.209033e+07 1.812452e+07
3t  1.964469e+06 2.543517e+06 1.154529e+06 2.452695e+06 2.577023e+06
4t  1.211973e+05 1.456865e+05 4.498303e+04 1.148118e+05 1.227407e+05
5t  3.837874e+01 1.163952e+01 4.062988e+00 4.513195e+01 1.539239e+01
6t  4.944035e+01 6.917287e+02 3.233101e+00 2.724899e+02 2.253589e+02
7t  4.452952e+03 2.823765e+03 2.976943e+04 4.227100e+03 4.019888e+03
8t  6.626736e+00 7.199717e+00 1.383363e+03 6.724069e+00 6.823364e+00
9t  2.969047e+02 2.189907e+02 3.676557e+02 3.004276e+02 2.557972e+02
10t 2.975887e+01 3.342130e+01 2.330595e+01 2.977497e+01 2.995417e+01
11t 2.859775e+02 1.480708e+02 3.631487e+02 2.761298e+02 2.361384e+02
12t 1.037526e+04 4.945345e+02 1.865074e+02 1.066149e+04 2.490973e+02
13t 2.014088e+01 1.838504e+00 2.029312e+01 1.604709e+00 1.724077e+00
14t 2.118247e+01 2.108278e+01 2.084194e+01 2.100776e+01 2.101231e+01
15t 5.187474e+02 4.515264e+02 1.172209e+02 3.303619e+02 2.475067e+02
16t 4.804843e+01 4.916109e+01 4.924387e+01 1.330008e+02 4.919717e+01
17t 1.939856e+00 1.141054e+00 2.604330e-02 1.270248e+00 7.848567e-02
18t 9.784576e-01 1.020591e+00 7.992116e-01 9.772774e-01 9.911408e-01
19t 5.870214e+02 4.339894e+02 2.116709e+03 4.641089e+02 4.334223e+02
20t 3.745059e+02 2.191468e+02 7.835989e+02 3.385992e+02 2.991982e+02
21t 2.826435e+04 2.740291e+04 3.200132e+04 2.850376e+04 2.829315e+04
22t 2.785910e+04 2.925180e+04 2.861349e+04 2.925604e+04 2.804665e+04
23t 5.739426e+01 4.630230e+01 8.187394e+01 5.008879e+01 4.746989e+01
24t 7.510763e-01 6.957166e-01 1.184291e+00 8.940480e-01 8.867621e-01
25t 9.827897e-01 6.566598e-01 6.832038e-01 7.226570e-01 5.929619e-01
26t 3.449109e-01 3.080240e-01 2.959851e-01 4.074830e-01 3.544865e-01
27t 1.076537e+02 4.672282e+01 8.503054e+01 6.205285e+01 8.593425e+01
28t 2.934069e+02 2.609972e+02 1.845764e+02 2.223775e+02 2.535918e+02
29t 3.145527e+02 2.521991e+02 4.102539e+02 2.800492e+02 3.014665e+02
30t 1.679537e+01 1.192044e+01 6.992982e+02 1.261091e+01 1.228140e+01
31t 2.259778e+02 1.019315e+02 1.697744e+02 1.928464e+02 1.777642e+02
32t 8.243518e+02 3.401773e+02 7.186603e+02 3.535977e+02 3.871663e+02
33t 1.126434e+02 1.015992e+02 2.464999e+02 9.417875e+01 1.036276e+02
34t 3.122599e+01 2.668005e+01 4.197067e+01 2.842302e+01 2.536524e+01
35t 1.311011e+04 1.253046e+04 1.471302e+04 1.262942e+04 1.272348e+04
36t 1.491583e+05 1.583050e+05 2.187379e+05 1.651454e+05 2.340338e+05
37t 6.321335e+01 6.149661e+01 6.106810e+01 5.720435e+01 6.072493e+01
38t 1.742354e+05 2.683054e+05 2.458947e+05 2.656622e+05 2.601320e+05
39t 6.780376e+00 6.644801e+00 6.499009e+00 5.662011e+00 6.101162e+00
40t 5.766042e+01 4.996000e+01 7.434448e+01 6.687547e+01 3.949334e+01
41t 4.493348e+02 4.506836e+02 6.345990e+02 4.495598e+02 4.506974e+02
42t 3.312451e+02 2.844406e+02 5.419117e+02 4.294433e+02 3.085143e+02
43t 4.234452e+02 3.659850e+02 4.845565e+02 3.404140e+02 3.368250e+02
44t 9.307522e+02 9.306728e+02 1.152703e+03 9.265062e+02 9.207834e+02
45t 9.480394e+02 9.287115e+02 1.184303e+03 9.367721e+02 9.227137e+02
46t 9.354488e+02 9.224888e+02 1.169520e+03 9.351497e+02 9.307627e+02
47t 5.406358e+02 1.020680e+03 8.892338e+02 1.031805e+03 1.021881e+03
48t 9.951523e+02 9.175609e+02 1.173473e+03 9.521273e+02 9.510799e+02
49t 5.687339e+02 1.020956e+03 1.201159e+03 1.030856e+03 5.805871e+02
50t 9.235147e+02 8.933153e+02 1.224679e+03 9.794029e+02 8.970028e+02
              46           47           48           49           50
1t  1.579546e+00 3.493328e+00 8.406340e-01 1.734490e+00 2.410573e+00
2t  9.105117e+06 2.233933e+07 3.268783e+07 9.037251e+06 3.359712e+07
3t  2.439491e+06 5.384967e+06 1.298335e+06 2.948769e+06 3.740360e+06
4t  1.412110e+05 1.521567e+05 1.508154e+05 1.046860e+05 9.071384e+04
5t  5.888641e+01 6.613384e+00 5.469794e+01 2.575928e+01 7.561127e+00
6t  3.962314e+02 6.744152e+02 2.574949e+02 5.160670e+01 2.659067e+02
7t  5.714473e+03 2.421017e+03 7.300489e+03 3.018461e+03 2.289085e+03
8t  6.844465e+00 9.231945e+00 4.962897e+00 7.332266e+00 8.429447e+00
9t  3.596444e+02 5.652259e+01 2.957713e+02 2.786587e+02 2.119481e+02
10t 2.809887e+01 3.630356e+01 2.487784e+01 3.245818e+01 3.582094e+01
11t 3.310859e+02 1.587767e+02 3.013801e+02 2.571308e+02 8.536867e+01
12t 2.705647e+04 3.018693e+02 1.901021e+04 2.264221e+02 2.738640e+02
13t 2.033080e+01 2.315362e+00 1.982476e+01 1.830319e+00 2.133903e+00
14t 2.111145e+01 2.110203e+01 2.120951e+01 2.117400e+01 2.113040e+01
15t 2.217577e+02 6.442336e+02 3.871328e+02 2.646360e+02 3.325526e+02
16t 4.928598e+01 4.948409e+01 1.091639e+02 4.800825e+01 4.924271e+01
17t 8.663254e+01 1.141486e+00 3.497458e+00 1.141367e-01 2.103646e-01
18t 9.642739e-01 1.059912e+00 8.306771e-01 1.003040e+00 1.034722e+00
19t 1.230813e+03 3.606598e+02 5.775263e+02 4.133700e+02 4.111258e+02
20t 5.899245e+02 2.439748e+02 3.838833e+02 2.953857e+02 1.815032e+02
21t 3.459211e+04 2.782743e+04 2.887513e+04 2.803385e+04 2.813571e+04
22t 3.603248e+04 2.825067e+04 2.882681e+04 2.891352e+04 2.928585e+04
23t 5.693468e+01 4.370399e+01 5.375635e+01 5.104253e+01 4.479954e+01
24t 3.186163e+00 6.924953e-01 8.884524e-01 8.564320e-01 9.733167e-01
25t 5.773460e-01 6.188433e-01 8.523011e-01 6.293384e-01 5.635605e-01
26t 2.976247e-01 3.219117e-01 3.332961e-01 3.501859e-01 3.208401e-01
27t 4.947688e+01 5.129523e+01 9.569260e+01 1.236639e+02 1.088808e+02
28t 1.816757e+02 3.625504e+02 1.909116e+02 4.254246e+02 2.707849e+02
29t 4.411123e+02 2.632313e+02 3.616794e+02 3.189107e+02 2.348590e+02
30t 1.632605e+01 1.525257e+01 1.062201e+01 1.182421e+01 1.399315e+01
31t 1.167296e+02 1.505158e+02 1.795283e+02 1.968365e+02 1.565108e+02
32t 3.307611e+02 3.532713e+02 5.683684e+02 6.512301e+02 4.321307e+02
33t 1.276049e+02 1.096749e+02 1.167318e+02 9.596917e+01 1.007548e+02
34t 2.774467e+01 3.243895e+01 2.573870e+01 3.001075e+01 2.887901e+01
35t 1.352990e+04 1.241449e+04 1.355128e+04 1.287658e+04 1.258915e+04
36t 3.059372e+05 3.709252e+05 1.492996e+05 2.728673e+05 2.737442e+05
37t 6.388851e+01 5.895424e+01 5.716903e+01 5.719419e+01 6.099589e+01
38t 1.717257e+05 2.618878e+05 1.623313e+05 3.827160e+05 2.815351e+05
39t 5.208522e+00 8.449648e+00 4.872166e+00 7.480165e+00 5.796976e+00
40t 5.258001e+02 1.646320e+01 1.719937e+02 4.079118e+01 1.290913e+01
41t 4.493059e+02 4.561666e+02 4.456486e+02 4.521787e+02 4.542514e+02
42t 3.608246e+02 2.716229e+02 4.266279e+02 2.964372e+02 2.936407e+02
43t 4.178810e+02 3.153978e+02 4.623029e+02 3.223170e+02 3.029758e+02
44t 9.562077e+02 9.226666e+02 9.361187e+02 9.228944e+02 9.275054e+02
45t 9.574287e+02 9.218895e+02 9.337290e+02 9.299589e+02 9.298681e+02
46t 9.627547e+02 9.231691e+02 9.554810e+02 9.272094e+02 9.235092e+02
47t 5.559619e+02 1.020595e+03 5.295253e+02 1.022756e+03 1.021528e+03
48t 1.083051e+03 9.194346e+02 1.060122e+03 9.597410e+02 9.265397e+02
49t 5.831128e+02 1.022373e+03 5.480605e+02 1.018495e+03 1.020114e+03
50t 1.190884e+03 8.833837e+02 1.095715e+03 8.847861e+02 8.989513e+02
              51           52           53           54           55
1t  1.326479e+00 1.134392e+00 9.012768e-01 1.462544e+00 7.763609e-01
2t  1.458181e+07 1.690980e+07 6.553760e+06 8.617097e+06 3.879999e+06
3t  2.359988e+06 1.248219e+06 1.604356e+06 2.685815e+06 1.202010e+06
4t  1.168753e+05 1.215330e+05 1.179135e+05 1.529132e+05 1.370025e+05
5t  1.831569e+01 2.191885e+01 2.968813e+01 3.306396e+01 5.254714e+01
6t  6.846498e+01 1.560861e+02 1.207028e+01 1.753633e+02 1.212338e+01
7t  3.525552e+03 5.053083e+03 6.725791e+03 4.010650e+03 1.007687e+04
8t  6.649489e+00 4.803185e+00 5.153439e+00 7.168757e+00 5.444250e+00
9t  2.478551e+02 2.619902e+02 3.076091e+02 2.360659e+02 3.772146e+02
10t 2.985837e+01 2.811295e+01 2.685640e+01 3.027900e+01 2.377000e+01
11t 2.770477e+02 2.614958e+02 2.991930e+02 2.659443e+02 3.685127e+02
12t 7.737482e+02 3.590078e+02 1.893534e+02 7.467097e+03 2.060730e+04
13t 1.635176e+00 1.417295e+00 1.994010e+01 1.712405e+00 2.059303e+01
14t 2.100190e+01 2.111091e+01 2.098067e+01 2.119364e+01 2.116985e+01
15t 5.202111e+02 4.991848e+02 1.575528e+02 2.280058e+02 1.178140e+02
16t 4.893086e+01 4.908373e+01 4.810765e+01 4.930173e+01 4.923436e+01
17t 1.055002e-01 1.618642e-01 1.568557e+00 5.648764e-02 4.347165e+02
18t 9.800894e-01 8.808277e-01 8.820932e-01 9.869378e-01 7.734518e-01
19t 4.199813e+02 5.483669e+02 6.021917e+02 6.110364e+02 2.493864e+03
20t 3.324934e+02 2.936164e+02 4.405437e+02 3.103953e+02 7.766393e+02
21t 2.851249e+04 2.738071e+04 2.868303e+04 3.192061e+04 3.627764e+04
22t 2.824157e+04 2.839291e+04 2.931904e+04 3.253883e+04 3.565008e+04
23t 4.687198e+01 4.850500e+01 5.976568e+01 4.506037e+01 7.392788e+01
24t 6.778592e-01 7.614573e-01 7.799017e-01 3.579825e+00 2.793136e+00
25t 5.455367e-01 5.821450e-01 9.215508e-01 5.317817e-01 6.425125e-01
26t 8.346828e-01 3.627311e-01 2.917979e-01 3.185889e-01 3.026671e-01
27t 9.773766e+01 8.090997e+01 1.143088e+02 5.477892e+01 6.620509e+01
28t 2.352338e+02 2.418437e+02 2.232280e+02 2.455334e+02 1.574999e+02
29t 3.692559e+02 3.402725e+02 4.146398e+02 3.539726e+02 4.626474e+02
30t 1.177241e+01 1.103081e+01 1.227876e+01 1.391451e+01 1.297819e+01
31t 1.753158e+02 1.774108e+02 2.221549e+02 1.284617e+02 1.465650e+02
32t 3.358975e+02 4.619565e+02 3.712213e+02 3.080915e+02 4.765743e+02
33t 9.773018e+01 1.106210e+02 1.286194e+02 1.102774e+02 1.619611e+02
34t 3.215482e+01 2.984708e+01 3.247386e+01 2.745757e+01 3.229756e+01
35t 1.263506e+04 1.268323e+04 1.363580e+04 1.278325e+04 1.457207e+04
36t 1.570950e+05 1.973281e+05 1.641935e+05 2.741105e+05 1.196492e+05
37t 5.726220e+01 5.892631e+01 5.422844e+01 6.067920e+01 6.618483e+01
38t 1.943704e+05 2.418840e+05 2.561687e+05 2.067634e+05 1.522724e+05
39t 5.627891e+00 5.789379e+00 6.477607e+00 5.544310e+00 5.286530e+00
40t 4.384831e+01 6.273764e+01 9.374208e+01 1.052237e+02 9.392021e+02
41t 4.479340e+02 4.478311e+02 4.478285e+02 4.508174e+02 4.476436e+02
42t 3.285244e+02 3.383510e+02 4.271528e+02 3.604212e+02 4.269622e+02
43t 3.406362e+02 3.594685e+02 3.835131e+02 3.401748e+02 4.909248e+02
44t 9.292018e+02 9.305756e+02 9.415591e+02 9.321906e+02 9.328986e+02
45t 9.331225e+02 9.223359e+02 9.382036e+02 9.370891e+02 9.257128e+02
46t 9.229382e+02 9.364786e+02 9.350227e+02 9.734512e+02 9.241927e+02
47t 1.024130e+03 1.019652e+03 5.361604e+02 5.629129e+02 1.231130e+03
48t 9.484132e+02 9.826588e+02 1.016017e+03 9.884014e+02 1.315854e+03
49t 5.701240e+02 1.025343e+03 1.020351e+03 5.767374e+02 1.217124e+03
50t 9.466323e+02 9.275381e+02 9.550936e+02 1.066800e+03 1.270696e+03
              56           57           58           59           60
1t  1.445408e+00 9.255202e-01 1.993830e+00 7.898025e-01 6.970021e-01
2t  1.884690e+07 1.160326e+07 1.034109e+07 3.579835e+06 3.217793e+06
3t  2.367289e+06 1.586050e+06 2.667852e+06 1.156185e+06 9.946778e+05
4t  1.251010e+05 1.353152e+05 1.093616e+05 8.328490e+04 1.406885e+05
5t  1.824350e+01 3.341279e+01 1.820552e+01 3.060123e+01 5.316971e+01
6t  2.819552e+02 1.047368e+02 1.263268e+02 3.414342e+00 8.279394e+00
7t  5.435279e+03 3.535379e+03 3.020484e+03 1.029915e+04 8.669610e+03
8t  6.448720e+00 5.577850e+00 7.751132e+00 4.769186e+00 4.467344e+00
9t  2.700586e+02 2.821840e+02 2.134790e+02 3.132764e+02 3.923293e+02
10t 3.089769e+01 2.637489e+01 3.436017e+01 2.436117e+01 2.213115e+01
11t 2.888613e+02 2.639021e+02 2.355660e+02 2.855377e+02 3.639408e+02
12t 8.793987e+03 9.085620e+03 4.861035e+02 7.179216e+03 1.774266e+04
13t 1.659660e+00 1.312023e+00 1.906494e+00 1.989073e+01 2.065232e+01
14t 2.102838e+01 2.105844e+01 2.106355e+01 2.088358e+01 2.113600e+01
15t 2.691801e+02 1.638588e+02 2.492249e+02 1.196619e+02 1.200855e+02
16t 4.882844e+01 9.091291e+01 4.882554e+01 4.911085e+01 4.920046e+01
17t 5.584960e-01 1.652705e+00 7.618497e-02 2.538434e-02 4.151725e+02
18t 9.881381e-01 8.968361e-01 1.015239e+00 7.820945e-01 7.418331e-01
19t 5.061570e+02 6.273355e+02 3.732999e+02 2.174809e+03 2.683754e+03
20t 3.049079e+02 3.501333e+02 2.209345e+02 4.313601e+02 7.859379e+02
21t 2.789326e+04 2.813341e+04 2.794895e+04 2.853847e+04 3.606256e+04
22t 2.868905e+04 2.871018e+04 2.965923e+04 2.979661e+04 3.541416e+04
23t 5.025381e+01 5.143642e+01 5.204500e+01 6.466434e+01 7.681327e+01
24t 4.303360e-01 5.228786e-01 7.897243e-01 1.173946e+00 3.300686e+00
25t 4.861400e-01 6.652814e-01 5.740565e-01 8.024350e-01 6.396432e-01
26t 3.284271e-01 3.448125e-01 4.314434e-01 6.549360e-01 2.746639e-01
27t 7.967155e+01 1.081949e+02 5.994243e+01 1.247511e+02 6.247149e+01
28t 2.230363e+02 2.054318e+02 2.526290e+02 2.194074e+02 1.441966e+02
29t 2.534072e+02 3.060457e+02 2.686553e+02 4.158514e+02 4.612536e+02
30t 1.180760e+01 1.098054e+01 1.289921e+01 1.739528e+01 1.156493e+01
31t 1.493390e+02 1.955651e+02 1.682290e+02 2.600994e+02 1.215306e+02
32t 3.387724e+02 6.079475e+02 3.712402e+02 6.007108e+02 4.544181e+02
33t 9.056398e+01 1.071217e+02 1.137995e+02 1.338651e+02 1.508417e+02
34t 2.880832e+01 2.703082e+01 2.925468e+01 2.581522e+01 3.537312e+01
35t 1.260931e+04 1.265013e+04 1.246368e+04 1.407273e+04 1.494473e+04
36t 2.372115e+05 1.293266e+05 3.075435e+05 2.757424e+05 1.013517e+05
37t 5.649806e+01 5.583277e+01 5.584652e+01 5.500708e+01 6.628634e+01
38t 1.769499e+05 1.744366e+05 2.573693e+05 4.054901e+05 1.591469e+05
39t 5.667785e+00 5.511460e+00 5.659458e+00 7.315340e+00 5.827910e+00
40t 3.695301e+01 1.348321e+02 2.313940e+01 1.220489e+02 9.277351e+02
41t 4.497999e+02 4.473550e+02 4.517194e+02 7.774910e+02 4.449987e+02
42t 3.288074e+02 3.685091e+02 2.823225e+02 4.123828e+02 3.482440e+02
43t 3.822828e+02 4.318701e+02 3.107912e+02 5.339804e+02 5.196518e+02
44t 9.212190e+02 9.242398e+02 9.244362e+02 1.116393e+03 9.297672e+02
45t 9.356279e+02 9.325675e+02 9.292694e+02 1.034589e+03 9.269121e+02
46t 9.269090e+02 9.371449e+02 9.258173e+02 9.450930e+02 9.253847e+02
47t 1.021248e+03 5.326663e+02 1.026488e+03 5.265939e+02 1.210372e+03
48t 9.588065e+02 9.772337e+02 9.417858e+02 1.361186e+03 1.334673e+03
49t 5.771820e+02 5.496770e+02 1.022748e+03 9.027851e+02 1.209691e+03
50t 9.173075e+02 9.848171e+02 9.136139e+02 1.329161e+03 1.265514e+03
              61           62           63           64           65
1t  8.903189e-01 1.409484e+00 1.113317e+00 1.480762e+00 1.148938e+00
2t  1.027435e+07 1.692382e+07 1.403547e+07 2.233268e+07 2.116873e+07
3t  1.636244e+06 2.390979e+06 1.585259e+06 2.797312e+06 1.887172e+06
4t  1.297555e+05 1.153225e+05 1.375269e+05 1.225090e+05 1.202247e+05
5t  5.224251e+01 2.013513e+01 3.507228e+01 4.235934e+01 4.232165e+01
6t  7.062807e+01 2.330482e+02 2.035061e+02 4.206420e+02 4.159685e+02
7t  6.771591e+03 3.675692e+03 3.388737e+03 5.226525e+03 3.746789e+03
8t  5.401875e+00 6.240365e+00 5.649117e+00 6.674195e+00 6.476674e+00
9t  2.873168e+02 2.719840e+02 2.752045e+02 3.089266e+02 2.886111e+02
10t 2.554700e+01 2.914365e+01 2.812882e+01 3.145757e+01 2.579932e+01
11t 3.118278e+02 2.656192e+02 2.780221e+02 2.947856e+02 2.206090e+02
12t 1.724636e+04 2.196607e+02 6.253690e+03 1.439040e+04 4.715553e+03
13t 2.009827e+01 1.593241e+00 1.347292e+00 1.991863e+01 1.576349e+00
14t 2.096270e+01 2.111279e+01 2.103126e+01 2.099492e+01 2.088174e+01
15t 1.518766e+02 1.929195e+02 1.517114e+02 7.629778e+02 3.925504e+02
16t 5.042373e+01 4.916880e+01 1.139621e+02 5.743306e+01 4.930292e+01
17t 8.675744e+00 1.663627e-01 1.459761e-01 5.066136e+00 1.501614e+00
18t 9.043278e-01 9.808523e-01 9.368456e-01 9.878989e-01 9.465961e-01
19t 5.759966e+02 4.247230e+02 5.859164e+02 4.712354e+02 4.899403e+02
20t 3.858204e+02 2.351804e+02 3.394528e+02 3.505411e+02 2.466691e+02
21t 2.796156e+04 2.794009e+04 2.855740e+04 2.701994e+04 2.708189e+04
22t 2.921701e+04 2.853303e+04 2.850439e+04 2.873764e+04 2.773426e+04
23t 6.437751e+01 5.023459e+01 5.264212e+01 5.013370e+01 5.183569e+01
24t 7.694382e-01 7.638876e-01 7.892692e-01 8.056145e-01 7.123644e-01
25t 7.486804e-01 6.041313e-01 7.630952e-01 6.062300e-01 6.449839e-01
26t 9.239379e-01 3.454117e-01 3.459378e-01 7.557316e-01 3.257007e-01
27t 7.838922e+01 8.382894e+01 7.273921e+01 6.627982e+01 7.191562e+01
28t 1.914480e+02 2.367170e+02 2.041812e+02 2.742662e+02 2.249333e+02
29t 3.735646e+02 3.092933e+02 3.163058e+02 3.248215e+02 3.293844e+02
30t 1.499571e+01 1.237794e+01 1.112305e+01 1.219210e+01 1.095835e+01
31t 1.776421e+02 1.687128e+02 1.714909e+02 1.672206e+02 1.608060e+02
32t 7.473810e+03 7.308374e+02 3.304921e+02 5.048298e+02 6.853592e+02
33t 1.394587e+02 9.097537e+01 1.127172e+02 1.253949e+02 1.098907e+02
34t 2.612836e+01 2.680926e+01 2.253202e+01 3.023600e+01 2.421062e+01
35t 1.338626e+04 1.287530e+04 1.270715e+04 1.268441e+04 1.268889e+04
36t 1.341725e+05 2.378557e+05 1.458991e+05 1.537651e+05 2.032649e+05
37t 5.779438e+01 6.016358e+01 5.989222e+01 5.659391e+01 5.806678e+01
38t 2.126483e+05 2.551198e+05 2.351753e+05 1.316138e+05 2.121680e+05
39t 6.325729e+00 5.281194e+00 5.165187e+00 5.416212e+00 5.232163e+00
40t 2.014828e+02 4.400543e+01 8.228082e+01 6.871972e+01 6.363973e+01
41t 4.475793e+02 4.493903e+02 4.486845e+02 4.740917e+02 4.478736e+02
42t 3.090397e+02 2.848693e+02 3.080259e+02 3.209020e+02 2.975228e+02
43t 4.831516e+02 3.879429e+02 4.754090e+02 4.271895e+02 3.713407e+02
44t 9.344400e+02 9.304737e+02 9.342272e+02 9.293382e+02 9.373319e+02
45t 9.330414e+02 9.294530e+02 9.420698e+02 9.320395e+02 9.328107e+02
46t 9.323067e+02 9.261078e+02 9.439508e+02 9.691916e+02 9.316804e+02
47t 5.303388e+02 1.023489e+03 5.440247e+02 5.457836e+02 1.021993e+03
48t 1.094724e+03 9.725174e+02 9.682372e+02 9.861158e+02 9.692177e+02
49t 9.111029e+02 5.671325e+02 1.020650e+03 5.668657e+02 5.671376e+02
50t 1.193732e+03 9.129348e+02 9.920837e+02 9.612859e+02 9.665323e+02
              66           67           68           69           70
1t  1.745067e+00 2.851964e+00 3.606316e+00 1.739025e+00 1.639630e+00
2t  8.972326e+06 1.808160e+07 6.777504e+06 6.002354e+06 1.371605e+07
3t  2.260032e+06 3.890838e+06 5.766592e+06 2.984189e+06 2.481520e+06
4t  1.466397e+05 1.004790e+05 1.399647e+05 7.326373e+04 1.476588e+05
5t  5.280133e+01 7.545192e+00 4.196743e+00 1.761162e+01 1.445577e+01
6t  1.319567e+02 4.427987e+02 7.925659e+01 1.069138e+01 5.170313e+02
7t  5.791631e+03 2.869471e+03 2.015561e+03 9.094429e+03 3.675662e+03
8t  6.430558e+00 8.126376e+00 1.014474e+01 7.392554e+00 7.000932e+00
9t  3.544615e+02 2.438821e+02 1.004654e+02 3.136132e+02 2.742665e+02
10t 2.946614e+01 3.585490e+01 3.756948e+01 3.442412e+01 3.160880e+01
11t 3.557391e+02 2.616579e+02 1.700892e+02 3.196196e+02 2.635312e+02
12t 2.327193e+04 2.633427e+02 6.055736e+02 9.624256e+02 3.556458e+02
13t 2.056195e+01 2.038249e+00 2.380791e+00 1.991348e+01 1.641385e+00
14t 2.110707e+01 2.106189e+01 2.114652e+01 2.116705e+01 2.099778e+01
15t 2.581468e+02 3.236093e+03 1.134476e+03 9.328318e+02 2.415152e+02
16t 4.928940e+01 4.915652e+01 4.940419e+01 4.930915e+01 4.929077e+01
17t 5.160052e+02 2.062806e+00 1.176009e-01 7.711312e-02 9.897945e-01
18t 9.895476e-01 1.041051e+00 1.054214e+00 1.003198e+00 9.827625e-01
19t 1.211870e+03 4.311078e+02 3.694555e+02 6.231166e+02 4.448711e+02
20t 7.106346e+02 2.185269e+02 2.703586e+02 3.973827e+02 2.674014e+02
21t 3.504686e+04 2.736733e+04 2.876512e+04 2.668865e+04 2.800942e+04
22t 3.617587e+04 2.955282e+04 3.178816e+04 3.058392e+04 2.845439e+04
23t 7.116182e+01 4.432233e+01 3.584220e+01 4.483504e+01 4.481819e+01
24t 3.292876e+00 9.175226e-01 2.121865e+00 8.958554e-01 7.773844e-01
25t 5.931741e-01 6.470278e-01 5.407129e-01 7.976307e-01 5.076272e-01
26t 2.957403e-01 3.566755e-01 2.860787e-01 3.262977e-01 3.320067e-01
27t 5.425284e+01 8.467012e+01 7.350090e+01 1.174593e+02 5.385866e+01
28t 2.027210e+02 3.191979e+02 3.598288e+02 2.782340e+02 2.349970e+02
29t 4.504702e+02 2.776382e+02 2.901816e+02 3.695166e+02 3.297842e+02
30t 1.230370e+01 1.417650e+01 1.601031e+01 1.180741e+01 1.171284e+01
31t 1.125327e+02 2.021910e+02 1.462605e+02 2.470478e+02 1.677099e+02
32t 1.072627e+03 5.186318e+02 3.072789e+02 4.456144e+02 3.330331e+02
33t 1.335780e+02 1.010680e+02 9.646009e+01 1.349241e+02 1.019372e+02
34t 3.268915e+01 3.172978e+01 3.030101e+01 3.346206e+01 2.840902e+01
35t 1.342037e+04 1.249777e+04 1.259274e+04 1.274369e+04 1.245189e+04
36t 1.793395e+05 2.758118e+05 3.460672e+05 2.926591e+05 2.294221e+05
37t 6.476070e+01 5.952238e+01 5.687525e+01 6.177637e+01 5.836090e+01
38t 1.769527e+05 2.469440e+05 1.815940e+05 3.476387e+05 1.930862e+05
39t 5.415355e+00 6.452663e+00 5.763346e+00 5.323014e+00 5.950063e+00
40t 5.933776e+02 2.952539e+01 1.568805e+01 3.291580e+01 4.620354e+01
41t 4.504567e+02 4.528513e+02 4.566347e+02 6.517694e+02 4.495851e+02
42t 3.177958e+02 2.808004e+02 2.746970e+02 4.539161e+02 2.858021e+02
43t 3.670656e+02 3.659377e+02 2.899216e+02 4.538839e+02 3.578572e+02
44t 9.560197e+02 9.292363e+02 9.243900e+02 9.401617e+02 9.282882e+02
45t 9.553663e+02 9.231741e+02 9.273347e+02 9.447849e+02 9.334190e+02
46t 9.609394e+02 9.357810e+02 9.319559e+02 9.321202e+02 9.335042e+02
47t 5.567730e+02 1.023852e+03 6.283781e+02 5.613339e+02 1.024939e+03
48t 1.042061e+03 9.307250e+02 9.333819e+02 1.003638e+03 9.188054e+02
49t 5.784029e+02 1.018678e+03 6.310804e+02 9.325272e+02 1.021406e+03
50t 1.178768e+03 8.958363e+02 4.187587e+02 9.207902e+02 9.110830e+02
              71           72           73           74           75
1t  1.172803e+00 8.960619e-01 8.746611e-01 1.457012e+00 1.094349e+00
2t  8.693339e+06 6.866325e+06 2.013604e+07 7.255171e+06 1.257926e+07
3t  1.644984e+06 1.164662e+06 1.543003e+06 2.255694e+06 1.514846e+06
4t  1.254143e+05 1.110344e+05 1.503351e+05 1.612312e+05 1.442105e+05
5t  3.957043e+01 3.727258e+01 4.432631e+01 3.039732e+01 4.818018e+01
6t  6.116668e+01 9.736489e+00 3.401954e+02 2.698041e+02 1.470646e+02
7t  6.004131e+03 4.185189e+03 5.515076e+03 3.638548e+03 4.870109e+03
8t  5.540409e+00 5.451338e+00 5.216484e+00 7.020434e+00 5.230113e+00
9t  2.738429e+02 2.882106e+02 3.034029e+02 2.779919e+02 2.263464e+02
10t 2.651664e+01 2.530569e+01 2.465622e+01 3.063169e+01 2.650061e+01
11t 3.019138e+02 2.992879e+02 2.881245e+02 2.444439e+02 2.934564e+02
12t 1.421093e+04 1.285485e+04 1.872231e+04 7.949254e+03 1.599125e+04
13t 1.979378e+01 1.984138e+01 1.994696e+01 1.895637e+01 1.973942e+01
14t 2.093950e+01 2.093331e+01 2.104079e+01 2.113673e+01 2.089800e+01
15t 8.856294e+02 1.206634e+03 1.704954e+02 4.676644e+02 6.697776e+02
16t 4.925909e+01 4.908220e+01 5.752212e+01 4.921587e+01 5.973922e+01
17t 1.238772e-01 1.141900e+00 2.293177e+01 4.979466e-02 3.544110e+00
18t 9.181575e-01 8.546614e-01 8.828201e-01 9.776485e-01 8.505424e-01
19t 4.594502e+02 5.508000e+02 5.567791e+02 5.861427e+02 5.340282e+02
20t 3.085504e+02 4.097466e+02 4.286831e+02 4.705575e+02 2.984180e+02
21t 2.875731e+04 2.925017e+04 2.686776e+04 3.225899e+04 2.704800e+04
22t 2.851134e+04 2.840930e+04 2.867972e+04 3.363047e+04 2.875574e+04
23t 5.331701e+01 4.964711e+01 5.389128e+01 5.324848e+01 4.480417e+01
24t 8.714208e-01 8.583036e-01 8.472529e-01 3.494846e+00 7.318843e-01
25t 7.008966e-01 9.667890e-01 5.844686e-01 6.428770e-01 7.189790e-01
26t 3.045928e-01 8.910430e-01 3.173901e-01 2.786286e-01 3.612507e-01
27t 6.591154e+01 1.361944e+02 7.542635e+01 5.272631e+01 7.444964e+01
28t 2.252088e+02 2.171748e+02 1.994434e+02 2.501590e+02 1.841594e+02
29t 3.210488e+02 3.087792e+02 3.184043e+02 3.473102e+02 3.549922e+02
30t 9.997661e+00 9.993178e+00 1.408450e+01 1.189421e+01 9.485349e+00
31t 2.027036e+02 2.535027e+02 1.594036e+02 1.168302e+02 1.942681e+02
32t 8.523814e+02 8.065969e+02 5.455510e+02 3.247785e+02 4.834519e+02
33t 1.103845e+02 1.253157e+02 1.164840e+02 1.042296e+02 1.294961e+02
34t 2.586544e+01 2.353656e+01 2.579634e+01 2.710941e+01 2.888165e+01
35t 1.289735e+04 1.328025e+04 1.276559e+04 1.272496e+04 1.275341e+04
36t 1.492737e+05 2.050827e+05 1.531891e+05 1.836964e+05 1.555720e+05
37t 5.828429e+01 5.413396e+01 5.427957e+01 6.124821e+01 5.701445e+01
38t 2.439966e+05 2.373213e+05 1.854864e+05 1.322856e+05 1.954055e+05
39t 5.579084e+00 5.258204e+00 6.193348e+00 5.627654e+00 5.982039e+00
40t 6.436619e+01 1.184182e+02 1.693014e+02 1.072158e+02 1.103415e+02
41t 4.478648e+02 4.466062e+02 4.464955e+02 4.498533e+02 4.474937e+02
42t 2.957693e+02 3.438213e+02 4.108615e+02 2.883539e+02 3.274162e+02
43t 4.342811e+02 4.910838e+02 4.569721e+02 3.518530e+02 4.067275e+02
44t 9.312382e+02 9.293977e+02 9.290249e+02 9.295739e+02 9.250340e+02
45t 9.361555e+02 9.327157e+02 9.337929e+02 9.459207e+02 9.348184e+02
46t 9.381088e+02 9.343016e+02 9.342543e+02 9.707345e+02 9.421612e+02
47t 5.418733e+02 1.026697e+03 5.299663e+02 5.471169e+02 5.355736e+02
48t 9.925361e+02 1.001559e+03 1.024627e+03 9.771599e+02 9.748892e+02
49t 1.019744e+03 5.547039e+02 5.561699e+02 5.766445e+02 5.554663e+02
50t 9.662075e+02 9.554137e+02 1.018644e+03 1.171918e+03 9.701594e+02
              76           77           78           79           80
1t  1.417917e+00 1.297589e+00 1.409967e+00 8.356412e-01 1.268082e+00
2t  1.697610e+07 1.747761e+07 2.019713e+07 4.315113e+06 7.587597e+06
3t  2.447541e+06 1.622548e+06 3.095868e+06 1.207023e+06 2.090539e+06
4t  1.475647e+05 1.348740e+05 1.064223e+05 1.062905e+05 1.595568e+05
5t  9.414873e+00 4.480425e+01 1.373921e+01 3.159959e+01 4.659054e+01
6t  1.765517e+02 1.715806e+02 4.582960e+02 5.953980e+00 5.954037e+02
7t  2.625930e+03 2.436219e+03 3.359527e+03 9.253727e+03 5.694414e+03
8t  6.794839e+00 6.148463e+00 7.238551e+00 4.979575e+00 6.485906e+00
9t  2.435403e+02 2.802961e+02 2.523463e+02 2.990507e+02 2.979515e+02
10t 3.104499e+01 2.812616e+01 3.278417e+01 2.204517e+01 2.639387e+01
11t 2.351497e+02 2.743753e+02 1.926879e+02 3.174405e+02 3.141100e+02
12t 2.825035e+02 1.931369e+04 2.920104e+02 1.126470e+04 1.403926e+04
13t 1.792598e+00 1.969361e+01 1.630726e+00 1.992030e+01 2.010566e+01
14t 2.107221e+01 2.103331e+01 2.111589e+01 2.087963e+01 2.120172e+01
15t 2.387351e+02 6.902445e+02 3.388824e+02 7.410099e+02 3.081565e+02
16t 5.536425e+01 6.278761e+01 4.912654e+01 4.912930e+01 4.928474e+01
17t 1.635671e-01 2.431079e+00 1.198518e+00 5.158776e+00 6.667680e-02
18t 9.829011e-01 9.414207e-01 1.023392e+00 8.602073e-01 9.434029e-01
19t 4.195528e+02 5.241754e+02 4.515946e+02 1.075265e+03 7.592424e+02
20t 3.291723e+02 3.484545e+02 1.895762e+02 4.622169e+02 4.637269e+02
21t 2.743156e+04 2.865916e+04 2.841079e+04 2.952132e+04 3.385951e+04
22t 2.795200e+04 2.885113e+04 2.884297e+04 2.962599e+04 3.457793e+04
23t 4.561072e+01 5.860080e+01 4.097008e+01 5.772851e+01 5.447668e+01
24t 1.082256e+00 6.674677e-01 6.288311e-01 6.997619e-01 3.669226e+00
25t 6.338714e-01 7.520114e-01 6.166219e-01 7.122660e-01 5.479600e-01
26t 3.687802e-01 3.171306e-01 3.016193e-01 3.606544e-01 2.894451e-01
27t 6.503824e+01 7.164579e+01 6.521559e+01 9.612082e+01 5.371272e+01
28t 2.170391e+02 2.428043e+02 2.666026e+02 1.792519e+02 2.092688e+02
29t 2.759481e+02 3.495021e+02 2.910977e+02 3.542697e+02 3.993665e+02
30t 1.203843e+01 1.242136e+01 1.276866e+01 1.993723e+01 1.330491e+01
31t 1.420421e+02 2.143105e+02 1.856971e+02 2.244598e+02 1.274334e+02
32t 3.190237e+02 5.282298e+02 4.003231e+02 1.298129e+03 3.191673e+02
33t 8.480068e+01 1.350080e+02 1.035648e+02 1.214014e+02 1.177816e+02
34t 2.794935e+01 2.652045e+01 2.861606e+01 3.863598e+01 2.728777e+01
35t 1.274308e+04 1.287098e+04 1.253706e+04 1.464915e+04 1.269296e+04
36t 2.296361e+05 1.844213e+05 2.479610e+05 1.695366e+05 2.097827e+05
37t 6.015933e+01 5.483567e+01 5.901357e+01 5.511295e+01 6.385409e+01
38t 2.456576e+05 1.835269e+05 2.060500e+05 2.651041e+05 1.456971e+05
39t 5.869728e+00 7.275382e+00 5.231420e+00 5.606994e+00 5.888558e+00
40t 4.894730e+01 5.563379e+01 4.454433e+01 1.454338e+02 1.534726e+02
41t 5.720349e+02 4.487594e+02 4.508675e+02 7.723741e+02 4.495686e+02
42t 3.379783e+02 3.019215e+02 3.127948e+02 5.052445e+02 3.894183e+02
43t 3.246215e+02 3.804502e+02 3.862021e+02 4.568445e+02 3.944253e+02
44t 9.246529e+02 9.248847e+02 9.328832e+02 1.007371e+03 9.388478e+02
45t 9.218233e+02 9.388087e+02 9.305216e+02 1.003447e+03 9.504189e+02
46t 9.301637e+02 9.377780e+02 9.217169e+02 1.029556e+03 9.537657e+02
47t 1.027666e+03 5.434726e+02 1.021520e+03 1.193316e+03 5.529070e+02
48t 9.890375e+02 9.868690e+02 9.517805e+02 1.144574e+03 1.082923e+03
49t 1.022121e+03 1.027692e+03 1.021313e+03 1.202625e+03 5.631792e+02
50t 8.979433e+02 9.982588e+02 8.900035e+02 1.203773e+03 1.216374e+03
# 2025-12-19 02:02:15 -03: Finished testing
