# 2025-09-18 19:47:38 -03: Reading parameter file '/home/dianag/PruebasPablo/irace-test-executions/ACOTSP-withRanking/Scenarios-2/BL-45/Runs/BL-45_seed_1500311/parameters.txt'.
# 2025-09-18 19:47:38 -03: 1 expression(s) specifying forbidden configurations read.
# 2025-09-18 19:47:38 -03: Initialization
# Elitist race
# Elitist new instances: 1
# Elitist limit: 2
# nbIterations: 5
# minNbSurvival: 5
# nbParameters: 11
# seed: 1500311
# confidence level: 0.95
# budget: 2750
# mu: 5
# deterministic: FALSE

# 2025-09-18 19:47:38 -03: Iteration 1 of 5
# experimentsUsed: 0
# remainingBudget: 2750
# currentBudget: 550
# nbConfigurations: 45
# Markers:
     x No test is performed.
     c Configurations are discarded only due to capping.
     - The test is performed and some configurations are discarded.
     = The test is performed but no configuration is discarded.
     ! The test is performed and configurations could be discarded but elite configurations are preserved.
     . All alive configurations are elite and nothing is discarded.

+-+-----------+-----------+-----------+----------------+-----------+--------+-----+----+------+
| |   Instance|      Alive|       Best|       Mean best| Exp so far|  W time|  rho|KenW|  Qvar|
+-+-----------+-----------+-----------+----------------+-----------+--------+-----+----+------+
|x|          1|         45|         27|     32659890.00|         45|00:01:02|   NA|  NA|    NA|
|x|          2|         45|         27|     32697157.00|         90|00:00:59|+0.98|0.99|0.0033|
|x|          3|         45|         27|     32695798.67|        135|00:01:03|+0.98|0.99|0.0064|
|x|          4|         45|         27|     32848099.25|        180|00:01:02|+0.98|0.99|0.0056|
|-|          5|          4|         27|     32816476.40|        225|00:01:02|+0.02|0.22|0.6951|
+-+-----------+-----------+-----------+----------------+-----------+--------+-----+----+------+
Best configuration for the instances in this race: 27
Best-so-far configuration:          17    mean value:      32846979.60
Description of the best-so-far configuration:
   .ID. algorithm localsearch alpha beta rho ants q0 rasrank elitistants nnls
17   17      mmas           3  2.65 8.82 0.5   97 NA      NA          NA   25
   dlb .PARENT.
17   0       NA

# 2025-09-18 19:52:49 -03: Elite configurations (first number is the configuration ID; listed from best to worst according to the sum of ranks):
   algorithm localsearch alpha beta  rho ants   q0 rasrank elitistants nnls dlb
17      mmas           3  2.65 8.82 0.50   97   NA      NA          NA   25   0
27       acs           2  2.97 1.95 0.31   31 0.43      NA          NA   16   1
43       ras           3  2.26 1.79 0.61   87   NA      46          NA   39   1
26        as           3  4.22 4.45 0.56   55   NA      NA          NA   28   0
# 2025-09-18 19:52:49 -03: Iteration 2 of 5
# experimentsUsed: 225
# remainingBudget: 2525
# currentBudget: 631
# nbConfigurations: 45
# Markers:
     x No test is performed.
     c Configurations are discarded only due to capping.
     - The test is performed and some configurations are discarded.
     = The test is performed but no configuration is discarded.
     ! The test is performed and configurations could be discarded but elite configurations are preserved.
     . All alive configurations are elite and nothing is discarded.

+-+-----------+-----------+-----------+----------------+-----------+--------+-----+----+------+
| |   Instance|      Alive|       Best|       Mean best| Exp so far|  W time|  rho|KenW|  Qvar|
+-+-----------+-----------+-----------+----------------+-----------+--------+-----+----+------+
|x|          6|         45|         48|     32898751.00|         45|00:00:59|   NA|  NA|    NA|
|x|          4|         45|         82|     33091423.00|         86|00:00:52|+0.91|0.96|0.0102|
|x|          2|         45|         77|     32981921.00|        127|00:00:52|+0.92|0.95|0.0090|
|x|          5|         45|         77|     32899081.25|        168|00:00:53|+0.93|0.95|0.0073|
|-|          3|          9|         77|     32817693.60|        209|00:00:52|+0.30|0.44|0.7111|
|-|          1|          3|         77|     32787285.00|        214|00:00:11|+0.10|0.25|0.6268|
+-+-----------+-----------+-----------+----------------+-----------+--------+-----+----+------+
Best-so-far configuration:          77    mean value:      32787285.00
Description of the best-so-far configuration:
   .ID. algorithm localsearch alpha beta  rho ants   q0 rasrank elitistants
77   77       acs           3  1.89 6.23 0.72   63 0.92      NA          NA
   nnls dlb .PARENT.
77   12   0       17

# 2025-09-18 19:57:31 -03: Elite configurations (first number is the configuration ID; listed from best to worst according to the sum of ranks):
   algorithm localsearch alpha beta  rho ants   q0 rasrank elitistants nnls dlb
77       acs           3  1.89 6.23 0.72   63 0.92      NA          NA   12   0
48      mmas           3  2.80 5.71 0.52   92   NA      NA          NA   20   0
66        as           3  3.28 2.98 0.30   14   NA      NA          NA   26   1
# 2025-09-18 19:57:31 -03: Iteration 3 of 5
# experimentsUsed: 439
# remainingBudget: 2311
# currentBudget: 770
# nbConfigurations: 45
# Markers:
     x No test is performed.
     c Configurations are discarded only due to capping.
     - The test is performed and some configurations are discarded.
     = The test is performed but no configuration is discarded.
     ! The test is performed and configurations could be discarded but elite configurations are preserved.
     . All alive configurations are elite and nothing is discarded.

+-+-----------+-----------+-----------+----------------+-----------+--------+-----+----+------+
| |   Instance|      Alive|       Best|       Mean best| Exp so far|  W time|  rho|KenW|  Qvar|
+-+-----------+-----------+-----------+----------------+-----------+--------+-----+----+------+
|x|          7|         45|        100|     32720189.00|         45|00:01:01|   NA|  NA|    NA|
|x|          5|         45|         91|     32659934.50|         87|00:00:59|+0.95|0.98|0.0043|
|x|          1|         45|         91|     32636151.67|        129|00:01:00|+0.88|0.92|0.0164|
|x|          2|         45|        100|     32631386.50|        171|00:00:58|+0.90|0.92|0.0140|
|-|          6|          9|        100|     32671325.60|        213|00:00:59|+0.15|0.32|0.7078|
|=|          3|          9|        100|     32651104.83|        219|00:00:14|+0.14|0.28|0.7284|
|=|          4|          9|        100|     32733144.00|        225|00:00:13|+0.12|0.24|0.7430|
|=|          8|          9|        100|     32706350.62|        234|00:00:14|+0.09|0.21|0.7647|
+-+-----------+-----------+-----------+----------------+-----------+--------+-----+----+------+
Best-so-far configuration:         100    mean value:      32706350.62
Description of the best-so-far configuration:
    .ID. algorithm localsearch alpha beta  rho ants   q0 rasrank elitistants
100  100       acs           3  2.55 5.06 0.74   30 0.76      NA          NA
    nnls dlb .PARENT.
100   33   1       77

# 2025-09-18 20:03:14 -03: Elite configurations (first number is the configuration ID; listed from best to worst according to the sum of ranks):
    algorithm localsearch alpha beta  rho ants   q0 rasrank elitistants nnls
100       acs           3  2.55 5.06 0.74   30 0.76      NA          NA   33
109       acs           3  2.87 3.48 0.47   70 0.96      NA          NA   25
91       mmas           3  3.45 7.28 0.35   90   NA      NA          NA   14
110       acs           3  2.31 3.58 0.75   52 0.88      NA          NA    6
77        acs           3  1.89 6.23 0.72   63 0.92      NA          NA   12
    dlb
100   1
109   0
91    0
110   0
77    0
# 2025-09-18 20:03:14 -03: Iteration 4 of 5
# experimentsUsed: 673
# remainingBudget: 2077
# currentBudget: 1038
# nbConfigurations: 45
# Markers:
     x No test is performed.
     c Configurations are discarded only due to capping.
     - The test is performed and some configurations are discarded.
     = The test is performed but no configuration is discarded.
     ! The test is performed and configurations could be discarded but elite configurations are preserved.
     . All alive configurations are elite and nothing is discarded.

+-+-----------+-----------+-----------+----------------+-----------+--------+-----+----+------+
| |   Instance|      Alive|       Best|       Mean best| Exp so far|  W time|  rho|KenW|  Qvar|
+-+-----------+-----------+-----------+----------------+-----------+--------+-----+----+------+
|x|          9|         45|        110|     32358623.00|         45|00:01:12|   NA|  NA|    NA|
|x|          2|         45|        100|     32508537.00|         85|00:01:06|+0.78|0.89|0.0076|
|x|          4|         45|        154|     32744878.67|        125|00:01:12|+0.83|0.88|0.0074|
|x|          6|         45|        100|     32768383.75|        165|00:01:12|+0.84|0.88|0.0088|
|-|          1|          7|        100|     32710967.80|        205|00:01:10|+0.36|0.49|0.4630|
|=|          5|          7|        154|     32692331.00|        207|00:00:12|+0.17|0.31|0.5868|
|=|          8|          7|        100|     32678337.14|        209|00:00:11|+0.16|0.28|0.5879|
|!|          7|          7|        100|     32683568.62|        211|00:00:12|+0.20|0.30|0.6025|
|-|          3|          3|        154|     32662400.22|        213|00:00:13|-0.08|0.04|0.6929|
+-+-----------+-----------+-----------+----------------+-----------+--------+-----+----+------+
Best configuration for the instances in this race: 154
Best-so-far configuration:         100    mean value:      32668727.78
Description of the best-so-far configuration:
    .ID. algorithm localsearch alpha beta  rho ants   q0 rasrank elitistants
100  100       acs           3  2.55 5.06 0.74   30 0.76      NA          NA
    nnls dlb .PARENT.
100   33   1       77

# 2025-09-18 20:09:59 -03: Elite configurations (first number is the configuration ID; listed from best to worst according to the sum of ranks):
    algorithm localsearch alpha beta  rho ants   q0 rasrank elitistants nnls
100       acs           3  2.55 5.06 0.74   30 0.76      NA          NA   33
154       acs           3  2.30 4.25 0.67   21 0.88      NA          NA   12
110       acs           3  2.31 3.58 0.75   52 0.88      NA          NA    6
    dlb
100   1
154   0
110   0
# 2025-09-18 20:09:59 -03: Iteration 5 of 5
# experimentsUsed: 886
# remainingBudget: 1864
# currentBudget: 1864
# nbConfigurations: 45
# Markers:
     x No test is performed.
     c Configurations are discarded only due to capping.
     - The test is performed and some configurations are discarded.
     = The test is performed but no configuration is discarded.
     ! The test is performed and configurations could be discarded but elite configurations are preserved.
     . All alive configurations are elite and nothing is discarded.

+-+-----------+-----------+-----------+----------------+-----------+--------+-----+----+------+
| |   Instance|      Alive|       Best|       Mean best| Exp so far|  W time|  rho|KenW|  Qvar|
+-+-----------+-----------+-----------+----------------+-----------+--------+-----+----+------+
|x|         10|         45|        204|     32813630.00|         45|00:00:54|   NA|  NA|    NA|
|x|          9|         45|        110|     32605072.00|         87|00:00:51|+0.37|0.69|0.0131|
|x|          1|         45|        198|     32568402.67|        129|00:00:52|+0.36|0.58|0.0191|
|x|          5|         45|        208|     32574916.75|        171|00:00:52|+0.38|0.53|0.0153|
|-|          7|         18|        208|     32595399.20|        213|00:00:51|-0.02|0.18|0.9988|
|=|          6|         18|        208|     32649050.83|        228|00:00:22|-0.01|0.16|0.9573|
|=|          3|         18|        208|     32629249.14|        243|00:00:21|+0.02|0.16|0.9300|
|=|          8|         18|        208|     32618748.12|        258|00:00:20|+0.01|0.14|0.9387|
|=|          4|         18|        198|     32681247.33|        273|00:00:21|+0.02|0.13|0.9410|
|=|          2|         18|        198|     32673091.80|        288|00:00:20|+0.06|0.15|0.9053|
|=|         11|         18|        198|     32673904.91|        306|00:00:21|+0.06|0.14|0.9046|
+-+-----------+-----------+-----------+----------------+-----------+--------+-----+----+------+
Best-so-far configuration:         198    mean value:      32673904.91
Description of the best-so-far configuration:
    .ID. algorithm localsearch alpha beta  rho ants   q0 rasrank elitistants
198  198       acs           3  2.26 3.36 0.87   61 0.76      NA          NA
    nnls dlb .PARENT.
198   10   0      110

# 2025-09-18 20:16:30 -03: Elite configurations (first number is the configuration ID; listed from best to worst according to the sum of ranks):
    algorithm localsearch alpha beta  rho ants   q0 rasrank elitistants nnls
198       acs           3  2.26 3.36 0.87   61 0.76      NA          NA   10
154       acs           3  2.30 4.25 0.67   21 0.88      NA          NA   12
199       acs           3  2.29 2.58 0.57   35 0.73      NA          NA    8
208       acs           3  2.63 5.38 0.91   53 0.79      NA          NA   31
204       acs           3  3.72 4.42 0.63   72 0.83      NA          NA   10
    dlb
198   0
154   0
199   0
208   1
204   0
# 2025-09-18 20:16:30 -03: Iteration 6 of 6
# experimentsUsed: 1192
# remainingBudget: 1558
# currentBudget: 1558
# nbConfigurations: 45
# Markers:
     x No test is performed.
     c Configurations are discarded only due to capping.
     - The test is performed and some configurations are discarded.
     = The test is performed but no configuration is discarded.
     ! The test is performed and configurations could be discarded but elite configurations are preserved.
     . All alive configurations are elite and nothing is discarded.

+-+-----------+-----------+-----------+----------------+-----------+--------+-----+----+------+
| |   Instance|      Alive|       Best|       Mean best| Exp so far|  W time|  rho|KenW|  Qvar|
+-+-----------+-----------+-----------+----------------+-----------+--------+-----+----+------+
|x|         12|         45|        204|     32509400.00|         45|00:00:53|   NA|  NA|    NA|
|x|          2|         45|        198|     32566311.50|         85|00:00:45|+0.41|0.70|0.7200|
|x|          4|         45|        246|     32784402.00|        125|00:00:47|+0.35|0.56|0.7491|
|x|          7|         45|        223|     32762648.75|        165|00:00:44|+0.29|0.47|0.6975|
|-|          5|         20|        223|     32713359.20|        205|00:00:44|-0.10|0.12|1.0446|
|=|          9|         20|        154|     32657551.00|        220|00:00:20|-0.02|0.15|0.9639|
|=|         11|         20|        198|     32674325.86|        235|00:00:20|+0.01|0.15|0.9436|
|=|         10|         20|        198|     32695456.75|        250|00:00:20|+0.04|0.16|0.9191|
|=|          3|         20|        198|     32666029.67|        265|00:00:20|+0.07|0.17|0.8960|
|=|          1|         20|        198|     32649054.70|        280|00:00:20|+0.06|0.16|0.8973|
|=|          6|         20|        228|     32671966.64|        295|00:00:20|+0.05|0.14|0.9124|
|-|          8|         14|        228|     32658566.50|        310|00:00:20|-0.03|0.05|0.9684|
|=|         13|         14|        228|     32633143.38|        324|00:00:20|-0.04|0.04|0.9728|
|=|         14|         14|        198|     32608093.36|        338|00:00:20|-0.04|0.04|0.9717|
+-+-----------+-----------+-----------+----------------+-----------+--------+-----+----+------+
Best-so-far configuration:         198    mean value:      32608093.36
Description of the best-so-far configuration:
    .ID. algorithm localsearch alpha beta  rho ants   q0 rasrank elitistants
198  198       acs           3  2.26 3.36 0.87   61 0.76      NA          NA
    nnls dlb .PARENT.
198   10   0      110

# 2025-09-18 20:23:33 -03: Elite configurations (first number is the configuration ID; listed from best to worst according to the sum of ranks):
    algorithm localsearch alpha beta  rho ants   q0 rasrank elitistants nnls
198       acs           3  2.26 3.36 0.87   61 0.76      NA          NA   10
228       acs           3  2.16 3.22 0.83   61 0.85      NA          NA   13
239       acs           3  2.39 2.02 0.51   40 0.61      NA          NA   12
243       acs           3  2.21 3.09 0.83   63 0.88      NA          NA    8
154       acs           3  2.30 4.25 0.67   21 0.88      NA          NA   12
    dlb
198   0
228   0
239   0
243   0
154   0
# 2025-09-18 20:23:33 -03: Iteration 7 of 7
# experimentsUsed: 1530
# remainingBudget: 1220
# currentBudget: 1220
# nbConfigurations: 45
# Markers:
     x No test is performed.
     c Configurations are discarded only due to capping.
     - The test is performed and some configurations are discarded.
     = The test is performed but no configuration is discarded.
     ! The test is performed and configurations could be discarded but elite configurations are preserved.
     . All alive configurations are elite and nothing is discarded.

+-+-----------+-----------+-----------+----------------+-----------+--------+-----+----+------+
| |   Instance|      Alive|       Best|       Mean best| Exp so far|  W time|  rho|KenW|  Qvar|
+-+-----------+-----------+-----------+----------------+-----------+--------+-----+----+------+
|x|         15|         45|        251|     32798761.00|         45|00:00:52|   NA|  NA|    NA|
|x|          1|         45|        285|     32670415.50|         85|00:00:44|+0.23|0.61|0.5247|
|x|          2|         45|        285|     32665113.67|        125|00:00:44|+0.21|0.47|0.7454|
|x|          7|         45|        259|     32669395.50|        165|00:00:42|+0.23|0.42|0.7215|
|-|          6|         28|        267|     32700607.40|        205|00:00:44|-0.08|0.13|1.0623|
|=|          8|         28|        255|     32672578.50|        228|00:00:31|-0.05|0.13|1.0109|
|=|         10|         28|        290|     32681145.43|        251|00:00:31|-0.03|0.11|0.9795|
|=|          9|         28|        267|     32657097.88|        274|00:00:31|+0.01|0.13|0.9342|
|=|         11|         28|        290|     32647198.22|        297|00:00:31|+0.04|0.15|0.8987|
|=|         13|         28|        290|     32607521.00|        320|00:00:31|+0.05|0.14|0.8986|
|-|          3|         23|        290|     32596732.91|        343|00:00:31|-0.04|0.06|0.9749|
|=|         14|         23|        290|     32577115.75|        361|00:00:20|-0.04|0.05|0.9792|
|=|         12|         23|        290|     32575127.69|        379|00:00:20|-0.03|0.05|0.9634|
|=|          5|         23|        259|     32586686.86|        397|00:00:21|-0.03|0.04|0.9705|
|=|          4|         23|        290|     32617685.53|        415|00:00:20|-0.02|0.05|0.9711|
|=|         16|         23|        290|     32619175.38|        438|00:00:31|-0.02|0.04|0.9684|
+-+-----------+-----------+-----------+----------------+-----------+--------+-----+----+------+
Best-so-far configuration:         290    mean value:      32619175.38
Description of the best-so-far configuration:
    .ID. algorithm localsearch alpha beta rho ants   q0 rasrank elitistants
290  290       acs           3  2.97  2.7 0.9   65 0.78      NA          NA
    nnls dlb .PARENT.
290   12   0      243

# 2025-09-18 20:32:24 -03: Elite configurations (first number is the configuration ID; listed from best to worst according to the sum of ranks):
    algorithm localsearch alpha beta  rho ants   q0 rasrank elitistants nnls
290       acs           3  2.97 2.70 0.90   65 0.78      NA          NA   12
259       acs           3  2.38 3.03 0.81   63 0.76      NA          NA    9
198       acs           3  2.26 3.36 0.87   61 0.76      NA          NA   10
255       acs           3  2.08 3.93 0.83   58 0.66      NA          NA    9
261       acs           3  2.32 5.13 0.93   59 0.65      NA          NA    9
    dlb
290   0
259   0
198   0
255   0
261   0
# 2025-09-18 20:32:24 -03: Iteration 8 of 8
# experimentsUsed: 1968
# remainingBudget: 782
# currentBudget: 782
# nbConfigurations: 45
# Markers:
     x No test is performed.
     c Configurations are discarded only due to capping.
     - The test is performed and some configurations are discarded.
     = The test is performed but no configuration is discarded.
     ! The test is performed and configurations could be discarded but elite configurations are preserved.
     . All alive configurations are elite and nothing is discarded.

+-+-----------+-----------+-----------+----------------+-----------+--------+-----+----+------+
| |   Instance|      Alive|       Best|       Mean best| Exp so far|  W time|  rho|KenW|  Qvar|
+-+-----------+-----------+-----------+----------------+-----------+--------+-----+----+------+
|x|         17|         45|        306|     31970708.00|         45|00:00:52|   NA|  NA|    NA|
|x|          6|         45|        326|     32414624.50|         85|00:00:42|-0.08|0.46|1.0102|
|x|          9|         45|        326|     32402224.00|        125|00:00:41|+0.04|0.36|0.8645|
|x|          8|         45|        306|     32417583.25|        165|00:00:42|+0.08|0.31|0.8595|
|=|         10|         45|        326|     32519967.40|        205|00:00:42|+0.08|0.26|0.8701|
|-|         16|         31|        290|     32538503.83|        245|00:00:41|-0.07|0.11|1.0112|
|=|          1|         31|        290|     32532297.43|        271|00:00:31|-0.03|0.11|0.9859|
|=|         15|         31|        291|     32574933.38|        297|00:00:31|-0.02|0.10|0.9878|
|=|         11|         31|        290|     32585336.00|        323|00:00:31|-0.01|0.10|0.9690|
|=|         13|         31|        290|     32551845.00|        349|00:00:31|+0.00|0.10|0.9629|
|=|         14|         31|        301|     32533638.09|        375|00:00:31|+0.01|0.10|0.9521|
|=|          4|         31|        290|     32586716.08|        401|00:00:31|+0.02|0.11|0.9401|
|=|          2|         31|        301|     32596027.08|        427|00:00:31|+0.01|0.09|0.9493|
|=|          3|         31|        326|     32584074.64|        453|00:00:31|+0.02|0.09|0.9457|
|=|         12|         31|        290|     32582735.47|        479|00:00:31|+0.03|0.09|0.9409|
|=|          5|         31|        326|     32580355.50|        505|00:00:31|+0.03|0.09|0.9371|
|=|          7|         31|        326|     32587223.82|        531|00:00:31|+0.02|0.08|0.9462|
|=|         18|         31|        290|     32593199.83|        562|00:00:41|+0.02|0.07|0.9473|
+-+-----------+-----------+-----------+----------------+-----------+--------+-----+----+------+
Best-so-far configuration:         290    mean value:      32593199.83
Description of the best-so-far configuration:
    .ID. algorithm localsearch alpha beta rho ants   q0 rasrank elitistants
290  290       acs           3  2.97  2.7 0.9   65 0.78      NA          NA
    nnls dlb .PARENT.
290   12   0      243

# 2025-09-18 20:43:12 -03: Elite configurations (first number is the configuration ID; listed from best to worst according to the sum of ranks):
    algorithm localsearch alpha beta  rho ants   q0 rasrank elitistants nnls
290       acs           3  2.97 2.70 0.90   65 0.78      NA          NA   12
326       acs           3  2.17 3.54 0.91   58 0.69      NA          NA    7
299       acs           3  2.31 3.49 0.79   64 0.77      NA          NA    9
261       acs           3  2.32 5.13 0.93   59 0.65      NA          NA    9
301       acs           3  2.01 2.95 0.77   57 0.76      NA          NA    6
    dlb
290   0
326   0
299   0
261   0
301   0
# 2025-09-18 20:43:12 -03: Stopped because there is not enough budget to enforce the value of nbConfigurations.
# Iteration: 9
# nbIterations: 9
# experimentsUsed: 2530
# timeUsed: 0
# remainingBudget: 220
# currentBudget: 220
# number of elites: 5
# nbConfigurations: 16
# Total CPU user time: 28324.78, CPU sys time: 209.834, Wall-clock time: 3334.193
# 2025-09-18 20:43:12 -03: Starting post-selection:
# Configurations selected: 290, 326, 299, 261, 301, 259, 198, 255, 228, 239, 243, 154, 199, 208, 204, 100.
# Pending instances: 1, 1, 1, 1, 1, 1, 1, 1, 3, 3, 3, 3, 5, 5, 5, 8.
# 2025-09-18 20:43:12 -03: seed: 1500311
# Configurations: 16
# Available experiments: 220
# minSurvival: 1
# Markers:
     x No test is performed.
     c Configurations are discarded only due to capping.
     - The test is performed and some configurations are discarded.
     = The test is performed but no configuration is discarded.
     ! The test is performed and configurations could be discarded but elite configurations are preserved.
     . All alive configurations are elite and nothing is discarded.

+-+-----------+-----------+-----------+----------------+-----------+--------+-----+----+------+
| |   Instance|      Alive|       Best|       Mean best| Exp so far|  W time|  rho|KenW|  Qvar|
+-+-----------+-----------+-----------+----------------+-----------+--------+-----+----+------+
|x|         12|         16|        255|     32484050.00|          1|00:00:10|   NA|  NA|    NA|
|x|         16|         16|        204|     32595434.00|          5|00:00:10|-0.24|0.38|1.0012|
|x|         17|         16|        299|     32412709.00|         13|00:00:10|-0.22|0.19|1.0649|
|.|          5|         16|        299|     32456949.75|         13|00:00:00|-0.07|0.19|1.0022|
|.|          8|         16|        299|     32477020.00|         13|00:00:00|-0.12|0.10|1.0285|
|.|          1|         16|        299|     32489766.33|         13|00:00:00|-0.11|0.08|0.9988|
|.|          9|         16|        299|     32467821.71|         13|00:00:00|-0.09|0.07|1.0003|
|.|         11|         16|        299|     32496335.25|         13|00:00:00|-0.09|0.05|0.9862|
|x|         15|         16|        299|     32536665.11|         17|00:00:10|-0.07|0.04|0.9803|
|x|         18|         16|        199|     32552568.20|         25|00:00:10|-0.07|0.04|0.9845|
|.|         10|         16|        199|     32579750.27|         25|00:00:00|-0.05|0.04|0.9709|
|.|          7|         16|        199|     32596465.75|         25|00:00:00|-0.06|0.03|0.9758|
|.|          6|         16|        199|     32611942.62|         25|00:00:00|-0.04|0.04|0.9632|
|.|          4|         16|        199|     32657087.00|         25|00:00:00|-0.03|0.04|0.9516|
|x|         14|         16|        290|     32618533.53|         26|00:00:10|-0.03|0.04|0.9487|
|.|          3|         16|        290|     32610428.44|         26|00:00:00|-0.02|0.04|0.9448|
|x|         13|         16|        290|     32589251.82|         27|00:00:10|-0.01|0.05|0.9283|
|.|          2|         16|        290|     32593199.83|         27|00:00:00|-0.01|0.05|0.9261|
|=|         19|         16|        299|     32606861.00|         43|00:00:20|-0.00|0.05|0.9269|
|=|         20|         16|        299|     32606029.00|         59|00:00:20|-0.01|0.04|0.9316|
|=|         21|         16|        299|     32601372.90|         75|00:00:20|+0.00|0.05|0.9211|
|=|         22|         16|        299|     32616170.82|         91|00:00:20|+0.00|0.05|0.9226|
|=|         23|         16|        299|     32607467.00|        107|00:00:20|-0.00|0.04|0.9256|
|=|         24|         16|        299|     32613212.46|        123|00:00:20|+0.01|0.05|0.9130|
|=|         25|         16|        301|     32617835.04|        139|00:00:20|+0.01|0.05|0.9114|
|=|         26|         16|        198|     32596964.96|        155|00:00:20|+0.01|0.05|0.9125|
|=|         27|         16|        301|     32599280.89|        171|00:00:20|+0.02|0.05|0.9136|
|=|         28|         16|        301|     32596459.50|        187|00:00:20|+0.01|0.05|0.9184|
|=|         29|         16|        301|     32613464.00|        203|00:00:20|+0.01|0.05|0.9166|
|=|         30|         16|        301|     32616367.87|        219|00:00:20|+0.01|0.05|0.9174|
+-+-----------+-----------+-----------+----------------+-----------+--------+-----+----+------+
Best-so-far configuration:         301    mean value:      32616367.87
Description of the best-so-far configuration:
    .ID. algorithm localsearch alpha beta  rho ants   q0 rasrank elitistants
301  301       acs           3  2.01 2.95 0.77   57 0.76      NA          NA
    nnls dlb .PARENT.
301    6   0      259

# 2025-09-18 20:48:36 -03: Elite configurations (first number is the configuration ID; listed from best to worst according to the sum of ranks):
    algorithm localsearch alpha beta  rho ants   q0 rasrank elitistants nnls
301       acs           3  2.01 2.95 0.77   57 0.76      NA          NA    6
299       acs           3  2.31 3.49 0.79   64 0.77      NA          NA    9
261       acs           3  2.32 5.13 0.93   59 0.65      NA          NA    9
290       acs           3  2.97 2.70 0.90   65 0.78      NA          NA   12
259       acs           3  2.38 3.03 0.81   63 0.76      NA          NA    9
    dlb
301   0
299   0
261   0
290   0
259   0
# Total CPU user time: 30587.78, CPU sys time: 227.91, Wall-clock time: 3658.46
    .ID. algorithm localsearch alpha beta  rho ants   q0 rasrank elitistants
301  301       acs           3  2.01 2.95 0.77   57 0.76      NA          NA
299  299       acs           3  2.31 3.49 0.79   64 0.77      NA          NA
261  261       acs           3  2.32 5.13 0.93   59 0.65      NA          NA
290  290       acs           3  2.97 2.70 0.90   65 0.78      NA          NA
259  259       acs           3  2.38 3.03 0.81   63 0.76      NA          NA
    nnls dlb .PARENT. .RANK.   .WEIGHT.
301    6   0      259    214 0.33333333
299    9   0      259    218 0.26666667
261    9   0      198    220 0.20000000
290   12   0      243    227 0.13333333
259    9   0      228    230 0.06666667
