# 2025-09-19 16:44:33 -03: Reading parameter file '/home/dianag/PruebasPablo/irace-test-executions/ACOTSP-withRanking/Scenarios-2/BH-90/Runs/BH-90_seed_1900393/parameters.txt'.
# 2025-09-19 16:44:33 -03: 1 expression(s) specifying forbidden configurations read.
# 2025-09-19 16:44:33 -03: Initialization
# Elitist race
# Elitist new instances: 1
# Elitist limit: 2
# nbIterations: 5
# minNbSurvival: 5
# nbParameters: 11
# seed: 1900393
# confidence level: 0.95
# budget: 5500
# mu: 5
# deterministic: FALSE

# 2025-09-19 16:44:33 -03: Iteration 1 of 5
# experimentsUsed: 0
# remainingBudget: 5500
# currentBudget: 1100
# nbConfigurations: 90
# Markers:
     x No test is performed.
     c Configurations are discarded only due to capping.
     - The test is performed and some configurations are discarded.
     = The test is performed but no configuration is discarded.
     ! The test is performed and configurations could be discarded but elite configurations are preserved.
     . All alive configurations are elite and nothing is discarded.

+-+-----------+-----------+-----------+----------------+-----------+--------+-----+----+------+
| |   Instance|      Alive|       Best|       Mean best| Exp so far|  W time|  rho|KenW|  Qvar|
+-+-----------+-----------+-----------+----------------+-----------+--------+-----+----+------+
|x|          1|         90|         10|     32944353.00|         90|00:01:57|   NA|  NA|    NA|
|x|          2|         90|         21|     32742153.00|        180|00:01:59|+0.98|0.99|0.0017|
|x|          3|         90|         18|     32659248.00|        270|00:01:57|+0.98|0.99|0.0013|
|x|          4|         90|         18|     32609778.00|        360|00:02:00|+0.98|0.98|0.0013|
|-|          5|          7|         55|     32570582.40|        450|00:01:59|+0.20|0.36|0.5846|
|=|          6|          7|         55|     32556169.67|        457|00:00:24|+0.10|0.25|0.6974|
|=|          7|          7|         55|     32576683.71|        464|00:00:25|+0.10|0.23|0.6989|
+-+-----------+-----------+-----------+----------------+-----------+--------+-----+----+------+
Best-so-far configuration:          55    mean value:      32576683.71
Description of the best-so-far configuration:
   .ID. algorithm localsearch alpha beta  rho ants q0 rasrank elitistants nnls
55   55       ras           3  3.39  4.6 0.46   46 NA      24          NA   18
   dlb .PARENT.
55   0       NA

# 2025-09-19 16:55:18 -03: Elite configurations (first number is the configuration ID; listed from best to worst according to the sum of ranks):
   algorithm localsearch alpha beta  rho ants   q0 rasrank elitistants nnls dlb
55       ras           3  3.39 4.60 0.46   46   NA      24          NA   18   0
10      mmas           3  1.75 7.26 0.60   29   NA      NA          NA   29   1
18      mmas           3  4.10 3.82 0.32   92   NA      NA          NA   50   0
21       acs           3  0.97 7.57 0.94    8 0.95      NA          NA   33   0
48        as           3  3.86 0.54 0.05   19   NA      NA          NA   19   1
# 2025-09-19 16:55:18 -03: Iteration 2 of 5
# experimentsUsed: 464
# remainingBudget: 5036
# currentBudget: 1259
# nbConfigurations: 90
# Markers:
     x No test is performed.
     c Configurations are discarded only due to capping.
     - The test is performed and some configurations are discarded.
     = The test is performed but no configuration is discarded.
     ! The test is performed and configurations could be discarded but elite configurations are preserved.
     . All alive configurations are elite and nothing is discarded.

+-+-----------+-----------+-----------+----------------+-----------+--------+-----+----+------+
| |   Instance|      Alive|       Best|       Mean best| Exp so far|  W time|  rho|KenW|  Qvar|
+-+-----------+-----------+-----------+----------------+-----------+--------+-----+----+------+
|x|          8|         90|        153|     32764531.00|         90|00:02:20|   NA|  NA|    NA|
|x|          4|         90|        153|     32588915.50|        175|00:02:09|+0.97|0.99|0.0017|
|x|          5|         90|        153|     32525860.33|        260|00:02:09|+0.97|0.98|0.0022|
|x|          1|         90|        140|     32671905.50|        345|00:02:11|+0.97|0.98|0.0019|
|-|          2|         11|        140|     32638391.00|        430|00:02:12|+0.11|0.29|0.7182|
|=|          3|         11|        153|     32581678.33|        436|00:00:12|+0.14|0.28|0.7000|
|=|          7|         11|        153|     32585232.86|        442|00:00:17|+0.12|0.24|0.7137|
|-|          6|          7|        153|     32557498.00|        448|00:00:13|+0.01|0.14|0.8170|
|=|          9|          7|        153|     32576822.11|        455|00:00:15|+0.07|0.17|0.7825|
|=|         10|          7|        153|     32578818.00|        462|00:00:15|+0.04|0.13|0.8077|
+-+-----------+-----------+-----------+----------------+-----------+--------+-----+----+------+
Best-so-far configuration:         153    mean value:      32578818.00
Description of the best-so-far configuration:
    .ID. algorithm localsearch alpha beta  rho ants  q0 rasrank elitistants
153  153       acs           3  3.42 6.25 0.12   50 0.6      NA          NA
    nnls dlb .PARENT.
153   22   0       55

# 2025-09-19 17:07:38 -03: Elite configurations (first number is the configuration ID; listed from best to worst according to the sum of ranks):
    algorithm localsearch alpha beta  rho ants   q0 rasrank elitistants nnls
153       acs           3  3.42 6.25 0.12   50 0.60      NA          NA   22
131       acs           2  3.13 3.59 0.34   55 0.04      NA          NA   42
155       acs           3  2.70 7.00 0.42   57 0.40      NA          NA   21
140       acs           3  2.01 9.98 0.40   12 0.71      NA          NA   14
126      mmas           3  1.22 4.05 0.63   27   NA      NA          NA   28
    dlb
153   0
131   0
155   0
140   0
126   0
# 2025-09-19 17:07:38 -03: Iteration 3 of 5
# experimentsUsed: 926
# remainingBudget: 4574
# currentBudget: 1524
# nbConfigurations: 90
# Markers:
     x No test is performed.
     c Configurations are discarded only due to capping.
     - The test is performed and some configurations are discarded.
     = The test is performed but no configuration is discarded.
     ! The test is performed and configurations could be discarded but elite configurations are preserved.
     . All alive configurations are elite and nothing is discarded.

+-+-----------+-----------+-----------+----------------+-----------+--------+-----+----+------+
| |   Instance|      Alive|       Best|       Mean best| Exp so far|  W time|  rho|KenW|  Qvar|
+-+-----------+-----------+-----------+----------------+-----------+--------+-----+----+------+
|x|         11|         90|        239|     32478645.00|         90|00:02:27|   NA|  NA|    NA|
|x|          2|         90|        258|     32495629.50|        175|00:02:12|+0.96|0.98|0.0052|
|x|          3|         90|        239|     32454495.67|        260|00:02:08|+0.93|0.96|0.0063|
|x|          9|         90|        239|     32515947.75|        345|00:02:12|+0.94|0.96|0.0062|
|-|          4|         10|        258|     32486282.40|        430|00:02:18|+0.26|0.41|0.6648|
|-|          5|          9|        239|     32478801.67|        435|00:00:16|+0.26|0.39|0.6184|
|!|          1|          9|        239|     32537136.29|        439|00:00:10|+0.19|0.31|0.7150|
|-|         10|          8|        239|     32536553.38|        443|00:00:11|+0.23|0.33|0.6860|
|!|          7|          8|        239|     32538620.78|        446|00:00:11|+0.30|0.38|0.6224|
|!|          8|          8|        239|     32556922.90|        449|00:00:12|+0.32|0.39|0.5910|
|-|          6|          4|        239|     32545034.00|        452|00:00:12|+0.01|0.10|0.6816|
+-+-----------+-----------+-----------+----------------+-----------+--------+-----+----+------+
Best-so-far configuration:         239    mean value:      32545034.00
Description of the best-so-far configuration:
    .ID. algorithm localsearch alpha beta  rho ants   q0 rasrank elitistants
239  239       acs           3  3.69 3.84 0.09   51 0.33      NA          NA
    nnls dlb .PARENT.
239   15   1      153

# 2025-09-19 17:20:11 -03: Elite configurations (first number is the configuration ID; listed from best to worst according to the sum of ranks):
    algorithm localsearch alpha beta  rho ants   q0 rasrank elitistants nnls
239       acs           3  3.69 3.84 0.09   51 0.33      NA          NA   15
194       acs           3  3.90 8.78 0.48   43 0.40      NA          NA   10
258       acs           3  2.48 7.10 0.24   27 0.30      NA          NA   22
153       acs           3  3.42 6.25 0.12   50 0.60      NA          NA   22
    dlb
239   1
194   0
258   0
153   0
# 2025-09-19 17:20:11 -03: Iteration 4 of 5
# experimentsUsed: 1378
# remainingBudget: 4122
# currentBudget: 2061
# nbConfigurations: 90
# Markers:
     x No test is performed.
     c Configurations are discarded only due to capping.
     - The test is performed and some configurations are discarded.
     = The test is performed but no configuration is discarded.
     ! The test is performed and configurations could be discarded but elite configurations are preserved.
     . All alive configurations are elite and nothing is discarded.

+-+-----------+-----------+-----------+----------------+-----------+--------+-----+----+------+
| |   Instance|      Alive|       Best|       Mean best| Exp so far|  W time|  rho|KenW|  Qvar|
+-+-----------+-----------+-----------+----------------+-----------+--------+-----+----+------+
|x|         12|         90|        341|     32415849.00|         90|00:01:51|   NA|  NA|    NA|
|x|         10|         90|        317|     32486294.50|        176|00:01:45|+0.76|0.88|0.0050|
|x|          7|         90|        317|     32514865.67|        262|00:01:47|+0.75|0.83|0.0098|
|x|          2|         90|        317|     32494942.00|        348|00:01:45|+0.74|0.80|0.0075|
|-|          5|         16|        265|     32472572.20|        434|00:01:44|+0.07|0.26|0.8512|
|-|          8|         12|        265|     32514255.67|        446|00:00:20|+0.11|0.25|0.7727|
|=|          3|         12|        265|     32496963.43|        454|00:00:10|+0.12|0.24|0.7635|
|-|          4|         10|        265|     32481944.50|        462|00:00:10|+0.13|0.24|0.7718|
|!|         11|         10|        336|     32486725.89|        468|00:00:10|+0.12|0.22|0.7728|
|-|          1|          9|        336|     32520504.30|        474|00:00:10|+0.20|0.28|0.7032|
|!|          9|          9|        336|     32532744.45|        479|00:00:10|+0.25|0.31|0.6670|
|-|          6|          6|        265|     32523372.25|        484|00:00:10|+0.02|0.10|0.8526|
|=|         13|          6|        265|     32541483.54|        490|00:00:10|-0.02|0.06|0.8668|
|=|         14|          6|        265|     32523045.21|        496|00:00:10|+0.01|0.08|0.8439|
+-+-----------+-----------+-----------+----------------+-----------+--------+-----+----+------+
Best-so-far configuration:         265    mean value:      32523045.21
Description of the best-so-far configuration:
    .ID. algorithm localsearch alpha beta  rho ants  q0 rasrank elitistants
265  265       acs           3  3.05 6.89 0.21   43 0.4      NA          NA
    nnls dlb .PARENT.
265   18   1      239

# 2025-09-19 17:30:51 -03: Elite configurations (first number is the configuration ID; listed from best to worst according to the sum of ranks):
    algorithm localsearch alpha beta  rho ants   q0 rasrank elitistants nnls
265       acs           3  3.05 6.89 0.21   43 0.40      NA          NA   18
336       acs           3  3.18 3.66 0.15   44 0.42      NA          NA   11
317       acs           3  3.64 5.97 0.24   58 0.34      NA          NA   14
297       acs           3  3.52 2.01 0.37   59 0.30      NA          NA   12
239       acs           3  3.69 3.84 0.09   51 0.33      NA          NA   15
    dlb
265   1
336   1
317   1
297   1
239   1
# 2025-09-19 17:30:51 -03: Iteration 5 of 5
# experimentsUsed: 1874
# remainingBudget: 3626
# currentBudget: 3626
# nbConfigurations: 90
# Markers:
     x No test is performed.
     c Configurations are discarded only due to capping.
     - The test is performed and some configurations are discarded.
     = The test is performed but no configuration is discarded.
     ! The test is performed and configurations could be discarded but elite configurations are preserved.
     . All alive configurations are elite and nothing is discarded.

+-+-----------+-----------+-----------+----------------+-----------+--------+-----+----+------+
| |   Instance|      Alive|       Best|       Mean best| Exp so far|  W time|  rho|KenW|  Qvar|
+-+-----------+-----------+-----------+----------------+-----------+--------+-----+----+------+
|x|         15|         90|        369|     32560706.00|         90|00:01:35|   NA|  NA|    NA|
|x|          1|         90|        367|     32701516.00|        175|00:01:33|+0.65|0.82|0.0042|
|x|          7|         90|        369|     32652341.33|        260|00:01:33|+0.63|0.75|0.0042|
|x|          4|         90|        369|     32575695.00|        345|00:01:33|+0.66|0.74|0.0045|
|-|          5|         22|        431|     32545302.20|        430|00:01:33|+0.05|0.24|0.9206|
|=|         14|         22|        369|     32502769.00|        447|00:00:20|+0.05|0.21|0.9244|
|=|          9|         22|        431|     32516260.43|        464|00:00:20|+0.09|0.22|0.8763|
|-|          2|         16|        369|     32507746.88|        481|00:00:20|+0.13|0.24|0.8146|
|=|         10|         16|        431|     32509098.22|        492|00:00:20|+0.08|0.18|0.8679|
|-|          3|         15|        431|     32491251.90|        503|00:00:20|+0.08|0.17|0.8480|
|=|         12|         15|        431|     32489921.09|        513|00:00:10|+0.05|0.13|0.8727|
|=|         11|         15|        431|     32493068.17|        523|00:00:10|+0.02|0.11|0.8975|
|=|         13|         15|        431|     32514844.38|        533|00:00:10|-0.00|0.08|0.9131|
|=|          8|         15|        431|     32529884.57|        543|00:00:10|+0.00|0.07|0.9069|
|=|          6|         15|        431|     32518226.73|        553|00:00:10|+0.01|0.07|0.9006|
|=|         16|         15|        431|     32524137.75|        568|00:00:20|+0.01|0.07|0.9015|
+-+-----------+-----------+-----------+----------------+-----------+--------+-----+----+------+
Best-so-far configuration:         431    mean value:      32524137.75
Description of the best-so-far configuration:
    .ID. algorithm localsearch alpha beta rho ants   q0 rasrank elitistants
431  431       acs           3  3.55 7.75 0.4   54 0.35      NA          NA
    nnls dlb .PARENT.
431   21   1      317

# 2025-09-19 17:41:39 -03: Elite configurations (first number is the configuration ID; listed from best to worst according to the sum of ranks):
    algorithm localsearch alpha beta  rho ants   q0 rasrank elitistants nnls
431       acs           3  3.55 7.75 0.40   54 0.35      NA          NA   21
367       acs           3  3.04 6.37 0.32   52 0.25      NA          NA   11
359       acs           3  3.78 4.51 0.26   62 0.56      NA          NA   12
369       acs           3  3.75 5.54 0.15   54 0.51      NA          NA   12
365       acs           3  2.41 1.97 0.30   52 0.61      NA          NA   15
    dlb
431   1
367   1
359   1
369   1
365   1
# 2025-09-19 17:41:39 -03: Iteration 6 of 6
# experimentsUsed: 2442
# remainingBudget: 3058
# currentBudget: 3058
# nbConfigurations: 90
# Markers:
     x No test is performed.
     c Configurations are discarded only due to capping.
     - The test is performed and some configurations are discarded.
     = The test is performed but no configuration is discarded.
     ! The test is performed and configurations could be discarded but elite configurations are preserved.
     . All alive configurations are elite and nothing is discarded.

+-+-----------+-----------+-----------+----------------+-----------+--------+-----+----+------+
| |   Instance|      Alive|       Best|       Mean best| Exp so far|  W time|  rho|KenW|  Qvar|
+-+-----------+-----------+-----------+----------------+-----------+--------+-----+----+------+
|x|         17|         90|        506|     32826927.00|         90|00:01:33|   NA|  NA|    NA|
|x|         14|         90|        369|     32576700.50|        175|00:01:33|+0.32|0.66|0.3696|
|x|          6|         90|        481|     32484544.00|        260|00:01:33|+0.37|0.58|0.4268|
|x|         11|         90|        443|     32500109.75|        345|00:01:33|+0.42|0.56|0.4052|
|-|          1|         47|        443|     32572894.00|        430|00:01:33|-0.11|0.11|1.0829|
|=|          8|         47|        466|     32593240.83|        472|00:00:51|-0.08|0.10|1.0474|
|=|         13|         47|        516|     32614096.14|        514|00:00:52|-0.06|0.09|1.0476|
|=|          3|         47|        443|     32580353.62|        556|00:00:51|-0.04|0.09|1.0198|
|=|          5|         47|        443|     32559682.44|        598|00:00:52|-0.03|0.09|1.0080|
|=|          4|         47|        496|     32539360.20|        640|00:00:51|-0.00|0.10|0.9821|
|=|         15|         47|        443|     32545539.55|        682|00:00:51|+0.01|0.10|0.9729|
|=|          9|         47|        443|     32555492.92|        724|00:00:51|+0.03|0.11|0.9551|
|=|          2|         47|        468|     32551439.38|        766|00:00:51|+0.02|0.10|0.9589|
|-|          7|         35|        431|     32547547.50|        808|00:00:51|-0.03|0.05|0.9964|
|=|         12|         35|        431|     32542818.53|        838|00:00:31|-0.02|0.04|0.9944|
|=|         16|         35|        431|     32547192.56|        868|00:00:31|-0.01|0.05|0.9848|
|=|         10|         35|        431|     32546453.88|        898|00:00:31|-0.01|0.05|0.9787|
|=|         18|         35|        443|     32542533.50|        933|00:00:41|-0.00|0.05|0.9763|
+-+-----------+-----------+-----------+----------------+-----------+--------+-----+----+------+
Best-so-far configuration:         443    mean value:      32542533.50
Description of the best-so-far configuration:
    .ID. algorithm localsearch alpha beta  rho ants   q0 rasrank elitistants
443  443       acs           3     4 5.24 0.11   53 0.38      NA          NA
    nnls dlb .PARENT.
443   11   1      369

# 2025-09-19 17:59:31 -03: Elite configurations (first number is the configuration ID; listed from best to worst according to the sum of ranks):
    algorithm localsearch alpha beta  rho ants   q0 rasrank elitistants nnls
443       acs           3  4.00 5.24 0.11   53 0.38      NA          NA   11
516       acs           3  3.41 6.45 0.29   55 0.17      NA          NA   13
431       acs           3  3.55 7.75 0.40   54 0.35      NA          NA   21
367       acs           3  3.04 6.37 0.32   52 0.25      NA          NA   11
359       acs           3  3.78 4.51 0.26   62 0.56      NA          NA   12
    dlb
443   1
516   1
431   1
367   1
359   1
# 2025-09-19 17:59:31 -03: Iteration 7 of 7
# experimentsUsed: 3375
# remainingBudget: 2125
# currentBudget: 2125
# nbConfigurations: 90
# Markers:
     x No test is performed.
     c Configurations are discarded only due to capping.
     - The test is performed and some configurations are discarded.
     = The test is performed but no configuration is discarded.
     ! The test is performed and configurations could be discarded but elite configurations are preserved.
     . All alive configurations are elite and nothing is discarded.

+-+-----------+-----------+-----------+----------------+-----------+--------+-----+----+------+
| |   Instance|      Alive|       Best|       Mean best| Exp so far|  W time|  rho|KenW|  Qvar|
+-+-----------+-----------+-----------+----------------+-----------+--------+-----+----+------+
|x|         19|         90|        600|     32727270.00|         90|00:01:33|   NA|  NA|    NA|
|x|          8|         90|        563|     32703523.00|        175|00:01:33|+0.48|0.74|0.2622|
|x|         10|         90|        569|     32633511.67|        260|00:01:33|+0.35|0.57|0.2942|
|x|         12|         90|        553|     32606413.50|        345|00:01:33|+0.32|0.49|0.3190|
|-|          4|         55|        553|     32555450.80|        430|00:01:33|-0.11|0.11|1.0734|
|=|         16|         55|        553|     32562313.00|        480|00:00:52|-0.07|0.11|1.0399|
|=|         11|         55|        553|     32552446.86|        530|00:00:52|-0.03|0.12|1.0065|
|=|         14|         55|        579|     32523700.62|        580|00:00:52|-0.00|0.12|0.9790|
|=|         17|         55|        579|     32555337.56|        630|00:00:52|-0.01|0.10|0.9810|
|=|          5|         55|        579|     32539130.70|        680|00:00:52|-0.01|0.09|0.9754|
|=|          6|         55|        579|     32525007.82|        730|00:00:52|+0.00|0.09|0.9641|
|=|          3|         55|        527|     32516305.58|        780|00:00:52|+0.00|0.09|0.9720|
|=|         13|         55|        523|     32536410.31|        830|00:00:52|+0.00|0.08|0.9733|
|=|          2|         55|        574|     32526074.57|        880|00:00:52|+0.00|0.07|0.9702|
|=|          9|         55|        574|     32533125.40|        930|00:00:52|+0.01|0.08|0.9623|
|=|         15|         55|        579|     32532722.62|        980|00:00:52|+0.01|0.08|0.9604|
|-|          7|         41|        579|     32533623.71|       1030|00:00:52|-0.02|0.04|0.9883|
|=|          1|         41|        579|     32552987.56|       1066|00:00:41|-0.02|0.04|0.9922|
|=|         18|         41|        579|     32548475.21|       1102|00:00:41|-0.02|0.03|0.9885|
|=|         20|         41|        546|     32566390.65|       1143|00:00:51|-0.02|0.03|0.9894|
+-+-----------+-----------+-----------+----------------+-----------+--------+-----+----+------+
Best-so-far configuration:         546    mean value:      32566390.65
Description of the best-so-far configuration:
    .ID. algorithm localsearch alpha beta  rho ants   q0 rasrank elitistants
546  546       acs           3  3.88 4.78 0.16   51 0.36      NA          NA
    nnls dlb .PARENT.
546   10   1      443

# 2025-09-19 18:20:00 -03: Elite configurations (first number is the configuration ID; listed from best to worst according to the sum of ranks):
    algorithm localsearch alpha beta  rho ants   q0 rasrank elitistants nnls
546       acs           3  3.88 4.78 0.16   51 0.36      NA          NA   10
574       acs           3  3.23 6.29 0.27   55 0.22      NA          NA   14
367       acs           3  3.04 6.37 0.32   52 0.25      NA          NA   11
579       acs           3  4.01 4.99 0.14   51 0.23      NA          NA   12
563       acs           3  4.14 4.86 0.15   53 0.24      NA          NA   10
    dlb
546   1
574   1
367   1
579   1
563   1
# 2025-09-19 18:20:00 -03: Stopped because there is not enough budget to enforce the value of nbConfigurations.
# Iteration: 8
# nbIterations: 8
# experimentsUsed: 4518
# timeUsed: 0
# remainingBudget: 982
# currentBudget: 982
# number of elites: 5
# nbConfigurations: 51
# Total CPU user time: 51270.31, CPU sys time: 378.688, Wall-clock time: 5727.309
# 2025-09-19 18:20:00 -03: Starting post-selection:
# Configurations selected: 546, 574, 367, 579, 563, 443, 516, 431, 359, 369, 365, 265, 336, 317, 297, 239.
# Pending instances: 1, 1, 1, 1, 1, 1, 1, 1, 1, 3, 3, 5, 5, 5, 5, 5.
# 2025-09-19 18:20:01 -03: seed: 1900393
# Configurations: 16
# Available experiments: 982
# minSurvival: 1
# Markers:
     x No test is performed.
     c Configurations are discarded only due to capping.
     - The test is performed and some configurations are discarded.
     = The test is performed but no configuration is discarded.
     ! The test is performed and configurations could be discarded but elite configurations are preserved.
     . All alive configurations are elite and nothing is discarded.

+-+-----------+-----------+-----------+----------------+-----------+--------+-----+----+------+
| |   Instance|      Alive|       Best|       Mean best| Exp so far|  W time|  rho|KenW|  Qvar|
+-+-----------+-----------+-----------+----------------+-----------+--------+-----+----+------+
|.|          6|         16|        367|     32275834.00|          0|00:00:00|   NA|  NA|    NA|
|.|         10|         16|        367|     32400587.50|          0|00:00:00|-0.03|0.48|1.0851|
|x|         20|         16|        367|     32507750.67|          7|00:00:10|-0.07|0.29|1.0478|
|x|         17|         16|        359|     32616306.25|         12|00:00:10|+0.01|0.26|0.9738|
|.|          9|         16|        359|     32619487.00|         12|00:00:00|+0.02|0.22|0.9145|
|.|         15|         16|        359|     32613947.67|         12|00:00:00|+0.10|0.25|0.8454|
|.|          8|         16|        359|     32631679.29|         12|00:00:00|+0.03|0.17|0.8897|
|.|         14|         16|        359|     32596059.00|         12|00:00:00|+0.05|0.17|0.8633|
|.|          4|         16|        359|     32566894.11|         12|00:00:00|+0.08|0.19|0.8339|
|x|         18|         16|        579|     32541976.20|         17|00:00:10|+0.05|0.15|0.8573|
|x|         19|         16|        579|     32563166.64|         24|00:00:10|+0.06|0.14|0.8484|
|.|         13|         16|        579|     32582854.17|         24|00:00:00|+0.04|0.12|0.8697|
|.|          5|         16|        579|     32568270.69|         24|00:00:00|+0.04|0.12|0.8725|
|.|         16|         16|        579|     32568798.93|         24|00:00:00|+0.05|0.12|0.8613|
|.|          3|         16|        579|     32557525.00|         24|00:00:00|+0.06|0.12|0.8651|
|.|         11|         16|        579|     32556895.81|         24|00:00:00|+0.04|0.10|0.8774|
|.|          1|         16|        579|     32576029.76|         24|00:00:00|+0.04|0.10|0.8837|
|.|          2|         16|        579|     32566394.11|         24|00:00:00|+0.04|0.09|0.8820|
|.|         12|         16|        579|     32562747.05|         24|00:00:00|+0.02|0.07|0.8962|
|.|          7|         16|        579|     32562011.75|         24|00:00:00|+0.03|0.08|0.8946|
|=|         21|         16|        574|     32560444.67|         40|00:00:20|+0.02|0.06|0.9064|
|=|         22|         16|        563|     32561945.18|         56|00:00:20|+0.03|0.07|0.8928|
|=|         23|         16|        443|     32553532.96|         72|00:00:20|+0.02|0.07|0.8985|
|=|         24|         16|        443|     32540175.58|         88|00:00:20|+0.03|0.07|0.9017|
|=|         25|         16|        443|     32560802.84|        104|00:00:20|+0.03|0.06|0.8997|
|=|         26|         16|        443|     32559202.88|        120|00:00:20|+0.02|0.06|0.9065|
|=|         27|         16|        443|     32572831.37|        136|00:00:21|+0.02|0.06|0.9033|
|-|         28|         14|        443|     32568635.00|        152|00:00:20|-0.01|0.03|0.9259|
|=|         29|         14|        563|     32563499.03|        166|00:00:20|-0.01|0.02|0.9302|
|=|         30|         14|        369|     32563903.37|        180|00:00:20|-0.01|0.02|0.9308|
|=|         31|         14|        369|     32577507.74|        194|00:00:20|-0.01|0.02|0.9298|
|=|         32|         14|        563|     32575689.94|        208|00:00:20|-0.01|0.02|0.9260|
|=|         33|         14|        563|     32574089.30|        222|00:00:20|-0.00|0.03|0.9248|
|=|         34|         14|        563|     32564500.44|        236|00:00:20|-0.01|0.02|0.9284|
|=|         35|         14|        563|     32564683.43|        250|00:00:21|-0.00|0.03|0.9245|
|=|         36|         14|        563|     32574770.39|        264|00:00:20|-0.00|0.03|0.9222|
|=|         37|         14|        563|     32572395.46|        278|00:00:20|-0.00|0.02|0.9229|
|=|         38|         14|        563|     32576713.53|        292|00:00:20|-0.00|0.03|0.9207|
|=|         39|         14|        563|     32576002.38|        306|00:00:20|-0.00|0.03|0.9205|
|=|         40|         14|        563|     32578447.32|        320|00:00:20|+0.00|0.03|0.9202|
|=|         41|         14|        563|     32584045.90|        334|00:00:20|+0.00|0.03|0.9168|
|=|         42|         14|        563|     32582066.12|        348|00:00:21|+0.01|0.03|0.9119|
|=|         43|         14|        563|     32578987.95|        362|00:00:20|+0.01|0.03|0.9128|
|=|         44|         14|        563|     32573029.43|        376|00:00:20|+0.01|0.03|0.9132|
|=|         45|         14|        563|     32566460.40|        390|00:00:20|+0.01|0.03|0.9139|
|=|         46|         14|        563|     32566417.65|        404|00:00:20|+0.01|0.03|0.9124|
|=|         47|         14|        563|     32560716.30|        418|00:00:20|+0.01|0.03|0.9131|
|=|         48|         14|        563|     32562257.40|        432|00:00:20|+0.02|0.04|0.9121|
|-|         49|          7|        563|     32562145.39|        446|00:00:20|-0.01|0.01|0.8603|
|=|         50|          7|        563|     32567087.14|        453|00:00:10|-0.01|0.01|0.8600|
|=|         51|          7|        563|     32564097.47|        460|00:00:10|-0.01|0.01|0.8589|
|=|         52|          7|        563|     32570328.54|        467|00:00:10|-0.01|0.01|0.8622|
|=|         53|          7|        563|     32568146.15|        474|00:00:10|-0.01|0.01|0.8602|
|=|         54|          7|        563|     32567854.74|        481|00:00:10|-0.01|0.01|0.8615|
|=|         55|          7|        563|     32572879.98|        488|00:00:10|-0.01|0.01|0.8615|
|=|         56|          7|        563|     32572281.62|        495|00:00:10|-0.01|0.01|0.8585|
|=|         57|          7|        563|     32572046.14|        502|00:00:10|-0.01|0.01|0.8592|
|=|         58|          7|        563|     32569194.43|        509|00:00:10|-0.01|0.01|0.8603|
|=|         59|          7|        563|     32567400.27|        516|00:00:10|-0.01|0.01|0.8619|
|=|         60|          7|        563|     32564433.75|        523|00:00:10|-0.01|0.01|0.8593|
|=|         61|          7|        563|     32562598.02|        530|00:00:10|-0.01|0.01|0.8619|
|=|         62|          7|        563|     32562917.77|        537|00:00:10|-0.01|0.01|0.8640|
|=|         63|          7|        563|     32560586.89|        544|00:00:10|-0.01|0.01|0.8630|
|=|         64|          7|        563|     32558911.59|        551|00:00:10|-0.01|0.01|0.8643|
|=|         65|          7|        563|     32558792.03|        558|00:00:10|-0.01|0.01|0.8636|
|=|         66|          7|        563|     32561253.21|        565|00:00:10|-0.01|0.01|0.8620|
|=|         67|          7|        563|     32561419.07|        572|00:00:10|-0.01|0.01|0.8624|
|=|         68|          7|        563|     32563955.28|        579|00:00:10|-0.01|0.01|0.8634|
|=|         69|          7|        443|     32559506.12|        586|00:00:10|-0.01|0.00|0.8634|
|=|         70|          7|        563|     32559865.76|        593|00:00:10|-0.01|0.01|0.8634|
|=|         71|          7|        563|     32559917.90|        600|00:00:10|-0.01|0.01|0.8627|
|=|         72|          7|        563|     32561779.17|        607|00:00:10|-0.01|0.01|0.8632|
|=|         73|          7|        563|     32561339.52|        614|00:00:10|-0.01|0.00|0.8632|
|=|         74|          7|        563|     32559062.99|        621|00:00:10|-0.01|0.00|0.8636|
|=|         75|          7|        443|     32561551.96|        628|00:00:10|-0.01|0.00|0.8641|
|=|         76|          7|        563|     32552602.51|        635|00:00:10|-0.01|0.00|0.8650|
|=|         77|          7|        563|     32554065.71|        642|00:00:10|-0.01|0.00|0.8634|
|=|         78|          7|        443|     32553498.32|        649|00:00:10|-0.01|0.00|0.8629|
|=|         79|          7|        563|     32552604.86|        656|00:00:10|-0.01|0.00|0.8627|
|=|         80|          7|        443|     32555388.85|        663|00:00:10|-0.01|0.00|0.8622|
|=|         81|          7|        443|     32555678.26|        670|00:00:10|-0.01|0.00|0.8620|
|=|         82|          7|        443|     32555119.63|        677|00:00:10|-0.01|0.00|0.8615|
|=|         83|          7|        369|     32555593.65|        684|00:00:10|-0.01|0.00|0.8619|
|=|         84|          7|        369|     32558869.12|        691|00:00:10|-0.01|0.00|0.8621|
|=|         85|          7|        443|     32560874.42|        698|00:00:10|-0.01|0.00|0.8613|
|=|         86|          7|        443|     32555910.45|        705|00:00:10|-0.01|0.00|0.8609|
|=|         87|          7|        443|     32560843.23|        712|00:00:10|-0.01|0.00|0.8597|
|=|         88|          7|        563|     32559492.44|        719|00:00:10|-0.01|0.00|0.8605|
|=|         89|          7|        443|     32558620.82|        726|00:00:10|-0.01|0.00|0.8603|
|=|         90|          7|        443|     32560141.07|        733|00:00:10|-0.01|0.00|0.8602|
|=|         91|          7|        563|     32562253.79|        740|00:00:10|-0.01|0.00|0.8611|
|=|         92|          7|        369|     32562472.13|        747|00:00:10|-0.01|0.00|0.8607|
|=|         93|          7|        443|     32563564.27|        754|00:00:10|-0.01|0.00|0.8617|
|=|         94|          7|        369|     32560128.50|        761|00:00:10|-0.01|0.00|0.8608|
|=|         95|          7|        369|     32556532.94|        768|00:00:10|-0.01|0.00|0.8605|
|=|         96|          7|        369|     32558935.89|        775|00:00:10|-0.01|0.00|0.8605|
|=|         97|          7|        369|     32560647.01|        782|00:00:10|-0.01|0.00|0.8614|
|=|         98|          7|        369|     32557058.16|        789|00:00:10|-0.01|0.00|0.8608|
|=|         99|          7|        369|     32556509.54|        796|00:00:10|-0.01|0.00|0.8606|
|=|        100|          7|        369|     32554810.93|        803|00:00:10|-0.01|0.00|0.8597|
|=|        101|          7|        369|     32555796.61|        810|00:00:10|-0.01|0.00|0.8587|
|=|        102|          7|        369|     32558124.16|        817|00:00:10|-0.01|0.00|0.8594|
|=|        103|          7|        369|     32561205.74|        824|00:00:10|-0.01|0.00|0.8591|
|=|        104|          7|        563|     32559070.93|        831|00:00:10|-0.01|0.00|0.8585|
|=|        105|          7|        563|     32561991.70|        838|00:00:10|-0.01|0.00|0.8585|
|=|        106|          7|        563|     32562845.70|        845|00:00:10|-0.01|0.00|0.8582|
|=|        107|          7|        563|     32562114.83|        852|00:00:10|-0.01|0.00|0.8580|
|=|        108|          7|        563|     32562803.06|        859|00:00:10|-0.01|0.00|0.8585|
|=|        109|          7|        563|     32561762.16|        866|00:00:10|-0.01|0.00|0.8595|
|=|        110|          7|        369|     32561853.35|        873|00:00:10|-0.01|0.00|0.8599|
|=|        111|          7|        369|     32559372.76|        880|00:00:10|-0.01|0.00|0.8602|
|=|        112|          7|        369|     32560177.46|        887|00:00:10|-0.01|0.00|0.8601|
|=|        113|          7|        369|     32557666.10|        894|00:00:10|-0.01|0.00|0.8598|
|=|        114|          7|        369|     32558678.51|        901|00:00:10|-0.01|0.00|0.8591|
|=|        115|          7|        369|     32558009.74|        908|00:00:10|-0.01|0.00|0.8598|
|=|        116|          7|        369|     32562560.22|        915|00:00:10|-0.01|0.00|0.8598|
|=|        117|          7|        369|     32562699.78|        922|00:00:10|-0.01|0.00|0.8591|
|=|        118|          7|        369|     32564096.76|        929|00:00:10|-0.01|0.00|0.8590|
|=|        119|          7|        369|     32564151.34|        936|00:00:10|-0.01|0.00|0.8588|
|=|        120|          7|        369|     32565907.82|        943|00:00:10|-0.01|0.00|0.8593|
|=|        121|          7|        369|     32566149.79|        950|00:00:10|-0.01|0.00|0.8588|
|=|        122|          7|        369|     32565888.48|        957|00:00:10|-0.01|0.00|0.8592|
|=|        123|          7|        369|     32562461.71|        964|00:00:10|-0.00|0.00|0.8587|
|=|        124|          7|        369|     32561443.32|        971|00:00:10|-0.00|0.00|0.8581|
|=|        125|          7|        369|     32560971.54|        978|00:00:10|-0.00|0.00|0.8587|
+-+-----------+-----------+-----------+----------------+-----------+--------+-----+----+------+
Best-so-far configuration:         369    mean value:      32560971.54
Description of the best-so-far configuration:
    .ID. algorithm localsearch alpha beta  rho ants   q0 rasrank elitistants
369  369       acs           3  3.75 5.54 0.15   54 0.51      NA          NA
    nnls dlb .PARENT.
369   12   1      317

# 2025-09-19 18:44:09 -03: Elite configurations (first number is the configuration ID; listed from best to worst according to the sum of ranks):
    algorithm localsearch alpha beta  rho ants   q0 rasrank elitistants nnls
369       acs           3  3.75 5.54 0.15   54 0.51      NA          NA   12
563       acs           3  4.14 4.86 0.15   53 0.24      NA          NA   10
443       acs           3  4.00 5.24 0.11   53 0.38      NA          NA   11
516       acs           3  3.41 6.45 0.29   55 0.17      NA          NA   13
579       acs           3  4.01 4.99 0.14   51 0.23      NA          NA   12
    dlb
369   1
563   1
443   1
516   1
579   1
# Total CPU user time: 61382.1, CPU sys time: 462.649, Wall-clock time: 7175.662
    .ID. algorithm localsearch alpha beta  rho ants   q0 rasrank elitistants
369  369       acs           3  3.75 5.54 0.15   54 0.51      NA          NA
563  563       acs           3  4.14 4.86 0.15   53 0.24      NA          NA
443  443       acs           3  4.00 5.24 0.11   53 0.38      NA          NA
516  516       acs           3  3.41 6.45 0.29   55 0.17      NA          NA
579  579       acs           3  4.01 4.99 0.14   51 0.23      NA          NA
    nnls dlb .PARENT. .RANK.   .WEIGHT.
369   12   1      317    475 0.33333333
563   10   1      443    485 0.26666667
443   11   1      369    496 0.20000000
516   13   1      367    504 0.13333333
579   12   1      443    507 0.06666667
