# 2025-09-19 11:19:44 -03: Reading parameter file '/home/dianag/PruebasPablo/irace-test-executions/ACOTSP-withRanking/Scenarios-2/BH-90/Runs/BH-90_seed_1400299/parameters.txt'.
# 2025-09-19 11:19:44 -03: 1 expression(s) specifying forbidden configurations read.
# 2025-09-19 11:19:44 -03: Initialization
# Elitist race
# Elitist new instances: 1
# Elitist limit: 2
# nbIterations: 5
# minNbSurvival: 5
# nbParameters: 11
# seed: 1400299
# confidence level: 0.95
# budget: 5500
# mu: 5
# deterministic: FALSE

# 2025-09-19 11:19:44 -03: Iteration 1 of 5
# experimentsUsed: 0
# remainingBudget: 5500
# currentBudget: 1100
# nbConfigurations: 90
# Markers:
     x No test is performed.
     c Configurations are discarded only due to capping.
     - The test is performed and some configurations are discarded.
     = The test is performed but no configuration is discarded.
     ! The test is performed and configurations could be discarded but elite configurations are preserved.
     . All alive configurations are elite and nothing is discarded.

+-+-----------+-----------+-----------+----------------+-----------+--------+-----+----+------+
| |   Instance|      Alive|       Best|       Mean best| Exp so far|  W time|  rho|KenW|  Qvar|
+-+-----------+-----------+-----------+----------------+-----------+--------+-----+----+------+
|x|          1|         90|         64|     32256418.00|         90|00:02:00|   NA|  NA|    NA|
|x|          2|         90|         64|     32331567.00|        180|00:01:56|+0.98|0.99|0.0028|
|x|          3|         90|         64|     32590988.00|        270|00:01:58|+0.98|0.99|0.0021|
|x|          4|         90|         64|     32508386.00|        360|00:02:01|+0.98|0.99|0.0023|
|-|          5|          3|         64|     32525071.20|        450|00:02:00|+0.80|0.84|0.0653|
+-+-----------+-----------+-----------+----------------+-----------+--------+-----+----+------+
Best-so-far configuration:          64    mean value:      32525071.20
Description of the best-so-far configuration:
   .ID. algorithm localsearch alpha beta  rho ants  q0 rasrank elitistants nnls
64   64       acs           3  2.15 9.86 0.81   12 0.6      NA          NA   13
   dlb .PARENT.
64   1       NA

# 2025-09-19 11:29:40 -03: Elite configurations (first number is the configuration ID; listed from best to worst according to the sum of ranks):
   algorithm localsearch alpha beta  rho ants   q0 rasrank elitistants nnls dlb
64       acs           3  2.15 9.86 0.81   12 0.60      NA          NA   13   1
59      mmas           3  2.78 3.61 0.44   96   NA      NA          NA   19   1
31       acs           3  3.17 8.45 0.64    5 0.87      NA          NA    6   1
# 2025-09-19 11:29:40 -03: Iteration 2 of 5
# experimentsUsed: 450
# remainingBudget: 5050
# currentBudget: 1262
# nbConfigurations: 90
# Markers:
     x No test is performed.
     c Configurations are discarded only due to capping.
     - The test is performed and some configurations are discarded.
     = The test is performed but no configuration is discarded.
     ! The test is performed and configurations could be discarded but elite configurations are preserved.
     . All alive configurations are elite and nothing is discarded.

+-+-----------+-----------+-----------+----------------+-----------+--------+-----+----+------+
| |   Instance|      Alive|       Best|       Mean best| Exp so far|  W time|  rho|KenW|  Qvar|
+-+-----------+-----------+-----------+----------------+-----------+--------+-----+----+------+
|x|          6|         90|        145|     32680583.00|         90|00:01:54|   NA|  NA|    NA|
|x|          3|         90|        104|     32884340.50|        177|00:01:48|+0.96|0.98|0.0043|
|x|          5|         90|        104|     32757792.33|        264|00:01:48|+0.96|0.97|0.0036|
|x|          4|         90|        145|     32651907.50|        351|00:01:50|+0.96|0.97|0.0036|
|-|          2|          7|        145|     32598248.40|        438|00:01:47|+0.31|0.45|0.5604|
|-|          1|          5|        145|     32556291.83|        442|00:00:10|-0.07|0.11|0.7433|
+-+-----------+-----------+-----------+----------------+-----------+--------+-----+----+------+
Best-so-far configuration:         145    mean value:      32556291.83
Description of the best-so-far configuration:
    .ID. algorithm localsearch alpha beta  rho ants   q0 rasrank elitistants
145  145       acs           3  2.52 4.45 0.43    9 0.63      NA          NA
    nnls dlb .PARENT.
145   11   1       64

# 2025-09-19 11:39:01 -03: Elite configurations (first number is the configuration ID; listed from best to worst according to the sum of ranks):
    algorithm localsearch alpha beta  rho ants   q0 rasrank elitistants nnls
145       acs           3  2.52 4.45 0.43    9 0.63      NA          NA   11
64        acs           3  2.15 9.86 0.81   12 0.60      NA          NA   13
104       acs           3  2.72 9.46 0.96   13 0.28      NA          NA    9
143       acs           3  3.21 9.46 0.16    7 0.82      NA          NA   35
173       acs           3  2.80 9.41 0.59   25 0.52      NA          NA   20
    dlb
145   1
64    1
104   1
143   1
173   0
# 2025-09-19 11:39:01 -03: Iteration 3 of 5
# experimentsUsed: 892
# remainingBudget: 4608
# currentBudget: 1536
# nbConfigurations: 90
# Markers:
     x No test is performed.
     c Configurations are discarded only due to capping.
     - The test is performed and some configurations are discarded.
     = The test is performed but no configuration is discarded.
     ! The test is performed and configurations could be discarded but elite configurations are preserved.
     . All alive configurations are elite and nothing is discarded.

+-+-----------+-----------+-----------+----------------+-----------+--------+-----+----+------+
| |   Instance|      Alive|       Best|       Mean best| Exp so far|  W time|  rho|KenW|  Qvar|
+-+-----------+-----------+-----------+----------------+-----------+--------+-----+----+------+
|x|          7|         90|        259|     32810712.00|         90|00:01:52|   NA|  NA|    NA|
|x|          1|         90|        198|     32544228.50|        175|00:01:46|+0.91|0.96|0.0041|
|x|          3|         90|        198|     32694890.67|        260|00:01:47|+0.92|0.95|0.0053|
|x|          2|         90|        198|     32614474.75|        345|00:01:45|+0.91|0.93|0.0057|
|-|          6|         19|        198|     32638575.00|        430|00:01:49|-0.02|0.19|0.9125|
|=|          5|         19|        245|     32625258.67|        444|00:00:20|+0.01|0.18|0.8893|
|=|          4|         19|        245|     32579368.14|        458|00:00:20|+0.07|0.20|0.8421|
|=|          8|         19|        245|     32562178.38|        477|00:00:21|+0.08|0.19|0.8497|
+-+-----------+-----------+-----------+----------------+-----------+--------+-----+----+------+
Best-so-far configuration:         245    mean value:      32562178.38
Description of the best-so-far configuration:
    .ID. algorithm localsearch alpha beta  rho ants  q0 rasrank elitistants
245  245       acs           3  2.16 9.76 0.98    5 0.4      NA          NA
    nnls dlb .PARENT.
245   12   1      104

# 2025-09-19 11:49:06 -03: Elite configurations (first number is the configuration ID; listed from best to worst according to the sum of ranks):
    algorithm localsearch alpha beta  rho ants   q0 rasrank elitistants nnls
245       acs           3  2.16 9.76 0.98    5 0.40      NA          NA   12
210       acs           3  1.81 5.54 0.70   26 0.41      NA          NA   10
198       acs           3  1.30 8.83 0.94   18 0.93      NA          NA   12
260       acs           3  2.16 4.55 0.54    6 0.47      NA          NA   19
145       acs           3  2.52 4.45 0.43    9 0.63      NA          NA   11
    dlb
245   1
210   1
198   1
260   1
145   1
# 2025-09-19 11:49:06 -03: Iteration 4 of 5
# experimentsUsed: 1369
# remainingBudget: 4131
# currentBudget: 2065
# nbConfigurations: 90
# Markers:
     x No test is performed.
     c Configurations are discarded only due to capping.
     - The test is performed and some configurations are discarded.
     = The test is performed but no configuration is discarded.
     ! The test is performed and configurations could be discarded but elite configurations are preserved.
     . All alive configurations are elite and nothing is discarded.

+-+-----------+-----------+-----------+----------------+-----------+--------+-----+----+------+
| |   Instance|      Alive|       Best|       Mean best| Exp so far|  W time|  rho|KenW|  Qvar|
+-+-----------+-----------+-----------+----------------+-----------+--------+-----+----+------+
|x|          9|         90|        332|     32923075.00|         90|00:01:37|   NA|  NA|    NA|
|x|          3|         90|        263|     32975171.50|        175|00:01:33|+0.80|0.90|0.0029|
|x|          6|         90|        316|     32885393.00|        260|00:01:34|+0.78|0.85|0.0020|
|x|          7|         90|        316|     32871876.00|        345|00:01:33|+0.80|0.85|0.0016|
|-|          1|         20|        316|     32747582.20|        430|00:01:33|+0.02|0.22|0.9132|
|=|          8|         20|        285|     32689686.17|        445|00:00:20|-0.02|0.15|0.9530|
|=|          2|         20|        285|     32633999.14|        460|00:00:20|+0.00|0.15|0.9466|
|=|          4|         20|        285|     32596738.62|        475|00:00:20|-0.03|0.10|0.9529|
|=|          5|         20|        340|     32588248.78|        490|00:00:20|-0.02|0.09|0.9520|
|=|         10|         20|        316|     32583051.70|        510|00:00:20|-0.01|0.09|0.9435|
+-+-----------+-----------+-----------+----------------+-----------+--------+-----+----+------+
Best-so-far configuration:         316    mean value:      32583051.70
Description of the best-so-far configuration:
    .ID. algorithm localsearch alpha beta  rho ants   q0 rasrank elitistants
316  316       acs           3  1.35  4.1 0.76   22 0.53      NA          NA
    nnls dlb .PARENT.
316   20   1      210

# 2025-09-19 11:58:44 -03: Elite configurations (first number is the configuration ID; listed from best to worst according to the sum of ranks):
    algorithm localsearch alpha beta  rho ants   q0 rasrank elitistants nnls
316       acs           3  1.35 4.10 0.76   22 0.53      NA          NA   20
340       acs           3  1.84 7.45 0.74   11 0.65      NA          NA   11
285       acs           3  1.50 7.65 0.67   22 0.21      NA          NA   10
272       acs           3  1.96 8.63 0.78   22 0.55      NA          NA   20
287       acs           3  1.92 5.09 0.85   35 0.46      NA          NA   13
    dlb
316   1
340   1
285   1
272   1
287   1
# 2025-09-19 11:58:44 -03: Iteration 5 of 5
# experimentsUsed: 1879
# remainingBudget: 3621
# currentBudget: 3621
# nbConfigurations: 90
# Markers:
     x No test is performed.
     c Configurations are discarded only due to capping.
     - The test is performed and some configurations are discarded.
     = The test is performed but no configuration is discarded.
     ! The test is performed and configurations could be discarded but elite configurations are preserved.
     . All alive configurations are elite and nothing is discarded.

+-+-----------+-----------+-----------+----------------+-----------+--------+-----+----+------+
| |   Instance|      Alive|       Best|       Mean best| Exp so far|  W time|  rho|KenW|  Qvar|
+-+-----------+-----------+-----------+----------------+-----------+--------+-----+----+------+
|x|         11|         90|        372|     32540323.00|         90|00:01:41|   NA|  NA|    NA|
|x|          7|         90|        407|     32697426.50|        175|00:01:33|+0.62|0.81|0.0056|
|x|         10|         90|        420|     32610944.67|        260|00:01:33|+0.60|0.73|0.0048|
|x|          1|         90|        420|     32530353.25|        345|00:01:33|+0.61|0.71|0.0045|
|-|          4|         34|        420|     32484386.60|        430|00:01:33|-0.12|0.10|1.0678|
|=|          3|         34|        272|     32575618.00|        459|00:00:31|-0.09|0.09|1.0347|
|=|          9|         34|        272|     32629938.29|        488|00:00:31|-0.05|0.10|1.0032|
|=|          2|         34|        272|     32588560.62|        517|00:00:31|-0.03|0.10|0.9841|
|=|          5|         34|        272|     32587349.89|        546|00:00:31|-0.04|0.07|1.0013|
|=|          8|         34|        340|     32567180.80|        575|00:00:31|-0.04|0.07|0.9932|
|=|          6|         34|        340|     32581050.82|        604|00:00:31|-0.02|0.07|0.9791|
|=|         12|         34|        340|     32581784.33|        638|00:00:41|-0.01|0.07|0.9734|
+-+-----------+-----------+-----------+----------------+-----------+--------+-----+----+------+
Best-so-far configuration:         340    mean value:      32581784.33
Description of the best-so-far configuration:
    .ID. algorithm localsearch alpha beta  rho ants   q0 rasrank elitistants
340  340       acs           3  1.84 7.45 0.74   11 0.65      NA          NA
    nnls dlb .PARENT.
340   11   1      198

# 2025-09-19 12:10:31 -03: Elite configurations (first number is the configuration ID; listed from best to worst according to the sum of ranks):
    algorithm localsearch alpha beta  rho ants   q0 rasrank elitistants nnls
340       acs           3  1.84 7.45 0.74   11 0.65      NA          NA   11
407       acs           3  1.79 7.23 0.68   26 0.23      NA          NA   12
423       acs           3  1.59 8.69 0.87    5 0.61      NA          NA   12
285       acs           3  1.50 7.65 0.67   22 0.21      NA          NA   10
365       acs           3  1.70 4.69 0.81   40 0.42      NA          NA   16
    dlb
340   1
407   1
423   1
285   1
365   1
# 2025-09-19 12:10:31 -03: Iteration 6 of 6
# experimentsUsed: 2517
# remainingBudget: 2983
# currentBudget: 2983
# nbConfigurations: 90
# Markers:
     x No test is performed.
     c Configurations are discarded only due to capping.
     - The test is performed and some configurations are discarded.
     = The test is performed but no configuration is discarded.
     ! The test is performed and configurations could be discarded but elite configurations are preserved.
     . All alive configurations are elite and nothing is discarded.

+-+-----------+-----------+-----------+----------------+-----------+--------+-----+----+------+
| |   Instance|      Alive|       Best|       Mean best| Exp so far|  W time|  rho|KenW|  Qvar|
+-+-----------+-----------+-----------+----------------+-----------+--------+-----+----+------+
|x|         13|         90|        445|     32271928.00|         90|00:01:34|   NA|  NA|    NA|
|x|          7|         90|        423|     32551504.50|        175|00:01:33|+0.10|0.55|0.3380|
|x|          6|         90|        479|     32598726.33|        260|00:01:33|+0.17|0.45|0.3345|
|x|          9|         90|        479|     32675885.00|        345|00:01:33|+0.22|0.41|0.3407|
|-|          1|         47|        479|     32598766.80|        430|00:01:33|-0.13|0.09|1.1080|
|=|          4|         47|        479|     32543326.83|        472|00:00:52|-0.08|0.10|1.0606|
|=|          2|         47|        479|     32507030.00|        514|00:00:52|-0.06|0.10|1.0333|
|=|         12|         47|        479|     32516080.12|        556|00:00:51|-0.03|0.09|1.0106|
|=|          3|         47|        479|     32577383.33|        598|00:00:51|-0.03|0.08|1.0101|
|=|         11|         47|        479|     32577668.10|        640|00:00:51|-0.03|0.07|1.0078|
|=|          5|         47|        479|     32566989.09|        682|00:00:52|-0.01|0.08|0.9954|
|=|         10|         47|        479|     32558216.25|        724|00:00:51|-0.00|0.08|0.9829|
|=|          8|         47|        479|     32553512.77|        766|00:00:51|-0.00|0.07|0.9855|
|=|         14|         47|        479|     32551140.43|        813|00:00:52|+0.00|0.07|0.9833|
+-+-----------+-----------+-----------+----------------+-----------+--------+-----+----+------+
Best-so-far configuration:         479    mean value:      32551140.43
Description of the best-so-far configuration:
    .ID. algorithm localsearch alpha beta  rho ants   q0 rasrank elitistants
479  479       acs           3  1.68 7.63 0.63   32 0.18      NA          NA
    nnls dlb .PARENT.
479   12   1      407

# 2025-09-19 12:26:09 -03: Elite configurations (first number is the configuration ID; listed from best to worst according to the sum of ranks):
    algorithm localsearch alpha beta  rho ants   q0 rasrank elitistants nnls
479       acs           3  1.68 7.63 0.63   32 0.18      NA          NA   12
502       acs           3  1.50 6.94 0.66   20 0.60      NA          NA   13
423       acs           3  1.59 8.69 0.87    5 0.61      NA          NA   12
434       acs           3  1.68 7.20 0.63   17 0.56      NA          NA   10
489       acs           3  1.53 7.16 0.58   25 0.33      NA          NA   11
    dlb
479   1
502   1
423   1
434   1
489   1
# 2025-09-19 12:26:09 -03: Iteration 7 of 7
# experimentsUsed: 3330
# remainingBudget: 2170
# currentBudget: 2170
# nbConfigurations: 90
# Markers:
     x No test is performed.
     c Configurations are discarded only due to capping.
     - The test is performed and some configurations are discarded.
     = The test is performed but no configuration is discarded.
     ! The test is performed and configurations could be discarded but elite configurations are preserved.
     . All alive configurations are elite and nothing is discarded.

+-+-----------+-----------+-----------+----------------+-----------+--------+-----+----+------+
| |   Instance|      Alive|       Best|       Mean best| Exp so far|  W time|  rho|KenW|  Qvar|
+-+-----------+-----------+-----------+----------------+-----------+--------+-----+----+------+
|x|         15|         90|        587|     32729157.00|         90|00:01:33|   NA|  NA|    NA|
|x|          8|         90|        549|     32552442.50|        175|00:01:33|+0.22|0.61|0.4144|
|x|          4|         90|        521|     32478028.67|        260|00:01:34|+0.26|0.51|0.3553|
|x|         12|         90|        521|     32505996.25|        345|00:01:33|+0.23|0.42|0.4236|
|-|         11|         57|        549|     32518533.60|        430|00:01:33|-0.09|0.13|1.0908|
|=|          2|         57|        597|     32478219.17|        482|00:01:02|-0.04|0.13|1.0407|
|=|          7|         57|        600|     32524398.71|        534|00:01:02|-0.02|0.13|1.0178|
|=|         13|         57|        600|     32497325.62|        586|00:01:02|-0.01|0.12|1.0127|
|=|          1|         57|        600|     32471109.11|        638|00:01:02|-0.01|0.10|1.0056|
|=|          9|         57|        479|     32530412.00|        690|00:01:02|-0.00|0.10|0.9986|
|=|         10|         57|        479|     32524166.82|        742|00:01:02|+0.00|0.09|0.9914|
|=|         14|         57|        479|     32523844.58|        794|00:01:02|+0.00|0.08|0.9937|
|=|          6|         57|        479|     32535774.54|        846|00:01:02|+0.00|0.08|0.9919|
|=|          5|         57|        479|     32530376.29|        898|00:01:02|+0.01|0.08|0.9865|
|=|          3|         57|        479|     32566205.13|        950|00:01:02|+0.00|0.07|0.9903|
|=|         16|         57|        479|     32556016.38|       1007|00:01:02|+0.00|0.07|0.9867|
+-+-----------+-----------+-----------+----------------+-----------+--------+-----+----+------+
Best-so-far configuration:         479    mean value:      32556016.38
Description of the best-so-far configuration:
    .ID. algorithm localsearch alpha beta  rho ants   q0 rasrank elitistants
479  479       acs           3  1.68 7.63 0.63   32 0.18      NA          NA
    nnls dlb .PARENT.
479   12   1      407

# 2025-09-19 12:45:24 -03: Elite configurations (first number is the configuration ID; listed from best to worst according to the sum of ranks):
    algorithm localsearch alpha beta  rho ants   q0 rasrank elitistants nnls
479       acs           3  1.68 7.63 0.63   32 0.18      NA          NA   12
502       acs           3  1.50 6.94 0.66   20 0.60      NA          NA   13
600       acs           3  1.52 8.21 0.69   26 0.19      NA          NA   13
597       acs           3  1.86 7.81 0.66   39 0.16      NA          NA   12
565       acs           3  2.10 6.48 0.69   38 0.26      NA          NA   11
    dlb
479   1
502   1
600   1
597   1
565   1
# 2025-09-19 12:45:24 -03: Stopped because there is not enough budget to enforce the value of nbConfigurations.
# Iteration: 8
# nbIterations: 8
# experimentsUsed: 4337
# timeUsed: 0
# remainingBudget: 1163
# currentBudget: 1163
# number of elites: 5
# nbConfigurations: 73
# Total CPU user time: 47213.15, CPU sys time: 364.354, Wall-clock time: 5140.38
# 2025-09-19 12:45:24 -03: Starting post-selection:
# Configurations selected: 479, 502, 600, 597, 565, 423, 434, 489, 340, 407, 285, 365, 316, 272, 287, 245.
# Pending instances: 1, 1, 1, 1, 1, 1, 1, 1, 3, 3, 3, 3, 5, 5, 5, 7.
# 2025-09-19 12:45:24 -03: seed: 1400299
# Configurations: 16
# Available experiments: 1163
# minSurvival: 1
# Markers:
     x No test is performed.
     c Configurations are discarded only due to capping.
     - The test is performed and some configurations are discarded.
     = The test is performed but no configuration is discarded.
     ! The test is performed and configurations could be discarded but elite configurations are preserved.
     . All alive configurations are elite and nothing is discarded.

+-+-----------+-----------+-----------+----------------+-----------+--------+-----+----+------+
| |   Instance|      Alive|       Best|       Mean best| Exp so far|  W time|  rho|KenW|  Qvar|
+-+-----------+-----------+-----------+----------------+-----------+--------+-----+----+------+
|.|          3|         16|        434|     32973724.00|          0|00:00:00|   NA|  NA|    NA|
|x|         14|         16|        434|     32723419.00|          4|00:00:10|-0.07|0.46|0.9661|
|x|         16|         16|        502|     32653143.00|         12|00:00:10|-0.14|0.24|1.0758|
|.|         10|         16|        502|     32606592.25|         12|00:00:00|+0.06|0.30|0.9203|
|x|         13|         16|        479|     32550454.60|         16|00:00:10|+0.04|0.23|0.9185|
|.|          7|         16|        479|     32595042.33|         16|00:00:00|+0.08|0.23|0.8640|
|.|          4|         16|        479|     32548054.43|         16|00:00:00|+0.06|0.19|0.8721|
|.|          5|         16|        479|     32537072.50|         16|00:00:00|+0.05|0.17|0.8898|
|.|          1|         16|        479|     32509652.67|         16|00:00:00|+0.01|0.12|0.9339|
|x|         15|         16|        434|     32534059.50|         24|00:00:10|+0.03|0.13|0.9201|
|.|          9|         16|        434|     32577998.82|         24|00:00:00|+0.04|0.13|0.9132|
|x|         12|         16|        479|     32570898.08|         25|00:00:10|+0.03|0.11|0.9166|
|.|          2|         16|        479|     32549232.77|         25|00:00:00|+0.05|0.13|0.8979|
|.|          8|         16|        479|     32545506.93|         25|00:00:00|+0.05|0.12|0.9053|
|.|          6|         16|        479|     32554402.07|         25|00:00:00|+0.05|0.11|0.9114|
|-|         11|         10|        479|     32556016.38|         26|00:00:10|-0.03|0.04|0.9328|
|=|         17|         10|        479|     32583333.12|         36|00:00:10|-0.03|0.03|0.9287|
|=|         18|         10|        479|     32593660.94|         46|00:00:10|-0.02|0.03|0.9270|
|=|         19|         10|        600|     32595535.79|         56|00:00:10|-0.02|0.03|0.9241|
|=|         20|         10|        600|     32605459.45|         66|00:00:10|-0.02|0.03|0.9209|
|=|         21|         10|        479|     32620697.52|         76|00:00:10|-0.02|0.02|0.9248|
|=|         22|         10|        600|     32605448.59|         86|00:00:10|-0.02|0.03|0.9192|
|=|         23|         10|        502|     32617399.91|         96|00:00:10|-0.02|0.03|0.9173|
|=|         24|         10|        600|     32619661.25|        106|00:00:10|-0.01|0.03|0.9115|
|=|         25|         10|        597|     32619118.16|        116|00:00:10|-0.02|0.02|0.9188|
|=|         26|         10|        597|     32621351.27|        126|00:00:10|-0.02|0.02|0.9140|
|=|         27|         10|        597|     32630693.19|        136|00:00:10|-0.02|0.02|0.9169|
|=|         28|         10|        597|     32632089.89|        146|00:00:10|-0.02|0.02|0.9164|
|=|         29|         10|        597|     32635512.69|        156|00:00:10|-0.02|0.02|0.9163|
|=|         30|         10|        597|     32629047.00|        166|00:00:10|-0.01|0.02|0.9136|
|=|         31|         10|        597|     32635537.19|        176|00:00:10|-0.01|0.02|0.9086|
|=|         32|         10|        502|     32618596.78|        186|00:00:10|-0.01|0.02|0.9068|
|=|         33|         10|        597|     32616042.18|        196|00:00:10|-0.01|0.02|0.9085|
|=|         34|         10|        597|     32619631.62|        206|00:00:10|-0.01|0.02|0.9070|
|=|         35|         10|        502|     32614436.97|        216|00:00:10|-0.00|0.03|0.9045|
|=|         36|         10|        502|     32613826.08|        226|00:00:10|+0.00|0.03|0.8999|
|=|         37|         10|        502|     32619598.27|        236|00:00:10|-0.00|0.03|0.9001|
|=|         38|         10|        502|     32616952.05|        246|00:00:10|-0.00|0.03|0.9007|
|=|         39|         10|        502|     32626511.67|        256|00:00:10|-0.00|0.03|0.8996|
|=|         40|         10|        502|     32618423.57|        266|00:00:10|+0.00|0.03|0.8983|
|=|         41|         10|        597|     32618615.90|        276|00:00:10|+0.00|0.03|0.8955|
|=|         42|         10|        502|     32622096.43|        286|00:00:10|+0.00|0.02|0.8961|
|=|         43|         10|        502|     32618250.33|        296|00:00:10|+0.01|0.03|0.8923|
|=|         44|         10|        502|     32614326.41|        306|00:00:10|+0.01|0.03|0.8899|
|=|         45|         10|        502|     32607756.62|        316|00:00:10|+0.01|0.03|0.8901|
|=|         46|         10|        502|     32610181.24|        326|00:00:10|+0.01|0.03|0.8890|
|=|         47|         10|        597|     32604705.96|        336|00:00:10|+0.01|0.03|0.8911|
|=|         48|         10|        597|     32595226.12|        346|00:00:10|+0.01|0.03|0.8862|
|=|         49|         10|        502|     32597918.59|        356|00:00:10|+0.01|0.03|0.8879|
|=|         50|         10|        502|     32594114.20|        366|00:00:10|+0.02|0.04|0.8845|
|-|         51|          8|        597|     32595075.02|        376|00:00:10|+0.00|0.02|0.8779|
|=|         52|          8|        502|     32597480.44|        384|00:00:10|-0.00|0.02|0.8791|
|=|         53|          8|        502|     32594831.40|        392|00:00:10|+0.00|0.02|0.8780|
|=|         54|          8|        502|     32601301.74|        400|00:00:10|-0.00|0.02|0.8799|
|=|         55|          8|        597|     32598902.56|        408|00:00:10|-0.00|0.02|0.8789|
|=|         56|          8|        502|     32602291.25|        416|00:00:10|+0.00|0.02|0.8777|
|=|         57|          8|        597|     32603780.44|        424|00:00:10|+0.00|0.02|0.8764|
|=|         58|          8|        502|     32605781.36|        432|00:00:10|+0.00|0.02|0.8768|
|=|         59|          8|        597|     32603417.20|        440|00:00:10|+0.00|0.02|0.8753|
|=|         60|          8|        502|     32608174.97|        448|00:00:10|+0.00|0.02|0.8755|
|=|         61|          8|        502|     32610161.74|        456|00:00:10|+0.00|0.02|0.8751|
|=|         62|          8|        597|     32609433.45|        464|00:00:10|+0.00|0.02|0.8761|
|=|         63|          8|        597|     32607193.05|        472|00:00:10|+0.00|0.02|0.8760|
|=|         64|          8|        597|     32607430.98|        480|00:00:10|+0.00|0.02|0.8753|
|=|         65|          8|        597|     32605981.57|        488|00:00:10|+0.01|0.02|0.8729|
|=|         66|          8|        597|     32605780.33|        496|00:00:10|+0.01|0.02|0.8731|
|=|         67|          8|        597|     32603689.82|        504|00:00:10|+0.00|0.02|0.8739|
|=|         68|          8|        597|     32606174.03|        512|00:00:10|+0.00|0.02|0.8738|
|=|         69|          8|        597|     32605002.90|        520|00:00:10|+0.00|0.02|0.8741|
|=|         70|          8|        597|     32599693.37|        528|00:00:10|+0.00|0.02|0.8756|
|=|         71|          8|        597|     32599228.06|        536|00:00:10|+0.00|0.01|0.8766|
|=|         72|          8|        597|     32596529.28|        544|00:00:10|+0.00|0.02|0.8757|
|=|         73|          8|        597|     32593585.84|        552|00:00:10|+0.00|0.02|0.8750|
|=|         74|          8|        597|     32596794.11|        560|00:00:10|+0.00|0.02|0.8738|
|=|         75|          8|        597|     32601626.11|        568|00:00:10|+0.01|0.02|0.8723|
|=|         76|          8|        597|     32600065.91|        576|00:00:10|+0.00|0.02|0.8738|
|=|         77|          8|        597|     32600877.60|        584|00:00:10|+0.00|0.01|0.8755|
|=|         78|          8|        502|     32603278.47|        592|00:00:10|-0.00|0.01|0.8767|
|=|         79|          8|        502|     32603427.77|        600|00:00:10|+0.00|0.01|0.8759|
|=|         80|          8|        502|     32599697.73|        608|00:00:10|+0.00|0.01|0.8746|
|=|         81|          8|        502|     32600018.10|        616|00:00:10|+0.00|0.01|0.8746|
|=|         82|          8|        502|     32597724.96|        624|00:00:10|+0.00|0.01|0.8751|
|=|         83|          8|        502|     32594142.19|        632|00:00:10|+0.00|0.02|0.8739|
|=|         84|          8|        502|     32593590.86|        640|00:00:10|+0.00|0.01|0.8736|
|=|         85|          8|        502|     32592222.65|        648|00:00:10|+0.00|0.02|0.8730|
|=|         86|          8|        502|     32592715.83|        656|00:00:10|+0.00|0.01|0.8740|
|=|         87|          8|        502|     32591701.32|        664|00:00:10|+0.00|0.01|0.8732|
|=|         88|          8|        597|     32591465.82|        672|00:00:10|+0.01|0.02|0.8720|
|=|         89|          8|        597|     32588141.10|        680|00:00:10|+0.01|0.02|0.8710|
|=|         90|          8|        597|     32588309.06|        688|00:00:10|+0.01|0.02|0.8698|
|=|         91|          8|        597|     32587536.11|        696|00:00:10|+0.01|0.02|0.8704|
|=|         92|          8|        597|     32585642.65|        704|00:00:10|+0.01|0.02|0.8704|
|=|         93|          8|        597|     32584857.22|        712|00:00:10|+0.01|0.02|0.8698|
|=|         94|          8|        597|     32585197.23|        720|00:00:10|+0.01|0.02|0.8703|
|=|         95|          8|        597|     32587136.71|        728|00:00:10|+0.01|0.02|0.8704|
|=|         96|          8|        597|     32585151.49|        736|00:00:10|+0.01|0.02|0.8702|
|=|         97|          8|        597|     32582488.58|        744|00:00:10|+0.01|0.02|0.8703|
|=|         98|          8|        597|     32584857.22|        752|00:00:10|+0.01|0.02|0.8689|
|=|         99|          8|        597|     32586222.08|        760|00:00:10|+0.01|0.02|0.8702|
|=|        100|          8|        597|     32588468.37|        768|00:00:10|+0.01|0.02|0.8694|
|=|        101|          8|        597|     32587140.74|        776|00:00:10|+0.01|0.02|0.8687|
|=|        102|          8|        597|     32584994.05|        784|00:00:10|+0.01|0.02|0.8706|
|=|        103|          8|        597|     32584616.74|        792|00:00:10|+0.01|0.01|0.8704|
|=|        104|          8|        597|     32585202.37|        800|00:00:10|+0.01|0.02|0.8698|
|=|        105|          8|        597|     32587871.70|        808|00:00:10|+0.00|0.01|0.8709|
|=|        106|          8|        597|     32586441.87|        816|00:00:10|+0.00|0.01|0.8721|
|=|        107|          8|        597|     32585868.73|        824|00:00:10|+0.00|0.01|0.8725|
|=|        108|          8|        597|     32584354.87|        832|00:00:10|+0.00|0.01|0.8730|
|=|        109|          8|        597|     32583246.35|        840|00:00:10|+0.00|0.01|0.8743|
|=|        110|          8|        597|     32578796.46|        848|00:00:10|+0.00|0.01|0.8745|
|=|        111|          8|        597|     32579453.42|        856|00:00:10|-0.00|0.01|0.8747|
|=|        112|          8|        597|     32580184.10|        864|00:00:10|-0.00|0.01|0.8743|
|=|        113|          8|        597|     32578242.40|        872|00:00:10|+0.00|0.01|0.8733|
|=|        114|          8|        597|     32577009.68|        880|00:00:10|+0.00|0.01|0.8739|
|=|        115|          8|        597|     32578973.40|        888|00:00:10|-0.00|0.01|0.8743|
|=|        116|          8|        597|     32577586.27|        896|00:00:10|-0.00|0.01|0.8741|
|=|        117|          8|        597|     32574441.50|        904|00:00:10|+0.00|0.01|0.8737|
|=|        118|          8|        597|     32574456.10|        912|00:00:10|+0.00|0.01|0.8744|
|=|        119|          8|        597|     32574245.64|        920|00:00:10|+0.00|0.01|0.8742|
|=|        120|          8|        597|     32577261.11|        928|00:00:10|+0.00|0.01|0.8742|
|=|        121|          8|        597|     32576417.29|        936|00:00:10|+0.00|0.01|0.8735|
|=|        122|          8|        597|     32580074.79|        944|00:00:10|+0.00|0.01|0.8732|
|=|        123|          8|        597|     32579343.47|        952|00:00:10|+0.00|0.01|0.8739|
|=|        124|          8|        597|     32577810.78|        960|00:00:10|+0.00|0.01|0.8736|
|=|        125|          8|        597|     32576311.37|        968|00:00:10|+0.00|0.01|0.8742|
|=|        126|          8|        597|     32574875.33|        976|00:00:10|+0.00|0.01|0.8745|
|=|        127|          8|        597|     32575061.99|        984|00:00:10|+0.00|0.01|0.8748|
|=|        128|          8|        597|     32579581.84|        992|00:00:10|+0.00|0.01|0.8749|
|=|        129|          8|        597|     32582066.12|       1000|00:00:10|+0.00|0.01|0.8740|
|=|        130|          8|        597|     32581943.39|       1008|00:00:10|+0.00|0.01|0.8743|
|=|        131|          8|        597|     32582470.72|       1016|00:00:10|+0.00|0.01|0.8742|
|=|        132|          8|        597|     32582085.75|       1024|00:00:10|+0.00|0.01|0.8747|
|=|        133|          8|        597|     32579689.95|       1032|00:00:10|+0.00|0.01|0.8741|
|=|        134|          8|        597|     32579212.53|       1040|00:00:10|+0.00|0.01|0.8740|
|=|        135|          8|        597|     32577890.23|       1048|00:00:10|+0.00|0.01|0.8738|
|=|        136|          8|        597|     32580410.77|       1056|00:00:10|+0.00|0.01|0.8732|
|=|        137|          8|        597|     32580292.64|       1064|00:00:10|+0.00|0.01|0.8725|
|=|        138|          8|        597|     32580691.62|       1072|00:00:10|+0.00|0.01|0.8716|
|=|        139|          8|        597|     32581942.29|       1080|00:00:10|+0.00|0.01|0.8721|
|=|        140|          8|        597|     32580616.87|       1088|00:00:10|+0.00|0.01|0.8712|
|=|        141|          8|        597|     32578670.82|       1096|00:00:10|+0.00|0.01|0.8713|
|=|        142|          8|        597|     32580930.27|       1104|00:00:10|+0.00|0.01|0.8721|
|=|        143|          8|        597|     32579565.78|       1112|00:00:10|+0.00|0.01|0.8724|
|=|        144|          8|        597|     32578706.07|       1120|00:00:10|+0.00|0.01|0.8719|
|=|        145|          8|        597|     32579240.34|       1128|00:00:10|+0.00|0.01|0.8712|
|=|        146|          8|        597|     32579636.42|       1136|00:00:10|+0.00|0.01|0.8718|
|=|        147|          8|        597|     32577967.37|       1144|00:00:10|+0.00|0.01|0.8715|
|=|        148|          8|        597|     32578075.70|       1152|00:00:10|+0.00|0.01|0.8714|
|=|        149|          8|        597|     32579183.38|       1160|00:00:10|+0.00|0.01|0.8711|
+-+-----------+-----------+-----------+----------------+-----------+--------+-----+----+------+
Best-so-far configuration:         597    mean value:      32579183.38
Description of the best-so-far configuration:
    .ID. algorithm localsearch alpha beta  rho ants   q0 rasrank elitistants
597  597       acs           3  1.86 7.81 0.66   39 0.16      NA          NA
    nnls dlb .PARENT.
597   12   1      479

# 2025-09-19 13:09:47 -03: Elite configurations (first number is the configuration ID; listed from best to worst according to the sum of ranks):
    algorithm localsearch alpha beta  rho ants   q0 rasrank elitistants nnls
597       acs           3  1.86 7.81 0.66   39 0.16      NA          NA   12
479       acs           3  1.68 7.63 0.63   32 0.18      NA          NA   12
502       acs           3  1.50 6.94 0.66   20 0.60      NA          NA   13
489       acs           3  1.53 7.16 0.58   25 0.33      NA          NA   11
407       acs           3  1.79 7.23 0.68   26 0.23      NA          NA   12
    dlb
597   1
479   1
502   1
489   1
407   1
# Total CPU user time: 59178.2, CPU sys time: 466.703, Wall-clock time: 6603.009
    .ID. algorithm localsearch alpha beta  rho ants   q0 rasrank elitistants
597  597       acs           3  1.86 7.81 0.66   39 0.16      NA          NA
479  479       acs           3  1.68 7.63 0.63   32 0.18      NA          NA
502  502       acs           3  1.50 6.94 0.66   20 0.60      NA          NA
489  489       acs           3  1.53 7.16 0.58   25 0.33      NA          NA
407  407       acs           3  1.79 7.23 0.68   26 0.23      NA          NA
    nnls dlb .PARENT. .RANK.   .WEIGHT.
597   12   1      479    607 0.33333333
479   12   1      407    638 0.26666667
502   13   1      340    652 0.20000000
489   11   1      285    667 0.13333333
407   12   1      285    677 0.06666667
