# 2025-09-19 21:12:19 -03: Reading parameter file '/home/dianag/PruebasPablo/irace-test-executions/ACOTSP-withRanking/Scenarios-2/BL/Runs/BL_seed_600083/parameters.txt'.
# 2025-09-19 21:12:19 -03: 1 expression(s) specifying forbidden configurations read.
# 2025-09-19 21:12:19 -03: Initialization
# Elitist race
# Elitist new instances: 1
# Elitist limit: 2
# nbIterations: 5
# minNbSurvival: 5
# nbParameters: 11
# seed: 600083
# confidence level: 0.95
# budget: 2750
# mu: 5
# deterministic: FALSE

# 2025-09-19 21:12:19 -03: Iteration 1 of 5
# experimentsUsed: 0
# remainingBudget: 2750
# currentBudget: 550
# nbConfigurations: 91
# Markers:
     x No test is performed.
     c Configurations are discarded only due to capping.
     - The test is performed and some configurations are discarded.
     = The test is performed but no configuration is discarded.
     ! The test is performed and configurations could be discarded but elite configurations are preserved.
     . All alive configurations are elite and nothing is discarded.

+-+-----------+-----------+-----------+----------------+-----------+--------+-----+----+------+
| |   Instance|      Alive|       Best|       Mean best| Exp so far|  W time|  rho|KenW|  Qvar|
+-+-----------+-----------+-----------+----------------+-----------+--------+-----+----+------+
|x|          1|         91|         64|     32591006.00|         91|00:02:21|   NA|  NA|    NA|
|x|          2|         91|         69|     32813445.50|        182|00:02:20|+0.98|0.99|0.0022|
|x|          3|         91|         69|     32793042.00|        273|00:02:16|+0.98|0.99|0.0016|
|x|          4|         91|         69|     32763375.25|        364|00:02:25|+0.99|0.99|0.0014|
|-|          5|          4|         69|     32694744.60|        455|00:02:14|+0.52|0.62|0.2947|
+-+-----------+-----------+-----------+----------------+-----------+--------+-----+----+------+
Best-so-far configuration:          69    mean value:      32694744.60
Description of the best-so-far configuration:
   .ID. algorithm localsearch alpha beta  rho ants q0 rasrank elitistants nnls
69   69      mmas           3  3.41 6.27 0.16   24 NA      NA          NA   25
   dlb .PARENT.
69   1       NA

# 2025-09-19 21:23:59 -03: Elite configurations (first number is the configuration ID; listed from best to worst according to the sum of ranks):
   algorithm localsearch alpha beta  rho ants   q0 rasrank elitistants nnls dlb
69      mmas           3  3.41 6.27 0.16   24   NA      NA          NA   25   1
64      mmas           3  1.26 1.34 0.49    6   NA      NA          NA   10   1
18       acs           3  4.46 4.94 0.41   40 0.08      NA          NA   11   0
86       acs           2  1.06 6.58 0.81   21 0.74      NA          NA   15   1
# 2025-09-19 21:23:59 -03: Iteration 2 of 5
# experimentsUsed: 455
# remainingBudget: 2295
# currentBudget: 573
# nbConfigurations: 84
# Markers:
     x No test is performed.
     c Configurations are discarded only due to capping.
     - The test is performed and some configurations are discarded.
     = The test is performed but no configuration is discarded.
     ! The test is performed and configurations could be discarded but elite configurations are preserved.
     . All alive configurations are elite and nothing is discarded.

+-+-----------+-----------+-----------+----------------+-----------+--------+-----+----+------+
| |   Instance|      Alive|       Best|       Mean best| Exp so far|  W time|  rho|KenW|  Qvar|
+-+-----------+-----------+-----------+----------------+-----------+--------+-----+----+------+
|x|          6|         84|        161|     32516031.00|         84|00:01:49|   NA|  NA|    NA|
|x|          4|         84|         69|     32601491.50|        164|00:01:44|+0.98|0.99|0.0026|
|x|          5|         84|        161|     32553767.67|        244|00:01:45|+0.98|0.99|0.0035|
|x|          3|         84|        161|     32609591.50|        324|00:01:45|+0.98|0.99|0.0032|
|-|          1|          8|        165|     32578262.60|        404|00:01:45|+0.40|0.52|0.4188|
|-|          2|          4|        165|     32650083.33|        408|00:00:10|-0.05|0.12|0.7381|
+-+-----------+-----------+-----------+----------------+-----------+--------+-----+----+------+
Best-so-far configuration:         165    mean value:      32650083.33
Description of the best-so-far configuration:
    .ID. algorithm localsearch alpha beta  rho ants q0 rasrank elitistants nnls
165  165      mmas           3  2.85 6.34 0.31   42 NA      NA          NA   14
    dlb .PARENT.
165   1       69

# 2025-09-19 21:33:01 -03: Elite configurations (first number is the configuration ID; listed from best to worst according to the sum of ranks):
    algorithm localsearch alpha beta  rho ants   q0 rasrank elitistants nnls
165      mmas           3  2.85 6.34 0.31   42   NA      NA          NA   14
69       mmas           3  3.41 6.27 0.16   24   NA      NA          NA   25
161       acs           3  4.78 5.60 0.10   13 0.07      NA          NA   37
119       acs           3  4.52 6.78 0.19   16 0.59      NA          NA   29
    dlb
165   1
69    1
161   1
119   1
# 2025-09-19 21:33:01 -03: Iteration 3 of 5
# experimentsUsed: 863
# remainingBudget: 1887
# currentBudget: 629
# nbConfigurations: 81
# Markers:
     x No test is performed.
     c Configurations are discarded only due to capping.
     - The test is performed and some configurations are discarded.
     = The test is performed but no configuration is discarded.
     ! The test is performed and configurations could be discarded but elite configurations are preserved.
     . All alive configurations are elite and nothing is discarded.

+-+-----------+-----------+-----------+----------------+-----------+--------+-----+----+------+
| |   Instance|      Alive|       Best|       Mean best| Exp so far|  W time|  rho|KenW|  Qvar|
+-+-----------+-----------+-----------+----------------+-----------+--------+-----+----+------+
|x|          7|         81|        165|     32485093.00|         81|00:01:48|   NA|  NA|    NA|
|x|          6|         81|        207|     32507479.00|        158|00:01:45|+0.83|0.91|0.0057|
|x|          5|         81|        207|     32437104.67|        235|00:01:44|+0.81|0.88|0.0050|
|x|          3|         81|        216|     32501537.00|        312|00:01:48|+0.83|0.88|0.0052|
|-|          4|         13|        216|     32541735.60|        389|00:01:42|+0.05|0.24|0.8951|
|=|          1|         13|        216|     32533333.33|        398|00:00:10|+0.14|0.28|0.8299|
|-|          2|          6|        207|     32606980.14|        407|00:00:10|+0.06|0.19|0.7447|
|=|          8|          6|        207|     32619574.12|        413|00:00:10|+0.13|0.24|0.6826|
|-|          9|          4|        207|     32636015.11|        419|00:00:10|-0.01|0.10|0.7228|
+-+-----------+-----------+-----------+----------------+-----------+--------+-----+----+------+
Best-so-far configuration:         207    mean value:      32636015.11
Description of the best-so-far configuration:
    .ID. algorithm localsearch alpha beta  rho ants   q0 rasrank elitistants
207  207       acs           3  3.63 6.61 0.17   52 0.29      NA          NA
    nnls dlb .PARENT.
207   10   1       69

# 2025-09-19 21:42:32 -03: Elite configurations (first number is the configuration ID; listed from best to worst according to the sum of ranks):
    algorithm localsearch alpha beta  rho ants   q0 rasrank elitistants nnls
207       acs           3  3.63 6.61 0.17   52 0.29      NA          NA   10
216       acs           3  2.71 0.12 0.07   21 0.53      NA          NA   26
229       acs           3  3.62 7.88 0.25   13 0.69      NA          NA   27
165      mmas           3  2.85 6.34 0.31   42   NA      NA          NA   14
    dlb
207   1
216   1
229   1
165   1
# 2025-09-19 21:42:32 -03: Iteration 4 of 5
# experimentsUsed: 1282
# remainingBudget: 1468
# currentBudget: 734
# nbConfigurations: 77
# Markers:
     x No test is performed.
     c Configurations are discarded only due to capping.
     - The test is performed and some configurations are discarded.
     = The test is performed but no configuration is discarded.
     ! The test is performed and configurations could be discarded but elite configurations are preserved.
     . All alive configurations are elite and nothing is discarded.

+-+-----------+-----------+-----------+----------------+-----------+--------+-----+----+------+
| |   Instance|      Alive|       Best|       Mean best| Exp so far|  W time|  rho|KenW|  Qvar|
+-+-----------+-----------+-----------+----------------+-----------+--------+-----+----+------+
|x|         10|         77|        265|     32384919.00|         77|00:01:30|   NA|  NA|    NA|
|x|          8|         77|        265|     32549349.50|        150|00:01:23|+0.81|0.90|0.0004|
|x|          3|         77|        265|     32603403.00|        223|00:01:23|+0.79|0.86|0.0009|
|x|          9|         77|        207|     32654063.00|        296|00:01:23|+0.80|0.85|0.0009|
|-|          7|         15|        207|     32629363.20|        369|00:01:23|-0.12|0.10|1.0553|
|=|          6|         15|        207|     32605201.67|        380|00:00:20|-0.05|0.12|0.9740|
|=|          2|         15|        207|     32657254.14|        391|00:00:20|-0.05|0.10|0.9729|
|=|          5|         15|        207|     32612141.88|        402|00:00:20|-0.00|0.12|0.9272|
|=|          1|         15|        207|     32602860.33|        413|00:00:20|-0.02|0.10|0.9289|
|=|          4|         15|        207|     32612851.90|        424|00:00:20|-0.02|0.09|0.9335|
|=|         11|         15|        207|     32602578.55|        439|00:00:21|-0.01|0.08|0.9253|
+-+-----------+-----------+-----------+----------------+-----------+--------+-----+----+------+
Best-so-far configuration:         207    mean value:      32602578.55
Description of the best-so-far configuration:
    .ID. algorithm localsearch alpha beta  rho ants   q0 rasrank elitistants
207  207       acs           3  3.63 6.61 0.17   52 0.29      NA          NA
    nnls dlb .PARENT.
207   10   1       69

# 2025-09-19 21:51:42 -03: Elite configurations (first number is the configuration ID; listed from best to worst according to the sum of ranks):
    algorithm localsearch alpha beta  rho ants   q0 rasrank elitistants nnls
207       acs           3  3.63 6.61 0.17   52 0.29      NA          NA   10
301       acs           3  2.87 5.60 0.18   37 0.03      NA          NA    8
216       acs           3  2.71 0.12 0.07   21 0.53      NA          NA   26
255       acs           3  3.61 0.46 0.04   18 0.51      NA          NA   15
256       acs           3  3.18 8.14 0.33   45 0.23      NA          NA    9
    dlb
207   1
301   1
216   1
255   1
256   1
# 2025-09-19 21:51:42 -03: Iteration 5 of 5
# experimentsUsed: 1721
# remainingBudget: 1029
# currentBudget: 1029
# nbConfigurations: 90
# Markers:
     x No test is performed.
     c Configurations are discarded only due to capping.
     - The test is performed and some configurations are discarded.
     = The test is performed but no configuration is discarded.
     ! The test is performed and configurations could be discarded but elite configurations are preserved.
     . All alive configurations are elite and nothing is discarded.

+-+-----------+-----------+-----------+----------------+-----------+--------+-----+----+------+
| |   Instance|      Alive|       Best|       Mean best| Exp so far|  W time|  rho|KenW|  Qvar|
+-+-----------+-----------+-----------+----------------+-----------+--------+-----+----+------+
|x|         12|         90|        361|     32096348.00|         90|00:01:37|   NA|  NA|    NA|
|x|          9|         90|        388|     32427002.00|        175|00:01:33|+0.58|0.79|0.0028|
|x|         11|         90|        388|     32429330.00|        260|00:01:34|+0.61|0.74|0.0052|
|x|          1|         90|        388|     32451839.75|        345|00:01:33|+0.59|0.69|0.0044|
|-|          6|         23|        388|     32451480.40|        430|00:01:33|-0.02|0.18|0.9902|
|=|         10|         23|        388|     32449051.00|        448|00:00:20|-0.01|0.16|0.9625|
|=|          7|         23|        388|     32452535.86|        466|00:00:20|+0.04|0.18|0.9115|
|=|          3|         23|        388|     32477693.38|        484|00:00:21|+0.06|0.18|0.8957|
|-|          8|         14|        388|     32502531.56|        502|00:00:20|+0.06|0.17|0.8507|
|=|          5|         14|        388|     32486107.50|        511|00:00:10|+0.05|0.14|0.8741|
|=|          4|         14|        388|     32501393.36|        520|00:00:10|+0.07|0.15|0.8595|
|=|          2|         14|        332|     32542125.67|        529|00:00:10|+0.06|0.14|0.8604|
|-|         13|          9|        332|     32541194.77|        543|00:00:20|-0.03|0.05|0.9005|
|=|         14|          9|        337|     32520305.50|        552|00:00:10|-0.04|0.04|0.9005|
|=|         15|          9|        337|     32535447.80|        561|00:00:10|-0.02|0.05|0.8768|
+-+-----------+-----------+-----------+----------------+-----------+--------+-----+----+------+
Best-so-far configuration:         337    mean value:      32535447.80
Description of the best-so-far configuration:
    .ID. algorithm localsearch alpha beta  rho ants   q0 rasrank elitistants
337  337       acs           3  3.98 5.51 0.23   53 0.25      NA          NA
    nnls dlb .PARENT.
337   12   1      207

# 2025-09-19 22:02:12 -03: Elite configurations (first number is the configuration ID; listed from best to worst according to the sum of ranks):
    algorithm localsearch alpha beta  rho ants   q0 rasrank elitistants nnls
337       acs           3  3.98 5.51 0.23   53 0.25      NA          NA   12
327       acs           3  3.38 6.78 0.18   52 0.05      NA          NA   14
388       acs           3  3.56 6.22 0.10   47 0.37      NA          NA   13
364       acs           3  3.44 7.90 0.15   44 0.15      NA          NA   14
332       acs           3  2.88 4.73 0.20   46 0.05      NA          NA   11
    dlb
337   1
327   1
388   1
364   1
332   1
# 2025-09-19 22:02:12 -03: Iteration 6 of 6
# experimentsUsed: 2282
# remainingBudget: 468
# currentBudget: 468
# nbConfigurations: 33
# Markers:
     x No test is performed.
     c Configurations are discarded only due to capping.
     - The test is performed and some configurations are discarded.
     = The test is performed but no configuration is discarded.
     ! The test is performed and configurations could be discarded but elite configurations are preserved.
     . All alive configurations are elite and nothing is discarded.

+-+-----------+-----------+-----------+----------------+-----------+--------+-----+----+------+
| |   Instance|      Alive|       Best|       Mean best| Exp so far|  W time|  rho|KenW|  Qvar|
+-+-----------+-----------+-----------+----------------+-----------+--------+-----+----+------+
|x|         16|         33|        429|     32487063.00|         33|00:00:41|   NA|  NA|    NA|
|x|         13|         33|        422|     32509194.00|         61|00:00:31|+0.65|0.82|0.1400|
|x|          4|         33|        327|     32558677.67|         89|00:00:31|+0.68|0.79|0.1107|
|x|          8|         33|        327|     32597382.00|        117|00:00:31|+0.70|0.78|0.1198|
|-|          5|         12|        327|     32532006.40|        145|00:00:31|-0.16|0.07|1.0261|
|=|          7|         12|        327|     32519944.33|        152|00:00:10|-0.10|0.08|0.9709|
|=|         11|         12|        327|     32506618.57|        159|00:00:10|-0.09|0.07|0.9688|
|=|         14|         12|        327|     32474077.75|        166|00:00:10|-0.05|0.08|0.9323|
|=|         15|         12|        327|     32505321.11|        173|00:00:10|-0.02|0.09|0.9115|
|=|          1|         12|        421|     32501589.80|        180|00:00:10|-0.01|0.09|0.9062|
|=|          9|         12|        327|     32535295.55|        187|00:00:10|+0.00|0.09|0.9055|
|=|          2|         12|        421|     32565369.08|        194|00:00:10|+0.02|0.10|0.8815|
|=|         12|         12|        434|     32536978.46|        201|00:00:10|+0.04|0.12|0.8728|
|=|          3|         12|        337|     32549293.64|        208|00:00:10|+0.05|0.12|0.8675|
|-|          6|         11|        337|     32541549.53|        215|00:00:10|-0.02|0.04|0.9414|
|=|         10|         11|        421|     32528893.06|        221|00:00:10|-0.03|0.04|0.9339|
|=|         17|         11|        337|     32547226.29|        232|00:00:20|-0.03|0.03|0.9412|
+-+-----------+-----------+-----------+----------------+-----------+--------+-----+----+------+
Best-so-far configuration:         337    mean value:      32547226.29
Description of the best-so-far configuration:
    .ID. algorithm localsearch alpha beta  rho ants   q0 rasrank elitistants
337  337       acs           3  3.98 5.51 0.23   53 0.25      NA          NA
    nnls dlb .PARENT.
337   12   1      207

# 2025-09-19 22:07:16 -03: Elite configurations (first number is the configuration ID; listed from best to worst according to the sum of ranks):
    algorithm localsearch alpha beta  rho ants   q0 rasrank elitistants nnls
337       acs           3  3.98 5.51 0.23   53 0.25      NA          NA   12
421       acs           3  3.18 4.00 0.32   51 0.02      NA          NA   12
327       acs           3  3.38 6.78 0.18   52 0.05      NA          NA   14
388       acs           3  3.56 6.22 0.10   47 0.37      NA          NA   13
428       acs           3  4.25 5.73 0.19   60 0.44      NA          NA   12
    dlb
337   1
421   1
327   1
388   1
428   1
# 2025-09-19 22:07:16 -03: Iteration 7 of 7
# experimentsUsed: 2514
# remainingBudget: 236
# currentBudget: 236
# nbConfigurations: 17
# Markers:
     x No test is performed.
     c Configurations are discarded only due to capping.
     - The test is performed and some configurations are discarded.
     = The test is performed but no configuration is discarded.
     ! The test is performed and configurations could be discarded but elite configurations are preserved.
     . All alive configurations are elite and nothing is discarded.

+-+-----------+-----------+-----------+----------------+-----------+--------+-----+----+------+
| |   Instance|      Alive|       Best|       Mean best| Exp so far|  W time|  rho|KenW|  Qvar|
+-+-----------+-----------+-----------+----------------+-----------+--------+-----+----+------+
|x|         18|         17|        438|     32280424.00|         17|00:00:20|   NA|  NA|    NA|
|x|         15|         17|        442|     32525987.50|         29|00:00:20|-0.00|0.50|0.1962|
|x|         17|         17|        440|     32587810.33|         41|00:00:20|+0.27|0.52|0.1563|
|x|          3|         17|        440|     32610764.25|         53|00:00:20|+0.29|0.47|0.1455|
|-|          1|         10|        440|     32577580.00|         65|00:00:20|+0.03|0.22|0.8369|
|=|         13|         10|        440|     32562985.33|         70|00:00:10|+0.07|0.23|0.7983|
|=|         10|         10|        440|     32536958.57|         75|00:00:10|+0.06|0.19|0.8058|
|=|          6|         10|        440|     32531551.25|         80|00:00:10|-0.02|0.11|0.9051|
|=|         12|         10|        440|     32488494.11|         85|00:00:10|-0.02|0.09|0.9088|
|=|          4|         10|        440|     32502954.50|         90|00:00:10|-0.01|0.10|0.9003|
|=|          8|         10|        440|     32524307.18|         95|00:00:10|-0.00|0.09|0.9039|
|=|         11|         10|        428|     32527630.83|        100|00:00:10|-0.01|0.08|0.9076|
|=|          7|         10|        428|     32521973.23|        105|00:00:10|+0.02|0.09|0.8809|
|=|          5|         10|        438|     32504885.29|        110|00:00:10|+0.01|0.08|0.8832|
|=|         16|         10|        438|     32504565.00|        115|00:00:10|+0.02|0.09|0.8684|
|=|          2|         10|        438|     32535649.56|        120|00:00:10|+0.03|0.09|0.8647|
|=|         14|         10|        421|     32514558.65|        125|00:00:10|+0.02|0.08|0.8632|
|=|          9|         10|        421|     32530423.11|        130|00:00:10|+0.00|0.06|0.8854|
|=|         19|         10|        337|     32548758.53|        140|00:00:10|-0.01|0.04|0.8982|
+-+-----------+-----------+-----------+----------------+-----------+--------+-----+----+------+
Best-so-far configuration:         337    mean value:      32548758.53
Description of the best-so-far configuration:
    .ID. algorithm localsearch alpha beta  rho ants   q0 rasrank elitistants
337  337       acs           3  3.98 5.51 0.23   53 0.25      NA          NA
    nnls dlb .PARENT.
337   12   1      207

# 2025-09-19 22:11:28 -03: Elite configurations (first number is the configuration ID; listed from best to worst according to the sum of ranks):
    algorithm localsearch alpha beta  rho ants   q0 rasrank elitistants nnls
337       acs           3  3.98 5.51 0.23   53 0.25      NA          NA   12
421       acs           3  3.18 4.00 0.32   51 0.02      NA          NA   12
428       acs           3  4.25 5.73 0.19   60 0.44      NA          NA   12
438       acs           3  3.98 5.14 0.26   61 0.23      NA          NA   14
440       acs           3  3.06 3.54 0.15   48 0.14      NA          NA   11
    dlb
337   1
421   1
428   1
438   1
440   1
# 2025-09-19 22:11:28 -03: Iteration 8 of 8
# experimentsUsed: 2654
# remainingBudget: 96
# currentBudget: 96
# nbConfigurations: 9
# Markers:
     x No test is performed.
     c Configurations are discarded only due to capping.
     - The test is performed and some configurations are discarded.
     = The test is performed but no configuration is discarded.
     ! The test is performed and configurations could be discarded but elite configurations are preserved.
     . All alive configurations are elite and nothing is discarded.

+-+-----------+-----------+-----------+----------------+-----------+--------+-----+----+------+
| |   Instance|      Alive|       Best|       Mean best| Exp so far|  W time|  rho|KenW|  Qvar|
+-+-----------+-----------+-----------+----------------+-----------+--------+-----+----+------+
|x|         20|          9|        447|     32398095.00|          9|00:00:10|   NA|  NA|    NA|
|x|         11|          9|        337|     32422526.00|         13|00:00:10|+0.38|0.69|0.7823|
|x|          5|          9|        337|     32376371.67|         17|00:00:10|+0.07|0.38|0.8763|
|x|         15|          9|        337|     32469138.75|         21|00:00:10|-0.03|0.23|0.9302|
|=|         12|          9|        337|     32402872.80|         25|00:00:10|-0.03|0.18|0.9382|
|=|         17|          9|        337|     32456539.83|         29|00:00:10|-0.05|0.12|0.9340|
|=|         13|          9|        337|     32465004.71|         33|00:00:10|-0.03|0.11|0.9347|
|=|          9|          9|        448|     32505387.50|         37|00:00:10|+0.01|0.14|0.8864|
|=|          8|          9|        448|     32529146.78|         41|00:00:10|+0.02|0.13|0.8776|
|=|          1|          9|        337|     32524725.50|         45|00:00:10|-0.01|0.09|0.9112|
|=|          3|          9|        337|     32539870.09|         49|00:00:10|-0.03|0.06|0.9322|
|=|         10|          9|        421|     32526773.67|         53|00:00:10|-0.03|0.06|0.9231|
|=|         16|          9|        421|     32527828.62|         57|00:00:10|-0.03|0.05|0.9273|
|=|          6|          9|        448|     32529599.21|         61|00:00:10|-0.03|0.05|0.9214|
|=|         18|          9|        337|     32511300.60|         65|00:00:10|-0.03|0.04|0.9215|
|=|          7|          9|        337|     32509653.69|         69|00:00:10|-0.03|0.03|0.9191|
|=|          4|          9|        448|     32521705.82|         73|00:00:10|-0.04|0.02|0.9242|
|=|         19|          9|        448|     32541291.94|         77|00:00:10|-0.04|0.02|0.9256|
|=|         14|          9|        337|     32520163.84|         81|00:00:10|-0.02|0.03|0.9138|
|=|          2|          9|        337|     32543434.70|         85|00:00:10|-0.02|0.03|0.9100|
|=|         21|          9|        337|     32540285.10|         94|00:00:10|-0.01|0.03|0.9047|
+-+-----------+-----------+-----------+----------------+-----------+--------+-----+----+------+
Best-so-far configuration:         337    mean value:      32540285.10
Description of the best-so-far configuration:
    .ID. algorithm localsearch alpha beta  rho ants   q0 rasrank elitistants
337  337       acs           3  3.98 5.51 0.23   53 0.25      NA          NA
    nnls dlb .PARENT.
337   12   1      207

# 2025-09-19 22:15:09 -03: Elite configurations (first number is the configuration ID; listed from best to worst according to the sum of ranks):
    algorithm localsearch alpha beta  rho ants   q0 rasrank elitistants nnls
337       acs           3  3.98 5.51 0.23   53 0.25      NA          NA   12
421       acs           3  3.18 4.00 0.32   51 0.02      NA          NA   12
448       acs           3  2.94 3.32 0.26   50 0.42      NA          NA   14
440       acs           3  3.06 3.54 0.15   48 0.14      NA          NA   11
428       acs           3  4.25 5.73 0.19   60 0.44      NA          NA   12
    dlb
337   1
421   1
448   1
440   1
428   1
# 2025-09-19 22:15:09 -03: Stopped because there is not enough budget left to race more than the minimum (5).
# You may either increase the budget or set 'minNbSurvival' to a lower value.
# Iteration: 9
# nbIterations: 9
# experimentsUsed: 2748
# timeUsed: 0
# remainingBudget: 2
# currentBudget: 2
# number of elites: 5
# nbConfigurations: 5
# Total CPU user time: 31076.12, CPU sys time: 233.118, Wall-clock time: 3769.359
# 2025-09-19 22:15:09 -03: Starting post-selection:
# Configurations selected: 337, 421.
# Pending instances: 0, 0.
# 2025-09-19 22:15:09 -03: seed: 600083
# Configurations: 2
# Available experiments: 2
# minSurvival: 1
# Markers:
     x No test is performed.
     c Configurations are discarded only due to capping.
     - The test is performed and some configurations are discarded.
     = The test is performed but no configuration is discarded.
     ! The test is performed and configurations could be discarded but elite configurations are preserved.
     . All alive configurations are elite and nothing is discarded.

+-+-----------+-----------+-----------+----------------+-----------+--------+-----+----+------+
| |   Instance|      Alive|       Best|       Mean best| Exp so far|  W time|  rho|KenW|  Qvar|
+-+-----------+-----------+-----------+----------------+-----------+--------+-----+----+------+
|.|         14|          2|        421|     32191970.00|          0|00:00:00|   NA|  NA|    NA|
|.|          4|          2|        421|     32427379.00|          0|00:00:00|+1.00|1.00|0.0000|
|.|          9|          2|        421|     32551625.67|          0|00:00:00|-0.33|0.11|0.6667|
|.|         19|          2|        421|     32636379.75|          0|00:00:00|-0.33|0.00|0.6667|
|.|         16|          2|        421|     32617201.40|          0|00:00:00|-0.20|0.04|0.6000|
|.|         12|          2|        421|     32542291.00|          0|00:00:00|-0.20|0.00|0.6000|
|.|         20|          2|        421|     32529639.29|          0|00:00:00|-0.14|0.02|0.5714|
|.|          8|          2|        421|     32554119.25|          0|00:00:00|-0.07|0.06|0.5357|
|.|         17|          2|        421|     32573632.33|          0|00:00:00|+0.00|0.11|0.5000|
|.|         10|          2|        421|     32553206.30|          0|00:00:00|-0.07|0.04|0.5333|
|.|         11|          2|        421|     32541909.00|          0|00:00:00|-0.02|0.07|0.5091|
|.|          5|          2|        421|     32518503.92|          0|00:00:00|-0.06|0.03|0.5303|
|.|          7|          2|        421|     32515144.54|          0|00:00:00|-0.08|0.01|0.5385|
|.|          1|          2|        421|     32512053.07|          0|00:00:00|-0.08|0.00|0.5385|
|.|          2|          2|        421|     32542477.00|          0|00:00:00|-0.07|0.00|0.5333|
|.|         21|          2|        421|     32541932.00|          0|00:00:00|-0.07|0.00|0.5333|
|.|          6|          2|        421|     32538640.76|          0|00:00:00|-0.06|0.00|0.5294|
|.|         15|          2|        421|     32551423.28|          0|00:00:00|-0.05|0.01|0.5229|
|.|         18|          2|        421|     32541116.26|          0|00:00:00|-0.03|0.02|0.5146|
|.|          3|          2|        421|     32546798.85|          0|00:00:00|-0.04|0.01|0.5211|
|.|         13|          2|        421|     32544083.05|          0|00:00:00|-0.05|0.00|0.5238|
|=|         22|          2|        337|     32549371.64|          2|00:00:10|-0.05|0.00|0.5238|
+-+-----------+-----------+-----------+----------------+-----------+--------+-----+----+------+
Best-so-far configuration:         337    mean value:      32549371.64
Description of the best-so-far configuration:
    .ID. algorithm localsearch alpha beta  rho ants   q0 rasrank elitistants
337  337       acs           3  3.98 5.51 0.23   53 0.25      NA          NA
    nnls dlb .PARENT.
337   12   1      207

# 2025-09-19 22:15:19 -03: Elite configurations (first number is the configuration ID; listed from best to worst according to the sum of ranks):
    algorithm localsearch alpha beta  rho ants   q0 rasrank elitistants nnls
337       acs           3  3.98 5.51 0.23   53 0.25      NA          NA   12
421       acs           3  3.18 4.00 0.32   51 0.02      NA          NA   12
    dlb
337   1
421   1
# Total CPU user time: 31096.55, CPU sys time: 233.349, Wall-clock time: 3779.7
    .ID. algorithm localsearch alpha beta  rho ants   q0 rasrank elitistants
337  337       acs           3  3.98 5.51 0.23   53 0.25      NA          NA
421  421       acs           3  3.18 4.00 0.32   51 0.02      NA          NA
    nnls dlb .PARENT. .RANK.  .WEIGHT.
337   12   1      207     33 0.6666667
421   12   1      332     33 0.3333333
