# 2025-09-19 08:42:09 -03: Reading parameter file '/home/dianag/PruebasPablo/irace-test-executions/ACOTSP-withRanking/Scenarios-2/BH-90/Runs/BH-90_seed_1100211/parameters.txt'.
# 2025-09-19 08:42:09 -03: 1 expression(s) specifying forbidden configurations read.
# 2025-09-19 08:42:09 -03: Initialization
# Elitist race
# Elitist new instances: 1
# Elitist limit: 2
# nbIterations: 5
# minNbSurvival: 5
# nbParameters: 11
# seed: 1100211
# confidence level: 0.95
# budget: 5500
# mu: 5
# deterministic: FALSE

# 2025-09-19 08:42:09 -03: Iteration 1 of 5
# experimentsUsed: 0
# remainingBudget: 5500
# currentBudget: 1100
# nbConfigurations: 90
# Markers:
     x No test is performed.
     c Configurations are discarded only due to capping.
     - The test is performed and some configurations are discarded.
     = The test is performed but no configuration is discarded.
     ! The test is performed and configurations could be discarded but elite configurations are preserved.
     . All alive configurations are elite and nothing is discarded.

+-+-----------+-----------+-----------+----------------+-----------+--------+-----+----+------+
| |   Instance|      Alive|       Best|       Mean best| Exp so far|  W time|  rho|KenW|  Qvar|
+-+-----------+-----------+-----------+----------------+-----------+--------+-----+----+------+
|x|          1|         90|         49|     32851425.00|         90|00:01:49|   NA|  NA|    NA|
|x|          2|         90|         49|     32666214.00|        180|00:01:56|+0.98|0.99|0.0032|
|x|          3|         90|         49|     32694025.00|        270|00:01:52|+0.98|0.99|0.0033|
|x|          4|         90|         14|     32681488.25|        360|00:01:51|+0.98|0.99|0.0047|
|-|          5|          7|         49|     32700324.60|        450|00:01:51|+0.21|0.37|0.6196|
|=|          6|          7|         49|     32668582.17|        457|00:00:24|+0.15|0.30|0.7298|
|-|          7|          3|         49|     32667160.43|        464|00:00:24|+0.12|0.24|0.5596|
+-+-----------+-----------+-----------+----------------+-----------+--------+-----+----+------+
Best-so-far configuration:          49    mean value:      32667160.43
Description of the best-so-far configuration:
   .ID. algorithm localsearch alpha beta rho ants q0 rasrank elitistants nnls
49   49      mmas           3  3.85 3.67 0.1   22 NA      NA          NA   17
   dlb .PARENT.
49   1       NA

# 2025-09-19 08:52:20 -03: Elite configurations (first number is the configuration ID; listed from best to worst according to the sum of ranks):
   algorithm localsearch alpha beta  rho ants q0 rasrank elitistants nnls dlb
49      mmas           3  3.85 3.67 0.10   22 NA      NA          NA   17   1
14      mmas           3  4.08 1.96 0.33   90 NA      NA          NA   48   0
66       ras           3  3.96 4.85 0.93   98 NA      27          NA   18   1
# 2025-09-19 08:52:20 -03: Iteration 2 of 5
# experimentsUsed: 464
# remainingBudget: 5036
# currentBudget: 1259
# nbConfigurations: 90
# Markers:
     x No test is performed.
     c Configurations are discarded only due to capping.
     - The test is performed and some configurations are discarded.
     = The test is performed but no configuration is discarded.
     ! The test is performed and configurations could be discarded but elite configurations are preserved.
     . All alive configurations are elite and nothing is discarded.

+-+-----------+-----------+-----------+----------------+-----------+--------+-----+----+------+
| |   Instance|      Alive|       Best|       Mean best| Exp so far|  W time|  rho|KenW|  Qvar|
+-+-----------+-----------+-----------+----------------+-----------+--------+-----+----+------+
|x|          8|         90|        165|     32846591.00|         90|00:02:07|   NA|  NA|    NA|
|x|          6|         90|         49|     32704495.50|        177|00:01:57|+0.92|0.96|0.0010|
|x|          2|         90|         49|     32629998.00|        264|00:01:57|+0.93|0.95|0.0016|
|x|          1|         90|         49|     32685354.75|        351|00:01:55|+0.93|0.95|0.0020|
|-|          3|          9|         49|     32698213.20|        438|00:01:55|+0.05|0.24|0.8658|
|=|          4|          9|         49|     32679020.33|        444|00:00:11|-0.01|0.16|0.9302|
|=|          5|          9|         49|     32701516.29|        450|00:00:11|+0.07|0.20|0.8669|
|=|          7|          9|         49|     32696155.50|        456|00:00:11|+0.07|0.18|0.8490|
|=|          9|          9|         49|     32679825.78|        465|00:00:23|+0.08|0.18|0.8168|
+-+-----------+-----------+-----------+----------------+-----------+--------+-----+----+------+
Best-so-far configuration:          49    mean value:      32679825.78
Description of the best-so-far configuration:
   .ID. algorithm localsearch alpha beta rho ants q0 rasrank elitistants nnls
49   49      mmas           3  3.85 3.67 0.1   22 NA      NA          NA   17
   dlb .PARENT.
49   1       NA

# 2025-09-19 09:03:11 -03: Elite configurations (first number is the configuration ID; listed from best to worst according to the sum of ranks):
    algorithm localsearch alpha beta  rho ants   q0 rasrank elitistants nnls
49       mmas           3  3.85 3.67 0.10   22   NA      NA          NA   17
139       acs           3  4.45 3.99 0.78   66 0.38      NA          NA   31
128      mmas           3  1.77 6.46 0.58   55   NA      NA          NA   27
133      mmas           3  4.11 4.54 0.18   22   NA      NA          NA   19
147      mmas           3  2.87 3.94 0.25   15   NA      NA          NA   10
    dlb
49    1
139   0
128   1
133   1
147   0
# 2025-09-19 09:03:11 -03: Iteration 3 of 5
# experimentsUsed: 929
# remainingBudget: 4571
# currentBudget: 1523
# nbConfigurations: 90
# Markers:
     x No test is performed.
     c Configurations are discarded only due to capping.
     - The test is performed and some configurations are discarded.
     = The test is performed but no configuration is discarded.
     ! The test is performed and configurations could be discarded but elite configurations are preserved.
     . All alive configurations are elite and nothing is discarded.

+-+-----------+-----------+-----------+----------------+-----------+--------+-----+----+------+
| |   Instance|      Alive|       Best|       Mean best| Exp so far|  W time|  rho|KenW|  Qvar|
+-+-----------+-----------+-----------+----------------+-----------+--------+-----+----+------+
|x|         10|         90|        219|     31956379.00|         90|00:02:00|   NA|  NA|    NA|
|x|          8|         90|        188|     32451965.50|        175|00:01:58|+0.85|0.93|0.0047|
|x|          2|         90|        189|     32449531.00|        260|00:01:57|+0.88|0.92|0.0044|
|x|          1|         90|        189|     32553698.25|        345|00:01:53|+0.88|0.91|0.0035|
|-|          5|         18|        219|     32600150.80|        430|00:01:56|+0.06|0.25|0.9139|
|=|          6|         18|        188|     32614643.50|        443|00:00:23|+0.08|0.24|0.8836|
|=|          4|         18|        189|     32574990.57|        456|00:00:24|+0.10|0.23|0.8396|
|-|          7|         13|        254|     32584675.00|        469|00:00:20|+0.02|0.15|0.8901|
|=|          3|         13|        188|     32615598.33|        477|00:00:10|+0.03|0.14|0.8887|
|=|          9|         13|        188|     32601968.60|        485|00:00:10|+0.04|0.14|0.8849|
|=|         11|         13|        254|     32613551.55|        498|00:00:20|+0.04|0.13|0.8824|
+-+-----------+-----------+-----------+----------------+-----------+--------+-----+----+------+
Best-so-far configuration:         254    mean value:      32613551.55
Description of the best-so-far configuration:
    .ID. algorithm localsearch alpha beta  rho ants   q0 rasrank elitistants
254  254       acs           3  1.68 5.91 0.24   37 0.73      NA          NA
    nnls dlb .PARENT.
254   25   1      128

# 2025-09-19 09:14:48 -03: Elite configurations (first number is the configuration ID; listed from best to worst according to the sum of ranks):
    algorithm localsearch alpha beta  rho ants   q0 rasrank elitistants nnls
254       acs           3  1.68 5.91 0.24   37 0.73      NA          NA   25
188      mmas           3  2.81 6.14 0.18   53   NA      NA          NA   16
189       acs           3  3.23 3.94 0.10   21 0.94      NA          NA   19
261       acs           3  3.61 4.12 0.64   32 0.80      NA          NA   19
248       acs           3  4.64 5.21 0.31   17 0.68      NA          NA   19
    dlb
254   1
188   1
189   1
261   1
248   1
# 2025-09-19 09:14:48 -03: Iteration 4 of 5
# experimentsUsed: 1427
# remainingBudget: 4073
# currentBudget: 2036
# nbConfigurations: 90
# Markers:
     x No test is performed.
     c Configurations are discarded only due to capping.
     - The test is performed and some configurations are discarded.
     = The test is performed but no configuration is discarded.
     ! The test is performed and configurations could be discarded but elite configurations are preserved.
     . All alive configurations are elite and nothing is discarded.

+-+-----------+-----------+-----------+----------------+-----------+--------+-----+----+------+
| |   Instance|      Alive|       Best|       Mean best| Exp so far|  W time|  rho|KenW|  Qvar|
+-+-----------+-----------+-----------+----------------+-----------+--------+-----+----+------+
|x|         12|         90|        339|     32772775.00|         90|00:01:51|   NA|  NA|    NA|
|x|          3|         90|        314|     32736260.00|        175|00:01:45|+0.89|0.95|0.0055|
|x|          6|         90|        290|     32637867.00|        260|00:01:46|+0.89|0.93|0.0064|
|x|          4|         90|        290|     32600277.50|        345|00:01:48|+0.88|0.91|0.0065|
|-|          9|         15|        290|     32575937.80|        430|00:01:49|-0.03|0.18|0.9053|
|=|         11|         15|        339|     32631279.83|        440|00:00:10|-0.02|0.15|0.9309|
|=|          5|         15|        339|     32659336.71|        450|00:00:10|-0.04|0.11|0.9533|
|=|          2|         15|        339|     32630132.00|        460|00:00:10|-0.01|0.12|0.9225|
|=|          8|         15|        339|     32655655.67|        470|00:00:10|-0.01|0.10|0.9259|
|=|          1|         15|        339|     32666014.40|        480|00:00:10|+0.03|0.13|0.8901|
|=|         10|         15|        339|     32609480.09|        490|00:00:10|+0.03|0.12|0.8883|
|=|          7|         15|        339|     32612532.25|        500|00:00:10|+0.02|0.10|0.9014|
|=|         13|         15|        339|     32621251.92|        515|00:00:20|+0.04|0.11|0.8854|
+-+-----------+-----------+-----------+----------------+-----------+--------+-----+----+------+
Best-so-far configuration:         339    mean value:      32621251.92
Description of the best-so-far configuration:
    .ID. algorithm localsearch alpha beta  rho ants   q0 rasrank elitistants
339  339       acs           3  3.12 3.07 0.42   61 0.86      NA          NA
    nnls dlb .PARENT.
339   25   1      261

# 2025-09-19 09:25:24 -03: Elite configurations (first number is the configuration ID; listed from best to worst according to the sum of ranks):
    algorithm localsearch alpha beta  rho ants   q0 rasrank elitistants nnls
339       acs           3  3.12 3.07 0.42   61 0.86      NA          NA   25
335       acs           3  3.13 1.91 0.15   28 0.01      NA          NA   16
301       acs           3  3.38 4.38 0.09   10 0.93      NA          NA   18
272       acs           3  2.50 8.55 0.10   18 0.66      NA          NA   21
254       acs           3  1.68 5.91 0.24   37 0.73      NA          NA   25
    dlb
339   1
335   1
301   1
272   1
254   1
# 2025-09-19 09:25:24 -03: Iteration 5 of 5
# experimentsUsed: 1942
# remainingBudget: 3558
# currentBudget: 3558
# nbConfigurations: 90
# Markers:
     x No test is performed.
     c Configurations are discarded only due to capping.
     - The test is performed and some configurations are discarded.
     = The test is performed but no configuration is discarded.
     ! The test is performed and configurations could be discarded but elite configurations are preserved.
     . All alive configurations are elite and nothing is discarded.

+-+-----------+-----------+-----------+----------------+-----------+--------+-----+----+------+
| |   Instance|      Alive|       Best|       Mean best| Exp so far|  W time|  rho|KenW|  Qvar|
+-+-----------+-----------+-----------+----------------+-----------+--------+-----+----+------+
|x|         14|         90|        428|     32641540.00|         90|00:01:40|   NA|  NA|    NA|
|x|          1|         90|        387|     32708173.50|        175|00:01:33|+0.57|0.79|0.0019|
|x|         13|         90|        427|     32694479.67|        260|00:01:33|+0.51|0.67|0.0016|
|x|          2|         90|        423|     32607390.00|        345|00:01:33|+0.52|0.64|0.0014|
|-|          7|         37|        423|     32614585.40|        430|00:01:33|-0.06|0.16|1.0294|
|=|         10|         37|        407|     32531595.83|        462|00:00:41|-0.00|0.16|0.9941|
|=|          3|         37|        387|     32547319.86|        494|00:00:41|+0.01|0.15|0.9571|
|=|          9|         37|        387|     32533435.88|        526|00:00:41|+0.05|0.17|0.9194|
|-|          8|         20|        387|     32561605.44|        558|00:00:41|+0.00|0.11|0.9449|
|=|         12|         20|        387|     32595252.80|        573|00:00:20|-0.00|0.10|0.9441|
|=|          4|         20|        387|     32588377.27|        588|00:00:20|-0.01|0.08|0.9445|
|=|         11|         20|        407|     32613206.00|        603|00:00:20|-0.01|0.07|0.9460|
|=|          5|         20|        407|     32627792.31|        618|00:00:20|-0.01|0.07|0.9368|
|=|          6|         20|        423|     32607242.71|        633|00:00:20|-0.00|0.07|0.9317|
|=|         15|         20|        407|     32626355.87|        653|00:00:21|+0.00|0.07|0.9288|
+-+-----------+-----------+-----------+----------------+-----------+--------+-----+----+------+
Best-so-far configuration:         407    mean value:      32626355.87
Description of the best-so-far configuration:
    .ID. algorithm localsearch alpha beta  rho ants   q0 rasrank elitistants
407  407       acs           3  2.18 3.79 0.21   34 0.59      NA          NA
    nnls dlb .PARENT.
407   24   1      254

# 2025-09-19 09:38:12 -03: Elite configurations (first number is the configuration ID; listed from best to worst according to the sum of ranks):
    algorithm localsearch alpha beta  rho ants   q0 rasrank elitistants nnls
407       acs           3  2.18 3.79 0.21   34 0.59      NA          NA   24
423       acs           3  2.57 3.12 0.16   41 0.16      NA          NA   15
387       acs           3  2.94 1.51 0.22   39 0.17      NA          NA   13
402       acs           3  3.61 1.00 0.04   27 0.18      NA          NA   15
432       acs           3  2.95 2.22 0.35   55 0.50      NA          NA   18
    dlb
407   1
423   1
387   1
402   1
432   1
# 2025-09-19 09:38:12 -03: Iteration 6 of 6
# experimentsUsed: 2595
# remainingBudget: 2905
# currentBudget: 2905
# nbConfigurations: 90
# Markers:
     x No test is performed.
     c Configurations are discarded only due to capping.
     - The test is performed and some configurations are discarded.
     = The test is performed but no configuration is discarded.
     ! The test is performed and configurations could be discarded but elite configurations are preserved.
     . All alive configurations are elite and nothing is discarded.

+-+-----------+-----------+-----------+----------------+-----------+--------+-----+----+------+
| |   Instance|      Alive|       Best|       Mean best| Exp so far|  W time|  rho|KenW|  Qvar|
+-+-----------+-----------+-----------+----------------+-----------+--------+-----+----+------+
|x|         16|         90|        478|     32599470.00|         90|00:01:33|   NA|  NA|    NA|
|x|         13|         90|        423|     32582655.00|        175|00:01:33|+0.51|0.75|0.0019|
|x|         11|         90|        423|     32671082.67|        260|00:01:33|+0.50|0.67|0.0019|
|x|         10|         90|        463|     32519207.75|        345|00:01:33|+0.40|0.55|0.0021|
|-|          8|         37|        446|     32592231.60|        430|00:01:33|-0.12|0.11|1.0984|
|=|         14|         37|        423|     32611681.67|        462|00:00:41|-0.09|0.09|1.0673|
|=|         12|         37|        423|     32641260.29|        494|00:00:41|-0.04|0.11|1.0098|
|=|          1|         37|        423|     32656738.00|        526|00:00:41|-0.02|0.11|0.9941|
|=|         15|         37|        505|     32669689.44|        558|00:00:41|+0.01|0.12|0.9674|
|=|          7|         37|        505|     32657693.60|        590|00:00:41|+0.03|0.13|0.9453|
|=|          3|         37|        505|     32657523.55|        622|00:00:41|+0.04|0.13|0.9355|
|-|          6|         24|        448|     32644047.50|        654|00:00:41|-0.03|0.05|0.9757|
|=|          4|         24|        448|     32627886.38|        673|00:00:21|-0.01|0.06|0.9643|
|=|          2|         24|        448|     32612194.57|        692|00:00:20|-0.01|0.06|0.9598|
|=|          5|         24|        448|     32619939.87|        711|00:00:20|-0.00|0.06|0.9574|
|=|          9|         24|        448|     32606456.56|        730|00:00:20|+0.00|0.07|0.9493|
|=|         17|         24|        448|     32605720.12|        754|00:00:31|+0.00|0.06|0.9573|
+-+-----------+-----------+-----------+----------------+-----------+--------+-----+----+------+
Best-so-far configuration:         448    mean value:      32605720.12
Description of the best-so-far configuration:
    .ID. algorithm localsearch alpha beta  rho ants   q0 rasrank elitistants
448  448       acs           3  2.44 2.66 0.21   41 0.14      NA          NA
    nnls dlb .PARENT.
448   15   1      423

# 2025-09-19 09:52:47 -03: Elite configurations (first number is the configuration ID; listed from best to worst according to the sum of ranks):
    algorithm localsearch alpha beta  rho ants   q0 rasrank elitistants nnls
448       acs           3  2.44 2.66 0.21   41 0.14      NA          NA   15
505       acs           3  2.34 2.53 0.15   38 0.45      NA          NA   13
465       acs           3  3.55 0.38 0.05   31 0.12      NA          NA   11
463       acs           3  2.46 2.02 0.13   37 0.21      NA          NA   12
423       acs           3  2.57 3.12 0.16   41 0.16      NA          NA   15
    dlb
448   1
505   1
465   1
463   1
423   1
# 2025-09-19 09:52:47 -03: Iteration 7 of 7
# experimentsUsed: 3349
# remainingBudget: 2151
# currentBudget: 2151
# nbConfigurations: 90
# Markers:
     x No test is performed.
     c Configurations are discarded only due to capping.
     - The test is performed and some configurations are discarded.
     = The test is performed but no configuration is discarded.
     ! The test is performed and configurations could be discarded but elite configurations are preserved.
     . All alive configurations are elite and nothing is discarded.

+-+-----------+-----------+-----------+----------------+-----------+--------+-----+----+------+
| |   Instance|      Alive|       Best|       Mean best| Exp so far|  W time|  rho|KenW|  Qvar|
+-+-----------+-----------+-----------+----------------+-----------+--------+-----+----+------+
|x|         18|         90|        581|     32751106.00|         90|00:01:33|   NA|  NA|    NA|
|x|          2|         90|        565|     32560784.50|        175|00:01:33|+0.37|0.68|0.1375|
|x|         17|         90|        571|     32583265.00|        260|00:01:33|+0.28|0.52|0.1536|
|x|         14|         90|        601|     32604857.25|        345|00:01:33|+0.23|0.42|0.1647|
|-|         16|         57|        423|     32618768.20|        430|00:01:33|-0.10|0.12|1.0613|
|=|         10|         57|        557|     32519662.17|        482|00:01:02|-0.06|0.12|1.0251|
|=|         15|         57|        448|     32553535.86|        534|00:01:02|-0.03|0.11|1.0070|
|=|          4|         57|        448|     32538588.00|        586|00:01:02|-0.03|0.10|0.9983|
|=|         12|         57|        579|     32576921.67|        638|00:01:02|-0.02|0.09|0.9990|
|=|         13|         57|        579|     32579008.10|        690|00:01:02|+0.00|0.10|0.9787|
|=|          7|         57|        550|     32579787.18|        742|00:01:02|+0.02|0.11|0.9642|
|=|          3|         57|        579|     32592116.08|        794|00:01:02|+0.03|0.11|0.9602|
|-|          6|         40|        448|     32572795.77|        846|00:01:02|-0.04|0.04|1.0169|
|=|          5|         40|        448|     32583908.50|        881|00:00:41|-0.02|0.05|1.0023|
|=|         11|         40|        448|     32600356.20|        916|00:00:41|-0.02|0.04|1.0036|
|=|          1|         40|        448|     32611970.25|        951|00:00:41|-0.02|0.04|0.9959|
|=|          9|         40|        448|     32599748.88|        986|00:00:41|-0.02|0.04|0.9940|
|=|          8|         40|        448|     32616821.33|       1021|00:00:41|-0.02|0.03|0.9970|
|=|         19|         40|        448|     32611485.26|       1061|00:00:41|-0.02|0.04|0.9941|
+-+-----------+-----------+-----------+----------------+-----------+--------+-----+----+------+
Best-so-far configuration:         448    mean value:      32611485.26
Description of the best-so-far configuration:
    .ID. algorithm localsearch alpha beta  rho ants   q0 rasrank elitistants
448  448       acs           3  2.44 2.66 0.21   41 0.14      NA          NA
    nnls dlb .PARENT.
448   15   1      423

# 2025-09-19 10:13:06 -03: Elite configurations (first number is the configuration ID; listed from best to worst according to the sum of ranks):
    algorithm localsearch alpha beta  rho ants   q0 rasrank elitistants nnls
448       acs           3  2.44 2.66 0.21   41 0.14      NA          NA   15
600       acs           3  3.39 0.13 0.09   38 0.13      NA          NA   11
590       acs           3  2.49 2.34 0.12   35 0.22      NA          NA   14
579       acs           3  2.53 2.67 0.22   41 0.23      NA          NA   13
583       acs           3  2.28 2.70 0.25   41 0.16      NA          NA   17
    dlb
448   1
600   1
590   1
579   1
583   1
# 2025-09-19 10:13:06 -03: Stopped because there is not enough budget to enforce the value of nbConfigurations.
# Iteration: 8
# nbIterations: 8
# experimentsUsed: 4410
# timeUsed: 0
# remainingBudget: 1090
# currentBudget: 1090
# number of elites: 5
# nbConfigurations: 59
# Total CPU user time: 48855.67, CPU sys time: 373.793, Wall-clock time: 5457.716
# 2025-09-19 10:13:06 -03: Starting post-selection:
# Configurations selected: 448, 600, 590, 579, 583, 505, 465, 463, 423, 407, 387, 402, 432, 339, 335, 301.
# Pending instances: 1, 1, 1, 1, 1, 1, 1, 1, 1, 3, 3, 3, 3, 5, 5, 5.
# 2025-09-19 10:13:07 -03: seed: 1100211
# Configurations: 16
# Available experiments: 1090
# minSurvival: 1
# Markers:
     x No test is performed.
     c Configurations are discarded only due to capping.
     - The test is performed and some configurations are discarded.
     = The test is performed but no configuration is discarded.
     ! The test is performed and configurations could be discarded but elite configurations are preserved.
     . All alive configurations are elite and nothing is discarded.

+-+-----------+-----------+-----------+----------------+-----------+--------+-----+----+------+
| |   Instance|      Alive|       Best|       Mean best| Exp so far|  W time|  rho|KenW|  Qvar|
+-+-----------+-----------+-----------+----------------+-----------+--------+-----+----+------+
|.|          8|         16|        387|     32786962.00|          0|00:00:00|   NA|  NA|    NA|
|.|          2|         16|        387|     32582506.50|          0|00:00:00|-0.05|0.48|0.9989|
|.|          3|         16|        387|     32592573.67|          0|00:00:00|+0.10|0.40|0.8371|
|.|         11|         16|        387|     32678101.50|          0|00:00:00|+0.00|0.25|0.8820|
|x|         17|         16|        387|     32661550.20|          3|00:00:10|+0.12|0.30|0.7705|
|x|         19|         16|        448|     32641350.00|         10|00:00:10|+0.16|0.30|0.7519|
|.|          9|         16|        448|     32607472.43|         10|00:00:00|+0.12|0.24|0.8140|
|.|         10|         16|        448|     32532471.50|         10|00:00:00|+0.15|0.26|0.7909|
|.|          5|         16|        448|     32554238.44|         10|00:00:00|+0.19|0.28|0.7527|
|.|         14|         16|        448|     32566103.10|         10|00:00:00|+0.19|0.28|0.7458|
|x|         16|         16|        448|     32572218.00|         13|00:00:10|+0.21|0.28|0.7323|
|.|         12|         16|        448|     32598400.33|         13|00:00:00|+0.17|0.24|0.7692|
|.|          4|         16|        448|     32585750.54|         13|00:00:00|+0.18|0.24|0.7629|
|.|          7|         16|        448|     32585660.29|         13|00:00:00|+0.16|0.22|0.7870|
|.|         15|         16|        448|     32596839.87|         13|00:00:00|+0.16|0.22|0.7811|
|x|         18|         16|        448|     32609883.75|         20|00:00:10|+0.16|0.21|0.7752|
|.|          6|         16|        448|     32598146.35|         20|00:00:00|+0.17|0.21|0.7636|
|.|         13|         16|        448|     32601779.94|         20|00:00:00|+0.15|0.20|0.7780|
|.|          1|         16|        448|     32611485.26|         20|00:00:00|+0.15|0.19|0.7793|
|-|         20|          5|        448|     32604400.05|         36|00:00:20|+0.03|0.08|0.7983|
|=|         21|          5|        448|     32603282.52|         41|00:00:10|+0.02|0.07|0.8042|
|=|         22|          5|        448|     32610724.91|         46|00:00:10|+0.04|0.08|0.7954|
|=|         23|          5|        448|     32627155.48|         51|00:00:10|+0.02|0.06|0.8082|
|=|         24|          5|        448|     32625443.29|         56|00:00:10|+0.01|0.05|0.8057|
|=|         25|          5|        448|     32615657.56|         61|00:00:10|+0.02|0.06|0.7967|
|=|         26|          5|        448|     32611124.08|         66|00:00:10|+0.01|0.05|0.7978|
|=|         27|          5|        448|     32619438.11|         71|00:00:10|+0.01|0.04|0.7983|
|=|         28|          5|        448|     32602227.54|         76|00:00:10|+0.00|0.04|0.8009|
|=|         29|          5|        448|     32600031.83|         81|00:00:10|+0.00|0.04|0.7950|
|=|         30|          5|        448|     32609414.37|         86|00:00:10|+0.00|0.04|0.7945|
|=|         31|          5|        448|     32607835.19|         91|00:00:10|-0.00|0.03|0.7981|
|=|         32|          5|        448|     32606944.12|         96|00:00:10|-0.01|0.03|0.7958|
|=|         33|          5|        448|     32607510.97|        101|00:00:10|-0.01|0.02|0.7988|
|=|         34|          5|        448|     32604042.00|        106|00:00:10|-0.01|0.02|0.8000|
|=|         35|          5|        448|     32608001.09|        111|00:00:10|-0.02|0.01|0.8053|
|=|         36|          5|        448|     32608621.06|        116|00:00:10|-0.01|0.01|0.8057|
|=|         37|          5|        448|     32610634.57|        121|00:00:10|-0.01|0.01|0.8076|
|=|         38|          5|        448|     32614950.26|        126|00:00:10|-0.01|0.02|0.8050|
|=|         39|          5|        448|     32615479.69|        131|00:00:10|-0.00|0.02|0.8017|
|=|         40|          5|        448|     32612783.80|        136|00:00:10|-0.00|0.02|0.8000|
|=|         41|          5|        448|     32606973.37|        141|00:00:10|-0.01|0.02|0.8030|
|=|         42|          5|        448|     32604478.07|        146|00:00:10|-0.01|0.02|0.8053|
|=|         43|          5|        448|     32608636.07|        151|00:00:10|-0.00|0.02|0.8014|
|=|         44|          5|        448|     32603994.41|        156|00:00:10|-0.01|0.02|0.8008|
|=|         45|          5|        448|     32604141.62|        161|00:00:10|-0.00|0.02|0.7987|
|=|         46|          5|        448|     32605922.02|        166|00:00:10|-0.00|0.02|0.7998|
|=|         47|          5|        448|     32607896.23|        171|00:00:10|-0.00|0.02|0.8010|
|=|         48|          5|        448|     32610490.67|        176|00:00:10|-0.01|0.01|0.8044|
|=|         49|          5|        448|     32607960.98|        181|00:00:10|-0.00|0.02|0.8039|
|=|         50|          5|        448|     32601517.86|        186|00:00:10|-0.00|0.02|0.8030|
|=|         51|          5|        448|     32608083.45|        191|00:00:10|-0.01|0.01|0.8060|
|=|         52|          5|        448|     32608622.27|        196|00:00:10|-0.01|0.01|0.8079|
|=|         53|          5|        448|     32609961.00|        201|00:00:10|-0.01|0.01|0.8081|
|=|         54|          5|        448|     32610337.20|        206|00:00:10|-0.01|0.01|0.8090|
|=|         55|          5|        448|     32618226.82|        211|00:00:10|-0.01|0.01|0.8075|
|=|         56|          5|        448|     32619267.77|        216|00:00:10|-0.01|0.01|0.8093|
|=|         57|          5|        448|     32612761.65|        221|00:00:10|-0.01|0.01|0.8086|
|=|         58|          5|        448|     32612871.98|        226|00:00:10|-0.01|0.01|0.8084|
|=|         59|          5|        448|     32614331.07|        231|00:00:10|-0.01|0.01|0.8085|
|=|         60|          5|        448|     32611882.18|        236|00:00:10|-0.01|0.01|0.8098|
|=|         61|          5|        448|     32609621.49|        241|00:00:10|-0.01|0.01|0.8091|
|=|         62|          5|        448|     32613440.52|        246|00:00:10|-0.01|0.00|0.8104|
|=|         63|          5|        448|     32608333.54|        251|00:00:10|-0.01|0.00|0.8102|
|=|         64|          5|        448|     32605902.53|        256|00:00:10|-0.01|0.00|0.8096|
|=|         65|          5|        448|     32602499.86|        261|00:00:10|-0.01|0.00|0.8088|
|=|         66|          5|        448|     32604847.64|        266|00:00:10|-0.01|0.00|0.8090|
|=|         67|          5|        448|     32599778.06|        271|00:00:10|-0.01|0.00|0.8085|
|=|         68|          5|        448|     32598145.74|        276|00:00:10|-0.01|0.00|0.8090|
|=|         69|          5|        448|     32602524.80|        281|00:00:10|-0.01|0.00|0.8090|
|=|         70|          5|        448|     32597219.74|        286|00:00:10|-0.01|0.00|0.8079|
|=|         71|          5|        448|     32594893.45|        291|00:00:10|-0.01|0.00|0.8081|
|=|         72|          5|        448|     32601823.43|        296|00:00:10|-0.01|0.00|0.8090|
|=|         73|          5|        448|     32598976.40|        301|00:00:10|-0.01|0.00|0.8076|
|=|         74|          5|        448|     32592550.65|        306|00:00:10|-0.01|0.01|0.8064|
|=|         75|          5|        448|     32589664.41|        311|00:00:10|-0.01|0.01|0.8056|
|=|         76|          5|        448|     32591260.00|        316|00:00:10|-0.01|0.01|0.8047|
|=|         77|          5|        448|     32591565.74|        321|00:00:10|-0.01|0.01|0.8040|
|=|         78|          5|        448|     32589719.33|        326|00:00:10|-0.01|0.01|0.8032|
|=|         79|          5|        448|     32588335.51|        331|00:00:10|-0.01|0.01|0.8022|
|=|         80|          5|        448|     32584449.96|        336|00:00:10|-0.01|0.01|0.8033|
|=|         81|          5|        448|     32584972.43|        341|00:00:10|-0.01|0.01|0.8037|
|=|         82|          5|        448|     32583779.96|        346|00:00:10|-0.01|0.01|0.8046|
|=|         83|          5|        448|     32586416.30|        351|00:00:10|-0.01|0.01|0.8036|
|=|         84|          5|        448|     32589159.65|        356|00:00:10|-0.00|0.01|0.8036|
|=|         85|          5|        448|     32594815.20|        361|00:00:10|-0.01|0.01|0.8047|
|=|         86|          5|        448|     32594163.33|        366|00:00:10|-0.01|0.01|0.8053|
|=|         87|          5|        448|     32594129.39|        371|00:00:10|-0.01|0.00|0.8060|
|=|         88|          5|        448|     32593723.18|        376|00:00:10|-0.01|0.00|0.8065|
|=|         89|          5|        448|     32594293.31|        381|00:00:10|-0.01|0.00|0.8062|
|=|         90|          5|        448|     32594685.11|        386|00:00:10|-0.01|0.00|0.8069|
|=|         91|          5|        448|     32592530.02|        391|00:00:10|-0.01|0.00|0.8061|
|=|         92|          5|        448|     32589002.33|        396|00:00:10|-0.01|0.00|0.8056|
|=|         93|          5|        448|     32590713.88|        401|00:00:10|-0.01|0.00|0.8054|
|=|         94|          5|        448|     32587913.61|        406|00:00:10|-0.01|0.00|0.8050|
|=|         95|          5|        448|     32586245.66|        411|00:00:10|-0.01|0.00|0.8050|
|=|         96|          5|        448|     32584194.43|        416|00:00:10|-0.01|0.01|0.8045|
|=|         97|          5|        448|     32582957.68|        421|00:00:10|-0.01|0.00|0.8047|
|=|         98|          5|        448|     32581700.80|        426|00:00:10|-0.00|0.01|0.8041|
|=|         99|          5|        448|     32581284.02|        431|00:00:10|-0.01|0.00|0.8044|
|=|        100|          5|        448|     32577369.73|        436|00:00:10|-0.00|0.01|0.8041|
|=|        101|          5|        448|     32574941.65|        441|00:00:10|-0.00|0.01|0.8039|
|=|        102|          5|        448|     32574712.05|        446|00:00:10|-0.01|0.00|0.8048|
|=|        103|          5|        448|     32576706.12|        451|00:00:10|-0.01|0.00|0.8052|
|=|        104|          5|        448|     32577714.19|        456|00:00:10|-0.01|0.00|0.8046|
|=|        105|          5|        448|     32577452.26|        461|00:00:10|-0.00|0.01|0.8038|
|=|        106|          5|        448|     32577184.49|        466|00:00:10|-0.00|0.00|0.8047|
|=|        107|          5|        448|     32577237.91|        471|00:00:10|-0.01|0.00|0.8047|
|=|        108|          5|        448|     32576906.05|        476|00:00:10|-0.01|0.00|0.8052|
|=|        109|          5|        448|     32575886.20|        481|00:00:10|-0.01|0.00|0.8048|
|=|        110|          5|        448|     32574824.79|        486|00:00:10|-0.01|0.00|0.8047|
|=|        111|          5|        448|     32579861.92|        491|00:00:10|-0.01|0.00|0.8051|
|=|        112|          5|        448|     32580357.40|        496|00:00:10|-0.01|0.00|0.8057|
|=|        113|          5|        448|     32579650.72|        501|00:00:10|-0.01|0.00|0.8059|
|=|        114|          5|        448|     32579012.65|        506|00:00:10|-0.01|0.00|0.8062|
|=|        115|          5|        448|     32578466.85|        511|00:00:10|-0.01|0.00|0.8057|
|=|        116|          5|        448|     32579031.53|        516|00:00:10|-0.01|0.00|0.8055|
|=|        117|          5|        600|     32573745.49|        521|00:00:10|-0.01|0.00|0.8058|
|=|        118|          5|        448|     32574691.47|        526|00:00:10|-0.01|0.00|0.8053|
|=|        119|          5|        448|     32575754.81|        531|00:00:10|-0.01|0.00|0.8057|
|=|        120|          5|        448|     32578008.07|        536|00:00:10|-0.01|0.00|0.8055|
|=|        121|          5|        448|     32577254.50|        541|00:00:10|-0.01|0.00|0.8059|
|=|        122|          5|        600|     32576557.96|        546|00:00:10|-0.01|0.00|0.8058|
|=|        123|          5|        448|     32579357.71|        551|00:00:10|-0.01|0.00|0.8058|
|=|        124|          5|        600|     32575799.92|        556|00:00:10|-0.01|0.00|0.8058|
|=|        125|          5|        579|     32575209.97|        561|00:00:10|-0.01|0.00|0.8059|
|=|        126|          5|        600|     32574239.33|        566|00:00:10|-0.01|0.00|0.8055|
|=|        127|          5|        600|     32572476.61|        571|00:00:10|-0.01|0.00|0.8057|
|=|        128|          5|        579|     32574298.40|        576|00:00:10|-0.01|0.00|0.8058|
|=|        129|          5|        600|     32576177.94|        581|00:00:10|-0.01|0.00|0.8057|
|=|        130|          5|        448|     32578001.36|        586|00:00:10|-0.01|0.00|0.8057|
|=|        131|          5|        579|     32576594.24|        591|00:00:10|-0.01|0.00|0.8059|
|=|        132|          5|        579|     32574296.52|        596|00:00:10|-0.01|0.00|0.8059|
|=|        133|          5|        579|     32572415.50|        601|00:00:10|-0.01|0.00|0.8059|
|=|        134|          5|        579|     32573643.16|        606|00:00:10|-0.01|0.00|0.8059|
|=|        135|          5|        579|     32573651.58|        611|00:00:10|-0.01|0.00|0.8058|
|=|        136|          5|        579|     32573721.76|        616|00:00:10|-0.01|0.00|0.8058|
|=|        137|          5|        579|     32574474.78|        621|00:00:10|-0.01|0.00|0.8058|
|=|        138|          5|        579|     32573947.88|        626|00:00:10|-0.01|0.00|0.8057|
|=|        139|          5|        579|     32572906.37|        631|00:00:10|-0.01|0.00|0.8057|
|=|        140|          5|        579|     32574586.67|        636|00:00:10|-0.01|0.00|0.8055|
|=|        141|          5|        579|     32574474.71|        641|00:00:10|-0.01|0.00|0.8056|
|=|        142|          5|        579|     32576415.72|        646|00:00:10|-0.01|0.00|0.8056|
|=|        143|          5|        579|     32576198.94|        651|00:00:10|-0.01|0.00|0.8054|
|=|        144|          5|        579|     32576570.91|        656|00:00:10|-0.01|0.00|0.8055|
|=|        145|          5|        579|     32579144.79|        661|00:00:10|-0.01|0.00|0.8054|
|=|        146|          5|        579|     32576737.06|        666|00:00:10|-0.01|0.00|0.8052|
|=|        147|          5|        579|     32577624.67|        671|00:00:10|-0.01|0.00|0.8052|
|=|        148|          5|        579|     32576498.89|        676|00:00:10|-0.00|0.00|0.8051|
|=|        149|          5|        579|     32578456.42|        681|00:00:10|-0.01|0.00|0.8050|
|=|        150|          5|        579|     32577931.74|        686|00:00:10|-0.00|0.00|0.8048|
|=|        151|          5|        579|     32576933.95|        691|00:00:10|-0.01|0.00|0.8048|
|=|        152|          5|        579|     32576426.39|        696|00:00:10|-0.01|0.00|0.8048|
|=|        153|          5|        579|     32577899.65|        701|00:00:10|-0.01|0.00|0.8048|
|=|        154|          5|        579|     32575992.56|        706|00:00:10|-0.00|0.00|0.8046|
|=|        155|          5|        579|     32574973.72|        711|00:00:10|-0.00|0.00|0.8045|
|=|        156|          5|        579|     32575715.90|        716|00:00:10|-0.00|0.00|0.8046|
|=|        157|          5|        579|     32577043.34|        721|00:00:10|-0.00|0.00|0.8045|
|=|        158|          5|        579|     32576852.13|        726|00:00:10|-0.00|0.00|0.8043|
|=|        159|          5|        579|     32577488.23|        731|00:00:10|-0.00|0.00|0.8041|
|=|        160|          5|        579|     32574284.62|        736|00:00:10|-0.00|0.00|0.8043|
|=|        161|          5|        579|     32573443.55|        741|00:00:10|-0.00|0.00|0.8043|
|=|        162|          5|        579|     32574850.61|        746|00:00:10|-0.00|0.00|0.8044|
|=|        163|          5|        579|     32575329.34|        751|00:00:10|-0.00|0.00|0.8044|
|=|        164|          5|        579|     32573636.98|        756|00:00:10|-0.00|0.00|0.8044|
|=|        165|          5|        579|     32573386.56|        761|00:00:10|-0.00|0.00|0.8043|
|=|        166|          5|        579|     32572102.36|        766|00:00:10|-0.00|0.00|0.8043|
|=|        167|          5|        579|     32572383.92|        771|00:00:10|-0.00|0.00|0.8044|
|=|        168|          5|        579|     32571775.01|        776|00:00:10|-0.00|0.00|0.8044|
|=|        169|          5|        579|     32572310.27|        781|00:00:10|-0.00|0.00|0.8044|
|=|        170|          5|        579|     32571529.42|        786|00:00:10|-0.00|0.00|0.8044|
|=|        171|          5|        579|     32570914.98|        791|00:00:10|-0.00|0.00|0.8043|
|=|        172|          5|        579|     32571543.98|        796|00:00:10|-0.01|0.00|0.8044|
|=|        173|          5|        579|     32571058.95|        801|00:00:10|-0.01|0.00|0.8044|
|=|        174|          5|        600|     32568269.97|        806|00:00:10|-0.01|0.00|0.8043|
|=|        175|          5|        600|     32567817.12|        811|00:00:10|-0.00|0.00|0.8042|
|=|        176|          5|        600|     32569029.98|        816|00:00:10|-0.00|0.00|0.8042|
|=|        177|          5|        600|     32569256.35|        821|00:00:10|-0.01|0.00|0.8043|
|=|        178|          5|        579|     32570599.38|        826|00:00:10|-0.00|0.00|0.8042|
|=|        179|          5|        583|     32567242.28|        831|00:00:10|-0.00|0.00|0.8041|
|=|        180|          5|        583|     32567207.23|        836|00:00:10|-0.00|0.00|0.8040|
|=|        181|          5|        583|     32567678.36|        841|00:00:10|-0.00|0.00|0.8039|
|=|        182|          5|        583|     32566524.02|        846|00:00:10|-0.00|0.00|0.8038|
|=|        183|          5|        583|     32565758.16|        851|00:00:10|-0.00|0.00|0.8039|
|=|        184|          5|        583|     32567510.10|        856|00:00:10|-0.00|0.00|0.8039|
|=|        185|          5|        579|     32567135.14|        861|00:00:10|-0.00|0.00|0.8038|
|=|        186|          5|        579|     32566685.83|        866|00:00:10|-0.00|0.00|0.8038|
|=|        187|          5|        583|     32565876.04|        871|00:00:10|-0.00|0.00|0.8040|
|=|        188|          5|        583|     32565312.58|        876|00:00:10|-0.00|0.00|0.8038|
|=|        189|          5|        579|     32567919.77|        881|00:00:10|-0.00|0.00|0.8038|
|=|        190|          5|        583|     32567851.92|        886|00:00:10|-0.00|0.00|0.8038|
|=|        191|          5|        583|     32569198.55|        891|00:00:10|-0.00|0.00|0.8038|
|=|        192|          5|        583|     32570663.79|        896|00:00:10|-0.00|0.00|0.8037|
|=|        193|          5|        583|     32570273.39|        901|00:00:10|-0.00|0.00|0.8035|
|=|        194|          5|        579|     32568742.16|        906|00:00:10|-0.00|0.00|0.8036|
|=|        195|          5|        579|     32569865.05|        911|00:00:10|-0.00|0.00|0.8036|
|=|        196|          5|        579|     32569056.51|        916|00:00:10|-0.00|0.00|0.8037|
|=|        197|          5|        579|     32568640.91|        921|00:00:10|-0.00|0.00|0.8038|
|=|        198|          5|        583|     32568003.43|        926|00:00:10|-0.00|0.00|0.8037|
|=|        199|          5|        579|     32566907.27|        931|00:00:10|-0.00|0.00|0.8038|
|=|        200|          5|        579|     32568330.11|        936|00:00:10|-0.00|0.00|0.8037|
|=|        201|          5|        579|     32569784.69|        941|00:00:10|-0.00|0.00|0.8036|
|=|        202|          5|        579|     32569164.29|        946|00:00:10|-0.00|0.00|0.8036|
|=|        203|          5|        590|     32569947.55|        951|00:00:10|-0.00|0.00|0.8035|
|=|        204|          5|        590|     32568718.16|        956|00:00:10|-0.00|0.00|0.8034|
|=|        205|          5|        583|     32569600.76|        961|00:00:10|-0.00|0.00|0.8035|
|=|        206|          5|        579|     32569466.27|        966|00:00:10|-0.00|0.00|0.8036|
|=|        207|          5|        579|     32569775.93|        971|00:00:10|-0.00|0.00|0.8035|
|=|        208|          5|        579|     32570810.01|        976|00:00:10|-0.00|0.00|0.8035|
|=|        209|          5|        579|     32570842.12|        981|00:00:10|-0.00|0.00|0.8035|
|=|        210|          5|        579|     32571661.07|        986|00:00:10|-0.00|0.00|0.8035|
|=|        211|          5|        583|     32570032.82|        991|00:00:10|-0.00|0.00|0.8034|
|=|        212|          5|        579|     32570104.13|        996|00:00:10|-0.00|0.00|0.8035|
|=|        213|          5|        583|     32568613.27|       1001|00:00:10|-0.00|0.00|0.8034|
|=|        214|          5|        583|     32568787.40|       1006|00:00:10|-0.00|0.00|0.8034|
|=|        215|          5|        583|     32570282.12|       1011|00:00:10|-0.00|0.00|0.8034|
|=|        216|          5|        579|     32570903.95|       1016|00:00:10|-0.00|0.00|0.8035|
|=|        217|          5|        579|     32570013.76|       1021|00:00:10|-0.00|0.00|0.8035|
|=|        218|          5|        583|     32571309.50|       1026|00:00:10|-0.00|0.00|0.8036|
|=|        219|          5|        583|     32570880.51|       1031|00:00:10|-0.00|0.00|0.8036|
|=|        220|          5|        583|     32572203.77|       1036|00:00:10|-0.00|0.00|0.8036|
|=|        221|          5|        583|     32570952.53|       1041|00:00:10|-0.00|0.00|0.8035|
|=|        222|          5|        583|     32570514.30|       1046|00:00:10|-0.00|0.00|0.8035|
|=|        223|          5|        583|     32570249.70|       1051|00:00:10|-0.00|0.00|0.8035|
|=|        224|          5|        583|     32569704.08|       1056|00:00:10|-0.00|0.00|0.8035|
|=|        225|          5|        583|     32569716.69|       1061|00:00:10|-0.00|0.00|0.8035|
|=|        226|          5|        583|     32570186.88|       1066|00:00:10|-0.00|0.00|0.8035|
|=|        227|          5|        583|     32568943.76|       1071|00:00:10|-0.00|0.00|0.8035|
|=|        228|          5|        583|     32570873.04|       1076|00:00:10|-0.00|0.00|0.8034|
|=|        229|          5|        583|     32570779.86|       1081|00:00:10|-0.00|0.00|0.8034|
|=|        230|          5|        583|     32571261.35|       1086|00:00:10|-0.00|0.00|0.8034|
+-+-----------+-----------+-----------+----------------+-----------+--------+-----+----+------+
Best-so-far configuration:         583    mean value:      32571261.35
Description of the best-so-far configuration:
    .ID. algorithm localsearch alpha beta  rho ants   q0 rasrank elitistants
583  583       acs           3  2.28  2.7 0.25   41 0.16      NA          NA
    nnls dlb .PARENT.
583   17   1      448

# 2025-09-19 10:50:59 -03: Elite configurations (first number is the configuration ID; listed from best to worst according to the sum of ranks):
    algorithm localsearch alpha beta  rho ants   q0 rasrank elitistants nnls
583       acs           3  2.28 2.70 0.25   41 0.16      NA          NA   17
579       acs           3  2.53 2.67 0.22   41 0.23      NA          NA   13
590       acs           3  2.49 2.34 0.12   35 0.22      NA          NA   14
448       acs           3  2.44 2.66 0.21   41 0.14      NA          NA   15
600       acs           3  3.39 0.13 0.09   38 0.13      NA          NA   11
    dlb
583   1
579   1
590   1
448   1
600   1
# Total CPU user time: 60055.72, CPU sys time: 464.639, Wall-clock time: 7730.334
    .ID. algorithm localsearch alpha beta  rho ants   q0 rasrank elitistants
583  583       acs           3  2.28 2.70 0.25   41 0.16      NA          NA
579  579       acs           3  2.53 2.67 0.22   41 0.23      NA          NA
590  590       acs           3  2.49 2.34 0.12   35 0.22      NA          NA
448  448       acs           3  2.44 2.66 0.21   41 0.14      NA          NA
600  600       acs           3  3.39 0.13 0.09   38 0.13      NA          NA
    nnls dlb .PARENT. .RANK.   .WEIGHT.
583   17   1      448    678 0.33333333
579   13   1      463    689 0.26666667
590   14   1      463    689 0.20000000
448   15   1      423    697 0.13333333
600   11   1      465    697 0.06666667
