# 2025-09-18 21:43:26 -03: Reading parameter file '/home/dianag/PruebasPablo/irace-test-executions/ACOTSP-withRanking/Scenarios-2/BL-45/Runs/BL-45_seed_1900393/parameters.txt'.
# 2025-09-18 21:43:26 -03: 1 expression(s) specifying forbidden configurations read.
# 2025-09-18 21:43:26 -03: Initialization
# Elitist race
# Elitist new instances: 1
# Elitist limit: 2
# nbIterations: 5
# minNbSurvival: 5
# nbParameters: 11
# seed: 1900393
# confidence level: 0.95
# budget: 2750
# mu: 5
# deterministic: FALSE

# 2025-09-18 21:43:26 -03: Iteration 1 of 5
# experimentsUsed: 0
# remainingBudget: 2750
# currentBudget: 550
# nbConfigurations: 45
# Markers:
     x No test is performed.
     c Configurations are discarded only due to capping.
     - The test is performed and some configurations are discarded.
     = The test is performed but no configuration is discarded.
     ! The test is performed and configurations could be discarded but elite configurations are preserved.
     . All alive configurations are elite and nothing is discarded.

+-+-----------+-----------+-----------+----------------+-----------+--------+-----+----+------+
| |   Instance|      Alive|       Best|       Mean best| Exp so far|  W time|  rho|KenW|  Qvar|
+-+-----------+-----------+-----------+----------------+-----------+--------+-----+----+------+
|x|          1|         45|         29|     32922934.00|         45|00:01:06|   NA|  NA|    NA|
|x|          2|         45|         29|     32711278.50|         90|00:01:07|+0.99|0.99|0.0019|
|x|          3|         45|         29|     32637649.33|        135|00:01:02|+0.98|0.99|0.0014|
|x|          4|         45|         29|     32605537.00|        180|00:01:05|+0.99|0.99|0.0014|
|-|          5|          3|         29|     32577228.00|        225|00:01:07|+0.10|0.28|0.5882|
+-+-----------+-----------+-----------+----------------+-----------+--------+-----+----+------+
Best-so-far configuration:          29    mean value:      32577228.00
Description of the best-so-far configuration:
   .ID. algorithm localsearch alpha beta  rho ants q0 rasrank elitistants nnls
29   29      mmas           3  0.92 3.77 0.89   61 NA      NA          NA   48
   dlb .PARENT.
29   0       NA

# 2025-09-18 21:48:57 -03: Elite configurations (first number is the configuration ID; listed from best to worst according to the sum of ranks):
   algorithm localsearch alpha beta  rho ants   q0 rasrank elitistants nnls dlb
29      mmas           3  0.92 3.77 0.89   61   NA      NA          NA   48   0
39       acs           3  1.62 4.56 0.88   11 0.44      NA          NA   16   0
35       eas           3  3.49 8.31 0.50   95   NA      NA         199   10   0
# 2025-09-18 21:48:57 -03: Iteration 2 of 5
# experimentsUsed: 225
# remainingBudget: 2525
# currentBudget: 631
# nbConfigurations: 45
# Markers:
     x No test is performed.
     c Configurations are discarded only due to capping.
     - The test is performed and some configurations are discarded.
     = The test is performed but no configuration is discarded.
     ! The test is performed and configurations could be discarded but elite configurations are preserved.
     . All alive configurations are elite and nothing is discarded.

+-+-----------+-----------+-----------+----------------+-----------+--------+-----+----+------+
| |   Instance|      Alive|       Best|       Mean best| Exp so far|  W time|  rho|KenW|  Qvar|
+-+-----------+-----------+-----------+----------------+-----------+--------+-----+----+------+
|x|          6|         45|         65|     32367249.00|         45|00:01:22|   NA|  NA|    NA|
|x|          2|         45|         65|     32423243.50|         87|00:01:17|+0.96|0.98|0.0019|
|x|          1|         45|         65|     32606319.00|        129|00:01:14|+0.97|0.98|0.0033|
|x|          4|         45|         65|     32556568.50|        171|00:01:16|+0.98|0.98|0.0028|
|-|          5|          4|         65|     32527102.00|        213|00:01:17|+0.80|0.84|0.2806|
+-+-----------+-----------+-----------+----------------+-----------+--------+-----+----+------+
Best configuration for the instances in this race: 65
Best-so-far configuration:          29    mean value:      32554406.83
Description of the best-so-far configuration:
   .ID. algorithm localsearch alpha beta  rho ants q0 rasrank elitistants nnls
29   29      mmas           3  0.92 3.77 0.89   61 NA      NA          NA   48
   dlb .PARENT.
29   0       NA

# 2025-09-18 21:55:25 -03: Elite configurations (first number is the configuration ID; listed from best to worst according to the sum of ranks):
   algorithm localsearch alpha beta  rho ants   q0 rasrank elitistants nnls dlb
29      mmas           3  0.92 3.77 0.89   61   NA      NA          NA   48   0
39       acs           3  1.62 4.56 0.88   11 0.44      NA          NA   16   0
35       eas           3  3.49 8.31 0.50   95   NA      NA         199   10   0
65       acs           3  2.98 2.44 0.45   53 0.64      NA          NA   11   0
# 2025-09-18 21:55:25 -03: Iteration 3 of 5
# experimentsUsed: 438
# remainingBudget: 2312
# currentBudget: 770
# nbConfigurations: 45
# Markers:
     x No test is performed.
     c Configurations are discarded only due to capping.
     - The test is performed and some configurations are discarded.
     = The test is performed but no configuration is discarded.
     ! The test is performed and configurations could be discarded but elite configurations are preserved.
     . All alive configurations are elite and nothing is discarded.

+-+-----------+-----------+-----------+----------------+-----------+--------+-----+----+------+
| |   Instance|      Alive|       Best|       Mean best| Exp so far|  W time|  rho|KenW|  Qvar|
+-+-----------+-----------+-----------+----------------+-----------+--------+-----+----+------+
|x|          7|         45|         65|     32588417.00|         45|00:01:26|   NA|  NA|    NA|
|x|          4|         45|         65|     32497867.00|         86|00:01:17|+0.95|0.98|0.0027|
|x|          6|         45|         65|     32454327.67|        127|00:01:15|+0.95|0.97|0.0057|
|x|          5|         45|         65|     32443054.75|        168|00:01:15|+0.95|0.96|0.0075|
|-|          2|          6|         65|     32450291.40|        209|00:01:24|+0.81|0.84|0.2659|
|!|          3|          6|         88|     32438573.67|        212|00:00:10|+0.49|0.57|0.4995|
|-|          1|          2|         88|     32502628.00|        214|00:00:10|-0.14|0.02|0.5714|
+-+-----------+-----------+-----------+----------------+-----------+--------+-----+----+------+
Best-so-far configuration:          88    mean value:      32502628.00
Description of the best-so-far configuration:
   .ID. algorithm localsearch alpha beta  rho ants   q0 rasrank elitistants
88   88       acs           3  2.14  4.1 0.62   20 0.44      NA          NA
   nnls dlb .PARENT.
88   24   1       39

# 2025-09-18 22:02:26 -03: Elite configurations (first number is the configuration ID; listed from best to worst according to the sum of ranks):
   algorithm localsearch alpha beta  rho ants   q0 rasrank elitistants nnls dlb
88       acs           3  2.14 4.10 0.62   20 0.44      NA          NA   24   1
65       acs           3  2.98 2.44 0.45   53 0.64      NA          NA   11   0
# 2025-09-18 22:02:26 -03: Iteration 4 of 5
# experimentsUsed: 652
# remainingBudget: 2098
# currentBudget: 1049
# nbConfigurations: 45
# Markers:
     x No test is performed.
     c Configurations are discarded only due to capping.
     - The test is performed and some configurations are discarded.
     = The test is performed but no configuration is discarded.
     ! The test is performed and configurations could be discarded but elite configurations are preserved.
     . All alive configurations are elite and nothing is discarded.

+-+-----------+-----------+-----------+----------------+-----------+--------+-----+----+------+
| |   Instance|      Alive|       Best|       Mean best| Exp so far|  W time|  rho|KenW|  Qvar|
+-+-----------+-----------+-----------+----------------+-----------+--------+-----+----+------+
|x|          8|         45|         65|     32711173.00|         45|00:01:03|   NA|  NA|    NA|
|x|          2|         45|        142|     32599314.50|         88|00:00:59|+0.86|0.93|0.0014|
|x|          6|         45|        138|     32517389.33|        131|00:01:00|+0.85|0.90|0.0036|
|x|          4|         45|        141|     32484459.25|        174|00:01:03|+0.84|0.88|0.0031|
|-|          3|         13|        138|     32475123.40|        217|00:00:59|-0.11|0.11|1.0077|
|=|          1|         13|        141|     32542499.67|        228|00:00:20|-0.02|0.15|0.9276|
|=|          7|         13|        138|     32549590.71|        239|00:00:20|-0.01|0.13|0.9265|
|=|          5|         13|        138|     32532843.38|        250|00:00:20|+0.03|0.15|0.8922|
|=|          9|         13|        138|     32547660.44|        263|00:00:21|+0.03|0.14|0.8901|
+-+-----------+-----------+-----------+----------------+-----------+--------+-----+----+------+
Best-so-far configuration:         138    mean value:      32547660.44
Description of the best-so-far configuration:
    .ID. algorithm localsearch alpha beta  rho ants  q0 rasrank elitistants
138  138       acs           3  1.73 3.53 0.75   34 0.2      NA          NA
    nnls dlb .PARENT.
138   28   1       88

# 2025-09-18 22:08:57 -03: Elite configurations (first number is the configuration ID; listed from best to worst according to the sum of ranks):
    algorithm localsearch alpha beta  rho ants   q0 rasrank elitistants nnls
138       acs           3  1.73 3.53 0.75   34 0.20      NA          NA   28
65        acs           3  2.98 2.44 0.45   53 0.64      NA          NA   11
141       acs           3  2.94 7.01 0.71   49 0.37      NA          NA   22
88        acs           3  2.14 4.10 0.62   20 0.44      NA          NA   24
171       acs           3  2.31 2.93 0.64   43 0.47      NA          NA    8
    dlb
138   1
65    0
141   1
88    1
171   1
# 2025-09-18 22:08:57 -03: Iteration 5 of 5
# experimentsUsed: 915
# remainingBudget: 1835
# currentBudget: 1835
# nbConfigurations: 45
# Markers:
     x No test is performed.
     c Configurations are discarded only due to capping.
     - The test is performed and some configurations are discarded.
     = The test is performed but no configuration is discarded.
     ! The test is performed and configurations could be discarded but elite configurations are preserved.
     . All alive configurations are elite and nothing is discarded.

+-+-----------+-----------+-----------+----------------+-----------+--------+-----+----+------+
| |   Instance|      Alive|       Best|       Mean best| Exp so far|  W time|  rho|KenW|  Qvar|
+-+-----------+-----------+-----------+----------------+-----------+--------+-----+----+------+
|x|         10|         45|        196|     32517331.00|         45|00:00:52|   NA|  NA|    NA|
|x|          3|         45|        204|     32424107.50|         85|00:00:50|+0.45|0.73|0.0035|
|x|          8|         45|        204|     32509344.33|        125|00:00:51|+0.56|0.71|0.0026|
|x|          9|         45|        208|     32529982.50|        165|00:00:50|+0.59|0.69|0.0024|
|-|          1|         15|        208|     32601307.00|        205|00:00:51|-0.00|0.20|0.9290|
|=|          5|         15|        208|     32576547.83|        215|00:00:10|-0.08|0.10|1.0077|
|=|          4|         15|        196|     32569279.43|        225|00:00:10|-0.04|0.11|0.9638|
|=|          7|         15|        208|     32558439.62|        235|00:00:10|-0.03|0.09|0.9620|
|=|          2|         15|        185|     32551528.67|        245|00:00:10|-0.07|0.05|0.9803|
|=|          6|         15|        184|     32536248.10|        255|00:00:10|-0.05|0.05|0.9721|
|=|         11|         15|        184|     32534442.73|        270|00:00:20|-0.04|0.06|0.9558|
+-+-----------+-----------+-----------+----------------+-----------+--------+-----+----+------+
Best-so-far configuration:         184    mean value:      32534442.73
Description of the best-so-far configuration:
    .ID. algorithm localsearch alpha beta  rho ants   q0 rasrank elitistants
184  184       acs           3  2.02 9.12 0.69   40 0.31      NA          NA
    nnls dlb .PARENT.
184   20   1      141

# 2025-09-18 22:14:27 -03: Elite configurations (first number is the configuration ID; listed from best to worst according to the sum of ranks):
    algorithm localsearch alpha beta  rho ants   q0 rasrank elitistants nnls
184       acs           3  2.02 9.12 0.69   40 0.31      NA          NA   20
185       acs           3  3.00 4.78 0.94   63 0.50      NA          NA   12
141       acs           3  2.94 7.01 0.71   49 0.37      NA          NA   22
196       acs           3  2.82 7.50 0.69   57 0.37      NA          NA   23
204       acs           3  2.99 4.04 0.38   54 0.79      NA          NA    7
    dlb
184   1
185   1
141   1
196   1
204   0
# 2025-09-18 22:14:27 -03: Iteration 6 of 6
# experimentsUsed: 1185
# remainingBudget: 1565
# currentBudget: 1565
# nbConfigurations: 45
# Markers:
     x No test is performed.
     c Configurations are discarded only due to capping.
     - The test is performed and some configurations are discarded.
     = The test is performed but no configuration is discarded.
     ! The test is performed and configurations could be discarded but elite configurations are preserved.
     . All alive configurations are elite and nothing is discarded.

+-+-----------+-----------+-----------+----------------+-----------+--------+-----+----+------+
| |   Instance|      Alive|       Best|       Mean best| Exp so far|  W time|  rho|KenW|  Qvar|
+-+-----------+-----------+-----------+----------------+-----------+--------+-----+----+------+
|x|         12|         45|        212|     32426625.00|         45|00:00:51|   NA|  NA|    NA|
|x|          2|         45|        237|     32435573.00|         85|00:00:50|+0.54|0.77|0.1564|
|x|          4|         45|        237|     32421066.67|        125|00:00:47|+0.50|0.67|0.1410|
|x|         10|         45|        237|     32431928.00|        165|00:00:48|+0.53|0.65|0.1384|
|-|         11|         18|        237|     32446823.80|        205|00:00:50|-0.00|0.20|0.9671|
|=|          8|         18|        237|     32494961.17|        218|00:00:20|-0.00|0.16|0.9620|
|=|          5|         18|        237|     32487211.57|        231|00:00:20|+0.00|0.14|0.9504|
|=|          3|         18|        232|     32475549.12|        244|00:00:20|-0.04|0.09|0.9795|
|=|          9|         18|        237|     32491424.44|        257|00:00:20|-0.00|0.11|0.9476|
|=|          6|         18|        248|     32473921.70|        270|00:00:20|+0.00|0.10|0.9489|
|=|          1|         18|        248|     32509197.09|        283|00:00:20|+0.01|0.10|0.9449|
|=|          7|         18|        248|     32516215.92|        296|00:00:21|+0.03|0.11|0.9290|
|=|         13|         18|        248|     32534724.15|        314|00:00:20|+0.03|0.11|0.9228|
+-+-----------+-----------+-----------+----------------+-----------+--------+-----+----+------+
Best-so-far configuration:         248    mean value:      32534724.15
Description of the best-so-far configuration:
    .ID. algorithm localsearch alpha beta  rho ants   q0 rasrank elitistants
248  248       acs           3  2.21 7.69 0.97   56 0.58      NA          NA
    nnls dlb .PARENT.
248   13   1      185

# 2025-09-18 22:21:23 -03: Elite configurations (first number is the configuration ID; listed from best to worst according to the sum of ranks):
    algorithm localsearch alpha beta  rho ants   q0 rasrank elitistants nnls
248       acs           3  2.21 7.69 0.97   56 0.58      NA          NA   13
239       acs           3  3.21 6.31 0.90   67 0.55      NA          NA    9
237       acs           3  3.53 4.27 0.93   73 0.60      NA          NA   16
236       acs           3  1.97 7.52 0.66   42 0.21      NA          NA   20
241       acs           3  2.54 5.07 0.78   57 0.39      NA          NA   10
    dlb
248   1
239   1
237   1
236   1
241   1
# 2025-09-18 22:21:23 -03: Iteration 7 of 7
# experimentsUsed: 1499
# remainingBudget: 1251
# currentBudget: 1251
# nbConfigurations: 45
# Markers:
     x No test is performed.
     c Configurations are discarded only due to capping.
     - The test is performed and some configurations are discarded.
     = The test is performed but no configuration is discarded.
     ! The test is performed and configurations could be discarded but elite configurations are preserved.
     . All alive configurations are elite and nothing is discarded.

+-+-----------+-----------+-----------+----------------+-----------+--------+-----+----+------+
| |   Instance|      Alive|       Best|       Mean best| Exp so far|  W time|  rho|KenW|  Qvar|
+-+-----------+-----------+-----------+----------------+-----------+--------+-----+----+------+
|x|         14|         45|        282|     32270368.00|         45|00:00:52|   NA|  NA|    NA|
|x|         13|         45|        239|     32508262.00|         85|00:00:41|+0.21|0.61|0.3610|
|x|          1|         45|        263|     32624395.33|        125|00:00:41|+0.35|0.57|0.2702|
|x|          4|         45|        282|     32544261.50|        165|00:00:41|+0.28|0.46|0.2830|
|-|         12|         18|        282|     32526031.20|        205|00:00:42|-0.05|0.16|0.9426|
|=|          6|         18|        282|     32491448.67|        218|00:00:20|-0.03|0.14|0.9273|
|=|          7|         18|        282|     32501260.29|        231|00:00:20|-0.04|0.11|0.9397|
|=|          3|         18|        282|     32475295.25|        244|00:00:20|+0.01|0.13|0.8979|
|=|          2|         18|        282|     32467379.89|        257|00:00:20|+0.02|0.13|0.8934|
|=|          8|         18|        282|     32491852.80|        270|00:00:20|+0.03|0.13|0.8944|
|=|         10|         18|        282|     32489802.36|        283|00:00:20|+0.04|0.12|0.8865|
|-|          5|          8|        282|     32481033.50|        296|00:00:20|+0.10|0.18|0.7773|
|-|          9|          7|        282|     32493781.38|        299|00:00:10|+0.12|0.19|0.7644|
|-|         11|          3|        282|     32495529.29|        301|00:00:10|+0.01|0.08|0.6536|
+-+-----------+-----------+-----------+----------------+-----------+--------+-----+----+------+
Best-so-far configuration:         282    mean value:      32495529.29
Description of the best-so-far configuration:
    .ID. algorithm localsearch alpha beta  rho ants   q0 rasrank elitistants
282  282       acs           3  3.22  4.5 0.96   69 0.58      NA          NA
    nnls dlb .PARENT.
282   14   1      237

# 2025-09-18 22:27:50 -03: Elite configurations (first number is the configuration ID; listed from best to worst according to the sum of ranks):
    algorithm localsearch alpha beta  rho ants   q0 rasrank elitistants nnls
282       acs           3  3.22 4.50 0.96   69 0.58      NA          NA   14
263       acs           3  3.02 7.13 0.90   63 0.42      NA          NA   13
248       acs           3  2.21 7.69 0.97   56 0.58      NA          NA   13
    dlb
282   1
263   1
248   1
# 2025-09-18 22:27:50 -03: Iteration 8 of 8
# experimentsUsed: 1800
# remainingBudget: 950
# currentBudget: 950
# nbConfigurations: 45
# Markers:
     x No test is performed.
     c Configurations are discarded only due to capping.
     - The test is performed and some configurations are discarded.
     = The test is performed but no configuration is discarded.
     ! The test is performed and configurations could be discarded but elite configurations are preserved.
     . All alive configurations are elite and nothing is discarded.

+-+-----------+-----------+-----------+----------------+-----------+--------+-----+----+------+
| |   Instance|      Alive|       Best|       Mean best| Exp so far|  W time|  rho|KenW|  Qvar|
+-+-----------+-----------+-----------+----------------+-----------+--------+-----+----+------+
|x|         15|         45|        263|     32554804.00|         45|00:00:52|   NA|  NA|    NA|
|x|          6|         45|        263|     32434192.50|         87|00:00:51|-0.05|0.47|0.9977|
|x|          7|         45|        320|     32473233.67|        129|00:00:51|-0.02|0.32|0.9726|
|x|         14|         45|        320|     32424442.75|        171|00:00:51|+0.09|0.32|0.8706|
|=|         10|         45|        310|     32451648.00|        213|00:00:52|+0.05|0.24|0.9265|
|=|         13|         45|        297|     32503643.67|        255|00:00:51|+0.07|0.22|0.9011|
|-|          2|         34|        263|     32491315.00|        297|00:00:51|-0.06|0.09|1.0259|
|=|          4|         34|        263|     32475349.88|        328|00:00:41|-0.04|0.09|0.9982|
|=|         12|         34|        282|     32463486.22|        359|00:00:41|-0.03|0.08|0.9847|
|=|          1|         34|        282|     32501328.20|        390|00:00:41|-0.02|0.08|0.9667|
|=|          3|         34|        282|     32482438.36|        421|00:00:41|+0.01|0.10|0.9392|
|=|         11|         34|        282|     32485422.83|        452|00:00:41|+0.03|0.11|0.9153|
|=|          8|         34|        282|     32502860.23|        483|00:00:41|+0.03|0.10|0.9103|
|-|          5|         18|        282|     32494411.36|        514|00:00:41|-0.02|0.05|0.9599|
|=|          9|         18|        282|     32504567.67|        529|00:00:21|-0.02|0.05|0.9549|
|=|         16|         18|        282|     32506412.44|        547|00:00:21|-0.01|0.05|0.9416|
+-+-----------+-----------+-----------+----------------+-----------+--------+-----+----+------+
Best-so-far configuration:         282    mean value:      32506412.44
Description of the best-so-far configuration:
    .ID. algorithm localsearch alpha beta  rho ants   q0 rasrank elitistants
282  282       acs           3  3.22  4.5 0.96   69 0.58      NA          NA
    nnls dlb .PARENT.
282   14   1      237

# 2025-09-18 22:39:26 -03: Elite configurations (first number is the configuration ID; listed from best to worst according to the sum of ranks):
    algorithm localsearch alpha beta  rho ants   q0 rasrank elitistants nnls
282       acs           3  3.22 4.50 0.96   69 0.58      NA          NA   14
331       acs           3  3.37 3.81 0.98   76 0.67      NA          NA   17
263       acs           3  3.02 7.13 0.90   63 0.42      NA          NA   13
310       acs           3  3.14 4.73 0.94   71 0.56      NA          NA   16
320       acs           3  3.06 5.03 0.96   69 0.63      NA          NA   13
    dlb
282   1
331   1
263   1
310   1
320   1
# 2025-09-18 22:39:26 -03: Stopped because there is not enough budget to enforce the value of nbConfigurations.
# Iteration: 9
# nbIterations: 9
# experimentsUsed: 2347
# timeUsed: 0
# remainingBudget: 403
# currentBudget: 403
# number of elites: 5
# nbConfigurations: 28
# Total CPU user time: 27065.67, CPU sys time: 197.049, Wall-clock time: 3359.379
# 2025-09-18 22:39:26 -03: Starting post-selection:
# Configurations selected: 282, 331, 263, 310, 320, 248, 239, 237, 236, 241, 184, 185, 141, 196, 204, 138.
# Pending instances: 1, 1, 1, 1, 1, 1, 3, 3, 3, 3, 4, 4, 4, 4, 4, 6.
# 2025-09-18 22:39:26 -03: seed: 1900393
# Configurations: 16
# Available experiments: 403
# minSurvival: 1
# Markers:
     x No test is performed.
     c Configurations are discarded only due to capping.
     - The test is performed and some configurations are discarded.
     = The test is performed but no configuration is discarded.
     ! The test is performed and configurations could be discarded but elite configurations are preserved.
     . All alive configurations are elite and nothing is discarded.

+-+-----------+-----------+-----------+----------------+-----------+--------+-----+----+------+
| |   Instance|      Alive|       Best|       Mean best| Exp so far|  W time|  rho|KenW|  Qvar|
+-+-----------+-----------+-----------+----------------+-----------+--------+-----+----+------+
|.|          6|         16|        310|     32298510.00|          0|00:00:00|   NA|  NA|    NA|
|.|          5|         16|        310|     32339847.50|          0|00:00:00|+0.33|0.66|0.7845|
|x|         16|         16|        310|     32419542.67|         10|00:00:10|+0.40|0.60|0.6862|
|.|         10|         16|        310|     32435032.00|         10|00:00:00|+0.22|0.42|0.8109|
|x|         14|         16|        282|     32395372.40|         16|00:00:10|+0.18|0.35|0.8073|
|.|          1|         16|        282|     32469794.67|         16|00:00:00|+0.16|0.30|0.8117|
|.|          9|         16|        282|     32495074.86|         16|00:00:00|+0.18|0.30|0.7948|
|.|          8|         16|        282|     32522204.12|         16|00:00:00|+0.15|0.26|0.8165|
|x|         13|         16|        282|     32549767.22|         17|00:00:10|+0.13|0.22|0.8273|
|x|         15|         16|        282|     32557901.00|         27|00:00:10|+0.11|0.20|0.8170|
|.|          4|         16|        282|     32533955.45|         27|00:00:00|+0.12|0.20|0.8032|
|.|          2|         16|        282|     32523130.58|         27|00:00:00|+0.14|0.22|0.7828|
|x|         12|         16|        282|     32517744.38|         28|00:00:10|+0.16|0.22|0.7713|
|.|         11|         16|        282|     32517780.64|         28|00:00:00|+0.15|0.21|0.7764|
|.|          3|         16|        282|     32502831.27|         28|00:00:00|+0.16|0.22|0.7663|
|.|          7|         16|        282|     32506412.44|         28|00:00:00|+0.16|0.21|0.7743|
|-|         17|          6|        282|     32528068.71|         44|00:00:21|-0.01|0.05|0.8439|
|=|         18|          6|        282|     32525012.83|         50|00:00:10|+0.01|0.06|0.8375|
|=|         19|          6|        282|     32537281.95|         56|00:00:10|+0.01|0.07|0.8285|
|=|         20|          6|        282|     32549333.95|         62|00:00:10|-0.00|0.05|0.8467|
|=|         21|          6|        282|     32543130.48|         68|00:00:10|+0.00|0.05|0.8348|
|=|         22|          6|        282|     32545639.86|         74|00:00:10|+0.01|0.06|0.8235|
|=|         23|          6|        282|     32531172.26|         80|00:00:10|+0.01|0.06|0.8253|
|=|         24|          6|        282|     32518602.29|         86|00:00:10|+0.02|0.06|0.8205|
|=|         25|          6|        282|     32539389.76|         92|00:00:10|+0.01|0.05|0.8225|
|=|         26|          6|        282|     32538950.96|         98|00:00:10|+0.02|0.05|0.8192|
|=|         27|          6|        282|     32550830.07|        104|00:00:10|+0.02|0.06|0.8083|
|=|         28|          6|        282|     32547165.00|        110|00:00:10|+0.02|0.06|0.8098|
|=|         29|          6|        282|     32548888.28|        116|00:00:10|+0.01|0.05|0.8200|
|=|         30|          6|        282|     32546916.70|        122|00:00:10|+0.02|0.05|0.8147|
|=|         31|          6|        282|     32560553.94|        128|00:00:10|+0.03|0.06|0.8100|
|=|         32|          6|        282|     32561184.00|        134|00:00:10|+0.02|0.05|0.8161|
|=|         33|          6|        282|     32562020.21|        140|00:00:10|+0.01|0.04|0.8253|
|=|         34|          6|        282|     32554399.68|        146|00:00:10|+0.01|0.04|0.8296|
|=|         35|          6|        282|     32554683.46|        152|00:00:10|+0.01|0.03|0.8298|
|=|         36|          6|        282|     32566544.94|        158|00:00:10|+0.00|0.03|0.8342|
|=|         37|          6|        282|     32562938.08|        164|00:00:10|+0.01|0.03|0.8286|
|=|         38|          6|        282|     32567828.21|        170|00:00:10|+0.01|0.04|0.8247|
|=|         39|          6|        282|     32567551.82|        176|00:00:10|+0.02|0.04|0.8245|
|=|         40|          6|        282|     32568300.18|        182|00:00:10|+0.02|0.04|0.8215|
|=|         41|          6|        282|     32574118.46|        188|00:00:10|+0.02|0.04|0.8241|
|=|         42|          6|        282|     32573987.88|        194|00:00:10|+0.01|0.03|0.8307|
|=|         43|          6|        282|     32571358.79|        200|00:00:10|+0.01|0.03|0.8305|
|=|         44|          6|        282|     32563473.73|        206|00:00:10|+0.01|0.04|0.8265|
|=|         45|          6|        282|     32557106.51|        212|00:00:10|+0.01|0.03|0.8247|
|=|         46|          6|        282|     32556247.83|        218|00:00:10|+0.02|0.04|0.8231|
|=|         47|          6|        282|     32549847.17|        224|00:00:10|+0.02|0.04|0.8193|
|=|         48|          6|        282|     32552348.02|        230|00:00:10|+0.01|0.03|0.8231|
|=|         49|          6|        282|     32554421.69|        236|00:00:10|+0.01|0.03|0.8249|
|=|         50|          6|        282|     32560279.02|        242|00:00:10|+0.00|0.02|0.8265|
|=|         51|          6|        282|     32558973.98|        248|00:00:10|+0.00|0.02|0.8275|
|=|         52|          6|        282|     32563990.08|        254|00:00:10|+0.01|0.03|0.8257|
|=|         53|          6|        282|     32562662.42|        260|00:00:10|+0.01|0.03|0.8242|
|=|         54|          6|        282|     32562236.69|        266|00:00:10|+0.01|0.03|0.8231|
|=|         55|          6|        282|     32567545.05|        272|00:00:10|+0.01|0.02|0.8249|
|=|         56|          6|        282|     32566632.66|        278|00:00:10|+0.01|0.03|0.8216|
|=|         57|          6|        282|     32567123.53|        284|00:00:10|+0.01|0.03|0.8229|
|=|         58|          6|        282|     32563827.95|        290|00:00:10|+0.01|0.03|0.8232|
|=|         59|          6|        282|     32561306.83|        296|00:00:10|+0.01|0.03|0.8241|
|=|         60|          6|        282|     32559515.07|        302|00:00:10|+0.01|0.02|0.8255|
|=|         61|          6|        282|     32556376.51|        308|00:00:10|+0.01|0.03|0.8224|
|=|         62|          6|        282|     32556140.77|        314|00:00:10|+0.01|0.03|0.8238|
|=|         63|          6|        282|     32553949.65|        320|00:00:10|+0.01|0.02|0.8253|
|=|         64|          6|        282|     32551453.61|        326|00:00:10|+0.01|0.03|0.8224|
|=|         65|          6|        282|     32551847.51|        332|00:00:10|+0.01|0.02|0.8251|
|=|         66|          6|        282|     32555820.89|        338|00:00:10|+0.01|0.02|0.8288|
|=|         67|          6|        282|     32556521.75|        344|00:00:10|+0.01|0.02|0.8299|
|=|         68|          6|        282|     32557881.81|        350|00:00:10|+0.01|0.02|0.8276|
|=|         69|          6|        282|     32550105.48|        356|00:00:10|+0.01|0.03|0.8251|
|=|         70|          6|        282|     32553755.04|        362|00:00:10|+0.01|0.02|0.8261|
|=|         71|          6|        282|     32554194.42|        368|00:00:10|+0.01|0.02|0.8267|
|=|         72|          6|        282|     32555756.58|        374|00:00:10|+0.01|0.02|0.8265|
|=|         73|          6|        282|     32554909.34|        380|00:00:10|+0.01|0.02|0.8266|
|=|         74|          6|        282|     32553511.86|        386|00:00:10|+0.01|0.02|0.8282|
|=|         75|          6|        282|     32553435.51|        392|00:00:10|+0.01|0.02|0.8301|
|=|         76|          6|        282|     32548123.76|        398|00:00:10|+0.01|0.02|0.8312|
+-+-----------+-----------+-----------+----------------+-----------+--------+-----+----+------+
Best-so-far configuration:         282    mean value:      32548123.76
Description of the best-so-far configuration:
    .ID. algorithm localsearch alpha beta  rho ants   q0 rasrank elitistants
282  282       acs           3  3.22  4.5 0.96   69 0.58      NA          NA
    nnls dlb .PARENT.
282   14   1      237

# 2025-09-18 22:51:00 -03: Elite configurations (first number is the configuration ID; listed from best to worst according to the sum of ranks):
    algorithm localsearch alpha beta  rho ants   q0 rasrank elitistants nnls
282       acs           3  3.22 4.50 0.96   69 0.58      NA          NA   14
263       acs           3  3.02 7.13 0.90   63 0.42      NA          NA   13
331       acs           3  3.37 3.81 0.98   76 0.67      NA          NA   17
310       acs           3  3.14 4.73 0.94   71 0.56      NA          NA   16
248       acs           3  2.21 7.69 0.97   56 0.58      NA          NA   13
    dlb
282   1
263   1
331   1
310   1
248   1
# Total CPU user time: 31180.86, CPU sys time: 230.37, Wall-clock time: 4053.455
    .ID. algorithm localsearch alpha beta  rho ants   q0 rasrank elitistants
282  282       acs           3  3.22 4.50 0.96   69 0.58      NA          NA
263  263       acs           3  3.02 7.13 0.90   63 0.42      NA          NA
331  331       acs           3  3.37 3.81 0.98   76 0.67      NA          NA
310  310       acs           3  3.14 4.73 0.94   71 0.56      NA          NA
248  248       acs           3  2.21 7.69 0.97   56 0.58      NA          NA
    nnls dlb .PARENT. .RANK.   .WEIGHT.
282   14   1      237    234 0.33333333
263   13   1      239    257 0.26666667
331   17   1      282    264 0.20000000
310   16   1      282    271 0.13333333
248   13   1      185    284 0.06666667
