# 2025-09-20 07:31:14 -03: Reading parameter file '/home/dianag/PruebasPablo/irace-test-executions/ACOTSP-withRanking/Scenarios-2/BH/Runs/BH_seed_300017/parameters.txt'.
# 2025-09-20 07:31:14 -03: 1 expression(s) specifying forbidden configurations read.
# 2025-09-20 07:31:14 -03: Initialization
# Elitist race
# Elitist new instances: 1
# Elitist limit: 2
# nbIterations: 5
# minNbSurvival: 5
# nbParameters: 11
# seed: 300017
# confidence level: 0.95
# budget: 5500
# mu: 5
# deterministic: FALSE

# 2025-09-20 07:31:14 -03: Iteration 1 of 5
# experimentsUsed: 0
# remainingBudget: 5500
# currentBudget: 1100
# nbConfigurations: 183
# Markers:
     x No test is performed.
     c Configurations are discarded only due to capping.
     - The test is performed and some configurations are discarded.
     = The test is performed but no configuration is discarded.
     ! The test is performed and configurations could be discarded but elite configurations are preserved.
     . All alive configurations are elite and nothing is discarded.

+-+-----------+-----------+-----------+----------------+-----------+--------+-----+----+------+
| |   Instance|      Alive|       Best|       Mean best| Exp so far|  W time|  rho|KenW|  Qvar|
+-+-----------+-----------+-----------+----------------+-----------+--------+-----+----+------+
|x|          1|        183|        118|     32613761.00|        183|00:03:53|   NA|  NA|    NA|
|x|          2|        183|         91|     32823061.50|        366|00:03:40|+0.97|0.99|0.0013|
|x|          3|        183|         91|     32696825.67|        549|00:03:39|+0.98|0.98|0.0017|
|x|          4|        183|         91|     32667740.75|        732|00:03:46|+0.98|0.98|0.0018|
|-|          5|         10|         91|     32658804.60|        915|00:03:57|+0.28|0.42|0.6091|
|-|          6|          7|        118|     32605421.00|        925|00:00:33|+0.11|0.26|0.6986|
|=|          7|          7|        118|     32584561.14|        932|00:00:34|+0.17|0.29|0.6647|
|-|          8|          3|        118|     32571753.38|        939|00:00:28|-0.02|0.11|0.6608|
+-+-----------+-----------+-----------+----------------+-----------+--------+-----+----+------+
Best-so-far configuration:         118    mean value:      32571753.38
Description of the best-so-far configuration:
    .ID. algorithm localsearch alpha beta  rho ants   q0 rasrank elitistants
118  118       acs           3  2.96 3.58 0.62   14 0.38      NA          NA
    nnls dlb .PARENT.
118   15   1       NA

# 2025-09-20 07:51:49 -03: Elite configurations (first number is the configuration ID; listed from best to worst according to the sum of ranks):
    algorithm localsearch alpha beta  rho ants   q0 rasrank elitistants nnls
118       acs           3  2.96 3.58 0.62   14 0.38      NA          NA   15
91        acs           3  1.79 4.99 0.94   10 0.14      NA          NA   10
62        acs           3  3.55 9.91 0.67   27 0.73      NA          NA   26
    dlb
118   1
91    1
62    1
# 2025-09-20 07:51:49 -03: Iteration 2 of 5
# experimentsUsed: 939
# remainingBudget: 4561
# currentBudget: 1140
# nbConfigurations: 129
# Markers:
     x No test is performed.
     c Configurations are discarded only due to capping.
     - The test is performed and some configurations are discarded.
     = The test is performed but no configuration is discarded.
     ! The test is performed and configurations could be discarded but elite configurations are preserved.
     . All alive configurations are elite and nothing is discarded.

+-+-----------+-----------+-----------+----------------+-----------+--------+-----+----+------+
| |   Instance|      Alive|       Best|       Mean best| Exp so far|  W time|  rho|KenW|  Qvar|
+-+-----------+-----------+-----------+----------------+-----------+--------+-----+----+------+
|x|          9|        129|         91|     32552931.00|        129|00:02:46|   NA|  NA|    NA|
|x|          3|        129|         91|     32498642.50|        255|00:02:43|+0.97|0.98|0.0020|
|x|          7|        129|        218|     32494740.33|        381|00:02:44|+0.97|0.98|0.0026|
|x|          6|        129|        118|     32418587.00|        507|00:02:44|+0.97|0.98|0.0030|
|-|          5|         11|        118|     32453268.80|        633|00:02:40|-0.02|0.18|0.9460|
|=|          1|         11|        118|     32480017.50|        641|00:00:20|+0.06|0.22|0.8809|
|=|          4|         11|        118|     32522274.43|        649|00:00:15|+0.09|0.22|0.8250|
|=|          8|         11|        291|     32517213.25|        657|00:00:14|+0.02|0.14|0.8887|
|=|          2|         11|        291|     32578484.89|        665|00:00:18|+0.03|0.14|0.8742|
|=|         10|         11|        118|     32541779.10|        676|00:00:20|+0.03|0.12|0.8668|
+-+-----------+-----------+-----------+----------------+-----------+--------+-----+----+------+
Best-so-far configuration:         118    mean value:      32541779.10
Description of the best-so-far configuration:
    .ID. algorithm localsearch alpha beta  rho ants   q0 rasrank elitistants
118  118       acs           3  2.96 3.58 0.62   14 0.38      NA          NA
    nnls dlb .PARENT.
118   15   1       NA

# 2025-09-20 08:06:59 -03: Elite configurations (first number is the configuration ID; listed from best to worst according to the sum of ranks):
    algorithm localsearch alpha beta  rho ants   q0 rasrank elitistants nnls
118       acs           3  2.96 3.58 0.62   14 0.38      NA          NA   15
291       acs           3  3.79 6.87 0.65    8 0.76      NA          NA   32
91        acs           3  1.79 4.99 0.94   10 0.14      NA          NA   10
194       acs           3  3.54 9.40 0.48   25 0.62      NA          NA   15
233       acs           3  4.02 2.84 0.56   39 0.13      NA          NA   30
    dlb
118   1
291   1
91    1
194   1
233   1
# 2025-09-20 08:06:59 -03: Iteration 3 of 5
# experimentsUsed: 1615
# remainingBudget: 3885
# currentBudget: 1295
# nbConfigurations: 122
# Markers:
     x No test is performed.
     c Configurations are discarded only due to capping.
     - The test is performed and some configurations are discarded.
     = The test is performed but no configuration is discarded.
     ! The test is performed and configurations could be discarded but elite configurations are preserved.
     . All alive configurations are elite and nothing is discarded.

+-+-----------+-----------+-----------+----------------+-----------+--------+-----+----+------+
| |   Instance|      Alive|       Best|       Mean best| Exp so far|  W time|  rho|KenW|  Qvar|
+-+-----------+-----------+-----------+----------------+-----------+--------+-----+----+------+
|x|         11|        122|        426|     32727087.00|        122|00:02:26|   NA|  NA|    NA|
|x|          8|        122|        426|     32544766.00|        239|00:02:23|+0.89|0.94|0.0019|
|x|          1|        122|        373|     32586607.67|        356|00:02:22|+0.90|0.94|0.0018|
|x|          9|        122|        413|     32571535.25|        473|00:02:24|+0.91|0.93|0.0017|
|-|          6|         15|        413|     32500930.80|        590|00:02:21|+0.13|0.30|0.8868|
|-|          5|         12|        413|     32512194.67|        600|00:00:10|+0.20|0.34|0.7910|
|-|          4|         11|        413|     32526192.71|        607|00:00:10|+0.20|0.31|0.7730|
|!|         10|         11|        413|     32488814.00|        613|00:00:10|+0.24|0.33|0.7396|
|-|          3|         10|        390|     32482707.33|        619|00:00:10|+0.19|0.28|0.7972|
|-|          2|          9|        390|     32531762.10|        624|00:00:10|+0.25|0.33|0.7207|
|-|          7|          4|        390|     32527240.09|        628|00:00:10|-0.00|0.09|0.7849|
+-+-----------+-----------+-----------+----------------+-----------+--------+-----+----+------+
Best configuration for the instances in this race: 390
Best-so-far configuration:         413    mean value:      32526729.36
Description of the best-so-far configuration:
    .ID. algorithm localsearch alpha beta rho ants   q0 rasrank elitistants
413  413       acs           3  2.81 5.02 0.5   53 0.32      NA          NA
    nnls dlb .PARENT.
413   13   1      118

# 2025-09-20 08:20:00 -03: Elite configurations (first number is the configuration ID; listed from best to worst according to the sum of ranks):
    algorithm localsearch alpha beta  rho ants   q0 rasrank elitistants nnls
413       acs           3  2.81 5.02 0.50   53 0.32      NA          NA   13
390       acs           3  1.92 8.24 0.36   26 0.60      NA          NA   12
426       acs           3  2.18 5.89 0.09   22 0.75      NA          NA   27
322       acs           3  2.38 1.36 0.84   23 0.05      NA          NA   12
    dlb
413   1
390   1
426   1
322   1
# 2025-09-20 08:20:00 -03: Iteration 4 of 5
# experimentsUsed: 2243
# remainingBudget: 3257
# currentBudget: 1628
# nbConfigurations: 139
# Markers:
     x No test is performed.
     c Configurations are discarded only due to capping.
     - The test is performed and some configurations are discarded.
     = The test is performed but no configuration is discarded.
     ! The test is performed and configurations could be discarded but elite configurations are preserved.
     . All alive configurations are elite and nothing is discarded.

+-+-----------+-----------+-----------+----------------+-----------+--------+-----+----+------+
| |   Instance|      Alive|       Best|       Mean best| Exp so far|  W time|  rho|KenW|  Qvar|
+-+-----------+-----------+-----------+----------------+-----------+--------+-----+----+------+
|x|         12|        139|        505|     32679779.00|        139|00:02:32|   NA|  NA|    NA|
|x|          6|        139|        488|     32430392.50|        274|00:02:28|+0.87|0.94|0.0017|
|x|          1|        139|        488|     32471707.00|        409|00:02:26|+0.84|0.90|0.0014|
|x|         11|        139|        488|     32534093.25|        544|00:02:27|+0.83|0.88|0.0017|
|-|          2|         23|        488|     32629870.60|        679|00:02:27|-0.03|0.17|0.9919|
|=|         10|         23|        488|     32563534.67|        698|00:00:20|-0.02|0.15|0.9806|
|=|          4|         23|        488|     32569381.71|        717|00:00:20|+0.00|0.14|0.9572|
|=|          8|         23|        488|     32547214.25|        736|00:00:21|-0.00|0.12|0.9708|
|=|          3|         23|        488|     32536831.00|        755|00:00:20|-0.03|0.09|0.9899|
|=|          9|         23|        486|     32544372.60|        774|00:00:20|-0.05|0.06|1.0083|
|=|          5|         23|        486|     32545493.73|        793|00:00:21|-0.02|0.07|0.9878|
|=|          7|         23|        486|     32538077.83|        812|00:00:21|-0.03|0.06|0.9878|
|=|         13|         23|        486|     32535923.85|        835|00:00:31|-0.02|0.06|0.9738|
+-+-----------+-----------+-----------+----------------+-----------+--------+-----+----+------+
Best-so-far configuration:         486    mean value:      32535923.85
Description of the best-so-far configuration:
    .ID. algorithm localsearch alpha beta  rho ants  q0 rasrank elitistants
486  486       acs           3  2.72 5.66 0.64   57 0.2      NA          NA
    nnls dlb .PARENT.
486   17   1      413

# 2025-09-20 08:35:21 -03: Elite configurations (first number is the configuration ID; listed from best to worst according to the sum of ranks):
    algorithm localsearch alpha beta  rho ants   q0 rasrank elitistants nnls
486       acs           3  2.72 5.66 0.64   57 0.20      NA          NA   17
556       acs           3  2.00 5.20 0.45   45 0.36      NA          NA   18
453       acs           3  1.91 4.83 0.49   48 0.31      NA          NA   17
488       acs           3  2.19 9.42 0.25   24 0.65      NA          NA   16
430       acs           3  2.70 9.49 0.13   35 0.79      NA          NA   20
    dlb
486   1
556   1
453   1
488   1
430   1
# 2025-09-20 08:35:21 -03: Iteration 5 of 5
# experimentsUsed: 3078
# remainingBudget: 2422
# currentBudget: 2422
# nbConfigurations: 177
# Markers:
     x No test is performed.
     c Configurations are discarded only due to capping.
     - The test is performed and some configurations are discarded.
     = The test is performed but no configuration is discarded.
     ! The test is performed and configurations could be discarded but elite configurations are preserved.
     . All alive configurations are elite and nothing is discarded.

+-+-----------+-----------+-----------+----------------+-----------+--------+-----+----+------+
| |   Instance|      Alive|       Best|       Mean best| Exp so far|  W time|  rho|KenW|  Qvar|
+-+-----------+-----------+-----------+----------------+-----------+--------+-----+----+------+
|x|         14|        177|        647|     32520116.00|        177|00:03:07|   NA|  NA|    NA|
|x|          9|        177|        647|     32506799.50|        349|00:03:07|+0.65|0.83|0.0064|
|x|          8|        177|        647|     32458736.00|        521|00:03:07|+0.60|0.74|0.0052|
|x|          1|        177|        569|     32502053.75|        693|00:03:07|+0.60|0.70|0.0045|
|-|         12|         52|        705|     32544356.60|        865|00:03:07|-0.10|0.12|1.0796|
|=|         13|         52|        705|     32527086.50|        912|00:00:52|-0.06|0.12|1.0438|
|=|          7|         52|        705|     32511808.14|        959|00:00:52|-0.03|0.11|1.0193|
|=|         10|         52|        671|     32479774.88|       1006|00:00:51|-0.03|0.10|1.0143|
|=|          5|         52|        671|     32489159.11|       1053|00:00:52|-0.01|0.10|0.9925|
|=|         11|         52|        671|     32514367.90|       1100|00:00:52|+0.01|0.11|0.9742|
|=|          2|         52|        569|     32562881.73|       1147|00:00:51|+0.02|0.11|0.9643|
|=|          4|         52|        671|     32559887.08|       1194|00:00:52|+0.02|0.10|0.9613|
|=|          6|         52|        671|     32530721.31|       1241|00:00:52|+0.02|0.09|0.9655|
|=|          3|         52|        671|     32522080.64|       1288|00:00:51|+0.02|0.09|0.9624|
|=|         15|         52|        671|     32521765.73|       1340|00:01:02|+0.02|0.09|0.9616|
+-+-----------+-----------+-----------+----------------+-----------+--------+-----+----+------+
Best-so-far configuration:         671    mean value:      32521765.73
Description of the best-so-far configuration:
    .ID. algorithm localsearch alpha beta  rho ants   q0 rasrank elitistants
671  671       acs           3  3.38 6.36 0.66   62 0.18      NA          NA
    nnls dlb .PARENT.
671   12   1      486

# 2025-09-20 08:59:48 -03: Elite configurations (first number is the configuration ID; listed from best to worst according to the sum of ranks):
    algorithm localsearch alpha beta  rho ants   q0 rasrank elitistants nnls
671       acs           3  3.38 6.36 0.66   62 0.18      NA          NA   12
569       acs           3  2.67 5.75 0.39   52 0.40      NA          NA   11
642       acs           3  2.01 6.97 0.32   42 0.35      NA          NA   16
719       acs           3  2.99 5.94 0.58   57 0.17      NA          NA   20
645       acs           3  2.34 4.60 0.56   52 0.29      NA          NA   17
    dlb
671   1
569   1
642   1
719   1
645   1
# 2025-09-20 08:59:48 -03: Iteration 6 of 6
# experimentsUsed: 4418
# remainingBudget: 1082
# currentBudget: 1082
# nbConfigurations: 72
# Markers:
     x No test is performed.
     c Configurations are discarded only due to capping.
     - The test is performed and some configurations are discarded.
     = The test is performed but no configuration is discarded.
     ! The test is performed and configurations could be discarded but elite configurations are preserved.
     . All alive configurations are elite and nothing is discarded.

+-+-----------+-----------+-----------+----------------+-----------+--------+-----+----+------+
| |   Instance|      Alive|       Best|       Mean best| Exp so far|  W time|  rho|KenW|  Qvar|
+-+-----------+-----------+-----------+----------------+-----------+--------+-----+----+------+
|x|         16|         72|        770|     32528286.00|         72|00:01:23|   NA|  NA|    NA|
|x|          9|         72|        749|     32542948.00|        139|00:01:13|+0.02|0.51|0.7482|
|x|          7|         72|        751|     32488947.67|        206|00:01:13|+0.19|0.46|0.6490|
|x|          1|         72|        751|     32507475.00|        273|00:01:13|+0.24|0.43|0.6442|
|-|         14|         33|        751|     32518387.00|        340|00:01:13|-0.06|0.15|1.0403|
|=|         15|         33|        569|     32519878.67|        368|00:00:31|-0.04|0.13|1.0242|
|=|         12|         33|        569|     32548137.14|        396|00:00:31|-0.02|0.13|0.9891|
|=|         10|         33|        569|     32507635.12|        424|00:00:31|-0.03|0.10|0.9989|
|=|          5|         33|        751|     32507869.89|        452|00:00:31|+0.01|0.12|0.9664|
|=|         11|         33|        569|     32535050.10|        480|00:00:31|+0.02|0.12|0.9516|
|=|          8|         33|        569|     32522161.91|        508|00:00:31|+0.02|0.11|0.9513|
|=|          6|         33|        751|     32494489.83|        536|00:00:31|+0.03|0.11|0.9405|
|=|         13|         33|        751|     32490502.54|        564|00:00:31|+0.02|0.10|0.9520|
|=|          4|         33|        751|     32497071.64|        592|00:00:31|+0.02|0.09|0.9525|
|=|          2|         33|        751|     32528983.40|        620|00:00:31|+0.03|0.09|0.9459|
|=|          3|         33|        751|     32521339.88|        648|00:00:31|+0.03|0.09|0.9495|
|=|         17|         33|        751|     32531623.65|        681|00:00:41|+0.02|0.08|0.9533|
+-+-----------+-----------+-----------+----------------+-----------+--------+-----+----+------+
Best-so-far configuration:         751    mean value:      32531623.65
Description of the best-so-far configuration:
    .ID. algorithm localsearch alpha beta  rho ants   q0 rasrank elitistants
751  751       acs           3  3.16 5.66 0.67   62 0.14      NA          NA
    nnls dlb .PARENT.
751   10   1      671

# 2025-09-20 09:12:31 -03: Elite configurations (first number is the configuration ID; listed from best to worst according to the sum of ranks):
    algorithm localsearch alpha beta  rho ants   q0 rasrank elitistants nnls
751       acs           3  3.16 5.66 0.67   62 0.14      NA          NA   10
671       acs           3  3.38 6.36 0.66   62 0.18      NA          NA   12
759       acs           3  3.47 6.40 0.63   63 0.20      NA          NA    9
761       acs           3  2.31 5.77 0.40   48 0.40      NA          NA   12
569       acs           3  2.67 5.75 0.39   52 0.40      NA          NA   11
    dlb
751   1
671   1
759   1
761   1
569   1
# 2025-09-20 09:12:31 -03: Iteration 7 of 7
# experimentsUsed: 5099
# remainingBudget: 401
# currentBudget: 401
# nbConfigurations: 27
# Markers:
     x No test is performed.
     c Configurations are discarded only due to capping.
     - The test is performed and some configurations are discarded.
     = The test is performed but no configuration is discarded.
     ! The test is performed and configurations could be discarded but elite configurations are preserved.
     . All alive configurations are elite and nothing is discarded.

+-+-----------+-----------+-----------+----------------+-----------+--------+-----+----+------+
| |   Instance|      Alive|       Best|       Mean best| Exp so far|  W time|  rho|KenW|  Qvar|
+-+-----------+-----------+-----------+----------------+-----------+--------+-----+----+------+
|x|         18|         27|        822|     32741624.00|         27|00:00:31|   NA|  NA|    NA|
|x|         11|         27|        811|     32740544.00|         49|00:00:31|+0.25|0.62|0.8052|
|x|         13|         27|        811|     32626464.33|         71|00:00:31|+0.35|0.56|0.6197|
|x|          9|         27|        811|     32612399.00|         93|00:00:31|+0.30|0.47|0.6558|
|-|          6|         11|        811|     32526580.80|        115|00:00:31|+0.00|0.20|0.9194|
|=|         15|         11|        811|     32524558.33|        121|00:00:10|+0.02|0.18|0.9196|
|=|          1|         11|        809|     32529275.00|        127|00:00:10|+0.04|0.18|0.9060|
|=|         17|         11|        811|     32540735.12|        133|00:00:10|+0.04|0.16|0.9055|
|=|         14|         11|        811|     32540679.44|        139|00:00:10|+0.08|0.18|0.8789|
|=|          4|         11|        811|     32546841.00|        145|00:00:10|+0.04|0.13|0.9125|
|=|         10|         11|        811|     32513334.27|        151|00:00:10|+0.02|0.11|0.9167|
|=|         12|         11|        811|     32527866.33|        157|00:00:10|+0.03|0.11|0.9087|
|=|          2|         11|        811|     32563432.31|        163|00:00:10|+0.02|0.10|0.9071|
|=|          8|         11|        811|     32552026.21|        169|00:00:10|-0.01|0.06|0.9294|
|=|          5|         11|        811|     32553716.73|        175|00:00:10|-0.01|0.06|0.9223|
|=|         16|         11|        811|     32556669.56|        181|00:00:10|-0.01|0.05|0.9197|
|=|          7|         11|        811|     32548574.41|        187|00:00:10|+0.00|0.06|0.9108|
|=|          3|         11|        811|     32541240.50|        193|00:00:10|-0.01|0.05|0.9240|
|=|         19|         11|        751|     32560476.05|        204|00:00:20|-0.00|0.05|0.9170|
+-+-----------+-----------+-----------+----------------+-----------+--------+-----+----+------+
Best-so-far configuration:         751    mean value:      32560476.05
Description of the best-so-far configuration:
    .ID. algorithm localsearch alpha beta  rho ants   q0 rasrank elitistants
751  751       acs           3  3.16 5.66 0.67   62 0.14      NA          NA
    nnls dlb .PARENT.
751   10   1      671

# 2025-09-20 09:17:45 -03: Elite configurations (first number is the configuration ID; listed from best to worst according to the sum of ranks):
    algorithm localsearch alpha beta  rho ants   q0 rasrank elitistants nnls
751       acs           3  3.16 5.66 0.67   62 0.14      NA          NA   10
811       acs           3  3.22 5.19 0.67   64 0.13      NA          NA   12
809       acs           3  3.23 6.78 0.70   64 0.14      NA          NA   12
759       acs           3  3.47 6.40 0.63   63 0.20      NA          NA    9
808       acs           3  2.43 5.54 0.46   53 0.40      NA          NA   12
    dlb
751   1
811   1
809   1
759   1
808   1
# 2025-09-20 09:17:45 -03: Iteration 8 of 8
# experimentsUsed: 5303
# remainingBudget: 197
# currentBudget: 197
# nbConfigurations: 14
# Markers:
     x No test is performed.
     c Configurations are discarded only due to capping.
     - The test is performed and some configurations are discarded.
     = The test is performed but no configuration is discarded.
     ! The test is performed and configurations could be discarded but elite configurations are preserved.
     . All alive configurations are elite and nothing is discarded.

+-+-----------+-----------+-----------+----------------+-----------+--------+-----+----+------+
| |   Instance|      Alive|       Best|       Mean best| Exp so far|  W time|  rho|KenW|  Qvar|
+-+-----------+-----------+-----------+----------------+-----------+--------+-----+----+------+
|x|         20|         14|        809|     32774469.00|         14|00:00:20|   NA|  NA|    NA|
|x|         10|         14|        829|     32479018.50|         23|00:00:10|+0.09|0.55|0.9176|
|x|         14|         14|        811|     32505060.67|         32|00:00:10|+0.26|0.50|0.6915|
|x|          4|         14|        826|     32521751.50|         41|00:00:10|+0.06|0.30|0.8404|
|=|         15|         14|        826|     32517658.00|         50|00:00:10|+0.10|0.28|0.7995|
|=|          8|         14|        826|     32499753.00|         59|00:00:10|+0.03|0.19|0.8545|
|=|          5|         14|        826|     32508219.71|         68|00:00:10|+0.08|0.21|0.8072|
|=|         19|         14|        808|     32558266.75|         77|00:00:10|+0.09|0.21|0.8004|
|=|          3|         14|        808|     32540798.33|         86|00:00:10|+0.05|0.16|0.8387|
|=|         18|         14|        811|     32563016.20|         95|00:00:10|+0.05|0.14|0.8564|
|=|          1|         14|        809|     32562799.36|        104|00:00:10|+0.07|0.16|0.8269|
|-|          2|         12|        809|     32596669.58|        113|00:00:10|-0.04|0.05|0.9455|
|=|         17|         12|        826|     32594966.00|        120|00:00:10|-0.04|0.04|0.9540|
|=|          6|         12|        826|     32565396.36|        127|00:00:10|-0.02|0.05|0.9457|
|=|         13|         12|        809|     32560848.53|        134|00:00:10|-0.02|0.05|0.9373|
|=|         16|         12|        809|     32560312.62|        141|00:00:10|+0.00|0.07|0.9178|
|=|          7|         12|        809|     32554367.88|        148|00:00:10|+0.01|0.07|0.9142|
|=|         12|         12|        811|     32560459.06|        155|00:00:10|+0.01|0.07|0.9093|
|=|          9|         12|        809|     32563611.95|        162|00:00:10|+0.01|0.06|0.9096|
|=|         11|         12|        811|     32569307.70|        169|00:00:10|+0.00|0.05|0.9121|
|=|         21|         12|        811|     32573754.00|        181|00:00:20|+0.00|0.05|0.9162|
+-+-----------+-----------+-----------+----------------+-----------+--------+-----+----+------+
Best-so-far configuration:         811    mean value:      32573754.00
Description of the best-so-far configuration:
    .ID. algorithm localsearch alpha beta  rho ants   q0 rasrank elitistants
811  811       acs           3  3.22 5.19 0.67   64 0.13      NA          NA
    nnls dlb .PARENT.
811   12   1      751

# 2025-09-20 09:21:47 -03: Elite configurations (first number is the configuration ID; listed from best to worst according to the sum of ranks):
    algorithm localsearch alpha beta  rho ants   q0 rasrank elitistants nnls
811       acs           3  3.22 5.19 0.67   64 0.13      NA          NA   12
809       acs           3  3.23 6.78 0.70   64 0.14      NA          NA   12
826       acs           3  3.33 5.83 0.65   61 0.10      NA          NA   10
751       acs           3  3.16 5.66 0.67   62 0.14      NA          NA   10
825       acs           3  3.26 5.85 0.63   63 0.14      NA          NA   10
    dlb
811   1
809   1
826   1
751   1
825   1
# 2025-09-20 09:21:47 -03: Stopped because there is not enough budget left to race more than the minimum (5).
# You may either increase the budget or set 'minNbSurvival' to a lower value.
# Iteration: 9
# nbIterations: 9
# experimentsUsed: 5484
# timeUsed: 0
# remainingBudget: 16
# currentBudget: 16
# number of elites: 5
# nbConfigurations: 5
# Total CPU user time: 60522.39, CPU sys time: 469.044, Wall-clock time: 6632.418
# 2025-09-20 09:21:47 -03: Starting post-selection:
# Configurations selected: 811, 809, 826, 751, 825, 759, 808, 671, 761, 569.
# Pending instances: 1, 1, 1, 1, 1, 1, 1, 3, 3, 3.
# 2025-09-20 09:21:47 -03: seed: 300017
# Configurations: 10
# Available experiments: 16
# minSurvival: 1
# Markers:
     x No test is performed.
     c Configurations are discarded only due to capping.
     - The test is performed and some configurations are discarded.
     = The test is performed but no configuration is discarded.
     ! The test is performed and configurations could be discarded but elite configurations are preserved.
     . All alive configurations are elite and nothing is discarded.

+-+-----------+-----------+-----------+----------------+-----------+--------+-----+----+------+
| |   Instance|      Alive|       Best|       Mean best| Exp so far|  W time|  rho|KenW|  Qvar|
+-+-----------+-----------+-----------+----------------+-----------+--------+-----+----+------+
|.|         12|         10|        671|     32684368.00|          0|00:00:00|   NA|  NA|    NA|
|.|          4|         10|        671|     32616277.00|          0|00:00:00|-0.38|0.31|1.4919|
|.|         10|         10|        671|     32469025.33|          0|00:00:00|+0.03|0.35|1.0000|
|.|          7|         10|        671|     32446042.00|          0|00:00:00|+0.12|0.34|0.8887|
|.|          1|         10|        671|     32470089.00|          0|00:00:00|+0.01|0.21|0.9471|
|.|         11|         10|        671|     32515282.00|          0|00:00:00|+0.04|0.20|0.9173|
|.|          3|         10|        671|     32500206.29|          0|00:00:00|+0.02|0.16|0.9275|
|.|         18|         10|        671|     32536902.00|          0|00:00:00|-0.03|0.10|0.9498|
|.|         17|         10|        671|     32548240.00|          0|00:00:00|-0.04|0.08|0.9451|
|.|         15|         10|        671|     32545151.70|          0|00:00:00|-0.04|0.06|0.9363|
|.|          2|         10|        671|     32588936.09|          0|00:00:00|-0.05|0.04|0.9423|
|.|          5|         10|        671|     32586877.50|          0|00:00:00|-0.04|0.04|0.9437|
|.|         14|         10|        671|     32584477.62|          0|00:00:00|-0.03|0.05|0.9276|
|x|         21|         10|        811|     32589177.43|          3|00:00:10|-0.02|0.06|0.9142|
|.|         16|         10|        811|     32589963.07|          3|00:00:00|-0.03|0.04|0.9274|
|.|         13|         10|        811|     32577984.44|          3|00:00:00|-0.03|0.03|0.9295|
|.|          8|         10|        811|     32567735.18|          3|00:00:00|-0.04|0.02|0.9321|
|.|          9|         10|        811|     32567872.28|          3|00:00:00|-0.04|0.02|0.9378|
|.|          6|         10|        811|     32547632.05|          3|00:00:00|-0.03|0.02|0.9289|
|.|         19|         10|        811|     32562607.65|          3|00:00:00|-0.03|0.02|0.9267|
|=|         20|         10|        811|     32573754.00|          6|00:00:10|-0.02|0.03|0.9177|
|=|         22|         10|        811|     32583831.77|         16|00:00:10|-0.02|0.02|0.9210|
+-+-----------+-----------+-----------+----------------+-----------+--------+-----+----+------+
Best-so-far configuration:         811    mean value:      32583831.77
Description of the best-so-far configuration:
    .ID. algorithm localsearch alpha beta  rho ants   q0 rasrank elitistants
811  811       acs           3  3.22 5.19 0.67   64 0.13      NA          NA
    nnls dlb .PARENT.
811   12   1      751

# 2025-09-20 09:22:19 -03: Elite configurations (first number is the configuration ID; listed from best to worst according to the sum of ranks):
    algorithm localsearch alpha beta  rho ants   q0 rasrank elitistants nnls
811       acs           3  3.22 5.19 0.67   64 0.13      NA          NA   12
809       acs           3  3.23 6.78 0.70   64 0.14      NA          NA   12
751       acs           3  3.16 5.66 0.67   62 0.14      NA          NA   10
671       acs           3  3.38 6.36 0.66   62 0.18      NA          NA   12
825       acs           3  3.26 5.85 0.63   63 0.14      NA          NA   10
    dlb
811   1
809   1
751   1
671   1
825   1
# Total CPU user time: 60688.05, CPU sys time: 470.421, Wall-clock time: 6664.262
    .ID. algorithm localsearch alpha beta  rho ants   q0 rasrank elitistants
811  811       acs           3  3.22 5.19 0.67   64 0.13      NA          NA
809  809       acs           3  3.23 6.78 0.70   64 0.14      NA          NA
751  751       acs           3  3.16 5.66 0.67   62 0.14      NA          NA
671  671       acs           3  3.38 6.36 0.66   62 0.18      NA          NA
825  825       acs           3  3.26 5.85 0.63   63 0.14      NA          NA
    nnls dlb .PARENT. .RANK.   .WEIGHT.
811   12   1      751    102 0.33333333
809   12   1      671    106 0.26666667
751   10   1      671    117 0.20000000
671   12   1      486    123 0.13333333
825   10   1      751    123 0.06666667
