# 2025-09-20 21:15:28 -03: Reading parameter file '/home/dianag/PruebasPablo/irace-test-executions/ACOTSP-withRanking/Scenarios-2/BH/Runs/BH_seed_1800371/parameters.txt'.
# 2025-09-20 21:15:28 -03: 1 expression(s) specifying forbidden configurations read.
# 2025-09-20 21:15:29 -03: Initialization
# Elitist race
# Elitist new instances: 1
# Elitist limit: 2
# nbIterations: 5
# minNbSurvival: 5
# nbParameters: 11
# seed: 1800371
# confidence level: 0.95
# budget: 5500
# mu: 5
# deterministic: FALSE

# 2025-09-20 21:15:29 -03: Iteration 1 of 5
# experimentsUsed: 0
# remainingBudget: 5500
# currentBudget: 1100
# nbConfigurations: 183
# Markers:
     x No test is performed.
     c Configurations are discarded only due to capping.
     - The test is performed and some configurations are discarded.
     = The test is performed but no configuration is discarded.
     ! The test is performed and configurations could be discarded but elite configurations are preserved.
     . All alive configurations are elite and nothing is discarded.

+-+-----------+-----------+-----------+----------------+-----------+--------+-----+----+------+
| |   Instance|      Alive|       Best|       Mean best| Exp so far|  W time|  rho|KenW|  Qvar|
+-+-----------+-----------+-----------+----------------+-----------+--------+-----+----+------+
|x|          1|        183|         15|     32743190.00|        183|00:03:56|   NA|  NA|    NA|
|x|          2|        183|         47|     32490100.00|        366|00:03:56|+0.98|0.99|0.0038|
|x|          3|        183|         47|     32479081.33|        549|00:04:06|+0.98|0.99|0.0029|
|x|          4|        183|         47|     32531456.50|        732|00:03:54|+0.98|0.99|0.0024|
|-|          5|         10|         47|     32523406.80|        915|00:03:55|+0.24|0.39|0.6724|
|-|          6|          5|         47|     32556908.67|        925|00:00:31|-0.05|0.13|0.7982|
+-+-----------+-----------+-----------+----------------+-----------+--------+-----+----+------+
Best-so-far configuration:          47    mean value:      32556908.67
Description of the best-so-far configuration:
   .ID. algorithm localsearch alpha beta  rho ants   q0 rasrank elitistants
47   47       acs           3  4.86 0.23 0.93   70 0.26      NA          NA
   nnls dlb .PARENT.
47   40   1       NA

# 2025-09-20 21:35:50 -03: Elite configurations (first number is the configuration ID; listed from best to worst according to the sum of ranks):
    algorithm localsearch alpha beta  rho ants   q0 rasrank elitistants nnls
47        acs           3  4.86 0.23 0.93   70 0.26      NA          NA   40
135      mmas           3  0.86 2.38 0.89   14   NA      NA          NA   21
15       mmas           3  4.16 5.07 0.14   38   NA      NA          NA   28
154       eas           3  3.20 8.94 0.24   71   NA      NA         501   11
84        acs           3  3.11 3.74 0.44   24 0.15      NA          NA   43
    dlb
47    1
135   0
15    1
154   1
84    0
# 2025-09-20 21:35:50 -03: Iteration 2 of 5
# experimentsUsed: 925
# remainingBudget: 4575
# currentBudget: 1143
# nbConfigurations: 167
# Markers:
     x No test is performed.
     c Configurations are discarded only due to capping.
     - The test is performed and some configurations are discarded.
     = The test is performed but no configuration is discarded.
     ! The test is performed and configurations could be discarded but elite configurations are preserved.
     . All alive configurations are elite and nothing is discarded.

+-+-----------+-----------+-----------+----------------+-----------+--------+-----+----+------+
| |   Instance|      Alive|       Best|       Mean best| Exp so far|  W time|  rho|KenW|  Qvar|
+-+-----------+-----------+-----------+----------------+-----------+--------+-----+----+------+
|x|          7|        167|        301|     32706771.00|        167|00:03:44|   NA|  NA|    NA|
|x|          2|        167|        208|     32469438.00|        329|00:03:40|+0.96|0.98|0.0020|
|x|          6|        167|        208|     32528145.00|        491|00:03:38|+0.97|0.98|0.0018|
|x|          1|        167|        208|     32562352.75|        653|00:03:38|+0.97|0.98|0.0020|
|-|          3|         12|        208|     32543117.40|        815|00:03:36|+0.31|0.45|0.6171|
|-|          4|          8|        208|     32567977.67|        822|00:00:16|+0.27|0.39|0.5767|
|-|          5|          5|        208|     32542127.86|        825|00:00:10|+0.09|0.22|0.5994|
+-+-----------+-----------+-----------+----------------+-----------+--------+-----+----+------+
Best-so-far configuration:         208    mean value:      32542127.86
Description of the best-so-far configuration:
    .ID. algorithm localsearch alpha beta  rho ants  q0 rasrank elitistants
208  208       acs           3  2.96  3.5 0.85   69 0.1      NA          NA
    nnls dlb .PARENT.
208    8   1      135

# 2025-09-20 21:54:35 -03: Elite configurations (first number is the configuration ID; listed from best to worst according to the sum of ranks):
    algorithm localsearch alpha beta  rho ants   q0 rasrank elitistants nnls
208       acs           3  2.96 3.50 0.85   69 0.10      NA          NA    8
47        acs           3  4.86 0.23 0.93   70 0.26      NA          NA   40
15       mmas           3  4.16 5.07 0.14   38   NA      NA          NA   28
340      mmas           3  2.98 3.64 0.12   11   NA      NA          NA   23
261       acs           3  2.55 9.16 0.04   20 0.29      NA          NA   32
    dlb
208   1
47    1
15    1
340   1
261   1
# 2025-09-20 21:54:35 -03: Iteration 3 of 5
# experimentsUsed: 1750
# remainingBudget: 3750
# currentBudget: 1250
# nbConfigurations: 160
# Markers:
     x No test is performed.
     c Configurations are discarded only due to capping.
     - The test is performed and some configurations are discarded.
     = The test is performed but no configuration is discarded.
     ! The test is performed and configurations could be discarded but elite configurations are preserved.
     . All alive configurations are elite and nothing is discarded.

+-+-----------+-----------+-----------+----------------+-----------+--------+-----+----+------+
| |   Instance|      Alive|       Best|       Mean best| Exp so far|  W time|  rho|KenW|  Qvar|
+-+-----------+-----------+-----------+----------------+-----------+--------+-----+----+------+
|x|          8|        160|         15|     32701302.00|        160|00:03:21|   NA|  NA|    NA|
|x|          4|        160|        418|     32696891.50|        315|00:03:17|+0.93|0.96|0.0026|
|x|          7|        160|        436|     32709988.33|        470|00:03:15|+0.93|0.95|0.0021|
|x|          3|        160|        436|     32648175.25|        625|00:03:19|+0.93|0.95|0.0022|
|-|          5|         14|        436|     32593280.00|        780|00:03:19|+0.03|0.22|0.9117|
|=|          6|         14|        427|     32626625.00|        789|00:00:17|-0.03|0.14|0.9509|
|=|          2|         14|        208|     32559168.86|        798|00:00:17|+0.02|0.16|0.9086|
|=|          1|         14|        208|     32572394.75|        807|00:00:26|+0.08|0.20|0.8519|
|-|          9|          5|        208|     32584660.78|        821|00:00:28|+0.07|0.17|0.6970|
+-+-----------+-----------+-----------+----------------+-----------+--------+-----+----+------+
Best-so-far configuration:         208    mean value:      32584660.78
Description of the best-so-far configuration:
    .ID. algorithm localsearch alpha beta  rho ants  q0 rasrank elitistants
208  208       acs           3  2.96  3.5 0.85   69 0.1      NA          NA
    nnls dlb .PARENT.
208    8   1      135

# 2025-09-20 22:12:38 -03: Elite configurations (first number is the configuration ID; listed from best to worst according to the sum of ranks):
    algorithm localsearch alpha beta  rho ants   q0 rasrank elitistants nnls
208       acs           3  2.96 3.50 0.85   69 0.10      NA          NA    8
436       acs           3  2.00 5.31 0.94   49 0.07      NA          NA    7
427       acs           3  4.10 2.97 0.71   74 0.09      NA          NA   10
451       acs           3  1.70 2.98 0.85   47 0.30      NA          NA    7
15       mmas           3  4.16 5.07 0.14   38   NA      NA          NA   28
    dlb
208   1
436   1
427   1
451   0
15    1
# 2025-09-20 22:12:38 -03: Iteration 4 of 5
# experimentsUsed: 2571
# remainingBudget: 2929
# currentBudget: 1464
# nbConfigurations: 150
# Markers:
     x No test is performed.
     c Configurations are discarded only due to capping.
     - The test is performed and some configurations are discarded.
     = The test is performed but no configuration is discarded.
     ! The test is performed and configurations could be discarded but elite configurations are preserved.
     . All alive configurations are elite and nothing is discarded.

+-+-----------+-----------+-----------+----------------+-----------+--------+-----+----+------+
| |   Instance|      Alive|       Best|       Mean best| Exp so far|  W time|  rho|KenW|  Qvar|
+-+-----------+-----------+-----------+----------------+-----------+--------+-----+----+------+
|x|         10|        150|        613|     32632108.00|        150|00:02:46|   NA|  NA|    NA|
|x|          2|        150|        637|     32401840.50|        295|00:02:37|+0.93|0.96|0.0014|
|x|          1|        150|        208|     32500648.00|        440|00:02:37|+0.91|0.94|0.0013|
|x|          9|        150|        208|     32546183.25|        585|00:02:36|+0.91|0.93|0.0015|
|-|          7|         24|        576|     32575575.60|        730|00:02:36|+0.19|0.35|0.7401|
|-|          6|         20|        576|     32586439.50|        749|00:00:21|+0.25|0.38|0.6328|
|-|          3|         18|        576|     32555397.29|        764|00:00:20|+0.28|0.39|0.5833|
|-|          4|         15|        632|     32545957.75|        777|00:00:20|+0.33|0.41|0.5442|
|!|          5|         15|        632|     32534626.33|        787|00:00:10|+0.28|0.36|0.5983|
|-|          8|         10|        623|     32563430.90|        797|00:00:10|-0.03|0.07|0.9248|
|=|         11|         10|        591|     32586619.00|        807|00:00:10|-0.04|0.06|0.9216|
|=|         12|         10|        623|     32582898.25|        817|00:00:10|-0.05|0.04|0.9329|
+-+-----------+-----------+-----------+----------------+-----------+--------+-----+----+------+
Best-so-far configuration:         623    mean value:      32582898.25
Description of the best-so-far configuration:
    .ID. algorithm localsearch alpha beta rho ants   q0 rasrank elitistants
623  623       acs           3  1.73 3.38 0.8   52 0.32      NA          NA
    nnls dlb .PARENT.
623    9   1      208

# 2025-09-20 22:27:39 -03: Elite configurations (first number is the configuration ID; listed from best to worst according to the sum of ranks):
    algorithm localsearch alpha beta  rho ants   q0 rasrank elitistants nnls
623       acs           3  1.73 3.38 0.80   52 0.32      NA          NA    9
591       acs           3  3.36 4.15 0.83   63 0.10      NA          NA   16
632       acs           3  2.85 3.75 0.87   62 0.30      NA          NA   13
527       acs           3  4.43 3.42 0.71   68 0.17      NA          NA   14
517       acs           3  2.54 4.47 0.68   52 0.31      NA          NA   10
    dlb
623   1
591   1
632   1
527   1
517   1
# 2025-09-20 22:27:39 -03: Iteration 5 of 5
# experimentsUsed: 3388
# remainingBudget: 2112
# currentBudget: 2112
# nbConfigurations: 167
# Markers:
     x No test is performed.
     c Configurations are discarded only due to capping.
     - The test is performed and some configurations are discarded.
     = The test is performed but no configuration is discarded.
     ! The test is performed and configurations could be discarded but elite configurations are preserved.
     . All alive configurations are elite and nothing is discarded.

+-+-----------+-----------+-----------+----------------+-----------+--------+-----+----+------+
| |   Instance|      Alive|       Best|       Mean best| Exp so far|  W time|  rho|KenW|  Qvar|
+-+-----------+-----------+-----------+----------------+-----------+--------+-----+----+------+
|x|         13|        167|        797|     32967621.00|        167|00:02:57|   NA|  NA|    NA|
|x|         10|        167|        684|     32819259.00|        329|00:02:56|+0.61|0.81|0.0020|
|x|         11|        167|        768|     32843904.33|        491|00:02:57|+0.62|0.75|0.0018|
|x|          9|        167|        768|     32804158.00|        653|00:02:56|+0.60|0.70|0.0019|
|-|          3|         44|        591|     32719406.00|        815|00:02:57|-0.10|0.12|1.0848|
|=|          6|         44|        632|     32708464.83|        854|00:00:41|-0.10|0.08|1.0733|
|=|          4|         44|        632|     32684943.29|        893|00:00:41|-0.05|0.10|1.0200|
|=|          5|         44|        632|     32654822.25|        932|00:00:41|-0.04|0.09|1.0079|
|=|          8|         44|        632|     32662575.22|        971|00:00:41|-0.03|0.08|0.9998|
|=|          7|         44|        632|     32657791.70|       1010|00:00:41|-0.02|0.08|0.9857|
|=|          1|         44|        632|     32660963.82|       1049|00:00:41|-0.01|0.08|0.9775|
|=|          2|         44|        632|     32621841.17|       1088|00:00:41|-0.00|0.08|0.9666|
|=|         12|         44|        591|     32607197.54|       1127|00:00:41|-0.00|0.07|0.9720|
|=|         14|         44|        632|     32587676.21|       1171|00:00:51|-0.01|0.07|0.9765|
+-+-----------+-----------+-----------+----------------+-----------+--------+-----+----+------+
Best-so-far configuration:         632    mean value:      32587676.21
Description of the best-so-far configuration:
    .ID. algorithm localsearch alpha beta  rho ants  q0 rasrank elitistants
632  632       acs           3  2.85 3.75 0.87   62 0.3      NA          NA
    nnls dlb .PARENT.
632   13   1      208

# 2025-09-20 22:48:51 -03: Elite configurations (first number is the configuration ID; listed from best to worst according to the sum of ranks):
    algorithm localsearch alpha beta  rho ants   q0 rasrank elitistants nnls
632       acs           3  2.85 3.75 0.87   62 0.30      NA          NA   13
591       acs           3  3.36 4.15 0.83   63 0.10      NA          NA   16
673       acs           3  3.18 5.30 0.89   70 0.08      NA          NA   13
527       acs           3  4.43 3.42 0.71   68 0.17      NA          NA   14
623       acs           3  1.73 3.38 0.80   52 0.32      NA          NA    9
    dlb
632   1
591   1
673   1
527   1
623   1
# 2025-09-20 22:48:51 -03: Iteration 6 of 6
# experimentsUsed: 4559
# remainingBudget: 941
# currentBudget: 941
# nbConfigurations: 67
# Markers:
     x No test is performed.
     c Configurations are discarded only due to capping.
     - The test is performed and some configurations are discarded.
     = The test is performed but no configuration is discarded.
     ! The test is performed and configurations could be discarded but elite configurations are preserved.
     . All alive configurations are elite and nothing is discarded.

+-+-----------+-----------+-----------+----------------+-----------+--------+-----+----+------+
| |   Instance|      Alive|       Best|       Mean best| Exp so far|  W time|  rho|KenW|  Qvar|
+-+-----------+-----------+-----------+----------------+-----------+--------+-----+----+------+
|x|         15|         67|        809|     32389871.00|         67|00:01:13|   NA|  NA|    NA|
|x|          6|         67|        808|     32504972.00|        129|00:01:12|+0.43|0.71|0.0004|
|x|         12|         67|        808|     32468781.00|        191|00:01:12|+0.44|0.62|0.0004|
|x|         11|         67|        527|     32580759.25|        253|00:01:12|+0.45|0.59|0.0006|
|-|         13|         28|        819|     32666082.40|        315|00:01:12|-0.11|0.11|1.0859|
|=|          3|         28|        833|     32630157.17|        338|00:00:31|-0.08|0.10|1.0435|
|=|          7|         28|        632|     32626079.86|        361|00:00:31|-0.06|0.09|1.0200|
|=|          1|         28|        632|     32634405.50|        384|00:00:31|-0.08|0.05|1.0288|
|=|          5|         28|        632|     32613246.56|        407|00:00:31|-0.07|0.05|1.0197|
|=|         14|         28|        833|     32587905.10|        430|00:00:31|-0.06|0.05|1.0069|
|=|          2|         28|        833|     32548994.18|        453|00:00:31|-0.04|0.06|0.9868|
|=|          4|         28|        632|     32546309.33|        476|00:00:31|-0.02|0.07|0.9669|
|=|         10|         28|        632|     32554233.46|        499|00:00:31|-0.00|0.07|0.9526|
|=|          8|         28|        632|     32566402.43|        522|00:00:31|+0.00|0.07|0.9470|
|=|          9|         28|        632|     32575739.87|        545|00:00:31|+0.01|0.08|0.9387|
|=|         16|         28|        632|     32594860.12|        573|00:00:31|+0.01|0.07|0.9395|
+-+-----------+-----------+-----------+----------------+-----------+--------+-----+----+------+
Best-so-far configuration:         632    mean value:      32594860.12
Description of the best-so-far configuration:
    .ID. algorithm localsearch alpha beta  rho ants  q0 rasrank elitistants
632  632       acs           3  2.85 3.75 0.87   62 0.3      NA          NA
    nnls dlb .PARENT.
632   13   1      208

# 2025-09-20 23:00:40 -03: Elite configurations (first number is the configuration ID; listed from best to worst according to the sum of ranks):
    algorithm localsearch alpha beta  rho ants   q0 rasrank elitistants nnls
632       acs           3  2.85 3.75 0.87   62 0.30      NA          NA   13
866       acs           3  4.41 3.79 0.66   68 0.20      NA          NA   14
591       acs           3  3.36 4.15 0.83   63 0.10      NA          NA   16
527       acs           3  4.43 3.42 0.71   68 0.17      NA          NA   14
819       acs           3  3.01 4.60 0.73   61 0.15      NA          NA   18
    dlb
632   1
866   1
591   1
527   1
819   1
# 2025-09-20 23:00:40 -03: Iteration 7 of 7
# experimentsUsed: 5132
# remainingBudget: 368
# currentBudget: 368
# nbConfigurations: 26
# Markers:
     x No test is performed.
     c Configurations are discarded only due to capping.
     - The test is performed and some configurations are discarded.
     = The test is performed but no configuration is discarded.
     ! The test is performed and configurations could be discarded but elite configurations are preserved.
     . All alive configurations are elite and nothing is discarded.

+-+-----------+-----------+-----------+----------------+-----------+--------+-----+----+------+
| |   Instance|      Alive|       Best|       Mean best| Exp so far|  W time|  rho|KenW|  Qvar|
+-+-----------+-----------+-----------+----------------+-----------+--------+-----+----+------+
|x|         17|         26|        886|     32831385.00|         26|00:00:31|   NA|  NA|    NA|
|x|          6|         26|        886|     32722359.00|         47|00:00:31|+0.51|0.76|0.4178|
|x|          8|         26|        866|     32740183.67|         68|00:00:31|+0.28|0.52|0.5852|
|x|         10|         26|        866|     32719006.75|         89|00:00:31|+0.19|0.39|0.7201|
|-|          4|         13|        866|     32690194.40|        110|00:00:31|-0.04|0.17|0.9390|
|=|         16|         13|        632|     32718313.83|        118|00:00:10|+0.02|0.18|0.8814|
|=|          3|         13|        632|     32664104.14|        126|00:00:10|+0.04|0.17|0.8562|
|=|         11|         13|        632|     32693835.38|        134|00:00:10|+0.10|0.21|0.7933|
|-|          9|          8|        866|     32698350.33|        142|00:00:10|-0.02|0.10|0.8870|
|=|          1|          8|        632|     32694983.20|        145|00:00:10|-0.01|0.09|0.8719|
|=|         14|          8|        632|     32659183.55|        148|00:00:10|+0.01|0.10|0.8597|
|=|         15|          8|        632|     32638304.17|        151|00:00:10|+0.01|0.09|0.8673|
|=|          5|          8|        632|     32623355.77|        154|00:00:10|+0.01|0.09|0.8565|
|=|          7|          8|        632|     32622740.36|        157|00:00:10|+0.03|0.10|0.8562|
|=|         12|          8|        632|     32612170.07|        160|00:00:10|+0.02|0.09|0.8639|
|=|          2|          8|        632|     32585877.69|        163|00:00:10|+0.01|0.07|0.8612|
|=|         13|          8|        632|     32611643.94|        166|00:00:10|-0.00|0.06|0.8761|
|=|         18|          8|        632|     32621829.11|        174|00:00:10|+0.02|0.07|0.8585|
+-+-----------+-----------+-----------+----------------+-----------+--------+-----+----+------+
Best-so-far configuration:         632    mean value:      32621829.11
Description of the best-so-far configuration:
    .ID. algorithm localsearch alpha beta  rho ants  q0 rasrank elitistants
632  632       acs           3  2.85 3.75 0.87   62 0.3      NA          NA
    nnls dlb .PARENT.
632   13   1      208

# 2025-09-20 23:05:33 -03: Elite configurations (first number is the configuration ID; listed from best to worst according to the sum of ranks):
    algorithm localsearch alpha beta  rho ants   q0 rasrank elitistants nnls
632       acs           3  2.85 3.75 0.87   62 0.30      NA          NA   13
866       acs           3  4.41 3.79 0.66   68 0.20      NA          NA   14
527       acs           3  4.43 3.42 0.71   68 0.17      NA          NA   14
877       acs           3  2.89 3.40 0.89   68 0.25      NA          NA   11
591       acs           3  3.36 4.15 0.83   63 0.10      NA          NA   16
    dlb
632   1
866   1
527   1
877   1
591   1
# 2025-09-20 23:05:33 -03: Iteration 8 of 8
# experimentsUsed: 5306
# remainingBudget: 194
# currentBudget: 194
# nbConfigurations: 14
# Markers:
     x No test is performed.
     c Configurations are discarded only due to capping.
     - The test is performed and some configurations are discarded.
     = The test is performed but no configuration is discarded.
     ! The test is performed and configurations could be discarded but elite configurations are preserved.
     . All alive configurations are elite and nothing is discarded.

+-+-----------+-----------+-----------+----------------+-----------+--------+-----+----+------+
| |   Instance|      Alive|       Best|       Mean best| Exp so far|  W time|  rho|KenW|  Qvar|
+-+-----------+-----------+-----------+----------------+-----------+--------+-----+----+------+
|x|         19|         14|        591|     32234330.00|         14|00:00:20|   NA|  NA|    NA|
|x|          9|         14|        591|     32454300.00|         23|00:00:10|+0.15|0.58|0.7345|
|x|          2|         14|        591|     32351028.00|         32|00:00:10|+0.16|0.44|0.7238|
|x|          6|         14|        591|     32427854.00|         41|00:00:10|+0.05|0.29|0.8290|
|-|          8|          8|        591|     32477141.60|         50|00:00:10|-0.11|0.11|0.9730|
|=|         14|          8|        591|     32451507.17|         53|00:00:10|-0.07|0.11|0.9305|
|=|         12|          8|        527|     32443679.57|         56|00:00:10|-0.08|0.07|0.9374|
|=|          3|          8|        591|     32434102.12|         59|00:00:10|-0.06|0.07|0.9220|
|=|         11|          8|        591|     32487013.11|         62|00:00:10|-0.03|0.08|0.8899|
|=|          7|          8|        591|     32507020.20|         65|00:00:10|-0.04|0.06|0.8986|
|=|          5|          8|        591|     32495587.91|         68|00:00:10|-0.02|0.07|0.8852|
|=|         17|          8|        866|     32532213.25|         71|00:00:10|-0.02|0.06|0.9041|
|=|          1|          8|        866|     32545186.62|         74|00:00:10|-0.03|0.05|0.9092|
|=|         10|          8|        866|     32553064.43|         77|00:00:10|-0.04|0.04|0.9150|
|=|          4|          8|        866|     32554523.13|         80|00:00:10|-0.02|0.05|0.9029|
|=|         13|          8|        866|     32584819.38|         83|00:00:10|-0.02|0.04|0.9015|
|=|         15|          8|        877|     32578391.29|         86|00:00:10|-0.03|0.03|0.9074|
|=|         16|          8|        632|     32592456.56|         89|00:00:10|-0.03|0.03|0.9109|
|=|         18|          8|        632|     32603115.53|         92|00:00:10|-0.02|0.04|0.8988|
|=|         20|          8|        632|     32578058.15|        100|00:00:10|-0.02|0.03|0.8965|
+-+-----------+-----------+-----------+----------------+-----------+--------+-----+----+------+
Best-so-far configuration:         632    mean value:      32578058.15
Description of the best-so-far configuration:
    .ID. algorithm localsearch alpha beta  rho ants  q0 rasrank elitistants
632  632       acs           3  2.85 3.75 0.87   62 0.3      NA          NA
    nnls dlb .PARENT.
632   13   1      208

# 2025-09-20 23:09:14 -03: Elite configurations (first number is the configuration ID; listed from best to worst according to the sum of ranks):
    algorithm localsearch alpha beta  rho ants   q0 rasrank elitistants nnls
632       acs           3  2.85 3.75 0.87   62 0.30      NA          NA   13
866       acs           3  4.41 3.79 0.66   68 0.20      NA          NA   14
877       acs           3  2.89 3.40 0.89   68 0.25      NA          NA   11
591       acs           3  3.36 4.15 0.83   63 0.10      NA          NA   16
527       acs           3  4.43 3.42 0.71   68 0.17      NA          NA   14
    dlb
632   1
866   1
877   1
591   1
527   1
# 2025-09-20 23:09:14 -03: Iteration 9 of 9
# experimentsUsed: 5406
# remainingBudget: 94
# currentBudget: 94
# nbConfigurations: 9
# Markers:
     x No test is performed.
     c Configurations are discarded only due to capping.
     - The test is performed and some configurations are discarded.
     = The test is performed but no configuration is discarded.
     ! The test is performed and configurations could be discarded but elite configurations are preserved.
     . All alive configurations are elite and nothing is discarded.

+-+-----------+-----------+-----------+----------------+-----------+--------+-----+----+------+
| |   Instance|      Alive|       Best|       Mean best| Exp so far|  W time|  rho|KenW|  Qvar|
+-+-----------+-----------+-----------+----------------+-----------+--------+-----+----+------+
|x|         21|          9|        632|     32531913.00|          9|00:00:10|   NA|  NA|    NA|
|x|         14|          9|        527|     32395103.50|         13|00:00:10|-0.12|0.44|0.7135|
|x|          8|          9|        527|     32506823.67|         17|00:00:10|-0.09|0.27|0.8837|
|x|         13|          9|        900|     32630055.75|         21|00:00:10|-0.02|0.23|0.9288|
|=|         18|          9|        902|     32663282.60|         25|00:00:10|+0.02|0.21|0.8583|
|=|          5|          9|        902|     32615140.50|         29|00:00:10|+0.06|0.22|0.8179|
|=|          6|          9|        900|     32623961.00|         33|00:00:10|+0.00|0.14|0.8773|
|=|         15|          9|        900|     32598967.75|         37|00:00:10|+0.02|0.14|0.8502|
|=|         11|          9|        632|     32640159.78|         41|00:00:10|+0.06|0.17|0.7974|
|=|         10|          9|        900|     32633928.80|         45|00:00:10|+0.08|0.17|0.7678|
|=|         20|          9|        632|     32592066.27|         49|00:00:10|+0.07|0.15|0.7948|
|=|          7|          9|        632|     32593955.75|         53|00:00:10|+0.07|0.15|0.8022|
|-|          3|          7|        632|     32574331.92|         57|00:00:10|-0.02|0.06|0.8962|
|=|          1|          7|        632|     32582785.71|         59|00:00:10|+0.00|0.07|0.8820|
|=|         16|          7|        632|     32602710.93|         61|00:00:10|-0.00|0.07|0.8880|
|=|          9|          7|        632|     32609195.50|         63|00:00:10|-0.01|0.05|0.8923|
|=|          2|          7|        632|     32584624.71|         65|00:00:10|-0.01|0.05|0.8871|
|=|         19|          7|        632|     32566938.39|         67|00:00:10|-0.01|0.04|0.8851|
|=|          4|          7|        632|     32565721.32|         69|00:00:10|-0.00|0.05|0.8781|
|=|         12|          7|        632|     32560644.55|         71|00:00:10|-0.02|0.03|0.8890|
|=|         17|          7|        632|     32575860.76|         73|00:00:10|-0.01|0.03|0.8863|
|=|         22|          7|        632|     32592526.55|         80|00:00:10|-0.00|0.04|0.8786|
+-+-----------+-----------+-----------+----------------+-----------+--------+-----+----+------+
Best-so-far configuration:         632    mean value:      32592526.55
Description of the best-so-far configuration:
    .ID. algorithm localsearch alpha beta  rho ants  q0 rasrank elitistants
632  632       acs           3  2.85 3.75 0.87   62 0.3      NA          NA
    nnls dlb .PARENT.
632   13   1      208

# 2025-09-20 23:13:06 -03: Elite configurations (first number is the configuration ID; listed from best to worst according to the sum of ranks):
    algorithm localsearch alpha beta  rho ants   q0 rasrank elitistants nnls
632       acs           3  2.85 3.75 0.87   62 0.30      NA          NA   13
591       acs           3  3.36 4.15 0.83   63 0.10      NA          NA   16
866       acs           3  4.41 3.79 0.66   68 0.20      NA          NA   14
877       acs           3  2.89 3.40 0.89   68 0.25      NA          NA   11
527       acs           3  4.43 3.42 0.71   68 0.17      NA          NA   14
    dlb
632   1
591   1
866   1
877   1
527   1
# 2025-09-20 23:13:06 -03: Stopped because there is not enough budget left to race more than the minimum (5).
# You may either increase the budget or set 'minNbSurvival' to a lower value.
# Iteration: 10
# nbIterations: 10
# experimentsUsed: 5486
# timeUsed: 0
# remainingBudget: 14
# currentBudget: 14
# number of elites: 5
# nbConfigurations: 5
# Total CPU user time: 61499.01, CPU sys time: 465.203, Wall-clock time: 7057.028
# 2025-09-20 23:13:06 -03: Starting post-selection:
# Configurations selected: 632, 591, 866, 877, 527, 819.
# Pending instances: 1, 1, 1, 1, 1, 5.
# 2025-09-20 23:13:06 -03: seed: 1800371
# Configurations: 6
# Available experiments: 14
# minSurvival: 1
# Markers:
     x No test is performed.
     c Configurations are discarded only due to capping.
     - The test is performed and some configurations are discarded.
     = The test is performed but no configuration is discarded.
     ! The test is performed and configurations could be discarded but elite configurations are preserved.
     . All alive configurations are elite and nothing is discarded.

+-+-----------+-----------+-----------+----------------+-----------+--------+-----+----+------+
| |   Instance|      Alive|       Best|       Mean best| Exp so far|  W time|  rho|KenW|  Qvar|
+-+-----------+-----------+-----------+----------------+-----------+--------+-----+----+------+
|x|         19|          6|        591|     32234330.00|          1|00:00:10|   NA|  NA|    NA|
|x|         22|          6|        591|     32574700.50|          2|00:00:10|+0.03|0.51|0.6513|
|.|          8|          6|        591|     32607897.67|          2|00:00:00|+0.37|0.58|0.6200|
|.|          6|          6|        591|     32620506.25|          2|00:00:00|-0.15|0.14|0.9634|
|.|          4|          6|        591|     32620264.40|          2|00:00:00|-0.17|0.06|0.9344|
|.|         14|          6|        591|     32570776.17|          2|00:00:00|-0.15|0.04|0.9375|
|.|         15|          6|        591|     32553613.43|          2|00:00:00|-0.09|0.06|0.8940|
|.|         12|          6|        591|     32538520.75|          2|00:00:00|-0.09|0.05|0.9137|
|x|         21|          6|        632|     32534823.00|          3|00:00:10|-0.06|0.06|0.8852|
|.|          3|          6|        632|     32515225.30|          3|00:00:00|-0.06|0.05|0.8721|
|.|          2|          6|        632|     32485795.00|          3|00:00:00|-0.04|0.06|0.8636|
|.|         13|          6|        632|     32530637.42|          3|00:00:00|-0.01|0.07|0.8556|
|.|         11|          6|        632|     32559200.23|          3|00:00:00|-0.01|0.07|0.8592|
|.|         17|          6|        632|     32582127.71|          3|00:00:00|-0.04|0.04|0.8741|
|.|         18|          6|        632|     32596317.67|          3|00:00:00|-0.03|0.04|0.8707|
|.|         10|          6|        632|     32599630.50|          3|00:00:00|-0.01|0.05|0.8622|
|.|          5|          6|        632|     32590474.29|          3|00:00:00|-0.03|0.03|0.8681|
|.|          1|          6|        632|     32596152.67|          3|00:00:00|-0.02|0.04|0.8546|
|.|         16|          6|        632|     32611179.58|          3|00:00:00|-0.01|0.04|0.8555|
|.|          7|          6|        632|     32611357.60|          3|00:00:00|-0.00|0.05|0.8461|
|.|          9|          6|        632|     32615886.48|          3|00:00:00|-0.01|0.04|0.8519|
|=|         20|          6|        632|     32592526.55|          4|00:00:10|-0.01|0.04|0.8523|
|=|         23|          6|        632|     32591966.09|         10|00:00:10|-0.01|0.04|0.8509|
+-+-----------+-----------+-----------+----------------+-----------+--------+-----+----+------+
Best-so-far configuration:         632    mean value:      32591966.09
Description of the best-so-far configuration:
    .ID. algorithm localsearch alpha beta  rho ants  q0 rasrank elitistants
632  632       acs           3  2.85 3.75 0.87   62 0.3      NA          NA
    nnls dlb .PARENT.
632   13   1      208

# 2025-09-20 23:13:58 -03: Elite configurations (first number is the configuration ID; listed from best to worst according to the sum of ranks):
    algorithm localsearch alpha beta  rho ants   q0 rasrank elitistants nnls
632       acs           3  2.85 3.75 0.87   62 0.30      NA          NA   13
591       acs           3  3.36 4.15 0.83   63 0.10      NA          NA   16
866       acs           3  4.41 3.79 0.66   68 0.20      NA          NA   14
877       acs           3  2.89 3.40 0.89   68 0.25      NA          NA   11
819       acs           3  3.01 4.60 0.73   61 0.15      NA          NA   18
    dlb
632   1
591   1
866   1
877   1
819   1
# Total CPU user time: 61602.74, CPU sys time: 465.99, Wall-clock time: 7109.427
    .ID. algorithm localsearch alpha beta  rho ants   q0 rasrank elitistants
632  632       acs           3  2.85 3.75 0.87   62 0.30      NA          NA
591  591       acs           3  3.36 4.15 0.83   63 0.10      NA          NA
866  866       acs           3  4.41 3.79 0.66   68 0.20      NA          NA
877  877       acs           3  2.89 3.40 0.89   68 0.25      NA          NA
819  819       acs           3  3.01 4.60 0.73   61 0.15      NA          NA
    nnls dlb .PARENT. .RANK.   .WEIGHT.
632   13   1      208     65 0.33333333
591   16   1      208     77 0.26666667
866   14   1      527     84 0.20000000
877   11   1      632     84 0.13333333
819   18   1      591     86 0.06666667
