# 2025-10-13 15:47:51 -03: Reading parameter file '/home/pestobar/Activities/irace-test-executions/PSO-X-withRanking/Scenarios/BH-64/Runs/BH-65_seed_400031/parameters.txt'.
# 2025-10-13 15:47:51 -03: 2 expression(s) specifying forbidden configurations read.
# 2025-10-13 15:47:51 -03: Initialization
# Elitist race
# Elitist new instances: 1
# Elitist limit: 2
# nbIterations: 5
# minNbSurvival: 5
# nbParameters: 8
# seed: 400031
# confidence level: 0.95
# budget: 4000
# mu: 5
# deterministic: FALSE

# 2025-10-13 15:47:51 -03: Iteration 1 of 5
# experimentsUsed: 0
# remainingBudget: 4000
# currentBudget: 800
# nbConfigurations: 65
# Markers:
     x No test is performed.
     c Configurations are discarded only due to capping.
     - The test is performed and some configurations are discarded.
     = The test is performed but no configuration is discarded.
     ! The test is performed and configurations could be discarded but elite configurations are preserved.
     . All alive configurations are elite and nothing is discarded.

+-+-----------+-----------+-----------+----------------+-----------+--------+-----+----+------+
| |   Instance|      Alive|       Best|       Mean best| Exp so far|  W time|  rho|KenW|  Qvar|
+-+-----------+-----------+-----------+----------------+-----------+--------+-----+----+------+
|x|          1|         65|         46|     898.2164790|         65|00:04:02|   NA|  NA|    NA|
|x|          2|         65|         22|     761.3389713|        130|00:03:40|+0.43|0.71|0.4045|
|x|          3|         65|          1|     584.6899166|        195|00:03:38|+0.32|0.55|0.5172|
|x|          4|         65|         50|     444.5687098|        260|00:00:36|+0.33|0.50|0.5494|
|-|          5|         32|          1|     280711.7211|        325|00:00:37|-0.08|0.14|1.0766|
|=|          6|         32|          7|     128811.0476|        357|00:00:16|+0.01|0.18|0.9717|
|=|          7|         32|          7|     110422.6066|        389|00:00:16|+0.04|0.17|0.8804|
+-+-----------+-----------+-----------+----------------+-----------+--------+-----+----+------+
Best-so-far configuration:           7    mean value:      110422.6066
Description of the best-so-far configuration:
  .ID. particles topology modInfluence branching tSchedule phi1 phi2 inertia
7    7         5        1            2        NA        NA 1.28  2.3    0.28
  .PARENT.
7       NA

# 2025-10-13 16:01:01 -03: Elite configurations (first number is the configuration ID; listed from best to worst according to the sum of ranks):
   particles topology modInfluence branching tSchedule phi1 phi2 inertia
7          5        1            2        NA        NA 1.28 2.30    0.28
38        27        1            1        NA        NA 1.94 2.11    0.71
45        14        3            1        NA        NA 1.47 1.64    0.21
1         80        0            0        NA        NA 1.59 1.37    0.61
3        130        2            0        NA        NA 0.96 1.99    0.39
# 2025-10-13 16:01:01 -03: Iteration 2 of 5
# experimentsUsed: 389
# remainingBudget: 3611
# currentBudget: 902
# nbConfigurations: 65
# Markers:
     x No test is performed.
     c Configurations are discarded only due to capping.
     - The test is performed and some configurations are discarded.
     = The test is performed but no configuration is discarded.
     ! The test is performed and configurations could be discarded but elite configurations are preserved.
     . All alive configurations are elite and nothing is discarded.

+-+-----------+-----------+-----------+----------------+-----------+--------+-----+----+------+
| |   Instance|      Alive|       Best|       Mean best| Exp so far|  W time|  rho|KenW|  Qvar|
+-+-----------+-----------+-----------+----------------+-----------+--------+-----+----+------+
|x|          8|         65|         45|     11.48741395|         65|00:00:23|   NA|  NA|    NA|
|x|          7|         65|         86|     33.99722485|        125|00:00:24|+0.48|0.74|0.3652|
|x|          2|         65|         86|     203.7935971|        185|00:03:13|+0.21|0.47|0.6138|
|x|          6|         65|         86|     177.0232583|        245|00:00:23|+0.31|0.49|0.5242|
|-|          1|         39|          7|     349.6347756|        305|00:03:29|-0.05|0.16|1.0196|
|=|          5|         39|          7|     128756.5847|        339|00:00:11|-0.00|0.17|0.9872|
|=|          3|         39|         86|     129349.7415|        373|00:01:57|-0.01|0.14|0.9740|
|=|          4|         39|         86|     113181.4563|        407|00:00:11|+0.04|0.16|0.9473|
|-|          9|         23|         86|     100605.8310|        446|00:00:12|+0.02|0.13|0.9830|
|=|         10|         23|          7|     77299.54529|        469|00:00:07|+0.03|0.12|0.9696|
|=|         11|         23|          7|     72228.66538|        492|00:00:08|-0.00|0.09|0.9747|
+-+-----------+-----------+-----------+----------------+-----------+--------+-----+----+------+
Best-so-far configuration:           7    mean value:      72228.66538
Description of the best-so-far configuration:
  .ID. particles topology modInfluence branching tSchedule phi1 phi2 inertia
7    7         5        1            2        NA        NA 1.28  2.3    0.28
  .PARENT.
7       NA

# 2025-10-13 16:11:44 -03: Elite configurations (first number is the configuration ID; listed from best to worst according to the sum of ranks):
    particles topology modInfluence branching tSchedule phi1 phi2 inertia
7           5        1            2        NA        NA 1.28 2.30    0.28
119        88        4            2        NA        NA 2.25 1.76    0.52
80         45        0            1        NA        NA 2.45 2.10    0.48
112        10        0            0        NA        NA 1.66 2.39    0.27
45         14        3            1        NA        NA 1.47 1.64    0.21
# 2025-10-13 16:11:44 -03: Iteration 3 of 5
# experimentsUsed: 881
# remainingBudget: 3119
# currentBudget: 1039
# nbConfigurations: 65
# Markers:
     x No test is performed.
     c Configurations are discarded only due to capping.
     - The test is performed and some configurations are discarded.
     = The test is performed but no configuration is discarded.
     ! The test is performed and configurations could be discarded but elite configurations are preserved.
     . All alive configurations are elite and nothing is discarded.

+-+-----------+-----------+-----------+----------------+-----------+--------+-----+----+------+
| |   Instance|      Alive|       Best|       Mean best| Exp so far|  W time|  rho|KenW|  Qvar|
+-+-----------+-----------+-----------+----------------+-----------+--------+-----+----+------+
|x|         12|         65|        170|     26.95034111|         65|00:00:10|   NA|  NA|    NA|
|x|          5|         65|         80|     348028.2553|        125|00:00:09|+0.25|0.62|0.0178|
|x|          6|         65|         80|     232043.9088|        185|00:00:08|+0.49|0.66|0.0138|
|x|          2|         65|        129|     192823.8062|        245|00:02:58|+0.12|0.34|0.3602|
|-|          9|         40|        128|     135791.4721|        305|00:00:10|-0.06|0.16|1.0622|
|=|          7|         40|        128|     113169.5575|        340|00:00:06|+0.02|0.18|0.9885|
|=|         11|         40|        128|     100303.7295|        375|00:00:07|-0.04|0.11|1.0444|
|=|          3|         40|        170|     107671.2082|        410|00:01:54|-0.03|0.10|1.0187|
|=|          4|         40|        170|     95708.06933|        445|00:00:05|-0.01|0.11|0.9913|
|=|         10|         40|        128|     70269.16337|        480|00:00:05|-0.01|0.09|0.9885|
|=|          8|         40|         80|     65429.23336|        515|00:00:05|+0.01|0.10|0.9643|
|=|          1|         40|        170|     71881.65819|        550|00:02:06|-0.01|0.07|0.9715|
|=|         13|         40|        170|     66423.68752|        590|00:02:03|+0.00|0.08|0.9550|
+-+-----------+-----------+-----------+----------------+-----------+--------+-----+----+------+
Best-so-far configuration:         170    mean value:      66423.68752
Description of the best-so-far configuration:
    .ID. particles topology modInfluence branching tSchedule phi1 phi2 inertia
170  170        29        1            1        NA        NA    2 2.44    0.33
    .PARENT.
170       80

# 2025-10-13 16:21:58 -03: Elite configurations (first number is the configuration ID; listed from best to worst according to the sum of ranks):
    particles topology modInfluence branching tSchedule phi1 phi2 inertia
170        29        1            1        NA        NA 2.00 2.44    0.33
130        33        1            1        NA        NA 2.41 2.06    0.40
129        95        4            2        NA        NA 2.28 1.92    0.53
128        24        0            1        NA        NA 1.77 2.01    0.18
80         45        0            1        NA        NA 2.45 2.10    0.48
# 2025-10-13 16:21:58 -03: Iteration 4 of 5
# experimentsUsed: 1471
# remainingBudget: 2529
# currentBudget: 1264
# nbConfigurations: 65
# Markers:
     x No test is performed.
     c Configurations are discarded only due to capping.
     - The test is performed and some configurations are discarded.
     = The test is performed but no configuration is discarded.
     ! The test is performed and configurations could be discarded but elite configurations are preserved.
     . All alive configurations are elite and nothing is discarded.

+-+-----------+-----------+-----------+----------------+-----------+--------+-----+----+------+
| |   Instance|      Alive|       Best|       Mean best| Exp so far|  W time|  rho|KenW|  Qvar|
+-+-----------+-----------+-----------+----------------+-----------+--------+-----+----+------+
|x|         14|         65|        237|     3.345794156|         65|00:00:19|   NA|  NA|    NA|
|x|          8|         65|        233|     7.733278210|        125|00:00:18|+0.20|0.60|0.7699|
|x|         13|         65|        199|     277.6052075|        185|00:03:07|+0.01|0.34|0.6160|
|x|          5|         65|        233|     136944.9338|        245|00:00:18|+0.12|0.34|0.7395|
|-|          9|         29|        233|     109556.0753|        305|00:00:19|-0.03|0.17|0.9261|
|=|         11|         29|        233|     94974.40936|        329|00:00:14|-0.10|0.09|1.0281|
|=|          2|         29|        130|     95373.83858|        353|00:01:34|-0.08|0.08|1.0264|
|=|          3|         29|        201|     80143.14838|        377|00:01:35|-0.05|0.08|1.0109|
|=|          7|         29|        202|     75502.17209|        401|00:00:13|-0.07|0.05|1.0035|
|=|         10|         29|        201|     64125.19850|        425|00:00:12|-0.07|0.04|1.0238|
|=|          4|         29|        201|     58295.89002|        449|00:00:12|-0.06|0.04|0.9958|
|=|          1|         29|        201|     53531.01246|        473|00:01:43|-0.06|0.03|0.9959|
|=|          6|         29|        201|     49419.59320|        497|00:00:13|-0.05|0.03|0.9980|
|=|         12|         29|        201|     45892.40083|        521|00:00:12|-0.05|0.03|0.9882|
|=|         15|         29|        201|     42847.83240|        550|00:00:16|-0.04|0.03|0.9882|
+-+-----------+-----------+-----------+----------------+-----------+--------+-----+----+------+
Best-so-far configuration:         201    mean value:      42847.83240
Description of the best-so-far configuration:
    .ID. particles topology modInfluence branching tSchedule phi1 phi2 inertia
201  201        15        4            1        NA        NA 1.89 2.38    0.31
    .PARENT.
201      170

# 2025-10-13 16:32:52 -03: Elite configurations (first number is the configuration ID; listed from best to worst according to the sum of ranks):
    particles topology modInfluence branching tSchedule phi1 phi2 inertia
201        15        4            1        NA        NA 1.89 2.38    0.31
234        48        1            1        NA        NA 2.21 2.08    0.37
202        44        1            1        NA        NA 2.25 2.00    0.26
196        44        1            1        NA        NA 2.29 2.18    0.41
80         45        0            1        NA        NA 2.45 2.10    0.48
# 2025-10-13 16:32:52 -03: Iteration 5 of 5
# experimentsUsed: 2021
# remainingBudget: 1979
# currentBudget: 1979
# nbConfigurations: 65
# Markers:
     x No test is performed.
     c Configurations are discarded only due to capping.
     - The test is performed and some configurations are discarded.
     = The test is performed but no configuration is discarded.
     ! The test is performed and configurations could be discarded but elite configurations are preserved.
     . All alive configurations are elite and nothing is discarded.

+-+-----------+-----------+-----------+----------------+-----------+--------+-----+----+------+
| |   Instance|      Alive|       Best|       Mean best| Exp so far|  W time|  rho|KenW|  Qvar|
+-+-----------+-----------+-----------+----------------+-----------+--------+-----+----+------+
|x|         16|         65|        284|     442.5566092|         65|00:03:19|   NA|  NA|    NA|
|x|         15|         65|        276|     314.4182300|        125|00:00:16|-0.13|0.44|1.0681|
|x|          5|         65|        276|     209765.1943|        185|00:00:13|-0.10|0.27|1.0765|
|x|         14|         65|        276|     157325.0378|        245|00:00:13|-0.01|0.24|0.9757|
|=|          4|         65|        259|     127326.7847|        305|00:00:13|+0.04|0.23|1.0008|
|=|          1|         65|        259|     106305.0898|        365|00:03:18|+0.01|0.18|1.0001|
|=|         13|         65|        259|     91252.62611|        425|00:03:03|+0.01|0.15|0.9717|
|=|          8|         65|        296|     89314.28632|        485|00:00:13|+0.01|0.14|0.9743|
|=|          2|         65|        296|     79449.94666|        545|00:02:59|+0.01|0.12|0.9522|
|=|         10|         65|        296|     71507.11754|        605|00:00:13|+0.03|0.12|0.9393|
|=|         12|         65|        296|     65014.12567|        665|00:00:13|-0.00|0.09|0.9205|
|=|          3|         65|        296|     59617.96914|        725|00:02:59|+0.01|0.09|0.9209|
|=|         11|         65|        296|     56314.63649|        785|00:00:16|+0.01|0.09|0.9160|
|=|          7|         65|        276|     46590.46989|        845|00:00:14|+0.01|0.08|0.9203|
|=|          9|         65|        276|     43484.48631|        905|00:00:14|+0.01|0.07|0.9159|
|=|          6|         65|        276|     40772.45514|        965|00:00:13|+0.01|0.08|0.9204|
|=|         17|         65|        276|     38374.86187|       1030|00:00:14|+0.02|0.07|0.9407|
+-+-----------+-----------+-----------+----------------+-----------+--------+-----+----+------+
Best-so-far configuration:         276    mean value:      38374.86187
Description of the best-so-far configuration:
    .ID. particles topology modInfluence branching tSchedule phi1 phi2 inertia
276  276        37        1            1        NA        NA  2.4 1.94    0.24
    .PARENT.
276      202

# 2025-10-13 16:51:26 -03: Elite configurations (first number is the configuration ID; listed from best to worst according to the sum of ranks):
    particles topology modInfluence branching tSchedule phi1 phi2 inertia
276        37        1            1        NA        NA 2.40 1.94    0.24
201        15        4            1        NA        NA 1.89 2.38    0.31
252        46        1            1        NA        NA 2.23 1.69    0.42
270        45        1            1        NA        NA 2.46 2.16    0.45
259        38        1            1        NA        NA 2.23 2.05    0.20
# 2025-10-13 16:51:26 -03: Stopped because there is not enough budget to enforce the value of nbConfigurations.
# Iteration: 6
# nbIterations: 6
# experimentsUsed: 3051
# timeUsed: 0
# remainingBudget: 949
# currentBudget: 949
# number of elites: 5
# nbConfigurations: 57
# Total CPU user time: 33414.17, CPU sys time: 145.544, Wall-clock time: 3814.564
# 2025-10-13 16:51:26 -03: Starting post-selection:
# Configurations selected: 276, 201, 252, 270, 259, 234, 202, 196, 80, 170, 130, 129, 128, 7, 119, 112.
# Pending instances: 1, 1, 1, 1, 1, 1, 1, 1, 1, 3, 3, 3, 3, 5, 5, 5.
# 2025-10-13 16:51:26 -03: seed: 400031
# Configurations: 16
# Available experiments: 949
# minSurvival: 1
# Markers:
     x No test is performed.
     c Configurations are discarded only due to capping.
     - The test is performed and some configurations are discarded.
     = The test is performed but no configuration is discarded.
     ! The test is performed and configurations could be discarded but elite configurations are preserved.
     . All alive configurations are elite and nothing is discarded.

+-+-----------+-----------+-----------+----------------+-----------+--------+-----+----+------+
| |   Instance|      Alive|       Best|       Mean best| Exp so far|  W time|  rho|KenW|  Qvar|
+-+-----------+-----------+-----------+----------------+-----------+--------+-----+----+------+
|.|          6|         16|        128|     72.43921433|          0|00:00:00|   NA|  NA|    NA|
|.|          7|         16|        128|     66.21210463|          0|00:00:00|+0.40|0.70|0.1477|
|.|         13|         16|        128|     355.2175119|          0|00:00:00|+0.24|0.50|0.5157|
|x|         15|         16|        234|     284.8062709|          3|00:00:01|+0.16|0.37|0.5409|
|.|          3|         16|        234|     280.0704578|          3|00:00:00|+0.22|0.38|0.5781|
|.|          9|         16|        234|     233.5085172|          3|00:00:00|+0.22|0.35|0.6677|
|.|         12|         16|        234|     203.9805064|          3|00:00:00|+0.28|0.38|0.5930|
|.|         10|         16|        234|     182.0536203|          3|00:00:00|+0.10|0.22|0.8204|
|.|          4|         16|        234|     162.1685962|          3|00:00:00|+0.10|0.20|0.8312|
|.|         11|         16|        234|     2227.035303|          3|00:00:00|+0.07|0.16|0.8737|
|.|          8|         16|        234|     2025.738042|          3|00:00:00|+0.09|0.17|0.8590|
|x|         17|         16|        270|     1839.696913|         10|00:00:03|+0.09|0.16|0.8643|
|.|          5|         16|        270|     71020.19478|         10|00:00:00|+0.08|0.15|0.8657|
|x|         16|         16|        276|     46426.25440|         17|00:00:31|+0.09|0.15|0.8873|
|.|          2|         16|        276|     43411.52960|         17|00:00:00|+0.06|0.12|0.9130|
|x|         14|         16|        276|     40698.59452|         20|00:00:01|+0.06|0.12|0.9040|
|.|          1|         16|        276|     38374.86187|         20|00:00:00|+0.03|0.09|0.9267|
|-|         18|         12|        276|     40439.85969|         36|00:00:06|-0.03|0.03|0.9516|
|=|         19|         12|        276|     38375.55024|         48|00:00:56|-0.02|0.03|0.9437|
|=|         20|         12|        270|     50799.08277|         60|00:00:06|-0.02|0.03|0.9363|
|=|         21|         12|        270|     48417.77000|         72|00:00:07|-0.02|0.03|0.9358|
|=|         22|         12|        270|     46216.97472|         84|00:00:06|-0.02|0.03|0.9366|
|=|         23|         12|        270|     44230.87694|         96|00:00:06|-0.01|0.03|0.9252|
|=|         24|         12|        270|     42408.66346|        108|00:00:06|-0.01|0.03|0.9281|
|=|         25|         12|        270|     40762.97384|        120|00:00:34|-0.01|0.03|0.9183|
|=|         26|         12|        201|     29751.03353|        132|00:00:17|-0.00|0.04|0.9131|
|=|         27|         12|        270|     38491.10868|        144|00:00:07|+0.01|0.04|0.9039|
|=|         28|         12|        201|     28362.82415|        156|00:00:06|+0.00|0.04|0.9078|
|=|         29|         12|        201|     124986.5036|        168|00:00:07|+0.00|0.04|0.9080|
|=|         30|         12|        201|     120827.8500|        180|00:00:07|+0.00|0.04|0.9033|
|=|         31|         12|        201|     116931.2684|        192|00:00:25|+0.01|0.04|0.9021|
|=|         32|         12|        270|     284973.7579|        204|00:00:06|+0.01|0.04|0.8957|
|=|         33|         12|        270|     276347.5756|        216|00:00:56|+0.01|0.04|0.8962|
|=|         34|         12|        270|     268222.8624|        228|00:00:07|+0.01|0.04|0.8990|
|=|         35|         12|        270|     260794.2556|        240|00:00:07|+0.02|0.05|0.8904|
|=|         36|         12|        270|     254030.9982|        252|00:00:06|+0.02|0.05|0.8928|
|-|         37|          8|        270|     247166.3062|        264|00:00:27|-0.00|0.02|0.8760|
|=|         38|          8|        270|     240661.9423|        272|00:00:01|+0.00|0.03|0.8732|
|=|         39|          8|        270|     234536.2122|        280|00:00:01|+0.00|0.03|0.8723|
|=|         40|          8|        270|     228672.9052|        288|00:00:01|+0.00|0.03|0.8719|
|=|         41|          8|        270|     223097.1319|        296|00:00:01|+0.01|0.03|0.8687|
|=|         42|          8|        270|     217807.0347|        304|00:00:29|+0.01|0.03|0.8717|
|=|         43|          8|        270|     212746.5216|        312|00:00:01|+0.01|0.03|0.8682|
|=|         44|          8|        270|     207912.3669|        320|00:00:01|+0.01|0.04|0.8670|
|=|         45|          8|        270|     203292.5588|        328|00:00:01|+0.01|0.04|0.8670|
|=|         46|          8|        270|     198873.5961|        336|00:00:01|+0.02|0.04|0.8636|
|=|         47|          8|        270|     194661.8717|        344|00:00:29|+0.02|0.04|0.8668|
|=|         48|          8|        201|     78072.82843|        352|00:00:01|+0.01|0.03|0.8676|
|=|         49|          8|        270|     186721.0655|        360|00:00:01|+0.01|0.03|0.8695|
|=|         50|          8|        270|     184190.7454|        368|00:00:01|+0.01|0.03|0.8728|
|=|         51|          8|        270|     180953.5259|        376|00:00:01|+0.01|0.03|0.8686|
|=|         52|          8|        270|     177477.5309|        384|00:00:01|+0.02|0.04|0.8650|
|=|         53|          8|        270|     175533.8344|        392|00:00:01|+0.02|0.04|0.8647|
|-|         54|          6|        270|     172304.6723|        400|00:00:31|+0.00|0.02|0.8341|
|=|         55|          6|        270|     169171.8746|        406|00:00:01|+0.00|0.02|0.8347|
|=|         56|          6|        270|     166165.4862|        412|00:00:29|+0.00|0.02|0.8337|
|=|         57|          6|        270|     163251.6446|        418|00:00:01|+0.00|0.02|0.8346|
|=|         58|          6|        270|     160442.8200|        424|00:00:28|+0.00|0.02|0.8349|
|=|         59|          6|        270|     157724.1954|        430|00:00:01|+0.00|0.02|0.8348|
|=|         60|          6|        270|     155095.7519|        436|00:00:01|-0.00|0.02|0.8370|
|=|         61|          6|        270|     152686.3435|        442|00:00:01|+0.00|0.02|0.8357|
|=|         62|          6|        270|     150224.6970|        448|00:00:01|-0.00|0.02|0.8364|
|=|         63|          6|        270|     147840.6077|        454|00:00:01|-0.00|0.01|0.8366|
|=|         64|          6|        270|     145531.1902|        460|00:00:13|+0.00|0.02|0.8349|
|=|         65|          6|        270|     144469.6810|        466|00:00:01|-0.00|0.01|0.8376|
|=|         66|          6|        270|     142280.7541|        472|00:00:01|-0.00|0.01|0.8368|
|=|         67|          6|        270|     140157.6304|        478|00:00:13|+0.00|0.02|0.8342|
|=|         68|          6|        270|     138096.5244|        484|00:00:09|+0.00|0.02|0.8346|
|=|         69|          6|        270|     136095.3421|        490|00:00:01|+0.00|0.02|0.8359|
|=|         70|          6|        270|     134169.3492|        496|00:00:17|+0.00|0.02|0.8348|
|=|         71|          6|        270|     132279.9206|        502|00:00:01|+0.00|0.02|0.8338|
|=|         72|          6|        270|     130728.0559|        508|00:00:01|-0.00|0.01|0.8347|
|=|         73|          6|        270|     130287.8520|        514|00:00:01|-0.00|0.01|0.8367|
|=|         74|          6|        270|     128527.2492|        520|00:00:01|-0.00|0.01|0.8370|
|=|         75|          6|        270|     126816.7376|        526|00:00:01|-0.00|0.01|0.8352|
|=|         76|          6|        270|     125185.3566|        532|00:00:01|+0.00|0.01|0.8346|
|=|         77|          6|        270|     123559.6262|        538|00:00:01|-0.00|0.01|0.8360|
|=|         78|          6|        270|     121975.5338|        544|00:00:01|-0.00|0.01|0.8351|
|=|         79|          6|        270|     120436.3007|        550|00:00:28|-0.00|0.01|0.8369|
|=|         80|          6|        270|     118933.5212|        556|00:00:01|-0.00|0.01|0.8365|
|=|         81|          6|        270|     117472.7683|        562|00:00:02|-0.00|0.01|0.8360|
|=|         82|          6|        270|     116049.6130|        568|00:00:01|-0.00|0.01|0.8359|
|=|         83|          6|        270|     114652.6935|        574|00:00:01|-0.00|0.01|0.8352|
|=|         84|          6|        270|     113291.3674|        580|00:00:01|-0.00|0.01|0.8339|
|=|         85|          6|        270|     111958.8573|        586|00:00:01|+0.00|0.01|0.8345|
|=|         86|          6|        270|     110666.4799|        592|00:00:29|+0.00|0.01|0.8337|
|=|         87|          6|        270|     185042.9309|        598|00:00:01|+0.00|0.01|0.8335|
|=|         88|          6|        270|     182945.9281|        604|00:00:28|+0.00|0.01|0.8344|
|=|         89|          6|        270|     180891.1510|        610|00:00:01|+0.00|0.01|0.8338|
|=|         90|          6|        270|     178883.5992|        616|00:00:01|+0.00|0.01|0.8345|
|=|         91|          6|        270|     176923.0462|        622|00:00:01|+0.00|0.01|0.8345|
|=|         92|          6|        270|     174999.9726|        628|00:00:01|+0.00|0.01|0.8342|
|=|         93|          6|        270|     173118.4783|        634|00:00:01|+0.00|0.01|0.8347|
|=|         94|          6|        270|     171453.4480|        640|00:00:01|+0.00|0.01|0.8349|
|=|         95|          6|        270|     169654.6447|        646|00:00:30|+0.00|0.01|0.8333|
|=|         96|          6|        270|     167893.4528|        652|00:00:28|+0.00|0.01|0.8324|
|=|         97|          6|        270|     166162.6365|        658|00:00:01|+0.00|0.02|0.8325|
|=|         98|          6|        270|     164467.1559|        664|00:00:01|+0.01|0.02|0.8316|
|=|         99|          6|        270|     171664.8405|        670|00:00:01|+0.01|0.02|0.8316|
|=|        100|          6|        270|     169957.3497|        676|00:00:29|+0.01|0.02|0.8327|
|=|        101|          6|        270|     168279.9593|        682|00:00:01|+0.01|0.01|0.8319|
|=|        102|          6|        270|     167099.9087|        688|00:00:01|+0.00|0.01|0.8322|
|=|        103|          6|        270|     165488.7300|        694|00:00:32|+0.00|0.01|0.8320|
|=|        104|          6|        270|     163900.4319|        700|00:00:01|+0.00|0.01|0.8311|
|=|        105|          6|        270|     162340.0703|        706|00:00:01|+0.01|0.02|0.8305|
|=|        106|          6|        270|     160808.8200|        712|00:00:01|+0.01|0.02|0.8309|
|=|        107|          6|        270|     159310.0894|        718|00:00:28|+0.01|0.01|0.8315|
|=|        108|          6|        270|     223357.5353|        724|00:00:01|+0.01|0.02|0.8312|
|=|        109|          6|        270|     221319.2489|        730|00:00:29|+0.01|0.01|0.8315|
|=|        110|          6|        270|     219333.9404|        736|00:00:01|+0.01|0.02|0.8306|
|=|        111|          6|        270|     217357.9617|        742|00:00:01|+0.01|0.02|0.8308|
|=|        112|          6|        270|     215578.1620|        748|00:00:01|+0.01|0.02|0.8308|
|=|        113|          6|        270|     213842.6044|        754|00:00:01|+0.01|0.02|0.8298|
|=|        114|          6|        270|     211970.9015|        760|00:00:28|+0.01|0.02|0.8299|
|=|        115|          6|        270|     210127.9784|        766|00:00:13|+0.01|0.02|0.8308|
|=|        116|          6|        270|     208316.5529|        772|00:00:09|+0.01|0.02|0.8303|
|=|        117|          6|        270|     206606.3569|        778|00:00:01|+0.01|0.02|0.8289|
|=|        118|          6|        270|     204862.4088|        784|00:00:29|+0.01|0.02|0.8285|
|=|        119|          6|        270|     203307.8999|        790|00:00:01|+0.01|0.02|0.8284|
|=|        120|          6|        270|     201613.8426|        796|00:00:01|+0.01|0.01|0.8292|
|=|        121|          6|        270|     199947.6397|        802|00:00:01|+0.01|0.01|0.8297|
|=|        122|          6|        270|     198309.0959|        808|00:00:01|+0.01|0.01|0.8296|
|=|        123|          6|        270|     196696.8321|        814|00:00:01|+0.01|0.01|0.8300|
|=|        124|          6|        270|     195112.2255|        820|00:00:01|+0.01|0.02|0.8297|
|=|        125|          6|        270|     193558.6597|        826|00:00:29|+0.01|0.01|0.8303|
|=|        126|          6|        270|     192022.5748|        832|00:00:01|+0.01|0.02|0.8294|
|=|        127|          6|        270|     190510.5924|        838|00:00:01|+0.01|0.01|0.8301|
|=|        128|          6|        270|     194862.2453|        844|00:00:01|+0.01|0.01|0.8296|
|=|        129|          6|        270|     193361.7373|        850|00:00:17|+0.01|0.02|0.8289|
|=|        130|          6|        270|     191874.8018|        856|00:00:01|+0.01|0.02|0.8279|
|=|        131|          6|        270|     190411.1865|        862|00:00:01|+0.01|0.02|0.8289|
|=|        132|          6|        270|     188968.7228|        868|00:00:01|+0.01|0.02|0.8288|
|-|        133|          4|        270|     187549.8495|        874|00:00:01|+0.00|0.01|0.7468|
|=|        134|          4|        270|     186151.6910|        878|00:00:01|+0.00|0.01|0.7464|
|=|        135|          4|        270|     184772.9750|        882|00:00:01|+0.00|0.01|0.7462|
|=|        136|          4|        270|     183414.4506|        886|00:00:01|+0.00|0.01|0.7465|
|=|        137|          4|        270|     182081.7061|        890|00:00:28|+0.00|0.01|0.7455|
|=|        138|          4|        270|     180762.3009|        894|00:00:01|+0.00|0.01|0.7450|
|=|        139|          4|        270|     179462.4697|        898|00:00:01|+0.00|0.01|0.7452|
|=|        140|          4|        270|     178184.5431|        902|00:00:28|+0.00|0.01|0.7451|
|=|        141|          4|        270|     176920.9675|        906|00:00:01|+0.00|0.01|0.7457|
|=|        142|          4|        270|     175675.0796|        910|00:00:01|+0.00|0.01|0.7461|
|=|        143|          4|        270|     174446.8490|        914|00:00:13|+0.00|0.01|0.7458|
|=|        144|          4|        270|     173942.4071|        918|00:00:01|+0.00|0.01|0.7464|
|=|        145|          4|        270|     172744.5545|        922|00:00:28|+0.00|0.01|0.7464|
|=|        146|          4|        270|     171566.7511|        926|00:00:02|+0.00|0.01|0.7463|
|=|        147|          4|        270|     170401.0880|        930|00:00:01|+0.00|0.01|0.7464|
|=|        148|          4|        270|     169253.0029|        934|00:00:01|+0.00|0.01|0.7464|
|=|        149|          4|        270|     168117.0804|        938|00:00:01|-0.00|0.01|0.7469|
|=|        150|          4|        270|     167388.4879|        942|00:00:01|-0.00|0.01|0.7472|
|=|        151|          4|        270|     166281.4639|        946|00:00:01|-0.00|0.01|0.7476|
+-+-----------+-----------+-----------+----------------+-----------+--------+-----+----+------+
Best-so-far configuration:         270    mean value:      166281.4639
Description of the best-so-far configuration:
    .ID. particles topology modInfluence branching tSchedule phi1 phi2 inertia
270  270        45        1            1        NA        NA 2.46 2.16    0.45
    .PARENT.
270      196

# 2025-10-13 17:11:01 -03: Elite configurations (first number is the configuration ID; listed from best to worst according to the sum of ranks):
    particles topology modInfluence branching tSchedule phi1 phi2 inertia
270        45        1            1        NA        NA 2.46 2.16    0.45
130        33        1            1        NA        NA 2.41 2.06    0.40
201        15        4            1        NA        NA 1.89 2.38    0.31
196        44        1            1        NA        NA 2.29 2.18    0.41
# Total CPU user time: 40116.29, CPU sys time: 190.01, Wall-clock time: 4989.668
    .ID. particles topology modInfluence branching tSchedule phi1 phi2 inertia
270  270        45        1            1        NA        NA 2.46 2.16    0.45
130  130        33        1            1        NA        NA 2.41 2.06    0.40
201  201        15        4            1        NA        NA 1.89 2.38    0.31
196  196        44        1            1        NA        NA 2.29 2.18    0.41
    .PARENT. .RANK. .WEIGHT.
270      196    362      0.4
130       80    373      0.3
201      170    378      0.2
196      170    397      0.1
