# 2025-09-08 22:32:51 -03: Reading parameter file '/home/dianag/PruebasPablo/irace-test-executions/ACOTSP-withRanking/Scenarios/BL-45/Runs/BL-45_seed_2314/parameters.txt'.
# 2025-09-08 22:32:51 -03: 1 expression(s) specifying forbidden configurations read.
# 2025-09-08 22:32:51 -03: Initialization
# Elitist race
# Elitist new instances: 1
# Elitist limit: 2
# nbIterations: 5
# minNbSurvival: 5
# nbParameters: 11
# seed: 2314
# confidence level: 0.95
# budget: 2750
# mu: 5
# deterministic: FALSE

# 2025-09-08 22:32:51 -03: Iteration 1 of 5
# experimentsUsed: 0
# remainingBudget: 2750
# currentBudget: 550
# nbConfigurations: 45
# Markers:
     x No test is performed.
     c Configurations are discarded only due to capping.
     - The test is performed and some configurations are discarded.
     = The test is performed but no configuration is discarded.
     ! The test is performed and configurations could be discarded but elite configurations are preserved.
     . All alive configurations are elite and nothing is discarded.

+-+-----------+-----------+-----------+----------------+-----------+--------+-----+----+------+
| |   Instance|      Alive|       Best|       Mean best| Exp so far|  W time|  rho|KenW|  Qvar|
+-+-----------+-----------+-----------+----------------+-----------+--------+-----+----+------+
|x|          1|         45|         20|     32782902.00|         45|00:00:54|   NA|  NA|    NA|
|x|          2|         45|         20|     32810978.00|         90|00:00:54|+0.99|1.00|0.0006|
|x|          3|         45|         20|     32911860.67|        135|00:00:56|+0.99|0.99|0.0019|
|x|          4|         45|          9|     32850807.25|        180|00:00:54|+0.98|0.99|0.0015|
|-|          5|          3|          9|     32750850.00|        225|00:00:54|+0.20|0.36|0.4317|
+-+-----------+-----------+-----------+----------------+-----------+--------+-----+----+------+
Best-so-far configuration:           9    mean value:      32750850.00
Description of the best-so-far configuration:
  .ID. algorithm localsearch alpha beta  rho ants q0 rasrank elitistants nnls
9    9      mmas           3  1.54 7.67 0.51   15 NA      NA          NA    6
  dlb .PARENT.
9   1       NA

# 2025-09-08 22:37:27 -03: Elite configurations (first number is the configuration ID; listed from best to worst according to the sum of ranks):
   algorithm localsearch alpha beta  rho ants q0 rasrank elitistants nnls dlb
9       mmas           3  1.54 7.67 0.51   15 NA      NA          NA    6   1
20      mmas           3  3.89 1.10 0.36   72 NA      NA          NA   27   0
13       ras           3  3.42 3.92 0.14   99 NA      30          NA   23   1
# 2025-09-08 22:37:27 -03: Iteration 2 of 5
# experimentsUsed: 225
# remainingBudget: 2525
# currentBudget: 631
# nbConfigurations: 45
# Markers:
     x No test is performed.
     c Configurations are discarded only due to capping.
     - The test is performed and some configurations are discarded.
     = The test is performed but no configuration is discarded.
     ! The test is performed and configurations could be discarded but elite configurations are preserved.
     . All alive configurations are elite and nothing is discarded.

+-+-----------+-----------+-----------+----------------+-----------+--------+-----+----+------+
| |   Instance|      Alive|       Best|       Mean best| Exp so far|  W time|  rho|KenW|  Qvar|
+-+-----------+-----------+-----------+----------------+-----------+--------+-----+----+------+
|x|          6|         45|          9|     32796213.00|         45|00:01:06|   NA|  NA|    NA|
|x|          3|         45|          9|     32898880.50|         87|00:01:05|+0.93|0.96|0.0016|
|x|          2|         45|          9|     32868050.33|        129|00:01:05|+0.93|0.95|0.0042|
|x|          4|         45|          9|     32827952.50|        171|00:01:07|+0.92|0.94|0.0072|
|-|          5|          5|          9|     32732566.20|        213|00:01:09|+0.58|0.66|0.3920|
+-+-----------+-----------+-----------+----------------+-----------+--------+-----+----+------+
Best-so-far configuration:           9    mean value:      32758410.50
Description of the best-so-far configuration:
  .ID. algorithm localsearch alpha beta  rho ants q0 rasrank elitistants nnls
9    9      mmas           3  1.54 7.67 0.51   15 NA      NA          NA    6
  dlb .PARENT.
9   1       NA

# 2025-09-08 22:43:02 -03: Elite configurations (first number is the configuration ID; listed from best to worst according to the sum of ranks):
   algorithm localsearch alpha beta  rho ants   q0 rasrank elitistants nnls dlb
9       mmas           3  1.54 7.67 0.51   15   NA      NA          NA    6   1
20      mmas           3  3.89 1.10 0.36   72   NA      NA          NA   27   0
13       ras           3  3.42 3.92 0.14   99   NA      30          NA   23   1
51       ras           3  4.15 4.92 0.70   45   NA      12          NA   13   1
49       acs           2  2.65 4.06 0.24   49 0.82      NA          NA   50   0
# 2025-09-08 22:43:02 -03: Iteration 3 of 5
# experimentsUsed: 438
# remainingBudget: 2312
# currentBudget: 770
# nbConfigurations: 45
# Markers:
     x No test is performed.
     c Configurations are discarded only due to capping.
     - The test is performed and some configurations are discarded.
     = The test is performed but no configuration is discarded.
     ! The test is performed and configurations could be discarded but elite configurations are preserved.
     . All alive configurations are elite and nothing is discarded.

+-+-----------+-----------+-----------+----------------+-----------+--------+-----+----+------+
| |   Instance|      Alive|       Best|       Mean best| Exp so far|  W time|  rho|KenW|  Qvar|
+-+-----------+-----------+-----------+----------------+-----------+--------+-----+----+------+
|x|          7|         45|        110|     32721319.00|         45|00:00:59|   NA|  NA|    NA|
|x|          3|         45|         99|     32856416.50|         85|00:00:54|+0.93|0.97|0.0032|
|x|          5|         45|         99|     32664871.00|        125|00:00:52|+0.94|0.96|0.0033|
|x|          6|         45|         99|     32680373.75|        165|00:00:53|+0.94|0.96|0.0040|
|-|          4|          8|         99|     32658788.00|        205|00:00:56|+0.82|0.86|0.2266|
|-|          1|          7|         99|     32661868.50|        210|00:00:12|+0.66|0.72|0.2812|
|-|          2|          2|         99|     32672585.14|        212|00:00:10|+1.00|1.00|0.0000|
+-+-----------+-----------+-----------+----------------+-----------+--------+-----+----+------+
Best-so-far configuration:          99    mean value:      32672585.14
Description of the best-so-far configuration:
   .ID. algorithm localsearch alpha beta  rho ants   q0 rasrank elitistants
99   99       acs           3  1.72 7.17 0.56   20 0.87      NA          NA
   nnls dlb .PARENT.
99   22   1        9

# 2025-09-08 22:48:00 -03: Elite configurations (first number is the configuration ID; listed from best to worst according to the sum of ranks):
   algorithm localsearch alpha beta  rho ants   q0 rasrank elitistants nnls dlb
99       acs           3  1.72 7.17 0.56   20 0.87      NA          NA   22   1
90      mmas           3  2.94 4.16 0.33   54   NA      NA          NA   19   0
# 2025-09-08 22:48:00 -03: Iteration 4 of 5
# experimentsUsed: 650
# remainingBudget: 2100
# currentBudget: 1050
# nbConfigurations: 45
# Markers:
     x No test is performed.
     c Configurations are discarded only due to capping.
     - The test is performed and some configurations are discarded.
     = The test is performed but no configuration is discarded.
     ! The test is performed and configurations could be discarded but elite configurations are preserved.
     . All alive configurations are elite and nothing is discarded.

+-+-----------+-----------+-----------+----------------+-----------+--------+-----+----+------+
| |   Instance|      Alive|       Best|       Mean best| Exp so far|  W time|  rho|KenW|  Qvar|
+-+-----------+-----------+-----------+----------------+-----------+--------+-----+----+------+
|x|          8|         45|        149|     32501518.00|         45|00:01:04|   NA|  NA|    NA|
|x|          4|         45|        149|     32537486.00|         88|00:01:01|+0.92|0.96|0.0055|
|x|          6|         45|        135|     32609153.33|        131|00:01:01|+0.89|0.93|0.0051|
|x|          7|         45|        146|     32648138.75|        174|00:01:01|+0.87|0.90|0.0073|
|-|          2|          9|        146|     32661211.40|        217|00:01:05|+0.13|0.31|0.7207|
|=|          5|          9|        146|     32604049.83|        224|00:00:10|+0.09|0.24|0.7666|
|-|          1|          7|        146|     32612052.57|        231|00:00:10|+0.26|0.36|0.5793|
|-|          3|          6|        146|     32660540.75|        236|00:00:10|-0.04|0.09|0.8328|
|=|          9|          6|        146|     32659175.22|        242|00:00:10|-0.03|0.09|0.8235|
|=|         10|          6|         99|     32662024.90|        248|00:00:10|-0.01|0.09|0.7936|
+-+-----------+-----------+-----------+----------------+-----------+--------+-----+----+------+
Best-so-far configuration:          99    mean value:      32662024.90
Description of the best-so-far configuration:
   .ID. algorithm localsearch alpha beta  rho ants   q0 rasrank elitistants
99   99       acs           3  1.72 7.17 0.56   20 0.87      NA          NA
   nnls dlb .PARENT.
99   22   1        9

# 2025-09-08 22:54:07 -03: Elite configurations (first number is the configuration ID; listed from best to worst according to the sum of ranks):
    algorithm localsearch alpha beta  rho ants   q0 rasrank elitistants nnls
99        acs           3  1.72 7.17 0.56   20 0.87      NA          NA   22
146       acs           3  1.84 5.54 0.77   37 0.56      NA          NA   19
135       acs           3  1.82 8.61 0.84   29 0.50      NA          NA   11
157       acs           3  1.47 6.43 0.56   25 0.78      NA          NA   22
166       acs           3  1.63 8.26 0.41   21 0.79      NA          NA   21
    dlb
99    1
146   1
135   1
157   1
166   1
# 2025-09-08 22:54:07 -03: Iteration 5 of 5
# experimentsUsed: 898
# remainingBudget: 1852
# currentBudget: 1852
# nbConfigurations: 45
# Markers:
     x No test is performed.
     c Configurations are discarded only due to capping.
     - The test is performed and some configurations are discarded.
     = The test is performed but no configuration is discarded.
     ! The test is performed and configurations could be discarded but elite configurations are preserved.
     . All alive configurations are elite and nothing is discarded.

+-+-----------+-----------+-----------+----------------+-----------+--------+-----+----+------+
| |   Instance|      Alive|       Best|       Mean best| Exp so far|  W time|  rho|KenW|  Qvar|
+-+-----------+-----------+-----------+----------------+-----------+--------+-----+----+------+
|x|         11|         45|        186|     32500458.00|         45|00:00:52|   NA|  NA|    NA|
|x|          3|         45|        186|     32740232.50|         85|00:00:41|+0.61|0.81|0.0280|
|x|          4|         45|        185|     32702545.00|        125|00:00:42|+0.57|0.72|0.0222|
|x|          1|         45|        185|     32692997.25|        165|00:00:41|+0.60|0.70|0.0195|
|-|          5|         20|         99|     32624000.00|        205|00:00:42|-0.14|0.09|1.0852|
|=|          6|         20|         99|     32641147.00|        220|00:00:20|-0.07|0.11|1.0232|
|=|          8|         20|         99|     32635045.14|        235|00:00:20|-0.09|0.07|1.0241|
|=|          7|         20|         99|     32651764.00|        250|00:00:21|-0.05|0.08|0.9863|
|=|          2|         20|        135|     32659771.67|        265|00:00:20|-0.03|0.09|0.9591|
|=|         10|         20|        135|     32661082.10|        280|00:00:20|-0.01|0.10|0.9448|
|=|          9|         20|        135|     32656701.82|        295|00:00:21|+0.02|0.11|0.9165|
|=|         12|         20|         99|     32659177.33|        315|00:00:21|+0.04|0.12|0.8958|
+-+-----------+-----------+-----------+----------------+-----------+--------+-----+----+------+
Best-so-far configuration:          99    mean value:      32659177.33
Description of the best-so-far configuration:
   .ID. algorithm localsearch alpha beta  rho ants   q0 rasrank elitistants
99   99       acs           3  1.72 7.17 0.56   20 0.87      NA          NA
   nnls dlb .PARENT.
99   22   1        9

# 2025-09-08 23:00:15 -03: Elite configurations (first number is the configuration ID; listed from best to worst according to the sum of ranks):
    algorithm localsearch alpha beta  rho ants   q0 rasrank elitistants nnls
99        acs           3  1.72 7.17 0.56   20 0.87      NA          NA   22
135       acs           3  1.82 8.61 0.84   29 0.50      NA          NA   11
199       acs           3  1.38 4.29 0.48   28 0.69      NA          NA   18
146       acs           3  1.84 5.54 0.77   37 0.56      NA          NA   19
157       acs           3  1.47 6.43 0.56   25 0.78      NA          NA   22
    dlb
99    1
135   1
199   1
146   1
157   1
# 2025-09-08 23:00:15 -03: Iteration 6 of 6
# experimentsUsed: 1213
# remainingBudget: 1537
# currentBudget: 1537
# nbConfigurations: 45
# Markers:
     x No test is performed.
     c Configurations are discarded only due to capping.
     - The test is performed and some configurations are discarded.
     = The test is performed but no configuration is discarded.
     ! The test is performed and configurations could be discarded but elite configurations are preserved.
     . All alive configurations are elite and nothing is discarded.

+-+-----------+-----------+-----------+----------------+-----------+--------+-----+----+------+
| |   Instance|      Alive|       Best|       Mean best| Exp so far|  W time|  rho|KenW|  Qvar|
+-+-----------+-----------+-----------+----------------+-----------+--------+-----+----+------+
|x|         13|         45|        157|     32996200.00|         45|00:00:51|   NA|  NA|    NA|
|x|         10|         45|        248|     32841648.50|         85|00:00:41|+0.57|0.78|0.0813|
|x|          5|         45|        239|     32665997.67|        125|00:00:41|+0.53|0.69|0.0858|
|x|          9|         45|        157|     32643814.75|        165|00:00:41|+0.51|0.63|0.0960|
|-|          4|         26|        135|     32640747.00|        205|00:00:41|-0.09|0.13|1.0421|
|=|          6|         26|        135|     32654520.50|        226|00:00:30|-0.07|0.11|1.0313|
|=|          1|         26|        135|     32658090.86|        247|00:00:31|-0.08|0.08|1.0345|
|=|         11|         26|        135|     32650253.38|        268|00:00:30|-0.04|0.09|0.9956|
|=|          8|         26|        135|     32634565.11|        289|00:00:30|-0.01|0.10|0.9773|
|=|         12|         26|        135|     32641310.50|        310|00:00:30|-0.01|0.09|0.9791|
|=|          3|         26|        135|     32679568.27|        331|00:00:31|-0.01|0.08|0.9765|
|=|          2|         26|        135|     32676628.00|        352|00:00:30|+0.00|0.08|0.9634|
|=|          7|         26|        199|     32685531.08|        373|00:00:30|+0.00|0.08|0.9608|
|=|         14|         26|        135|     32666341.36|        399|00:00:31|+0.01|0.08|0.9551|
+-+-----------+-----------+-----------+----------------+-----------+--------+-----+----+------+
Best-so-far configuration:         135    mean value:      32666341.36
Description of the best-so-far configuration:
    .ID. algorithm localsearch alpha beta  rho ants  q0 rasrank elitistants
135  135       acs           3  1.82 8.61 0.84   29 0.5      NA          NA
    nnls dlb .PARENT.
135   11   1       99

# 2025-09-08 23:08:34 -03: Elite configurations (first number is the configuration ID; listed from best to worst according to the sum of ranks):
    algorithm localsearch alpha beta  rho ants   q0 rasrank elitistants nnls
135       acs           3  1.82 8.61 0.84   29 0.50      NA          NA   11
199       acs           3  1.38 4.29 0.48   28 0.69      NA          NA   18
146       acs           3  1.84 5.54 0.77   37 0.56      NA          NA   19
241       acs           3  1.45 4.64 0.48   30 0.62      NA          NA   18
250       acs           3  1.56 5.14 0.46   10 0.71      NA          NA   23
    dlb
135   1
199   1
146   1
241   1
250   1
# 2025-09-08 23:08:34 -03: Iteration 7 of 7
# experimentsUsed: 1612
# remainingBudget: 1138
# currentBudget: 1138
# nbConfigurations: 45
# Markers:
     x No test is performed.
     c Configurations are discarded only due to capping.
     - The test is performed and some configurations are discarded.
     = The test is performed but no configuration is discarded.
     ! The test is performed and configurations could be discarded but elite configurations are preserved.
     . All alive configurations are elite and nothing is discarded.

+-+-----------+-----------+-----------+----------------+-----------+--------+-----+----+------+
| |   Instance|      Alive|       Best|       Mean best| Exp so far|  W time|  rho|KenW|  Qvar|
+-+-----------+-----------+-----------+----------------+-----------+--------+-----+----+------+
|x|         15|         45|        255|     32257931.00|         45|00:00:51|   NA|  NA|    NA|
|x|          7|         45|        284|     32489942.50|         85|00:00:41|+0.26|0.63|0.6722|
|x|         11|         45|        146|     32529008.67|        125|00:00:42|+0.19|0.46|0.6301|
|x|          3|         45|        241|     32644657.00|        165|00:00:41|+0.21|0.40|0.6168|
|-|          1|         35|        270|     32650290.60|        205|00:00:41|-0.10|0.12|1.0384|
|=|         13|         35|        288|     32724081.83|        235|00:00:31|-0.07|0.11|1.0136|
|=|          8|         35|        241|     32703141.29|        265|00:00:31|-0.07|0.09|1.0046|
|=|          4|         35|        267|     32685055.25|        295|00:00:31|-0.06|0.08|0.9973|
|=|          9|         35|        270|     32685157.44|        325|00:00:31|-0.05|0.07|1.0044|
|=|         12|         35|        267|     32682044.80|        355|00:00:31|-0.04|0.07|1.0072|
|=|          5|         35|        270|     32645427.09|        385|00:00:31|-0.02|0.07|0.9906|
|=|          2|         35|        270|     32652823.75|        415|00:00:31|-0.02|0.06|0.9926|
|=|         14|         35|        267|     32636471.69|        445|00:00:31|-0.02|0.06|0.9916|
|=|         10|         35|        265|     32640672.14|        475|00:00:31|-0.02|0.05|0.9880|
|=|          6|         35|        265|     32641530.07|        505|00:00:31|-0.01|0.05|0.9848|
|=|         16|         35|        265|     32642941.50|        540|00:00:41|-0.01|0.06|0.9793|
+-+-----------+-----------+-----------+----------------+-----------+--------+-----+----+------+
Best-so-far configuration:         265    mean value:      32642941.50
Description of the best-so-far configuration:
    .ID. algorithm localsearch alpha beta  rho ants   q0 rasrank elitistants
265  265       acs           3  1.62 5.62 0.74   30 0.29      NA          NA
    nnls dlb .PARENT.
265   16   1      146

# 2025-09-08 23:18:09 -03: Elite configurations (first number is the configuration ID; listed from best to worst according to the sum of ranks):
    algorithm localsearch alpha beta  rho ants   q0 rasrank elitistants nnls
265       acs           3  1.62 5.62 0.74   30 0.29      NA          NA   16
146       acs           3  1.84 5.54 0.77   37 0.56      NA          NA   19
270       acs           3  1.96 5.72 0.72   47 0.60      NA          NA   22
267       acs           3  1.53 4.61 0.49   20 0.48      NA          NA   20
241       acs           3  1.45 4.64 0.48   30 0.62      NA          NA   18
    dlb
265   1
146   1
270   1
267   1
241   1
# 2025-09-08 23:18:09 -03: Stopped because there is not enough budget to enforce the value of nbConfigurations.
# Iteration: 8
# nbIterations: 8
# experimentsUsed: 2152
# timeUsed: 0
# remainingBudget: 598
# currentBudget: 598
# number of elites: 5
# nbConfigurations: 39
# Total CPU user time: 23707.06, CPU sys time: 179.729, Wall-clock time: 2717.511
# 2025-09-08 23:18:09 -03: Starting post-selection:
# Configurations selected: 265, 146, 270, 267, 241, 135, 199, 250, 99, 157, 166, 90, 9, 20, 13, 51.
# Pending instances: 1, 1, 1, 1, 1, 1, 1, 1, 3, 3, 5, 9, 10, 10, 10, 10.
# 2025-09-08 23:18:09 -03: seed: 2314
# Configurations: 16
# Available experiments: 598
# minSurvival: 1
# Markers:
     x No test is performed.
     c Configurations are discarded only due to capping.
     - The test is performed and some configurations are discarded.
     = The test is performed but no configuration is discarded.
     ! The test is performed and configurations could be discarded but elite configurations are preserved.
     . All alive configurations are elite and nothing is discarded.

+-+-----------+-----------+-----------+----------------+-----------+--------+-----+----+------+
| |   Instance|      Alive|       Best|       Mean best| Exp so far|  W time|  rho|KenW|  Qvar|
+-+-----------+-----------+-----------+----------------+-----------+--------+-----+----+------+
|.|          6|         16|        265|     32653541.00|          0|00:00:00|   NA|  NA|    NA|
|x|         11|         16|        265|     32621031.00|          5|00:00:11|+0.78|0.89|0.1385|
|.|          2|         16|        265|     32655097.00|          5|00:00:00|+0.79|0.86|0.1477|
|x|          9|         16|        241|     32646765.75|         10|00:00:12|+0.70|0.77|0.1630|
|x|         10|         16|        241|     32652675.60|         15|00:00:12|+0.50|0.60|0.2062|
|x|         13|         16|        157|     32715364.67|         21|00:00:14|+0.53|0.61|0.2461|
|.|          3|         16|        157|     32763670.29|         21|00:00:00|+0.47|0.55|0.2788|
|.|          7|         16|        157|     32763822.25|         21|00:00:00|+0.47|0.54|0.2761|
|.|          5|         16|        157|     32713865.00|         21|00:00:00|+0.48|0.54|0.2652|
|x|         14|         16|        241|     32681759.80|         27|00:00:10|+0.49|0.54|0.2620|
|.|          4|         16|        241|     32678887.82|         27|00:00:00|+0.50|0.55|0.2568|
|x|         16|         16|        241|     32682905.33|         35|00:00:12|+0.51|0.55|0.2543|
|x|         15|         16|        241|     32650813.15|         43|00:00:13|+0.51|0.55|0.2615|
|.|          1|         16|        241|     32657386.79|         43|00:00:00|+0.51|0.54|0.2743|
|x|          8|         16|        241|     32647271.87|         47|00:00:11|+0.52|0.56|0.2631|
|-|         12|         11|        265|     32642941.50|         52|00:00:13|-0.03|0.04|0.9178|
|=|         17|         11|        265|     32653569.00|         63|00:00:20|-0.02|0.04|0.9107|
|=|         18|         11|        265|     32630243.33|         74|00:00:20|-0.01|0.05|0.9060|
|=|         19|         11|        270|     32633707.84|         85|00:00:20|-0.00|0.05|0.9041|
|=|         20|         11|        270|     32641047.05|         96|00:00:20|-0.00|0.05|0.9048|
|=|         21|         11|        270|     32641605.95|        107|00:00:20|+0.01|0.05|0.9011|
|=|         22|         11|        270|     32637866.18|        118|00:00:20|+0.02|0.06|0.8936|
|=|         23|         11|        270|     32646051.35|        129|00:00:20|+0.01|0.05|0.8999|
|=|         24|         11|        270|     32635205.58|        140|00:00:20|+0.01|0.05|0.8934|
|=|         25|         11|        270|     32612580.56|        151|00:00:20|+0.02|0.06|0.8944|
|=|         26|         11|        270|     32595997.19|        162|00:00:20|+0.02|0.06|0.8913|
|=|         27|         11|        270|     32594319.93|        173|00:00:20|+0.02|0.05|0.8955|
|=|         28|         11|        270|     32581751.57|        184|00:00:20|+0.03|0.06|0.8851|
|-|         29|          4|        270|     32583030.10|        195|00:00:20|+0.02|0.05|0.7541|
|=|         30|          4|        270|     32586298.30|        199|00:00:10|+0.02|0.05|0.7553|
|=|         31|          4|        270|     32600827.42|        203|00:00:10|+0.02|0.05|0.7506|
|=|         32|          4|        270|     32596429.50|        207|00:00:10|+0.03|0.06|0.7449|
|=|         33|          4|        270|     32592090.64|        211|00:00:10|+0.04|0.07|0.7366|
|=|         34|          4|        270|     32588998.18|        215|00:00:10|+0.04|0.07|0.7336|
|=|         35|          4|        270|     32578569.40|        219|00:00:10|+0.03|0.06|0.7392|
|=|         36|          4|        270|     32585281.92|        223|00:00:10|+0.03|0.06|0.7337|
|=|         37|          4|        270|     32582519.38|        227|00:00:10|+0.03|0.06|0.7349|
|=|         38|          4|        270|     32581828.39|        231|00:00:10|+0.02|0.05|0.7417|
|=|         39|          4|        270|     32581068.69|        235|00:00:10|+0.02|0.04|0.7382|
|=|         40|          4|        270|     32576760.55|        239|00:00:10|+0.03|0.05|0.7313|
|=|         41|          4|        270|     32575575.20|        243|00:00:10|+0.02|0.04|0.7374|
|=|         42|          4|        270|     32568483.74|        247|00:00:10|+0.02|0.05|0.7312|
|=|         43|          4|        270|     32566933.00|        251|00:00:10|+0.02|0.04|0.7382|
|=|         44|          4|        270|     32572884.91|        255|00:00:10|+0.02|0.04|0.7385|
|=|         45|          4|        270|     32572450.31|        259|00:00:10|+0.01|0.03|0.7434|
|=|         46|          4|        270|     32566231.43|        263|00:00:10|+0.02|0.04|0.7400|
|=|         47|          4|        270|     32565813.74|        267|00:00:10|+0.01|0.04|0.7415|
|=|         48|          4|        270|     32567386.73|        271|00:00:10|+0.02|0.04|0.7381|
|=|         49|          4|        270|     32566829.86|        275|00:00:10|+0.02|0.04|0.7403|
|=|         50|          4|        270|     32571718.36|        279|00:00:10|+0.02|0.04|0.7430|
|=|         51|          4|        270|     32573774.76|        283|00:00:10|+0.02|0.04|0.7412|
|=|         52|          4|        270|     32580191.77|        287|00:00:10|+0.01|0.03|0.7454|
|=|         53|          4|        270|     32584932.17|        291|00:00:10|+0.01|0.03|0.7441|
|=|         54|          4|        270|     32585995.19|        295|00:00:10|+0.01|0.03|0.7418|
|=|         55|          4|        270|     32587784.05|        299|00:00:10|+0.02|0.03|0.7394|
|=|         56|          4|        270|     32589252.57|        303|00:00:10|+0.02|0.04|0.7376|
|=|         57|          4|        270|     32587385.60|        307|00:00:10|+0.02|0.03|0.7371|
|=|         58|          4|        270|     32587207.84|        311|00:00:10|+0.01|0.03|0.7418|
|=|         59|          4|        270|     32587110.05|        315|00:00:10|+0.01|0.02|0.7442|
|=|         60|          4|        270|     32586179.07|        319|00:00:10|+0.01|0.03|0.7422|
|=|         61|          4|        270|     32583693.79|        323|00:00:10|+0.01|0.02|0.7439|
|=|         62|          4|        270|     32583424.77|        327|00:00:10|+0.01|0.02|0.7432|
|=|         63|          4|        270|     32582782.40|        331|00:00:10|+0.01|0.03|0.7413|
|=|         64|          4|        270|     32581776.88|        335|00:00:10|+0.01|0.02|0.7438|
|=|         65|          4|        270|     32578855.09|        339|00:00:10|+0.01|0.03|0.7424|
|=|         66|          4|        270|     32577107.67|        343|00:00:10|+0.01|0.02|0.7440|
|=|         67|          4|        270|     32574664.49|        347|00:00:10|+0.01|0.03|0.7408|
|=|         68|          4|        270|     32577042.16|        351|00:00:10|+0.01|0.02|0.7438|
|=|         69|          4|        270|     32574896.68|        355|00:00:10|+0.01|0.02|0.7437|
|=|         70|          4|        270|     32573544.33|        359|00:00:10|+0.01|0.03|0.7433|
|=|         71|          4|        270|     32575231.06|        363|00:00:10|+0.01|0.02|0.7453|
|=|         72|          4|        270|     32568878.93|        367|00:00:10|+0.01|0.02|0.7460|
|=|         73|          4|        270|     32569868.95|        371|00:00:10|+0.01|0.02|0.7452|
|=|         74|          4|        270|     32571991.68|        375|00:00:10|+0.01|0.02|0.7472|
|=|         75|          4|        270|     32569943.13|        379|00:00:10|+0.01|0.02|0.7482|
|=|         76|          4|        270|     32565617.86|        383|00:00:10|+0.00|0.02|0.7481|
|=|         77|          4|        270|     32568060.26|        387|00:00:10|+0.00|0.02|0.7490|
|=|         78|          4|        270|     32566773.03|        391|00:00:10|+0.00|0.02|0.7487|
|=|         79|          4|        270|     32568675.89|        395|00:00:10|+0.00|0.01|0.7504|
|=|         80|          4|        270|     32566811.62|        399|00:00:10|-0.00|0.01|0.7520|
|=|         81|          4|        270|     32564566.16|        403|00:00:10|-0.00|0.01|0.7522|
|=|         82|          4|        270|     32565055.77|        407|00:00:10|-0.00|0.01|0.7521|
|=|         83|          4|        270|     32566036.71|        411|00:00:10|-0.00|0.01|0.7535|
|=|         84|          4|        270|     32566604.39|        415|00:00:10|-0.00|0.01|0.7521|
|=|         85|          4|        270|     32566638.04|        419|00:00:10|+0.00|0.01|0.7504|
|=|         86|          4|        270|     32568863.24|        423|00:00:10|+0.00|0.01|0.7499|
|=|         87|          4|        270|     32568492.77|        427|00:00:10|+0.00|0.01|0.7501|
|=|         88|          4|        270|     32566762.33|        431|00:00:10|+0.00|0.01|0.7498|
|=|         89|          4|        270|     32566807.56|        435|00:00:10|+0.00|0.01|0.7497|
|=|         90|          4|        270|     32566241.72|        439|00:00:10|+0.00|0.01|0.7498|
|=|         91|          4|        270|     32562860.63|        443|00:00:10|+0.00|0.01|0.7494|
|=|         92|          4|        270|     32566674.18|        447|00:00:10|+0.00|0.01|0.7500|
|=|         93|          4|        270|     32561632.43|        451|00:00:10|+0.00|0.01|0.7499|
|=|         94|          4|        270|     32561542.64|        455|00:00:10|+0.00|0.01|0.7495|
|=|         95|          4|        270|     32560644.73|        459|00:00:10|+0.00|0.01|0.7499|
|=|         96|          4|        270|     32562866.28|        463|00:00:10|+0.00|0.01|0.7495|
|=|         97|          4|        270|     32564478.97|        467|00:00:10|+0.00|0.01|0.7494|
|=|         98|          4|        270|     32566010.80|        471|00:00:10|+0.00|0.01|0.7500|
|=|         99|          4|        270|     32568026.72|        475|00:00:10|-0.00|0.01|0.7515|
|=|        100|          4|        270|     32572279.83|        479|00:00:10|-0.00|0.01|0.7518|
|=|        101|          4|        270|     32572252.17|        483|00:00:10|-0.00|0.01|0.7528|
|=|        102|          4|        270|     32569298.76|        487|00:00:10|-0.00|0.01|0.7531|
|=|        103|          4|        270|     32567749.33|        491|00:00:10|-0.00|0.01|0.7526|
|=|        104|          4|        270|     32567694.42|        495|00:00:10|-0.00|0.01|0.7517|
|=|        105|          4|        270|     32567687.50|        499|00:00:10|+0.00|0.01|0.7519|
|=|        106|          4|        270|     32567635.54|        503|00:00:10|+0.00|0.01|0.7516|
|=|        107|          4|        270|     32567473.09|        507|00:00:10|+0.00|0.01|0.7508|
|=|        108|          4|        270|     32565400.19|        511|00:00:10|+0.00|0.01|0.7515|
|=|        109|          4|        270|     32564210.19|        515|00:00:10|+0.00|0.01|0.7519|
|=|        110|          4|        270|     32563331.71|        519|00:00:10|-0.00|0.01|0.7526|
|=|        111|          4|        270|     32563040.76|        523|00:00:10|+0.00|0.01|0.7525|
|=|        112|          4|        270|     32564106.85|        527|00:00:10|+0.00|0.01|0.7516|
|=|        113|          4|        270|     32566642.81|        531|00:00:10|+0.00|0.01|0.7519|
|=|        114|          4|        270|     32565540.69|        535|00:00:10|+0.00|0.01|0.7517|
|=|        115|          4|        270|     32568036.44|        539|00:00:10|+0.00|0.01|0.7511|
|=|        116|          4|        270|     32571163.47|        543|00:00:10|+0.00|0.01|0.7500|
|=|        117|          4|        270|     32571081.36|        547|00:00:10|+0.01|0.01|0.7491|
|=|        118|          4|        270|     32570590.97|        551|00:00:10|+0.01|0.02|0.7483|
|=|        119|          4|        270|     32569861.37|        555|00:00:10|+0.01|0.02|0.7472|
|=|        120|          4|        270|     32569014.62|        559|00:00:10|+0.01|0.02|0.7467|
|=|        121|          4|        270|     32571773.47|        563|00:00:10|+0.01|0.02|0.7463|
|=|        122|          4|        270|     32571229.20|        567|00:00:10|+0.01|0.02|0.7460|
|=|        123|          4|        270|     32573462.39|        571|00:00:10|+0.01|0.02|0.7448|
|=|        124|          4|        270|     32578229.86|        575|00:00:10|+0.01|0.02|0.7442|
|=|        125|          4|        270|     32579415.44|        579|00:00:10|+0.01|0.02|0.7456|
|=|        126|          4|        270|     32582199.55|        583|00:00:10|+0.01|0.02|0.7463|
|=|        127|          4|        270|     32584930.02|        587|00:00:10|+0.01|0.02|0.7473|
|=|        128|          4|        270|     32584630.38|        591|00:00:10|+0.01|0.01|0.7475|
|=|        129|          4|        270|     32581425.12|        595|00:00:10|+0.01|0.02|0.7469|
+-+-----------+-----------+-----------+----------------+-----------+--------+-----+----+------+
Best-so-far configuration:         270    mean value:      32581425.12
Description of the best-so-far configuration:
    .ID. algorithm localsearch alpha beta  rho ants  q0 rasrank elitistants
270  270       acs           3  1.96 5.72 0.72   47 0.6      NA          NA
    nnls dlb .PARENT.
270   22   1      146

# 2025-09-08 23:42:03 -03: Elite configurations (first number is the configuration ID; listed from best to worst according to the sum of ranks):
    algorithm localsearch alpha beta  rho ants   q0 rasrank elitistants nnls
270       acs           3  1.96 5.72 0.72   47 0.60      NA          NA   22
241       acs           3  1.45 4.64 0.48   30 0.62      NA          NA   18
135       acs           3  1.82 8.61 0.84   29 0.50      NA          NA   11
146       acs           3  1.84 5.54 0.77   37 0.56      NA          NA   19
    dlb
270   1
241   1
135   1
146   1
# Total CPU user time: 29889.69, CPU sys time: 230.082, Wall-clock time: 4151.639
    .ID. algorithm localsearch alpha beta  rho ants   q0 rasrank elitistants
270  270       acs           3  1.96 5.72 0.72   47 0.60      NA          NA
241  241       acs           3  1.45 4.64 0.48   30 0.62      NA          NA
135  135       acs           3  1.82 8.61 0.84   29 0.50      NA          NA
146  146       acs           3  1.84 5.54 0.77   37 0.56      NA          NA
    nnls dlb .PARENT. .RANK. .WEIGHT.
270   22   1      146    300      0.4
241   18   1      199    313      0.3
135   11   1       99    330      0.2
146   19   1       99    347      0.1
