# 2025-09-20 03:41:06 -03: Reading parameter file '/home/dianag/PruebasPablo/irace-test-executions/ACOTSP-withRanking/Scenarios-2/BL/Runs/BL_seed_1800371/parameters.txt'.
# 2025-09-20 03:41:06 -03: 1 expression(s) specifying forbidden configurations read.
# 2025-09-20 03:41:06 -03: Initialization
# Elitist race
# Elitist new instances: 1
# Elitist limit: 2
# nbIterations: 5
# minNbSurvival: 5
# nbParameters: 11
# seed: 1800371
# confidence level: 0.95
# budget: 2750
# mu: 5
# deterministic: FALSE

# 2025-09-20 03:41:06 -03: Iteration 1 of 5
# experimentsUsed: 0
# remainingBudget: 2750
# currentBudget: 550
# nbConfigurations: 91
# Markers:
     x No test is performed.
     c Configurations are discarded only due to capping.
     - The test is performed and some configurations are discarded.
     = The test is performed but no configuration is discarded.
     ! The test is performed and configurations could be discarded but elite configurations are preserved.
     . All alive configurations are elite and nothing is discarded.

+-+-----------+-----------+-----------+----------------+-----------+--------+-----+----+------+
| |   Instance|      Alive|       Best|       Mean best| Exp so far|  W time|  rho|KenW|  Qvar|
+-+-----------+-----------+-----------+----------------+-----------+--------+-----+----+------+
|x|          1|         91|         25|     32697697.00|         91|00:02:04|   NA|  NA|    NA|
|x|          2|         91|         17|     32469644.00|        182|00:02:04|+0.99|0.99|0.0021|
|x|          3|         91|         25|     32447077.33|        273|00:02:05|+0.99|0.99|0.0016|
|x|          4|         91|         25|     32506494.50|        364|00:02:01|+0.98|0.99|0.0016|
|-|          5|          4|         25|     32484635.40|        455|00:02:05|+0.32|0.46|0.4125|
+-+-----------+-----------+-----------+----------------+-----------+--------+-----+----+------+
Best-so-far configuration:          25    mean value:      32484635.40
Description of the best-so-far configuration:
   .ID. algorithm localsearch alpha beta  rho ants q0 rasrank elitistants nnls
25   25      mmas           3  1.15 8.16 0.97   60 NA      NA          NA   16
   dlb .PARENT.
25   1       NA

# 2025-09-20 03:51:29 -03: Elite configurations (first number is the configuration ID; listed from best to worst according to the sum of ranks):
   algorithm localsearch alpha beta  rho ants   q0 rasrank elitistants nnls dlb
25      mmas           3  1.15 8.16 0.97   60   NA      NA          NA   16   1
17       acs           3  2.71 8.78 0.66    6 0.09      NA          NA   42   1
28       acs           2  2.40 5.66 0.23   36 0.40      NA          NA   28   0
85       acs           3  1.97 3.86 0.95   25 0.54      NA          NA   38   1
# 2025-09-20 03:51:29 -03: Iteration 2 of 5
# experimentsUsed: 455
# remainingBudget: 2295
# currentBudget: 573
# nbConfigurations: 84
# Markers:
     x No test is performed.
     c Configurations are discarded only due to capping.
     - The test is performed and some configurations are discarded.
     = The test is performed but no configuration is discarded.
     ! The test is performed and configurations could be discarded but elite configurations are preserved.
     . All alive configurations are elite and nothing is discarded.

+-+-----------+-----------+-----------+----------------+-----------+--------+-----+----+------+
| |   Instance|      Alive|       Best|       Mean best| Exp so far|  W time|  rho|KenW|  Qvar|
+-+-----------+-----------+-----------+----------------+-----------+--------+-----+----+------+
|x|          6|         84|        161|     32667002.00|         84|00:02:04|   NA|  NA|    NA|
|x|          4|         84|        161|     32670953.50|        164|00:01:53|+0.98|0.99|0.0046|
|x|          3|         84|         25|     32604621.67|        244|00:01:57|+0.97|0.98|0.0055|
|x|          5|         84|         25|     32552766.00|        324|00:01:54|+0.97|0.98|0.0060|
|-|          1|          7|         25|     32581752.20|        404|00:01:54|+0.32|0.46|0.5549|
|-|          2|          3|         25|     32517395.33|        407|00:00:12|+0.10|0.25|0.6239|
+-+-----------+-----------+-----------+----------------+-----------+--------+-----+----+------+
Best-so-far configuration:          25    mean value:      32517395.33
Description of the best-so-far configuration:
   .ID. algorithm localsearch alpha beta  rho ants q0 rasrank elitistants nnls
25   25      mmas           3  1.15 8.16 0.97   60 NA      NA          NA   16
   dlb .PARENT.
25   1       NA

# 2025-09-20 04:01:25 -03: Elite configurations (first number is the configuration ID; listed from best to worst according to the sum of ranks):
    algorithm localsearch alpha beta  rho ants  q0 rasrank elitistants nnls dlb
25       mmas           3  1.15 8.16 0.97   60  NA      NA          NA   16   1
161      mmas           3  1.53 9.36 0.89   46  NA      NA          NA   13   1
141       acs           3  3.11 8.59 0.85   24 0.9      NA          NA   10   1
# 2025-09-20 04:01:25 -03: Iteration 3 of 5
# experimentsUsed: 862
# remainingBudget: 1888
# currentBudget: 629
# nbConfigurations: 80
# Markers:
     x No test is performed.
     c Configurations are discarded only due to capping.
     - The test is performed and some configurations are discarded.
     = The test is performed but no configuration is discarded.
     ! The test is performed and configurations could be discarded but elite configurations are preserved.
     . All alive configurations are elite and nothing is discarded.

+-+-----------+-----------+-----------+----------------+-----------+--------+-----+----+------+
| |   Instance|      Alive|       Best|       Mean best| Exp so far|  W time|  rho|KenW|  Qvar|
+-+-----------+-----------+-----------+----------------+-----------+--------+-----+----+------+
|x|          7|         80|         25|     32703841.00|         80|00:01:33|   NA|  NA|    NA|
|x|          4|         80|        194|     32689313.50|        157|00:01:29|+0.96|0.98|0.0041|
|x|          5|         80|        161|     32602031.67|        234|00:01:30|+0.96|0.97|0.0039|
|x|          3|         80|         25|     32558427.50|        311|00:01:31|+0.96|0.97|0.0037|
|-|          1|          9|         25|     32586281.40|        388|00:01:28|-0.04|0.17|0.9135|
|=|          6|          9|        194|     32610524.00|        394|00:00:10|-0.02|0.15|0.8962|
|=|          2|          9|         25|     32544030.43|        400|00:00:11|+0.04|0.18|0.8466|
|=|          8|          9|         25|     32564022.50|        409|00:00:10|+0.12|0.23|0.7764|
+-+-----------+-----------+-----------+----------------+-----------+--------+-----+----+------+
Best-so-far configuration:          25    mean value:      32564022.50
Description of the best-so-far configuration:
   .ID. algorithm localsearch alpha beta  rho ants q0 rasrank elitistants nnls
25   25      mmas           3  1.15 8.16 0.97   60 NA      NA          NA   16
   dlb .PARENT.
25   1       NA

# 2025-09-20 04:09:31 -03: Elite configurations (first number is the configuration ID; listed from best to worst according to the sum of ranks):
    algorithm localsearch alpha beta  rho ants   q0 rasrank elitistants nnls
25       mmas           3  1.15 8.16 0.97   60   NA      NA          NA   16
177       acs           3  2.37 8.46 0.93   24 0.72      NA          NA   10
194      mmas           3  1.43 8.61 0.83   45   NA      NA          NA   18
225      mmas           3  1.29 8.88 0.88   81   NA      NA          NA   27
161      mmas           3  1.53 9.36 0.89   46   NA      NA          NA   13
    dlb
25    1
177   1
194   1
225   1
161   1
# 2025-09-20 04:09:31 -03: Iteration 4 of 5
# experimentsUsed: 1271
# remainingBudget: 1479
# currentBudget: 739
# nbConfigurations: 86
# Markers:
     x No test is performed.
     c Configurations are discarded only due to capping.
     - The test is performed and some configurations are discarded.
     = The test is performed but no configuration is discarded.
     ! The test is performed and configurations could be discarded but elite configurations are preserved.
     . All alive configurations are elite and nothing is discarded.

+-+-----------+-----------+-----------+----------------+-----------+--------+-----+----+------+
| |   Instance|      Alive|       Best|       Mean best| Exp so far|  W time|  rho|KenW|  Qvar|
+-+-----------+-----------+-----------+----------------+-----------+--------+-----+----+------+
|x|          9|         86|        265|     32621299.00|         86|00:01:37|   NA|  NA|    NA|
|x|          6|         86|        326|     32665631.50|        167|00:01:38|+0.92|0.96|0.0041|
|x|          3|         86|        326|     32572112.33|        248|00:01:37|+0.93|0.95|0.0072|
|x|          5|         86|        326|     32536955.00|        329|00:01:37|+0.92|0.94|0.0067|
|-|          1|         14|        326|     32573609.00|        410|00:01:35|+0.02|0.22|0.9120|
|=|          8|         14|         25|     32604644.00|        419|00:00:10|+0.06|0.22|0.8647|
|=|          2|         14|         25|     32546210.71|        428|00:00:10|+0.10|0.23|0.8449|
|-|          4|         11|        326|     32563307.62|        437|00:00:10|+0.03|0.15|0.8340|
|=|          7|         11|        316|     32576424.78|        443|00:00:10|+0.05|0.15|0.8242|
|=|         10|         11|        316|     32584919.50|        454|00:00:20|+0.08|0.17|0.7911|
+-+-----------+-----------+-----------+----------------+-----------+--------+-----+----+------+
Best-so-far configuration:         316    mean value:      32584919.50
Description of the best-so-far configuration:
    .ID. algorithm localsearch alpha beta  rho ants q0 rasrank elitistants nnls
316  316      mmas           3  1.06 6.24 0.91   63 NA      NA          NA   17
    dlb .PARENT.
316   1       25

# 2025-09-20 04:18:39 -03: Elite configurations (first number is the configuration ID; listed from best to worst according to the sum of ranks):
    algorithm localsearch alpha beta  rho ants   q0 rasrank elitistants nnls
316      mmas           3  1.06 6.24 0.91   63   NA      NA          NA   17
25       mmas           3  1.15 8.16 0.97   60   NA      NA          NA   16
265      mmas           3  1.30 9.04 0.86   66   NA      NA          NA   12
261       acs           3  1.72 7.94 0.95   56 0.69      NA          NA   12
326      mmas           3  1.22 9.00 0.87   51   NA      NA          NA   21
    dlb
316   1
25    1
265   1
261   1
326   1
# 2025-09-20 04:18:39 -03: Iteration 5 of 5
# experimentsUsed: 1725
# remainingBudget: 1025
# currentBudget: 1025
# nbConfigurations: 97
# Markers:
     x No test is performed.
     c Configurations are discarded only due to capping.
     - The test is performed and some configurations are discarded.
     = The test is performed but no configuration is discarded.
     ! The test is performed and configurations could be discarded but elite configurations are preserved.
     . All alive configurations are elite and nothing is discarded.

+-+-----------+-----------+-----------+----------------+-----------+--------+-----+----+------+
| |   Instance|      Alive|       Best|       Mean best| Exp so far|  W time|  rho|KenW|  Qvar|
+-+-----------+-----------+-----------+----------------+-----------+--------+-----+----+------+
|x|         11|         97|        344|     32896050.00|         97|00:01:44|   NA|  NA|    NA|
|x|          6|         97|        326|     32776868.50|        189|00:01:43|+0.91|0.95|0.0065|
|x|          9|         97|        421|     32760455.00|        281|00:01:44|+0.91|0.94|0.0075|
|x|          3|         97|        326|     32662929.50|        373|00:01:44|+0.91|0.93|0.0075|
|-|          5|         15|        421|     32620564.20|        465|00:01:44|-0.10|0.12|1.0566|
|=|          4|         15|        326|     32617196.83|        475|00:00:10|-0.04|0.14|0.9761|
|=|          1|         15|        326|     32631915.14|        485|00:00:10|-0.07|0.09|0.9994|
|=|         10|         15|        326|     32642092.50|        495|00:00:10|-0.06|0.08|0.9830|
|=|          7|         15|        326|     32652755.89|        505|00:00:10|-0.01|0.10|0.9406|
|=|          8|         15|         25|     32666422.20|        515|00:00:10|-0.02|0.09|0.9451|
|=|          2|         15|        358|     32614314.09|        525|00:00:10|-0.00|0.09|0.9339|
|=|         12|         15|        358|     32596827.67|        540|00:00:20|+0.01|0.09|0.9229|
+-+-----------+-----------+-----------+----------------+-----------+--------+-----+----+------+
Best-so-far configuration:         358    mean value:      32596827.67
Description of the best-so-far configuration:
    .ID. algorithm localsearch alpha beta  rho ants q0 rasrank elitistants nnls
358  358      mmas           3  0.97 5.95 0.88   60 NA      NA          NA   15
    dlb .PARENT.
358   1      316

# 2025-09-20 04:28:44 -03: Elite configurations (first number is the configuration ID; listed from best to worst according to the sum of ranks):
    algorithm localsearch alpha beta  rho ants q0 rasrank elitistants nnls dlb
358      mmas           3  0.97 5.95 0.88   60 NA      NA          NA   15   1
344      mmas           3  1.32 8.88 0.84   65 NA      NA          NA   13   1
421      mmas           3  0.93 5.04 0.85   46 NA      NA          NA   19   1
316      mmas           3  1.06 6.24 0.91   63 NA      NA          NA   17   1
25       mmas           3  1.15 8.16 0.97   60 NA      NA          NA   16   1
# 2025-09-20 04:28:44 -03: Iteration 6 of 6
# experimentsUsed: 2265
# remainingBudget: 485
# currentBudget: 485
# nbConfigurations: 41
# Markers:
     x No test is performed.
     c Configurations are discarded only due to capping.
     - The test is performed and some configurations are discarded.
     = The test is performed but no configuration is discarded.
     ! The test is performed and configurations could be discarded but elite configurations are preserved.
     . All alive configurations are elite and nothing is discarded.

+-+-----------+-----------+-----------+----------------+-----------+--------+-----+----+------+
| |   Instance|      Alive|       Best|       Mean best| Exp so far|  W time|  rho|KenW|  Qvar|
+-+-----------+-----------+-----------+----------------+-----------+--------+-----+----+------+
|x|         13|         41|        455|     32977059.00|         41|00:00:51|   NA|  NA|    NA|
|x|          2|         41|        358|     32577197.50|         77|00:00:41|+0.80|0.90|0.0353|
|x|          3|         41|        358|     32513758.00|        113|00:00:41|+0.78|0.85|0.0475|
|x|          4|         41|        358|     32546601.00|        149|00:00:41|+0.78|0.83|0.0408|
|-|         11|         13|        344|     32621697.60|        185|00:00:41|-0.01|0.19|0.8719|
|=|          7|         13|        344|     32640080.67|        193|00:00:10|-0.04|0.13|0.9155|
|=|          5|         13|        344|     32612030.43|        201|00:00:10|-0.08|0.07|0.9878|
|=|          9|         13|        421|     32624656.00|        209|00:00:10|-0.06|0.08|0.9717|
|=|         10|         13|        316|     32632596.33|        217|00:00:10|-0.04|0.07|0.9582|
|=|          8|         13|        344|     32642535.80|        225|00:00:10|-0.06|0.05|0.9621|
|=|         12|         13|        344|     32617334.36|        233|00:00:10|-0.04|0.06|0.9440|
|=|          1|         13|        344|     32634733.33|        241|00:00:10|-0.05|0.04|0.9656|
|=|          6|         13|        457|     32626634.54|        249|00:00:10|-0.04|0.04|0.9545|
|=|         14|         13|        457|     32603351.50|        262|00:00:20|-0.02|0.05|0.9394|
+-+-----------+-----------+-----------+----------------+-----------+--------+-----+----+------+
Best-so-far configuration:         457    mean value:      32603351.50
Description of the best-so-far configuration:
    .ID. algorithm localsearch alpha beta  rho ants q0 rasrank elitistants nnls
457  457      mmas           3  1.07 6.88 0.85   58 NA      NA          NA   13
    dlb .PARENT.
457   1      358

# 2025-09-20 04:34:08 -03: Elite configurations (first number is the configuration ID; listed from best to worst according to the sum of ranks):
    algorithm localsearch alpha beta  rho ants q0 rasrank elitistants nnls dlb
457      mmas           3  1.07 6.88 0.85   58 NA      NA          NA   13   1
344      mmas           3  1.32 8.88 0.84   65 NA      NA          NA   13   1
358      mmas           3  0.97 5.95 0.88   60 NA      NA          NA   15   1
421      mmas           3  0.93 5.04 0.85   46 NA      NA          NA   19   1
455      mmas           3  0.94 5.05 0.89   52 NA      NA          NA   13   1
# 2025-09-20 04:34:08 -03: Iteration 7 of 7
# experimentsUsed: 2527
# remainingBudget: 223
# currentBudget: 223
# nbConfigurations: 19
# Markers:
     x No test is performed.
     c Configurations are discarded only due to capping.
     - The test is performed and some configurations are discarded.
     = The test is performed but no configuration is discarded.
     ! The test is performed and configurations could be discarded but elite configurations are preserved.
     . All alive configurations are elite and nothing is discarded.

+-+-----------+-----------+-----------+----------------+-----------+--------+-----+----+------+
| |   Instance|      Alive|       Best|       Mean best| Exp so far|  W time|  rho|KenW|  Qvar|
+-+-----------+-----------+-----------+----------------+-----------+--------+-----+----+------+
|x|         15|         19|        464|     32381391.00|         19|00:00:21|   NA|  NA|    NA|
|x|         12|         19|        466|     32394615.00|         33|00:00:20|+0.84|0.92|0.0497|
|x|         14|         19|        344|     32368040.00|         47|00:00:20|+0.77|0.85|0.0455|
|x|         11|         19|        344|     32500042.50|         61|00:00:21|+0.80|0.85|0.0457|
|-|          3|          6|        344|     32476102.20|         75|00:00:20|+0.34|0.47|0.6134|
|!|          9|          6|        344|     32521986.83|         76|00:00:10|+0.29|0.41|0.6797|
|!|          5|          6|        344|     32510807.14|         77|00:00:10|+0.31|0.41|0.6378|
|=|          6|          6|        344|     32533824.00|         78|00:00:10|+0.09|0.21|0.7801|
|=|          7|          6|        344|     32555843.11|         79|00:00:10|+0.06|0.16|0.8089|
|=|          8|          6|        344|     32570829.10|         80|00:00:10|+0.01|0.11|0.8475|
|=|          2|          6|        344|     32535463.91|         81|00:00:10|+0.01|0.10|0.8540|
|=|          1|          6|        344|     32559685.42|         82|00:00:10|-0.04|0.04|0.8843|
|=|         10|          6|        344|     32569250.54|         83|00:00:10|-0.03|0.05|0.8738|
|=|         13|          6|        344|     32604291.36|         84|00:00:10|-0.06|0.02|0.8869|
|=|          4|          6|        344|     32603369.47|         85|00:00:10|-0.05|0.02|0.8831|
|=|         16|          6|        344|     32622403.38|         91|00:00:10|-0.05|0.01|0.8822|
+-+-----------+-----------+-----------+----------------+-----------+--------+-----+----+------+
Best-so-far configuration:         344    mean value:      32622403.38
Description of the best-so-far configuration:
    .ID. algorithm localsearch alpha beta  rho ants q0 rasrank elitistants nnls
344  344      mmas           3  1.32 8.88 0.84   65 NA      NA          NA   13
    dlb .PARENT.
344   1      265

# 2025-09-20 04:37:47 -03: Elite configurations (first number is the configuration ID; listed from best to worst according to the sum of ranks):
    algorithm localsearch alpha beta  rho ants q0 rasrank elitistants nnls dlb
344      mmas           3  1.32 8.88 0.84   65 NA      NA          NA   13   1
466      mmas           3  1.23 8.26 0.81   67 NA      NA          NA   14   1
358      mmas           3  0.97 5.95 0.88   60 NA      NA          NA   15   1
421      mmas           3  0.93 5.04 0.85   46 NA      NA          NA   19   1
455      mmas           3  0.94 5.05 0.89   52 NA      NA          NA   13   1
# 2025-09-20 04:37:47 -03: Iteration 8 of 8
# experimentsUsed: 2618
# remainingBudget: 132
# currentBudget: 132
# nbConfigurations: 12
# Markers:
     x No test is performed.
     c Configurations are discarded only due to capping.
     - The test is performed and some configurations are discarded.
     = The test is performed but no configuration is discarded.
     ! The test is performed and configurations could be discarded but elite configurations are preserved.
     . All alive configurations are elite and nothing is discarded.

+-+-----------+-----------+-----------+----------------+-----------+--------+-----+----+------+
| |   Instance|      Alive|       Best|       Mean best| Exp so far|  W time|  rho|KenW|  Qvar|
+-+-----------+-----------+-----------+----------------+-----------+--------+-----+----+------+
|x|         17|         12|        472|     32823224.00|         12|00:00:20|   NA|  NA|    NA|
|x|         13|         12|        466|     32935752.00|         19|00:00:10|+0.08|0.54|0.9549|
|x|          4|         12|        466|     32840739.33|         26|00:00:10|+0.05|0.37|0.9533|
|x|         12|         12|        466|     32726602.50|         33|00:00:10|+0.16|0.37|0.8187|
|=|         11|         12|        466|     32762773.80|         40|00:00:10|+0.05|0.24|0.9307|
|=|          1|         12|        466|     32753053.50|         47|00:00:10|-0.02|0.15|0.9663|
|=|          6|         12|        466|     32744231.71|         54|00:00:10|+0.00|0.14|0.9465|
|=|         15|         12|        466|     32701832.50|         61|00:00:10|+0.01|0.14|0.9389|
|=|         14|         12|        466|     32658093.78|         68|00:00:10|+0.02|0.13|0.9282|
|=|          5|         12|        466|     32641766.20|         75|00:00:10|+0.01|0.11|0.9323|
|=|          3|         12|        466|     32623247.73|         82|00:00:10|+0.02|0.10|0.9286|
|=|         10|         12|        466|     32625294.67|         89|00:00:10|+0.02|0.10|0.9208|
|=|         16|         12|        344|     32655886.38|         96|00:00:10|+0.01|0.08|0.9236|
|=|          2|         12|        466|     32616313.50|        103|00:00:10|+0.02|0.09|0.9146|
|=|          9|         12|        466|     32621532.67|        110|00:00:10|+0.02|0.08|0.9169|
|=|          7|         12|        466|     32629502.06|        117|00:00:10|+0.01|0.07|0.9145|
|=|          8|         12|        466|     32631916.53|        124|00:00:10|+0.01|0.07|0.9088|
+-+-----------+-----------+-----------+----------------+-----------+--------+-----+----+------+
Best-so-far configuration:         466    mean value:      32631916.53
Description of the best-so-far configuration:
    .ID. algorithm localsearch alpha beta  rho ants q0 rasrank elitistants nnls
466  466      mmas           3  1.23 8.26 0.81   67 NA      NA          NA   14
    dlb .PARENT.
466   1      344

# 2025-09-20 04:40:56 -03: Elite configurations (first number is the configuration ID; listed from best to worst according to the sum of ranks):
    algorithm localsearch alpha beta  rho ants q0 rasrank elitistants nnls dlb
466      mmas           3  1.23 8.26 0.81   67 NA      NA          NA   14   1
358      mmas           3  0.97 5.95 0.88   60 NA      NA          NA   15   1
344      mmas           3  1.32 8.88 0.84   65 NA      NA          NA   13   1
421      mmas           3  0.93 5.04 0.85   46 NA      NA          NA   19   1
473      mmas           3  1.29 8.67 0.74   68 NA      NA          NA   13   1
# 2025-09-20 04:40:56 -03: Stopped because there is not enough budget left to race more than the minimum (5).
# You may either increase the budget or set 'minNbSurvival' to a lower value.
# Iteration: 9
# nbIterations: 9
# experimentsUsed: 2742
# timeUsed: 0
# remainingBudget: 8
# currentBudget: 8
# number of elites: 5
# nbConfigurations: 5
# Total CPU user time: 30969.1, CPU sys time: 233.102, Wall-clock time: 3590.322
# 2025-09-20 04:40:56 -03: Starting post-selection:
# Configurations selected: 466, 358, 344, 421, 473, 455, 472, 474.
# Pending instances: 0, 0, 0, 0, 0, 0, 0, 0.
# 2025-09-20 04:40:56 -03: seed: 1800371
# Configurations: 8
# Available experiments: 8
# minSurvival: 1
# Markers:
     x No test is performed.
     c Configurations are discarded only due to capping.
     - The test is performed and some configurations are discarded.
     = The test is performed but no configuration is discarded.
     ! The test is performed and configurations could be discarded but elite configurations are preserved.
     . All alive configurations are elite and nothing is discarded.

+-+-----------+-----------+-----------+----------------+-----------+--------+-----+----+------+
| |   Instance|      Alive|       Best|       Mean best| Exp so far|  W time|  rho|KenW|  Qvar|
+-+-----------+-----------+-----------+----------------+-----------+--------+-----+----+------+
|.|          8|          8|        466|     32670548.00|          0|00:00:00|   NA|  NA|    NA|
|.|          6|          8|        466|     32680924.50|          0|00:00:00|-0.19|0.40|0.9742|
|.|          4|          8|        466|     32670854.33|          0|00:00:00|+0.02|0.34|0.9151|
|.|          5|          8|        466|     32626845.25|          0|00:00:00|-0.18|0.12|1.0081|
|.|         12|          8|        466|     32578314.60|          0|00:00:00|-0.05|0.16|0.8478|
|.|         16|          8|        466|     32640675.50|          0|00:00:00|+0.01|0.18|0.7802|
|.|          3|          8|        466|     32611730.86|          0|00:00:00|+0.04|0.18|0.7772|
|.|          2|          8|        466|     32556811.12|          0|00:00:00|+0.04|0.16|0.7990|
|.|         11|          8|        466|     32595772.00|          0|00:00:00|+0.06|0.16|0.7979|
|.|         13|          8|        466|     32637650.00|          0|00:00:00|+0.04|0.14|0.8202|
|.|          9|          8|        466|     32642827.36|          0|00:00:00|+0.01|0.10|0.8576|
|.|         14|          8|        466|     32614940.42|          0|00:00:00|+0.03|0.11|0.8649|
|.|         15|          8|        466|     32598794.08|          0|00:00:00|+0.04|0.11|0.8564|
|.|          7|          8|        466|     32609526.14|          0|00:00:00|+0.03|0.10|0.8577|
|.|          1|          8|        466|     32615854.53|          0|00:00:00|+0.02|0.09|0.8614|
|.|         17|          8|        466|     32630923.12|          0|00:00:00|-0.01|0.05|0.8861|
|.|         10|          8|        466|     32631916.53|          0|00:00:00|-0.02|0.04|0.8940|
|=|         18|          8|        344|     32650826.11|          8|00:00:10|-0.01|0.05|0.8830|
+-+-----------+-----------+-----------+----------------+-----------+--------+-----+----+------+
Best-so-far configuration:         344    mean value:      32650826.11
Description of the best-so-far configuration:
    .ID. algorithm localsearch alpha beta  rho ants q0 rasrank elitistants nnls
344  344      mmas           3  1.32 8.88 0.84   65 NA      NA          NA   13
    dlb .PARENT.
344   1      265

# 2025-09-20 04:41:07 -03: Elite configurations (first number is the configuration ID; listed from best to worst according to the sum of ranks):
    algorithm localsearch alpha beta  rho ants q0 rasrank elitistants nnls dlb
344      mmas           3  1.32 8.88 0.84   65 NA      NA          NA   13   1
466      mmas           3  1.23 8.26 0.81   67 NA      NA          NA   14   1
358      mmas           3  0.97 5.95 0.88   60 NA      NA          NA   15   1
455      mmas           3  0.94 5.05 0.89   52 NA      NA          NA   13   1
421      mmas           3  0.93 5.04 0.85   46 NA      NA          NA   19   1
# Total CPU user time: 31051.67, CPU sys time: 233.774, Wall-clock time: 3600.856
    .ID. algorithm localsearch alpha beta  rho ants q0 rasrank elitistants nnls
344  344      mmas           3  1.32 8.88 0.84   65 NA      NA          NA   13
466  466      mmas           3  1.23 8.26 0.81   67 NA      NA          NA   14
358  358      mmas           3  0.97 5.95 0.88   60 NA      NA          NA   15
455  455      mmas           3  0.94 5.05 0.89   52 NA      NA          NA   13
421  421      mmas           3  0.93 5.04 0.85   46 NA      NA          NA   19
    dlb .PARENT. .RANK.   .WEIGHT.
344   1      265     71 0.33333333
466   1      344     72 0.26666667
358   1      316     74 0.20000000
455   1      358     78 0.13333333
421   1      316     80 0.06666667
