# 2025-09-09 15:34:37 -03: Reading parameter file '/home/dianag/PruebasPablo/irace-test-executions/ACOTSP-withRanking/Scenarios/BH-90/Runs/BH-90_seed_2314/parameters.txt'.
# 2025-09-09 15:34:37 -03: 1 expression(s) specifying forbidden configurations read.
# 2025-09-09 15:34:37 -03: Initialization
# Elitist race
# Elitist new instances: 1
# Elitist limit: 2
# nbIterations: 5
# minNbSurvival: 5
# nbParameters: 11
# seed: 2314
# confidence level: 0.95
# budget: 5500
# mu: 5
# deterministic: FALSE

# 2025-09-09 15:34:37 -03: Iteration 1 of 5
# experimentsUsed: 0
# remainingBudget: 5500
# currentBudget: 1100
# nbConfigurations: 90
# Markers:
     x No test is performed.
     c Configurations are discarded only due to capping.
     - The test is performed and some configurations are discarded.
     = The test is performed but no configuration is discarded.
     ! The test is performed and configurations could be discarded but elite configurations are preserved.
     . All alive configurations are elite and nothing is discarded.

+-+-----------+-----------+-----------+----------------+-----------+--------+-----+----+------+
| |   Instance|      Alive|       Best|       Mean best| Exp so far|  W time|  rho|KenW|  Qvar|
+-+-----------+-----------+-----------+----------------+-----------+--------+-----+----+------+
|x|          1|         90|         57|     32744901.00|         90|00:01:59|   NA|  NA|    NA|
|x|          2|         90|         57|     32759152.00|        180|00:01:55|+0.98|0.99|0.0022|
|x|          3|         90|         57|     32847729.00|        270|00:01:57|+0.98|0.99|0.0016|
|x|          4|         90|         57|     32811676.75|        360|00:01:56|+0.98|0.98|0.0015|
|-|          5|          6|         48|     32723685.40|        450|00:01:55|+0.34|0.47|0.4482|
|-|          6|          4|         57|     32756644.67|        456|00:00:18|-0.08|0.10|0.7909|
+-+-----------+-----------+-----------+----------------+-----------+--------+-----+----+------+
Best-so-far configuration:          57    mean value:      32756644.67
Description of the best-so-far configuration:
   .ID. algorithm localsearch alpha beta  rho ants q0 rasrank elitistants nnls
57   57       eas           3   2.4 0.34 0.61   47 NA      NA          14   10
   dlb .PARENT.
57   0       NA

# 2025-09-09 15:44:40 -03: Elite configurations (first number is the configuration ID; listed from best to worst according to the sum of ranks):
   algorithm localsearch alpha beta  rho ants   q0 rasrank elitistants nnls dlb
57       eas           3  2.40 0.34 0.61   47   NA      NA          14   10   0
48      mmas           3  4.75 8.15 0.27   86   NA      NA          NA   23   1
49       ras           3  3.97 2.21 0.80   89   NA      77          NA   30   0
23       acs           3  4.36 3.31 0.56   22 0.75      NA          NA   11   1
# 2025-09-09 15:44:40 -03: Iteration 2 of 5
# experimentsUsed: 456
# remainingBudget: 5044
# currentBudget: 1261
# nbConfigurations: 90
# Markers:
     x No test is performed.
     c Configurations are discarded only due to capping.
     - The test is performed and some configurations are discarded.
     = The test is performed but no configuration is discarded.
     ! The test is performed and configurations could be discarded but elite configurations are preserved.
     . All alive configurations are elite and nothing is discarded.

+-+-----------+-----------+-----------+----------------+-----------+--------+-----+----+------+
| |   Instance|      Alive|       Best|       Mean best| Exp so far|  W time|  rho|KenW|  Qvar|
+-+-----------+-----------+-----------+----------------+-----------+--------+-----+----+------+
|x|          7|         90|        139|     32771864.00|         90|00:01:57|   NA|  NA|    NA|
|x|          3|         90|        139|     32904701.00|        176|00:01:53|+0.97|0.98|0.0011|
|x|          5|         90|        139|     32709486.33|        262|00:01:53|+0.97|0.98|0.0010|
|x|          1|         90|        139|     32710437.75|        348|00:01:56|+0.97|0.98|0.0010|
|-|          2|         10|        139|     32727338.20|        434|00:01:57|+0.06|0.25|0.8443|
|=|          4|         10|        139|     32713428.67|        440|00:00:14|+0.09|0.24|0.8230|
|=|          6|         10|        139|     32730417.71|        446|00:00:14|+0.05|0.19|0.8278|
|-|          8|          6|        139|     32715091.75|        456|00:00:21|+0.01|0.14|0.8072|
|=|          9|          6|        139|     32712979.00|        462|00:00:15|+0.05|0.16|0.8078|
|=|         10|          6|        139|     32715383.70|        468|00:00:14|+0.06|0.16|0.7977|
+-+-----------+-----------+-----------+----------------+-----------+--------+-----+----+------+
Best-so-far configuration:         139    mean value:      32715383.70
Description of the best-so-far configuration:
    .ID. algorithm localsearch alpha beta  rho ants q0 rasrank elitistants nnls
139  139       ras           3   2.9 0.34 0.61   70 NA      19          NA   30
    dlb .PARENT.
139   1       49

# 2025-09-09 15:55:38 -03: Elite configurations (first number is the configuration ID; listed from best to worst according to the sum of ranks):
    algorithm localsearch alpha beta  rho ants   q0 rasrank elitistants nnls
139       ras           3  2.90 0.34 0.61   70   NA      19          NA   30
155       acs           3  3.88 5.55 0.56   20 0.75      NA          NA   30
57        eas           3  2.40 0.34 0.61   47   NA      NA          14   10
48       mmas           3  4.75 8.15 0.27   86   NA      NA          NA   23
130       acs           3  3.22 1.89 0.45    8 0.10      NA          NA   11
    dlb
139   1
155   1
57    0
48    1
130   0
# 2025-09-09 15:55:38 -03: Iteration 3 of 5
# experimentsUsed: 924
# remainingBudget: 4576
# currentBudget: 1525
# nbConfigurations: 90
# Markers:
     x No test is performed.
     c Configurations are discarded only due to capping.
     - The test is performed and some configurations are discarded.
     = The test is performed but no configuration is discarded.
     ! The test is performed and configurations could be discarded but elite configurations are preserved.
     . All alive configurations are elite and nothing is discarded.

+-+-----------+-----------+-----------+----------------+-----------+--------+-----+----+------+
| |   Instance|      Alive|       Best|       Mean best| Exp so far|  W time|  rho|KenW|  Qvar|
+-+-----------+-----------+-----------+----------------+-----------+--------+-----+----+------+
|x|         11|         90|         48|     32584948.00|         90|00:02:03|   NA|  NA|    NA|
|x|          1|         90|        224|     32673485.00|        175|00:01:59|+0.93|0.96|0.0010|
|x|          6|         90|        223|     32721587.67|        260|00:02:00|+0.93|0.95|0.0010|
|x|          2|         90|        223|     32718980.00|        345|00:02:00|+0.94|0.95|0.0010|
|-|          5|         13|        243|     32640406.80|        430|00:02:00|-0.01|0.19|0.8809|
|=|         10|         13|        243|     32642414.00|        438|00:00:10|+0.02|0.18|0.8478|
|=|          8|         13|        243|     32640445.14|        446|00:00:10|-0.00|0.14|0.8821|
|=|          3|         13|        243|     32684355.12|        454|00:00:10|+0.00|0.13|0.9108|
|=|          7|         13|        243|     32700199.11|        462|00:00:10|-0.01|0.10|0.9180|
|=|          4|         13|        243|     32692335.80|        470|00:00:10|+0.02|0.12|0.9004|
|=|          9|         13|        243|     32684308.00|        478|00:00:10|+0.05|0.14|0.8763|
|-|         12|          7|        243|     32684527.50|        491|00:00:20|-0.00|0.08|0.8562|
|=|         13|          7|        243|     32718454.38|        498|00:00:10|+0.01|0.09|0.8577|
|=|         14|          7|        243|     32699028.93|        505|00:00:10|+0.01|0.09|0.8515|
+-+-----------+-----------+-----------+----------------+-----------+--------+-----+----+------+
Best-so-far configuration:         243    mean value:      32699028.93
Description of the best-so-far configuration:
    .ID. algorithm localsearch alpha beta  rho ants   q0 rasrank elitistants
243  243       acs           3  3.27 3.94 0.43   48 0.29      NA          NA
    nnls dlb .PARENT.
243   14   0      130

# 2025-09-09 16:07:28 -03: Elite configurations (first number is the configuration ID; listed from best to worst according to the sum of ranks):
    algorithm localsearch alpha beta  rho ants   q0 rasrank elitistants nnls
243       acs           3  3.27 3.94 0.43   48 0.29      NA          NA   14
223       acs           3  3.37 9.09 0.40    8 0.40      NA          NA   10
224      mmas           3  4.17 5.55 0.24   98   NA      NA          NA   15
204      mmas           3  4.82 7.31 0.26   88   NA      NA          NA   17
139       ras           3  2.90 0.34 0.61   70   NA      19          NA   30
    dlb
243   0
223   0
224   1
204   1
139   1
# 2025-09-09 16:07:28 -03: Iteration 4 of 5
# experimentsUsed: 1429
# remainingBudget: 4071
# currentBudget: 2035
# nbConfigurations: 90
# Markers:
     x No test is performed.
     c Configurations are discarded only due to capping.
     - The test is performed and some configurations are discarded.
     = The test is performed but no configuration is discarded.
     ! The test is performed and configurations could be discarded but elite configurations are preserved.
     . All alive configurations are elite and nothing is discarded.

+-+-----------+-----------+-----------+----------------+-----------+--------+-----+----+------+
| |   Instance|      Alive|       Best|       Mean best| Exp so far|  W time|  rho|KenW|  Qvar|
+-+-----------+-----------+-----------+----------------+-----------+--------+-----+----+------+
|x|         15|         90|        280|     32257542.00|         90|00:01:52|   NA|  NA|    NA|
|x|          2|         90|        321|     32482342.50|        175|00:01:46|+0.70|0.85|0.0099|
|x|         12|         90|        267|     32567888.00|        260|00:01:45|+0.69|0.79|0.0093|
|x|          7|         90|        267|     32615003.25|        345|00:01:48|+0.72|0.79|0.0091|
|-|          5|         21|        267|     32556654.00|        430|00:01:44|-0.09|0.13|1.0422|
|=|          9|         21|        267|     32573198.50|        446|00:00:20|+0.01|0.17|0.9512|
|=|         13|         21|        267|     32641034.71|        462|00:00:20|-0.00|0.14|0.9571|
|=|         14|         21|        267|     32610732.00|        478|00:00:20|+0.02|0.15|0.9339|
|=|          1|         21|        267|     32624051.33|        494|00:00:20|+0.03|0.14|0.9356|
|=|          3|         21|        267|     32663296.60|        510|00:00:20|+0.03|0.13|0.9283|
|=|          8|         21|        267|     32651864.64|        526|00:00:21|+0.02|0.11|0.9445|
|=|          6|         21|        267|     32655680.17|        542|00:00:20|+0.05|0.13|0.9291|
|-|          4|          8|        267|     32648163.46|        558|00:00:20|+0.08|0.15|0.7655|
|!|         10|          8|        267|     32651204.07|        561|00:00:10|+0.08|0.15|0.7585|
|-|         11|          4|        267|     32646125.47|        564|00:00:10|+0.03|0.09|0.7114|
+-+-----------+-----------+-----------+----------------+-----------+--------+-----+----+------+
Best-so-far configuration:         267    mean value:      32646125.47
Description of the best-so-far configuration:
    .ID. algorithm localsearch alpha beta  rho ants   q0 rasrank elitistants
267  267       acs           3  3.95 4.19 0.44   60 0.69      NA          NA
    nnls dlb .PARENT.
267   14   1      243

# 2025-09-09 16:19:34 -03: Elite configurations (first number is the configuration ID; listed from best to worst according to the sum of ranks):
    algorithm localsearch alpha beta  rho ants   q0 rasrank elitistants nnls
267       acs           3  3.95 4.19 0.44   60 0.69      NA          NA   14
326       acs           3  2.32 4.94 0.27   33 0.22      NA          NA    8
271       acs           3  4.06 5.22 0.51   70 0.38      NA          NA    7
243       acs           3  3.27 3.94 0.43   48 0.29      NA          NA   14
    dlb
267   1
326   0
271   0
243   0
# 2025-09-09 16:19:34 -03: Iteration 5 of 5
# experimentsUsed: 1993
# remainingBudget: 3507
# currentBudget: 3507
# nbConfigurations: 90
# Markers:
     x No test is performed.
     c Configurations are discarded only due to capping.
     - The test is performed and some configurations are discarded.
     = The test is performed but no configuration is discarded.
     ! The test is performed and configurations could be discarded but elite configurations are preserved.
     . All alive configurations are elite and nothing is discarded.

+-+-----------+-----------+-----------+----------------+-----------+--------+-----+----+------+
| |   Instance|      Alive|       Best|       Mean best| Exp so far|  W time|  rho|KenW|  Qvar|
+-+-----------+-----------+-----------+----------------+-----------+--------+-----+----+------+
|x|         16|         90|        267|     32664825.00|         90|00:01:44|   NA|  NA|    NA|
|x|         15|         90|        380|     32466268.00|        176|00:01:35|+0.58|0.79|0.4599|
|x|         13|         90|        380|     32662829.00|        262|00:01:36|+0.55|0.70|0.3394|
|x|          9|         90|        365|     32647383.00|        348|00:01:36|+0.52|0.64|0.3336|
|-|         10|         22|        365|     32647212.40|        434|00:01:35|+0.04|0.24|0.9070|
|=|          3|         22|        365|     32697014.17|        452|00:00:21|+0.09|0.24|0.8583|
|-|         11|         12|        365|     32684027.43|        470|00:00:21|+0.09|0.22|0.8303|
|!|         14|         12|        365|     32647247.38|        478|00:00:10|+0.16|0.26|0.7689|
|-|          2|         11|        365|     32651866.67|        486|00:00:10|+0.18|0.27|0.7607|
|!|          7|         11|        365|     32661763.60|        493|00:00:10|+0.21|0.29|0.7363|
|!|          6|         11|        365|     32666566.55|        500|00:00:10|+0.21|0.28|0.7218|
|-|         12|         10|        355|     32673127.08|        507|00:00:10|+0.21|0.28|0.6949|
|!|          8|         10|        355|     32664561.85|        513|00:00:10|+0.20|0.26|0.6849|
|-|          1|          9|        355|     32665328.50|        519|00:00:10|+0.21|0.27|0.6764|
|!|          5|          9|        355|     32638855.73|        524|00:00:10|+0.20|0.26|0.6852|
|-|          4|          6|        355|     32636107.19|        529|00:00:10|+0.00|0.06|0.8206|
|=|         17|          6|        355|     32648471.06|        535|00:00:10|+0.02|0.08|0.8075|
|=|         18|          6|        355|     32621454.78|        541|00:00:10|+0.03|0.08|0.8029|
+-+-----------+-----------+-----------+----------------+-----------+--------+-----+----+------+
Best-so-far configuration:         355    mean value:      32621454.78
Description of the best-so-far configuration:
    .ID. algorithm localsearch alpha beta  rho ants   q0 rasrank elitistants
355  355       acs           3  3.35  6.1 0.45   65 0.66      NA          NA
    nnls dlb .PARENT.
355   13   1      267

# 2025-09-09 16:30:20 -03: Elite configurations (first number is the configuration ID; listed from best to worst according to the sum of ranks):
    algorithm localsearch alpha beta  rho ants   q0 rasrank elitistants nnls
355       acs           3  3.35 6.10 0.45   65 0.66      NA          NA   13
365       acs           3  4.49 5.41 0.46   66 0.39      NA          NA   18
403       acs           3  4.30 3.59 0.35   71 0.76      NA          NA   10
380       acs           3  3.53 5.20 0.35   64 0.71      NA          NA   13
267       acs           3  3.95 4.19 0.44   60 0.69      NA          NA   14
    dlb
355   1
365   1
403   1
380   1
267   1
# 2025-09-09 16:30:20 -03: Iteration 6 of 6
# experimentsUsed: 2534
# remainingBudget: 2966
# currentBudget: 2966
# nbConfigurations: 90
# Markers:
     x No test is performed.
     c Configurations are discarded only due to capping.
     - The test is performed and some configurations are discarded.
     = The test is performed but no configuration is discarded.
     ! The test is performed and configurations could be discarded but elite configurations are preserved.
     . All alive configurations are elite and nothing is discarded.

+-+-----------+-----------+-----------+----------------+-----------+--------+-----+----+------+
| |   Instance|      Alive|       Best|       Mean best| Exp so far|  W time|  rho|KenW|  Qvar|
+-+-----------+-----------+-----------+----------------+-----------+--------+-----+----+------+
|x|         19|         90|        437|     32544644.00|         90|00:01:33|   NA|  NA|    NA|
|x|          1|         90|        478|     32605841.00|        175|00:01:33|+0.43|0.72|0.2688|
|x|         10|         90|        438|     32623199.67|        260|00:01:33|+0.41|0.61|0.3369|
|x|          4|         90|        503|     32607993.25|        345|00:01:33|+0.43|0.58|0.3162|
|-|          2|         40|        503|     32623279.20|        430|00:01:33|-0.10|0.12|1.0641|
|=|         12|         40|        440|     32626864.33|        465|00:00:41|-0.06|0.12|1.0204|
|=|         16|         40|        444|     32632771.57|        500|00:00:41|-0.03|0.12|0.9973|
|=|          6|         40|        444|     32640823.88|        535|00:00:41|-0.04|0.09|1.0080|
|=|          9|         40|        444|     32637058.00|        570|00:00:41|-0.03|0.09|0.9880|
|=|         13|         40|        444|     32682566.50|        605|00:00:41|-0.02|0.08|0.9834|
|=|         18|         40|        444|     32634864.18|        640|00:00:41|-0.00|0.09|0.9679|
|=|         15|         40|        444|     32605489.67|        675|00:00:41|-0.01|0.08|0.9731|
|=|          7|         40|        444|     32611975.77|        710|00:00:41|+0.00|0.08|0.9609|
|=|          8|         40|        444|     32606012.64|        745|00:00:41|+0.01|0.08|0.9469|
|=|          5|         40|        444|     32587694.20|        780|00:00:41|+0.02|0.08|0.9410|
|=|          3|         40|        444|     32611171.31|        815|00:00:41|+0.03|0.09|0.9307|
|-|         17|         31|        444|     32625358.12|        850|00:00:41|-0.01|0.05|0.9794|
|=|         14|         31|        511|     32610208.89|        876|00:00:31|-0.01|0.05|0.9763|
|=|         11|         31|        444|     32607961.95|        902|00:00:31|-0.01|0.04|0.9744|
|=|         20|         31|        444|     32614613.55|        933|00:00:41|-0.01|0.05|0.9737|
+-+-----------+-----------+-----------+----------------+-----------+--------+-----+----+------+
Best-so-far configuration:         444    mean value:      32614613.55
Description of the best-so-far configuration:
    .ID. algorithm localsearch alpha beta  rho ants   q0 rasrank elitistants
444  444       acs           3  3.52 6.48 0.43   63 0.63      NA          NA
    nnls dlb .PARENT.
444   11   1      355

# 2025-09-09 16:48:13 -03: Elite configurations (first number is the configuration ID; listed from best to worst according to the sum of ranks):
    algorithm localsearch alpha beta  rho ants   q0 rasrank elitistants nnls
444       acs           3  3.52 6.48 0.43   63 0.63      NA          NA   11
511       acs           3  3.59 5.76 0.45   64 0.70      NA          NA   13
491       acs           3  4.20 3.02 0.46   68 0.64      NA          NA   10
515       acs           3  2.99 6.89 0.38   61 0.58      NA          NA   11
465       acs           3  3.78 4.67 0.24   57 0.68      NA          NA   19
    dlb
444   1
511   1
491   1
515   1
465   1
# 2025-09-09 16:48:13 -03: Iteration 7 of 7
# experimentsUsed: 3467
# remainingBudget: 2033
# currentBudget: 2033
# nbConfigurations: 90
# Markers:
     x No test is performed.
     c Configurations are discarded only due to capping.
     - The test is performed and some configurations are discarded.
     = The test is performed but no configuration is discarded.
     ! The test is performed and configurations could be discarded but elite configurations are preserved.
     . All alive configurations are elite and nothing is discarded.

+-+-----------+-----------+-----------+----------------+-----------+--------+-----+----+------+
| |   Instance|      Alive|       Best|       Mean best| Exp so far|  W time|  rho|KenW|  Qvar|
+-+-----------+-----------+-----------+----------------+-----------+--------+-----+----+------+
|x|         21|         90|        583|     32552223.00|         90|00:01:33|   NA|  NA|    NA|
|x|         12|         90|        552|     32603548.00|        175|00:01:33|+0.09|0.55|0.5525|
|x|         15|         90|        552|     32478789.33|        260|00:01:33|+0.11|0.41|0.5043|
|x|          3|         90|        552|     32600548.50|        345|00:01:33|+0.21|0.41|0.4918|
|-|         14|         29|        552|     32554897.40|        430|00:01:33|-0.05|0.16|1.0253|
|=|         11|         29|        552|     32551584.67|        454|00:00:31|-0.02|0.15|0.9841|
|=|          8|         29|        552|     32556207.57|        478|00:00:31|-0.01|0.13|0.9785|
|=|          6|         29|        578|     32584857.50|        502|00:00:31|+0.00|0.13|0.9721|
|=|          7|         29|        578|     32597442.00|        526|00:00:31|-0.01|0.11|0.9791|
|=|          5|         29|        552|     32564345.80|        550|00:00:31|+0.01|0.11|0.9557|
|=|          4|         29|        552|     32563731.45|        574|00:00:31|+0.02|0.11|0.9433|
|=|          2|         29|        555|     32576548.50|        598|00:00:31|+0.03|0.11|0.9305|
|=|          1|         29|        578|     32584640.92|        622|00:00:31|+0.03|0.10|0.9338|
|=|          9|         29|        552|     32582836.57|        646|00:00:31|+0.03|0.10|0.9350|
|=|         20|         29|        555|     32598958.53|        670|00:00:31|+0.03|0.09|0.9333|
|=|         18|         29|        552|     32568805.06|        694|00:00:31|+0.03|0.09|0.9308|
|-|         17|         25|        444|     32587962.29|        718|00:00:31|-0.01|0.05|0.9697|
|=|         19|         25|        444|     32586969.61|        738|00:00:21|-0.00|0.05|0.9622|
|=|         16|         25|        444|     32591039.26|        758|00:00:21|+0.00|0.06|0.9574|
|=|         13|         25|        444|     32616094.45|        778|00:00:20|-0.00|0.05|0.9652|
|=|         10|         25|        601|     32616235.71|        798|00:00:21|+0.00|0.05|0.9608|
|=|         22|         25|        444|     32615071.18|        823|00:00:31|+0.00|0.05|0.9620|
+-+-----------+-----------+-----------+----------------+-----------+--------+-----+----+------+
Best-so-far configuration:         444    mean value:      32615071.18
Description of the best-so-far configuration:
    .ID. algorithm localsearch alpha beta  rho ants   q0 rasrank elitistants
444  444       acs           3  3.52 6.48 0.43   63 0.63      NA          NA
    nnls dlb .PARENT.
444   11   1      355

# 2025-09-09 17:04:13 -03: Elite configurations (first number is the configuration ID; listed from best to worst according to the sum of ranks):
    algorithm localsearch alpha beta  rho ants   q0 rasrank elitistants nnls
444       acs           3  3.52 6.48 0.43   63 0.63      NA          NA   11
601       acs           3  3.11 6.62 0.47   64 0.65      NA          NA   12
511       acs           3  3.59 5.76 0.45   64 0.70      NA          NA   13
531       acs           3  3.39 6.12 0.44   63 0.74      NA          NA   14
491       acs           3  4.20 3.02 0.46   68 0.64      NA          NA   10
    dlb
444   1
601   1
511   1
531   1
491   1
# 2025-09-09 17:04:13 -03: Stopped because there is not enough budget to enforce the value of nbConfigurations.
# Iteration: 8
# nbIterations: 8
# experimentsUsed: 4290
# timeUsed: 0
# remainingBudget: 1210
# currentBudget: 1210
# number of elites: 5
# nbConfigurations: 57
# Total CPU user time: 47550.17, CPU sys time: 360.879, Wall-clock time: 5375.795
# 2025-09-09 17:04:13 -03: Starting post-selection:
# Configurations selected: 444, 601, 511, 531, 491, 515, 465, 355, 365, 403, 380, 267, 326, 271, 243, 223.
# Pending instances: 1, 1, 1, 1, 1, 1, 1, 3, 3, 3, 3, 3, 7, 7, 7, 8.
# 2025-09-09 17:04:13 -03: seed: 2314
# Configurations: 16
# Available experiments: 1210
# minSurvival: 1
# Markers:
     x No test is performed.
     c Configurations are discarded only due to capping.
     - The test is performed and some configurations are discarded.
     = The test is performed but no configuration is discarded.
     ! The test is performed and configurations could be discarded but elite configurations are preserved.
     . All alive configurations are elite and nothing is discarded.

+-+-----------+-----------+-----------+----------------+-----------+--------+-----+----+------+
| |   Instance|      Alive|       Best|       Mean best| Exp so far|  W time|  rho|KenW|  Qvar|
+-+-----------+-----------+-----------+----------------+-----------+--------+-----+----+------+
|x|         22|         16|        355|     32548105.00|          9|00:00:10|   NA|  NA|    NA|
|.|         11|         16|        355|     32591035.00|          9|00:00:00|+0.39|0.70|0.5656|
|x|         18|         16|        444|     32415432.00|         13|00:00:10|+0.16|0.44|0.8136|
|.|          9|         16|        444|     32463306.75|         13|00:00:00|+0.14|0.36|0.8355|
|x|         19|         16|        444|     32484664.20|         17|00:00:10|+0.15|0.32|0.7705|
|.|          3|         16|        444|     32564441.50|         17|00:00:00|+0.20|0.33|0.7363|
|x|         21|         16|        444|     32581935.43|         26|00:00:10|+0.21|0.32|0.7076|
|.|          7|         16|        444|     32595419.62|         26|00:00:00|+0.26|0.36|0.6570|
|.|          5|         16|        444|     32566065.89|         26|00:00:00|+0.26|0.34|0.6692|
|.|          2|         16|        444|     32578820.20|         26|00:00:00|+0.28|0.35|0.6761|
|.|         12|         16|        444|     32587369.27|         26|00:00:00|+0.26|0.33|0.6874|
|.|          1|         16|        444|     32593798.25|         26|00:00:00|+0.28|0.34|0.6686|
|x|         20|         16|        444|     32605121.00|         30|00:00:10|+0.22|0.28|0.7208|
|.|          6|         16|        444|     32611697.36|         30|00:00:00|+0.23|0.29|0.7089|
|x|         17|         16|        491|     32622141.93|         34|00:00:10|+0.24|0.29|0.7035|
|.|         14|         16|        491|     32612295.44|         34|00:00:00|+0.24|0.29|0.6992|
|.|         15|         16|        491|     32594705.00|         34|00:00:00|+0.25|0.29|0.6837|
|.|         10|         16|        491|     32599993.94|         34|00:00:00|+0.23|0.27|0.6838|
|x|         16|         16|        601|     32601575.89|         35|00:00:10|+0.24|0.28|0.6660|
|.|          8|         16|        601|     32595872.30|         35|00:00:00|+0.24|0.28|0.6654|
|.|         13|         16|        601|     32617784.52|         35|00:00:00|+0.25|0.28|0.6616|
|.|          4|         16|        601|     32614708.91|         35|00:00:00|+0.26|0.29|0.6512|
|-|         23|          8|        601|     32624576.70|         51|00:00:20|+0.00|0.05|0.8748|
|=|         24|          8|        444|     32611594.04|         59|00:00:10|+0.00|0.04|0.8755|
|=|         25|          8|        444|     32587477.52|         67|00:00:10|+0.01|0.05|0.8671|
|=|         26|          8|        444|     32574281.38|         75|00:00:10|-0.01|0.03|0.8760|
|=|         27|          8|        444|     32569695.22|         83|00:00:10|+0.01|0.04|0.8683|
|=|         28|          8|        444|     32562319.93|         91|00:00:10|-0.01|0.03|0.8781|
|=|         29|          8|        444|     32565672.41|         99|00:00:10|+0.00|0.04|0.8697|
|=|         30|          8|        444|     32568294.67|        107|00:00:10|+0.01|0.04|0.8659|
|=|         31|          8|        444|     32584166.74|        115|00:00:10|+0.01|0.04|0.8636|
|=|         32|          8|        444|     32580550.03|        123|00:00:10|+0.01|0.05|0.8580|
|=|         33|          8|        444|     32578556.55|        131|00:00:10|+0.01|0.04|0.8607|
|=|         34|          8|        511|     32574239.06|        139|00:00:10|+0.01|0.04|0.8586|
|=|         35|          8|        511|     32562117.43|        147|00:00:10|+0.02|0.05|0.8525|
|=|         36|          8|        444|     32571928.00|        155|00:00:10|+0.02|0.05|0.8536|
|=|         37|          8|        444|     32568300.27|        163|00:00:10|+0.02|0.05|0.8544|
|=|         38|          8|        511|     32562677.68|        171|00:00:10|+0.02|0.05|0.8505|
|=|         39|          8|        444|     32567049.92|        179|00:00:10|+0.02|0.04|0.8580|
|=|         40|          8|        511|     32561281.20|        187|00:00:10|+0.02|0.04|0.8577|
|=|         41|          8|        444|     32562865.46|        195|00:00:10|+0.01|0.04|0.8619|
|=|         42|          8|        511|     32552356.00|        203|00:00:10|+0.01|0.03|0.8641|
|=|         43|          8|        444|     32555462.05|        211|00:00:10|+0.01|0.04|0.8631|
|=|         44|          8|        511|     32558171.25|        219|00:00:10|+0.01|0.03|0.8672|
|=|         45|          8|        511|     32556521.76|        227|00:00:10|+0.01|0.03|0.8671|
|=|         46|          8|        511|     32549164.28|        235|00:00:10|+0.01|0.04|0.8621|
|=|         47|          8|        511|     32549564.94|        243|00:00:10|+0.01|0.03|0.8664|
|=|         48|          8|        511|     32551195.79|        251|00:00:10|+0.01|0.03|0.8637|
|=|         49|          8|        511|     32550342.80|        259|00:00:10|+0.01|0.03|0.8619|
|=|         50|          8|        511|     32555625.44|        267|00:00:10|+0.02|0.04|0.8601|
|=|         51|          8|        511|     32559996.57|        275|00:00:10|+0.01|0.03|0.8645|
|=|         52|          8|        444|     32570230.81|        283|00:00:10|+0.01|0.03|0.8647|
|=|         53|          8|        444|     32575674.08|        291|00:00:10|+0.01|0.03|0.8664|
|=|         54|          8|        444|     32575705.30|        299|00:00:10|+0.01|0.03|0.8686|
|=|         55|          8|        444|     32578253.38|        307|00:00:10|+0.01|0.03|0.8689|
|=|         56|          8|        444|     32579254.34|        315|00:00:10|+0.01|0.03|0.8681|
|=|         57|          8|        444|     32577084.75|        323|00:00:10|+0.01|0.03|0.8691|
|=|         58|          8|        444|     32575757.41|        331|00:00:10|+0.01|0.03|0.8687|
|=|         59|          8|        444|     32575438.51|        339|00:00:10|+0.01|0.03|0.8687|
|=|         60|          8|        444|     32575682.17|        347|00:00:10|+0.01|0.03|0.8688|
|=|         61|          8|        444|     32573608.00|        355|00:00:10|+0.01|0.02|0.8717|
|=|         62|          8|        444|     32573422.23|        363|00:00:10|+0.01|0.02|0.8738|
|=|         63|          8|        444|     32574437.32|        371|00:00:10|+0.00|0.02|0.8754|
|=|         64|          8|        444|     32571926.19|        379|00:00:10|+0.00|0.02|0.8755|
|=|         65|          8|        444|     32568159.71|        387|00:00:10|+0.01|0.02|0.8744|
|=|         66|          8|        444|     32566061.08|        395|00:00:10|+0.01|0.02|0.8729|
|=|         67|          8|        444|     32564361.78|        403|00:00:10|+0.01|0.02|0.8723|
|=|         68|          8|        444|     32566837.46|        411|00:00:10|+0.01|0.02|0.8727|
|=|         69|          8|        444|     32564558.26|        419|00:00:10|+0.01|0.02|0.8726|
|=|         70|          8|        444|     32563846.51|        427|00:00:10|+0.01|0.02|0.8730|
|=|         71|          8|        444|     32564550.68|        435|00:00:10|+0.01|0.02|0.8726|
|=|         72|          8|        444|     32558710.88|        443|00:00:10|+0.01|0.02|0.8731|
|=|         73|          8|        444|     32559613.71|        451|00:00:10|+0.01|0.02|0.8729|
|=|         74|          8|        444|     32562134.61|        459|00:00:10|+0.01|0.02|0.8742|
|=|         75|          8|        444|     32558983.60|        467|00:00:10|+0.01|0.02|0.8732|
|=|         76|          8|        444|     32555026.21|        475|00:00:10|+0.01|0.02|0.8725|
|=|         77|          8|        444|     32556822.99|        483|00:00:10|+0.00|0.02|0.8737|
|=|         78|          8|        444|     32555509.88|        491|00:00:10|+0.00|0.02|0.8746|
|=|         79|          8|        444|     32556996.11|        499|00:00:10|+0.00|0.02|0.8754|
|=|         80|          8|        444|     32554898.88|        507|00:00:10|+0.00|0.02|0.8753|
|=|         81|          8|        444|     32552272.49|        515|00:00:10|+0.00|0.02|0.8750|
|=|         82|          8|        444|     32553227.76|        523|00:00:10|+0.00|0.02|0.8747|
|=|         83|          8|        444|     32553915.69|        531|00:00:10|+0.00|0.01|0.8747|
|=|         84|          8|        444|     32554590.17|        539|00:00:10|+0.00|0.02|0.8744|
|=|         85|          8|        444|     32555011.76|        547|00:00:10|+0.00|0.02|0.8738|
|=|         86|          8|        444|     32556880.36|        555|00:00:10|+0.00|0.01|0.8736|
|=|         87|          8|        444|     32556373.17|        563|00:00:10|+0.00|0.02|0.8725|
|=|         88|          8|        444|     32554039.59|        571|00:00:10|+0.01|0.02|0.8713|
|=|         89|          8|        444|     32554290.07|        579|00:00:10|+0.01|0.02|0.8708|
|=|         90|          8|        444|     32553741.56|        587|00:00:10|+0.01|0.02|0.8715|
|=|         91|          8|        444|     32550361.05|        595|00:00:10|+0.01|0.02|0.8717|
|=|         92|          8|        444|     32553654.45|        603|00:00:10|+0.01|0.02|0.8714|
|=|         93|          8|        444|     32548702.87|        611|00:00:10|+0.00|0.02|0.8729|
|=|         94|          8|        444|     32549179.68|        619|00:00:10|+0.00|0.01|0.8734|
|=|         95|          8|        444|     32547910.58|        627|00:00:10|+0.00|0.02|0.8738|
|=|         96|          8|        444|     32550042.45|        635|00:00:10|+0.01|0.02|0.8735|
|=|         97|          8|        444|     32551140.41|        643|00:00:10|+0.01|0.02|0.8729|
|=|         98|          8|        444|     32553979.47|        651|00:00:10|+0.01|0.02|0.8738|
|=|         99|          8|        444|     32555052.41|        659|00:00:10|+0.01|0.02|0.8728|
|=|        100|          8|        444|     32559268.07|        667|00:00:10|+0.01|0.02|0.8732|
|=|        101|          8|        444|     32558295.63|        675|00:00:10|+0.00|0.01|0.8736|
|=|        102|          8|        444|     32555554.23|        683|00:00:10|+0.00|0.01|0.8749|
|=|        103|          8|        444|     32554097.05|        691|00:00:10|+0.00|0.01|0.8739|
|=|        104|          8|        444|     32554418.00|        699|00:00:10|+0.00|0.01|0.8750|
|=|        105|          8|        444|     32554372.93|        707|00:00:10|+0.00|0.01|0.8750|
|=|        106|          8|        444|     32554333.24|        715|00:00:10|+0.00|0.01|0.8754|
|=|        107|          8|        444|     32553672.73|        723|00:00:10|+0.00|0.01|0.8751|
|=|        108|          8|        444|     32551329.94|        731|00:00:10|+0.00|0.01|0.8753|
|=|        109|          8|        444|     32550115.49|        739|00:00:10|+0.00|0.01|0.8750|
|=|        110|          8|        444|     32548749.49|        747|00:00:10|+0.00|0.01|0.8746|
|=|        111|          8|        444|     32548267.05|        755|00:00:10|+0.00|0.01|0.8752|
|=|        112|          8|        444|     32549032.44|        763|00:00:10|+0.00|0.01|0.8742|
|=|        113|          8|        444|     32550962.24|        771|00:00:10|+0.00|0.01|0.8738|
|=|        114|          8|        444|     32550312.02|        779|00:00:10|+0.00|0.01|0.8742|
|=|        115|          8|        444|     32553007.68|        787|00:00:10|+0.00|0.01|0.8741|
|=|        116|          8|        444|     32556079.57|        795|00:00:10|+0.00|0.01|0.8733|
|=|        117|          8|        444|     32556215.40|        803|00:00:10|+0.00|0.01|0.8740|
|=|        118|          8|        444|     32555791.17|        811|00:00:10|+0.00|0.01|0.8733|
|=|        119|          8|        444|     32555098.87|        819|00:00:10|+0.00|0.01|0.8730|
|=|        120|          8|        444|     32554388.19|        827|00:00:10|+0.00|0.01|0.8728|
|=|        121|          8|        444|     32556913.76|        835|00:00:10|+0.00|0.01|0.8720|
|=|        122|          8|        444|     32556919.61|        843|00:00:10|+0.00|0.01|0.8720|
|=|        123|          8|        444|     32559226.94|        851|00:00:10|+0.00|0.01|0.8713|
|=|        124|          8|        444|     32564080.02|        859|00:00:10|+0.00|0.01|0.8718|
|=|        125|          8|        444|     32565028.51|        867|00:00:10|+0.00|0.01|0.8710|
|=|        126|          8|        444|     32568066.60|        875|00:00:10|+0.00|0.01|0.8709|
|=|        127|          8|        444|     32569847.85|        883|00:00:10|+0.00|0.01|0.8709|
|=|        128|          8|        444|     32569585.08|        891|00:00:10|+0.00|0.01|0.8703|
|=|        129|          8|        444|     32566824.84|        899|00:00:10|+0.00|0.01|0.8703|
|=|        130|          8|        444|     32566052.33|        907|00:00:10|+0.01|0.01|0.8694|
|=|        131|          8|        444|     32563455.77|        915|00:00:10|+0.00|0.01|0.8697|
|=|        132|          8|        444|     32563061.62|        923|00:00:10|+0.00|0.01|0.8694|
|=|        133|          8|        444|     32564524.02|        931|00:00:10|+0.01|0.01|0.8688|
|=|        134|          8|        444|     32567289.25|        939|00:00:10|+0.01|0.01|0.8693|
|=|        135|          8|        444|     32567448.78|        947|00:00:10|+0.01|0.01|0.8687|
|=|        136|          8|        444|     32565863.88|        955|00:00:10|+0.01|0.01|0.8690|
|=|        137|          8|        444|     32564865.85|        963|00:00:10|+0.01|0.01|0.8687|
|=|        138|          8|        444|     32565431.87|        971|00:00:10|+0.01|0.01|0.8682|
|=|        139|          8|        444|     32564935.41|        979|00:00:10|+0.01|0.01|0.8682|
|=|        140|          8|        444|     32562726.26|        987|00:00:10|+0.01|0.01|0.8679|
|=|        141|          8|        444|     32564390.94|        995|00:00:10|+0.01|0.01|0.8686|
|=|        142|          8|        444|     32564107.09|       1003|00:00:10|+0.01|0.01|0.8681|
|=|        143|          8|        444|     32561673.09|       1011|00:00:10|+0.01|0.01|0.8680|
|=|        144|          8|        444|     32562839.44|       1019|00:00:10|+0.01|0.01|0.8683|
|=|        145|          8|        444|     32561468.40|       1027|00:00:10|+0.01|0.01|0.8691|
|=|        146|          8|        444|     32562176.09|       1035|00:00:10|+0.01|0.01|0.8697|
|=|        147|          8|        444|     32561267.60|       1043|00:00:10|+0.01|0.01|0.8692|
|=|        148|          8|        444|     32562271.52|       1051|00:00:10|+0.01|0.01|0.8686|
|-|        149|          4|        444|     32561289.87|       1059|00:00:10|-0.00|0.01|0.7503|
|=|        150|          4|        444|     32560913.95|       1063|00:00:10|-0.00|0.01|0.7506|
|=|        151|          4|        444|     32560784.05|       1067|00:00:10|-0.00|0.01|0.7500|
|=|        152|          4|        444|     32561116.98|       1071|00:00:10|+0.00|0.01|0.7496|
|=|        153|          4|        444|     32560915.24|       1075|00:00:10|+0.00|0.01|0.7488|
|=|        154|          4|        444|     32562694.08|       1079|00:00:10|+0.00|0.01|0.7491|
|=|        155|          4|        444|     32562777.74|       1083|00:00:10|+0.00|0.01|0.7490|
|=|        156|          4|        444|     32564321.88|       1087|00:00:10|+0.00|0.01|0.7494|
|=|        157|          4|        444|     32565979.90|       1091|00:00:10|-0.00|0.01|0.7501|
|=|        158|          4|        444|     32566162.13|       1095|00:00:10|-0.00|0.01|0.7504|
|=|        159|          4|        444|     32565621.31|       1099|00:00:10|-0.00|0.01|0.7500|
|=|        160|          4|        444|     32566993.34|       1103|00:00:10|+0.00|0.01|0.7493|
|=|        161|          4|        444|     32568109.29|       1107|00:00:10|-0.00|0.01|0.7498|
|=|        162|          4|        444|     32566247.23|       1111|00:00:10|-0.00|0.01|0.7499|
|=|        163|          4|        444|     32565795.61|       1115|00:00:10|-0.00|0.01|0.7504|
|=|        164|          4|        444|     32565675.34|       1119|00:00:10|+0.00|0.01|0.7497|
|=|        165|          4|        444|     32564832.34|       1123|00:00:10|+0.00|0.01|0.7497|
|=|        166|          4|        444|     32564546.99|       1127|00:00:10|+0.00|0.01|0.7503|
|=|        167|          4|        444|     32565032.76|       1131|00:00:10|+0.00|0.01|0.7497|
|=|        168|          4|        444|     32564612.01|       1135|00:00:10|+0.00|0.01|0.7491|
|=|        169|          4|        444|     32564307.34|       1139|00:00:10|+0.00|0.01|0.7489|
|=|        170|          4|        444|     32563725.70|       1143|00:00:10|+0.00|0.01|0.7496|
|=|        171|          4|        444|     32565251.74|       1147|00:00:10|+0.00|0.01|0.7501|
|=|        172|          4|        444|     32567370.77|       1151|00:00:10|-0.00|0.01|0.7505|
|=|        173|          4|        444|     32567754.91|       1155|00:00:10|+0.00|0.01|0.7504|
|=|        174|          4|        444|     32566048.91|       1159|00:00:10|+0.00|0.01|0.7509|
|=|        175|          4|        444|     32565432.73|       1163|00:00:10|-0.00|0.01|0.7510|
|=|        176|          4|        444|     32567431.29|       1167|00:00:10|-0.00|0.00|0.7513|
|=|        177|          4|        444|     32566436.69|       1171|00:00:10|-0.00|0.00|0.7518|
|=|        178|          4|        444|     32566220.90|       1175|00:00:10|-0.00|0.00|0.7518|
|=|        179|          4|        444|     32566234.42|       1179|00:00:10|-0.00|0.00|0.7515|
|=|        180|          4|        444|     32563592.82|       1183|00:00:10|-0.00|0.00|0.7516|
|=|        181|          4|        444|     32563828.93|       1187|00:00:10|-0.00|0.00|0.7512|
|=|        182|          4|        444|     32563762.95|       1191|00:00:10|-0.00|0.00|0.7513|
|=|        183|          4|        444|     32563195.39|       1195|00:00:10|-0.00|0.00|0.7517|
|=|        184|          4|        444|     32561447.24|       1199|00:00:10|-0.00|0.00|0.7516|
|=|        185|          4|        444|     32560127.44|       1203|00:00:10|-0.00|0.00|0.7512|
|=|        186|          4|        444|     32560862.40|       1207|00:00:10|-0.00|0.00|0.7510|
+-+-----------+-----------+-----------+----------------+-----------+--------+-----+----+------+
Best-so-far configuration:         444    mean value:      32560862.40
Description of the best-so-far configuration:
    .ID. algorithm localsearch alpha beta  rho ants   q0 rasrank elitistants
444  444       acs           3  3.52 6.48 0.43   63 0.63      NA          NA
    nnls dlb .PARENT.
444   11   1      355

# 2025-09-09 17:34:23 -03: Elite configurations (first number is the configuration ID; listed from best to worst according to the sum of ranks):
    algorithm localsearch alpha beta  rho ants   q0 rasrank elitistants nnls
444       acs           3  3.52 6.48 0.43   63 0.63      NA          NA   11
511       acs           3  3.59 5.76 0.45   64 0.70      NA          NA   13
531       acs           3  3.39 6.12 0.44   63 0.74      NA          NA   14
491       acs           3  4.20 3.02 0.46   68 0.64      NA          NA   10
    dlb
444   1
511   1
531   1
491   1
# Total CPU user time: 59997.09, CPU sys time: 461.87, Wall-clock time: 7185.764
    .ID. algorithm localsearch alpha beta  rho ants   q0 rasrank elitistants
444  444       acs           3  3.52 6.48 0.43   63 0.63      NA          NA
511  511       acs           3  3.59 5.76 0.45   64 0.70      NA          NA
531  531       acs           3  3.39 6.12 0.44   63 0.74      NA          NA
491  491       acs           3  4.20 3.02 0.46   68 0.64      NA          NA
    nnls dlb .PARENT. .RANK. .WEIGHT.
444   11   1      355    444      0.4
511   13   1      355    468      0.3
531   14   1      511    471      0.2
491   10   1      403    477      0.1
