# 2025-10-13 20:12:55 -03: Reading parameter file '/home/pestobar/Activities/irace-test-executions/PSO-X-withRanking/Scenarios/BH-64/Runs/BH-65_seed_1200239/parameters.txt'.
# 2025-10-13 20:12:55 -03: 2 expression(s) specifying forbidden configurations read.
# 2025-10-13 20:12:56 -03: Initialization
# Elitist race
# Elitist new instances: 1
# Elitist limit: 2
# nbIterations: 5
# minNbSurvival: 5
# nbParameters: 8
# seed: 1200239
# confidence level: 0.95
# budget: 4000
# mu: 5
# deterministic: FALSE

# 2025-10-13 20:12:56 -03: Iteration 1 of 5
# experimentsUsed: 0
# remainingBudget: 4000
# currentBudget: 800
# nbConfigurations: 65
# Markers:
     x No test is performed.
     c Configurations are discarded only due to capping.
     - The test is performed and some configurations are discarded.
     = The test is performed but no configuration is discarded.
     ! The test is performed and configurations could be discarded but elite configurations are preserved.
     . All alive configurations are elite and nothing is discarded.

+-+-----------+-----------+-----------+----------------+-----------+--------+-----+----+------+
| |   Instance|      Alive|       Best|       Mean best| Exp so far|  W time|  rho|KenW|  Qvar|
+-+-----------+-----------+-----------+----------------+-----------+--------+-----+----+------+
|x|          1|         65|          2|     7916.528878|         65|00:00:33|   NA|  NA|    NA|
|x|          2|         65|         15|     16538.17540|        130|00:00:33|+0.44|0.72|0.2969|
|x|          3|         65|         15|     11095.84851|        195|00:03:25|+0.51|0.67|0.4052|
|x|          4|         65|         33|     43071.46296|        260|00:00:34|+0.43|0.57|0.3568|
|-|          5|         34|         34|     34957.13766|        325|00:00:37|-0.11|0.11|1.0208|
|=|          6|         34|         15|     44782.31313|        359|00:00:09|-0.04|0.13|0.9416|
|=|          7|         34|         15|     38509.05982|        393|00:01:13|+0.03|0.17|0.8916|
+-+-----------+-----------+-----------+----------------+-----------+--------+-----+----+------+
Best-so-far configuration:          15    mean value:      38509.05982
Description of the best-so-far configuration:
   .ID. particles topology modInfluence branching tSchedule phi1 phi2 inertia
15   15        60        4            0        NA        NA 1.17 0.81     0.8
   .PARENT.
15       NA

# 2025-10-13 20:20:03 -03: Elite configurations (first number is the configuration ID; listed from best to worst according to the sum of ranks):
   particles topology modInfluence branching tSchedule phi1 phi2 inertia
15        60        4            0        NA        NA 1.17 0.81    0.80
34       144        5            0        NA         9 0.11 1.71    0.42
23        41        3            2        NA        NA 1.71 1.83    0.78
25        91        1            0        NA        NA 2.34 1.20    0.55
27       116        4            0        NA        NA 0.78 1.52    0.89
# 2025-10-13 20:20:03 -03: Iteration 2 of 5
# experimentsUsed: 393
# remainingBudget: 3607
# currentBudget: 901
# nbConfigurations: 65
# Markers:
     x No test is performed.
     c Configurations are discarded only due to capping.
     - The test is performed and some configurations are discarded.
     = The test is performed but no configuration is discarded.
     ! The test is performed and configurations could be discarded but elite configurations are preserved.
     . All alive configurations are elite and nothing is discarded.

+-+-----------+-----------+-----------+----------------+-----------+--------+-----+----+------+
| |   Instance|      Alive|       Best|       Mean best| Exp so far|  W time|  rho|KenW|  Qvar|
+-+-----------+-----------+-----------+----------------+-----------+--------+-----+----+------+
|x|          8|         65|        125|     534.6293119|         65|00:03:22|   NA|  NA|    NA|
|x|          5|         65|         72|     8397.924488|        125|00:00:20|+0.10|0.55|0.8937|
|x|          7|         65|         82|     6291.367334|        185|00:02:02|+0.23|0.49|0.7510|
|x|          6|         65|         99|     4407.631105|        245|00:00:19|+0.29|0.47|0.6691|
|-|          4|         45|         99|     26846.23441|        305|00:00:18|-0.14|0.09|1.0886|
|=|          3|         45|         99|     22411.84210|        345|00:02:10|-0.09|0.09|1.0648|
|=|          1|         45|         99|     27076.22871|        385|00:00:17|-0.07|0.09|1.0570|
|=|          2|         45|         15|     33782.20886|        425|00:00:17|-0.05|0.08|1.0492|
|=|          9|         45|         77|     18814.73370|        470|00:00:18|-0.04|0.08|1.0111|
+-+-----------+-----------+-----------+----------------+-----------+--------+-----+----+------+
Best-so-far configuration:          77    mean value:      18814.73370
Description of the best-so-far configuration:
   .ID. particles topology modInfluence branching tSchedule phi1 phi2 inertia
77   77        78        4            1        NA        NA 1.68 2.14    0.65
   .PARENT.
77       27

# 2025-10-13 20:29:29 -03: Elite configurations (first number is the configuration ID; listed from best to worst according to the sum of ranks):
    particles topology modInfluence branching tSchedule phi1 phi2 inertia
77         78        4            1        NA        NA 1.68 2.14    0.65
114         6        2            2        NA        NA 1.54 1.35    0.60
119        59        4            2        NA        NA 1.34 1.08    0.63
101        55        4            0        NA        NA 1.01 1.97    0.71
99         65        4            0        NA        NA 2.27 1.21    0.59
# 2025-10-13 20:29:29 -03: Iteration 3 of 5
# experimentsUsed: 863
# remainingBudget: 3137
# currentBudget: 1045
# nbConfigurations: 65
# Markers:
     x No test is performed.
     c Configurations are discarded only due to capping.
     - The test is performed and some configurations are discarded.
     = The test is performed but no configuration is discarded.
     ! The test is performed and configurations could be discarded but elite configurations are preserved.
     . All alive configurations are elite and nothing is discarded.

+-+-----------+-----------+-----------+----------------+-----------+--------+-----+----+------+
| |   Instance|      Alive|       Best|       Mean best| Exp so far|  W time|  rho|KenW|  Qvar|
+-+-----------+-----------+-----------+----------------+-----------+--------+-----+----+------+
|x|         10|         65|        182|    0.3376016379|         65|00:00:16|   NA|  NA|    NA|
|x|          9|         65|        132|     2.189778508|        125|00:00:17|+0.33|0.67|0.0146|
|x|          2|         65|        175|     1.563043543|        185|00:00:16|+0.34|0.56|0.0252|
|x|          8|         65|        175|     139.9962523|        245|00:03:02|+0.29|0.47|0.2937|
|-|          6|         39|        158|     147.6483480|        305|00:00:17|-0.06|0.15|1.0550|
|=|          1|         39|        158|     10613.49875|        339|00:00:05|-0.03|0.14|1.0090|
|=|          7|         39|         77|     8423.661700|        373|00:01:10|-0.03|0.12|0.9754|
|=|          4|         39|         77|     18668.64842|        407|00:00:05|-0.05|0.08|1.0171|
|=|          3|         39|        132|     20575.04527|        441|00:01:55|-0.02|0.09|0.9682|
|=|          5|         39|        132|     20208.22078|        475|00:00:07|-0.00|0.10|0.9523|
|=|         11|         39|        132|     18372.45717|        514|00:00:05|+0.01|0.10|0.9402|
+-+-----------+-----------+-----------+----------------+-----------+--------+-----+----+------+
Best-so-far configuration:         132    mean value:      18372.45717
Description of the best-so-far configuration:
    .ID. particles topology modInfluence branching tSchedule phi1 phi2 inertia
132  132       102        4            0        NA        NA  1.8 2.28    0.61
    .PARENT.
132       77

# 2025-10-13 20:37:09 -03: Elite configurations (first number is the configuration ID; listed from best to worst according to the sum of ranks):
    particles topology modInfluence branching tSchedule phi1 phi2 inertia
132       102        4            0        NA        NA 1.80 2.28    0.61
158       116        4            2        NA        NA 1.82 2.19    0.67
143        48        4            2        NA        NA 1.20 2.46    0.67
77         78        4            1        NA        NA 1.68 2.14    0.65
170        60        1            0        NA        NA 0.63 2.42    0.75
# 2025-10-13 20:37:09 -03: Iteration 4 of 5
# experimentsUsed: 1377
# remainingBudget: 2623
# currentBudget: 1311
# nbConfigurations: 65
# Markers:
     x No test is performed.
     c Configurations are discarded only due to capping.
     - The test is performed and some configurations are discarded.
     = The test is performed but no configuration is discarded.
     ! The test is performed and configurations could be discarded but elite configurations are preserved.
     . All alive configurations are elite and nothing is discarded.

+-+-----------+-----------+-----------+----------------+-----------+--------+-----+----+------+
| |   Instance|      Alive|       Best|       Mean best| Exp so far|  W time|  rho|KenW|  Qvar|
+-+-----------+-----------+-----------+----------------+-----------+--------+-----+----+------+
|x|         12|         65|        230|     3091442.150|         65|00:00:10|   NA|  NA|    NA|
|x|          9|         65|        206|     2297875.802|        125|00:00:09|+0.68|0.84|0.1003|
|x|          5|         65|        243|     1805560.528|        185|00:00:12|+0.00|0.34|0.6880|
|x|         11|         65|        212|     2621589.287|        245|00:00:09|+0.10|0.33|0.6679|
|-|          8|         38|        212|     2097379.289|        305|00:02:54|-0.11|0.11|1.0704|
|=|          6|         38|        212|     1747842.670|        338|00:00:05|-0.12|0.07|1.0819|
|=|          3|         38|        212|     1498191.383|        371|00:01:54|-0.10|0.06|1.0459|
|=|          7|         38|        212|     1311032.499|        404|00:01:09|-0.05|0.08|1.0156|
|=|         10|         38|        212|     1165362.285|        437|00:00:05|-0.04|0.08|1.0000|
|=|          2|         38|        212|     1048826.088|        470|00:00:05|-0.05|0.06|1.0049|
|=|          1|         38|        212|     957329.4698|        503|00:00:04|-0.03|0.06|0.9903|
|=|          4|         38|        212|     884554.2058|        536|00:00:05|-0.05|0.04|0.9990|
|=|         13|         38|        212|     816513.5507|        574|00:00:05|-0.05|0.03|0.9949|
+-+-----------+-----------+-----------+----------------+-----------+--------+-----+----+------+
Best-so-far configuration:         212    mean value:      816513.5507
Description of the best-so-far configuration:
    .ID. particles topology modInfluence branching tSchedule phi1 phi2 inertia
212  212        60        4            0        NA        NA 2.06 2.08    0.48
    .PARENT.
212      132

# 2025-10-13 20:44:21 -03: Elite configurations (first number is the configuration ID; listed from best to worst according to the sum of ranks):
    particles topology modInfluence branching tSchedule phi1 phi2 inertia
212        60        4            0        NA        NA 2.06 2.08    0.48
220       144        4            0        NA        NA 1.95 2.46    0.59
218       122        4            0        NA        NA 1.73 2.21    0.65
214       123        4            2        NA        NA 1.71 2.46    0.66
205       110        4            0        NA        NA 1.89 2.37    0.51
# 2025-10-13 20:44:21 -03: Iteration 5 of 5
# experimentsUsed: 1951
# remainingBudget: 2049
# currentBudget: 2049
# nbConfigurations: 65
# Markers:
     x No test is performed.
     c Configurations are discarded only due to capping.
     - The test is performed and some configurations are discarded.
     = The test is performed but no configuration is discarded.
     ! The test is performed and configurations could be discarded but elite configurations are preserved.
     . All alive configurations are elite and nothing is discarded.

+-+-----------+-----------+-----------+----------------+-----------+--------+-----+----+------+
| |   Instance|      Alive|       Best|       Mean best| Exp so far|  W time|  rho|KenW|  Qvar|
+-+-----------+-----------+-----------+----------------+-----------+--------+-----+----+------+
|x|         14|         65|        220|     15030.78670|         65|00:00:10|   NA|  NA|    NA|
|x|          5|         65|        286|     15754.49096|        125|00:00:10|+0.37|0.68|0.1028|
|x|         10|         65|        296|     10607.43455|        185|00:00:07|+0.20|0.46|0.4625|
|x|          3|         65|        288|     7922.435975|        245|00:02:52|+0.23|0.42|0.4037|
|=|          4|         65|        205|     24376.06996|        305|00:00:07|+0.07|0.26|0.3789|
|=|          8|         65|        205|     20405.26159|        365|00:02:54|+0.05|0.21|0.4933|
|=|          9|         65|        296|     17270.28539|        425|00:00:07|+0.04|0.18|0.4474|
|-|         13|         41|        296|     15114.76361|        485|00:00:07|-0.07|0.07|1.0019|
|=|          7|         41|        296|     13532.83817|        521|00:01:10|-0.06|0.05|0.9988|
|=|          2|         41|        296|     12179.58482|        557|00:00:04|-0.04|0.06|0.9970|
|=|          6|         41|        296|     11084.90198|        593|00:00:05|-0.04|0.06|0.9758|
|=|          1|         41|        220|     13532.33445|        629|00:00:04|-0.02|0.07|0.9551|
|=|         11|         41|        296|     12935.76274|        665|00:00:04|-0.02|0.06|0.9671|
|=|         12|         41|        296|     1253788.697|        701|00:00:05|-0.03|0.04|0.9714|
|=|         15|         41|        296|     1179622.082|        742|00:00:05|-0.03|0.03|0.9928|
+-+-----------+-----------+-----------+----------------+-----------+--------+-----+----+------+
Best-so-far configuration:         296    mean value:      1179622.082
Description of the best-so-far configuration:
    .ID. particles topology modInfluence branching tSchedule phi1 phi2 inertia
296  296       111        4            0        NA        NA 2.12 2.16    0.53
    .PARENT.
296      205

# 2025-10-13 20:52:41 -03: Elite configurations (first number is the configuration ID; listed from best to worst according to the sum of ranks):
    particles topology modInfluence branching tSchedule phi1 phi2 inertia
296       111        4            0        NA        NA 2.12 2.16    0.53
275       134        4            0        NA        NA 2.28 2.27    0.48
262       150        4            0        NA        NA 1.42 2.38    0.52
220       144        4            0        NA        NA 1.95 2.46    0.59
212        60        4            0        NA        NA 2.06 2.08    0.48
# 2025-10-13 20:52:41 -03: Iteration 6 of 6
# experimentsUsed: 2693
# remainingBudget: 1307
# currentBudget: 1307
# nbConfigurations: 65
# Markers:
     x No test is performed.
     c Configurations are discarded only due to capping.
     - The test is performed and some configurations are discarded.
     = The test is performed but no configuration is discarded.
     ! The test is performed and configurations could be discarded but elite configurations are preserved.
     . All alive configurations are elite and nothing is discarded.

+-+-----------+-----------+-----------+----------------+-----------+--------+-----+----+------+
| |   Instance|      Alive|       Best|       Mean best| Exp so far|  W time|  rho|KenW|  Qvar|
+-+-----------+-----------+-----------+----------------+-----------+--------+-----+----+------+
|x|         16|         65|        307|     908.2113943|         65|00:03:24|   NA|  NA|    NA|
|x|         15|         65|        363|     38167.75937|        125|00:00:07|+0.06|0.53|0.9444|
|x|          4|         65|        307|     68385.93516|        185|00:00:07|-0.04|0.31|1.0440|
|x|          7|         65|        307|     51508.25500|        245|00:01:45|-0.04|0.22|1.0303|
|=|          9|         65|        351|     44778.69504|        305|00:00:07|-0.01|0.19|1.0007|
|=|         13|         65|        307|     34343.48938|        365|00:00:06|+0.00|0.17|1.0037|
|=|          1|         65|        351|     37404.02111|        425|00:00:06|-0.03|0.12|1.0202|
|=|          3|         65|        307|     31586.61085|        485|00:02:52|-0.02|0.11|1.0123|
|=|         12|         65|        307|     879312.5078|        545|00:00:08|-0.01|0.10|1.0004|
|=|          5|         65|        339|     1148068.333|        605|00:00:10|+0.00|0.10|0.9826|
|=|         10|         65|        339|     1043698.521|        665|00:00:07|+0.01|0.10|0.9750|
|=|          2|         65|        339|     956723.6696|        725|00:00:07|+0.01|0.09|0.9712|
|=|          6|         65|        339|     883139.0485|        785|00:00:07|+0.01|0.09|0.9659|
|=|         14|         65|        339|     821156.0493|        845|00:00:08|+0.01|0.08|0.9684|
|=|          8|         65|        339|     766449.4745|        905|00:02:52|-0.01|0.06|0.9733|
|=|         11|         65|        339|     718547.1329|        965|00:00:07|-0.01|0.05|0.9839|
|=|         17|         65|        339|     676279.7229|       1030|00:00:07|-0.01|0.05|0.9896|
+-+-----------+-----------+-----------+----------------+-----------+--------+-----+----+------+
Best-so-far configuration:         339    mean value:      676279.7229
Description of the best-so-far configuration:
    .ID. particles topology modInfluence branching tSchedule phi1 phi2 inertia
339  339       144        4            0        NA        NA 1.96 2.47     0.6
    .PARENT.
339      220

# 2025-10-13 21:05:15 -03: Elite configurations (first number is the configuration ID; listed from best to worst according to the sum of ranks):
    particles topology modInfluence branching tSchedule phi1 phi2 inertia
339       144        4            0        NA        NA 1.96 2.47    0.60
351       130        4            0        NA        NA 2.22 2.21    0.50
307       110        4            0        NA        NA 2.24 2.13    0.55
275       134        4            0        NA        NA 2.28 2.27    0.48
335       135        4            0        NA        NA 2.35 2.29    0.50
# 2025-10-13 21:05:15 -03: Stopped because there is not enough budget to enforce the value of nbConfigurations.
# Iteration: 7
# nbIterations: 7
# experimentsUsed: 3723
# timeUsed: 0
# remainingBudget: 277
# currentBudget: 277
# number of elites: 5
# nbConfigurations: 20
# Total CPU user time: 28034.29, CPU sys time: 168.942, Wall-clock time: 3139.707
# 2025-10-13 21:05:15 -03: Starting post-selection:
# Configurations selected: 339, 351, 307, 275, 335, 296, 262, 220, 212, 218, 214, 205, 132, 158, 143, 77.
# Pending instances: 1, 1, 1, 1, 1, 1, 1, 1, 1, 3, 3, 3, 5, 5, 5, 5.
# 2025-10-13 21:05:15 -03: seed: 1200239
# Configurations: 16
# Available experiments: 277
# minSurvival: 1
# Markers:
     x No test is performed.
     c Configurations are discarded only due to capping.
     - The test is performed and some configurations are discarded.
     = The test is performed but no configuration is discarded.
     ! The test is performed and configurations could be discarded but elite configurations are preserved.
     . All alive configurations are elite and nothing is discarded.

+-+-----------+-----------+-----------+----------------+-----------+--------+-----+----+------+
| |   Instance|      Alive|       Best|       Mean best| Exp so far|  W time|  rho|KenW|  Qvar|
+-+-----------+-----------+-----------+----------------+-----------+--------+-----+----+------+
|.|          4|         16|        335|     61520.01418|          0|00:00:00|   NA|  NA|    NA|
|.|          1|         16|        335|     47446.23771|          0|00:00:00|-0.52|0.24|1.2333|
|.|          7|         16|        335|     31933.58126|          0|00:00:00|-0.24|0.17|1.1761|
|x|         14|         16|        220|     36185.37165|          4|00:00:01|-0.07|0.20|1.0233|
|.|          3|         16|        220|     28993.95329|          4|00:00:00|+0.00|0.20|1.0088|
|.|          6|         16|        220|     24181.30816|          4|00:00:00|+0.07|0.22|0.9200|
|.|         11|         16|        220|     20729.09258|          4|00:00:00|+0.03|0.17|0.9206|
|x|         17|         16|        339|     16787.79380|         11|00:00:01|-0.01|0.12|0.9444|
|.|          2|         16|        339|     14922.51762|         11|00:00:00|-0.03|0.08|0.9522|
|.|          9|         16|        339|     13430.69871|         11|00:00:00|-0.05|0.06|0.9644|
|x|         15|         16|        275|     24277.28408|         15|00:00:01|-0.06|0.04|0.9799|
|.|         13|         16|        275|     22261.36654|         15|00:00:00|-0.05|0.03|0.9858|
|.|          8|         16|        275|     20591.08499|         15|00:00:00|-0.05|0.04|0.9682|
|.|         10|         16|        275|     19120.32097|         15|00:00:00|-0.05|0.03|0.9699|
|x|         16|         16|        275|     17906.31373|         22|00:00:30|-0.04|0.03|0.9584|
|.|          5|         16|        275|     17818.41390|         22|00:00:00|-0.03|0.04|0.9469|
|.|         12|         16|        275|     556374.7746|         22|00:00:00|-0.02|0.04|0.9478|
|=|         18|         16|        351|     430470.7026|         38|00:00:57|-0.02|0.04|0.9413|
|=|         19|         16|        351|     407815.5996|         54|00:00:27|-0.01|0.04|0.9353|
|=|         20|         16|        351|     387471.5619|         70|00:01:03|-0.01|0.04|0.9270|
|=|         21|         16|        351|     369031.1436|         86|00:00:02|-0.00|0.05|0.9185|
|=|         22|         16|        351|     352259.2124|        102|00:00:02|+0.01|0.05|0.9090|
|=|         23|         16|        339|     499937.6001|        118|00:00:01|+0.00|0.05|0.9189|
|=|         24|         16|        339|     479109.9445|        134|00:00:03|+0.01|0.05|0.9178|
|=|         25|         16|        351|     309998.1502|        150|00:00:02|+0.02|0.06|0.9095|
|-|         26|         12|        339|     442294.4738|        166|00:00:59|-0.00|0.04|0.9134|
|=|         27|         12|        339|     425920.5810|        178|00:00:01|+0.00|0.04|0.9110|
|=|         28|         12|        339|     410709.7692|        190|00:00:02|+0.00|0.04|0.9143|
|=|         29|         12|        339|     396578.7752|        202|00:00:58|-0.00|0.03|0.9168|
|=|         30|         12|        339|     383360.5825|        214|00:00:25|-0.00|0.03|0.9164|
|=|         31|         12|        339|     370996.8773|        226|00:00:02|+0.00|0.03|0.9103|
|=|         32|         12|        339|     359403.2828|        238|00:00:01|-0.00|0.03|0.9122|
|=|         33|         12|        339|     348732.9929|        250|00:00:02|+0.00|0.03|0.9101|
|=|         34|         12|        339|     338500.4438|        262|00:00:01|-0.00|0.03|0.9156|
|=|         35|         12|        339|     328831.4345|        274|00:00:02|+0.00|0.03|0.9121|
+-+-----------+-----------+-----------+----------------+-----------+--------+-----+----+------+
Best-so-far configuration:         339    mean value:      328831.4345
Description of the best-so-far configuration:
    .ID. particles topology modInfluence branching tSchedule phi1 phi2 inertia
339  339       144        4            0        NA        NA 1.96 2.47     0.6
    .PARENT.
339      220

# 2025-10-13 21:11:11 -03: Elite configurations (first number is the configuration ID; listed from best to worst according to the sum of ranks):
    particles topology modInfluence branching tSchedule phi1 phi2 inertia
339       144        4            0        NA        NA 1.96 2.47    0.60
351       130        4            0        NA        NA 2.22 2.21    0.50
220       144        4            0        NA        NA 1.95 2.46    0.59
205       110        4            0        NA        NA 1.89 2.37    0.51
335       135        4            0        NA        NA 2.35 2.29    0.50
# Total CPU user time: 30623.56, CPU sys time: 181.929, Wall-clock time: 3495.392
    .ID. particles topology modInfluence branching tSchedule phi1 phi2 inertia
339  339       144        4            0        NA        NA 1.96 2.47    0.60
351  351       130        4            0        NA        NA 2.22 2.21    0.50
220  220       144        4            0        NA        NA 1.95 2.46    0.59
205  205       110        4            0        NA        NA 1.89 2.37    0.51
335  335       135        4            0        NA        NA 2.35 2.29    0.50
    .PARENT. .RANK.   .WEIGHT.
339      220    176 0.33333333
351      275    210 0.26666667
220      132    213 0.20000000
205      132    214 0.13333333
335      275    227 0.06666667
