# 2025-09-19 20:06:55 -03: Reading parameter file '/home/dianag/PruebasPablo/irace-test-executions/ACOTSP-withRanking/Scenarios-2/BL/Runs/BL_seed_400031/parameters.txt'.
# 2025-09-19 20:06:55 -03: 1 expression(s) specifying forbidden configurations read.
# 2025-09-19 20:06:55 -03: Initialization
# Elitist race
# Elitist new instances: 1
# Elitist limit: 2
# nbIterations: 5
# minNbSurvival: 5
# nbParameters: 11
# seed: 400031
# confidence level: 0.95
# budget: 2750
# mu: 5
# deterministic: FALSE

# 2025-09-19 20:06:55 -03: Iteration 1 of 5
# experimentsUsed: 0
# remainingBudget: 2750
# currentBudget: 550
# nbConfigurations: 91
# Markers:
     x No test is performed.
     c Configurations are discarded only due to capping.
     - The test is performed and some configurations are discarded.
     = The test is performed but no configuration is discarded.
     ! The test is performed and configurations could be discarded but elite configurations are preserved.
     . All alive configurations are elite and nothing is discarded.

+-+-----------+-----------+-----------+----------------+-----------+--------+-----+----+------+
| |   Instance|      Alive|       Best|       Mean best| Exp so far|  W time|  rho|KenW|  Qvar|
+-+-----------+-----------+-----------+----------------+-----------+--------+-----+----+------+
|x|          1|         91|          1|     32733764.00|         91|00:02:10|   NA|  NA|    NA|
|x|          2|         91|         17|     32770472.00|        182|00:02:11|+0.98|0.99|0.0021|
|x|          3|         91|         17|     32780796.00|        273|00:02:08|+0.98|0.99|0.0015|
|x|          4|         91|         47|     32834665.75|        364|00:02:07|+0.98|0.99|0.0018|
|-|          5|          4|         47|     32763811.20|        455|00:02:14|+0.34|0.47|0.4923|
+-+-----------+-----------+-----------+----------------+-----------+--------+-----+----+------+
Best-so-far configuration:          47    mean value:      32763811.20
Description of the best-so-far configuration:
   .ID. algorithm localsearch alpha beta  rho ants   q0 rasrank elitistants
47   47       acs           3  4.56 6.15 0.86   27 0.37      NA          NA
   nnls dlb .PARENT.
47   39   1       NA

# 2025-09-19 20:17:47 -03: Elite configurations (first number is the configuration ID; listed from best to worst according to the sum of ranks):
   algorithm localsearch alpha beta  rho ants   q0 rasrank elitistants nnls dlb
47       acs           3  4.56 6.15 0.86   27 0.37      NA          NA   39   1
7        acs           2  4.16 7.87 0.16   52 0.42      NA          NA   37   0
1        ras           3  2.29 1.62 0.29   40   NA      67          NA    8   1
66       acs           2  1.16 2.95 0.49   32 0.96      NA          NA   44   0
# 2025-09-19 20:17:47 -03: Iteration 2 of 5
# experimentsUsed: 455
# remainingBudget: 2295
# currentBudget: 573
# nbConfigurations: 84
# Markers:
     x No test is performed.
     c Configurations are discarded only due to capping.
     - The test is performed and some configurations are discarded.
     = The test is performed but no configuration is discarded.
     ! The test is performed and configurations could be discarded but elite configurations are preserved.
     . All alive configurations are elite and nothing is discarded.

+-+-----------+-----------+-----------+----------------+-----------+--------+-----+----+------+
| |   Instance|      Alive|       Best|       Mean best| Exp so far|  W time|  rho|KenW|  Qvar|
+-+-----------+-----------+-----------+----------------+-----------+--------+-----+----+------+
|x|          6|         84|        101|     32805974.00|         84|00:01:45|   NA|  NA|    NA|
|x|          4|         84|        101|     32913836.00|        164|00:01:40|+0.97|0.99|0.0011|
|x|          1|         84|        101|     32851368.67|        244|00:01:41|+0.97|0.98|0.0012|
|x|          2|         84|        101|     32828438.75|        324|00:01:42|+0.97|0.98|0.0013|
|-|          5|          9|        101|     32758546.20|        404|00:01:42|+0.26|0.41|0.7441|
|-|          3|          2|        101|     32742488.83|        409|00:00:10|-0.07|0.11|0.5333|
+-+-----------+-----------+-----------+----------------+-----------+--------+-----+----+------+
Best-so-far configuration:         101    mean value:      32742488.83
Description of the best-so-far configuration:
    .ID. algorithm localsearch alpha beta  rho ants   q0 rasrank elitistants
101  101       acs           3  2.33 0.77 0.37   15 0.15      NA          NA
    nnls dlb .PARENT.
101    7   1        1

# 2025-09-19 20:26:31 -03: Elite configurations (first number is the configuration ID; listed from best to worst according to the sum of ranks):
    algorithm localsearch alpha beta  rho ants   q0 rasrank elitistants nnls
101       acs           3  2.33 0.77 0.37   15 0.15      NA          NA    7
155       acs           3  3.97 9.74 0.77   67 0.24      NA          NA   36
    dlb
101   1
155   1
# 2025-09-19 20:26:31 -03: Iteration 3 of 5
# experimentsUsed: 864
# remainingBudget: 1886
# currentBudget: 628
# nbConfigurations: 80
# Markers:
     x No test is performed.
     c Configurations are discarded only due to capping.
     - The test is performed and some configurations are discarded.
     = The test is performed but no configuration is discarded.
     ! The test is performed and configurations could be discarded but elite configurations are preserved.
     . All alive configurations are elite and nothing is discarded.

+-+-----------+-----------+-----------+----------------+-----------+--------+-----+----+------+
| |   Instance|      Alive|       Best|       Mean best| Exp so far|  W time|  rho|KenW|  Qvar|
+-+-----------+-----------+-----------+----------------+-----------+--------+-----+----+------+
|x|          7|         80|        248|     32500645.00|         80|00:01:41|   NA|  NA|    NA|
|x|          5|         80|        248|     32467066.50|        158|00:01:38|+0.92|0.96|0.0008|
|x|          4|         80|        248|     32642563.33|        236|00:01:38|+0.93|0.96|0.0015|
|x|          3|         80|        248|     32666482.50|        314|00:01:37|+0.94|0.95|0.0012|
|-|          6|          9|        101|     32694796.20|        392|00:01:37|+0.13|0.30|0.8579|
|=|          2|          9|        248|     32714252.00|        399|00:00:21|-0.04|0.13|0.9388|
|=|          1|          9|        248|     32710932.71|        406|00:00:21|-0.01|0.13|0.8934|
|=|          8|          9|        248|     32677288.00|        415|00:00:22|+0.04|0.16|0.8708|
+-+-----------+-----------+-----------+----------------+-----------+--------+-----+----+------+
Best-so-far configuration:         248    mean value:      32677288.00
Description of the best-so-far configuration:
    .ID. algorithm localsearch alpha beta  rho ants   q0 rasrank elitistants
248  248       acs           3  3.19 6.16 0.65   52 0.24      NA          NA
    nnls dlb .PARENT.
248   34   1      155

# 2025-09-19 20:35:50 -03: Elite configurations (first number is the configuration ID; listed from best to worst according to the sum of ranks):
    algorithm localsearch alpha beta  rho ants   q0 rasrank elitistants nnls
248       acs           3  3.19 6.16 0.65   52 0.24      NA          NA   34
242       acs           3  3.88 8.17 0.75   62 0.33      NA          NA   36
101       acs           3  2.33 0.77 0.37   15 0.15      NA          NA    7
155       acs           3  3.97 9.74 0.77   67 0.24      NA          NA   36
199       acs           3  2.64 1.34 0.34   12 0.39      NA          NA   10
    dlb
248   1
242   1
101   1
155   1
199   1
# 2025-09-19 20:35:50 -03: Iteration 4 of 5
# experimentsUsed: 1279
# remainingBudget: 1471
# currentBudget: 735
# nbConfigurations: 86
# Markers:
     x No test is performed.
     c Configurations are discarded only due to capping.
     - The test is performed and some configurations are discarded.
     = The test is performed but no configuration is discarded.
     ! The test is performed and configurations could be discarded but elite configurations are preserved.
     . All alive configurations are elite and nothing is discarded.

+-+-----------+-----------+-----------+----------------+-----------+--------+-----+----+------+
| |   Instance|      Alive|       Best|       Mean best| Exp so far|  W time|  rho|KenW|  Qvar|
+-+-----------+-----------+-----------+----------------+-----------+--------+-----+----+------+
|x|          9|         86|        199|     32070798.00|         86|00:01:38|   NA|  NA|    NA|
|x|          1|         86|        262|     32404663.00|        167|00:01:34|+0.80|0.90|0.0023|
|x|          4|         86|        199|     32583994.00|        248|00:01:33|+0.78|0.86|0.0022|
|x|          6|         86|        297|     32647987.00|        329|00:01:34|+0.78|0.84|0.0017|
|-|          7|         20|        297|     32623502.80|        410|00:01:33|-0.11|0.11|1.0457|
|=|          5|         20|        297|     32595529.33|        425|00:00:20|-0.05|0.13|0.9896|
|=|          8|         20|        317|     32591002.43|        440|00:00:20|-0.02|0.13|0.9636|
|=|          3|         20|        273|     32605348.88|        455|00:00:21|-0.02|0.11|0.9677|
|=|          2|         20|        273|     32615658.00|        470|00:00:20|+0.01|0.12|0.9437|
|=|         10|         20|        297|     32632839.10|        490|00:00:20|+0.01|0.11|0.9402|
+-+-----------+-----------+-----------+----------------+-----------+--------+-----+----+------+
Best-so-far configuration:         297    mean value:      32632839.10
Description of the best-so-far configuration:
    .ID. algorithm localsearch alpha beta  rho ants   q0 rasrank elitistants
297  297       acs           3  2.42 0.85 0.64   35 0.16      NA          NA
    nnls dlb .PARENT.
297   19   1      101

# 2025-09-19 20:45:30 -03: Elite configurations (first number is the configuration ID; listed from best to worst according to the sum of ranks):
    algorithm localsearch alpha beta  rho ants   q0 rasrank elitistants nnls
297       acs           3  2.42 0.85 0.64   35 0.16      NA          NA   19
275       acs           3  2.87 4.31 0.08   30 0.07      NA          NA   11
273       acs           3  3.39 6.87 0.58   53 0.31      NA          NA   30
317       acs           3  2.28 6.74 0.41   39 0.17      NA          NA   22
328       acs           3  3.45 8.86 0.86   63 0.31      NA          NA   27
    dlb
297   1
275   1
273   1
317   1
328   1
# 2025-09-19 20:45:30 -03: Iteration 5 of 5
# experimentsUsed: 1769
# remainingBudget: 981
# currentBudget: 981
# nbConfigurations: 93
# Markers:
     x No test is performed.
     c Configurations are discarded only due to capping.
     - The test is performed and some configurations are discarded.
     = The test is performed but no configuration is discarded.
     ! The test is performed and configurations could be discarded but elite configurations are preserved.
     . All alive configurations are elite and nothing is discarded.

+-+-----------+-----------+-----------+----------------+-----------+--------+-----+----+------+
| |   Instance|      Alive|       Best|       Mean best| Exp so far|  W time|  rho|KenW|  Qvar|
+-+-----------+-----------+-----------+----------------+-----------+--------+-----+----+------+
|x|         11|         93|        365|     32424425.00|         93|00:01:43|   NA|  NA|    NA|
|x|          3|         93|        345|     32531923.00|        181|00:01:33|+0.43|0.72|0.0003|
|x|          5|         93|        386|     32471460.67|        269|00:01:33|+0.39|0.59|0.0004|
|x|          9|         93|        386|     32387539.25|        357|00:01:33|+0.37|0.53|0.0004|
|-|          1|         45|        386|     32442493.60|        445|00:01:33|-0.07|0.15|1.0507|
|=|          6|         45|        345|     32518982.33|        485|00:00:41|-0.03|0.14|1.0274|
|=|          4|         45|        403|     32582998.14|        525|00:00:42|+0.02|0.16|0.9797|
|=|          7|         45|        403|     32568539.50|        565|00:00:41|+0.03|0.15|0.9678|
|=|         10|         45|        403|     32602688.22|        605|00:00:42|+0.03|0.14|0.9579|
|-|          2|         21|        403|     32609078.30|        645|00:00:41|+0.07|0.16|0.9049|
|-|          8|         15|        403|     32598373.64|        661|00:00:21|-0.02|0.07|0.9524|
|=|         12|         15|        403|     32600880.75|        676|00:00:20|-0.01|0.08|0.9367|
|=|         13|         15|        403|     32599138.77|        691|00:00:20|+0.01|0.08|0.9252|
+-+-----------+-----------+-----------+----------------+-----------+--------+-----+----+------+
Best-so-far configuration:         403    mean value:      32599138.77
Description of the best-so-far configuration:
    .ID. algorithm localsearch alpha beta  rho ants   q0 rasrank elitistants
403  403       acs           3  1.95 0.48 0.52   32 0.24      NA          NA
    nnls dlb .PARENT.
403   21   1      297

# 2025-09-19 20:58:02 -03: Elite configurations (first number is the configuration ID; listed from best to worst according to the sum of ranks):
    algorithm localsearch alpha beta  rho ants   q0 rasrank elitistants nnls
403       acs           3  1.95 0.48 0.52   32 0.24      NA          NA   21
386       acs           3  2.11 3.09 0.66   52 0.07      NA          NA   16
339       acs           3  3.16 5.34 0.08   39 0.35      NA          NA   10
392       acs           3  1.94 7.14 0.60   46 0.02      NA          NA   19
345       acs           3  2.35 6.74 0.67   51 0.44      NA          NA   25
    dlb
403   1
386   1
339   1
392   1
345   1
# 2025-09-19 20:58:02 -03: Iteration 6 of 6
# experimentsUsed: 2460
# remainingBudget: 290
# currentBudget: 290
# nbConfigurations: 25
# Markers:
     x No test is performed.
     c Configurations are discarded only due to capping.
     - The test is performed and some configurations are discarded.
     = The test is performed but no configuration is discarded.
     ! The test is performed and configurations could be discarded but elite configurations are preserved.
     . All alive configurations are elite and nothing is discarded.

+-+-----------+-----------+-----------+----------------+-----------+--------+-----+----+------+
| |   Instance|      Alive|       Best|       Mean best| Exp so far|  W time|  rho|KenW|  Qvar|
+-+-----------+-----------+-----------+----------------+-----------+--------+-----+----+------+
|x|         14|         25|        339|     32647538.00|         25|00:00:31|   NA|  NA|    NA|
|x|          5|         25|        431|     32533817.00|         45|00:00:21|+0.42|0.71|0.2362|
|x|         10|         25|        431|     32645129.00|         65|00:00:20|+0.55|0.70|0.1910|
|x|          3|         25|        386|     32632619.25|         85|00:00:21|+0.53|0.65|0.2170|
|-|         13|         11|        386|     32625130.20|        105|00:00:20|-0.10|0.12|1.0090|
|=|          1|         11|        339|     32632542.50|        111|00:00:10|-0.03|0.14|0.9558|
|=|          9|         11|        339|     32555378.00|        117|00:00:10|+0.02|0.16|0.9101|
|=|         11|         11|        345|     32553453.88|        123|00:00:10|+0.00|0.13|0.9183|
|=|         12|         11|        403|     32567232.78|        129|00:00:10|-0.04|0.07|0.9370|
|=|          4|         11|        339|     32595823.40|        135|00:00:10|+0.00|0.10|0.9013|
|=|          8|         11|        386|     32580396.55|        141|00:00:10|-0.02|0.08|0.9098|
|=|          6|         11|        386|     32601458.08|        147|00:00:10|-0.02|0.07|0.9194|
|=|          2|         11|        386|     32605682.77|        153|00:00:10|+0.02|0.09|0.8889|
|=|          7|         11|        403|     32607132.50|        159|00:00:10|+0.04|0.11|0.8684|
|=|         15|         11|        339|     32605709.87|        170|00:00:20|+0.05|0.11|0.8593|
+-+-----------+-----------+-----------+----------------+-----------+--------+-----+----+------+
Best-so-far configuration:         339    mean value:      32605709.87
Description of the best-so-far configuration:
    .ID. algorithm localsearch alpha beta  rho ants   q0 rasrank elitistants
339  339       acs           3  3.16 5.34 0.08   39 0.35      NA          NA
    nnls dlb .PARENT.
339   10   1      275

# 2025-09-19 21:01:52 -03: Elite configurations (first number is the configuration ID; listed from best to worst according to the sum of ranks):
    algorithm localsearch alpha beta  rho ants   q0 rasrank elitistants nnls
339       acs           3  3.16 5.34 0.08   39 0.35      NA          NA   10
431       acs           3  2.25 7.50 0.51   43 0.04      NA          NA   16
386       acs           3  2.11 3.09 0.66   52 0.07      NA          NA   16
428       acs           3  3.22 5.87 0.12   38 0.19      NA          NA   15
403       acs           3  1.95 0.48 0.52   32 0.24      NA          NA   21
    dlb
339   1
431   1
386   1
428   1
403   1
# 2025-09-19 21:01:52 -03: Iteration 7 of 7
# experimentsUsed: 2630
# remainingBudget: 120
# currentBudget: 120
# nbConfigurations: 12
# Markers:
     x No test is performed.
     c Configurations are discarded only due to capping.
     - The test is performed and some configurations are discarded.
     = The test is performed but no configuration is discarded.
     ! The test is performed and configurations could be discarded but elite configurations are preserved.
     . All alive configurations are elite and nothing is discarded.

+-+-----------+-----------+-----------+----------------+-----------+--------+-----+----+------+
| |   Instance|      Alive|       Best|       Mean best| Exp so far|  W time|  rho|KenW|  Qvar|
+-+-----------+-----------+-----------+----------------+-----------+--------+-----+----+------+
|x|         16|         12|        440|     32525065.00|         12|00:00:20|   NA|  NA|    NA|
|x|         13|         12|        339|     32539953.50|         19|00:00:10|+0.37|0.69|0.2953|
|x|          2|         12|        339|     32573991.67|         26|00:00:10|+0.48|0.65|0.2929|
|x|          7|         12|        339|     32537508.50|         33|00:00:10|+0.56|0.67|0.2333|
|-|         15|          6|        339|     32572862.40|         40|00:00:10|+0.05|0.24|0.7814|
|=|          6|          6|        339|     32618275.50|         41|00:00:10|-0.01|0.16|0.7691|
|=|          5|          6|        339|     32591398.29|         42|00:00:10|-0.03|0.11|0.8032|
|=|          4|          6|        339|     32631270.38|         43|00:00:10|+0.04|0.16|0.7515|
|=|          8|          6|        339|     32616425.67|         44|00:00:10|+0.00|0.11|0.7824|
|=|          3|          6|        339|     32618392.70|         45|00:00:10|-0.00|0.10|0.7986|
|=|          9|          6|        339|     32570574.36|         46|00:00:10|+0.03|0.12|0.7664|
|=|         14|          6|        339|     32576988.00|         47|00:00:10|+0.04|0.12|0.7487|
|=|         10|          6|        339|     32602308.92|         48|00:00:10|+0.06|0.14|0.7265|
|-|          1|          5|        339|     32604781.00|         49|00:00:10|+0.01|0.08|0.7876|
|.|         11|          5|        339|     32599233.13|         49|00:00:00|-0.03|0.04|0.8167|
|.|         12|          5|        339|     32601696.69|         49|00:00:00|-0.04|0.03|0.8158|
+-+-----------+-----------+-----------+----------------+-----------+--------+-----+----+------+
Best-so-far configuration:         339    mean value:      32601696.69
Description of the best-so-far configuration:
    .ID. algorithm localsearch alpha beta  rho ants   q0 rasrank elitistants
339  339       acs           3  3.16 5.34 0.08   39 0.35      NA          NA
    nnls dlb .PARENT.
339   10   1      275

# 2025-09-19 21:04:30 -03: Elite configurations (first number is the configuration ID; listed from best to worst according to the sum of ranks):
    algorithm localsearch alpha beta  rho ants   q0 rasrank elitistants nnls
339       acs           3  3.16 5.34 0.08   39 0.35      NA          NA   10
431       acs           3  2.25 7.50 0.51   43 0.04      NA          NA   16
386       acs           3  2.11 3.09 0.66   52 0.07      NA          NA   16
403       acs           3  1.95 0.48 0.52   32 0.24      NA          NA   21
428       acs           3  3.22 5.87 0.12   38 0.19      NA          NA   15
    dlb
339   1
431   1
386   1
403   1
428   1
# 2025-09-19 21:04:30 -03: Iteration 8 of 8
# experimentsUsed: 2679
# remainingBudget: 71
# currentBudget: 71
# nbConfigurations: 8
# Markers:
     x No test is performed.
     c Configurations are discarded only due to capping.
     - The test is performed and some configurations are discarded.
     = The test is performed but no configuration is discarded.
     ! The test is performed and configurations could be discarded but elite configurations are preserved.
     . All alive configurations are elite and nothing is discarded.

+-+-----------+-----------+-----------+----------------+-----------+--------+-----+----+------+
| |   Instance|      Alive|       Best|       Mean best| Exp so far|  W time|  rho|KenW|  Qvar|
+-+-----------+-----------+-----------+----------------+-----------+--------+-----+----+------+
|x|         17|          8|        386|     32290314.00|          8|00:00:10|   NA|  NA|    NA|
|x|         14|          8|        339|     32478034.50|         11|00:00:10|+0.62|0.81|0.0187|
|x|          4|          8|        339|     32622148.00|         14|00:00:10|+0.76|0.84|0.0121|
|x|         12|          8|        339|     32626273.50|         17|00:00:10|+0.54|0.65|0.0198|
|-|          2|          6|        339|     32629432.40|         20|00:00:10|-0.12|0.10|0.9169|
|=|          8|          6|        431|     32609458.67|         21|00:00:10|-0.08|0.10|0.9068|
|=|          9|          6|        339|     32533888.71|         22|00:00:10|-0.07|0.08|0.8709|
|=|         13|          6|        339|     32534453.62|         23|00:00:10|-0.09|0.05|0.8840|
|=|         15|          6|        339|     32554434.11|         24|00:00:10|-0.04|0.08|0.8476|
|=|          5|          6|        339|     32542004.20|         25|00:00:10|-0.02|0.08|0.8464|
|=|         11|          6|        339|     32540145.91|         26|00:00:10|-0.02|0.07|0.8308|
|=|          1|          6|        339|     32548210.25|         27|00:00:10|+0.01|0.09|0.8124|
|=|          7|          6|        339|     32538967.85|         28|00:00:10|+0.03|0.11|0.7966|
|=|          3|          6|        339|     32545905.57|         29|00:00:10|+0.02|0.09|0.8101|
|=|          6|          6|        339|     32565867.93|         30|00:00:10|+0.02|0.09|0.8155|
|=|         10|          6|        339|     32587136.19|         31|00:00:10|+0.03|0.09|0.8128|
|=|         16|          6|        339|     32584451.65|         32|00:00:10|+0.03|0.08|0.8125|
|=|         18|          6|        339|     32588271.89|         38|00:00:10|+0.00|0.06|0.8251|
+-+-----------+-----------+-----------+----------------+-----------+--------+-----+----+------+
Best-so-far configuration:         339    mean value:      32588271.89
Description of the best-so-far configuration:
    .ID. algorithm localsearch alpha beta  rho ants   q0 rasrank elitistants
339  339       acs           3  3.16 5.34 0.08   39 0.35      NA          NA
    nnls dlb .PARENT.
339   10   1      275

# 2025-09-19 21:07:37 -03: Elite configurations (first number is the configuration ID; listed from best to worst according to the sum of ranks):
    algorithm localsearch alpha beta  rho ants   q0 rasrank elitistants nnls
339       acs           3  3.16 5.34 0.08   39 0.35      NA          NA   10
386       acs           3  2.11 3.09 0.66   52 0.07      NA          NA   16
431       acs           3  2.25 7.50 0.51   43 0.04      NA          NA   16
403       acs           3  1.95 0.48 0.52   32 0.24      NA          NA   21
428       acs           3  3.22 5.87 0.12   38 0.19      NA          NA   15
    dlb
339   1
386   1
431   1
403   1
428   1
# 2025-09-19 21:07:37 -03: Iteration 9 of 9
# experimentsUsed: 2717
# remainingBudget: 33
# currentBudget: 33
# nbConfigurations: 6
# Markers:
     x No test is performed.
     c Configurations are discarded only due to capping.
     - The test is performed and some configurations are discarded.
     = The test is performed but no configuration is discarded.
     ! The test is performed and configurations could be discarded but elite configurations are preserved.
     . All alive configurations are elite and nothing is discarded.

+-+-----------+-----------+-----------+----------------+-----------+--------+-----+----+------+
| |   Instance|      Alive|       Best|       Mean best| Exp so far|  W time|  rho|KenW|  Qvar|
+-+-----------+-----------+-----------+----------------+-----------+--------+-----+----+------+
|x|         19|          6|        339|     32539937.00|          6|00:00:10|   NA|  NA|    NA|
|x|         15|          6|        339|     32627107.50|          7|00:00:10|+0.66|0.83|0.4341|
|x|          5|          6|        431|     32543360.00|          8|00:00:10|+0.33|0.56|0.6548|
|x|         13|          6|        339|     32555689.50|          9|00:00:10|+0.14|0.36|0.7712|
|=|         16|          6|        339|     32552851.40|         10|00:00:10|+0.21|0.37|0.7643|
|=|         10|          6|        339|     32611736.17|         11|00:00:10|+0.23|0.36|0.7155|
|-|         17|          5|        339|     32568421.14|         12|00:00:10|+0.00|0.14|0.8285|
|.|          4|          5|        339|     32611165.38|         12|00:00:00|+0.04|0.16|0.7959|
|.|         18|          5|        339|     32615837.67|         12|00:00:00|+0.02|0.13|0.7887|
|.|          1|          5|        339|     32617945.70|         12|00:00:00|+0.06|0.15|0.7544|
|.|          2|          5|        339|     32620138.64|         12|00:00:00|+0.08|0.16|0.7471|
|.|          3|          5|        339|     32621468.42|         12|00:00:00|+0.06|0.14|0.7499|
|.|          7|          5|        339|     32606590.77|         12|00:00:00|+0.06|0.14|0.7456|
|.|          8|          5|        339|     32598810.57|         12|00:00:00|+0.03|0.10|0.7765|
|.|          6|          5|        339|     32615245.93|         12|00:00:00|-0.01|0.05|0.8052|
|.|          9|          5|        339|     32582567.50|         12|00:00:00|+0.01|0.07|0.7844|
|.|         12|          5|        339|     32585866.47|         12|00:00:00|-0.01|0.05|0.8003|
|.|         11|          5|        339|     32582294.06|         12|00:00:00|-0.03|0.02|0.8207|
|.|         14|          5|        339|     32585727.95|         12|00:00:00|-0.02|0.03|0.8085|
+-+-----------+-----------+-----------+----------------+-----------+--------+-----+----+------+
Best-so-far configuration:         339    mean value:      32585727.95
Description of the best-so-far configuration:
    .ID. algorithm localsearch alpha beta  rho ants   q0 rasrank elitistants
339  339       acs           3  3.16 5.34 0.08   39 0.35      NA          NA
    nnls dlb .PARENT.
339   10   1      275

# 2025-09-19 21:08:50 -03: Elite configurations (first number is the configuration ID; listed from best to worst according to the sum of ranks):
    algorithm localsearch alpha beta  rho ants   q0 rasrank elitistants nnls
339       acs           3  3.16 5.34 0.08   39 0.35      NA          NA   10
386       acs           3  2.11 3.09 0.66   52 0.07      NA          NA   16
431       acs           3  2.25 7.50 0.51   43 0.04      NA          NA   16
403       acs           3  1.95 0.48 0.52   32 0.24      NA          NA   21
428       acs           3  3.22 5.87 0.12   38 0.19      NA          NA   15
    dlb
339   1
386   1
431   1
403   1
428   1
# 2025-09-19 21:08:50 -03: Iteration 10 of 10
# experimentsUsed: 2729
# remainingBudget: 21
# currentBudget: 21
# nbConfigurations: 6
# Markers:
     x No test is performed.
     c Configurations are discarded only due to capping.
     - The test is performed and some configurations are discarded.
     = The test is performed but no configuration is discarded.
     ! The test is performed and configurations could be discarded but elite configurations are preserved.
     . All alive configurations are elite and nothing is discarded.

+-+-----------+-----------+-----------+----------------+-----------+--------+-----+----+------+
| |   Instance|      Alive|       Best|       Mean best| Exp so far|  W time|  rho|KenW|  Qvar|
+-+-----------+-----------+-----------+----------------+-----------+--------+-----+----+------+
|x|         17|          6|        386|     32290314.00|          1|00:00:10|   NA|  NA|    NA|
|x|          2|          6|        386|     32473346.50|          2|00:00:10|-0.37|0.31|1.2536|
|x|          9|          6|        339|     32347663.33|          3|00:00:10|+0.05|0.37|0.7754|
|x|          3|          6|        386|     32408758.50|          4|00:00:10|+0.09|0.31|0.7503|
|=|         19|          6|        339|     32443804.60|          5|00:00:10|+0.04|0.23|0.8082|
|=|         18|          6|        339|     32478706.50|          6|00:00:10|+0.10|0.25|0.7512|
|=|         16|          6|        339|     32487676.86|          7|00:00:10|+0.19|0.30|0.7245|
|!|          1|          6|        339|     32506332.00|          8|00:00:10|+0.20|0.30|0.7070|
|!|         14|          6|        339|     32522021.56|          9|00:00:10|+0.16|0.25|0.7161|
|=|         13|          6|        339|     32523660.20|         10|00:00:10|+0.12|0.21|0.7204|
|=|          8|          6|        339|     32521297.27|         11|00:00:10|+0.06|0.14|0.7850|
|=|         10|          6|        339|     32553369.17|         12|00:00:10|+0.03|0.12|0.7972|
|=|         12|          6|        339|     32559929.23|         13|00:00:10|+0.00|0.08|0.8262|
|=|         11|          6|        386|     32558952.86|         14|00:00:10|-0.03|0.05|0.8583|
|=|         15|          6|        339|     32567661.40|         15|00:00:10|-0.00|0.06|0.8455|
|=|          7|          6|        339|     32558936.25|         16|00:00:10|-0.01|0.06|0.8426|
|=|          6|          6|        339|     32575783.59|         17|00:00:10|-0.03|0.04|0.8573|
|=|          5|          6|        339|     32567692.00|         18|00:00:10|-0.03|0.03|0.8614|
|=|          4|          6|        450|     32594578.63|         19|00:00:10|-0.02|0.04|0.8537|
+-+-----------+-----------+-----------+----------------+-----------+--------+-----+----+------+
Best-so-far configuration:         450    mean value:      32594578.63
Description of the best-so-far configuration:
    .ID. algorithm localsearch alpha beta  rho ants   q0 rasrank elitistants
450  450       acs           3  2.19 7.87 0.69   41 0.03      NA          NA
    nnls dlb .PARENT.
450   15   1      431

# 2025-09-19 21:12:08 -03: Elite configurations (first number is the configuration ID; listed from best to worst according to the sum of ranks):
    algorithm localsearch alpha beta  rho ants   q0 rasrank elitistants nnls
450       acs           3  2.19 7.87 0.69   41 0.03      NA          NA   15
339       acs           3  3.16 5.34 0.08   39 0.35      NA          NA   10
386       acs           3  2.11 3.09 0.66   52 0.07      NA          NA   16
431       acs           3  2.25 7.50 0.51   43 0.04      NA          NA   16
428       acs           3  3.22 5.87 0.12   38 0.19      NA          NA   15
    dlb
450   1
339   1
386   1
431   1
428   1
# 2025-09-19 21:12:08 -03: Stopped because there is not enough budget left to race more than the minimum (5).
# You may either increase the budget or set 'minNbSurvival' to a lower value.
# Iteration: 11
# nbIterations: 11
# experimentsUsed: 2748
# timeUsed: 0
# remainingBudget: 2
# currentBudget: 2
# number of elites: 5
# nbConfigurations: 5
# Total CPU user time: 30622.37, CPU sys time: 230.578, Wall-clock time: 3913.351
# 2025-09-19 21:12:08 -03: Starting post-selection:
# Configurations selected: 450, 339.
# Pending instances: 0, 0.
# 2025-09-19 21:12:08 -03: seed: 400031
# Configurations: 2
# Available experiments: 2
# minSurvival: 1
# Markers:
     x No test is performed.
     c Configurations are discarded only due to capping.
     - The test is performed and some configurations are discarded.
     = The test is performed but no configuration is discarded.
     ! The test is performed and configurations could be discarded but elite configurations are preserved.
     . All alive configurations are elite and nothing is discarded.

+-+-----------+-----------+-----------+----------------+-----------+--------+-----+----+------+
| |   Instance|      Alive|       Best|       Mean best| Exp so far|  W time|  rho|KenW|  Qvar|
+-+-----------+-----------+-----------+----------------+-----------+--------+-----+----+------+
|.|          2|          2|        339|     32642068.00|          0|00:00:00|   NA|  NA|    NA|
|.|         16|          2|        339|     32591783.50|          0|00:00:00|+1.00|1.00|0.0000|
|.|          6|          2|        339|     32676302.67|          0|00:00:00|-0.33|0.11|0.6667|
|.|         14|          2|        339|     32669111.50|          0|00:00:00|+0.00|0.25|0.5000|
|.|         15|          2|        339|     32678144.80|          0|00:00:00|+0.20|0.36|0.4000|
|.|          4|          2|        339|     32716849.83|          0|00:00:00|-0.07|0.11|0.5333|
|.|          7|          2|        339|     32675594.00|          0|00:00:00|+0.05|0.18|0.4762|
|.|         19|          2|        339|     32658636.88|          0|00:00:00|+0.14|0.25|0.4286|
|.|         12|          2|        339|     32656416.11|          0|00:00:00|+0.00|0.11|0.5000|
|.|          9|          2|        339|     32600013.60|          0|00:00:00|+0.07|0.16|0.4667|
|.|         18|          2|        339|     32604850.18|          0|00:00:00|-0.02|0.07|0.5091|
|.|          3|          2|        339|     32607454.00|          0|00:00:00|-0.06|0.03|0.5303|
|.|         13|          2|        339|     32602142.77|          0|00:00:00|-0.03|0.05|0.5128|
|.|         17|          2|        339|     32581170.50|          0|00:00:00|-0.05|0.02|0.5275|
|.|         10|          2|        339|     32602836.47|          0|00:00:00|-0.07|0.00|0.5333|
|.|         11|          2|        339|     32597756.88|          0|00:00:00|-0.07|0.00|0.5333|
|.|          1|          2|        339|     32600060.47|          0|00:00:00|-0.06|0.00|0.5294|
|.|          5|          2|        339|     32590620.17|          0|00:00:00|-0.05|0.01|0.5229|
|.|          8|          2|        339|     32585727.95|          0|00:00:00|-0.03|0.02|0.5146|
|=|         20|          2|        450|     32610059.85|          2|00:00:10|-0.04|0.01|0.5211|
+-+-----------+-----------+-----------+----------------+-----------+--------+-----+----+------+
Best-so-far configuration:         450    mean value:      32610059.85
Description of the best-so-far configuration:
    .ID. algorithm localsearch alpha beta  rho ants   q0 rasrank elitistants
450  450       acs           3  2.19 7.87 0.69   41 0.03      NA          NA
    nnls dlb .PARENT.
450   15   1      431

# 2025-09-19 21:12:18 -03: Elite configurations (first number is the configuration ID; listed from best to worst according to the sum of ranks):
    algorithm localsearch alpha beta  rho ants   q0 rasrank elitistants nnls
450       acs           3  2.19 7.87 0.69   41 0.03      NA          NA   15
339       acs           3  3.16 5.34 0.08   39 0.35      NA          NA   10
    dlb
450   1
339   1
# Total CPU user time: 30643.19, CPU sys time: 230.748, Wall-clock time: 3923.866
    .ID. algorithm localsearch alpha beta  rho ants   q0 rasrank elitistants
450  450       acs           3  2.19 7.87 0.69   41 0.03      NA          NA
339  339       acs           3  3.16 5.34 0.08   39 0.35      NA          NA
    nnls dlb .PARENT. .RANK.  .WEIGHT.
450   15   1      431     29 0.6666667
339   10   1      275     31 0.3333333
