# 2025-09-20 04:31:11 -03: Reading parameter file '/home/dianag/PruebasPablo/irace-test-executions/ACOTSP-withRanking/Scenarios-2/BL/Runs/BL_seed_1900393/parameters.txt'.
# 2025-09-20 04:31:11 -03: 1 expression(s) specifying forbidden configurations read.
# 2025-09-20 04:31:11 -03: Initialization
# Elitist race
# Elitist new instances: 1
# Elitist limit: 2
# nbIterations: 5
# minNbSurvival: 5
# nbParameters: 11
# seed: 1900393
# confidence level: 0.95
# budget: 2750
# mu: 5
# deterministic: FALSE

# 2025-09-20 04:31:11 -03: Iteration 1 of 5
# experimentsUsed: 0
# remainingBudget: 2750
# currentBudget: 550
# nbConfigurations: 91
# Markers:
     x No test is performed.
     c Configurations are discarded only due to capping.
     - The test is performed and some configurations are discarded.
     = The test is performed but no configuration is discarded.
     ! The test is performed and configurations could be discarded but elite configurations are preserved.
     . All alive configurations are elite and nothing is discarded.

+-+-----------+-----------+-----------+----------------+-----------+--------+-----+----+------+
| |   Instance|      Alive|       Best|       Mean best| Exp so far|  W time|  rho|KenW|  Qvar|
+-+-----------+-----------+-----------+----------------+-----------+--------+-----+----+------+
|x|          1|         91|         56|     32877719.00|         91|00:02:03|   NA|  NA|    NA|
|x|          2|         91|         56|     32654620.00|        182|00:02:02|+0.99|0.99|0.0025|
|x|          3|         91|         56|     32558484.00|        273|00:01:56|+0.99|0.99|0.0037|
|x|          4|         91|         56|     32522117.00|        364|00:02:01|+0.99|0.99|0.0033|
|-|          5|          4|         56|     32511488.00|        455|00:02:07|+0.34|0.47|0.4500|
+-+-----------+-----------+-----------+----------------+-----------+--------+-----+----+------+
Best-so-far configuration:          56    mean value:      32511488.00
Description of the best-so-far configuration:
   .ID. algorithm localsearch alpha beta  rho ants q0 rasrank elitistants nnls
56   56      mmas           3  1.15 0.49 0.66   38 NA      NA          NA   20
   dlb .PARENT.
56   1       NA

# 2025-09-20 04:41:23 -03: Elite configurations (first number is the configuration ID; listed from best to worst according to the sum of ranks):
   algorithm localsearch alpha beta  rho ants   q0 rasrank elitistants nnls dlb
56      mmas           3  1.15 0.49 0.66   38   NA      NA          NA   20   1
57       ras           3  2.71 2.37 0.97   80   NA      18          NA   41   1
87       acs           3  3.69 9.63 0.53   19 0.94      NA          NA   12   0
29      mmas           3  0.92 3.77 0.89   61   NA      NA          NA   48   0
# 2025-09-20 04:41:23 -03: Iteration 2 of 5
# experimentsUsed: 455
# remainingBudget: 2295
# currentBudget: 573
# nbConfigurations: 84
# Markers:
     x No test is performed.
     c Configurations are discarded only due to capping.
     - The test is performed and some configurations are discarded.
     = The test is performed but no configuration is discarded.
     ! The test is performed and configurations could be discarded but elite configurations are preserved.
     . All alive configurations are elite and nothing is discarded.

+-+-----------+-----------+-----------+----------------+-----------+--------+-----+----+------+
| |   Instance|      Alive|       Best|       Mean best| Exp so far|  W time|  rho|KenW|  Qvar|
+-+-----------+-----------+-----------+----------------+-----------+--------+-----+----+------+
|x|          6|         84|        159|     32376006.00|         84|00:01:58|   NA|  NA|    NA|
|x|          1|         84|         56|     32640574.50|        164|00:01:57|+0.98|0.99|0.0009|
|x|          5|         84|         56|     32583373.67|        244|00:01:52|+0.98|0.98|0.0009|
|x|          2|         84|         56|     32545410.50|        324|00:01:48|+0.98|0.98|0.0011|
|-|          3|          6|         56|     32509570.80|        404|00:01:49|+0.11|0.29|0.6593|
|=|          4|          6|         56|     32493478.33|        406|00:00:10|+0.17|0.31|0.6605|
|-|          7|          1|         56|     32507653.00|        412|00:00:25|   NA|  NA|    NA|
+-+-----------+-----------+-----------+----------------+-----------+--------+-----+----+------+
Best-so-far configuration:          56    mean value:      32507653.00
Description of the best-so-far configuration:
   .ID. algorithm localsearch alpha beta  rho ants q0 rasrank elitistants nnls
56   56      mmas           3  1.15 0.49 0.66   38 NA      NA          NA   20
   dlb .PARENT.
56   1       NA

# 2025-09-20 04:51:26 -03: Elite configurations (first number is the configuration ID; listed from best to worst according to the sum of ranks):
   algorithm localsearch alpha beta  rho ants q0 rasrank elitistants nnls dlb
56      mmas           3  1.15 0.49 0.66   38 NA      NA          NA   20   1
# 2025-09-20 04:51:26 -03: Iteration 3 of 5
# experimentsUsed: 867
# remainingBudget: 1883
# currentBudget: 627
# nbConfigurations: 79
# Markers:
     x No test is performed.
     c Configurations are discarded only due to capping.
     - The test is performed and some configurations are discarded.
     = The test is performed but no configuration is discarded.
     ! The test is performed and configurations could be discarded but elite configurations are preserved.
     . All alive configurations are elite and nothing is discarded.

+-+-----------+-----------+-----------+----------------+-----------+--------+-----+----+------+
| |   Instance|      Alive|       Best|       Mean best| Exp so far|  W time|  rho|KenW|  Qvar|
+-+-----------+-----------+-----------+----------------+-----------+--------+-----+----+------+
|x|          8|         79|        186|     32687782.00|         79|00:01:39|   NA|  NA|    NA|
|x|          5|         79|        175|     32573175.50|        157|00:01:40|+0.96|0.98|0.0006|
|x|          2|         79|        186|     32511582.33|        235|00:01:41|+0.96|0.98|0.0007|
|x|          7|         79|        175|     32543245.50|        313|00:01:43|+0.96|0.97|0.0008|
|-|          3|          5|        175|     32514842.20|        391|00:01:41|+0.39|0.51|0.5366|
+-+-----------+-----------+-----------+----------------+-----------+--------+-----+----+------+
Best configuration for the instances in this race: 175
Best-so-far configuration:          56    mean value:      32536755.50
Description of the best-so-far configuration:
   .ID. algorithm localsearch alpha beta  rho ants q0 rasrank elitistants nnls
56   56      mmas           3  1.15 0.49 0.66   38 NA      NA          NA   20
   dlb .PARENT.
56   1       NA

# 2025-09-20 04:59:52 -03: Elite configurations (first number is the configuration ID; listed from best to worst according to the sum of ranks):
    algorithm localsearch alpha beta  rho ants   q0 rasrank elitistants nnls
56       mmas           3  1.15 0.49 0.66   38   NA      NA          NA   20
175      mmas           3  1.18 4.69 0.70   21   NA      NA          NA   19
186       acs           3  2.44 0.64 0.42   27 0.71      NA          NA   22
222      mmas           3  1.40 0.65 0.73   43   NA      NA          NA   12
238       acs           3  1.28 3.58 0.57   44 0.47      NA          NA   15
    dlb
56    1
175   1
186   1
222   1
238   1
# 2025-09-20 04:59:52 -03: Iteration 4 of 5
# experimentsUsed: 1258
# remainingBudget: 1492
# currentBudget: 746
# nbConfigurations: 87
# Markers:
     x No test is performed.
     c Configurations are discarded only due to capping.
     - The test is performed and some configurations are discarded.
     = The test is performed but no configuration is discarded.
     ! The test is performed and configurations could be discarded but elite configurations are preserved.
     . All alive configurations are elite and nothing is discarded.

+-+-----------+-----------+-----------+----------------+-----------+--------+-----+----+------+
| |   Instance|      Alive|       Best|       Mean best| Exp so far|  W time|  rho|KenW|  Qvar|
+-+-----------+-----------+-----------+----------------+-----------+--------+-----+----+------+
|x|          9|         87|        288|     32636159.00|         87|00:01:47|   NA|  NA|    NA|
|x|          3|         87|        266|     32535137.50|        169|00:01:42|+0.96|0.98|0.0006|
|x|          5|         87|        266|     32503813.67|        251|00:01:44|+0.95|0.97|0.0005|
|x|          6|         87|        266|     32468964.75|        337|00:01:47|+0.96|0.97|0.0006|
|-|          8|         11|        325|     32512085.80|        419|00:01:43|+0.18|0.34|0.6996|
|-|          7|         10|        325|     32516423.33|        425|00:00:10|+0.23|0.36|0.6362|
|-|          4|          8|        325|     32490386.57|        434|00:00:10|+0.27|0.38|0.5508|
|-|          2|          6|        325|     32484447.50|        437|00:00:10|-0.01|0.12|0.8565|
|=|          1|          6|        325|     32533263.56|        442|00:00:10|-0.05|0.07|0.8850|
|=|         10|          6|        325|     32529708.70|        448|00:00:10|+0.01|0.11|0.8433|
+-+-----------+-----------+-----------+----------------+-----------+--------+-----+----+------+
Best-so-far configuration:         325    mean value:      32529708.70
Description of the best-so-far configuration:
    .ID. algorithm localsearch alpha beta  rho ants   q0 rasrank elitistants
325  325       acs           3  1.63 2.68 0.46   44 0.84      NA          NA
    nnls dlb .PARENT.
325   19   1      238

# 2025-09-20 05:09:31 -03: Elite configurations (first number is the configuration ID; listed from best to worst according to the sum of ranks):
    algorithm localsearch alpha beta  rho ants   q0 rasrank elitistants nnls
325       acs           3  1.63 2.68 0.46   44 0.84      NA          NA   19
266      mmas           3  0.96 3.21 0.61   10   NA      NA          NA   18
289       acs           3  1.90 1.48 0.34   41 0.64      NA          NA   32
186       acs           3  2.44 0.64 0.42   27 0.71      NA          NA   22
175      mmas           3  1.18 4.69 0.70   21   NA      NA          NA   19
    dlb
325   1
266   1
289   1
186   1
175   1
# 2025-09-20 05:09:31 -03: Iteration 5 of 5
# experimentsUsed: 1706
# remainingBudget: 1044
# currentBudget: 1044
# nbConfigurations: 99
# Markers:
     x No test is performed.
     c Configurations are discarded only due to capping.
     - The test is performed and some configurations are discarded.
     = The test is performed but no configuration is discarded.
     ! The test is performed and configurations could be discarded but elite configurations are preserved.
     . All alive configurations are elite and nothing is discarded.

+-+-----------+-----------+-----------+----------------+-----------+--------+-----+----+------+
| |   Instance|      Alive|       Best|       Mean best| Exp so far|  W time|  rho|KenW|  Qvar|
+-+-----------+-----------+-----------+----------------+-----------+--------+-----+----+------+
|x|         11|         99|        375|     32462029.00|         99|00:01:53|   NA|  NA|    NA|
|x|          8|         99|        399|     32585112.00|        193|00:01:44|+0.83|0.92|0.0046|
|x|          3|         99|        399|     32508916.33|        287|00:01:44|+0.81|0.87|0.0056|
|x|          5|         99|        375|     32480959.50|        381|00:01:44|+0.81|0.86|0.0053|
|-|          7|         19|        375|     32506146.00|        475|00:01:44|-0.00|0.20|0.9025|
|=|          4|         19|        375|     32483470.17|        489|00:00:20|+0.03|0.20|0.8873|
|=|         10|         19|        375|     32492774.86|        503|00:00:20|+0.02|0.16|0.8942|
|=|          6|         19|        375|     32471940.88|        517|00:00:21|+0.07|0.19|0.8638|
|=|          2|         19|        375|     32466097.56|        531|00:00:20|+0.06|0.16|0.8812|
|=|          1|         19|        375|     32507830.40|        545|00:00:20|+0.07|0.16|0.8713|
|-|          9|          8|        375|     32522511.55|        559|00:00:20|-0.01|0.08|0.9045|
|=|         12|          8|        375|     32516600.33|        567|00:00:10|-0.03|0.05|0.9051|
|=|         13|          8|        375|     32533720.15|        575|00:00:10|-0.02|0.06|0.8863|
+-+-----------+-----------+-----------+----------------+-----------+--------+-----+----+------+
Best-so-far configuration:         375    mean value:      32533720.15
Description of the best-so-far configuration:
    .ID. algorithm localsearch alpha beta  rho ants   q0 rasrank elitistants
375  375       acs           3  2.09 2.05 0.45   49 0.52      NA          NA
    nnls dlb .PARENT.
375   13   1      325

# 2025-09-20 05:20:47 -03: Elite configurations (first number is the configuration ID; listed from best to worst according to the sum of ranks):
    algorithm localsearch alpha beta  rho ants   q0 rasrank elitistants nnls
375       acs           3  2.09 2.05 0.45   49 0.52      NA          NA   13
408       acs           3  1.70 1.27 0.48   44 0.92      NA          NA   16
405      mmas           3  1.13 3.40 0.57   11   NA      NA          NA   13
354       acs           3  1.59 2.32 0.39   37 0.65      NA          NA   22
406       acs           3  1.28 2.06 0.55   39 0.88      NA          NA   19
    dlb
375   1
408   1
405   1
354   1
406   1
# 2025-09-20 05:20:47 -03: Iteration 6 of 6
# experimentsUsed: 2281
# remainingBudget: 469
# currentBudget: 469
# nbConfigurations: 38
# Markers:
     x No test is performed.
     c Configurations are discarded only due to capping.
     - The test is performed and some configurations are discarded.
     = The test is performed but no configuration is discarded.
     ! The test is performed and configurations could be discarded but elite configurations are preserved.
     . All alive configurations are elite and nothing is discarded.

+-+-----------+-----------+-----------+----------------+-----------+--------+-----+----+------+
| |   Instance|      Alive|       Best|       Mean best| Exp so far|  W time|  rho|KenW|  Qvar|
+-+-----------+-----------+-----------+----------------+-----------+--------+-----+----+------+
|x|         14|         38|        450|     32272554.00|         38|00:00:41|   NA|  NA|    NA|
|x|         10|         38|        436|     32411157.00|         71|00:00:41|+0.71|0.86|0.1191|
|x|         11|         38|        408|     32458697.00|        104|00:00:41|+0.73|0.82|0.0962|
|x|          9|         38|        408|     32503808.50|        137|00:00:41|+0.76|0.82|0.0879|
|-|          2|         17|        453|     32482531.80|        170|00:00:41|-0.04|0.17|0.9685|
|=|          7|         17|        408|     32501257.50|        182|00:00:20|-0.01|0.16|0.9484|
|=|          4|         17|        408|     32476605.14|        194|00:00:20|+0.01|0.15|0.9277|
|=|          8|         17|        354|     32510630.25|        206|00:00:20|+0.00|0.13|0.9084|
|=|          1|         17|        408|     32548778.11|        218|00:00:20|+0.04|0.14|0.8800|
|=|         12|         17|        408|     32544534.10|        230|00:00:20|+0.05|0.15|0.8799|
|=|          5|         17|        408|     32535338.82|        242|00:00:20|+0.02|0.11|0.9009|
|=|          6|         17|        408|     32521161.83|        254|00:00:20|+0.02|0.10|0.9152|
|=|         13|         17|        458|     32541206.00|        266|00:00:20|+0.03|0.10|0.9023|
|=|          3|         17|        453|     32524487.43|        278|00:00:20|+0.01|0.08|0.9086|
|=|         15|         17|        458|     32532888.60|        295|00:00:20|+0.01|0.08|0.9101|
+-+-----------+-----------+-----------+----------------+-----------+--------+-----+----+------+
Best-so-far configuration:         458    mean value:      32532888.60
Description of the best-so-far configuration:
    .ID. algorithm localsearch alpha beta  rho ants   q0 rasrank elitistants
458  458       acs           3  2.41 3.24 0.45   49 0.46      NA          NA
    nnls dlb .PARENT.
458   14   1      375

# 2025-09-20 05:27:45 -03: Elite configurations (first number is the configuration ID; listed from best to worst according to the sum of ranks):
    algorithm localsearch alpha beta  rho ants   q0 rasrank elitistants nnls
458       acs           3  2.41 3.24 0.45   49 0.46      NA          NA   14
408       acs           3  1.70 1.27 0.48   44 0.92      NA          NA   16
375       acs           3  2.09 2.05 0.45   49 0.52      NA          NA   13
452       acs           3  2.11 2.39 0.58   51 0.66      NA          NA   11
453       acs           3  1.80 0.69 0.49   33 0.59      NA          NA   13
    dlb
458   1
408   1
375   1
452   1
453   1
# 2025-09-20 05:27:45 -03: Iteration 7 of 7
# experimentsUsed: 2576
# remainingBudget: 174
# currentBudget: 174
# nbConfigurations: 15
# Markers:
     x No test is performed.
     c Configurations are discarded only due to capping.
     - The test is performed and some configurations are discarded.
     = The test is performed but no configuration is discarded.
     ! The test is performed and configurations could be discarded but elite configurations are preserved.
     . All alive configurations are elite and nothing is discarded.

+-+-----------+-----------+-----------+----------------+-----------+--------+-----+----+------+
| |   Instance|      Alive|       Best|       Mean best| Exp so far|  W time|  rho|KenW|  Qvar|
+-+-----------+-----------+-----------+----------------+-----------+--------+-----+----+------+
|x|         16|         15|        463|     32535987.00|         15|00:00:20|   NA|  NA|    NA|
|x|          3|         15|        375|     32447572.50|         25|00:00:10|+0.31|0.66|0.0001|
|x|          6|         15|        375|     32407082.67|         35|00:00:10|+0.29|0.53|0.0002|
|x|          4|         15|        375|     32397834.75|         45|00:00:10|+0.35|0.51|0.0001|
|-|         13|          8|        375|     32466099.40|         55|00:00:10|-0.09|0.13|0.9826|
|=|         15|          8|        375|     32492696.17|         58|00:00:10|-0.08|0.10|0.9500|
|=|          2|          8|        375|     32482218.29|         61|00:00:10|-0.11|0.05|0.9575|
|=|         10|          8|        375|     32490516.38|         64|00:00:10|-0.11|0.03|0.9651|
|=|          8|          8|        467|     32515731.44|         67|00:00:10|-0.09|0.03|0.9392|
|=|          7|          8|        467|     32523542.70|         70|00:00:10|-0.09|0.02|0.9487|
|=|          5|          8|        467|     32510050.27|         73|00:00:10|-0.07|0.03|0.9260|
|=|          1|          8|        467|     32539517.67|         76|00:00:10|-0.06|0.03|0.9191|
|=|          9|          8|        467|     32545893.31|         79|00:00:10|-0.05|0.03|0.9046|
|=|         11|          8|        463|     32544597.71|         82|00:00:10|-0.05|0.02|0.9081|
|=|         12|          8|        467|     32543043.60|         85|00:00:10|-0.04|0.03|0.9006|
|=|         14|          8|        467|     32531246.25|         88|00:00:10|-0.04|0.03|0.8924|
|=|         17|          8|        467|     32550076.24|         96|00:00:10|-0.02|0.04|0.8859|
+-+-----------+-----------+-----------+----------------+-----------+--------+-----+----+------+
Best-so-far configuration:         467    mean value:      32550076.24
Description of the best-so-far configuration:
    .ID. algorithm localsearch alpha beta rho ants   q0 rasrank elitistants
467  467       acs           3  2.06 1.53 0.4   50 0.63      NA          NA
    nnls dlb .PARENT.
467   12   1      375

# 2025-09-20 05:30:54 -03: Elite configurations (first number is the configuration ID; listed from best to worst according to the sum of ranks):
    algorithm localsearch alpha beta  rho ants   q0 rasrank elitistants nnls
467       acs           3  2.06 1.53 0.40   50 0.63      NA          NA   12
463       acs           3  2.17 3.64 0.48   50 0.37      NA          NA   12
375       acs           3  2.09 2.05 0.45   49 0.52      NA          NA   13
458       acs           3  2.41 3.24 0.45   49 0.46      NA          NA   14
408       acs           3  1.70 1.27 0.48   44 0.92      NA          NA   16
    dlb
467   1
463   1
375   1
458   1
408   1
# 2025-09-20 05:30:54 -03: Iteration 8 of 8
# experimentsUsed: 2672
# remainingBudget: 78
# currentBudget: 78
# nbConfigurations: 9
# Markers:
     x No test is performed.
     c Configurations are discarded only due to capping.
     - The test is performed and some configurations are discarded.
     = The test is performed but no configuration is discarded.
     ! The test is performed and configurations could be discarded but elite configurations are preserved.
     . All alive configurations are elite and nothing is discarded.

+-+-----------+-----------+-----------+----------------+-----------+--------+-----+----+------+
| |   Instance|      Alive|       Best|       Mean best| Exp so far|  W time|  rho|KenW|  Qvar|
+-+-----------+-----------+-----------+----------------+-----------+--------+-----+----+------+
|x|         18|          9|        470|     32447238.00|          9|00:00:10|   NA|  NA|    NA|
|x|         14|          9|        469|     32354118.50|         13|00:00:10|+0.17|0.58|0.8085|
|x|          2|          9|        469|     32358942.00|         17|00:00:10|+0.28|0.52|0.6136|
|x|         17|          9|        469|     32489067.00|         21|00:00:10|+0.19|0.40|0.6857|
|=|         16|          9|        469|     32506051.20|         25|00:00:10|+0.16|0.33|0.7295|
|=|          7|          9|        463|     32517825.50|         29|00:00:10|+0.14|0.29|0.7598|
|-|          8|          7|        463|     32539200.43|         33|00:00:10|+0.20|0.31|0.6653|
|=|          9|          7|        463|     32551513.38|         35|00:00:10|+0.15|0.25|0.7197|
|=|         11|          7|        463|     32546874.67|         37|00:00:10|+0.08|0.18|0.7948|
|=|          5|          7|        463|     32532689.60|         39|00:00:10|+0.07|0.16|0.8082|
|=|         10|          7|        463|     32533188.18|         41|00:00:10|+0.06|0.15|0.8178|
|=|          6|          7|        467|     32526089.33|         43|00:00:10|+0.05|0.13|0.8289|
|=|         13|          7|        467|     32547360.08|         45|00:00:10|+0.04|0.12|0.8265|
|=|         15|          7|        469|     32548227.21|         47|00:00:10|+0.02|0.09|0.8548|
|=|          1|          7|        463|     32567487.27|         49|00:00:10|-0.00|0.06|0.8620|
|=|          4|          7|        463|     32557475.25|         51|00:00:10|-0.03|0.04|0.8825|
|=|          3|          7|        469|     32546649.71|         53|00:00:10|-0.01|0.05|0.8711|
|=|         12|          7|        467|     32545830.39|         55|00:00:10|-0.02|0.04|0.8727|
|=|         19|          7|        467|     32560487.21|         62|00:00:10|-0.03|0.03|0.8746|
+-+-----------+-----------+-----------+----------------+-----------+--------+-----+----+------+
Best-so-far configuration:         467    mean value:      32560487.21
Description of the best-so-far configuration:
    .ID. algorithm localsearch alpha beta rho ants   q0 rasrank elitistants
467  467       acs           3  2.06 1.53 0.4   50 0.63      NA          NA
    nnls dlb .PARENT.
467   12   1      375

# 2025-09-20 05:34:14 -03: Elite configurations (first number is the configuration ID; listed from best to worst according to the sum of ranks):
    algorithm localsearch alpha beta  rho ants   q0 rasrank elitistants nnls
467       acs           3  2.06 1.53 0.40   50 0.63      NA          NA   12
463       acs           3  2.17 3.64 0.48   50 0.37      NA          NA   12
469       acs           3  2.54 3.03 0.37   50 0.44      NA          NA   16
470       acs           3  2.34 3.32 0.50   53 0.22      NA          NA   12
375       acs           3  2.09 2.05 0.45   49 0.52      NA          NA   13
    dlb
467   1
463   1
469   1
470   1
375   1
# 2025-09-20 05:34:14 -03: Stopped because there is not enough budget left to race more than the minimum (5).
# You may either increase the budget or set 'minNbSurvival' to a lower value.
# Iteration: 9
# nbIterations: 9
# experimentsUsed: 2734
# timeUsed: 0
# remainingBudget: 16
# currentBudget: 16
# number of elites: 5
# nbConfigurations: 5
# Total CPU user time: 31493.15, CPU sys time: 233.354, Wall-clock time: 3782.76
# 2025-09-20 05:34:14 -03: Starting post-selection:
# Configurations selected: 467, 463, 469, 470, 375, 458, 408, 452, 453.
# Pending instances: 1, 1, 1, 1, 1, 1, 1, 3, 3.
# 2025-09-20 05:34:14 -03: seed: 1900393
# Configurations: 9
# Available experiments: 16
# minSurvival: 1
# Markers:
     x No test is performed.
     c Configurations are discarded only due to capping.
     - The test is performed and some configurations are discarded.
     = The test is performed but no configuration is discarded.
     ! The test is performed and configurations could be discarded but elite configurations are preserved.
     . All alive configurations are elite and nothing is discarded.

+-+-----------+-----------+-----------+----------------+-----------+--------+-----+----+------+
| |   Instance|      Alive|       Best|       Mean best| Exp so far|  W time|  rho|KenW|  Qvar|
+-+-----------+-----------+-----------+----------------+-----------+--------+-----+----+------+
|.|          6|          9|        467|     32302775.00|          0|00:00:00|   NA|  NA|    NA|
|.|         10|          9|        467|     32379814.50|          0|00:00:00|+0.37|0.68|0.4362|
|x|         19|          9|        453|     32534448.67|          2|00:00:10|+0.30|0.53|0.5959|
|.|          1|          9|        453|     32615116.00|          2|00:00:00|-0.02|0.24|0.9055|
|.|          9|          9|        453|     32620703.60|          2|00:00:00|+0.04|0.23|0.8667|
|.|          8|          9|        453|     32630465.83|          2|00:00:00|+0.03|0.19|0.8547|
|.|         14|          9|        453|     32593056.29|          2|00:00:00|+0.01|0.15|0.8726|
|.|          4|          9|        453|     32569572.62|          2|00:00:00|-0.05|0.08|0.9320|
|.|         17|          9|        453|     32603153.44|          2|00:00:00|-0.02|0.09|0.9060|
|x|         18|          9|        467|     32582563.60|          4|00:00:10|-0.05|0.06|0.9139|
|.|         13|          9|        467|     32602567.73|          4|00:00:00|-0.06|0.04|0.9229|
|.|          5|          9|        467|     32583614.25|          4|00:00:00|-0.04|0.04|0.9081|
|.|         15|          9|        467|     32591453.85|          4|00:00:00|-0.05|0.03|0.9266|
|.|          3|          9|        467|     32571775.93|          4|00:00:00|-0.05|0.03|0.9162|
|.|         11|          9|        467|     32572224.73|          4|00:00:00|-0.05|0.02|0.9255|
|.|         16|          9|        467|     32574060.12|          4|00:00:00|-0.04|0.02|0.9222|
|.|          2|          9|        467|     32563816.47|          4|00:00:00|-0.03|0.03|0.9097|
|.|         12|          9|        467|     32558634.06|          4|00:00:00|-0.03|0.03|0.9036|
|.|          7|          9|        467|     32560487.21|          4|00:00:00|-0.03|0.02|0.9087|
|=|         20|          9|        463|     32569863.55|         13|00:00:10|-0.03|0.02|0.9128|
+-+-----------+-----------+-----------+----------------+-----------+--------+-----+----+------+
Best-so-far configuration:         463    mean value:      32569863.55
Description of the best-so-far configuration:
    .ID. algorithm localsearch alpha beta  rho ants   q0 rasrank elitistants
463  463       acs           3  2.17 3.64 0.48   50 0.37      NA          NA
    nnls dlb .PARENT.
463   12   1      458

# 2025-09-20 05:34:45 -03: Elite configurations (first number is the configuration ID; listed from best to worst according to the sum of ranks):
    algorithm localsearch alpha beta  rho ants   q0 rasrank elitistants nnls
463       acs           3  2.17 3.64 0.48   50 0.37      NA          NA   12
467       acs           3  2.06 1.53 0.40   50 0.63      NA          NA   12
469       acs           3  2.54 3.03 0.37   50 0.44      NA          NA   16
470       acs           3  2.34 3.32 0.50   53 0.22      NA          NA   12
375       acs           3  2.09 2.05 0.45   49 0.52      NA          NA   13
    dlb
463   1
467   1
469   1
470   1
375   1
# Total CPU user time: 31627.88, CPU sys time: 234.451, Wall-clock time: 3814.459
    .ID. algorithm localsearch alpha beta  rho ants   q0 rasrank elitistants
463  463       acs           3  2.17 3.64 0.48   50 0.37      NA          NA
467  467       acs           3  2.06 1.53 0.40   50 0.63      NA          NA
469  469       acs           3  2.54 3.03 0.37   50 0.44      NA          NA
470  470       acs           3  2.34 3.32 0.50   53 0.22      NA          NA
375  375       acs           3  2.09 2.05 0.45   49 0.52      NA          NA
    nnls dlb .PARENT. .RANK.   .WEIGHT.
463   12   1      458     91 0.33333333
467   12   1      375     91 0.26666667
469   16   1      458     91 0.20000000
470   12   1      458     98 0.13333333
375   13   1      325    101 0.06666667
