# 2025-09-18 15:33:14 -03: Reading parameter file '/home/dianag/PruebasPablo/irace-test-executions/ACOTSP-withRanking/Scenarios-2/BL-45/Runs/BL-45_seed_800123/parameters.txt'.
# 2025-09-18 15:33:14 -03: 1 expression(s) specifying forbidden configurations read.
# 2025-09-18 15:33:15 -03: Initialization
# Elitist race
# Elitist new instances: 1
# Elitist limit: 2
# nbIterations: 5
# minNbSurvival: 5
# nbParameters: 11
# seed: 800123
# confidence level: 0.95
# budget: 2750
# mu: 5
# deterministic: FALSE

# 2025-09-18 15:33:15 -03: Iteration 1 of 5
# experimentsUsed: 0
# remainingBudget: 2750
# currentBudget: 550
# nbConfigurations: 45
# Markers:
     x No test is performed.
     c Configurations are discarded only due to capping.
     - The test is performed and some configurations are discarded.
     = The test is performed but no configuration is discarded.
     ! The test is performed and configurations could be discarded but elite configurations are preserved.
     . All alive configurations are elite and nothing is discarded.

+-+-----------+-----------+-----------+----------------+-----------+--------+-----+----+------+
| |   Instance|      Alive|       Best|       Mean best| Exp so far|  W time|  rho|KenW|  Qvar|
+-+-----------+-----------+-----------+----------------+-----------+--------+-----+----+------+
|x|          1|         45|         16|     32717643.00|         45|00:00:56|   NA|  NA|    NA|
|x|          2|         45|         16|     32674814.00|         90|00:01:02|+0.99|0.99|0.0023|
|x|          3|         45|         16|     32622400.67|        135|00:01:00|+0.99|0.99|0.0022|
|x|          4|         45|         16|     32592441.00|        180|00:01:02|+0.98|0.99|0.0022|
|-|          5|          3|         16|     32583916.00|        225|00:01:02|+0.35|0.48|0.3323|
+-+-----------+-----------+-----------+----------------+-----------+--------+-----+----+------+
Best-so-far configuration:          16    mean value:      32583916.00
Description of the best-so-far configuration:
   .ID. algorithm localsearch alpha beta  rho ants q0 rasrank elitistants nnls
16   16      mmas           3   3.5 0.85 0.18   35 NA      NA          NA   22
   dlb .PARENT.
16   0       NA

# 2025-09-18 15:38:19 -03: Elite configurations (first number is the configuration ID; listed from best to worst according to the sum of ranks):
   algorithm localsearch alpha beta  rho ants   q0 rasrank elitistants nnls dlb
16      mmas           3  3.50 0.85 0.18   35   NA      NA          NA   22   0
30       acs           3  2.71 9.91 0.65   44 0.99      NA          NA   30   1
22       acs           2  2.40 5.54 0.21   26 0.56      NA          NA   44   0
# 2025-09-18 15:38:19 -03: Iteration 2 of 5
# experimentsUsed: 225
# remainingBudget: 2525
# currentBudget: 631
# nbConfigurations: 45
# Markers:
     x No test is performed.
     c Configurations are discarded only due to capping.
     - The test is performed and some configurations are discarded.
     = The test is performed but no configuration is discarded.
     ! The test is performed and configurations could be discarded but elite configurations are preserved.
     . All alive configurations are elite and nothing is discarded.

+-+-----------+-----------+-----------+----------------+-----------+--------+-----+----+------+
| |   Instance|      Alive|       Best|       Mean best| Exp so far|  W time|  rho|KenW|  Qvar|
+-+-----------+-----------+-----------+----------------+-----------+--------+-----+----+------+
|x|          6|         45|         16|     32588131.00|         45|00:01:08|   NA|  NA|    NA|
|x|          5|         45|         16|     32568973.50|         87|00:01:04|+0.98|0.99|0.0013|
|x|          2|         45|         85|     32590463.00|        129|00:01:05|+0.94|0.96|0.0010|
|x|          4|         45|         16|     32568123.50|        171|00:01:05|+0.94|0.95|0.0010|
|-|          1|          7|         16|     32598027.40|        213|00:01:03|+0.23|0.39|0.5338|
|-|          3|          5|         16|     32584618.50|        217|00:00:10|-0.03|0.14|0.8109|
+-+-----------+-----------+-----------+----------------+-----------+--------+-----+----+------+
Best-so-far configuration:          16    mean value:      32584618.50
Description of the best-so-far configuration:
   .ID. algorithm localsearch alpha beta  rho ants q0 rasrank elitistants nnls
16   16      mmas           3   3.5 0.85 0.18   35 NA      NA          NA   22
   dlb .PARENT.
16   0       NA

# 2025-09-18 15:43:57 -03: Elite configurations (first number is the configuration ID; listed from best to worst according to the sum of ranks):
   algorithm localsearch alpha beta  rho ants   q0 rasrank elitistants nnls dlb
16      mmas           3  3.50 0.85 0.18   35   NA      NA          NA   22   0
30       acs           3  2.71 9.91 0.65   44 0.99      NA          NA   30   1
85       acs           3  3.72 5.59 0.35   61 0.42      NA          NA   20   0
78       acs           3  3.72 6.59 0.15   40 0.94      NA          NA   13   0
46      mmas           3  1.11 8.13 0.62   23   NA      NA          NA    7   1
# 2025-09-18 15:43:57 -03: Iteration 3 of 5
# experimentsUsed: 442
# remainingBudget: 2308
# currentBudget: 769
# nbConfigurations: 45
# Markers:
     x No test is performed.
     c Configurations are discarded only due to capping.
     - The test is performed and some configurations are discarded.
     = The test is performed but no configuration is discarded.
     ! The test is performed and configurations could be discarded but elite configurations are preserved.
     . All alive configurations are elite and nothing is discarded.

+-+-----------+-----------+-----------+----------------+-----------+--------+-----+----+------+
| |   Instance|      Alive|       Best|       Mean best| Exp so far|  W time|  rho|KenW|  Qvar|
+-+-----------+-----------+-----------+----------------+-----------+--------+-----+----+------+
|x|          7|         45|         85|     32765130.00|         45|00:01:08|   NA|  NA|    NA|
|x|          6|         45|         95|     32706888.00|         85|00:01:04|+0.86|0.93|0.0003|
|x|          3|         45|        115|     32618812.00|        125|00:01:07|+0.88|0.92|0.0003|
|x|          5|         45|        116|     32603012.50|        165|00:01:07|+0.89|0.92|0.0005|
|-|          2|         11|        116|     32614292.60|        205|00:01:06|+0.00|0.20|0.9015|
|=|          1|         11|        116|     32638563.50|        211|00:00:10|-0.00|0.17|0.9241|
|=|          4|         11|         16|     32619816.29|        217|00:00:10|+0.02|0.16|0.9040|
|=|          8|         11|        115|     32602162.38|        228|00:00:20|-0.01|0.11|0.9280|
+-+-----------+-----------+-----------+----------------+-----------+--------+-----+----+------+
Best-so-far configuration:         115    mean value:      32602162.38
Description of the best-so-far configuration:
    .ID. algorithm localsearch alpha beta rho ants   q0 rasrank elitistants
115  115       acs           3  2.15 6.45 0.3   43 0.67      NA          NA
    nnls dlb .PARENT.
115   36   1       30

# 2025-09-18 15:50:13 -03: Elite configurations (first number is the configuration ID; listed from best to worst according to the sum of ranks):
    algorithm localsearch alpha beta  rho ants   q0 rasrank elitistants nnls
115       acs           3  2.15 6.45 0.30   43 0.67      NA          NA   36
16       mmas           3  3.50 0.85 0.18   35   NA      NA          NA   22
85        acs           3  3.72 5.59 0.35   61 0.42      NA          NA   20
30        acs           3  2.71 9.91 0.65   44 0.99      NA          NA   30
116       acs           3  2.91 6.10 0.26   57 0.92      NA          NA   36
    dlb
115   1
16    0
85    0
30    1
116   1
# 2025-09-18 15:50:13 -03: Iteration 4 of 5
# experimentsUsed: 670
# remainingBudget: 2080
# currentBudget: 1040
# nbConfigurations: 45
# Markers:
     x No test is performed.
     c Configurations are discarded only due to capping.
     - The test is performed and some configurations are discarded.
     = The test is performed but no configuration is discarded.
     ! The test is performed and configurations could be discarded but elite configurations are preserved.
     . All alive configurations are elite and nothing is discarded.

+-+-----------+-----------+-----------+----------------+-----------+--------+-----+----+------+
| |   Instance|      Alive|       Best|       Mean best| Exp so far|  W time|  rho|KenW|  Qvar|
+-+-----------+-----------+-----------+----------------+-----------+--------+-----+----+------+
|x|          9|         45|        154|     32439623.00|         45|00:01:13|   NA|  NA|    NA|
|x|          7|         45|        130|     32623818.50|         85|00:01:10|+0.88|0.94|0.0045|
|x|          6|         45|        130|     32596305.33|        125|00:01:06|+0.87|0.91|0.0036|
|x|          3|         45|        154|     32569353.00|        165|00:01:09|+0.87|0.90|0.0035|
|-|          1|         14|        154|     32607681.20|        205|00:01:06|-0.05|0.16|0.9363|
|=|          8|         14|        158|     32599122.67|        214|00:00:14|+0.03|0.19|0.8752|
|=|          2|         14|        158|     32606834.86|        223|00:00:14|-0.03|0.12|0.9347|
|=|          4|         14|        154|     32596758.75|        232|00:00:15|-0.03|0.10|0.9478|
|=|          5|         14|        154|     32584899.78|        241|00:00:13|-0.04|0.08|0.9473|
|=|         10|         14|        167|     32592573.30|        255|00:00:23|-0.03|0.07|0.9523|
+-+-----------+-----------+-----------+----------------+-----------+--------+-----+----+------+
Best-so-far configuration:         167    mean value:      32592573.30
Description of the best-so-far configuration:
    .ID. algorithm localsearch alpha beta  rho ants   q0 rasrank elitistants
167  167       acs           3  4.08 3.79 0.21   60 0.55      NA          NA
    nnls dlb .PARENT.
167    5   0       85

# 2025-09-18 15:57:21 -03: Elite configurations (first number is the configuration ID; listed from best to worst according to the sum of ranks):
    algorithm localsearch alpha beta  rho ants   q0 rasrank elitistants nnls
167       acs           3  4.08 3.79 0.21   60 0.55      NA          NA    5
154       acs           3  2.85 8.13 0.63   32 0.68      NA          NA   23
158       acs           3  2.49 4.23 0.09   44 0.83      NA          NA   27
115       acs           3  2.15 6.45 0.30   43 0.67      NA          NA   36
16       mmas           3  3.50 0.85 0.18   35   NA      NA          NA   22
    dlb
167   0
154   1
158   1
115   1
16    0
# 2025-09-18 15:57:21 -03: Iteration 5 of 5
# experimentsUsed: 925
# remainingBudget: 1825
# currentBudget: 1825
# nbConfigurations: 45
# Markers:
     x No test is performed.
     c Configurations are discarded only due to capping.
     - The test is performed and some configurations are discarded.
     = The test is performed but no configuration is discarded.
     ! The test is performed and configurations could be discarded but elite configurations are preserved.
     . All alive configurations are elite and nothing is discarded.

+-+-----------+-----------+-----------+----------------+-----------+--------+-----+----+------+
| |   Instance|      Alive|       Best|       Mean best| Exp so far|  W time|  rho|KenW|  Qvar|
+-+-----------+-----------+-----------+----------------+-----------+--------+-----+----+------+
|x|         11|         45|        115|     32685226.00|         45|00:00:52|   NA|  NA|    NA|
|x|          1|         45|        115|     32690316.50|         85|00:00:50|+0.75|0.87|0.0612|
|x|         10|         45|        115|     32657234.00|        125|00:00:51|+0.71|0.81|0.0632|
|x|          6|         45|        200|     32647082.00|        165|00:00:49|+0.69|0.77|0.0575|
|-|          3|         19|        200|     32600534.00|        205|00:00:49|-0.08|0.14|1.0215|
|=|          5|         19|        200|     32575738.00|        219|00:00:20|-0.04|0.14|0.9799|
|=|          7|         19|        178|     32597474.43|        233|00:00:20|+0.01|0.15|0.9471|
|=|          8|         19|        200|     32594623.62|        247|00:00:20|+0.04|0.16|0.9099|
|=|          2|         19|        177|     32600200.44|        261|00:00:21|+0.02|0.13|0.9222|
|=|          9|         19|        177|     32583788.30|        275|00:00:20|+0.02|0.11|0.9293|
|=|          4|         19|        177|     32572242.64|        289|00:00:20|+0.02|0.11|0.9196|
|=|         12|         19|        200|     32569201.67|        308|00:00:21|+0.04|0.12|0.8973|
+-+-----------+-----------+-----------+----------------+-----------+--------+-----+----+------+
Best-so-far configuration:         200    mean value:      32569201.67
Description of the best-so-far configuration:
    .ID. algorithm localsearch alpha beta  rho ants  q0 rasrank elitistants
200  200       acs           3  2.15 5.04 0.24   36 0.9      NA          NA
    nnls dlb .PARENT.
200   25   1      158

# 2025-09-18 16:04:00 -03: Elite configurations (first number is the configuration ID; listed from best to worst according to the sum of ranks):
    algorithm localsearch alpha beta  rho ants   q0 rasrank elitistants nnls
200       acs           3  2.15 5.04 0.24   36 0.90      NA          NA   25
177       acs           3  2.87 8.96 0.72   39 0.43      NA          NA   21
168       acs           3  2.63 5.12 0.49   53 0.47      NA          NA    6
178       acs           3  2.90 2.78 0.03   44 0.98      NA          NA   31
191       acs           3  3.98 3.88 0.24   55 0.55      NA          NA    7
    dlb
200   1
177   1
168   0
178   1
191   0
# 2025-09-18 16:04:00 -03: Iteration 6 of 6
# experimentsUsed: 1233
# remainingBudget: 1517
# currentBudget: 1517
# nbConfigurations: 45
# Markers:
     x No test is performed.
     c Configurations are discarded only due to capping.
     - The test is performed and some configurations are discarded.
     = The test is performed but no configuration is discarded.
     ! The test is performed and configurations could be discarded but elite configurations are preserved.
     . All alive configurations are elite and nothing is discarded.

+-+-----------+-----------+-----------+----------------+-----------+--------+-----+----+------+
| |   Instance|      Alive|       Best|       Mean best| Exp so far|  W time|  rho|KenW|  Qvar|
+-+-----------+-----------+-----------+----------------+-----------+--------+-----+----+------+
|x|         13|         45|        232|     32511410.00|         45|00:00:52|   NA|  NA|    NA|
|x|          3|         45|        232|     32447412.00|         85|00:00:42|+0.64|0.82|0.2203|
|x|          1|         45|        232|     32520988.67|        125|00:00:42|+0.52|0.68|0.2191|
|x|          5|         45|        235|     32526671.25|        165|00:00:42|+0.43|0.57|0.2766|
|-|          2|         25|        243|     32548578.40|        205|00:00:42|-0.12|0.11|1.0735|
|=|          4|         25|        232|     32532656.17|        225|00:00:21|-0.05|0.12|1.0160|
|=|          8|         25|        243|     32532187.57|        245|00:00:20|+0.01|0.15|0.9609|
|=|          9|         25|        243|     32522662.00|        265|00:00:20|+0.02|0.15|0.9435|
|=|          6|         25|        177|     32528117.78|        285|00:00:21|+0.03|0.14|0.9289|
|=|         10|         25|        177|     32526842.30|        305|00:00:20|+0.04|0.14|0.9219|
|=|         11|         25|        177|     32549046.36|        325|00:00:20|+0.02|0.11|0.9359|
|=|         12|         25|        177|     32549638.50|        345|00:00:21|+0.00|0.09|0.9462|
|=|          7|         25|        231|     32566022.85|        365|00:00:20|+0.01|0.08|0.9473|
|=|         14|         25|        231|     32571786.64|        390|00:00:31|+0.01|0.08|0.9466|
+-+-----------+-----------+-----------+----------------+-----------+--------+-----+----+------+
Best-so-far configuration:         231    mean value:      32571786.64
Description of the best-so-far configuration:
    .ID. algorithm localsearch alpha beta  rho ants   q0 rasrank elitistants
231  231       acs           3   2.6 3.27 0.12   45 0.92      NA          NA
    nnls dlb .PARENT.
231   26   1      178

# 2025-09-18 16:11:02 -03: Elite configurations (first number is the configuration ID; listed from best to worst according to the sum of ranks):
    algorithm localsearch alpha beta  rho ants   q0 rasrank elitistants nnls
231       acs           3  2.60 3.27 0.12   45 0.92      NA          NA   26
243       acs           3  2.98 9.04 0.79   50 0.52      NA          NA   13
232       acs           3  2.38 9.45 0.81   42 0.45      NA          NA   19
245       acs           3  3.85 3.38 0.23   56 0.52      NA          NA    8
177       acs           3  2.87 8.96 0.72   39 0.43      NA          NA   21
    dlb
231   1
243   1
232   1
245   0
177   1
# 2025-09-18 16:11:02 -03: Iteration 7 of 7
# experimentsUsed: 1623
# remainingBudget: 1127
# currentBudget: 1127
# nbConfigurations: 45
# Markers:
     x No test is performed.
     c Configurations are discarded only due to capping.
     - The test is performed and some configurations are discarded.
     = The test is performed but no configuration is discarded.
     ! The test is performed and configurations could be discarded but elite configurations are preserved.
     . All alive configurations are elite and nothing is discarded.

+-+-----------+-----------+-----------+----------------+-----------+--------+-----+----+------+
| |   Instance|      Alive|       Best|       Mean best| Exp so far|  W time|  rho|KenW|  Qvar|
+-+-----------+-----------+-----------+----------------+-----------+--------+-----+----+------+
|x|         15|         45|        263|     32405682.00|         45|00:00:52|   NA|  NA|    NA|
|x|          6|         45|        263|     32463085.50|         85|00:00:41|+0.13|0.56|0.7617|
|x|          5|         45|        259|     32458525.33|        125|00:00:41|+0.25|0.50|0.7155|
|x|          7|         45|        259|     32530605.50|        165|00:00:41|+0.23|0.42|0.7642|
|-|          8|         24|        277|     32537897.60|        205|00:00:41|-0.08|0.13|1.0212|
|=|         11|         24|        277|     32561500.50|        224|00:00:20|-0.05|0.12|0.9911|
|=|          3|         24|        277|     32535649.57|        243|00:00:20|+0.01|0.15|0.9304|
|=|          2|         24|        277|     32536419.25|        262|00:00:20|+0.03|0.15|0.9202|
|=|         10|         24|        259|     32539586.11|        281|00:00:20|+0.02|0.13|0.9284|
|=|         12|         24|        259|     32537595.60|        300|00:00:20|+0.03|0.12|0.9265|
|=|          9|         24|        259|     32529867.64|        319|00:00:21|+0.03|0.11|0.9274|
|=|         14|         24|        251|     32540523.42|        338|00:00:20|+0.01|0.09|0.9439|
|=|         13|         24|        251|     32539562.15|        357|00:00:20|+0.01|0.09|0.9370|
|=|          1|         24|        277|     32549388.93|        376|00:00:21|+0.02|0.09|0.9267|
|=|          4|         24|        277|     32541991.13|        395|00:00:20|+0.03|0.10|0.9125|
|-|         16|         10|        277|     32557671.31|        419|00:00:31|+0.02|0.08|0.8931|
|=|         17|         10|        277|     32546702.29|        429|00:00:10|+0.03|0.08|0.8846|
|=|         18|         10|        277|     32545254.06|        439|00:00:10|+0.01|0.07|0.8940|
+-+-----------+-----------+-----------+----------------+-----------+--------+-----+----+------+
Best-so-far configuration:         277    mean value:      32545254.06
Description of the best-so-far configuration:
    .ID. algorithm localsearch alpha beta  rho ants   q0 rasrank elitistants
277  277       acs           3  3.34 9.86 0.71   52 0.46      NA          NA
    nnls dlb .PARENT.
277   15   1      243

# 2025-09-18 16:19:03 -03: Elite configurations (first number is the configuration ID; listed from best to worst according to the sum of ranks):
    algorithm localsearch alpha beta  rho ants   q0 rasrank elitistants nnls
277       acs           3  3.34 9.86 0.71   52 0.46      NA          NA   15
251       acs           3  2.89 9.99 0.94   57 0.48      NA          NA   13
256       acs           3  3.17 9.28 0.73   57 0.49      NA          NA   10
259       acs           3  3.30 9.79 0.77   59 0.53      NA          NA   15
250       acs           3  2.46 8.95 0.65   44 0.36      NA          NA   21
    dlb
277   1
251   1
256   1
259   1
250   1
# 2025-09-18 16:19:03 -03: Stopped because there is not enough budget to enforce the value of nbConfigurations.
# Iteration: 8
# nbIterations: 8
# experimentsUsed: 2062
# timeUsed: 0
# remainingBudget: 688
# currentBudget: 688
# number of elites: 5
# nbConfigurations: 40
# Total CPU user time: 23651.72, CPU sys time: 171.279, Wall-clock time: 2748.043
# 2025-09-18 16:19:03 -03: Starting post-selection:
# Configurations selected: 277, 251, 256, 259, 250, 231, 243, 232, 245, 177, 200, 168, 178, 191, 167, 154.
# Pending instances: 1, 1, 1, 1, 1, 1, 1, 3, 3, 3, 5, 5, 5, 5, 7, 7.
# 2025-09-18 16:19:03 -03: seed: 800123
# Configurations: 16
# Available experiments: 688
# minSurvival: 1
# Markers:
     x No test is performed.
     c Configurations are discarded only due to capping.
     - The test is performed and some configurations are discarded.
     = The test is performed but no configuration is discarded.
     ! The test is performed and configurations could be discarded but elite configurations are preserved.
     . All alive configurations are elite and nothing is discarded.

+-+-----------+-----------+-----------+----------------+-----------+--------+-----+----+------+
| |   Instance|      Alive|       Best|       Mean best| Exp so far|  W time|  rho|KenW|  Qvar|
+-+-----------+-----------+-----------+----------------+-----------+--------+-----+----+------+
|.|          6|         16|        256|     32503428.00|          0|00:00:00|   NA|  NA|    NA|
|x|         15|         16|        259|     32484874.00|          6|00:00:10|-0.02|0.49|0.8259|
|.|          5|         16|        259|     32458525.33|          6|00:00:00|+0.04|0.36|0.7629|
|.|          1|         16|        259|     32521517.75|          6|00:00:00|+0.13|0.35|0.7289|
|.|          3|         16|        259|     32489534.00|          6|00:00:00|+0.21|0.37|0.6791|
|x|         17|         16|        259|     32476741.17|         15|00:00:10|+0.22|0.35|0.6659|
|.|          2|         16|        259|     32486233.00|         15|00:00:00|+0.22|0.34|0.6922|
|.|         10|         16|        259|     32493530.25|         15|00:00:00|+0.20|0.30|0.7275|
|x|         14|         16|        259|     32514589.56|         17|00:00:10|+0.16|0.25|0.7555|
|.|         12|         16|        259|     32515098.70|         17|00:00:00|+0.14|0.23|0.7704|
|.|          8|         16|        259|     32520997.73|         17|00:00:00|+0.14|0.22|0.7690|
|.|          4|         16|        259|     32514879.17|         17|00:00:00|+0.14|0.21|0.7714|
|x|         16|         16|        277|     32532080.31|         23|00:00:10|+0.13|0.20|0.7838|
|x|         18|         16|        256|     32525527.43|         32|00:00:10|+0.12|0.18|0.7924|
|.|          7|         16|        256|     32537262.53|         32|00:00:00|+0.14|0.19|0.7804|
|.|         11|         16|        256|     32551764.38|         32|00:00:00|+0.13|0.19|0.7847|
|.|          9|         16|        256|     32546622.06|         32|00:00:00|+0.13|0.18|0.7978|
|-|         13|          8|        277|     32545254.06|         34|00:00:10|-0.00|0.05|0.8821|
|=|         19|          8|        277|     32542812.21|         42|00:00:10|-0.01|0.04|0.8889|
|=|         20|          8|        256|     32551590.25|         50|00:00:10|-0.01|0.04|0.8886|
|=|         21|          8|        256|     32565668.86|         58|00:00:10|-0.00|0.04|0.8815|
|=|         22|          8|        256|     32569705.77|         66|00:00:10|+0.00|0.05|0.8752|
|=|         23|          8|        256|     32572811.57|         74|00:00:10|-0.01|0.03|0.8828|
|=|         24|          8|        256|     32571270.29|         82|00:00:10|-0.01|0.03|0.8825|
|=|         25|          8|        256|     32561300.28|         90|00:00:10|-0.02|0.02|0.8868|
|=|         26|          8|        256|     32559436.85|         98|00:00:10|-0.01|0.03|0.8814|
|=|         27|          8|        256|     32548560.44|        106|00:00:10|-0.01|0.03|0.8784|
|=|         28|          8|        256|     32546297.36|        114|00:00:10|-0.01|0.02|0.8805|
|=|         29|          8|        256|     32541956.52|        122|00:00:10|-0.01|0.02|0.8801|
|=|         30|          8|        251|     32536438.40|        130|00:00:10|-0.02|0.02|0.8847|
|=|         31|          8|        251|     32537586.68|        138|00:00:10|-0.02|0.01|0.8903|
|=|         32|          8|        256|     32537855.88|        146|00:00:10|-0.02|0.01|0.8877|
|=|         33|          8|        251|     32530068.70|        154|00:00:10|-0.02|0.01|0.8881|
|=|         34|          8|        256|     32524802.59|        162|00:00:10|-0.02|0.01|0.8819|
|=|         35|          8|        259|     32520897.71|        170|00:00:10|-0.01|0.02|0.8783|
|=|         36|          8|        259|     32516781.64|        178|00:00:10|-0.01|0.02|0.8797|
|=|         37|          8|        259|     32517686.05|        186|00:00:10|-0.01|0.02|0.8777|
|=|         38|          8|        251|     32514682.05|        194|00:00:10|-0.01|0.02|0.8744|
|=|         39|          8|        251|     32522283.90|        202|00:00:10|-0.00|0.02|0.8720|
|=|         40|          8|        251|     32528286.25|        210|00:00:10|+0.00|0.03|0.8687|
|=|         41|          8|        251|     32526585.49|        218|00:00:10|+0.00|0.02|0.8678|
|=|         42|          8|        251|     32529177.33|        226|00:00:10|+0.00|0.03|0.8666|
|=|         43|          8|        251|     32529912.00|        234|00:00:10|+0.01|0.03|0.8641|
|=|         44|          8|        251|     32538848.59|        242|00:00:10|+0.01|0.03|0.8609|
|=|         45|          8|        259|     32532374.67|        250|00:00:10|+0.01|0.03|0.8578|
|=|         46|          8|        259|     32527404.76|        258|00:00:10|+0.01|0.03|0.8559|
|=|         47|          8|        259|     32533483.57|        266|00:00:10|+0.02|0.04|0.8502|
|=|         48|          8|        259|     32535976.44|        274|00:00:10|+0.02|0.04|0.8532|
|=|         49|          8|        251|     32538825.12|        282|00:00:10|+0.01|0.03|0.8590|
|=|         50|          8|        259|     32536758.68|        290|00:00:10|+0.01|0.03|0.8582|
|=|         51|          8|        251|     32540118.39|        298|00:00:10|+0.01|0.03|0.8566|
|=|         52|          8|        251|     32539124.88|        306|00:00:10|+0.01|0.03|0.8603|
|=|         53|          8|        251|     32540558.74|        314|00:00:10|+0.01|0.03|0.8622|
|=|         54|          8|        259|     32534931.35|        322|00:00:10|+0.01|0.03|0.8582|
|=|         55|          8|        251|     32532778.69|        330|00:00:10|+0.01|0.03|0.8601|
|=|         56|          8|        259|     32525605.96|        338|00:00:10|+0.01|0.03|0.8621|
|=|         57|          8|        259|     32528264.00|        346|00:00:10|+0.01|0.03|0.8610|
|=|         58|          8|        259|     32523637.33|        354|00:00:10|+0.01|0.03|0.8568|
|=|         59|          8|        259|     32525397.85|        362|00:00:10|+0.02|0.03|0.8556|
|=|         60|          8|        259|     32526439.90|        370|00:00:10|+0.02|0.03|0.8546|
|=|         61|          8|        259|     32527910.80|        378|00:00:10|+0.02|0.03|0.8560|
|-|         62|          4|        259|     32527833.24|        386|00:00:10|+0.00|0.02|0.7480|
|=|         63|          4|        259|     32527661.38|        390|00:00:10|-0.00|0.01|0.7506|
|=|         64|          4|        259|     32526538.55|        394|00:00:10|+0.00|0.02|0.7477|
|=|         65|          4|        259|     32524972.34|        398|00:00:10|-0.00|0.01|0.7504|
|=|         66|          4|        259|     32524772.32|        402|00:00:10|-0.00|0.01|0.7503|
|=|         67|          4|        259|     32529221.45|        406|00:00:10|-0.00|0.01|0.7514|
|=|         68|          4|        259|     32526980.57|        410|00:00:10|-0.00|0.01|0.7523|
|=|         69|          4|        259|     32529356.51|        414|00:00:10|-0.00|0.01|0.7506|
|=|         70|          4|        259|     32533560.13|        418|00:00:10|-0.00|0.01|0.7495|
|=|         71|          4|        256|     32539574.61|        422|00:00:10|-0.00|0.01|0.7508|
|=|         72|          4|        256|     32538924.25|        426|00:00:10|+0.00|0.01|0.7496|
|=|         73|          4|        256|     32545326.38|        430|00:00:10|+0.00|0.02|0.7477|
|=|         74|          4|        256|     32546218.51|        434|00:00:10|+0.00|0.01|0.7490|
|=|         75|          4|        256|     32545633.55|        438|00:00:10|-0.00|0.01|0.7490|
|=|         76|          4|        259|     32547693.76|        442|00:00:10|+0.00|0.02|0.7476|
|=|         77|          4|        259|     32544096.42|        446|00:00:10|+0.00|0.02|0.7466|
|=|         78|          4|        251|     32549790.17|        450|00:00:10|+0.00|0.01|0.7484|
|=|         79|          4|        251|     32550686.05|        454|00:00:10|+0.00|0.01|0.7482|
|=|         80|          4|        251|     32547641.25|        458|00:00:10|-0.00|0.01|0.7498|
|=|         81|          4|        251|     32542528.49|        462|00:00:10|+0.00|0.01|0.7479|
|=|         82|          4|        251|     32536323.10|        466|00:00:10|+0.00|0.01|0.7459|
|=|         83|          4|        251|     32536858.30|        470|00:00:10|+0.00|0.01|0.7465|
|=|         84|          4|        251|     32536051.95|        474|00:00:10|+0.00|0.02|0.7449|
|=|         85|          4|        251|     32535817.64|        478|00:00:10|+0.01|0.02|0.7432|
|=|         86|          4|        251|     32536872.90|        482|00:00:10|+0.01|0.02|0.7437|
|=|         87|          4|        251|     32532440.61|        486|00:00:10|+0.01|0.02|0.7446|
|=|         88|          4|        251|     32529710.09|        490|00:00:10|+0.01|0.02|0.7443|
|=|         89|          4|        251|     32533199.42|        494|00:00:10|+0.01|0.02|0.7424|
|=|         90|          4|        251|     32530361.36|        498|00:00:10|+0.01|0.02|0.7409|
|=|         91|          4|        251|     32530381.48|        502|00:00:10|+0.01|0.02|0.7388|
|=|         92|          4|        251|     32530696.79|        506|00:00:10|+0.01|0.02|0.7385|
|=|         93|          4|        251|     32531846.16|        510|00:00:10|+0.01|0.03|0.7368|
|=|         94|          4|        251|     32535104.98|        514|00:00:10|+0.02|0.03|0.7353|
|=|         95|          4|        251|     32536629.94|        518|00:00:10|+0.01|0.02|0.7372|
|=|         96|          4|        251|     32539405.53|        522|00:00:10|+0.02|0.03|0.7358|
|=|         97|          4|        251|     32542845.38|        526|00:00:10|+0.02|0.03|0.7367|
|=|         98|          4|        251|     32544888.14|        530|00:00:10|+0.02|0.03|0.7381|
|=|         99|          4|        251|     32545469.32|        534|00:00:10|+0.01|0.02|0.7405|
|=|        100|          4|        251|     32548060.42|        538|00:00:10|+0.01|0.02|0.7416|
|=|        101|          4|        251|     32546334.41|        542|00:00:10|+0.01|0.02|0.7418|
|=|        102|          4|        251|     32548674.47|        546|00:00:10|+0.01|0.02|0.7404|
|=|        103|          4|        251|     32548180.39|        550|00:00:10|+0.01|0.02|0.7428|
|=|        104|          4|        251|     32546035.30|        554|00:00:10|+0.01|0.02|0.7440|
|=|        105|          4|        251|     32545352.10|        558|00:00:10|+0.01|0.02|0.7451|
|=|        106|          4|        251|     32542284.38|        562|00:00:10|+0.01|0.02|0.7439|
|=|        107|          4|        251|     32540049.49|        566|00:00:10|+0.01|0.02|0.7425|
|=|        108|          4|        251|     32537431.80|        570|00:00:10|+0.01|0.02|0.7414|
|=|        109|          4|        251|     32536364.06|        574|00:00:10|+0.01|0.02|0.7418|
|=|        110|          4|        251|     32535511.26|        578|00:00:10|+0.01|0.02|0.7405|
|=|        111|          4|        251|     32536286.95|        582|00:00:10|+0.01|0.02|0.7410|
|=|        112|          4|        251|     32539542.70|        586|00:00:10|+0.01|0.02|0.7425|
|=|        113|          4|        251|     32540884.32|        590|00:00:10|+0.01|0.02|0.7424|
|=|        114|          4|        251|     32544406.93|        594|00:00:10|+0.01|0.02|0.7423|
|=|        115|          4|        251|     32544447.80|        598|00:00:10|+0.01|0.02|0.7419|
|-|        116|          3|        251|     32545187.16|        602|00:00:10|-0.01|0.00|0.6717|
|=|        117|          3|        251|     32545705.18|        605|00:00:10|-0.01|0.00|0.6713|
|=|        118|          3|        251|     32543616.69|        608|00:00:10|-0.01|0.00|0.6713|
|=|        119|          3|        251|     32542198.90|        611|00:00:10|-0.01|0.00|0.6716|
|=|        120|          3|        251|     32542760.95|        614|00:00:10|-0.01|0.00|0.6717|
|=|        121|          3|        251|     32544508.40|        617|00:00:10|-0.01|0.00|0.6716|
|=|        122|          3|        251|     32546004.07|        620|00:00:10|-0.01|0.00|0.6718|
|=|        123|          3|        251|     32543401.68|        623|00:00:10|-0.01|0.00|0.6719|
|=|        124|          3|        251|     32541406.53|        626|00:00:10|-0.01|0.00|0.6719|
|=|        125|          3|        251|     32540977.83|        629|00:00:10|-0.01|0.00|0.6717|
|=|        126|          3|        251|     32543851.87|        632|00:00:10|-0.01|0.00|0.6718|
|=|        127|          3|        251|     32544977.95|        635|00:00:10|-0.01|0.00|0.6719|
|=|        128|          3|        251|     32542548.32|        638|00:00:10|-0.01|0.00|0.6718|
|=|        129|          3|        251|     32543789.12|        641|00:00:10|-0.01|0.00|0.6718|
|=|        130|          3|        251|     32542983.06|        644|00:00:10|-0.01|0.00|0.6717|
|=|        131|          3|        251|     32544050.20|        647|00:00:10|-0.01|0.00|0.6716|
|=|        132|          3|        251|     32542417.30|        650|00:00:10|-0.01|0.00|0.6717|
|=|        133|          3|        251|     32543106.02|        653|00:00:10|-0.01|0.00|0.6717|
|=|        134|          3|        251|     32541919.81|        656|00:00:10|-0.01|0.00|0.6716|
|=|        135|          3|        251|     32542651.31|        659|00:00:10|-0.01|0.00|0.6716|
|=|        136|          3|        251|     32540481.37|        662|00:00:10|-0.01|0.00|0.6716|
|=|        137|          3|        251|     32543052.29|        665|00:00:10|-0.01|0.00|0.6715|
|=|        138|          3|        259|     32543002.29|        668|00:00:10|-0.01|0.00|0.6713|
|=|        139|          3|        251|     32544483.01|        671|00:00:10|-0.01|0.00|0.6714|
|=|        140|          3|        251|     32544188.88|        674|00:00:10|-0.01|0.00|0.6714|
|=|        141|          3|        251|     32544290.67|        677|00:00:10|-0.01|0.00|0.6714|
|=|        142|          3|        256|     32544635.61|        680|00:00:10|-0.01|0.00|0.6713|
|=|        143|          3|        251|     32545071.97|        683|00:00:10|-0.01|0.00|0.6713|
|=|        144|          3|        251|     32547172.35|        686|00:00:10|-0.01|0.00|0.6713|
+-+-----------+-----------+-----------+----------------+-----------+--------+-----+----+------+
Best-so-far configuration:         251    mean value:      32547172.35
Description of the best-so-far configuration:
    .ID. algorithm localsearch alpha beta  rho ants   q0 rasrank elitistants
251  251       acs           3  2.89 9.99 0.94   57 0.48      NA          NA
    nnls dlb .PARENT.
251   13   1      243

# 2025-09-18 16:42:11 -03: Elite configurations (first number is the configuration ID; listed from best to worst according to the sum of ranks):
    algorithm localsearch alpha beta  rho ants   q0 rasrank elitistants nnls
251       acs           3  2.89 9.99 0.94   57 0.48      NA          NA   13
256       acs           3  3.17 9.28 0.73   57 0.49      NA          NA   10
259       acs           3  3.30 9.79 0.77   59 0.53      NA          NA   15
    dlb
251   1
256   1
259   1
# Total CPU user time: 30737.95, CPU sys time: 229.942, Wall-clock time: 4136.365
    .ID. algorithm localsearch alpha beta  rho ants   q0 rasrank elitistants
251  251       acs           3  2.89 9.99 0.94   57 0.48      NA          NA
256  256       acs           3  3.17 9.28 0.73   57 0.49      NA          NA
259  259       acs           3  3.30 9.79 0.77   59 0.53      NA          NA
    nnls dlb .PARENT. .RANK.  .WEIGHT.
251   13   1      243    287 0.5000000
256   10   1      243    287 0.3333333
259   15   1      243    290 0.1666667
