#------------------------------------------------------------------------------
# irace: An implementation in R of (Elitist) Iterated Racing
# Version: 4.2.0.9000.0eef3f1
# Copyright (C) 2010-2025
# Manuel Lopez-Ibanez     <manuel.lopez-ibanez@manchester.ac.uk>
# Jeremie Dubois-Lacoste
# Leslie Perez Caceres    <leslie.perez.caceres@ulb.ac.be>
#
# This is free software, and you are welcome to redistribute it under certain
# conditions.  See the GNU General Public License for details. There is NO
# WARRANTY; not even for MERCHANTABILITY or FITNESS FOR A PARTICULAR PURPOSE.
#
# irace builds upon previous code from the race package:
#     race: Racing methods for the selection of the best
#     Copyright (C) 2003 Mauro Birattari
#------------------------------------------------------------------------------
# installed at: /home/pestobar/R/x86_64-redhat-linux-gnu-library/4.5/irace
# called with: --only-test configurations.txt --scenario scenario.txt
# 2025-12-18 19:09:15 -03: Checking scenario.
# 2025-12-18 19:09:15 -03: Reading parameter file '/home/pestobar/Activities/irace-test-executions/PSO-X/Scenarios/Elites-3/Runs/Elites-3_seed_1100211/parameters.txt'.
# 2025-12-18 19:09:15 -03: 2 expression(s) specifying forbidden configurations read.
## irace scenario:
scenarioFile = "/home/pestobar/Activities/irace-test-executions/PSO-X/Scenarios/Elites-3/Runs/Elites-3_seed_1100211/scenario.txt"
execDir = "/home/pestobar/Activities/irace-test-executions/PSO-X/Scenarios/Elites-3/Runs/Elites-3_seed_1100211/Results"
parameterFile = "/home/pestobar/Activities/irace-test-executions/PSO-X/Scenarios/Elites-3/Runs/Elites-3_seed_1100211/parameters.txt"
parameters = <environment>
initConfigurations = NULL
configurationsFile = ""
logFile = "/home/pestobar/Activities/irace-test-executions/PSO-X/Scenarios/Elites-3/Runs/Elites-3_seed_1100211/Results/irace.Rdata"
recoveryFile = ""
instances = c("--competition 3 --problem 0 --dimensions 30", "--competition 3 --problem 1 --dimensions 30", "--competition 3 --problem 2 --dimensions 30", "--competition 3 --problem 3 --dimensions 30", "--competition 3 --problem 4 --dimensions 30", "--competition 3 --problem 5 --dimensions 30", "--competition 3 --problem 6 --dimensions 30", "--competition 3 --problem 7 --dimensions 30", "--competition 3 --problem 8 --dimensions 30", "--competition 3 --problem 9 --dimensions 30", "--competition 3 --problem 10 --dimensions 30", "--competition 3 --problem 11 --dimensions 30", "--competition 3 --problem 12 --dimensions 30", "--competition 3 --problem 13 --dimensions 30", "--competition 3 --problem 14 --dimensions 30", "--competition 3 --problem 15 --dimensions 30", "--competition 3 --problem 16 --dimensions 30", "--competition 3 --problem 17 --dimensions 30", "--competition 3 --problem 18 --dimensions 30", "--competition 3 --problem 19 --dimensions 30", "--competition 3 --problem 20 --dimensions 30", "--competition 3 --problem 21 --dimensions 30", "--competition 3 --problem 22 --dimensions 30", "--competition 3 --problem 23 --dimensions 30", "--competition 3 --problem 24 --dimensions 30", "--competition 3 --problem 25 --dimensions 30", "--competition 3 --problem 26 --dimensions 30", "--competition 3 --problem 27 --dimensions 30", "--competition 3 --problem 28 --dimensions 30", "--competition 3 --problem 29 --dimensions 30", "--competition 3 --problem 30 --dimensions 30", "--competition 3 --problem 31 --dimensions 30", "--competition 3 --problem 32 --dimensions 30", "--competition 3 --problem 33 --dimensions 30", "--competition 3 --problem 34 --dimensions 30", "--competition 3 --problem 35 --dimensions 30", "--competition 3 --problem 36 --dimensions 30", "--competition 3 --problem 37 --dimensions 30", "--competition 3 --problem 38 --dimensions 30", "--competition 3 --problem 39 --dimensions 30", "--competition 3 --problem 40 --dimensions 30", "--competition 3 --problem 41 --dimensions 30", "--competition 3 --problem 42 --dimensions 30", "--competition 3 --problem 43 --dimensions 30", "--competition 3 --problem 44 --dimensions 30", "--competition 3 --problem 45 --dimensions 30", "--competition 3 --problem 46 --dimensions 30", "--competition 3 --problem 47 --dimensions 30", "--competition 3 --problem 48 --dimensions 30", "--competition 3 --problem 49 --dimensions 30")
trainInstancesDir = ""
trainInstancesFile = "/home/pestobar/Activities/irace-test-executions/PSO-X/Instances/train_MIXTURE.txt"
sampleInstances = TRUE
testInstancesDir = ""
testInstancesFile = "/home/pestobar/Activities/irace-test-executions/PSO-X/TestingInstances/test_MIXTURE.txt"
testInstances = c("1t" = "--competition 3 --problem 0 --dimensions 50", "2t" = "--competition 3 --problem 1 --dimensions 50", "3t" = "--competition 3 --problem 2 --dimensions 50", "4t" = "--competition 3 --problem 3 --dimensions 50", "5t" = "--competition 3 --problem 4 --dimensions 50", "6t" = "--competition 3 --problem 5 --dimensions 50", "7t" = "--competition 3 --problem 6 --dimensions 50", "8t" = "--competition 3 --problem 7 --dimensions 50", "9t" = "--competition 3 --problem 8 --dimensions 50", "10t" = "--competition 3 --problem 9 --dimensions 50", "11t" = "--competition 3 --problem 10 --dimensions 50", "12t" = "--competition 3 --problem 11 --dimensions 50", "13t" = "--competition 3 --problem 12 --dimensions 50", "14t" = "--competition 3 --problem 13 --dimensions 50", "15t" = "--competition 3 --problem 14 --dimensions 50", "16t" = "--competition 3 --problem 15 --dimensions 50", "17t" = "--competition 3 --problem 16 --dimensions 50", "18t" = "--competition 3 --problem 17 --dimensions 50", "19t" = "--competition 3 --problem 18 --dimensions 50", "20t" = "--competition 3 --problem 19 --dimensions 50", "21t" = "--competition 3 --problem 20 --dimensions 50", "22t" = "--competition 3 --problem 21 --dimensions 50", "23t" = "--competition 3 --problem 22 --dimensions 50", "24t" = "--competition 3 --problem 23 --dimensions 50", "25t" = "--competition 3 --problem 24 --dimensions 50", "26t" = "--competition 3 --problem 25 --dimensions 50", "27t" = "--competition 3 --problem 26 --dimensions 50", "28t" = "--competition 3 --problem 27 --dimensions 50", "29t" = "--competition 3 --problem 28 --dimensions 50", "30t" = "--competition 3 --problem 29 --dimensions 50", "31t" = "--competition 3 --problem 30 --dimensions 50", "32t" = "--competition 3 --problem 31 --dimensions 50", "33t" = "--competition 3 --problem 32 --dimensions 50", "34t" = "--competition 3 --problem 33 --dimensions 50", "35t" = "--competition 3 --problem 34 --dimensions 50", "36t" = "--competition 3 --problem 35 --dimensions 50", "37t" = "--competition 3 --problem 36 --dimensions 50", "38t" = "--competition 3 --problem 37 --dimensions 50", "39t" = "--competition 3 --problem 38 --dimensions 50", "40t" = "--competition 3 --problem 39 --dimensions 50", "41t" = "--competition 3 --problem 40 --dimensions 50", "42t" = "--competition 3 --problem 41 --dimensions 50", "43t" = "--competition 3 --problem 42 --dimensions 50", "44t" = "--competition 3 --problem 43 --dimensions 50", "45t" = "--competition 3 --problem 44 --dimensions 50", "46t" = "--competition 3 --problem 45 --dimensions 50", "47t" = "--competition 3 --problem 46 --dimensions 50", "48t" = "--competition 3 --problem 47 --dimensions 50", "49t" = "--competition 3 --problem 48 --dimensions 50", "50t" = "--competition 3 --problem 49 --dimensions 50")
testNbElites = 1L
testIterationElites = FALSE
testType = "friedman"
firstTest = 5L
blockSize = 1L
eachTest = 1L
targetRunner = "/home/pestobar/Activities/irace-test-executions/PSO-X/Scenarios/Elites-3/Runs/Elites-3_seed_1100211/target-runner"
targetRunnerLauncher = ""
targetCmdline = "{configurationID} {instanceID} {seed} {instance} {bound} {targetRunnerArgs}"
targetRunnerRetries = 0L
targetRunnerTimeout = 0L
targetRunnerData = ""
targetRunnerParallel = NULL
targetEvaluator = NULL
deterministic = FALSE
maxExperiments = 5500L
minExperiments = NA_character_
maxTime = 0L
budgetEstimation = 0.05
minMeasurableTime = 0.01
parallel = 10L
loadBalancing = TRUE
mpi = FALSE
batchmode = "0"
quiet = FALSE
debugLevel = 0L
seed = 1100211L
softRestart = TRUE
softRestartThreshold = 1e-04
elitist = TRUE
elitistNewInstances = 1L
elitistLimit = 2L
repairConfiguration = NULL
capping = FALSE
cappingAfterFirstTest = FALSE
cappingType = "median"
boundType = "candidate"
boundMax = NULL
boundDigits = 0L
boundPar = 1L
boundAsTimeout = TRUE
postselection = TRUE
aclib = FALSE
nbIterations = 0L
nbExperimentsPerIteration = 0L
minNbSurvival = 0L
nbConfigurations = 0L
mu = 5L
confidence = 0.95
## end of irace scenario
# 2025-12-18 19:09:15 -03: Read 80 configuration(s) from file 'configurations.txt'
# 2025-12-18 19:09:15 -03: Testing configurations (in the order given as input): 
   particles topology modInfluence branching tSchedule phi1 phi2 inertia
1         21        4            0        NA        NA 1.89 2.36    0.38
2        134        4            0        NA        NA 2.09 2.30    0.53
3          9        1            0        NA        NA 1.54 2.48    0.26
4        142        4            0        NA        NA 1.27 2.48    0.50
5         67        4            0        NA        NA 1.58 2.49    0.41
6         66        1            1        NA        NA 2.05 1.48    0.59
7         90        4            0        NA        NA 1.94 2.40    0.65
8        162        4            2        NA        NA 0.44 2.37    0.81
9         85        4            0        NA        NA 2.15 2.28    0.55
10        45        4            0        NA        NA 1.79 2.42    0.50
11        82        4            0        NA        NA 1.24 2.44    0.35
12       106        4            0        NA        NA 1.91 2.36    0.46
13        77        4            0        NA        NA 1.28 2.47    0.42
14        57        4            0        NA        NA 0.59 2.22    0.56
15        20        0            1        NA        NA 2.46 2.08    0.31
16       108        4            0        NA        NA 2.14 2.28    0.67
17       142        4            0        NA        NA 2.03 2.45    0.37
18       101        4            0        NA        NA 2.28 2.16    0.50
19         6        5            0        NA         6 2.43 2.33    0.21
20        18        0            1        NA        NA 1.86 2.30    0.24
21       149        4            0        NA        NA 1.24 2.43    0.40
22        77        4            0        NA        NA 2.05 2.34    0.44
23        20        0            1        NA        NA 1.84 2.22    0.29
24       144        4            0        NA        NA 1.96 2.47    0.60
25        93        4            0        NA        NA 1.42 2.44    0.49
26        50        1            1        NA        NA 2.16 1.78    0.58
27        67        4            0        NA        NA 2.44 2.38    0.56
28        75        4            0        NA        NA 1.87 2.34    0.55
29       165        4            0        NA        NA 2.45 2.44    0.37
30        68        4            0        NA        NA 1.89 2.34    0.69
31        92        4            0        NA        NA 1.30 2.43    0.41
32        16        4            0        NA        NA 1.09 2.06    0.33
33        80        4            0        NA        NA 1.65 2.50    0.27
34        11        4            0        NA        NA 1.41 2.38    0.48
35        37        1            1        NA        NA 2.40 1.94    0.24
36       134        4            0        NA        NA 2.01 2.42    0.53
37       102        4            0        NA        NA 2.17 2.48    0.43
38       110        4            0        NA        NA 2.13 2.41    0.56
39       179        5            0        NA         6 0.86 2.44    0.29
40        21        0            1        NA        NA 2.25 2.32    0.22
41        38        4            0        NA        NA 2.21 1.60    0.53
42       150        4            0        NA        NA 1.95 2.33    0.58
43         4        4            2        NA        NA 1.77 2.47    0.41
44       105        4            0        NA        NA 0.43 2.38    0.25
45        75        4            0        NA        NA 2.17 2.11    0.61
46       115        1            1        NA        NA 2.36 2.43    0.66
47       115        4            0        NA        NA 2.26 2.13    0.74
48        83        4            0        NA        NA 2.38 2.39    0.11
49        38        4            0        NA        NA 2.46 1.83    0.67
50        83        4            0        NA        NA 1.42 2.41    0.70
51        79        4            0        NA        NA 1.02 2.39    0.45
52        83        4            0        NA        NA 2.35 2.47    0.44
53        25        1            0        NA        NA 1.69 2.28    0.33
54        89        4            2        NA        NA 2.41 2.46    0.72
55        25        1            2        NA        NA 2.11 2.38    0.30
56       103        4            0        NA        NA 0.96 2.24    0.45
57        84        4            0        NA        NA 2.11 2.48    0.32
58       103        4            0        NA        NA 0.50 2.49    0.48
59        28        0            0        NA        NA 1.99 1.81    0.13
60        22        1            1        NA        NA 2.31 2.37    0.25
61        48        1            0        NA        NA 1.53 2.12    0.18
62        85        4            0        NA        NA 2.11 2.33    0.54
63       104        4            0        NA        NA 2.27 2.39    0.41
64       107        4            0        NA        NA 0.30 2.33    0.20
65       129        4            0        NA        NA 1.28 2.45    0.40
66        68        1            2        NA        NA 0.38 2.48    0.53
67        62        1            0        NA        NA 1.72 2.22    0.69
68        69        4            2        NA        NA 0.21 2.15    0.81
69        98        0            0        NA        NA 1.95 2.00    0.67
70       117        4            0        NA        NA 1.52 2.26    0.52
71        68        4            0        NA        NA 0.99 2.49    0.28
72        34        4            0        NA        NA 2.31 2.40    0.33
73       107        4            0        NA        NA 2.02 2.32    0.19
74       163        4            2        NA        NA 1.30 2.44    0.68
75        84        4            0        NA        NA 1.29 2.49    0.24
76        90        4            0        NA        NA 1.66 2.30    0.57
77        84        4            0        NA        NA 0.78 2.24    0.29
78       135        4            0        NA        NA 1.32 2.29    0.57
79       102        0            0        NA        NA 1.96 2.40    0.23
80       200        4            2        NA        NA 2.48 2.31    0.64
# 2025-12-18 21:26:56 -03: Testing results (column number is configuration ID in no particular order):
         seeds            1            2            3            4            5
1t   661488125 1.008205e+00 1.559425e+00 9.192835e-01 1.449954e+00 1.080712e+00
2t   423965070 3.004408e+06 1.561192e+07 3.378503e+06 2.357866e+07 6.485930e+06
3t    43471659 1.515467e+06 2.606940e+06 1.429147e+06 2.529174e+06 1.690031e+06
4t  1212195299 8.528656e+04 1.267721e+05 4.050930e+04 1.194097e+05 1.284918e+05
5t   655170661 2.044416e+01 1.317719e+01 1.601809e+01 1.632551e+01 3.729625e+01
6t   836354379 4.839443e+00 4.675646e+02 2.898509e+00 3.684977e+02 6.360569e+01
7t   467628477 5.863819e+03 3.937031e+03 3.257547e+03 4.777039e+03 3.726876e+03
8t  1943761992 4.943030e+00 6.146506e+00 5.145668e+00 6.852565e+00 5.702888e+00
9t   234961560 3.120923e+02 2.335328e+02 3.278391e+02 2.652478e+02 2.944524e+02
10t  372641850 2.552113e+01 2.958000e+01 2.628517e+01 3.163245e+01 2.706926e+01
11t 2011769430 3.040772e+02 2.640077e+02 3.197634e+02 2.410795e+02 2.538195e+02
12t  530324123 4.986660e+03 4.686202e+02 1.939104e+03 4.409346e+02 1.418085e+04
13t  200878305 1.983239e+01 1.660172e+00 2.032178e+01 1.755940e+00 1.421901e+00
14t 1798283619 2.096578e+01 2.116392e+01 2.116314e+01 2.107544e+01 2.101147e+01
15t 1970468775 1.340603e+02 3.070258e+02 1.250776e+03 2.834524e+03 1.632130e+02
16t  723453285 4.907780e+01 4.816799e+01 4.872221e+01 4.826242e+01 4.756070e+01
17t  969775137 1.581611e-01 1.091185e+00 1.119089e-01 4.665764e-01 3.685675e-01
18t  113404491 8.790799e-01 9.946413e-01 8.041898e-01 1.007291e+00 8.968745e-01
19t  496241456 6.034983e+02 4.731643e+02 6.801862e+02 4.014381e+02 4.934851e+02
20t 1180753087 4.843810e+02 3.143727e+02 6.146193e+02 3.230969e+02 3.264976e+02
21t 1842515190 2.842908e+04 2.769610e+04 2.880866e+04 2.792517e+04 2.818586e+04
22t  290095497 2.933558e+04 2.813460e+04 2.846639e+04 2.918226e+04 2.950506e+04
23t   62992051 5.669118e+01 4.761352e+01 6.219178e+01 4.936780e+01 5.149620e+01
24t  113896669 3.419089e-01 9.070890e-01 6.764596e-01 6.999063e-01 5.568259e-01
25t 2070703024 7.250608e-01 5.983317e-01 6.590614e-01 5.494598e-01 5.369014e-01
26t  159748487 3.556106e-01 3.702531e-01 3.930685e-01 2.829213e-01 3.043266e-01
27t 1463893528 7.243348e+01 8.231788e+01 9.003540e+01 7.895554e+01 1.013230e+02
28t  229183678 2.009403e+02 2.420490e+02 3.098604e+02 2.581161e+02 2.412472e+02
29t  409742924 3.534582e+02 3.065289e+02 4.137683e+02 2.636159e+02 3.600779e+02
30t 1922658615 1.331798e+01 1.126287e+01 1.107445e+01 1.100244e+01 1.132970e+01
31t 1385226956 2.276550e+02 1.587081e+02 1.925655e+02 1.130701e+02 2.012837e+02
32t  850609978 2.728321e+02 3.051834e+02 4.616848e+02 3.256024e+02 3.603125e+02
33t  561963795 1.196423e+02 8.733547e+01 1.264953e+02 9.860876e+01 1.249940e+02
34t 1417206035 3.155001e+01 2.615831e+01 2.711461e+01 2.579979e+01 2.136413e+01
35t  891011568 1.259457e+04 1.254148e+04 1.344016e+04 1.259717e+04 1.285007e+04
36t 1177207875 2.097542e+05 2.200038e+05 2.502059e+05 2.009014e+05 1.756884e+05
37t  121824347 5.529519e+01 5.964984e+01 5.275562e+01 5.581897e+01 6.022834e+01
38t  633865039 4.586245e+05 2.316369e+05 5.711721e+05 2.654794e+05 2.646555e+05
39t 1510741354 5.405424e+00 5.324116e+00 7.396435e+00 6.221897e+00 6.393413e+00
40t  318735274 6.791939e+01 4.388621e+01 4.998633e+01 3.749428e+01 9.212862e+01
41t 1422571085 5.481023e+02 4.493213e+02 4.460848e+02 4.493808e+02 5.496052e+02
42t  714673039 5.245239e+02 2.789316e+02 4.813796e+02 3.175980e+02 2.810036e+02
43t  150301829 4.341857e+02 4.343526e+02 5.297843e+02 3.771748e+02 4.345566e+02
44t 1960122216 9.314553e+02 9.325138e+02 9.829260e+02 9.316522e+02 9.338664e+02
45t 1058349634 9.342917e+02 9.345190e+02 9.366512e+02 9.292448e+02 9.321640e+02
46t  532557700 9.290319e+02 9.270324e+02 9.286607e+02 9.290430e+02 9.273558e+02
47t 2101228266 1.025096e+03 1.024297e+03 5.311584e+02 1.027655e+03 1.025566e+03
48t 1960386815 9.784751e+02 9.277808e+02 1.287071e+03 9.192150e+02 9.238449e+02
49t 1795013858 9.145417e+02 5.719156e+02 5.503906e+02 1.027815e+03 1.024597e+03
50t 1865485765 9.377478e+02 9.152883e+02 9.599608e+02 9.309749e+02 9.493660e+02
               6            7            8            9           10
1t  1.286896e+00 1.948157e+00 3.121587e+00 1.426088e+00 1.420788e+00
2t  5.893052e+06 1.456217e+07 7.675451e+06 1.452613e+07 3.824020e+06
3t  2.208038e+06 2.848494e+06 5.133490e+06 2.107937e+06 1.882748e+06
4t  1.272538e+05 1.132268e+05 1.433660e+05 1.360148e+05 1.108805e+05
5t  6.083663e+01 3.808180e+00 1.159122e+01 2.287735e+01 4.399271e+01
6t  1.415954e+02 2.820130e+02 2.537145e+02 2.317149e+02 2.953917e+01
7t  9.530823e+03 2.472010e+03 3.277351e+03 2.916833e+03 3.587446e+03
8t  6.173464e+00 7.632474e+00 1.086545e+01 6.476529e+00 6.190667e+00
9t  3.599432e+02 2.367252e+02 4.826380e+01 2.927691e+02 2.999541e+02
10t 2.784948e+01 3.315011e+01 4.017146e+01 3.041564e+01 2.906519e+01
11t 3.663574e+02 1.993437e+02 5.848004e+01 2.524304e+02 2.448350e+02
12t 2.870659e+04 1.958717e+02 2.954810e+03 1.006831e+04 6.082910e+03
13t 2.016152e+01 1.891718e+00 2.276809e+00 1.520466e+00 1.473711e+00
14t 2.119768e+01 2.114869e+01 2.117668e+01 2.110040e+01 2.103414e+01
15t 1.930463e+02 2.660393e+02 6.659076e+02 1.959301e+02 1.900028e+02
16t 4.928306e+01 5.020063e+01 4.914412e+01 4.928267e+01 1.030504e+02
17t 4.204008e+02 1.029581e+00 1.126142e-01 4.937927e-01 7.743444e-01
18t 9.578054e-01 1.012499e+00 1.049457e+00 9.711017e-01 9.114459e-01
19t 1.692656e+03 4.292280e+02 3.858230e+02 4.479290e+02 4.506446e+02
20t 6.858495e+02 2.412170e+02 3.161826e+02 2.461677e+02 3.660988e+02
21t 3.505380e+04 2.795155e+04 3.059050e+04 2.786985e+04 2.848793e+04
22t 3.557719e+04 2.898449e+04 3.166433e+04 2.842886e+04 2.840774e+04
23t 6.845943e+01 4.730720e+01 4.174893e+01 4.402955e+01 5.621069e+01
24t 3.314786e+00 8.109610e-01 3.782695e+00 6.595553e-01 4.737235e-01
25t 5.587873e-01 4.912700e-01 4.474920e-01 5.077063e-01 6.366037e-01
26t 2.933897e-01 3.614772e-01 2.696899e-01 3.278094e-01 3.246084e-01
27t 4.245658e+01 8.250295e+01 2.024575e+01 7.601144e+01 1.064138e+02
28t 1.762749e+02 2.828581e+02 3.293458e+02 2.236087e+02 2.439802e+02
29t 4.598896e+02 3.034107e+02 2.880075e+02 3.045972e+02 3.190090e+02
30t 2.267918e+01 1.192221e+01 1.516137e+01 1.264348e+01 1.084487e+01
31t 1.061871e+02 1.547197e+02 2.487376e+01 1.901104e+02 2.223885e+02
32t 3.753860e+02 3.181588e+02 2.923102e+02 3.575419e+02 4.132268e+02
33t 1.312820e+02 9.718409e+01 1.053472e+02 9.517001e+01 1.008939e+02
34t 2.464786e+01 2.953759e+01 3.307658e+01 2.862195e+01 2.702931e+01
35t 1.399287e+04 1.242817e+04 1.248456e+04 1.244730e+04 1.253816e+04
36t 1.630190e+05 2.584047e+05 3.598847e+05 1.575017e+05 1.740295e+05
37t 6.351862e+01 6.156968e+01 6.154362e+01 5.948441e+01 5.749106e+01
38t 1.707967e+05 2.497837e+05 1.483782e+05 2.457861e+05 2.044523e+05
39t 6.881862e+00 5.636372e+00 5.644221e+00 6.950283e+00 6.097367e+00
40t 8.720989e+02 2.311406e+01 2.264428e+01 5.069049e+01 6.631832e+01
41t 4.484421e+02 4.513277e+02 4.566911e+02 4.488304e+02 4.490849e+02
42t 3.299188e+02 2.822643e+02 2.605159e+02 2.948906e+02 2.660546e+02
43t 4.335916e+02 3.344695e+02 3.188999e+02 3.569281e+02 3.679881e+02
44t 8.414824e+02 9.224474e+02 9.312643e+02 9.367758e+02 9.271557e+02
45t 9.476207e+02 9.264816e+02 9.299882e+02 9.323984e+02 9.310421e+02
46t 9.450861e+02 9.235419e+02 9.308879e+02 9.264683e+02 9.286768e+02
47t 1.202401e+03 1.020600e+03 6.169933e+02 9.121207e+02 1.026684e+03
48t 1.217040e+03 9.197228e+02 9.461521e+02 9.201710e+02 1.011009e+03
49t 5.607785e+02 1.020947e+03 6.266411e+02 1.023958e+03 1.021018e+03
50t 1.229343e+03 8.946705e+02 3.998904e+02 9.206978e+02 9.136673e+02
              11           12           13           14           15
1t  1.179056e+00 1.311203e+00 1.264753e+00 2.206602e+00 6.211937e-01
2t  1.076126e+07 9.934072e+06 1.252168e+07 5.608343e+06 2.169417e+06
3t  1.896331e+06 1.926899e+06 1.858528e+06 3.050743e+06 9.590185e+05
4t  1.210832e+05 1.190352e+05 1.278333e+05 6.848129e+04 1.535665e+05
5t  5.112290e+01 2.760163e+01 2.296665e+01 2.837546e+01 4.645307e+01
6t  1.582605e+02 2.694634e+02 1.120364e+02 3.492407e+01 4.328064e+00
7t  4.669752e+03 5.648795e+03 3.624351e+03 3.343445e+03 1.650163e+04
8t  5.713672e+00 6.267792e+00 6.288301e+00 8.006499e+00 4.380358e+00
9t  3.018641e+02 2.667952e+02 2.688390e+02 2.797371e+02 3.904951e+02
10t 2.747459e+01 2.542331e+01 2.905061e+01 3.359951e+01 1.925223e+01
11t 3.045264e+02 2.593541e+02 2.638161e+02 3.002697e+02 4.172797e+02
12t 2.109937e+04 5.215880e+02 1.152576e+04 3.281328e+03 1.504320e+04
13t 1.385179e+00 1.462391e+00 1.403295e+00 2.032979e+00 1.977744e+01
14t 2.088879e+01 2.098872e+01 2.097759e+01 2.101499e+01 2.098588e+01
15t 1.554735e+02 1.913719e+02 1.683827e+02 2.320059e+02 1.056093e+02
16t 4.903880e+01 4.877379e+01 4.810133e+01 4.752690e+01 4.920178e+01
17t 1.260273e+00 2.483463e-01 6.220660e-02 1.153576e-01 1.620465e+02
18t 9.240350e-01 9.147693e-01 9.312445e-01 1.024618e+00 6.770397e-01
19t 6.313911e+02 5.113997e+02 4.187451e+02 3.921306e+02 5.691133e+03
20t 3.344212e+02 3.515534e+02 3.604161e+02 3.193227e+02 5.676265e+02
21t 2.787135e+04 2.770430e+04 2.826932e+04 2.835543e+04 3.695221e+04
22t 2.872167e+04 2.872072e+04 2.723518e+04 2.943112e+04 3.779683e+04
23t 5.740952e+01 4.885150e+01 5.457798e+01 5.089765e+01 7.773227e+01
24t 6.442020e-01 9.924624e-01 8.127058e-01 9.215269e-01 5.207071e+00
25t 6.288790e-01 5.594464e-01 3.424719e-01 6.248591e-01 5.987302e-01
26t 3.079942e-01 2.878594e-01 4.493279e-01 3.557444e-01 2.539439e-01
27t 9.547685e+01 6.255066e+01 8.960102e+01 1.216467e+02 5.413449e+01
28t 2.150537e+02 2.331069e+02 2.211665e+02 2.585984e+02 1.544280e+02
29t 2.786507e+02 2.609190e+02 3.200081e+02 2.497163e+02 4.595111e+02
30t 1.172200e+01 1.037315e+01 9.359636e+00 1.360650e+01 1.051013e+01
31t 1.612610e+02 1.523819e+02 1.892492e+02 1.882932e+02 1.169967e+02
32t 3.777299e+02 3.181793e+02 3.700549e+02 5.679753e+02 2.197781e+02
33t 1.049060e+02 1.019536e+02 9.851374e+01 9.711003e+01 1.544231e+02
34t 2.464184e+01 2.653551e+01 2.605481e+01 3.247939e+01 2.580274e+01
35t 1.286383e+04 1.262789e+04 1.279876e+04 1.292010e+04 1.783310e+04
36t 1.762500e+05 1.876472e+05 1.637092e+05 2.306405e+05 1.367860e+05
37t 5.823648e+01 5.684623e+01 5.916966e+01 6.238923e+01 5.415503e+01
38t 3.060979e+05 2.292041e+05 3.030571e+05 3.170504e+05 2.201327e+05
39t 6.771828e+00 7.039240e+00 6.825541e+00 7.619698e+00 4.787095e+00
40t 6.974110e+01 7.247575e+01 6.809977e+01 2.234707e+01 7.573574e+02
41t 4.477810e+02 4.490022e+02 5.500171e+02 4.522013e+02 1.055832e+03
42t 2.854036e+02 3.261847e+02 3.416112e+02 2.848231e+02 4.333558e+02
43t 4.398566e+02 3.923636e+02 3.669107e+02 4.391145e+02 5.252136e+02
44t 9.311738e+02 9.356535e+02 9.230135e+02 9.249978e+02 9.254856e+02
45t 9.419774e+02 9.349158e+02 9.325053e+02 9.322498e+02 9.241502e+02
46t 9.266344e+02 9.285117e+02 9.219029e+02 9.223405e+02 9.249776e+02
47t 5.422694e+02 1.023106e+03 1.023690e+03 1.027508e+03 1.224386e+03
48t 1.001436e+03 9.239787e+02 9.529571e+02 9.424442e+02 1.480808e+03
49t 1.024043e+03 1.020117e+03 1.019608e+03 1.018838e+03 1.251888e+03
50t 9.198756e+02 9.116460e+02 9.048100e+02 9.188861e+02 1.322425e+03
              16           17           18           19           20
1t  2.204872e+00 1.103956e+00 1.277251e+00 7.175131e-01 5.682195e-01
2t  1.894710e+07 7.967288e+06 1.315067e+07 1.963032e+06 2.252632e+06
3t  3.385318e+06 1.670608e+06 2.021052e+06 8.924397e+05 9.354566e+05
4t  1.306910e+05 1.431702e+05 1.210364e+05 5.042669e+04 1.473074e+05
5t  2.322222e+00 3.303447e+01 2.271521e+01 7.855883e+00 4.205148e+01
6t  2.753072e+02 5.039028e+02 3.555882e+02 2.862640e+00 3.836552e+00
7t  3.528696e+03 5.121272e+03 4.209054e+03 3.793169e+03 1.670937e+04
8t  7.945029e+00 5.695044e+00 6.012946e+00 1.653746e+02 4.323593e+00
9t  2.248529e+02 2.902056e+02 2.853746e+02 3.796587e+02 4.446607e+02
10t 3.518055e+01 2.929276e+01 2.976454e+01 2.233302e+01 2.001769e+01
11t 1.127531e+02 2.884231e+02 2.716126e+02 3.547562e+02 4.184941e+02
12t 3.054269e+02 1.136520e+04 1.156621e+04 4.342530e+03 1.266062e+04
13t 1.972670e+00 1.412838e+00 1.470163e+00 2.036794e+01 1.987666e+01
14t 2.112419e+01 2.098869e+01 2.114686e+01 2.076510e+01 2.067358e+01
15t 2.865407e+02 2.036065e+02 1.968867e+02 1.159465e+02 1.053388e+02
16t 4.936764e+01 4.901741e+01 4.804526e+01 1.019698e+02 4.914634e+01
17t 8.208559e-01 8.685278e-01 9.617723e-01 5.782309e-02 2.761400e+02
18t 1.028173e+00 9.343761e-01 9.622807e-01 8.249893e-01 5.822574e-01
19t 4.495060e+02 5.375201e+02 4.918919e+02 8.173051e+02 5.984777e+03
20t 2.713493e+02 3.453549e+02 1.834112e+02 8.155116e+02 9.645048e+02
21t 2.678969e+04 2.802228e+04 2.703250e+04 2.989519e+04 3.722487e+04
22t 2.868188e+04 2.845685e+04 2.863047e+04 3.043302e+04 3.907293e+04
23t 4.492199e+01 5.004693e+01 3.672448e+01 6.637380e+01 8.098511e+01
24t 3.861021e-01 6.324499e-01 7.886679e-01 6.430444e-01 5.530898e+00
25t 5.454169e-01 5.627811e-01 3.985671e-01 9.115117e-01 5.860494e-01
26t 3.233172e-01 3.314969e-01 3.033358e-01 3.144312e-01 2.468227e-01
27t 5.915340e+01 4.957283e+01 5.670009e+01 9.286702e+01 4.763983e+01
28t 2.897974e+02 2.161098e+02 2.253008e+02 2.669705e+02 1.419747e+02
29t 2.531810e+02 3.572847e+02 3.307354e+02 4.841243e+02 4.637845e+02
30t 1.214490e+01 1.102147e+01 1.259653e+01 1.152911e+01 6.858019e+00
31t 1.504290e+02 1.385412e+02 1.471812e+02 2.532385e+02 1.052320e+02
32t 3.165196e+02 2.474272e+02 2.737922e+02 4.520264e+02 2.071752e+02
33t 1.077023e+02 1.064360e+02 9.204220e+01 1.950242e+02 1.771652e+02
34t 2.977412e+01 2.693034e+01 2.371110e+01 3.559233e+01 2.375094e+01
35t 1.257242e+04 1.276434e+04 1.270645e+04 1.378049e+04 1.809976e+04
36t 2.544442e+05 1.702722e+05 1.846863e+05 2.326507e+05 1.220724e+05
37t 5.989931e+01 5.806888e+01 5.616019e+01 5.537362e+01 5.721841e+01
38t 2.850789e+05 2.582292e+05 2.443462e+05 2.592640e+05 2.676780e+05
39t 7.199676e+00 6.459158e+00 6.697947e+00 5.910575e+00 5.690652e+00
40t 2.122580e+01 7.615228e+01 7.729208e+01 7.476485e+01 7.491116e+02
41t 4.510568e+02 4.484514e+02 4.486285e+02 6.525060e+02 1.000004e+03
42t 2.532851e+02 3.178128e+02 3.351439e+02 4.810855e+02 5.293679e+02
43t 3.424397e+02 4.503039e+02 4.432332e+02 5.280142e+02 5.842921e+02
44t 9.226552e+02 9.322026e+02 9.286877e+02 1.010669e+03 9.260445e+02
45t 9.303325e+02 9.333569e+02 9.373843e+02 9.279365e+02 9.224376e+02
46t 9.235892e+02 9.234912e+02 9.290886e+02 9.270711e+02 9.246694e+02
47t 1.020173e+03 9.105188e+02 9.160199e+02 1.028756e+03 1.243652e+03
48t 9.264264e+02 9.365446e+02 9.323879e+02 1.191748e+03 1.530229e+03
49t 1.020451e+03 1.024340e+03 1.025482e+03 5.463703e+02 1.249878e+03
50t 8.842754e+02 9.606349e+02 8.992621e+02 1.254979e+03 1.326097e+03
              21           22           23           24           25
1t  1.273036e+00 9.649932e-01 6.315453e-01 1.765608e+00 1.287936e+00
2t  1.694583e+07 7.604964e+06 2.262959e+06 2.332821e+07 1.582867e+07
3t  2.316478e+06 1.769110e+06 8.670788e+05 2.873410e+06 2.329609e+06
4t  1.335022e+05 1.302159e+05 1.603109e+05 1.417662e+05 1.000939e+05
5t  1.685527e+01 4.458307e+01 4.574906e+01 4.837051e+00 1.802266e+01
6t  3.748300e+02 1.597535e+02 3.800448e+00 4.258654e+02 2.445415e+02
7t  4.742234e+03 4.007284e+03 1.859769e+04 2.669289e+03 3.979967e+03
8t  5.554940e+00 6.039476e+00 4.399524e+00 7.144856e+00 6.439929e+00
9t  2.903993e+02 2.922829e+02 4.125853e+02 2.294328e+02 2.620266e+02
10t 2.921666e+01 2.560655e+01 1.949218e+01 3.333235e+01 2.975110e+01
11t 2.696687e+02 2.830372e+02 3.187760e+02 2.162694e+02 2.621284e+02
12t 1.192352e+04 1.110181e+04 1.478817e+04 3.770352e+02 3.689683e+02
13t 1.572019e+00 1.402672e+00 1.983220e+01 1.767473e+00 1.642778e+00
14t 2.099094e+01 2.103141e+01 2.070766e+01 2.106469e+01 2.107808e+01
15t 1.253646e+03 1.616131e+02 1.066879e+02 3.086061e+02 1.949434e+02
16t 7.001192e+01 4.833260e+01 1.015995e+02 9.945997e+01 4.925108e+01
17t 5.841012e-01 2.380927e-01 2.858320e+02 1.162138e+00 1.276923e-01
18t 9.713785e-01 9.060532e-01 6.731240e-01 1.018468e+00 9.146267e-01
19t 4.593561e+02 4.872253e+02 6.086795e+03 4.252856e+02 4.079683e+02
20t 3.204795e+02 3.742661e+02 5.606245e+02 2.231814e+02 2.987770e+02
21t 2.825434e+04 2.801470e+04 3.789481e+04 2.771614e+04 2.784299e+04
22t 2.858381e+04 2.807478e+04 3.988607e+04 2.694145e+04 2.906179e+04
23t 5.133745e+01 5.160792e+01 8.164923e+01 4.495815e+01 5.478967e+01
24t 5.416724e-01 8.217955e-01 4.525307e+00 8.824336e-01 5.185797e-01
25t 4.701156e-01 4.775395e-01 5.947883e-01 5.399718e-01 3.109569e-01
26t 3.287305e-01 8.291161e-01 2.456787e-01 3.262775e-01 3.224247e-01
27t 7.858460e+01 9.789763e+01 5.026332e+01 4.772372e+01 6.969391e+01
28t 2.490690e+02 2.265791e+02 1.502352e+02 2.605621e+02 2.210360e+02
29t 3.111755e+02 3.239810e+02 4.473659e+02 2.506749e+02 2.812510e+02
30t 1.089778e+01 1.231543e+01 8.006066e+00 1.303542e+01 1.125527e+01
31t 1.585292e+02 1.663415e+02 1.072041e+02 1.449983e+02 1.436101e+02
32t 3.035807e+02 3.305408e+02 2.322389e+02 2.887472e+02 3.163705e+02
33t 1.069672e+02 1.133606e+02 1.646547e+02 1.057836e+02 1.081780e+02
34t 2.514655e+01 2.709683e+01 2.372129e+01 2.909874e+01 2.458412e+01
35t 1.284303e+04 1.276761e+04 1.781071e+04 1.261247e+04 1.250577e+04
36t 1.900212e+05 2.336617e+05 1.318376e+05 2.235180e+05 1.648335e+05
37t 5.830975e+01 5.673936e+01 5.382027e+01 5.774084e+01 6.011078e+01
38t 2.736701e+05 2.702567e+05 2.438478e+05 3.062765e+05 2.564460e+05
39t 5.831158e+00 7.085481e+00 5.566714e+00 6.109809e+00 5.821060e+00
40t 4.616729e+01 1.006509e+02 7.801077e+02 2.232441e+01 3.162927e+01
41t 4.486793e+02 5.473165e+02 1.022499e+03 4.512856e+02 4.495861e+02
42t 3.012785e+02 3.057789e+02 4.076015e+02 2.800749e+02 2.978928e+02
43t 3.713320e+02 3.533353e+02 5.230489e+02 3.425564e+02 3.764201e+02
44t 9.356249e+02 9.291055e+02 9.258406e+02 9.330757e+02 9.348610e+02
45t 9.302085e+02 9.288853e+02 9.240099e+02 9.219269e+02 9.350061e+02
46t 9.235729e+02 9.242199e+02 9.223722e+02 9.222926e+02 9.332711e+02
47t 1.025576e+03 1.019589e+03 1.225862e+03 1.030367e+03 1.036434e+03
48t 9.273511e+02 9.394997e+02 1.412347e+03 9.412276e+02 9.480925e+02
49t 1.024065e+03 5.592804e+02 1.253152e+03 1.023181e+03 1.020901e+03
50t 9.642182e+02 9.505654e+02 1.309601e+03 8.939921e+02 8.989439e+02
              26           27           28           29           30
1t  1.115865e+00 1.051020e+00 1.491953e+00 1.165946e+00 2.302800e+00
2t  4.551473e+06 7.320372e+06 1.053496e+07 1.838375e+07 1.793876e+07
3t  1.673357e+06 2.107026e+06 2.128782e+06 2.000173e+06 3.505775e+06
4t  1.348497e+05 1.188846e+05 1.408215e+05 1.566133e+05 7.415829e+04
5t  5.610991e+01 3.338226e+01 2.405850e+01 2.922505e+01 5.276037e+00
6t  6.814878e+01 8.429777e+01 1.294313e+02 5.613148e+02 2.146803e+02
7t  4.238470e+03 3.711888e+03 3.274573e+03 4.157898e+03 2.236723e+03
8t  5.938487e+00 6.711624e+00 6.089645e+00 5.615398e+00 8.421091e+00
9t  3.950669e+02 2.535853e+02 2.773721e+02 2.758450e+02 1.982137e+02
10t 2.803141e+01 2.845715e+01 3.035881e+01 2.722379e+01 3.392983e+01
11t 3.738693e+02 2.631695e+02 2.743261e+02 2.752945e+02 2.308629e+02
12t 2.558853e+04 2.057332e+02 1.794019e+02 5.330651e+03 2.029065e+02
13t 2.039248e+01 1.553706e+00 1.578528e+00 1.363805e+00 1.971231e+00
14t 2.116608e+01 2.119444e+01 2.110941e+01 2.115995e+01 2.094826e+01
15t 1.559134e+02 5.349598e+03 1.112031e+03 1.915158e+02 3.159000e+02
16t 4.924995e+01 4.928422e+01 4.929964e+01 4.864705e+01 4.927100e+01
17t 2.536539e+02 7.959669e-02 7.045132e-01 1.125083e+00 1.354348e-01
18t 9.068940e-01 9.535114e-01 9.798362e-01 9.522021e-01 1.016145e+00
19t 1.471470e+03 5.093322e+02 5.053152e+02 5.541598e+02 3.971309e+02
20t 7.182353e+02 3.000194e+02 2.838406e+02 3.199070e+02 1.953672e+02
21t 3.479164e+04 2.795431e+04 2.854472e+04 2.816709e+04 2.757536e+04
22t 3.449795e+04 2.894683e+04 2.956628e+04 2.868597e+04 2.819259e+04
23t 7.057664e+01 4.222658e+01 4.537957e+01 5.374385e+01 4.067794e+01
24t 3.608315e+00 8.212748e-01 6.140397e-01 7.755978e-01 7.302995e-01
25t 5.196332e-01 4.667005e-01 5.348533e-01 4.981712e-01 3.742939e-01
26t 3.087847e-01 3.050033e-01 3.572029e-01 3.244346e-01 3.203873e-01
27t 4.967961e+01 8.325192e+01 6.197484e+01 5.955712e+01 8.445465e+01
28t 1.661631e+02 2.295340e+02 2.326146e+02 1.971594e+02 2.677535e+02
29t 4.218394e+02 3.311146e+02 3.159072e+02 3.063696e+02 2.600217e+02
30t 1.515763e+01 1.049587e+01 1.048501e+01 1.205051e+01 1.232356e+01
31t 1.240018e+02 1.526444e+02 1.764566e+02 1.433199e+02 1.592018e+02
32t 3.525862e+02 6.334052e+02 5.664006e+02 2.913099e+02 3.576334e+02
33t 1.390616e+02 9.983643e+01 1.037605e+02 1.164948e+02 1.085538e+02
34t 2.736163e+01 2.522562e+01 2.319514e+01 2.458728e+01 3.158143e+01
35t 1.392839e+04 1.258944e+04 1.259032e+04 1.241501e+04 1.246547e+04
36t 1.839839e+05 2.145724e+05 2.412430e+05 1.996767e+05 2.833019e+05
37t 6.267833e+01 5.759677e+01 5.834462e+01 5.798745e+01 5.883431e+01
38t 1.899180e+05 3.073203e+05 3.288852e+05 1.920795e+05 3.450044e+05
39t 5.730386e+00 6.185435e+00 5.698357e+00 6.250539e+00 7.271682e+00
40t 7.077655e+02 3.451321e+01 3.146853e+01 6.829934e+01 2.280179e+01
41t 4.488910e+02 5.511688e+02 5.448481e+02 4.482456e+02 4.526643e+02
42t 3.569660e+02 2.886818e+02 3.180161e+02 3.358030e+02 2.685039e+02
43t 4.350182e+02 4.369623e+02 4.268001e+02 4.180346e+02 2.976003e+02
44t 9.456974e+02 9.284041e+02 9.261326e+02 9.310282e+02 9.314433e+02
45t 9.425935e+02 9.352909e+02 9.276577e+02 9.382009e+02 9.326179e+02
46t 9.462905e+02 9.226546e+02 9.250476e+02 9.212653e+02 9.219893e+02
47t 5.434041e+02 9.104844e+02 1.023736e+03 5.377179e+02 1.020226e+03
48t 1.217521e+03 9.339127e+02 9.426246e+02 9.570262e+02 9.171306e+02
49t 5.679360e+02 1.018793e+03 1.021064e+03 1.028888e+03 1.018499e+03
50t 1.250959e+03 8.930763e+02 9.364926e+02 9.634025e+02 9.008398e+02
              31           32           33           34           35
1t  1.155613e+00 9.256852e-01 9.172773e-01 1.212808e+00 7.744682e-01
2t  1.264204e+07 3.334062e+06 8.787860e+06 3.158562e+06 3.083413e+06
3t  1.974718e+06 1.482635e+06 1.421722e+06 1.703708e+06 1.220205e+06
4t  1.066942e+05 4.979722e+04 1.286345e+05 2.733070e+04 1.248734e+05
5t  3.292789e+01 1.810312e+01 4.687815e+01 5.671202e+00 5.977616e+01
6t  1.753660e+02 5.395923e+00 1.208605e+02 4.056683e+00 3.122121e+01
7t  3.698709e+03 2.962256e+03 5.745050e+03 2.415620e+04 8.086849e+03
8t  5.623053e+00 5.579403e+00 5.290066e+00 6.026236e+00 4.357251e+00
9t  2.937455e+02 3.194601e+02 3.021924e+02 3.301013e+02 3.862984e+02
10t 2.995292e+01 2.958787e+01 2.632444e+01 2.770346e+01 2.347533e+01
11t 2.506582e+02 3.371078e+02 3.075191e+02 3.004188e+02 3.969219e+02
12t 5.525394e+02 5.049558e+03 1.966580e+04 4.733274e+03 2.814015e+04
13t 1.493555e+00 1.964837e+01 1.548409e+01 1.985179e+01 2.048451e+01
14t 2.101447e+01 2.086054e+01 2.096578e+01 2.121924e+01 2.115286e+01
15t 3.039746e+03 1.601602e+02 1.562315e+02 6.147192e+02 1.244795e+02
16t 4.803346e+01 4.916784e+01 4.827340e+01 4.683250e+01 4.915088e+01
17t 1.982258e-01 4.562250e-02 2.650362e+00 1.659124e-01 6.181267e+02
18t 8.892064e-01 9.215267e-01 8.684599e-01 9.244182e-01 7.598552e-01
19t 5.332900e+02 6.473405e+02 5.484139e+02 6.044589e+02 2.489229e+03
20t 3.621254e+02 4.207882e+02 3.472081e+02 4.327782e+02 8.253298e+02
21t 2.815405e+04 2.901861e+04 2.851116e+04 2.907623e+04 3.430285e+04
22t 2.824601e+04 2.977817e+04 2.900131e+04 2.936618e+04 3.561109e+04
23t 5.061950e+01 5.947315e+01 6.080953e+01 6.206607e+01 7.380674e+01
24t 8.551097e-01 5.535853e-01 5.363176e-01 9.366134e-01 3.867105e+00
25t 4.825565e-01 7.412986e-01 5.304468e-01 8.209749e-01 6.247395e-01
26t 3.528848e-01 3.327367e-01 2.710896e-01 3.376968e-01 2.534463e-01
27t 8.718277e+01 1.203604e+02 9.879815e+01 1.524218e+02 4.437767e+01
28t 2.396134e+02 2.464620e+02 2.160835e+02 2.646175e+02 1.465267e+02
29t 2.808024e+02 4.654151e+02 3.761740e+02 4.168895e+02 4.729159e+02
30t 1.047927e+01 1.388636e+01 1.089161e+01 1.023646e+01 1.637029e+01
31t 1.663992e+02 1.856084e+02 1.794950e+02 2.422554e+02 1.018485e+02
32t 2.763067e+02 9.077577e+02 2.851044e+02 4.994364e+02 3.322173e+02
33t 1.160509e+02 1.339660e+02 1.127936e+02 1.705446e+02 1.585923e+02
34t 2.775102e+01 2.417275e+01 2.472337e+01 2.848528e+01 2.522285e+01
35t 1.279039e+04 1.283349e+04 1.278704e+04 1.321513e+04 1.505076e+04
36t 1.960206e+05 2.612380e+05 1.678489e+05 3.162889e+05 1.235599e+05
37t 5.538018e+01 5.636091e+01 5.633201e+01 5.658777e+01 6.575170e+01
38t 1.979514e+05 5.918465e+05 2.417004e+05 4.354344e+05 1.550028e+05
39t 5.841029e+00 6.588515e+00 6.831495e+00 5.448846e+00 5.452923e+00
40t 7.959161e+01 4.242790e+01 1.049838e+02 3.703977e+01 1.456114e+03
41t 4.488168e+02 4.479906e+02 4.476084e+02 4.485402e+02 6.328599e+02
42t 2.868274e+02 4.118531e+02 3.381937e+02 4.292079e+02 3.604029e+02
43t 3.958908e+02 5.314435e+02 4.363044e+02 4.806392e+02 4.418800e+02
44t 9.293622e+02 9.350421e+02 9.310677e+02 9.929282e+02 9.292891e+02
45t 9.316463e+02 9.258461e+02 9.349186e+02 9.398788e+02 9.273462e+02
46t 9.269069e+02 9.244163e+02 9.300288e+02 9.373242e+02 9.259653e+02
47t 1.023836e+03 5.327143e+02 5.306386e+02 1.035900e+03 1.217443e+03
48t 9.411742e+02 1.051866e+03 1.015768e+03 1.130387e+03 1.381747e+03
49t 1.028364e+03 5.594696e+02 1.024729e+03 5.610118e+02 1.215920e+03
50t 9.612541e+02 1.133375e+03 9.467495e+02 9.485222e+02 1.323436e+03
              36           37           38           39           40
1t  1.461479e+00 1.083478e+00 1.658253e+00 1.012365e+00 5.941904e-01
2t  2.114483e+07 4.649940e+06 1.005547e+07 7.666112e+06 1.938445e+06
3t  2.315929e+06 1.889239e+06 2.555068e+06 1.872526e+06 9.329132e+05
4t  1.286771e+05 1.085110e+05 1.416187e+05 1.435768e+05 1.671911e+05
5t  1.933361e+01 3.117157e+01 8.557166e+00 4.937842e+01 4.390173e+01
6t  3.863438e+02 1.799398e+02 4.068436e+02 7.131131e+01 3.941554e+00
7t  3.746127e+03 3.754202e+03 3.894946e+03 1.507945e+04 2.894074e+04
8t  6.473593e+00 5.367357e+00 6.661977e+00 5.355646e+00 3.955069e+00
9t  2.753787e+02 2.919591e+02 2.429550e+02 3.187926e+02 3.260061e+02
10t 2.803489e+01 2.741529e+01 3.088162e+01 2.549496e+01 1.940895e+01
11t 2.392315e+02 2.716494e+02 2.539897e+02 3.379004e+02 3.178269e+02
12t 2.890401e+02 1.393474e+04 2.394161e+02 2.100176e+04 1.478949e+04
13t 1.702250e+00 1.414126e+00 1.570756e+00 1.968235e+01 1.983459e+01
14t 2.105830e+01 2.102803e+01 2.117552e+01 2.091615e+01 2.102408e+01
15t 2.251097e+02 1.880737e+02 3.915943e+02 1.534862e+02 1.091057e+02
16t 4.620962e+01 1.002354e+02 4.886347e+01 9.797293e+01 4.920813e+01
17t 7.326018e-01 1.000439e-01 5.253484e-01 2.578861e+01 2.890241e+02
18t 9.890708e-01 9.347496e-01 9.897271e-01 9.199991e-01 6.163191e-01
19t 5.008041e+02 5.763674e+02 4.376713e+02 7.060485e+02 5.692410e+03
20t 3.261454e+02 3.388348e+02 2.346107e+02 4.564117e+02 9.404261e+02
21t 2.759349e+04 2.815914e+04 2.776642e+04 2.963281e+04 2.865807e+04
22t 2.838970e+04 2.832994e+04 2.858914e+04 2.990201e+04 3.914455e+04
23t 4.135389e+01 4.890305e+01 4.530768e+01 5.650541e+01 8.419292e+01
24t 7.213671e-01 9.096312e-01 7.353183e-01 6.423623e-01 2.959703e+00
25t 5.071306e-01 4.858771e-01 4.466587e-01 6.684709e-01 5.871059e-01
26t 3.090690e-01 3.539477e-01 3.358587e-01 3.401290e-01 2.540384e-01
27t 7.472702e+01 8.357709e+01 6.416443e+01 1.253590e+02 4.396944e+01
28t 2.602554e+02 2.399842e+02 2.598775e+02 2.686863e+02 1.379200e+02
29t 3.044142e+02 3.345677e+02 3.016376e+02 3.311099e+02 4.602572e+02
30t 1.198405e+01 1.035970e+01 1.012637e+01 1.179374e+01 9.823367e+00
31t 1.535245e+02 1.872061e+02 1.373389e+02 2.551067e+02 1.107905e+02
32t 2.598388e+02 3.020942e+02 3.101288e+02 3.283731e+02 1.907129e+02
33t 1.097496e+02 1.042949e+02 1.008320e+02 1.556699e+02 1.692789e+02
34t 2.569270e+01 2.646620e+01 2.792726e+01 2.852411e+01 2.345187e+01
35t 1.255682e+04 1.267853e+04 1.243936e+04 1.328220e+04 1.806159e+04
36t 2.125502e+05 2.036612e+05 2.258300e+05 2.058211e+05 1.220352e+05
37t 5.725687e+01 5.749786e+01 5.698555e+01 5.621843e+01 5.654339e+01
38t 4.140641e+05 2.207273e+05 2.154885e+05 2.631810e+05 2.270548e+05
39t 5.921588e+00 7.184707e+00 5.506317e+00 6.342169e+00 5.581778e+00
40t 4.521975e+01 1.039227e+02 4.045979e+01 8.951736e+01 9.146526e+02
41t 4.483834e+02 4.486905e+02 4.498517e+02 6.646279e+02 8.025897e+02
42t 3.079301e+02 3.268131e+02 2.781570e+02 3.644460e+02 4.242872e+02
43t 4.436872e+02 4.002639e+02 3.633795e+02 4.321329e+02 7.748330e+02
44t 9.326753e+02 9.363386e+02 9.342374e+02 9.273687e+02 9.254056e+02
45t 9.368751e+02 9.333926e+02 9.298396e+02 9.444794e+02 9.248896e+02
46t 9.234782e+02 9.328028e+02 9.337372e+02 9.334386e+02 9.245683e+02
47t 1.027654e+03 1.032060e+03 9.155424e+02 5.257617e+02 1.271156e+03
48t 9.135411e+02 1.009245e+03 9.435332e+02 1.052401e+03 1.452104e+03
49t 5.700073e+02 5.673341e+02 1.022925e+03 1.041871e+03 1.251437e+03
50t 8.942687e+02 9.297206e+02 9.081265e+02 9.525519e+02 1.307808e+03
              41           42           43           44           45
1t  1.398721e+00 1.939627e+00 7.375642e-01 1.281828e+00 1.575585e+00
2t  8.474967e+06 1.316051e+07 2.319693e+06 2.243290e+07 8.027903e+06
3t  2.107817e+06 3.540167e+06 1.144187e+06 2.365290e+06 2.393857e+06
4t  1.010414e+05 1.482196e+05 3.524487e+04 1.066565e+05 1.216174e+05
5t  3.940990e+01 1.922301e+01 1.650603e+01 5.303536e+01 7.345037e+00
6t  3.524746e+01 6.607132e+02 3.186660e+00 2.190246e+02 1.483628e+02
7t  6.427964e+03 4.434551e+03 1.239600e+05 6.544427e+03 3.660072e+03
8t  6.409172e+00 7.350255e+00 2.965581e+02 6.755340e+00 7.113561e+00
9t  3.010133e+02 2.596343e+02 5.024300e+02 2.778550e+02 2.634019e+02
10t 2.891251e+01 3.123561e+01 2.149675e+01 3.210562e+01 3.135643e+01
11t 2.940040e+02 2.500291e+02 3.421363e+02 2.819708e+02 2.687158e+02
12t 1.105705e+04 4.341860e+02 1.912234e+02 2.251048e+04 2.301200e+02
13t 1.477409e+00 1.787876e+00 2.028660e+01 1.611894e+00 1.708609e+00
14t 2.119743e+01 2.116996e+01 2.074976e+01 2.098991e+01 2.120355e+01
15t 1.988636e+02 5.257116e+02 2.506966e+02 3.268369e+02 5.171711e+02
16t 1.119213e+02 4.913252e+01 4.911442e+01 5.839204e+01 4.931518e+01
17t 1.483146e+00 1.105263e+00 2.685822e-02 1.969231e+00 9.587141e-02
18t 9.571187e-01 1.004780e+00 7.864160e-01 9.895991e-01 9.872679e-01
19t 5.165158e+02 4.651553e+02 2.496248e+03 4.275842e+02 4.046947e+02
20t 3.944030e+02 2.580206e+02 8.016286e+02 3.377152e+02 3.191710e+02
21t 2.817142e+04 2.763191e+04 3.037087e+04 2.843322e+04 2.714431e+04
22t 2.859852e+04 2.820006e+04 2.865796e+04 2.878634e+04 2.882042e+04
23t 3.905744e+01 4.359383e+01 8.701235e+01 5.119778e+01 4.360144e+01
24t 1.020115e+00 8.083860e-01 1.456495e+00 5.362325e-01 5.980930e-01
25t 7.968900e-01 5.058915e-01 6.145911e-01 6.030052e-01 5.378712e-01
26t 2.786251e-01 3.234164e-01 3.327745e-01 7.365537e-01 3.510145e-01
27t 1.081144e+02 6.562321e+01 5.625032e+01 8.614022e+01 7.884918e+01
28t 2.388438e+02 2.665350e+02 1.671459e+02 2.407584e+02 2.415899e+02
29t 3.291550e+02 3.179401e+02 6.234051e+02 3.502359e+02 2.927234e+02
30t 1.050145e+01 1.195244e+01 1.013496e+01 1.281807e+01 1.210690e+01
31t 2.545239e+02 1.292437e+02 1.682484e+02 1.638387e+02 1.637228e+02
32t 3.595587e+02 2.649791e+02 5.015521e+02 2.958921e+02 3.998429e+02
33t 1.154590e+02 9.781458e+01 2.347406e+02 1.021110e+02 1.015026e+02
34t 2.760449e+01 3.161485e+01 4.179415e+01 2.808629e+01 2.850906e+01
35t 1.292014e+04 1.261689e+04 1.480877e+04 1.284599e+04 1.261679e+04
36t 2.045853e+05 2.020462e+05 1.974936e+05 1.641240e+05 2.915926e+05
37t 5.798583e+01 6.030285e+01 5.954670e+01 5.611756e+01 6.051673e+01
38t 3.583411e+05 1.983790e+05 2.517747e+05 2.304676e+05 3.309246e+05
39t 6.925472e+00 6.116936e+00 5.705951e+00 7.023003e+00 5.622466e+00
40t 7.705687e+01 3.308345e+01 8.782964e+01 8.112062e+01 2.990003e+01
41t 4.495339e+02 4.503595e+02 5.251349e+02 4.489951e+02 4.502663e+02
42t 4.293937e+02 2.959370e+02 4.269192e+02 2.985995e+02 3.316329e+02
43t 4.056701e+02 3.604634e+02 4.812792e+02 4.408420e+02 3.971002e+02
44t 9.377197e+02 9.374589e+02 1.234536e+03 9.351643e+02 9.225322e+02
45t 9.504743e+02 9.224144e+02 1.028127e+03 9.373384e+02 9.227481e+02
46t 9.432145e+02 9.223397e+02 1.008259e+03 9.331538e+02 9.276588e+02
47t 1.025082e+03 1.021605e+03 5.301825e+02 1.040733e+03 1.023300e+03
48t 9.519811e+02 9.317692e+02 1.297172e+03 9.558015e+02 9.235481e+02
49t 5.641937e+02 1.020312e+03 1.203891e+03 1.042641e+03 1.023597e+03
50t 8.989532e+02 8.931890e+02 1.208542e+03 9.376948e+02 8.988726e+02
              46           47           48           49           50
1t  1.466227e+00 3.837530e+00 8.564552e-01 1.918074e+00 2.464959e+00
2t  9.106878e+06 2.298957e+07 2.041425e+07 7.163558e+06 1.663291e+07
3t  2.170591e+06 7.314565e+06 1.172037e+06 3.315978e+06 4.115059e+06
4t  1.457062e+05 1.198239e+05 1.379465e+05 7.522937e+04 8.441675e+04
5t  6.236782e+01 4.216139e+00 6.018791e+01 3.208759e+00 2.860677e+00
6t  3.735804e+02 7.423113e+02 2.168299e+02 5.298126e+01 4.336935e+02
7t  6.704871e+03 2.591472e+03 6.391618e+03 4.603567e+03 2.577751e+03
8t  6.703708e+00 9.762582e+00 4.950055e+00 7.712743e+00 8.641945e+00
9t  3.359989e+02 9.674484e+01 2.927299e+02 2.893528e+02 2.208973e+02
10t 3.024482e+01 3.736666e+01 2.241705e+01 3.403997e+01 3.619623e+01
11t 3.623344e+02 1.981003e+02 2.919784e+02 2.886337e+02 1.813163e+02
12t 2.842467e+04 3.322943e+02 2.497773e+04 1.981985e+02 2.306472e+02
13t 2.012924e+01 2.313285e+00 1.888683e+01 1.793170e+00 2.219334e+00
14t 2.112423e+01 2.110416e+01 2.095209e+01 2.114926e+01 2.108867e+01
15t 2.094707e+02 1.092042e+03 2.242510e+02 2.482924e+02 3.274778e+02
16t 4.917812e+01 4.817801e+01 4.926879e+01 5.183169e+01 4.904701e+01
17t 5.389435e+01 1.183255e+00 4.458221e+00 1.207084e-01 2.364424e-01
18t 9.742858e-01 1.058322e+00 8.679455e-01 1.011154e+00 1.039148e+00
19t 1.159508e+03 4.131927e+02 6.584220e+02 4.497490e+02 4.230070e+02
20t 5.373398e+02 1.936199e+02 4.147715e+02 3.969190e+02 2.613989e+02
21t 3.402072e+04 2.757104e+04 2.852703e+04 2.778398e+04 2.788778e+04
22t 3.471845e+04 2.793633e+04 2.963161e+04 2.881915e+04 2.865750e+04
23t 5.806438e+01 4.293663e+01 5.883925e+01 4.720146e+01 4.050693e+01
24t 3.393922e+00 9.647297e-01 9.049250e-01 5.803072e-01 5.199004e-01
25t 6.088647e-01 3.848184e-01 5.856963e-01 5.439182e-01 5.962437e-01
26t 2.827180e-01 3.282867e-01 3.610233e-01 3.309489e-01 3.298915e-01
27t 4.212268e+01 3.755065e+01 9.075325e+01 1.105497e+02 1.018938e+02
28t 1.988340e+02 3.743871e+02 2.144825e+02 2.632123e+02 2.621265e+02
29t 4.256346e+02 2.694685e+02 3.978661e+02 3.011712e+02 2.742026e+02
30t 1.543078e+01 1.443126e+01 1.036201e+01 1.327191e+01 1.376112e+01
31t 1.194002e+02 1.650109e+02 1.641767e+02 2.488889e+02 1.798552e+02
32t 2.533541e+02 3.179013e+02 3.236971e+02 5.109478e+02 3.939392e+02
33t 1.306683e+02 1.036277e+02 1.153754e+02 1.200592e+02 9.972309e+01
34t 2.759750e+01 3.187601e+01 3.006136e+01 2.498782e+01 3.299249e+01
35t 1.359156e+04 1.243777e+04 1.302609e+04 1.287000e+04 1.246413e+04
36t 2.318924e+05 3.095802e+05 1.645717e+05 2.033563e+05 2.224861e+05
37t 6.101519e+01 5.784656e+01 5.746238e+01 5.749797e+01 5.979167e+01
38t 1.849547e+05 2.474643e+05 1.876684e+05 3.419195e+05 3.349403e+05
39t 6.567159e+00 7.685303e+00 6.526382e+00 5.704225e+00 5.392850e+00
40t 4.541254e+02 1.943294e+01 2.079742e+02 3.336378e+01 1.909117e+01
41t 4.501677e+02 4.560003e+02 4.467606e+02 4.523473e+02 4.538054e+02
42t 3.443244e+02 2.942321e+02 3.663912e+02 4.189568e+02 2.917734e+02
43t 4.423366e+02 3.633293e+02 4.548510e+02 3.325400e+02 4.443699e+02
44t 9.799459e+02 9.257290e+02 9.315022e+02 9.263796e+02 9.324890e+02
45t 1.000321e+03 9.250195e+02 9.332810e+02 9.231335e+02 9.233932e+02
46t 1.000751e+03 9.234953e+02 9.294906e+02 9.224974e+02 9.211597e+02
47t 5.541835e+02 1.023284e+03 5.270601e+02 1.024410e+03 1.020237e+03
48t 1.108818e+03 9.208556e+02 1.006965e+03 9.092492e+02 9.317106e+02
49t 5.805404e+02 1.017092e+03 5.474499e+02 1.022466e+03 1.020587e+03
50t 1.173276e+03 8.937994e+02 1.089119e+03 8.843624e+02 8.979462e+02
              51           52           53           54           55
1t  1.347027e+00 1.041777e+00 9.048107e-01 1.570633e+00 7.964423e-01
2t  9.182591e+06 7.899724e+06 4.105943e+06 3.702451e+06 2.464009e+06
3t  2.284613e+06 1.618511e+06 1.025120e+06 2.182656e+06 1.254655e+06
4t  9.952416e+04 1.354820e+05 1.098643e+05 1.486886e+05 1.257432e+05
5t  4.033266e+01 3.663867e+01 4.022044e+01 3.880457e+01 5.471647e+01
6t  1.490348e+02 1.733841e+02 1.027433e+01 1.310995e+02 1.241458e+01
7t  4.484295e+03 4.524163e+03 4.986541e+03 5.273446e+03 8.172873e+03
8t  6.624319e+00 5.875092e+00 5.229739e+00 6.870790e+00 4.723109e+00
9t  2.756040e+02 2.980922e+02 3.030154e+02 2.999219e+02 4.146413e+02
10t 2.981925e+01 2.564530e+01 2.601761e+01 3.030813e+01 2.354859e+01
11t 2.427232e+02 2.725563e+02 2.890205e+02 3.018157e+02 3.951516e+02
12t 2.983368e+02 5.640164e+02 7.789886e+03 4.272908e+03 2.232179e+04
13t 1.598893e+00 1.396361e+00 1.981679e+01 1.710395e+00 2.033632e+01
14t 2.101188e+01 2.102024e+01 2.095259e+01 2.118791e+01 2.118613e+01
15t 1.904620e+02 1.704852e+02 1.439831e+02 2.055792e+02 1.259608e+02
16t 4.870136e+01 4.710509e+01 4.908372e+01 4.711792e+01 4.890197e+01
17t 1.035016e+00 3.432414e-01 1.701830e+00 4.666615e-02 5.236783e+02
18t 9.800386e-01 8.593628e-01 8.927958e-01 9.624113e-01 7.603379e-01
19t 4.628139e+02 5.410678e+02 6.079944e+02 6.444368e+02 2.607571e+03
20t 3.381337e+02 3.125955e+02 4.018821e+02 3.914791e+02 6.694806e+02
21t 2.722869e+04 2.716346e+04 2.802017e+04 3.176395e+04 3.353427e+04
22t 2.791645e+04 2.890504e+04 2.835149e+04 3.347827e+04 3.656947e+04
23t 4.968693e+01 4.741647e+01 5.472730e+01 5.378239e+01 7.202456e+01
24t 7.267440e-01 9.948596e-01 9.273369e-01 3.369346e+00 3.679194e+00
25t 4.938525e-01 5.284868e-01 8.099492e-01 5.593596e-01 6.721988e-01
26t 3.087764e-01 3.598051e-01 2.880727e-01 2.962416e-01 2.812068e-01
27t 1.156223e+02 7.290305e+01 9.714528e+01 7.279124e+01 4.962992e+01
28t 2.444903e+02 2.086016e+02 2.148725e+02 2.485152e+02 1.629630e+02
29t 2.965774e+02 3.307503e+02 3.976898e+02 3.763560e+02 4.933440e+02
30t 1.064731e+01 9.750451e+00 1.025720e+01 1.192594e+01 1.502621e+01
31t 1.680159e+02 1.830827e+02 2.482555e+02 1.688330e+02 1.132664e+02
32t 3.137582e+02 2.936774e+02 3.691263e+02 4.162970e+02 3.752355e+02
33t 1.105694e+02 1.068814e+02 1.442735e+02 1.035098e+02 1.621580e+02
34t 2.592993e+01 2.690170e+01 2.770216e+01 2.792693e+01 2.592735e+01
35t 1.258219e+04 1.260001e+04 1.321254e+04 1.283506e+04 1.481548e+04
36t 2.086715e+05 2.240957e+05 1.977328e+05 2.368408e+05 1.413058e+05
37t 5.760008e+01 5.845375e+01 5.541353e+01 5.761349e+01 6.572671e+01
38t 4.022602e+05 2.982637e+05 3.073763e+05 1.778165e+05 1.920758e+05
39t 6.111247e+00 6.735648e+00 5.574021e+00 5.660154e+00 5.578007e+00
40t 3.719718e+01 8.628155e+01 9.749949e+01 7.864388e+01 1.023103e+03
41t 4.500650e+02 4.477421e+02 5.452794e+02 4.497438e+02 4.441759e+02
42t 3.123259e+02 3.386717e+02 3.375121e+02 2.807365e+02 3.635116e+02
43t 3.538443e+02 4.492871e+02 4.358510e+02 4.365003e+02 4.625888e+02
44t 9.321685e+02 9.333734e+02 9.308890e+02 9.295369e+02 9.318187e+02
45t 9.352165e+02 9.373374e+02 9.375702e+02 9.698552e+02 9.280684e+02
46t 9.237700e+02 9.278152e+02 9.399927e+02 9.279202e+02 9.299785e+02
47t 1.023098e+03 1.025999e+03 1.030890e+03 9.151954e+02 5.310417e+02
48t 9.313530e+02 9.422125e+02 1.059010e+03 9.918068e+02 1.383505e+03
49t 5.719233e+02 1.024893e+03 5.543914e+02 5.797399e+02 1.216814e+03
50t 9.621916e+02 9.022169e+02 9.435256e+02 1.028143e+03 1.242275e+03
              56           57           58           59           60
1t  1.537801e+00 9.361700e-01 2.013386e+00 7.410805e-01 7.116616e-01
2t  1.219674e+07 8.065469e+06 7.759130e+06 2.272164e+06 2.129723e+06
3t  2.264199e+06 1.501592e+06 3.145869e+06 1.160714e+06 8.539763e+05
4t  1.021138e+05 1.215877e+05 7.317811e+04 9.479936e+04 1.297416e+05
5t  3.326088e+01 4.616450e+01 1.845931e+01 3.138929e+01 5.221945e+01
6t  3.339262e+02 2.220869e+02 1.616730e+02 3.521905e+00 7.132957e+00
7t  5.285355e+03 3.970576e+03 3.457405e+03 1.252936e+04 1.092217e+04
8t  6.587560e+00 5.408271e+00 7.604990e+00 4.803392e+00 4.346338e+00
9t  2.219482e+02 2.646815e+02 2.943168e+02 3.401544e+02 4.019180e+02
10t 3.057833e+01 2.404727e+01 3.342169e+01 2.344942e+01 2.170614e+01
11t 2.910611e+02 3.056445e+02 2.906520e+02 3.068819e+02 3.690548e+02
12t 1.097419e+04 1.203643e+04 2.113530e+03 1.175660e+04 2.152442e+04
13t 1.694783e+00 1.183760e+00 1.893909e+00 1.940224e+01 2.043158e+01
14t 2.102175e+01 2.090903e+01 2.106020e+01 2.093372e+01 2.113191e+01
15t 2.569077e+02 1.541304e+02 2.915049e+02 1.208400e+02 1.082545e+02
16t 4.808162e+01 4.656442e+01 4.932353e+01 4.922952e+01 4.915799e+01
17t 1.091080e+00 1.393802e+00 1.950651e-01 9.839202e-02 3.772712e+02
18t 9.904540e-01 8.562028e-01 9.997147e-01 7.939863e-01 7.811810e-01
19t 4.025569e+02 5.964553e+02 3.439006e+02 1.895934e+03 2.602137e+03
20t 3.416894e+02 3.750300e+02 2.705500e+02 5.428600e+02 8.334658e+02
21t 2.807698e+04 2.799054e+04 2.875163e+04 3.031291e+04 3.538233e+04
22t 2.869715e+04 2.848367e+04 2.841624e+04 2.885563e+04 3.620760e+04
23t 4.534654e+01 5.163425e+01 5.338557e+01 6.537982e+01 7.261881e+01
24t 7.782055e-01 9.646792e-01 7.290203e-01 1.454568e+00 3.249733e+00
25t 5.014898e-01 5.751020e-01 3.409668e-01 5.572406e-01 7.163802e-01
26t 3.405277e-01 2.954184e-01 3.106067e-01 2.739772e-01 2.773012e-01
27t 9.500505e+01 1.001114e+02 1.010563e+02 1.217088e+02 4.724497e+01
28t 2.320830e+02 1.995579e+02 2.532035e+02 2.244712e+02 1.488139e+02
29t 2.684345e+02 3.939187e+02 2.526354e+02 4.125504e+02 4.539598e+02
30t 1.175944e+01 1.007920e+01 1.270026e+01 1.190339e+01 1.008383e+01
31t 1.655974e+02 1.957882e+02 1.633801e+02 2.770578e+02 1.224885e+02
32t 2.886156e+02 3.721497e+02 3.057096e+02 3.332480e+02 3.906979e+02
33t 1.186511e+02 1.139519e+02 9.499441e+01 1.674580e+02 1.494512e+02
34t 2.606461e+01 2.377458e+01 2.773616e+01 3.319662e+01 2.621429e+01
35t 1.270354e+04 1.279667e+04 1.238951e+04 1.422661e+04 1.481293e+04
36t 1.903857e+05 1.451214e+05 1.829400e+05 2.926992e+05 1.192011e+05
37t 5.789947e+01 5.727178e+01 5.709142e+01 5.681606e+01 6.712491e+01
38t 2.287374e+05 2.319745e+05 3.163965e+05 3.266378e+05 1.876323e+05
39t 6.272378e+00 6.913477e+00 6.054577e+00 6.661237e+00 4.550717e+00
40t 5.566117e+01 1.151811e+02 3.245287e+01 1.308341e+02 8.659182e+02
41t 4.502161e+02 4.468265e+02 4.508337e+02 4.449896e+02 4.451411e+02
42t 2.659263e+02 3.049355e+02 2.829555e+02 4.270214e+02 3.335576e+02
43t 3.997742e+02 4.521881e+02 4.291330e+02 4.950504e+02 4.792888e+02
44t 9.314526e+02 9.343395e+02 9.254383e+02 1.039693e+03 9.273711e+02
45t 9.318131e+02 9.346325e+02 9.314912e+02 9.978496e+02 9.289978e+02
46t 9.255236e+02 9.298318e+02 9.240197e+02 1.038518e+03 9.276293e+02
47t 9.146816e+02 5.319821e+02 9.191926e+02 1.039582e+03 1.213584e+03
48t 9.336677e+02 9.354311e+02 9.351684e+02 1.298683e+03 1.403817e+03
49t 1.023938e+03 1.025054e+03 1.022050e+03 9.031032e+02 1.216314e+03
50t 9.139462e+02 9.465475e+02 9.165073e+02 9.991370e+02 1.261008e+03
              61           62           63           64           65
1t  8.685739e-01 1.427564e+00 8.997624e-01 1.375816e+00 1.295687e+00
2t  1.530815e+07 9.518933e+06 9.589586e+06 9.997848e+06 1.443222e+07
3t  1.777678e+06 2.159160e+06 1.701342e+06 2.495679e+06 2.075209e+06
4t  1.243601e+05 1.127341e+05 1.279706e+05 1.109110e+05 1.225625e+05
5t  5.126631e+01 1.289926e+01 4.092592e+01 5.154834e+01 2.411992e+01
6t  1.091854e+02 2.516688e+02 2.929263e+02 3.156967e+02 3.800383e+02
7t  7.152335e+03 2.871616e+03 6.380502e+03 5.535829e+03 5.049591e+03
8t  5.383938e+00 6.382496e+00 5.827099e+00 6.391779e+00 6.377184e+00
9t  3.157989e+02 2.596921e+02 2.798788e+02 3.113541e+02 2.914624e+02
10t 2.473986e+01 2.818394e+01 2.722121e+01 2.961095e+01 2.964111e+01
11t 3.102808e+02 2.729387e+02 2.850078e+02 2.819776e+02 2.914477e+02
12t 2.230681e+04 9.839700e+03 1.606699e+04 2.264856e+04 9.743783e+03
13t 2.002847e+01 1.608642e+00 1.400071e+00 1.744927e+00 1.544915e+00
14t 2.090608e+01 2.111077e+01 2.104490e+01 2.098305e+01 2.100719e+01
15t 4.757566e+04 1.955863e+02 1.931119e+02 4.660707e+05 4.300508e+02
16t 8.418049e+01 4.925300e+01 4.856067e+01 9.986300e+01 4.890068e+01
17t 3.135646e+01 1.573512e-01 3.704035e-01 3.266318e+00 1.182188e+00
18t 9.030677e-01 9.469158e-01 8.977700e-01 9.754380e-01 9.667027e-01
19t 5.259898e+02 4.622627e+02 4.885281e+02 5.198029e+02 4.873887e+02
20t 4.893454e+02 3.247821e+02 3.741577e+02 4.251881e+02 3.524257e+02
21t 2.763660e+04 2.747135e+04 2.798096e+04 2.823040e+04 2.766474e+04
22t 2.900038e+04 2.855004e+04 2.816668e+04 2.942128e+04 2.870806e+04
23t 5.552812e+01 4.895817e+01 5.183536e+01 4.938124e+01 4.895715e+01
24t 6.871133e-01 9.578075e-01 7.694671e-01 7.657174e-01 9.743573e-01
25t 6.833960e-01 4.909786e-01 5.401489e-01 3.713661e-01 5.281944e-01
26t 4.065105e-01 2.284107e-01 3.069452e-01 3.538206e-01 3.222339e-01
27t 9.104876e+01 1.045859e+02 7.305993e+01 7.287957e+01 8.437619e+01
28t 2.428733e+02 2.539941e+02 2.010861e+02 3.047050e+02 2.173639e+02
29t 4.182909e+02 2.822565e+02 3.283746e+02 2.704601e+02 2.622759e+02
30t 1.664538e+01 1.116585e+01 1.212419e+01 1.259678e+01 1.214335e+01
31t 1.571328e+02 1.425200e+02 1.683297e+02 1.652257e+02 1.569751e+02
32t 4.313321e+02 3.291484e+02 2.862266e+02 2.775319e+02 3.122136e+02
33t 1.524734e+02 1.080543e+02 1.090881e+02 1.017660e+02 1.054090e+02
34t 2.422069e+01 2.285264e+01 2.125923e+01 2.604234e+01 2.512258e+01
35t 1.349434e+04 1.271928e+04 1.258197e+04 1.295214e+04 1.266259e+04
36t 1.780748e+05 1.672169e+05 1.737908e+05 1.758665e+05 1.375186e+05
37t 5.476120e+01 6.027409e+01 5.840960e+01 5.957563e+01 5.717369e+01
38t 2.117054e+05 2.843288e+05 2.231574e+05 2.329722e+05 1.837257e+05
39t 7.209826e+00 7.153791e+00 6.675483e+00 7.461978e+00 7.257216e+00
40t 2.387843e+02 5.147922e+01 6.276077e+01 5.798679e+01 4.456647e+01
41t 4.474298e+02 4.497040e+02 4.480906e+02 4.492848e+02 4.493174e+02
42t 3.622484e+02 2.730808e+02 3.134282e+02 2.657484e+02 3.392818e+02
43t 4.332003e+02 3.730111e+02 4.362627e+02 4.417786e+02 4.131280e+02
44t 9.356509e+02 9.331994e+02 9.405881e+02 9.314505e+02 9.390981e+02
45t 9.283059e+02 9.289700e+02 9.286190e+02 9.329892e+02 9.395271e+02
46t 9.345492e+02 9.225618e+02 9.310016e+02 9.317211e+02 9.230506e+02
47t 5.303217e+02 1.020253e+03 1.024848e+03 5.522253e+02 9.072775e+02
48t 9.783169e+02 9.416096e+02 9.686114e+02 1.016953e+03 9.343113e+02
49t 1.028722e+03 1.019520e+03 1.026657e+03 5.698395e+02 1.025176e+03
50t 9.868312e+02 8.961173e+02 9.143139e+02 9.830088e+02 1.127459e+03
              66           67           68           69           70
1t  1.730488e+00 2.418402e+00 3.148601e+00 2.059526e+00 1.297734e+00
2t  7.549916e+06 9.688777e+06 5.657080e+06 5.465358e+06 1.482945e+07
3t  2.300825e+06 4.057531e+06 5.664439e+06 2.248899e+06 2.320145e+06
4t  1.537261e+05 9.749526e+04 1.212127e+05 1.065419e+05 1.177076e+05
5t  5.737919e+01 1.000426e+01 1.177137e+01 1.960938e+01 2.911412e+01
6t  1.107920e+02 4.529461e+02 6.697384e+01 9.158022e+00 3.740652e+02
7t  6.324273e+03 2.270991e+03 3.071660e+03 1.359750e+03 4.079492e+03
8t  6.649656e+00 7.943561e+00 9.086022e+00 7.410672e+00 6.675405e+00
9t  3.864609e+02 2.573157e+02 1.609320e+02 3.091499e+02 2.659055e+02
10t 2.773401e+01 3.675960e+01 4.077130e+01 3.223017e+01 3.085794e+01
11t 3.695812e+02 2.595273e+02 1.742915e+02 2.614674e+02 2.747935e+02
12t 2.793433e+04 2.664602e+02 8.659785e+02 2.550869e+03 4.034265e+02
13t 2.029834e+01 1.998878e+00 2.411506e+00 1.928409e+01 1.613461e+00
14t 2.118192e+01 2.116161e+01 2.112445e+01 2.107154e+01 2.107021e+01
15t 2.160063e+02 7.428940e+02 5.303051e+02 2.632201e+02 6.030575e+02
16t 4.929248e+01 4.862957e+01 4.941720e+01 4.843546e+01 4.901389e+01
17t 4.249349e+02 1.094135e+00 1.224067e-01 8.009137e-02 1.090406e+00
18t 9.788628e-01 1.036878e+00 1.051754e+00 1.004141e+00 9.875598e-01
19t 1.205072e+03 4.309961e+02 3.638303e+02 5.774076e+02 5.255036e+02
20t 7.701610e+02 2.425354e+02 2.794665e+02 3.329720e+02 3.371496e+02
21t 3.438354e+04 2.740818e+04 2.941138e+04 2.855802e+04 2.816782e+04
22t 3.576801e+04 2.885164e+04 3.312470e+04 3.000050e+04 2.795506e+04
23t 6.667147e+01 3.998927e+01 4.457542e+01 4.722950e+01 4.772480e+01
24t 3.646068e+00 9.885194e-01 3.092437e+00 4.455957e-01 1.052708e+00
25t 6.621757e-01 4.823639e-01 5.044648e-01 4.860090e-01 4.302244e-01
26t 2.808614e-01 3.195078e-01 3.051785e-01 2.523386e-01 3.818735e-01
27t 5.851477e+01 9.296073e+01 8.582746e+01 1.483112e+02 7.416044e+01
28t 1.913139e+02 3.277996e+02 3.577148e+02 3.515236e+02 2.459823e+02
29t 3.714783e+02 3.002158e+02 2.832057e+02 3.491879e+02 2.913925e+02
30t 1.285911e+01 1.379511e+01 1.661671e+01 2.142294e+01 1.240329e+01
31t 1.057110e+02 1.886155e+02 1.208708e+02 2.511689e+02 1.396184e+02
32t 2.849037e+02 3.296034e+02 2.921851e+02 4.861633e+02 3.107738e+02
33t 1.396153e+02 1.057457e+02 1.027616e+02 1.364412e+02 9.417636e+01
34t 3.226067e+01 3.065781e+01 3.266460e+01 3.715379e+01 2.626712e+01
35t 1.343906e+04 1.254594e+04 1.248144e+04 1.316113e+04 1.261750e+04
36t 1.603916e+05 3.167820e+05 3.486090e+05 3.150211e+05 2.088881e+05
37t 6.294935e+01 5.985903e+01 5.905110e+01 6.087818e+01 5.867340e+01
38t 1.671557e+05 3.263770e+05 2.274957e+05 3.992279e+05 2.755540e+05
39t 5.865614e+00 6.061516e+00 6.275267e+00 7.042136e+00 5.673870e+00
40t 6.338002e+02 2.303838e+01 1.527890e+01 2.400332e+01 4.244343e+01
41t 4.509749e+02 4.527030e+02 4.574252e+02 4.510243e+02 4.504791e+02
42t 3.664589e+02 2.728390e+02 2.607601e+02 3.284839e+02 2.756907e+02
43t 4.393679e+02 3.237847e+02 2.993931e+02 4.367853e+02 4.035447e+02
44t 9.564131e+02 9.242785e+02 9.303392e+02 9.362572e+02 9.230286e+02
45t 9.502105e+02 9.287970e+02 9.216899e+02 9.288222e+02 9.289862e+02
46t 9.567286e+02 9.258011e+02 9.223904e+02 9.267366e+02 9.296852e+02
47t 5.599987e+02 1.027613e+03 6.162610e+02 5.653071e+02 9.176297e+02
48t 1.085120e+03 9.365578e+02 9.200690e+02 1.034577e+03 9.421591e+02
49t 5.698410e+02 1.019168e+03 6.384309e+02 1.018703e+03 1.023664e+03
50t 1.158552e+03 9.115854e+02 3.932238e+02 8.893354e+02 8.936874e+02
              71           72           73           74           75
1t  1.052782e+00 8.165449e-01 8.704638e-01 1.622902e+00 1.011624e+00
2t  9.790463e+06 2.365551e+06 2.265925e+07 6.189966e+06 1.253503e+07
3t  1.508160e+06 1.409929e+06 1.170346e+06 2.346520e+06 1.510586e+06
4t  9.344332e+04 1.159026e+05 1.368278e+05 1.413962e+05 1.090070e+05
5t  5.085400e+01 2.469029e+01 5.840115e+01 3.089194e+01 5.214390e+01
6t  6.066696e+01 1.415566e+01 2.659329e+02 2.638293e+02 1.761698e+02
7t  4.468519e+03 6.593297e+03 6.836374e+03 5.259060e+03 4.808122e+03
8t  5.505510e+00 4.500584e+00 5.026350e+00 6.709499e+00 5.026745e+00
9t  3.075875e+02 3.100007e+02 3.056893e+02 2.784961e+02 2.775191e+02
10t 2.613828e+01 2.603921e+01 2.430394e+01 2.847139e+01 2.532074e+01
11t 2.562844e+02 3.007361e+02 2.881690e+02 2.802935e+02 2.732760e+02
12t 1.000004e+04 1.444624e+04 2.630653e+04 7.088229e+03 1.685101e+04
13t 1.290432e+00 1.813390e+01 1.474943e+01 1.625949e+00 1.946925e+01
14t 2.081297e+01 2.116318e+01 2.102892e+01 2.109635e+01 2.097174e+01
15t 1.612486e+02 1.383047e+02 4.374806e+04 3.945239e+02 1.538361e+02
16t 4.893516e+01 4.819397e+01 4.576074e+01 4.926513e+01 4.901614e+01
17t 2.323218e+00 3.330137e-01 4.900751e+00 6.209105e-02 2.948596e+00
18t 8.694145e-01 8.575220e-01 8.916561e-01 9.856926e-01 9.034919e-01
19t 6.192286e+02 5.881447e+02 7.267007e+02 6.077783e+02 6.164136e+02
20t 3.303911e+02 3.978109e+02 4.404946e+02 5.026902e+02 3.511795e+02
21t 2.820771e+04 2.647851e+04 2.857119e+04 3.286508e+04 2.814558e+04
22t 2.755985e+04 2.937492e+04 2.791205e+04 3.387641e+04 2.951020e+04
23t 5.483595e+01 5.622817e+01 5.675552e+01 4.475489e+01 5.074925e+01
24t 8.808326e-01 8.088781e-01 9.851510e-01 3.098738e+00 8.366648e-01
25t 6.174637e-01 7.438290e-01 5.838521e-01 5.121461e-01 5.494239e-01
26t 3.311543e-01 3.152728e-01 2.950892e-01 2.770168e-01 3.038637e-01
27t 9.896851e+01 1.155008e+02 7.406217e+01 6.066417e+01 9.640697e+01
28t 2.478155e+02 2.021672e+02 1.954085e+02 2.469037e+02 2.214470e+02
29t 3.194919e+02 4.057009e+02 3.333209e+02 3.947239e+02 3.481910e+02
30t 1.104162e+01 1.078198e+01 8.634931e+00 1.301439e+01 9.870656e+00
31t 2.069896e+02 2.398919e+02 1.808105e+02 1.445121e+02 1.738099e+02
32t 5.659470e+02 3.301567e+02 3.245032e+02 2.934354e+02 3.119531e+02
33t 1.142136e+02 1.217063e+02 1.124636e+02 1.060453e+02 1.207645e+02
34t 2.477696e+01 2.358394e+01 2.480739e+01 2.850732e+01 2.454324e+01
35t 1.311535e+04 1.348244e+04 1.312636e+04 1.270631e+04 1.327637e+04
36t 1.337744e+05 1.921953e+05 1.212639e+05 1.839434e+05 1.641051e+05
37t 5.512275e+01 6.139320e+01 5.620116e+01 5.996380e+01 5.495278e+01
38t 1.715609e+05 2.155607e+05 2.194293e+05 2.012659e+05 2.628488e+05
39t 6.833435e+00 4.843111e+00 5.619784e+00 5.844350e+00 7.560862e+00
40t 5.981202e+01 7.123494e+01 1.467631e+02 9.319881e+01 1.083618e+02
41t 4.484922e+02 4.475906e+02 4.471363e+02 4.506558e+02 4.478226e+02
42t 2.988858e+02 5.235841e+02 3.975783e+02 3.079449e+02 3.240405e+02
43t 4.353380e+02 4.077815e+02 4.423846e+02 4.225952e+02 4.337354e+02
44t 9.307272e+02 9.933021e+02 9.377219e+02 9.856994e+02 9.400416e+02
45t 9.327023e+02 9.309953e+02 9.306488e+02 9.339168e+02 9.374288e+02
46t 9.301985e+02 9.333893e+02 9.312661e+02 9.336388e+02 9.271296e+02
47t 1.027910e+03 1.024435e+03 8.913761e+02 5.550550e+02 8.961107e+02
48t 9.710923e+02 1.010232e+03 9.598778e+02 9.771955e+02 9.544001e+02
49t 5.619074e+02 5.490612e+02 5.532104e+02 5.693060e+02 1.027802e+03
50t 9.542938e+02 9.451288e+02 1.030500e+03 1.161866e+03 9.699236e+02
              76           77           78           79           80
1t  1.631086e+00 1.281799e+00 1.771084e+00 8.269115e-01 1.317133e+00
2t  8.195020e+06 7.635202e+06 1.566509e+07 4.051413e+06 7.374678e+06
3t  2.662071e+06 2.133605e+06 3.430817e+06 1.341145e+06 1.893042e+06
4t  1.103126e+05 9.993235e+04 1.271225e+05 1.405641e+05 1.867120e+05
5t  9.667276e+00 5.102597e+01 1.820667e+01 3.791756e+01 4.837293e+01
6t  1.887630e+02 1.326777e+02 3.656143e+02 4.774643e+00 6.296308e+02
7t  3.364820e+03 3.281008e+03 3.275577e+03 1.223283e+04 6.935294e+03
8t  6.847371e+00 6.377391e+00 7.534281e+00 4.996413e+00 6.188854e+00
9t  2.499056e+02 3.086231e+02 2.456998e+02 3.153392e+02 3.070822e+02
10t 3.059131e+01 2.706317e+01 3.075917e+01 2.333072e+01 2.883000e+01
11t 2.204391e+02 2.464010e+02 2.146838e+02 2.982997e+02 2.722343e+02
12t 2.896734e+02 1.756720e+04 1.204026e+03 1.377480e+04 1.495649e+04
13t 1.689919e+00 1.436986e+00 1.769451e+00 1.923126e+01 1.979741e+01
14t 2.104326e+01 2.092970e+01 2.101937e+01 2.082916e+01 2.118375e+01
15t 2.535990e+02 2.047246e+02 8.066662e+02 4.627932e+02 4.760308e+02
16t 4.839461e+01 4.885814e+01 4.861256e+01 4.777306e+01 4.927127e+01
17t 1.467075e-01 1.691016e+00 8.614694e-01 1.965607e+00 5.007139e-02
18t 9.782187e-01 9.185950e-01 9.983055e-01 8.511885e-01 9.523561e-01
19t 3.825920e+02 5.764138e+02 3.966785e+02 1.219989e+03 6.105952e+02
20t 3.159996e+02 3.781833e+02 2.408849e+02 4.155622e+02 4.221292e+02
21t 2.828780e+04 2.763072e+04 2.785557e+04 2.955746e+04 3.276542e+04
22t 2.808527e+04 2.836009e+04 2.784217e+04 2.999592e+04 3.353679e+04
23t 4.737782e+01 5.398229e+01 5.051673e+01 6.326643e+01 5.583187e+01
24t 7.411026e-01 5.368468e-01 7.558730e-01 8.025414e-01 3.468594e+00
25t 4.992028e-01 6.055356e-01 4.337505e-01 6.584003e-01 5.475942e-01
26t 3.978290e-01 3.410037e-01 2.681603e-01 3.454913e-01 2.945562e-01
27t 7.815219e+01 1.020430e+02 5.612311e+01 1.022873e+02 7.256214e+01
28t 2.662403e+02 2.609780e+02 2.875078e+02 5.545488e+02 2.691590e+02
29t 3.132646e+02 3.832879e+02 2.739552e+02 3.629725e+02 3.671198e+02
30t 1.251947e+01 1.103215e+01 1.264098e+01 1.468503e+01 1.219507e+01
31t 1.600912e+02 1.947931e+02 1.606276e+02 2.446871e+02 1.283540e+02
32t 3.677181e+02 2.739687e+02 2.822042e+02 3.564210e+02 3.370472e+02
33t 9.577799e+01 1.012631e+02 1.086572e+02 1.374061e+02 1.266907e+02
34t 2.487468e+01 2.861791e+01 3.025984e+01 2.414851e+01 2.725845e+01
35t 1.280762e+04 1.274770e+04 1.250259e+04 1.351725e+04 1.268412e+04
36t 1.959271e+05 1.739302e+05 2.214302e+05 1.882760e+05 1.866665e+05
37t 5.829679e+01 5.696210e+01 5.944708e+01 5.496307e+01 6.156536e+01
38t 2.128446e+05 2.910530e+05 2.546385e+05 2.658682e+05 1.592889e+05
39t 7.408141e+00 6.336824e+00 6.329633e+00 5.705448e+00 5.339194e+00
40t 2.535555e+01 9.165716e+01 3.090476e+01 1.064559e+02 1.306592e+02
41t 4.498020e+02 4.489763e+02 4.508457e+02 4.459625e+02 4.492897e+02
42t 2.898425e+02 3.136252e+02 3.018148e+02 3.767427e+02 3.393179e+02
43t 3.616257e+02 4.367244e+02 4.090400e+02 4.292552e+02 4.091071e+02
44t 9.339263e+02 9.328796e+02 9.217541e+02 9.525822e+02 9.377773e+02
45t 9.311419e+02 9.321206e+02 9.277676e+02 9.463231e+02 9.448588e+02
46t 9.274687e+02 9.306684e+02 9.297660e+02 9.343594e+02 9.476182e+02
47t 9.150443e+02 9.064939e+02 1.023972e+03 8.879550e+02 5.452764e+02
48t 9.504489e+02 1.002756e+03 9.287942e+02 1.175599e+03 1.019956e+03
49t 1.025764e+03 1.024158e+03 1.022702e+03 5.439363e+02 5.661575e+02
50t 8.985989e+02 9.728051e+02 8.941386e+02 1.264741e+03 1.232858e+03
# 2025-12-18 21:26:56 -03: Finished testing
