# 2025-10-13 23:53:29 -03: Reading parameter file '/home/pestobar/Activities/irace-test-executions/PSO-X-withRanking/Scenarios/BH-64/Runs/BH-65_seed_2000419/parameters.txt'.
# 2025-10-13 23:53:29 -03: 2 expression(s) specifying forbidden configurations read.
# 2025-10-13 23:53:29 -03: Initialization
# Elitist race
# Elitist new instances: 1
# Elitist limit: 2
# nbIterations: 5
# minNbSurvival: 5
# nbParameters: 8
# seed: 2000419
# confidence level: 0.95
# budget: 4000
# mu: 5
# deterministic: FALSE

# 2025-10-13 23:53:29 -03: Iteration 1 of 5
# experimentsUsed: 0
# remainingBudget: 4000
# currentBudget: 800
# nbConfigurations: 65
# Markers:
     x No test is performed.
     c Configurations are discarded only due to capping.
     - The test is performed and some configurations are discarded.
     = The test is performed but no configuration is discarded.
     ! The test is performed and configurations could be discarded but elite configurations are preserved.
     . All alive configurations are elite and nothing is discarded.

+-+-----------+-----------+-----------+----------------+-----------+--------+-----+----+------+
| |   Instance|      Alive|       Best|       Mean best| Exp so far|  W time|  rho|KenW|  Qvar|
+-+-----------+-----------+-----------+----------------+-----------+--------+-----+----+------+
|x|          1|         65|         59|     85.36168961|         65|00:00:35|   NA|  NA|    NA|
|x|          2|         65|         59|     44.56561227|        130|00:00:35|+0.96|0.98|0.0395|
|x|          3|         65|         10|     5660.452840|        195|00:00:36|+0.56|0.71|0.4542|
|x|          4|         65|         20|     4651.514621|        260|00:00:35|+0.39|0.55|0.4220|
|-|          5|         19|         41|     19719.93046|        325|00:00:35|+0.02|0.22|0.9377|
|=|          6|         19|         41|     19302.13744|        344|00:00:05|+0.02|0.18|0.9146|
|=|          7|         19|         10|     17307.31206|        363|00:01:00|+0.02|0.16|0.9230|
+-+-----------+-----------+-----------+----------------+-----------+--------+-----+----+------+
Best-so-far configuration:          10    mean value:      17307.31206
Description of the best-so-far configuration:
   .ID. particles topology modInfluence branching tSchedule phi1 phi2 inertia
10   10        36        0            0        NA        NA 0.82 1.91    0.41
   .PARENT.
10       NA

# 2025-10-13 23:57:33 -03: Elite configurations (first number is the configuration ID; listed from best to worst according to the sum of ranks):
   particles topology modInfluence branching tSchedule phi1 phi2 inertia
10        36        0            0        NA        NA 0.82 1.91    0.41
41       120        0            0        NA        NA 1.57 1.63    0.12
56        39        4            0        NA        NA 1.33 2.18    0.48
39       158        1            0        NA        NA 2.03 1.79    0.17
65        78        1            2        NA        NA 1.70 2.36    0.49
# 2025-10-13 23:57:33 -03: Iteration 2 of 5
# experimentsUsed: 363
# remainingBudget: 3637
# currentBudget: 909
# nbConfigurations: 65
# Markers:
     x No test is performed.
     c Configurations are discarded only due to capping.
     - The test is performed and some configurations are discarded.
     = The test is performed but no configuration is discarded.
     ! The test is performed and configurations could be discarded but elite configurations are preserved.
     . All alive configurations are elite and nothing is discarded.

+-+-----------+-----------+-----------+----------------+-----------+--------+-----+----+------+
| |   Instance|      Alive|       Best|       Mean best| Exp so far|  W time|  rho|KenW|  Qvar|
+-+-----------+-----------+-----------+----------------+-----------+--------+-----+----+------+
|x|          8|         65|         74|     20.88639988|         65|00:00:39|   NA|  NA|    NA|
|x|          5|         65|         10|     43487.03354|        125|00:00:39|+0.49|0.74|0.2168|
|x|          2|         65|         41|     27110.72133|        185|00:00:40|+0.66|0.77|0.2225|
|x|          4|         65|         41|     20336.58651|        245|00:00:40|+0.52|0.64|0.1947|
|-|          6|         24|        103|     19710.52095|        305|00:00:43|-0.01|0.19|0.9840|
|=|          1|         24|        103|     16447.18624|        324|00:00:08|-0.02|0.15|0.8848|
|=|          3|         24|        103|     16587.29087|        343|00:00:09|-0.01|0.13|0.8993|
|=|          7|         24|         10|     15146.65133|        362|00:01:04|+0.02|0.14|0.9069|
|=|          9|         24|        103|     13829.01105|        386|00:00:08|+0.03|0.14|0.9075|
+-+-----------+-----------+-----------+----------------+-----------+--------+-----+----+------+
Best-so-far configuration:         103    mean value:      13829.01105
Description of the best-so-far configuration:
    .ID. particles topology modInfluence branching tSchedule phi1 phi2 inertia
103  103        59        5            0        NA         5 2.12 2.22    0.21
    .PARENT.
103       56

# 2025-10-14 00:02:29 -03: Elite configurations (first number is the configuration ID; listed from best to worst according to the sum of ranks):
    particles topology modInfluence branching tSchedule phi1 phi2 inertia
103        59        5            0        NA         5 2.12 2.22    0.21
122        72        0            0        NA        NA 2.46 1.88    0.49
75        112        4            0        NA        NA 1.19 2.22    0.16
10         36        0            0        NA        NA 0.82 1.91    0.41
56         39        4            0        NA        NA 1.33 2.18    0.48
# 2025-10-14 00:02:29 -03: Iteration 3 of 5
# experimentsUsed: 749
# remainingBudget: 3251
# currentBudget: 1083
# nbConfigurations: 65
# Markers:
     x No test is performed.
     c Configurations are discarded only due to capping.
     - The test is performed and some configurations are discarded.
     = The test is performed but no configuration is discarded.
     ! The test is performed and configurations could be discarded but elite configurations are preserved.
     . All alive configurations are elite and nothing is discarded.

+-+-----------+-----------+-----------+----------------+-----------+--------+-----+----+------+
| |   Instance|      Alive|       Best|       Mean best| Exp so far|  W time|  rho|KenW|  Qvar|
+-+-----------+-----------+-----------+----------------+-----------+--------+-----+----+------+
|x|         10|         65|        173|    0.2363594219|         65|00:01:10|   NA|  NA|    NA|
|x|          1|         65|         75|     57.41540729|        125|00:00:23|+0.22|0.61|0.8417|
|x|          2|         65|        175|     44.46633626|        185|00:00:24|+0.47|0.65|0.5678|
|x|          9|         65|        103|     1892.721696|        245|00:00:25|+0.51|0.63|0.4147|
|-|          8|         32|        141|     1555.681172|        305|00:00:24|-0.11|0.11|1.0023|
|=|          5|         32|        103|     14923.94343|        332|00:00:07|-0.07|0.10|1.0183|
|=|          7|         32|        170|     14047.99253|        359|00:01:28|-0.04|0.11|0.9547|
|=|          4|         32|        170|     12293.75239|        386|00:00:07|-0.03|0.10|0.9559|
|=|          3|         32|        170|     12751.38168|        413|00:00:08|-0.02|0.09|0.9290|
|=|          6|         32|        170|     13158.10300|        440|00:00:08|+0.01|0.11|0.8887|
|=|         11|         32|        170|     11961.94430|        472|00:00:08|+0.01|0.10|0.9156|
+-+-----------+-----------+-----------+----------------+-----------+--------+-----+----+------+
Best-so-far configuration:         170    mean value:      11961.94430
Description of the best-so-far configuration:
    .ID. particles topology modInfluence branching tSchedule phi1 phi2 inertia
170  170       103        4            0        NA        NA    1 2.03     0.2
    .PARENT.
170       75

# 2025-10-14 00:07:27 -03: Elite configurations (first number is the configuration ID; listed from best to worst according to the sum of ranks):
    particles topology modInfluence branching tSchedule phi1 phi2 inertia
170       103        4            0        NA        NA 1.00 2.03    0.20
103        59        5            0        NA         5 2.12 2.22    0.21
75        112        4            0        NA        NA 1.19 2.22    0.16
152        87        4            0        NA        NA 2.37 2.07    0.44
166        60        4            0        NA        NA 1.07 2.07    0.28
# 2025-10-14 00:07:27 -03: Iteration 4 of 5
# experimentsUsed: 1221
# remainingBudget: 2779
# currentBudget: 1389
# nbConfigurations: 65
# Markers:
     x No test is performed.
     c Configurations are discarded only due to capping.
     - The test is performed and some configurations are discarded.
     = The test is performed but no configuration is discarded.
     ! The test is performed and configurations could be discarded but elite configurations are preserved.
     . All alive configurations are elite and nothing is discarded.

+-+-----------+-----------+-----------+----------------+-----------+--------+-----+----+------+
| |   Instance|      Alive|       Best|       Mean best| Exp so far|  W time|  rho|KenW|  Qvar|
+-+-----------+-----------+-----------+----------------+-----------+--------+-----+----+------+
|x|         12|         65|        225|     30.25502091|         65|00:01:32|   NA|  NA|    NA|
|x|          1|         65|        195|     68.89715326|        125|00:00:08|+0.21|0.60|0.4086|
|x|         10|         65|        236|     45.08664293|        185|00:00:54|+0.34|0.56|0.4437|
|x|          4|         65|        236|     36.78064495|        245|00:00:08|+0.29|0.47|0.3773|
|-|          7|         25|        195|     212.2376203|        305|00:02:58|-0.02|0.19|1.0398|
|=|          2|         25|        195|     177.5219588|        325|00:00:02|+0.01|0.18|1.0218|
|=|          8|         25|        195|     156.6841998|        345|00:00:02|-0.00|0.14|1.0266|
|=|          6|         25|        195|     2133.496901|        365|00:00:03|+0.02|0.14|1.0032|
|=|          3|         25|        195|     3809.612406|        385|00:00:02|+0.03|0.14|0.9869|
|=|         11|         25|        195|     3428.682622|        405|00:00:02|+0.04|0.13|0.9702|
|=|          5|         25|        195|     11464.66044|        425|00:00:02|+0.05|0.13|0.9540|
|-|          9|         15|        195|     11145.23263|        445|00:00:02|-0.04|0.05|0.9582|
|=|         13|         15|        192|     12614.77012|        460|00:00:02|-0.02|0.06|0.9433|
|=|         14|         15|        195|     9561.219495|        475|00:00:01|-0.02|0.05|0.9490|
+-+-----------+-----------+-----------+----------------+-----------+--------+-----+----+------+
Best-so-far configuration:         195    mean value:      9561.219495
Description of the best-so-far configuration:
    .ID. particles topology modInfluence branching tSchedule phi1 phi2 inertia
195  195        92        4            0        NA        NA 1.73 2.46    0.31
    .PARENT.
195       75

# 2025-10-14 00:13:32 -03: Elite configurations (first number is the configuration ID; listed from best to worst according to the sum of ranks):
    particles topology modInfluence branching tSchedule phi1 phi2 inertia
195        92        4            0        NA        NA 1.73 2.46    0.31
192        85        4            0        NA        NA 1.14 2.41    0.22
75        112        4            0        NA        NA 1.19 2.22    0.16
204       133        4            0        NA        NA 0.97 1.96    0.38
241        91        4            0        NA        NA 2.33 2.03    0.48
# 2025-10-14 00:13:32 -03: Iteration 5 of 5
# experimentsUsed: 1696
# remainingBudget: 2304
# currentBudget: 2304
# nbConfigurations: 65
# Markers:
     x No test is performed.
     c Configurations are discarded only due to capping.
     - The test is performed and some configurations are discarded.
     = The test is performed but no configuration is discarded.
     ! The test is performed and configurations could be discarded but elite configurations are preserved.
     . All alive configurations are elite and nothing is discarded.

+-+-----------+-----------+-----------+----------------+-----------+--------+-----+----+------+
| |   Instance|      Alive|       Best|       Mean best| Exp so far|  W time|  rho|KenW|  Qvar|
+-+-----------+-----------+-----------+----------------+-----------+--------+-----+----+------+
|x|         15|         65|        295|     4.214179685|         65|00:00:07|   NA|  NA|    NA|
|x|         12|         65|        267|     17.43749119|        125|00:01:18|-0.01|0.49|1.0341|
|x|          4|         65|        257|     16.42568319|        185|00:00:07|+0.22|0.48|0.7833|
|x|          1|         65|        267|     41.18206422|        245|00:00:07|+0.17|0.38|0.9119|
|-|          5|         41|        267|     19691.73920|        305|00:00:07|-0.05|0.16|1.0082|
|=|          3|         41|        275|     14615.03558|        341|00:00:06|-0.05|0.13|1.0044|
|=|          2|         41|        275|     12527.70547|        377|00:00:05|-0.01|0.14|0.9596|
|=|          7|         41|        275|     11075.62907|        413|00:01:56|-0.00|0.12|0.9063|
|=|         11|         41|        292|     11903.46775|        449|00:00:04|+0.01|0.12|0.8506|
|=|          8|         41|        275|     8862.802939|        485|00:00:04|+0.01|0.11|0.8085|
|=|          6|         41|        275|     9543.782934|        521|00:00:06|+0.02|0.11|0.7727|
|=|          9|         41|        275|     9359.189083|        557|00:00:05|+0.03|0.12|0.7325|
|-|         10|         15|        275|     8639.270429|        593|00:00:35|-0.03|0.05|0.9616|
|=|         14|         15|        275|     8022.935793|        603|00:00:01|-0.01|0.06|0.9478|
|=|         13|         15|        275|     7496.116842|        613|00:00:01|-0.03|0.04|0.9614|
|=|         16|         15|        275|     7027.666655|        628|00:00:02|-0.03|0.03|0.9498|
+-+-----------+-----------+-----------+----------------+-----------+--------+-----+----+------+
Best-so-far configuration:         275    mean value:      7027.666655
Description of the best-so-far configuration:
    .ID. particles topology modInfluence branching tSchedule phi1 phi2 inertia
275  275        80        4            0        NA        NA 1.65  2.5    0.27
    .PARENT.
275      195

# 2025-10-14 00:18:30 -03: Elite configurations (first number is the configuration ID; listed from best to worst according to the sum of ranks):
    particles topology modInfluence branching tSchedule phi1 phi2 inertia
275        80        4            0        NA        NA 1.65 2.50    0.27
257        91        4            0        NA        NA 1.38 2.47    0.26
195        92        4            0        NA        NA 1.73 2.46    0.31
192        85        4            0        NA        NA 1.14 2.41    0.22
292        91        4            0        NA        NA 1.11 2.23    0.25
# 2025-10-14 00:18:30 -03: Iteration 6 of 6
# experimentsUsed: 2324
# remainingBudget: 1676
# currentBudget: 1676
# nbConfigurations: 65
# Markers:
     x No test is performed.
     c Configurations are discarded only due to capping.
     - The test is performed and some configurations are discarded.
     = The test is performed but no configuration is discarded.
     ! The test is performed and configurations could be discarded but elite configurations are preserved.
     . All alive configurations are elite and nothing is discarded.

+-+-----------+-----------+-----------+----------------+-----------+--------+-----+----+------+
| |   Instance|      Alive|       Best|       Mean best| Exp so far|  W time|  rho|KenW|  Qvar|
+-+-----------+-----------+-----------+----------------+-----------+--------+-----+----+------+
|x|         17|         65|        192|    0.4166100583|         65|00:00:06|   NA|  NA|    NA|
|x|         10|         65|        275|    0.3885728262|        125|00:00:54|+0.17|0.59|0.8231|
|x|         16|         65|        318|    0.3411075948|        185|00:00:06|+0.10|0.40|0.9007|
|x|          2|         65|        275|     1.353963159|        245|00:00:07|+0.04|0.28|0.9348|
|=|         14|         65|        275|     3.200274410|        305|00:00:05|+0.06|0.25|0.9103|
|=|          3|         65|        275|     2626.618914|        365|00:00:09|+0.04|0.20|0.9322|
|=|         12|         65|        275|     2256.090116|        425|00:01:18|+0.02|0.16|0.9515|
|=|          8|         65|        275|     1976.846177|        485|00:00:06|+0.02|0.14|0.9588|
|=|          6|         65|        275|     3574.261367|        545|00:00:10|+0.03|0.14|0.9485|
|-|          9|         25|        275|     3949.700902|        605|00:00:08|-0.05|0.06|0.9932|
|=|         15|         25|        275|     3591.084564|        625|00:00:02|-0.03|0.07|0.9761|
|=|          5|         25|        275|     9273.737500|        645|00:00:02|-0.02|0.07|0.9634|
|=|          1|         25|        275|     8569.017457|        665|00:00:02|-0.01|0.07|0.9636|
|=|         11|         25|        275|     7957.006081|        685|00:00:02|-0.00|0.07|0.9608|
|=|          4|         25|        275|     7427.430082|        705|00:00:02|+0.01|0.07|0.9521|
|=|          7|         25|        275|     7020.159094|        725|00:00:58|-0.01|0.06|0.9585|
|=|         13|         25|        275|     6614.305708|        745|00:00:02|-0.00|0.06|0.9594|
|=|         18|         25|        275|     6263.259927|        770|00:00:02|-0.00|0.06|0.9567|
+-+-----------+-----------+-----------+----------------+-----------+--------+-----+----+------+
Best-so-far configuration:         275    mean value:      6263.259927
Description of the best-so-far configuration:
    .ID. particles topology modInfluence branching tSchedule phi1 phi2 inertia
275  275        80        4            0        NA        NA 1.65  2.5    0.27
    .PARENT.
275      195

# 2025-10-14 00:23:00 -03: Elite configurations (first number is the configuration ID; listed from best to worst according to the sum of ranks):
    particles topology modInfluence branching tSchedule phi1 phi2 inertia
275        80        4            0        NA        NA 1.65 2.50    0.27
359        87        4            0        NA        NA 1.31 2.43    0.19
257        91        4            0        NA        NA 1.38 2.47    0.26
192        85        4            0        NA        NA 1.14 2.41    0.22
346        88        4            0        NA        NA 1.43 2.39    0.26
# 2025-10-14 00:23:00 -03: Stopped because there is not enough budget to enforce the value of nbConfigurations.
# Iteration: 7
# nbIterations: 7
# experimentsUsed: 3094
# timeUsed: 0
# remainingBudget: 906
# currentBudget: 906
# number of elites: 5
# nbConfigurations: 52
# Total CPU user time: 14674.56, CPU sys time: 126.436, Wall-clock time: 1770.749
# 2025-10-14 00:23:00 -03: Starting post-selection:
# Configurations selected: 275, 359, 257, 192, 346, 195, 292, 75, 204, 241, 170, 103, 152, 166, 122, 10.
# Pending instances: 1, 1, 1, 1, 1, 1, 1, 3, 3, 3, 5, 5, 5, 5, 8, 8.
# 2025-10-14 00:23:00 -03: seed: 2000419
# Configurations: 16
# Available experiments: 906
# minSurvival: 1
# Markers:
     x No test is performed.
     c Configurations are discarded only due to capping.
     - The test is performed and some configurations are discarded.
     = The test is performed but no configuration is discarded.
     ! The test is performed and configurations could be discarded but elite configurations are preserved.
     . All alive configurations are elite and nothing is discarded.

+-+-----------+-----------+-----------+----------------+-----------+--------+-----+----+------+
| |   Instance|      Alive|       Best|       Mean best| Exp so far|  W time|  rho|KenW|  Qvar|
+-+-----------+-----------+-----------+----------------+-----------+--------+-----+----+------+
|x|         17|         16|        192|    0.4166100583|          9|00:00:01|   NA|  NA|    NA|
|.|          2|         16|        192|     2.164194984|          9|00:00:00|+0.20|0.60|0.9446|
|.|          5|         16|        192|     41032.50969|          9|00:00:00|-0.01|0.33|0.9981|
|.|          3|         16|        192|     34920.21044|          9|00:00:00|-0.08|0.19|1.0488|
|.|          6|         16|        192|     31098.47827|          9|00:00:00|-0.05|0.16|0.9993|
|.|          7|         16|        192|     26066.95411|          9|00:00:00|-0.06|0.12|1.0002|
|.|          8|         16|        192|     22347.16039|          9|00:00:00|-0.04|0.11|0.9745|
|x|         13|         16|        275|     13117.29433|         11|00:00:01|-0.04|0.09|0.9604|
|x|         16|         16|        275|     11659.91872|         17|00:00:01|-0.03|0.09|0.9216|
|.|          9|         16|        275|     11226.79252|         17|00:00:00|-0.01|0.09|0.9159|
|x|         12|         16|        192|     14896.46139|         19|00:00:13|-0.01|0.08|0.9069|
|.|          4|         16|        192|     13656.25929|         19|00:00:00|+0.00|0.09|0.9077|
|x|         14|         16|        275|     8640.368779|         21|00:00:01|+0.01|0.08|0.9057|
|.|         11|         16|        275|     8023.260880|         21|00:00:00|-0.02|0.05|0.9307|
|.|         10|         16|        275|     7488.393260|         21|00:00:00|-0.02|0.05|0.9250|
|x|         15|         16|        275|     7020.676256|         27|00:00:01|+0.00|0.07|0.9048|
|.|          1|         16|        275|     6614.305708|         27|00:00:00|+0.02|0.08|0.9085|
|=|         18|         16|        275|     6263.259927|         36|00:00:01|+0.03|0.08|0.9054|
|=|         19|         16|        275|     8092.374775|         52|00:00:02|+0.04|0.09|0.9046|
|-|         20|          8|        275|     7736.214226|         68|00:00:01|-0.02|0.03|0.8856|
|=|         21|          8|        275|     7372.193683|         76|00:00:01|-0.02|0.03|0.8807|
|=|         22|          8|        275|     743341.1743|         84|00:00:01|-0.01|0.03|0.8757|
|=|         23|          8|        275|     715122.3234|         92|00:00:01|-0.01|0.03|0.8723|
|=|         24|          8|        275|     685325.5771|        100|00:00:01|+0.00|0.04|0.8627|
|=|         25|          8|        359|     632651.4039|        108|00:00:01|+0.00|0.04|0.8601|
|=|         26|          8|        359|     608319.0982|        116|00:00:01|+0.01|0.05|0.8522|
|=|         27|          8|        359|     585793.8318|        124|00:00:01|+0.00|0.04|0.8625|
|=|         28|          8|        275|     587461.3562|        132|00:00:29|+0.01|0.04|0.8651|
|=|         29|          8|        275|     567223.9136|        140|00:00:28|+0.00|0.04|0.8691|
|=|         30|          8|        359|     527264.0638|        148|00:00:01|+0.00|0.04|0.8680|
|=|         31|          8|        359|     510256.4411|        156|00:00:13|+0.00|0.03|0.8733|
|=|         32|          8|        359|     494314.0850|        164|00:00:02|-0.01|0.03|0.8815|
|=|         33|          8|        275|     498473.8374|        172|00:00:01|-0.01|0.02|0.8797|
|=|         34|          8|        359|     487575.6625|        180|00:00:01|+0.00|0.03|0.8738|
|=|         35|          8|        359|     473649.1761|        188|00:00:01|-0.00|0.03|0.8773|
|=|         36|          8|        359|     460529.8590|        196|00:00:17|+0.00|0.03|0.8730|
|=|         37|          8|        359|     448088.6882|        204|00:00:01|+0.00|0.03|0.8746|
|=|         38|          8|        359|     436311.0474|        212|00:00:29|-0.00|0.03|0.8751|
|=|         39|          8|        359|     425130.7653|        220|00:00:29|-0.01|0.02|0.8793|
|=|         40|          8|        359|     414503.3958|        228|00:00:01|-0.01|0.02|0.8830|
|=|         41|          8|        359|     404397.1342|        236|00:00:01|-0.00|0.02|0.8779|
|=|         42|          8|        359|     394768.6617|        244|00:00:01|+0.00|0.02|0.8787|
|=|         43|          8|        359|     385589.1564|        252|00:00:01|-0.00|0.02|0.8782|
|=|         44|          8|        359|     376829.4056|        260|00:00:01|+0.00|0.02|0.8765|
|=|         45|          8|        359|     368455.4828|        268|00:00:01|+0.00|0.03|0.8733|
|=|         46|          8|        359|     360457.6036|        276|00:00:28|+0.00|0.02|0.8732|
|=|         47|          8|        359|     352792.0603|        284|00:00:01|-0.00|0.02|0.8773|
|=|         48|          8|        359|     345461.1792|        292|00:00:29|-0.00|0.02|0.8783|
|=|         49|          8|        359|     338416.2606|        300|00:00:28|+0.00|0.02|0.8770|
|=|         50|          8|        359|     331665.9108|        308|00:00:32|+0.01|0.03|0.8738|
|=|         51|          8|        359|     326463.5203|        316|00:00:01|+0.01|0.03|0.8751|
|=|         52|          8|        359|     322773.5897|        324|00:00:01|+0.01|0.02|0.8756|
|=|         53|          8|        359|     316685.1568|        332|00:00:01|+0.00|0.02|0.8779|
|=|         54|          8|        359|     310821.1437|        340|00:00:13|+0.00|0.02|0.8793|
|=|         55|          8|        359|     305169.9048|        348|00:00:00|+0.00|0.02|0.8771|
|=|         56|          8|        359|     301327.7193|        356|00:00:01|+0.00|0.02|0.8771|
|=|         57|          8|        359|     296067.0203|        364|00:00:01|+0.01|0.02|0.8749|
|=|         58|          8|        359|     290962.4210|        372|00:00:08|+0.01|0.03|0.8730|
|=|         59|          8|        359|     286030.8686|        380|00:00:01|+0.01|0.03|0.8723|
|=|         60|          8|        359|     281272.5292|        388|00:00:28|+0.01|0.03|0.8707|
|=|         61|          8|        359|     276661.6772|        396|00:00:01|+0.01|0.03|0.8670|
|=|         62|          8|        359|     272199.8944|        404|00:00:01|+0.01|0.03|0.8692|
|=|         63|          8|        359|     267893.7405|        412|00:00:29|+0.01|0.03|0.8704|
|=|         64|          8|        359|     263711.1940|        420|00:00:02|+0.01|0.02|0.8729|
|=|         65|          8|        275|     272188.5562|        428|00:00:01|+0.01|0.02|0.8731|
|=|         66|          8|        275|     268078.5444|        436|00:00:31|+0.01|0.02|0.8738|
|=|         67|          8|        275|     264077.4393|        444|00:00:01|+0.01|0.02|0.8721|
|=|         68|          8|        275|     260194.0206|        452|00:00:00|+0.01|0.03|0.8711|
|=|         69|          8|        275|     256667.2699|        460|00:00:01|+0.01|0.02|0.8724|
|=|         70|          8|        275|     253001.5282|        468|00:00:01|+0.01|0.02|0.8717|
|=|         71|          8|        275|     249438.4205|        476|00:00:01|+0.01|0.02|0.8738|
|=|         72|          8|        275|     245974.0018|        484|00:00:01|+0.01|0.02|0.8742|
|=|         73|          8|        275|     242604.5497|        492|00:00:01|+0.01|0.02|0.8722|
|=|         74|          8|        275|     239327.4586|        500|00:00:01|+0.01|0.03|0.8698|
|=|         75|          8|        275|     236138.0757|        508|00:00:01|+0.01|0.03|0.8696|
|=|         76|          8|        275|     233255.3708|        516|00:00:01|+0.01|0.03|0.8693|
|=|         77|          8|        275|     230226.8235|        524|00:00:01|+0.01|0.03|0.8689|
|-|         78|          6|        275|     227282.4873|        532|00:00:28|+0.01|0.02|0.8325|
|=|         79|          6|        359|     214089.6189|        538|00:00:17|+0.01|0.02|0.8306|
|=|         80|          6|        359|     211424.9073|        544|00:00:29|+0.01|0.02|0.8319|
|=|         81|          6|        275|     218892.7901|        550|00:00:28|+0.01|0.02|0.8318|
|=|         82|          6|        275|     216227.5187|        556|00:00:01|+0.01|0.02|0.8304|
|=|         83|          6|        275|     213624.1369|        562|00:00:01|+0.00|0.02|0.8326|
|=|         84|          6|        275|     211091.8339|        568|00:00:29|+0.00|0.02|0.8324|
|=|         85|          6|        275|     208610.4309|        574|00:00:01|+0.00|0.02|0.8323|
|=|         86|          6|        275|     206186.1690|        580|00:00:01|+0.00|0.02|0.8325|
|=|         87|          6|        275|     203822.8320|        586|00:00:28|+0.00|0.02|0.8322|
|=|         88|          6|        275|     201506.6698|        592|00:00:00|+0.01|0.02|0.8312|
|=|         89|          6|        275|     199242.5559|        598|00:00:01|+0.01|0.02|0.8311|
|=|         90|          6|        275|     197030.2939|        604|00:00:01|+0.01|0.02|0.8306|
|=|         91|          6|        275|     194865.6969|        610|00:00:01|+0.01|0.02|0.8309|
|=|         92|          6|        275|     320654.7129|        616|00:00:01|+0.01|0.02|0.8297|
|=|         93|          6|        275|     317206.9628|        622|00:00:01|+0.01|0.02|0.8291|
|=|         94|          6|        275|     313832.4246|        628|00:00:01|+0.01|0.02|0.8300|
|=|         95|          6|        275|     310611.4996|        634|00:00:01|+0.01|0.02|0.8311|
|=|         96|          6|        275|     316933.2351|        640|00:00:01|+0.01|0.02|0.8317|
|=|         97|          6|        359|     316289.2164|        646|00:00:13|+0.01|0.02|0.8325|
|=|         98|          6|        275|     310466.5392|        652|00:00:01|+0.00|0.01|0.8338|
|=|         99|          6|        275|     307333.1086|        658|00:00:01|+0.01|0.02|0.8327|
|=|        100|          6|        275|     304262.9361|        664|00:00:27|+0.01|0.02|0.8317|
|=|        101|          6|        275|     301259.4549|        670|00:00:28|+0.01|0.02|0.8311|
|=|        102|          6|        275|     298307.6430|        676|00:00:01|+0.01|0.02|0.8308|
|=|        103|          6|        275|     295414.3266|        682|00:00:27|+0.01|0.02|0.8303|
|=|        104|          6|        275|     292575.8986|        688|00:00:01|+0.01|0.02|0.8289|
|-|        105|          5|        275|     291043.6336|        694|00:00:01|+0.00|0.01|0.7983|
|=|        106|          5|        275|     288298.0885|        699|00:00:01|+0.00|0.01|0.7979|
|=|        107|          5|        275|     285758.1334|        704|00:00:01|+0.00|0.01|0.7984|
|=|        108|          5|        275|     283112.6681|        709|00:00:01|+0.00|0.01|0.7975|
|=|        109|          5|        275|     280515.6124|        714|00:00:12|+0.00|0.01|0.7970|
|=|        110|          5|        275|     278116.0402|        719|00:00:01|+0.00|0.01|0.7963|
|=|        111|          5|        275|     275610.4960|        724|00:00:01|+0.00|0.01|0.7978|
|=|        112|          5|        275|     273157.4442|        729|00:00:16|+0.00|0.01|0.7971|
|=|        113|          5|        275|     270741.4958|        734|00:00:01|+0.00|0.01|0.7973|
|=|        114|          5|        275|     268383.5394|        739|00:00:01|+0.00|0.01|0.7987|
|=|        115|          5|        275|     266057.6739|        744|00:00:28|+0.00|0.01|0.7982|
|=|        116|          5|        275|     263764.4429|        749|00:00:01|+0.00|0.01|0.7970|
|=|        117|          5|        275|     269714.9954|        754|00:00:01|+0.00|0.01|0.7971|
|=|        118|          5|        275|     267430.1271|        759|00:00:01|+0.00|0.01|0.7979|
|=|        119|          5|        275|     265183.4211|        764|00:00:01|+0.00|0.01|0.7979|
|=|        120|          5|        275|     262973.6595|        769|00:00:01|+0.00|0.01|0.7977|
|=|        121|          5|        275|     260863.4469|        774|00:00:01|+0.00|0.01|0.7988|
|=|        122|          5|        275|     258725.3836|        779|00:00:00|-0.00|0.01|0.7997|
|=|        123|          5|        275|     257025.7131|        784|00:00:01|-0.00|0.01|0.8008|
|=|        124|          5|        275|     254955.7296|        789|00:00:28|-0.00|0.01|0.8017|
|=|        125|          5|        275|     253352.9844|        794|00:00:01|-0.00|0.01|0.8013|
|=|        126|          5|        275|     251342.2505|        799|00:00:00|-0.00|0.01|0.8006|
|=|        127|          5|        275|     249366.9120|        804|00:00:27|-0.00|0.01|0.8010|
|=|        128|          5|        275|     247419.9115|        809|00:00:01|-0.00|0.01|0.8012|
|=|        129|          5|        275|     245502.0020|        814|00:00:00|-0.00|0.01|0.8012|
|=|        130|          5|        275|     243613.5350|        819|00:00:01|+0.00|0.01|0.8008|
|=|        131|          5|        275|     241758.1126|        824|00:00:27|+0.00|0.01|0.8003|
|=|        132|          5|        275|     239926.6177|        829|00:00:01|+0.00|0.01|0.8010|
|=|        133|          5|        275|     238122.8759|        834|00:00:13|+0.00|0.01|0.8013|
|=|        134|          5|        275|     236345.8643|        839|00:00:00|-0.00|0.01|0.8018|
|=|        135|          5|        275|     234595.1813|        844|00:00:01|-0.00|0.01|0.8018|
|=|        136|          5|        275|     232877.2083|        849|00:00:30|-0.00|0.01|0.8020|
|=|        137|          5|        275|     231184.0243|        854|00:00:28|-0.00|0.01|0.8024|
|=|        138|          5|        275|     229508.7868|        859|00:00:01|-0.00|0.00|0.8030|
|=|        139|          5|        275|     337084.4201|        864|00:00:01|-0.00|0.00|0.8031|
|=|        140|          5|        275|     334678.0505|        869|00:00:01|-0.00|0.00|0.8036|
|=|        141|          5|        275|     332304.5947|        874|00:00:01|-0.00|0.00|0.8032|
|=|        142|          5|        275|     329964.4590|        879|00:00:01|-0.00|0.00|0.8030|
|=|        143|          5|        275|     327657.4014|        884|00:00:01|-0.00|0.00|0.8033|
|=|        144|          5|        275|     325382.0087|        889|00:00:01|-0.00|0.00|0.8030|
|=|        145|          5|        275|     323138.5568|        894|00:00:01|-0.00|0.00|0.8028|
|=|        146|          5|        275|     320926.0972|        899|00:00:01|-0.00|0.00|0.8030|
|=|        147|          5|        275|     318742.9296|        904|00:00:09|-0.00|0.00|0.8029|
+-+-----------+-----------+-----------+----------------+-----------+--------+-----+----+------+
Best-so-far configuration:         275    mean value:      318742.9296
Description of the best-so-far configuration:
    .ID. particles topology modInfluence branching tSchedule phi1 phi2 inertia
275  275        80        4            0        NA        NA 1.65  2.5    0.27
    .PARENT.
275      195

# 2025-10-14 00:39:40 -03: Elite configurations (first number is the configuration ID; listed from best to worst according to the sum of ranks):
    particles topology modInfluence branching tSchedule phi1 phi2 inertia
275        80        4            0        NA        NA 1.65 2.50    0.27
346        88        4            0        NA        NA 1.43 2.39    0.26
359        87        4            0        NA        NA 1.31 2.43    0.19
195        92        4            0        NA        NA 1.73 2.46    0.31
241        91        4            0        NA        NA 2.33 2.03    0.48
# Total CPU user time: 21143.45, CPU sys time: 169.173, Wall-clock time: 2771.517
    .ID. particles topology modInfluence branching tSchedule phi1 phi2 inertia
275  275        80        4            0        NA        NA 1.65 2.50    0.27
346  346        88        4            0        NA        NA 1.43 2.39    0.26
359  359        87        4            0        NA        NA 1.31 2.43    0.19
195  195        92        4            0        NA        NA 1.73 2.46    0.31
241  241        91        4            0        NA        NA 2.33 2.03    0.48
    .PARENT. .RANK.   .WEIGHT.
275      195    418 0.33333333
346      257    436 0.26666667
359      257    449 0.20000000
195       75    451 0.13333333
241      152    451 0.06666667
