#------------------------------------------------------------------------------
# irace: An implementation in R of (Elitist) Iterated Racing
# Version: 4.2.0.9000.0eef3f1
# Copyright (C) 2010-2025
# Manuel Lopez-Ibanez     <manuel.lopez-ibanez@manchester.ac.uk>
# Jeremie Dubois-Lacoste
# Leslie Perez Caceres    <leslie.perez.caceres@ulb.ac.be>
#
# This is free software, and you are welcome to redistribute it under certain
# conditions.  See the GNU General Public License for details. There is NO
# WARRANTY; not even for MERCHANTABILITY or FITNESS FOR A PARTICULAR PURPOSE.
#
# irace builds upon previous code from the race package:
#     race: Racing methods for the selection of the best
#     Copyright (C) 2003 Mauro Birattari
#------------------------------------------------------------------------------
# installed at: /home/pestobar/R/x86_64-redhat-linux-gnu-library/4.5/irace
# called with: --only-test configurations.txt --scenario scenario.txt
# 2025-12-19 04:20:35 -03: Checking scenario.
# 2025-12-19 04:20:35 -03: Reading parameter file '/home/pestobar/Activities/irace-test-executions/PSO-X/Scenarios/Elites-3/Runs/Elites-3_seed_2000419/parameters.txt'.
# 2025-12-19 04:20:35 -03: 2 expression(s) specifying forbidden configurations read.
## irace scenario:
scenarioFile = "/home/pestobar/Activities/irace-test-executions/PSO-X/Scenarios/Elites-3/Runs/Elites-3_seed_2000419/scenario.txt"
execDir = "/home/pestobar/Activities/irace-test-executions/PSO-X/Scenarios/Elites-3/Runs/Elites-3_seed_2000419/Results"
parameterFile = "/home/pestobar/Activities/irace-test-executions/PSO-X/Scenarios/Elites-3/Runs/Elites-3_seed_2000419/parameters.txt"
parameters = <environment>
initConfigurations = NULL
configurationsFile = ""
logFile = "/home/pestobar/Activities/irace-test-executions/PSO-X/Scenarios/Elites-3/Runs/Elites-3_seed_2000419/Results/irace.Rdata"
recoveryFile = ""
instances = c("--competition 3 --problem 0 --dimensions 30", "--competition 3 --problem 1 --dimensions 30", "--competition 3 --problem 2 --dimensions 30", "--competition 3 --problem 3 --dimensions 30", "--competition 3 --problem 4 --dimensions 30", "--competition 3 --problem 5 --dimensions 30", "--competition 3 --problem 6 --dimensions 30", "--competition 3 --problem 7 --dimensions 30", "--competition 3 --problem 8 --dimensions 30", "--competition 3 --problem 9 --dimensions 30", "--competition 3 --problem 10 --dimensions 30", "--competition 3 --problem 11 --dimensions 30", "--competition 3 --problem 12 --dimensions 30", "--competition 3 --problem 13 --dimensions 30", "--competition 3 --problem 14 --dimensions 30", "--competition 3 --problem 15 --dimensions 30", "--competition 3 --problem 16 --dimensions 30", "--competition 3 --problem 17 --dimensions 30", "--competition 3 --problem 18 --dimensions 30", "--competition 3 --problem 19 --dimensions 30", "--competition 3 --problem 20 --dimensions 30", "--competition 3 --problem 21 --dimensions 30", "--competition 3 --problem 22 --dimensions 30", "--competition 3 --problem 23 --dimensions 30", "--competition 3 --problem 24 --dimensions 30", "--competition 3 --problem 25 --dimensions 30", "--competition 3 --problem 26 --dimensions 30", "--competition 3 --problem 27 --dimensions 30", "--competition 3 --problem 28 --dimensions 30", "--competition 3 --problem 29 --dimensions 30", "--competition 3 --problem 30 --dimensions 30", "--competition 3 --problem 31 --dimensions 30", "--competition 3 --problem 32 --dimensions 30", "--competition 3 --problem 33 --dimensions 30", "--competition 3 --problem 34 --dimensions 30", "--competition 3 --problem 35 --dimensions 30", "--competition 3 --problem 36 --dimensions 30", "--competition 3 --problem 37 --dimensions 30", "--competition 3 --problem 38 --dimensions 30", "--competition 3 --problem 39 --dimensions 30", "--competition 3 --problem 40 --dimensions 30", "--competition 3 --problem 41 --dimensions 30", "--competition 3 --problem 42 --dimensions 30", "--competition 3 --problem 43 --dimensions 30", "--competition 3 --problem 44 --dimensions 30", "--competition 3 --problem 45 --dimensions 30", "--competition 3 --problem 46 --dimensions 30", "--competition 3 --problem 47 --dimensions 30", "--competition 3 --problem 48 --dimensions 30", "--competition 3 --problem 49 --dimensions 30")
trainInstancesDir = ""
trainInstancesFile = "/home/pestobar/Activities/irace-test-executions/PSO-X/Instances/train_MIXTURE.txt"
sampleInstances = TRUE
testInstancesDir = ""
testInstancesFile = "/home/pestobar/Activities/irace-test-executions/PSO-X/TestingInstances/test_MIXTURE.txt"
testInstances = c("1t" = "--competition 3 --problem 0 --dimensions 50", "2t" = "--competition 3 --problem 1 --dimensions 50", "3t" = "--competition 3 --problem 2 --dimensions 50", "4t" = "--competition 3 --problem 3 --dimensions 50", "5t" = "--competition 3 --problem 4 --dimensions 50", "6t" = "--competition 3 --problem 5 --dimensions 50", "7t" = "--competition 3 --problem 6 --dimensions 50", "8t" = "--competition 3 --problem 7 --dimensions 50", "9t" = "--competition 3 --problem 8 --dimensions 50", "10t" = "--competition 3 --problem 9 --dimensions 50", "11t" = "--competition 3 --problem 10 --dimensions 50", "12t" = "--competition 3 --problem 11 --dimensions 50", "13t" = "--competition 3 --problem 12 --dimensions 50", "14t" = "--competition 3 --problem 13 --dimensions 50", "15t" = "--competition 3 --problem 14 --dimensions 50", "16t" = "--competition 3 --problem 15 --dimensions 50", "17t" = "--competition 3 --problem 16 --dimensions 50", "18t" = "--competition 3 --problem 17 --dimensions 50", "19t" = "--competition 3 --problem 18 --dimensions 50", "20t" = "--competition 3 --problem 19 --dimensions 50", "21t" = "--competition 3 --problem 20 --dimensions 50", "22t" = "--competition 3 --problem 21 --dimensions 50", "23t" = "--competition 3 --problem 22 --dimensions 50", "24t" = "--competition 3 --problem 23 --dimensions 50", "25t" = "--competition 3 --problem 24 --dimensions 50", "26t" = "--competition 3 --problem 25 --dimensions 50", "27t" = "--competition 3 --problem 26 --dimensions 50", "28t" = "--competition 3 --problem 27 --dimensions 50", "29t" = "--competition 3 --problem 28 --dimensions 50", "30t" = "--competition 3 --problem 29 --dimensions 50", "31t" = "--competition 3 --problem 30 --dimensions 50", "32t" = "--competition 3 --problem 31 --dimensions 50", "33t" = "--competition 3 --problem 32 --dimensions 50", "34t" = "--competition 3 --problem 33 --dimensions 50", "35t" = "--competition 3 --problem 34 --dimensions 50", "36t" = "--competition 3 --problem 35 --dimensions 50", "37t" = "--competition 3 --problem 36 --dimensions 50", "38t" = "--competition 3 --problem 37 --dimensions 50", "39t" = "--competition 3 --problem 38 --dimensions 50", "40t" = "--competition 3 --problem 39 --dimensions 50", "41t" = "--competition 3 --problem 40 --dimensions 50", "42t" = "--competition 3 --problem 41 --dimensions 50", "43t" = "--competition 3 --problem 42 --dimensions 50", "44t" = "--competition 3 --problem 43 --dimensions 50", "45t" = "--competition 3 --problem 44 --dimensions 50", "46t" = "--competition 3 --problem 45 --dimensions 50", "47t" = "--competition 3 --problem 46 --dimensions 50", "48t" = "--competition 3 --problem 47 --dimensions 50", "49t" = "--competition 3 --problem 48 --dimensions 50", "50t" = "--competition 3 --problem 49 --dimensions 50")
testNbElites = 1L
testIterationElites = FALSE
testType = "friedman"
firstTest = 5L
blockSize = 1L
eachTest = 1L
targetRunner = "/home/pestobar/Activities/irace-test-executions/PSO-X/Scenarios/Elites-3/Runs/Elites-3_seed_2000419/target-runner"
targetRunnerLauncher = ""
targetCmdline = "{configurationID} {instanceID} {seed} {instance} {bound} {targetRunnerArgs}"
targetRunnerRetries = 0L
targetRunnerTimeout = 0L
targetRunnerData = ""
targetRunnerParallel = NULL
targetEvaluator = NULL
deterministic = FALSE
maxExperiments = 5500L
minExperiments = NA_character_
maxTime = 0L
budgetEstimation = 0.05
minMeasurableTime = 0.01
parallel = 10L
loadBalancing = TRUE
mpi = FALSE
batchmode = "0"
quiet = FALSE
debugLevel = 0L
seed = 2000419L
softRestart = TRUE
softRestartThreshold = 1e-04
elitist = TRUE
elitistNewInstances = 1L
elitistLimit = 2L
repairConfiguration = NULL
capping = FALSE
cappingAfterFirstTest = FALSE
cappingType = "median"
boundType = "candidate"
boundMax = NULL
boundDigits = 0L
boundPar = 1L
boundAsTimeout = TRUE
postselection = TRUE
aclib = FALSE
nbIterations = 0L
nbExperimentsPerIteration = 0L
minNbSurvival = 0L
nbConfigurations = 0L
mu = 5L
confidence = 0.95
## end of irace scenario
# 2025-12-19 04:20:35 -03: Read 80 configuration(s) from file 'configurations.txt'
# 2025-12-19 04:20:36 -03: Testing configurations (in the order given as input): 
   particles topology modInfluence branching tSchedule phi1 phi2 inertia
1         21        4            0        NA        NA 1.89 2.36    0.38
2        134        4            0        NA        NA 2.09 2.30    0.53
3          9        1            0        NA        NA 1.54 2.48    0.26
4        142        4            0        NA        NA 1.27 2.48    0.50
5         67        4            0        NA        NA 1.58 2.49    0.41
6         66        1            1        NA        NA 2.05 1.48    0.59
7         90        4            0        NA        NA 1.94 2.40    0.65
8        162        4            2        NA        NA 0.44 2.37    0.81
9         85        4            0        NA        NA 2.15 2.28    0.55
10        45        4            0        NA        NA 1.79 2.42    0.50
11        82        4            0        NA        NA 1.24 2.44    0.35
12       106        4            0        NA        NA 1.91 2.36    0.46
13        77        4            0        NA        NA 1.28 2.47    0.42
14        57        4            0        NA        NA 0.59 2.22    0.56
15        20        0            1        NA        NA 2.46 2.08    0.31
16       108        4            0        NA        NA 2.14 2.28    0.67
17       142        4            0        NA        NA 2.03 2.45    0.37
18       101        4            0        NA        NA 2.28 2.16    0.50
19         6        5            0        NA         6 2.43 2.33    0.21
20        18        0            1        NA        NA 1.86 2.30    0.24
21       149        4            0        NA        NA 1.24 2.43    0.40
22        77        4            0        NA        NA 2.05 2.34    0.44
23        20        0            1        NA        NA 1.84 2.22    0.29
24       144        4            0        NA        NA 1.96 2.47    0.60
25        93        4            0        NA        NA 1.42 2.44    0.49
26        50        1            1        NA        NA 2.16 1.78    0.58
27        67        4            0        NA        NA 2.44 2.38    0.56
28        75        4            0        NA        NA 1.87 2.34    0.55
29       165        4            0        NA        NA 2.45 2.44    0.37
30        68        4            0        NA        NA 1.89 2.34    0.69
31        92        4            0        NA        NA 1.30 2.43    0.41
32        16        4            0        NA        NA 1.09 2.06    0.33
33        80        4            0        NA        NA 1.65 2.50    0.27
34        11        4            0        NA        NA 1.41 2.38    0.48
35        37        1            1        NA        NA 2.40 1.94    0.24
36       134        4            0        NA        NA 2.01 2.42    0.53
37       102        4            0        NA        NA 2.17 2.48    0.43
38       110        4            0        NA        NA 2.13 2.41    0.56
39       179        5            0        NA         6 0.86 2.44    0.29
40        21        0            1        NA        NA 2.25 2.32    0.22
41        38        4            0        NA        NA 2.21 1.60    0.53
42       150        4            0        NA        NA 1.95 2.33    0.58
43         4        4            2        NA        NA 1.77 2.47    0.41
44       105        4            0        NA        NA 0.43 2.38    0.25
45        75        4            0        NA        NA 2.17 2.11    0.61
46       115        1            1        NA        NA 2.36 2.43    0.66
47       115        4            0        NA        NA 2.26 2.13    0.74
48        83        4            0        NA        NA 2.38 2.39    0.11
49        38        4            0        NA        NA 2.46 1.83    0.67
50        83        4            0        NA        NA 1.42 2.41    0.70
51        79        4            0        NA        NA 1.02 2.39    0.45
52        83        4            0        NA        NA 2.35 2.47    0.44
53        25        1            0        NA        NA 1.69 2.28    0.33
54        89        4            2        NA        NA 2.41 2.46    0.72
55        25        1            2        NA        NA 2.11 2.38    0.30
56       103        4            0        NA        NA 0.96 2.24    0.45
57        84        4            0        NA        NA 2.11 2.48    0.32
58       103        4            0        NA        NA 0.50 2.49    0.48
59        28        0            0        NA        NA 1.99 1.81    0.13
60        22        1            1        NA        NA 2.31 2.37    0.25
61        48        1            0        NA        NA 1.53 2.12    0.18
62        85        4            0        NA        NA 2.11 2.33    0.54
63       104        4            0        NA        NA 2.27 2.39    0.41
64       107        4            0        NA        NA 0.30 2.33    0.20
65       129        4            0        NA        NA 1.28 2.45    0.40
66        68        1            2        NA        NA 0.38 2.48    0.53
67        62        1            0        NA        NA 1.72 2.22    0.69
68        69        4            2        NA        NA 0.21 2.15    0.81
69        98        0            0        NA        NA 1.95 2.00    0.67
70       117        4            0        NA        NA 1.52 2.26    0.52
71        68        4            0        NA        NA 0.99 2.49    0.28
72        34        4            0        NA        NA 2.31 2.40    0.33
73       107        4            0        NA        NA 2.02 2.32    0.19
74       163        4            2        NA        NA 1.30 2.44    0.68
75        84        4            0        NA        NA 1.29 2.49    0.24
76        90        4            0        NA        NA 1.66 2.30    0.57
77        84        4            0        NA        NA 0.78 2.24    0.29
78       135        4            0        NA        NA 1.32 2.29    0.57
79       102        0            0        NA        NA 1.96 2.40    0.23
80       200        4            2        NA        NA 2.48 2.31    0.64
# 2025-12-19 06:38:08 -03: Testing results (column number is configuration ID in no particular order):
         seeds            1            2            3            4            5
1t  1413312261 7.851249e-01 1.372351e+00 8.423713e-01 1.328089e+00 1.004753e+00
2t   393323962 3.032096e+06 1.938283e+07 3.678550e+06 1.220226e+07 7.518839e+06
3t   949682776 1.517219e+06 2.459630e+06 1.119881e+06 2.806876e+06 1.744460e+06
4t   661712807 1.304573e+05 1.105091e+05 9.525507e+04 1.128454e+05 1.006529e+05
5t  1400503070 1.939670e+01 1.971258e+01 2.152740e+01 2.071040e+01 3.403584e+01
6t  1775932981 5.429759e+00 3.043447e+02 4.843684e+00 4.657466e+02 6.612045e+01
7t  2129510109 3.661603e+03 4.675012e+03 1.240953e+04 4.124377e+03 3.728438e+03
8t    49807478 5.484405e+00 6.460812e+00 5.219982e+00 6.971719e+00 5.780212e+00
9t   293273516 2.686078e+02 2.616856e+02 3.396338e+02 2.734591e+02 2.942665e+02
10t 1510869784 2.298205e+01 2.823391e+01 2.508470e+01 3.203887e+01 2.776740e+01
11t 1546546940 2.684011e+02 2.552866e+02 3.178208e+02 2.683796e+02 2.689260e+02
12t  224127246 1.506518e+04 2.754512e+02 5.808199e+03 4.651117e+02 2.618938e+02
13t 1508672870 1.881131e+01 1.686062e+00 2.012193e+01 1.688984e+00 1.438811e+00
14t  856248284 2.100705e+01 2.104076e+01 2.096101e+01 2.094669e+01 2.096864e+01
15t 1923466317 1.420527e+02 2.264618e+02 1.320182e+02 2.730439e+02 1.704114e+02
16t 1248234061 4.870274e+01 4.932469e+01 4.708127e+01 4.914125e+01 4.801608e+01
17t  874327018 6.634085e-02 2.546190e-01 1.715220e-01 5.182443e-01 3.344601e-01
18t  872530217 8.914942e-01 9.741666e-01 8.681645e-01 9.807125e-01 9.000034e-01
19t  460346896 5.721167e+02 5.003378e+02 5.660685e+02 4.065967e+02 4.379634e+02
20t 1052625604 4.535283e+02 2.730095e+02 4.843510e+02 2.433866e+02 3.054330e+02
21t 2071573857 2.909061e+04 2.790874e+04 2.846106e+04 2.753186e+04 2.835683e+04
22t 1061195633 2.968312e+04 2.915924e+04 2.900929e+04 2.677395e+04 2.913601e+04
23t 2019504529 6.087689e+01 5.361692e+01 6.338325e+01 4.937314e+01 5.326562e+01
24t  325793027 7.310828e-01 8.706963e-01 7.586058e-01 6.683831e-01 6.012640e-01
25t 1028826467 8.018100e-01 5.133370e-01 8.030980e-01 4.068577e-01 7.346112e-01
26t  549602430 2.913304e-01 3.166640e-01 2.681106e-01 3.256065e-01 3.290693e-01
27t 1156222889 1.376498e+02 7.405318e+01 1.091104e+02 7.180044e+01 9.670645e+01
28t 1953554446 2.664645e+02 2.451176e+02 1.960128e+02 2.394686e+02 2.297970e+02
29t 1911726756 3.586485e+02 2.702301e+02 4.812748e+02 3.369099e+02 3.163208e+02
30t 1782233413 1.584872e+01 1.117926e+01 1.103645e+01 1.137707e+01 1.243565e+01
31t  353098897 2.391575e+02 1.802792e+02 2.483475e+02 1.379176e+02 2.040528e+02
32t  850552090 8.762729e+02 6.762910e+02 7.492619e+02 6.374206e+02 4.226005e+02
33t  565011270 1.150449e+02 1.105002e+02 1.229481e+02 9.752711e+01 9.250726e+01
34t 1204291721 3.452216e+01 2.805848e+01 3.064157e+01 2.540137e+01 2.533635e+01
35t  988354010 1.328430e+04 1.250576e+04 1.352940e+04 1.254865e+04 1.276127e+04
36t  767427935 1.825601e+05 2.274204e+05 1.975104e+05 2.283779e+05 1.817942e+05
37t  513177646 5.863879e+01 6.060779e+01 5.815344e+01 5.767667e+01 5.927166e+01
38t  941988888 2.440791e+05 2.700583e+05 3.667161e+05 2.642806e+05 2.353186e+05
39t  929022802 7.116677e+00 5.821849e+00 6.481084e+00 7.504679e+00 5.370128e+00
40t 1934262948 7.929993e+01 4.366454e+01 5.389034e+01 4.236054e+01 6.160156e+01
41t 2026020134 6.916538e+02 4.500494e+02 7.632293e+02 4.484814e+02 4.483359e+02
42t  551134384 3.284216e+02 2.985986e+02 3.654227e+02 3.153629e+02 2.757456e+02
43t   71981651 3.709009e+02 3.651943e+02 3.995774e+02 3.670391e+02 2.990847e+02
44t 2019922883 9.315540e+02 9.326941e+02 9.446070e+02 9.217093e+02 9.302323e+02
45t  220110790 9.323315e+02 9.314977e+02 9.316421e+02 9.330759e+02 9.473539e+02
46t   53296711 9.337087e+02 9.314538e+02 9.867200e+02 9.294382e+02 9.355505e+02
47t 1624554215 5.361356e+02 5.593365e+02 1.199296e+03 1.026245e+03 5.422780e+02
48t 2023331551 1.091994e+03 9.482199e+02 1.177799e+03 9.719484e+02 9.597634e+02
49t 1757788527 1.029552e+03 5.785211e+02 5.479673e+02 1.028277e+03 5.658997e+02
50t  217583867 1.189965e+03 1.161451e+03 1.043587e+03 1.229247e+03 1.218350e+03
               6            7            8            9           10
1t  1.402180e+00 2.017821e+00 3.430837e+00 1.494654e+00 1.233946e+00
2t  6.063831e+06 1.342661e+07 7.793121e+06 1.578001e+07 5.737689e+06
3t  2.170584e+06 2.824981e+06 5.598715e+06 2.381526e+06 2.038541e+06
4t  1.235093e+05 1.032020e+05 1.067980e+05 1.186263e+05 1.225256e+05
5t  5.695113e+01 6.488805e+00 5.719997e+00 8.389362e+00 3.685250e+01
6t  1.621932e+02 3.108387e+02 2.563330e+02 2.041422e+02 2.155966e+01
7t  7.616012e+03 3.132840e+03 3.819813e+03 3.134099e+03 5.359739e+03
8t  6.273503e+00 7.439649e+00 1.012552e+01 6.489897e+00 5.845942e+00
9t  3.619851e+02 2.435500e+02 1.715860e+02 2.805332e+02 3.040372e+02
10t 2.957404e+01 3.273233e+01 3.905456e+01 3.053758e+01 2.729378e+01
11t 3.648526e+02 1.934211e+02 6.323362e+01 2.651597e+02 2.750358e+02
12t 2.942424e+04 2.320168e+02 3.499187e+03 2.070647e+02 3.552924e+02
13t 2.035795e+01 1.895379e+00 2.315962e+00 1.641856e+00 1.496639e+00
14t 2.112443e+01 2.113120e+01 2.117882e+01 2.113500e+01 2.097651e+01
15t 1.847509e+02 4.602065e+03 4.294070e+02 2.124678e+02 1.775708e+02
16t 4.923250e+01 4.843280e+01 4.842252e+01 4.730333e+01 4.775087e+01
17t 4.292934e+02 2.468189e-01 1.102827e-01 7.783649e-01 2.155567e-01
18t 9.277389e-01 1.021859e+00 1.047886e+00 9.636343e-01 8.855294e-01
19t 1.561766e+03 3.540772e+02 3.846852e+02 4.735841e+02 4.668144e+02
20t 7.155550e+02 2.321169e+02 2.358509e+02 3.047166e+02 2.766681e+02
21t 3.545742e+04 2.740815e+04 3.041888e+04 2.753351e+04 2.836756e+04
22t 3.503745e+04 2.837611e+04 3.394525e+04 2.891101e+04 2.939155e+04
23t 6.820836e+01 4.652214e+01 3.956358e+01 4.455835e+01 4.735138e+01
24t 3.702918e+00 6.472471e-01 3.399548e+00 9.442538e-01 7.757427e-01
25t 5.972370e-01 5.216701e-01 3.990652e-01 5.171366e-01 6.152325e-01
26t 2.813402e-01 3.550963e-01 3.409641e-01 3.158511e-01 3.100870e-01
27t 5.472986e+01 1.026357e+02 5.645317e+01 7.888644e+01 1.042959e+02
28t 1.822804e+02 2.827667e+02 3.298527e+02 2.458059e+02 2.212592e+02
29t 4.839460e+02 2.525027e+02 2.758976e+02 2.975942e+02 2.380598e+02
30t 1.446686e+01 1.185673e+01 1.696305e+01 1.088652e+01 1.242089e+01
31t 9.135863e+01 1.524496e+02 8.000955e+01 1.195788e+02 2.252884e+02
32t 3.393212e+02 3.011053e+02 2.898057e+02 4.227304e+02 4.067820e+02
33t 1.298305e+02 9.822740e+01 1.108134e+02 1.042441e+02 1.082870e+02
34t 3.275042e+01 2.995523e+01 3.369229e+01 2.476584e+01 2.419413e+01
35t 1.385512e+04 1.251218e+04 1.256249e+04 1.270787e+04 1.275873e+04
36t 1.534723e+05 2.826678e+05 4.481173e+05 2.165720e+05 2.694838e+05
37t 6.280576e+01 6.174636e+01 5.715727e+01 6.299511e+01 5.469604e+01
38t 1.466054e+05 2.388005e+05 2.027185e+05 2.419597e+05 2.690175e+05
39t 5.549447e+00 5.824518e+00 5.625524e+00 5.077394e+00 5.077514e+00
40t 8.420439e+02 2.649103e+01 2.337620e+01 3.122628e+01 6.354657e+01
41t 4.489653e+02 4.510823e+02 4.578169e+02 4.492160e+02 4.483869e+02
42t 3.551788e+02 2.795522e+02 2.632280e+02 2.949327e+02 2.841873e+02
43t 4.005066e+02 2.921327e+02 2.928746e+02 2.902065e+02 3.480449e+02
44t 9.512361e+02 9.244348e+02 9.332735e+02 9.332019e+02 9.531663e+02
45t 9.438221e+02 9.220918e+02 9.314654e+02 9.328463e+02 9.835869e+02
46t 9.463356e+02 9.270098e+02 9.258906e+02 9.288851e+02 9.305495e+02
47t 1.196740e+03 1.024705e+03 6.047580e+02 5.476993e+02 1.194747e+03
48t 1.204581e+03 9.373432e+02 9.231900e+02 9.255945e+02 1.028839e+03
49t 5.730557e+02 1.020187e+03 6.289007e+02 1.019229e+03 1.018395e+03
50t 1.287624e+03 1.131379e+03 1.158985e+03 1.149762e+03 1.160462e+03
              11           12           13           14           15
1t  1.106946e+00 1.297036e+00 1.207883e+00 2.121777e+00 5.465216e-01
2t  6.950004e+06 7.782632e+06 6.380394e+06 1.280823e+07 2.116622e+06
3t  1.599181e+06 1.904328e+06 1.887723e+06 3.067612e+06 9.259378e+05
4t  1.010893e+05 1.256908e+05 9.471675e+04 7.041773e+04 2.123207e+05
5t  3.253902e+01 1.787350e+01 2.903467e+01 1.411632e+01 4.223948e+01
6t  1.307259e+02 3.224954e+02 6.283640e+01 3.522086e+01 3.614212e+00
7t  3.749260e+03 5.098464e+03 7.890658e+03 3.712407e+03 3.133180e+04
8t  5.790980e+00 6.089959e+00 6.120137e+00 7.975249e+00 4.341849e+00
9t  3.025247e+02 2.489922e+02 2.414044e+02 2.668588e+02 4.140059e+02
10t 2.784783e+01 2.529029e+01 2.757323e+01 3.254171e+01 1.973984e+01
11t 2.722120e+02 2.921925e+02 2.718519e+02 2.868294e+02 2.955268e+02
12t 7.251674e+03 4.083140e+02 3.684277e+02 2.687692e+02 1.540879e+04
13t 1.472016e+00 1.484493e+00 1.525247e+00 1.988856e+00 1.985900e+01
14t 2.087838e+01 2.110717e+01 2.099400e+01 2.111854e+01 2.120429e+01
15t 3.090261e+03 1.777402e+02 5.532383e+02 2.693038e+02 1.090474e+02
16t 1.028649e+02 4.903973e+01 4.928840e+01 4.929592e+01 4.923468e+01
17t 2.034415e-01 1.228091e-01 1.887839e-01 8.075100e-02 1.645543e+02
18t 9.152799e-01 9.540287e-01 8.766403e-01 1.006335e+00 6.577639e-01
19t 5.190703e+02 5.203282e+02 5.674967e+02 3.733126e+02 5.679734e+03
20t 3.336242e+02 3.256134e+02 3.622814e+02 3.501032e+02 4.909862e+02
21t 2.798610e+04 2.769583e+04 2.816910e+04 2.755575e+04 3.671294e+04
22t 2.876379e+04 2.986190e+04 2.838203e+04 2.858063e+04 3.818344e+04
23t 5.660182e+01 5.314585e+01 5.097959e+01 5.070806e+01 8.378808e+01
24t 5.071667e-01 8.066025e-01 6.579428e-01 5.285452e-01 3.892228e+00
25t 5.256651e-01 5.826786e-01 6.013203e-01 5.633493e-01 6.484101e-01
26t 4.206098e-01 3.301903e-01 2.915083e-01 2.842896e-01 2.398615e-01
27t 1.072924e+02 8.044234e+01 1.030730e+02 9.061925e+01 6.055655e+01
28t 2.229636e+02 2.232285e+02 2.300513e+02 2.862396e+02 1.389812e+02
29t 3.751776e+02 3.488502e+02 2.634133e+02 3.045078e+02 4.648038e+02
30t 1.148083e+01 1.060400e+01 1.056937e+01 1.384681e+01 1.443542e+01
31t 1.657158e+02 1.594687e+02 1.506877e+02 1.967470e+02 1.172138e+02
32t 4.304996e+02 3.707896e+02 3.128157e+02 3.865882e+02 4.549140e+02
33t 1.109310e+02 1.103625e+02 1.069342e+02 9.696178e+01 1.509891e+02
34t 2.424837e+01 2.743083e+01 2.602434e+01 2.847093e+01 2.624090e+01
35t 1.273006e+04 1.254647e+04 1.251534e+04 1.266480e+04 1.842223e+04
36t 1.579303e+05 1.783813e+05 1.998401e+05 2.154558e+05 1.130223e+05
37t 5.711160e+01 6.109820e+01 5.927006e+01 6.213158e+01 5.715353e+01
38t 2.283073e+05 2.598894e+05 2.489363e+05 3.264971e+05 1.581059e+05
39t 5.594715e+00 5.955547e+00 4.947549e+00 5.627379e+00 4.737037e+00
40t 7.718953e+01 1.028102e+02 5.718652e+01 1.838492e+01 7.830735e+02
41t 4.482244e+02 4.485800e+02 4.482248e+02 4.514701e+02 8.920448e+02
42t 3.285745e+02 3.346551e+02 3.295609e+02 2.909364e+02 4.262461e+02
43t 3.562475e+02 3.240398e+02 3.014769e+02 3.121435e+02 4.668414e+02
44t 9.360218e+02 9.382617e+02 9.248616e+02 9.324101e+02 9.238844e+02
45t 9.324688e+02 9.209891e+02 9.290224e+02 9.235062e+02 9.259176e+02
46t 9.295788e+02 9.284569e+02 9.287701e+02 9.260367e+02 9.256418e+02
47t 5.411984e+02 9.065482e+02 1.019469e+03 1.026261e+03 1.237847e+03
48t 9.848488e+02 9.860575e+02 1.027202e+03 9.744285e+02 1.390779e+03
49t 1.025218e+03 1.026167e+03 1.025017e+03 1.036254e+03 1.252127e+03
50t 1.236546e+03 1.175384e+03 1.165586e+03 1.074493e+03 1.379788e+03
              16           17           18           19           20
1t  2.204799e+00 1.141671e+00 1.320915e+00 6.976482e-01 6.317761e-01
2t  1.864316e+07 1.784281e+07 1.274316e+07 1.769198e+06 2.041972e+06
3t  3.341209e+06 1.793310e+06 2.124657e+06 1.230949e+06 8.374936e+05
4t  1.019391e+05 1.174325e+05 1.312091e+05 1.051902e+05 2.239871e+05
5t  4.887016e+00 3.632655e+01 1.833780e+01 4.870642e+00 3.903033e+01
6t  2.604981e+02 6.001291e+02 3.075733e+02 2.713811e+00 2.694099e+00
7t  3.306745e+03 4.670230e+03 3.753066e+03 6.871013e+03 2.468854e+04
8t  7.630204e+00 5.423865e+00 5.501108e+00 1.599754e+02 1.235961e+02
9t  2.364076e+02 2.854250e+02 2.772890e+02 4.060236e+02 4.332498e+02
10t 3.480208e+01 2.611758e+01 2.520237e+01 2.291444e+01 1.824131e+01
11t 1.960115e+02 2.529680e+02 2.368899e+02 3.369653e+02 3.973680e+02
12t 2.650585e+02 1.076166e+04 6.278718e+02 2.099315e+03 1.328732e+04
13t 1.995883e+00 1.428232e+00 1.567811e+00 2.024980e+01 1.999106e+01
14t 2.119152e+01 2.106087e+01 2.107809e+01 2.117180e+01 2.113949e+01
15t 6.133668e+02 1.783736e+02 5.517423e+02 1.246705e+02 1.024776e+02
16t 4.815696e+01 4.725867e+01 4.593731e+01 4.908759e+01 4.923299e+01
17t 5.860729e-01 1.135620e+00 8.939861e-02 1.331963e-01 2.178767e+02
18t 1.017444e+00 8.407430e-01 9.665823e-01 7.958459e-01 6.513132e-01
19t 3.990545e+02 5.113481e+02 4.842435e+02 7.816416e+02 5.910065e+03
20t 2.371531e+02 3.274736e+02 3.730539e+02 5.179840e+02 5.248292e+02
21t 2.724664e+04 2.757523e+04 2.841591e+04 2.963629e+04 3.708576e+04
22t 2.817418e+04 2.844865e+04 2.801942e+04 2.883738e+04 3.815542e+04
23t 3.697049e+01 5.249671e+01 5.322645e+01 6.618112e+01 8.510026e+01
24t 7.866191e-01 6.559041e-01 6.017991e-01 1.261538e+00 5.876888e+00
25t 5.633107e-01 5.077592e-01 6.098660e-01 8.264282e-01 6.481565e-01
26t 3.546895e-01 3.737477e-01 2.909881e-01 2.796060e-01 2.306679e-01
27t 8.153801e+01 7.458114e+01 7.406627e+01 1.321252e+02 7.969029e+01
28t 2.661590e+02 2.166043e+02 2.310194e+02 2.048346e+02 1.317049e+02
29t 2.791808e+02 3.418701e+02 3.423251e+02 5.215447e+02 4.893422e+02
30t 1.334729e+01 1.431554e+01 1.042487e+01 2.254693e+01 1.487836e+01
31t 1.795844e+02 1.384917e+02 1.623388e+02 2.723496e+02 1.063247e+02
32t 3.861352e+02 4.618470e+02 3.252208e+02 7.424424e+02 4.120180e+02
33t 1.097177e+02 1.105647e+02 1.067237e+02 2.495938e+02 1.806916e+02
34t 3.038500e+01 2.209258e+01 2.453287e+01 3.366843e+01 2.655953e+01
35t 1.258534e+04 1.266072e+04 1.238646e+04 1.435720e+04 1.842934e+04
36t 2.626744e+05 1.622223e+05 2.142362e+05 1.376213e+05 1.103917e+05
37t 6.004652e+01 5.932788e+01 6.027563e+01 6.052627e+01 6.375672e+01
38t 2.590315e+05 2.060064e+05 2.498838e+05 3.308524e+05 1.887243e+05
39t 6.396932e+00 7.051473e+00 5.621500e+00 6.149227e+00 5.546037e+00
40t 2.812525e+01 8.849571e+01 7.289671e+01 6.422003e+01 7.475145e+02
41t 4.517055e+02 4.483942e+02 4.493612e+02 5.459033e+02 9.295111e+02
42t 2.947788e+02 3.442102e+02 3.310113e+02 4.355519e+02 4.257471e+02
43t 3.125918e+02 4.196675e+02 3.425131e+02 5.429000e+02 4.335367e+02
44t 9.273303e+02 9.353603e+02 9.342698e+02 9.413328e+02 9.251134e+02
45t 9.243237e+02 9.404290e+02 9.368574e+02 1.201174e+03 9.254705e+02
46t 9.269536e+02 9.334215e+02 9.327389e+02 9.320370e+02 9.257364e+02
47t 1.018566e+03 1.024533e+03 1.028590e+03 1.196319e+03 1.209439e+03
48t 9.432094e+02 9.776970e+02 1.008415e+03 1.372822e+03 1.380407e+03
49t 1.020673e+03 1.028274e+03 1.021196e+03 1.196001e+03 1.239037e+03
50t 1.211947e+03 1.231270e+03 1.208287e+03 1.314781e+03 1.345807e+03
              21           22           23           24           25
1t  1.369986e+00 1.160041e+00 5.230936e-01 1.867657e+00 1.278755e+00
2t  1.711902e+07 9.511437e+06 2.328049e+06 1.990371e+07 7.434497e+06
3t  2.482407e+06 1.719001e+06 9.262834e+05 3.191424e+06 2.419021e+06
4t  1.253638e+05 1.181441e+05 2.091269e+05 1.085912e+05 1.087145e+05
5t  2.585101e+01 3.452991e+01 4.233963e+01 6.164386e+00 3.699381e+01
6t  4.774764e+02 8.841131e+01 3.467348e+00 6.361834e+02 2.552164e+02
7t  3.867648e+03 5.405701e+03 2.930066e+04 3.273597e+03 3.512456e+03
8t  5.913102e+00 6.040512e+00 4.399264e+00 7.546366e+00 6.249967e+00
9t  2.839053e+02 2.520007e+02 4.181310e+02 2.225234e+02 2.675034e+02
10t 2.990198e+01 2.535613e+01 1.981305e+01 3.128267e+01 3.023895e+01
11t 2.708485e+02 2.922344e+02 3.848462e+02 2.352783e+02 2.541584e+02
12t 3.793619e+02 1.069851e+04 1.511719e+04 2.716978e+02 2.826416e+02
13t 1.580531e+00 1.354417e+00 1.990740e+01 1.834581e+00 1.540522e+00
14t 2.092546e+01 2.098952e+01 2.115051e+01 2.117881e+01 2.108523e+01
15t 3.933950e+02 5.555723e+02 1.042976e+02 3.069571e+02 3.278571e+02
16t 4.910195e+01 4.775086e+01 4.920140e+01 4.963990e+01 6.125259e+01
17t 1.423535e-01 7.199327e-02 2.734731e+02 7.522805e-01 2.463513e-01
18t 9.757059e-01 9.234888e-01 6.255256e-01 9.947086e-01 9.379388e-01
19t 4.557052e+02 4.731459e+02 5.668912e+03 4.414684e+02 4.443137e+02
20t 3.547353e+02 3.285986e+02 4.830144e+02 2.178821e+02 3.018251e+02
21t 2.794660e+04 2.764759e+04 3.763787e+04 2.677727e+04 2.810639e+04
22t 2.911233e+04 2.985593e+04 3.670285e+04 2.892609e+04 2.972438e+04
23t 5.709829e+01 5.892775e+01 8.506169e+01 4.795042e+01 5.052705e+01
24t 8.296104e-01 9.060073e-01 1.473211e+00 9.991867e-01 9.007721e-01
25t 6.046367e-01 5.314626e-01 6.208808e-01 6.542579e-01 6.596608e-01
26t 3.097786e-01 3.430743e-01 2.334889e-01 3.284348e-01 3.264606e-01
27t 7.220571e+01 1.062982e+02 6.214977e+01 6.350621e+01 9.247647e+01
28t 2.248171e+02 2.352250e+02 1.392631e+02 2.567687e+02 2.671442e+02
29t 3.210683e+02 3.299071e+02 4.541099e+02 2.651795e+02 2.888783e+02
30t 1.175663e+01 1.310122e+01 2.538347e+01 1.230879e+01 1.059103e+01
31t 1.646215e+02 1.881327e+02 1.081873e+02 1.661610e+02 1.798875e+02
32t 3.222893e+02 3.244414e+02 4.385922e+02 3.937317e+02 5.028610e+02
33t 1.014930e+02 9.837173e+01 1.622481e+02 1.056447e+02 1.124070e+02
34t 2.553845e+01 2.203947e+01 2.697673e+01 2.793904e+01 2.617934e+01
35t 1.254257e+04 1.257893e+04 1.849752e+04 1.254932e+04 1.247276e+04
36t 2.127719e+05 1.845322e+05 1.085524e+05 2.180086e+05 1.757124e+05
37t 5.750803e+01 5.943043e+01 5.579676e+01 6.135573e+01 5.889817e+01
38t 2.515710e+05 2.388244e+05 1.571527e+05 2.239525e+05 2.587243e+05
39t 6.220777e+00 5.299753e+00 5.554320e+00 5.740821e+00 6.283019e+00
40t 7.149644e+01 8.146704e+01 7.997746e+02 3.343279e+01 4.219413e+01
41t 4.485503e+02 4.471479e+02 8.983954e+02 4.505267e+02 4.499440e+02
42t 2.491554e+02 3.035542e+02 4.262559e+02 2.672405e+02 3.099949e+02
43t 3.487980e+02 3.628791e+02 4.660958e+02 3.496903e+02 3.722067e+02
44t 9.330905e+02 9.361240e+02 9.243688e+02 9.316317e+02 9.260712e+02
45t 9.350361e+02 9.347757e+02 9.242551e+02 9.217328e+02 9.349278e+02
46t 9.239213e+02 9.343240e+02 9.197691e+02 9.270505e+02 9.301348e+02
47t 1.038052e+03 5.458680e+02 1.211388e+03 1.023328e+03 1.029038e+03
48t 9.761085e+02 1.039367e+03 1.407863e+03 9.343991e+02 9.923454e+02
49t 5.648525e+02 5.635557e+02 1.283436e+03 1.019791e+03 1.024319e+03
50t 1.229912e+03 1.234325e+03 1.370188e+03 1.121787e+03 1.231764e+03
              26           27           28           29           30
1t  1.127473e+00 1.347292e+00 1.500475e+00 1.133345e+00 1.994022e+00
2t  4.365097e+06 1.694270e+07 7.022531e+06 1.908303e+07 1.425878e+07
3t  1.796113e+06 2.342333e+06 2.201813e+06 2.286730e+06 3.029498e+06
4t  1.479255e+05 9.770188e+04 9.824705e+04 1.320050e+05 1.170746e+05
5t  5.414729e+01 1.659929e+01 1.189319e+01 2.649804e+01 7.543544e-01
6t  7.044616e+01 1.162041e+02 1.347871e+02 5.826251e+02 1.150777e+02
7t  7.306755e+03 3.062205e+03 4.490646e+03 5.761625e+03 1.785861e+03
8t  6.014376e+00 6.497917e+00 6.863767e+00 5.313722e+00 7.146391e+00
9t  3.433861e+02 2.883493e+02 2.804582e+02 2.822236e+02 2.204720e+02
10t 2.634578e+01 2.923187e+01 2.879860e+01 2.807979e+01 3.701826e+01
11t 3.545566e+02 2.533527e+02 2.809629e+02 2.636674e+02 1.955181e+02
12t 2.819698e+04 2.284673e+02 2.165178e+02 9.572235e+02 2.040043e+02
13t 2.038375e+01 1.422968e+00 1.609440e+00 1.427425e+00 1.827701e+00
14t 2.121670e+01 2.114498e+01 2.107508e+01 2.103048e+01 2.107001e+01
15t 1.655293e+02 3.843555e+02 4.648709e+02 4.663252e+02 3.363705e+02
16t 4.928117e+01 4.762881e+01 4.826168e+01 4.862765e+01 4.848037e+01
17t 2.908129e+02 8.917319e-02 4.730019e-01 2.453426e+00 1.699581e-01
18t 9.494570e-01 9.696650e-01 9.782542e-01 8.940685e-01 1.018492e+00
19t 1.619962e+03 4.640531e+02 5.220961e+02 5.558458e+02 4.013287e+02
20t 6.931962e+02 3.176342e+02 3.242351e+02 3.254947e+02 1.795703e+02
21t 3.576754e+04 2.748326e+04 2.739511e+04 2.812330e+04 2.848686e+04
22t 3.491295e+04 2.890898e+04 2.921322e+04 2.760923e+04 2.884938e+04
23t 6.678377e+01 4.430224e+01 5.319261e+01 4.273006e+01 3.454654e+01
24t 3.892748e+00 6.668064e-01 6.691176e-01 8.504277e-01 8.256528e-01
25t 5.963805e-01 5.924883e-01 5.267254e-01 6.080653e-01 5.196225e-01
26t 2.755080e-01 3.565083e-01 2.857935e-01 3.429610e-01 3.277982e-01
27t 5.476684e+01 9.000778e+01 9.397624e+01 7.576150e+01 1.035719e+02
28t 1.778560e+02 3.847383e+02 2.509205e+02 2.138569e+02 2.651571e+02
29t 4.185851e+02 3.530505e+02 3.237402e+02 3.524722e+02 2.822518e+02
30t 1.416073e+01 1.222326e+01 1.067969e+01 1.359482e+01 1.264278e+01
31t 1.110683e+02 1.598561e+02 1.851647e+02 1.425701e+02 1.649396e+02
32t 4.174193e+02 6.378887e+02 3.459753e+02 2.747867e+02 5.020802e+02
33t 1.215109e+02 1.123550e+02 1.181536e+02 1.033889e+02 1.163049e+02
34t 2.685399e+01 2.614991e+01 2.776066e+01 2.446810e+01 3.094509e+01
35t 1.392843e+04 1.266879e+04 1.262691e+04 1.269639e+04 1.274771e+04
36t 1.385551e+05 2.688467e+05 1.976103e+05 1.820781e+05 3.121050e+05
37t 6.375405e+01 6.029634e+01 6.079767e+01 5.959352e+01 6.111700e+01
38t 1.657847e+05 3.022904e+05 2.365767e+05 2.731122e+05 3.099607e+05
39t 5.230743e+00 5.826664e+00 5.573141e+00 5.407255e+00 6.751600e+00
40t 7.076112e+02 3.763980e+01 4.565365e+01 8.677979e+01 2.294849e+01
41t 4.485891e+02 4.488715e+02 4.489169e+02 4.476200e+02 4.536548e+02
42t 3.426008e+02 3.436454e+02 3.263817e+02 3.553324e+02 2.831881e+02
43t 4.258041e+02 3.180800e+02 3.651993e+02 3.667570e+02 3.211180e+02
44t 9.432689e+02 9.341643e+02 9.216072e+02 9.304975e+02 9.317342e+02
45t 9.512928e+02 9.298062e+02 9.310468e+02 9.336181e+02 9.268391e+02
46t 9.421921e+02 9.260970e+02 9.255334e+02 9.214853e+02 9.226719e+02
47t 5.499824e+02 5.470836e+02 1.018635e+03 5.377309e+02 1.022530e+03
48t 1.219563e+03 9.794135e+02 9.632823e+02 1.002096e+03 9.195151e+02
49t 1.195075e+03 1.019154e+03 1.019144e+03 5.586364e+02 1.019113e+03
50t 1.291577e+03 1.129758e+03 1.180488e+03 1.245078e+03 9.050454e+02
              31           32           33           34           35
1t  1.245100e+00 1.076986e+00 8.344958e-01 1.080329e+00 7.716853e-01
2t  1.668383e+07 2.516027e+06 7.289883e+06 2.576895e+06 3.134220e+06
3t  1.982015e+06 1.459339e+06 1.476880e+06 1.701444e+06 1.153961e+06
4t  9.106654e+04 9.814877e+04 1.103936e+05 3.458231e+04 1.527627e+05
5t  4.605178e+01 1.281250e+01 3.373708e+01 6.740840e+00 5.690983e+01
6t  1.568732e+02 4.466322e+00 1.111005e+02 5.444891e+00 2.769170e+01
7t  4.476430e+03 4.334690e+03 4.949397e+03 1.094096e+04 1.167884e+04
8t  5.927440e+00 5.902024e+00 5.091357e+00 6.105361e+00 5.093715e+00
9t  2.675750e+02 3.244821e+02 2.913733e+02 3.375474e+02 3.725685e+02
10t 2.721528e+01 2.778661e+01 2.589570e+01 2.856191e+01 2.019638e+01
11t 2.860744e+02 2.860779e+02 2.850611e+02 2.839779e+02 3.690950e+02
12t 2.562681e+02 8.491267e+03 9.844836e+03 1.500926e+02 2.710977e+04
13t 1.369831e+00 2.013873e+01 7.985347e+00 2.048714e+01 2.047431e+01
14t 2.097469e+01 2.089725e+01 2.096530e+01 2.100389e+01 2.115591e+01
15t 4.320275e+02 1.544599e+02 8.714995e+02 1.535799e+02 1.278243e+02
16t 4.909604e+01 4.863423e+01 7.199355e+01 4.710738e+01 4.924787e+01
17t 1.404251e-01 1.118537e-01 1.425637e+00 7.888290e-02 6.304027e+02
18t 9.636684e-01 9.247060e-01 9.242348e-01 9.526084e-01 7.990740e-01
19t 5.047597e+02 5.743775e+02 6.043399e+02 6.098551e+02 2.379212e+03
20t 2.389881e+02 4.355729e+02 2.984738e+02 4.362490e+02 7.278988e+02
21t 2.810810e+04 2.787937e+04 2.773027e+04 2.917546e+04 3.516107e+04
22t 2.882874e+04 2.952094e+04 2.887924e+04 3.141256e+04 3.511073e+04
23t 5.151132e+01 5.948465e+01 5.903822e+01 5.699377e+01 7.178016e+01
24t 5.207475e-01 1.051072e+00 8.733952e-01 4.605809e-01 2.981578e+00
25t 6.239639e-01 6.762392e-01 7.866766e-01 7.280354e-01 5.989359e-01
26t 3.297055e-01 4.135365e-01 2.749297e-01 2.627880e-01 2.665057e-01
27t 9.184963e+01 1.306650e+02 1.193243e+02 1.063155e+02 4.730207e+01
28t 2.343871e+02 2.726432e+02 2.463423e+02 2.375526e+02 1.337440e+02
29t 3.242929e+02 4.540534e+02 3.402321e+02 4.549095e+02 4.779611e+02
30t 1.180258e+01 1.478749e+01 9.813423e+00 1.381855e+01 1.541607e+01
31t 1.711870e+02 2.743804e+02 2.021475e+02 3.326551e+02 1.031479e+02
32t 3.557011e+02 1.035853e+03 3.488232e+02 3.860108e+02 3.530571e+02
33t 1.126073e+02 1.334733e+02 1.228033e+02 1.566651e+02 1.491990e+02
34t 2.460449e+01 3.233203e+01 2.893058e+01 3.254190e+01 2.367980e+01
35t 1.260892e+04 1.307070e+04 1.282035e+04 1.252011e+04 1.534131e+04
36t 2.111005e+05 1.806593e+05 1.717729e+05 2.455278e+05 1.151361e+05
37t 5.670152e+01 6.340528e+01 5.674338e+01 6.230014e+01 6.769947e+01
38t 2.208644e+05 2.586578e+05 2.947328e+05 3.987957e+05 1.472323e+05
39t 6.752438e+00 6.198787e+00 5.426729e+00 7.267736e+00 5.193220e+00
40t 6.350183e+01 3.859301e+01 8.731132e+01 3.578558e+01 1.539141e+03
41t 4.482328e+02 4.484354e+02 4.474686e+02 4.483403e+02 4.451365e+02
42t 3.216948e+02 4.281908e+02 3.778614e+02 4.284930e+02 4.269943e+02
43t 3.500512e+02 3.716986e+02 3.361606e+02 5.312675e+02 4.430813e+02
44t 9.254511e+02 9.358664e+02 9.374814e+02 9.448495e+02 9.212177e+02
45t 9.335879e+02 9.414523e+02 9.372280e+02 9.445247e+02 9.270953e+02
46t 9.265598e+02 9.306980e+02 9.322069e+02 9.261508e+02 9.240021e+02
47t 1.025799e+03 5.366870e+02 5.349491e+02 1.022376e+03 1.204006e+03
48t 9.267934e+02 1.058062e+03 1.039660e+03 1.063003e+03 1.373208e+03
49t 1.023222e+03 1.022406e+03 5.502635e+02 9.130534e+02 1.183751e+03
50t 1.214647e+03 1.198815e+03 1.237997e+03 1.151891e+03 1.357371e+03
              36           37           38           39           40
1t  1.526185e+00 1.074674e+00 1.409316e+00 9.395236e-01 5.992023e-01
2t  2.040073e+07 1.197780e+07 1.539963e+07 7.460278e+06 1.895521e+06
3t  2.762381e+06 1.782035e+06 2.089484e+06 1.892560e+06 8.865902e+05
4t  1.166261e+05 1.153429e+05 1.075005e+05 1.433723e+05 2.063966e+05
5t  1.113205e+01 2.912049e+01 8.677648e+00 4.568622e+01 4.357588e+01
6t  3.218317e+02 2.499578e+02 4.840755e+02 2.660461e+01 4.202625e+00
7t  4.667265e+03 4.935218e+03 3.643713e+03 1.182014e+04 2.735280e+04
8t  6.446833e+00 5.900278e+00 6.159313e+00 5.429477e+00 1.316914e+02
9t  2.666345e+02 2.373384e+02 2.664893e+02 3.633333e+02 4.263626e+02
10t 2.996759e+01 2.764367e+01 3.105610e+01 2.808358e+01 1.916900e+01
11t 2.471025e+02 2.783183e+02 2.132757e+02 3.160828e+02 3.083505e+02
12t 2.230442e+02 2.728174e+02 2.353610e+02 2.576190e+04 1.597308e+04
13t 1.549215e+00 1.376354e+00 1.665656e+00 2.030831e+01 1.996318e+01
14t 2.107974e+01 2.107173e+01 2.115747e+01 2.092165e+01 2.111094e+01
15t 2.262872e+02 1.603463e+02 4.680427e+02 2.326702e+02 1.002247e+02
16t 4.872741e+01 4.639586e+01 4.866283e+01 1.014698e+02 4.922650e+01
17t 2.438187e-01 9.312514e-02 4.883646e-01 4.619017e+01 2.824069e+02
18t 9.690019e-01 9.509919e-01 9.929247e-01 9.239226e-01 6.428106e-01
19t 4.934434e+02 5.837942e+02 4.523582e+02 6.299264e+02 5.398768e+03
20t 2.141558e+02 3.254095e+02 2.819010e+02 4.614265e+02 5.068972e+02
21t 2.749819e+04 2.782514e+04 2.704522e+04 2.965274e+04 3.769532e+04
22t 2.832473e+04 2.791679e+04 2.839966e+04 2.872909e+04 3.865848e+04
23t 4.490502e+01 5.489067e+01 4.577064e+01 5.521598e+01 8.415222e+01
24t 6.722593e-01 6.513232e-01 8.694980e-01 6.830054e-01 2.994334e+00
25t 5.148508e-01 4.819207e-01 4.437720e-01 6.636610e-01 6.061351e-01
26t 3.233997e-01 3.261511e-01 3.232489e-01 3.853583e-01 2.663805e-01
27t 7.343636e+01 7.728488e+01 6.526070e+01 1.390642e+02 5.675584e+01
28t 1.993048e+02 2.303083e+02 2.522593e+02 2.491636e+02 1.334379e+02
29t 3.340245e+02 3.426647e+02 3.391112e+02 3.328282e+02 4.778263e+02
30t 1.254763e+01 8.960024e+00 1.138382e+01 9.534598e+00 1.337887e+01
31t 1.573731e+02 1.588899e+02 1.845889e+02 2.189125e+02 1.015282e+02
32t 3.452471e+02 3.343895e+02 3.451229e+02 1.396365e+03 3.811387e+02
33t 9.463886e+01 1.052090e+02 9.935203e+01 1.291420e+02 1.610729e+02
34t 2.503107e+01 2.309559e+01 3.046068e+01 3.100814e+01 2.212152e+01
35t 1.249577e+04 1.252013e+04 1.241569e+04 1.315400e+04 1.881853e+04
36t 2.609096e+05 1.932916e+05 1.817249e+05 2.309808e+05 1.055073e+05
37t 6.003878e+01 6.037095e+01 5.995639e+01 5.452726e+01 5.489175e+01
38t 2.378370e+05 2.213166e+05 1.994988e+05 3.023948e+05 1.805848e+05
39t 5.963518e+00 6.692083e+00 6.644816e+00 7.004870e+00 5.076572e+00
40t 3.377744e+01 1.097496e+02 2.643484e+01 9.150485e+01 8.994382e+02
41t 4.498176e+02 4.480334e+02 4.496749e+02 4.479863e+02 9.619316e+02
42t 3.171011e+02 3.046087e+02 3.632117e+02 3.566521e+02 3.876901e+02
43t 3.349185e+02 3.741015e+02 3.400654e+02 3.835432e+02 4.886113e+02
44t 9.220608e+02 9.372496e+02 9.310038e+02 9.533123e+02 9.252029e+02
45t 9.295702e+02 9.377812e+02 9.282038e+02 9.422462e+02 9.255299e+02
46t 9.269003e+02 9.334957e+02 9.278247e+02 9.473840e+02 9.224687e+02
47t 5.552622e+02 1.021945e+03 5.566602e+02 1.197803e+03 1.207463e+03
48t 9.889712e+02 9.550625e+02 9.336418e+02 1.069737e+03 1.393960e+03
49t 1.020198e+03 5.737454e+02 1.029411e+03 5.580365e+02 1.289775e+03
50t 1.117554e+03 1.206736e+03 1.134026e+03 1.277198e+03 1.363933e+03
              41           42           43           44           45
1t  1.105281e+00 1.807296e+00 7.223114e-01 1.574596e+00 1.822008e+00
2t  6.156550e+06 2.203705e+07 2.466665e+06 1.371698e+07 8.464325e+06
3t  2.068951e+06 3.397827e+06 1.048177e+06 2.311152e+06 2.748929e+06
4t  1.292876e+05 1.282016e+05 1.424792e+05 9.457357e+04 8.771052e+04
5t  4.069869e+01 1.193464e+01 5.716375e+00 3.986404e+01 1.773453e+01
6t  2.172768e+01 8.028253e+02 3.136455e+00 2.279959e+02 1.663403e+02
7t  4.504102e+03 3.622233e+03 1.319832e+05 6.535849e+03 2.910620e+03
8t  5.501029e+00 7.283007e+00 1.670590e+02 6.344283e+00 6.843778e+00
9t  3.027415e+02 2.573334e+02 3.435427e+02 2.658168e+02 2.638704e+02
10t 2.843925e+01 3.253261e+01 2.296841e+01 3.045864e+01 3.154053e+01
11t 2.863318e+02 1.855834e+02 3.539484e+02 2.945578e+02 2.753558e+02
12t 3.715638e+03 2.094829e+02 1.574271e+02 5.796175e+03 1.899099e+02
13t 1.865165e+01 1.785927e+00 2.037331e+01 1.563095e+00 1.750158e+00
14t 2.118291e+01 2.097999e+01 2.085144e+01 2.097673e+01 2.113236e+01
15t 1.759718e+02 2.631000e+02 1.289492e+02 6.119285e+02 2.340538e+02
16t 4.788249e+01 4.844683e+01 4.879675e+01 4.986974e+01 4.913591e+01
17t 2.250171e+00 9.727498e-01 2.785994e-02 6.656008e-01 9.932787e-01
18t 9.490711e-01 1.019910e+00 7.671201e-01 9.533904e-01 9.528086e-01
19t 4.676719e+02 4.480010e+02 1.973049e+03 4.278460e+02 4.169882e+02
20t 2.459830e+02 2.479808e+02 7.637602e+02 3.634135e+02 2.414829e+02
21t 2.859136e+04 2.772543e+04 2.888651e+04 2.767341e+04 2.804907e+04
22t 2.798391e+04 2.699924e+04 3.884189e+04 2.915418e+04 2.776178e+04
23t 4.685597e+01 4.524584e+01 7.716319e+01 6.116336e+01 4.621286e+01
24t 7.328823e-01 1.086016e+00 1.550940e+00 7.195540e-01 8.180811e-01
25t 9.962807e-01 4.873883e-01 6.343677e-01 6.024314e-01 6.175511e-01
26t 2.762089e-01 3.483219e-01 3.042057e-01 3.604023e-01 3.946236e-01
27t 1.124464e+02 6.055249e+01 8.765961e+01 8.921615e+01 9.053788e+01
28t 2.711902e+02 2.750179e+02 1.744311e+02 2.848988e+02 2.685271e+02
29t 3.808579e+02 2.813011e+02 5.944622e+02 3.399240e+02 2.812728e+02
30t 1.140196e+01 1.257238e+01 2.222445e+07 1.272871e+01 1.238593e+01
31t 2.121986e+02 1.699011e+02 1.512542e+02 1.663887e+02 1.423105e+02
32t 4.718280e+02 3.271538e+02 1.282490e+03 3.541666e+02 4.704185e+02
33t 1.091986e+02 1.000307e+02 2.770271e+02 8.531486e+01 1.079827e+02
34t 2.570997e+01 2.699950e+01 3.750358e+01 2.691980e+01 2.581649e+01
35t 1.264617e+04 1.244736e+04 1.433286e+04 1.280215e+04 1.256396e+04
36t 2.031380e+05 1.899059e+05 1.674978e+05 1.394335e+05 2.443654e+05
37t 6.102774e+01 6.111855e+01 6.056627e+01 5.597750e+01 5.828635e+01
38t 3.885086e+05 2.175745e+05 1.993745e+05 2.242930e+05 2.652438e+05
39t 5.465134e+00 6.395099e+00 6.193476e+00 5.738228e+00 5.954643e+00
40t 7.661098e+01 3.462197e+01 9.716082e+01 7.225897e+01 2.463555e+01
41t 4.496494e+02 4.509629e+02 5.462231e+02 4.491630e+02 4.509924e+02
42t 4.292936e+02 2.852045e+02 4.269530e+02 3.557742e+02 4.046069e+02
43t 3.743416e+02 3.175744e+02 5.275923e+02 3.314881e+02 3.165982e+02
44t 9.326194e+02 9.312666e+02 9.377078e+02 9.348448e+02 9.333899e+02
45t 9.358483e+02 9.344503e+02 1.020682e+03 9.411778e+02 9.378359e+02
46t 9.544554e+02 9.277999e+02 1.202446e+03 9.337753e+02 9.220481e+02
47t 5.474517e+02 1.020316e+03 1.212777e+03 9.055771e+02 1.023360e+03
48t 9.840985e+02 9.323966e+02 1.217716e+03 1.024812e+03 9.608321e+02
49t 5.651324e+02 1.021937e+03 1.211112e+03 5.656849e+02 1.018618e+03
50t 1.056108e+03 1.195048e+03 1.275307e+03 1.185448e+03 1.006014e+03
              46           47           48           49           50
1t  1.469510e+00 3.041395e+00 8.807783e-01 2.051361e+00 2.477380e+00
2t  1.038445e+07 1.416734e+07 9.113516e+06 8.939855e+06 1.398901e+07
3t  2.344721e+06 6.012715e+06 1.482884e+06 3.001532e+06 3.702012e+06
4t  1.316702e+05 1.052945e+05 9.578613e+04 1.156989e+05 6.865269e+04
5t  5.907862e+01 5.169634e+00 4.860472e+01 9.357608e+00 7.894794e+00
6t  3.873964e+02 7.763440e+02 2.135201e+02 3.746495e+01 3.098339e+02
7t  7.386793e+03 2.670909e+03 7.131498e+03 4.246607e+03 3.545022e+03
8t  6.305506e+00 9.287514e+00 5.109024e+00 7.793161e+00 8.980823e+00
9t  3.378512e+02 2.177969e+02 3.068361e+02 2.546567e+02 1.595554e+02
10t 2.969521e+01 3.901027e+01 2.475151e+01 3.216137e+01 3.625587e+01
11t 3.366397e+02 1.172176e+02 3.023975e+02 2.476506e+02 2.065956e+02
12t 3.059813e+04 2.412396e+02 1.599279e+04 1.862739e+02 3.195765e+02
13t 2.025360e+01 2.308866e+00 1.961994e+01 1.765121e+00 2.120488e+00
14t 2.113134e+01 2.103649e+01 2.092197e+01 2.115690e+01 2.106166e+01
15t 3.631084e+02 5.113126e+02 4.828322e+02 4.214578e+03 2.842586e+02
16t 4.929364e+01 4.939905e+01 1.072891e+02 4.817973e+01 4.852637e+01
17t 6.407978e+01 1.081301e+00 6.297742e+00 8.639867e-02 5.545705e-01
18t 9.872623e-01 1.067702e+00 8.307761e-01 1.002809e+00 1.034575e+00
19t 1.191376e+03 3.908778e+02 6.878161e+02 3.851995e+02 4.218148e+02
20t 5.048830e+02 2.326566e+02 3.888817e+02 3.072592e+02 2.441040e+02
21t 3.430748e+04 2.719690e+04 2.713318e+04 2.731622e+04 2.738620e+04
22t 3.519769e+04 2.758047e+04 2.862888e+04 2.821812e+04 2.892399e+04
23t 5.755845e+01 4.134706e+01 6.055125e+01 4.787703e+01 4.795057e+01
24t 3.101155e+00 8.277061e-01 9.169066e-01 1.106347e+00 7.808230e-01
25t 6.404931e-01 4.177436e-01 8.031278e-01 5.334229e-01 4.486277e-01
26t 2.961969e-01 3.395293e-01 3.437356e-01 3.757394e-01 3.998568e-01
27t 5.109774e+01 8.833560e+01 7.127865e+01 9.725477e+01 6.635107e+01
28t 1.931444e+02 3.757969e+02 1.922266e+02 2.700995e+02 3.633421e+02
29t 4.140244e+02 2.542570e+02 3.616674e+02 3.218445e+02 2.898268e+02
30t 1.574099e+01 1.577834e+01 1.048852e+01 1.226350e+01 1.431940e+01
31t 1.152090e+02 1.777417e+02 2.245289e+02 2.398173e+02 2.029090e+02
32t 4.284351e+02 5.670705e+02 3.190634e+02 5.343974e+02 3.881959e+02
33t 1.174497e+02 1.143928e+02 1.163057e+02 1.116721e+02 1.018514e+02
34t 2.769101e+01 3.168995e+01 2.257199e+01 3.233457e+01 2.844063e+01
35t 1.339150e+04 1.248972e+04 1.318752e+04 1.308070e+04 1.269223e+04
36t 2.427363e+05 3.137729e+05 1.456759e+05 2.210109e+05 3.026222e+05
37t 6.352136e+01 6.007085e+01 6.085252e+01 6.150571e+01 6.053546e+01
38t 2.090635e+05 2.309802e+05 2.000836e+05 3.925673e+05 4.375085e+05
39t 6.357041e+00 7.252211e+00 6.808884e+00 5.764553e+00 6.591134e+00
40t 5.702663e+02 1.778167e+01 2.362197e+02 3.604964e+01 1.642414e+01
41t 4.498805e+02 4.549569e+02 4.456778e+02 4.511159e+02 4.527674e+02
42t 3.545483e+02 2.811952e+02 4.268326e+02 3.255759e+02 2.469458e+02
43t 4.058093e+02 2.980856e+02 3.944958e+02 3.334954e+02 2.966993e+02
44t 9.640395e+02 9.216806e+02 9.214768e+02 9.337828e+02 9.314906e+02
45t 9.996019e+02 9.283458e+02 9.292718e+02 9.720206e+02 9.315982e+02
46t 9.670570e+02 9.258861e+02 9.301720e+02 9.275253e+02 9.234022e+02
47t 5.507011e+02 1.019355e+03 5.288536e+02 1.024730e+03 1.024055e+03
48t 1.123058e+03 9.284943e+02 1.061625e+03 9.513922e+02 9.409145e+02
49t 5.726130e+02 1.022563e+03 5.468565e+02 1.020494e+03 1.023728e+03
50t 1.291249e+03 9.316305e+02 1.265305e+03 9.528283e+02 1.142347e+03
              51           52           53           54           55
1t  1.205160e+00 9.552829e-01 1.030577e+00 1.731107e+00 6.895431e-01
2t  9.269201e+06 5.338230e+06 5.885417e+06 5.822093e+06 3.387853e+06
3t  2.143743e+06 1.658581e+06 1.254999e+06 2.801365e+06 1.181357e+06
4t  1.068437e+05 7.842476e+04 9.015651e+04 1.111996e+05 1.746652e+05
5t  4.002638e+01 1.606229e+01 4.054267e+01 2.495964e+01 5.069723e+01
6t  9.790275e+01 1.690980e+02 8.253396e+00 1.601481e+02 1.224262e+01
7t  4.132453e+03 3.446229e+03 4.218926e+03 5.330793e+03 1.384413e+04
8t  6.422477e+00 5.681194e+00 5.740653e+00 7.267942e+00 5.643473e+00
9t  2.812425e+02 3.053214e+02 3.063360e+02 2.927256e+02 4.036323e+02
10t 2.980684e+01 2.795426e+01 2.474662e+01 3.001825e+01 2.300899e+01
11t 2.816336e+02 2.737936e+02 2.916416e+02 2.889952e+02 3.897987e+02
12t 9.257142e+03 1.268314e+04 1.580049e+04 5.326340e+03 2.433610e+04
13t 1.583436e+00 1.430619e+00 2.001010e+01 1.389899e+00 2.059678e+01
14t 2.103446e+01 2.105036e+01 2.094034e+01 2.117576e+01 2.115399e+01
15t 2.011600e+02 3.981449e+02 1.778893e+03 5.629082e+02 1.258923e+02
16t 4.929092e+01 9.901677e+01 4.798568e+01 4.869357e+01 4.925439e+01
17t 3.248050e-01 6.379612e-02 1.355074e+00 5.427061e-02 5.209939e+02
18t 9.006857e-01 9.568933e-01 8.978984e-01 9.877501e-01 7.702156e-01
19t 4.916520e+02 5.487031e+02 6.417423e+02 4.883419e+02 2.589005e+03
20t 3.356389e+02 3.393961e+02 3.829429e+02 3.994903e+02 7.698328e+02
21t 2.771301e+04 2.901759e+04 2.910969e+04 3.210977e+04 3.532866e+04
22t 2.895798e+04 2.891041e+04 2.973769e+04 3.397227e+04 3.605883e+04
23t 4.385884e+01 4.816274e+01 5.877395e+01 5.695099e+01 6.999349e+01
24t 5.641621e-01 9.395202e-01 6.063946e-01 3.082832e+00 3.639060e+00
25t 5.671710e-01 6.023661e-01 8.685338e-01 5.742378e-01 5.806245e-01
26t 3.176516e-01 3.697352e-01 2.705071e-01 2.968500e-01 2.538328e-01
27t 9.597547e+01 7.610608e+01 1.329787e+02 8.351402e+01 6.355541e+01
28t 2.440205e+02 2.250605e+02 2.613925e+02 2.424808e+02 1.584643e+02
29t 3.043944e+02 3.203077e+02 3.395599e+02 3.422977e+02 4.886732e+02
30t 1.131815e+01 1.058003e+01 1.497154e+01 1.466900e+01 6.329499e+01
31t 1.760000e+02 1.698180e+02 2.564251e+02 1.148507e+02 1.071444e+02
32t 3.256765e+02 3.755270e+02 5.682411e+02 5.171200e+02 3.566754e+02
33t 1.169235e+02 1.177816e+02 1.176749e+02 1.146895e+02 1.394471e+02
34t 2.391750e+01 2.407222e+01 3.031680e+01 2.851162e+01 3.305299e+01
35t 1.279435e+04 1.293835e+04 1.320319e+04 1.277395e+04 1.478434e+04
36t 2.674994e+05 2.080326e+05 1.559271e+05 2.031807e+05 1.224866e+05
37t 5.691681e+01 6.157142e+01 5.983216e+01 6.113500e+01 6.538016e+01
38t 2.700048e+05 2.201266e+05 5.684784e+05 2.002796e+05 1.902716e+05
39t 6.711249e+00 6.683156e+00 6.339391e+00 4.993430e+00 5.065607e+00
40t 4.849155e+01 5.798049e+01 7.292673e+01 8.495314e+01 8.638587e+02
41t 4.496526e+02 4.479870e+02 5.984478e+02 4.505715e+02 7.650007e+02
42t 2.817869e+02 3.363209e+02 4.276525e+02 3.059501e+02 4.266863e+02
43t 3.276306e+02 3.188754e+02 3.822947e+02 3.365392e+02 4.352249e+02
44t 9.235737e+02 9.324526e+02 9.349692e+02 9.321711e+02 9.283985e+02
45t 9.246202e+02 9.395715e+02 9.368086e+02 9.310150e+02 9.293181e+02
46t 9.365148e+02 9.343591e+02 9.376099e+02 9.282880e+02 9.298378e+02
47t 1.024230e+03 5.364415e+02 5.338860e+02 9.211891e+02 1.210194e+03
48t 9.541589e+02 9.458342e+02 1.005959e+03 9.983762e+02 1.259752e+03
49t 1.023009e+03 5.554329e+02 5.564234e+02 5.755592e+02 1.222676e+03
50t 1.181555e+03 1.223166e+03 1.105763e+03 1.221117e+03 1.316118e+03
              56           57           58           59           60
1t  1.402614e+00 8.972353e-01 1.925567e+00 7.661641e-01 6.686880e-01
2t  9.343008e+06 1.310367e+07 1.273103e+07 2.253036e+06 2.445171e+06
3t  2.351651e+06 1.515855e+06 3.089415e+06 1.141011e+06 1.147973e+06
4t  9.082595e+04 1.172524e+05 7.661637e+04 8.403317e+04 1.777270e+05
5t  2.939687e+01 1.917921e+01 1.410088e+01 3.189020e+01 4.858079e+01
6t  2.463064e+02 1.930741e+02 1.818044e+02 3.001904e+00 8.820662e+00
7t  4.791768e+03 4.589020e+03 2.837129e+03 4.857978e+04 1.672063e+04
8t  6.586237e+00 5.324822e+00 7.372185e+00 4.752533e+00 3.177290e+01
9t  2.781805e+02 2.960917e+02 2.607072e+02 3.315874e+02 3.975087e+02
10t 3.127521e+01 2.555025e+01 3.479319e+01 2.267219e+01 2.019601e+01
11t 2.460459e+02 2.733894e+02 1.923017e+02 2.975925e+02 3.700425e+02
12t 8.542013e+02 7.279287e+03 3.032259e+02 8.903587e+03 2.147258e+04
13t 1.710640e+00 1.286789e+00 1.841390e+00 1.984113e+01 2.055234e+01
14t 2.106908e+01 2.091127e+01 2.101746e+01 2.082481e+01 2.118307e+01
15t 7.102125e+02 1.418440e+02 4.173047e+02 1.143363e+03 1.205705e+02
16t 4.940114e+01 1.022334e+02 4.911894e+01 4.924566e+01 4.919532e+01
17t 9.934590e-02 1.620427e+00 9.397863e-02 5.716831e-02 3.600908e+02
18t 9.940772e-01 8.973321e-01 1.016760e+00 7.449452e-01 7.150986e-01
19t 4.883577e+02 5.178595e+02 4.091051e+02 2.277455e+03 2.866311e+03
20t 3.257125e+02 3.819548e+02 3.409142e+02 3.796677e+02 7.548277e+02
21t 2.884361e+04 2.809962e+04 2.834513e+04 2.979013e+04 3.597189e+04
22t 2.819212e+04 2.856122e+04 2.844424e+04 2.931688e+04 3.566626e+04
23t 5.578600e+01 5.475437e+01 4.593205e+01 6.443830e+01 7.463249e+01
24t 7.350354e-01 8.083085e-01 7.394193e-01 4.936025e-01 3.536142e+00
25t 4.729535e-01 5.958799e-01 4.758446e-01 7.944162e-01 5.851034e-01
26t 3.110270e-01 3.145814e-01 2.952431e-01 3.459460e-01 2.410653e-01
27t 9.280442e+01 7.633869e+01 6.841008e+01 1.228953e+02 5.969925e+01
28t 2.467803e+02 2.052197e+02 2.612585e+02 2.395123e+02 1.523758e+02
29t 2.706300e+02 3.220864e+02 2.535948e+02 4.006835e+02 4.368618e+02
30t 1.031140e+01 9.063132e+00 1.287684e+01 8.780998e+00 1.851813e+01
31t 1.683131e+02 1.682582e+02 2.005053e+02 2.582184e+02 9.841853e+01
32t 3.185469e+02 3.249251e+02 6.491226e+02 3.923983e+02 3.711025e+02
33t 1.082758e+02 1.096349e+02 1.001448e+02 1.271451e+02 1.509819e+02
34t 2.691413e+01 2.572700e+01 3.216211e+01 3.605125e+01 3.010487e+01
35t 1.258295e+04 1.303122e+04 1.272797e+04 1.457131e+04 1.519173e+04
36t 2.206524e+05 1.223075e+05 1.965388e+05 2.336090e+05 1.310012e+05
37t 5.867654e+01 6.004026e+01 6.059299e+01 5.957279e+01 6.546408e+01
38t 2.785508e+05 2.793282e+05 4.004242e+05 2.536525e+05 1.293325e+05
39t 7.007823e+00 6.592382e+00 7.095280e+00 5.164654e+00 5.242571e+00
40t 3.963314e+01 1.222025e+02 2.686018e+01 9.899718e+01 9.437413e+02
41t 4.492803e+02 4.478347e+02 4.520200e+02 8.477190e+02 7.542834e+02
42t 3.012573e+02 3.296158e+02 2.597158e+02 4.269351e+02 3.617304e+02
43t 3.301897e+02 3.246655e+02 3.070900e+02 4.277877e+02 4.354553e+02
44t 9.328039e+02 9.287706e+02 9.291915e+02 1.065103e+03 9.275395e+02
45t 9.321810e+02 9.365928e+02 9.228666e+02 1.028835e+03 9.264825e+02
46t 9.325211e+02 9.292824e+02 9.242851e+02 1.095652e+03 9.281503e+02
47t 5.517059e+02 1.027913e+03 9.211742e+02 5.222441e+02 1.202099e+03
48t 9.881821e+02 1.015929e+03 9.413123e+02 1.182187e+03 1.304892e+03
49t 1.030608e+03 5.608163e+02 1.024273e+03 5.490067e+02 1.222722e+03
50t 1.212720e+03 1.070169e+03 1.111011e+03 1.355739e+03 1.327090e+03
              61           62           63           64           65
1t  9.661208e-01 1.484362e+00 1.069128e+00 1.649133e+00 1.269320e+00
2t  1.041257e+07 7.710201e+06 1.253962e+07 1.747126e+07 1.396704e+07
3t  1.415903e+06 1.985264e+06 1.769830e+06 2.713398e+06 2.029550e+06
4t  1.277074e+05 1.158689e+05 1.096209e+05 9.933975e+04 1.050965e+05
5t  5.201456e+01 1.460154e+01 4.036812e+01 3.622757e+01 2.460420e+01
6t  5.262105e+01 1.755591e+02 2.193906e+02 3.227677e+02 3.000155e+02
7t  8.619540e+03 3.968088e+03 4.374300e+03 4.307392e+03 4.614164e+03
8t  5.367591e+00 6.176591e+00 5.853237e+00 6.213034e+00 6.480571e+00
9t  3.018147e+02 2.549278e+02 2.804493e+02 3.055043e+02 2.951742e+02
10t 2.566184e+01 2.921760e+01 2.564280e+01 3.132457e+01 2.937899e+01
11t 2.827403e+02 2.619874e+02 2.803314e+02 2.768044e+02 2.617298e+02
12t 1.856384e+04 3.842845e+02 7.430171e+02 1.783818e+04 3.950157e+02
13t 1.987066e+01 1.545294e+00 1.377671e+00 1.964878e+01 1.449301e+00
14t 2.091898e+01 2.104293e+01 2.099118e+01 2.097495e+01 2.107701e+01
15t 1.638242e+02 1.815168e+02 4.251652e+02 5.893764e+02 2.159872e+02
16t 5.366206e+01 5.059098e+01 1.009094e+02 9.988785e+01 4.714109e+01
17t 2.676441e+00 1.530351e-01 7.423572e-01 2.155908e+00 2.097823e-01
18t 9.201891e-01 9.603182e-01 8.892876e-01 9.919158e-01 9.792461e-01
19t 6.101693e+02 4.366759e+02 5.634663e+02 4.781592e+02 5.267823e+02
20t 3.997123e+02 3.287517e+02 3.315876e+02 4.072478e+02 3.047767e+02
21t 2.893730e+04 2.812957e+04 2.855869e+04 2.728562e+04 2.801997e+04
22t 2.853885e+04 2.800620e+04 2.774426e+04 2.793024e+04 2.816115e+04
23t 6.130369e+01 5.193677e+01 4.921630e+01 5.659966e+01 4.665288e+01
24t 7.345863e-01 1.112682e+00 6.625473e-01 6.867167e-01 6.971050e-01
25t 8.384944e-01 4.332567e-01 5.990288e-01 6.075438e-01 4.149925e-01
26t 3.410063e-01 2.758650e-01 3.618071e-01 3.435199e-01 3.402714e-01
27t 1.242077e+02 7.619301e+01 7.499560e+01 8.210616e+01 8.361205e+01
28t 2.380010e+02 2.387140e+02 2.244774e+02 2.428689e+02 2.137112e+02
29t 4.209672e+02 2.618324e+02 3.666745e+02 3.698675e+02 2.528189e+02
30t 1.500840e+01 1.159480e+01 1.102605e+01 1.629143e+01 1.078169e+01
31t 1.856414e+02 1.465766e+02 1.518841e+02 1.759986e+02 1.783742e+02
32t 6.681676e+02 3.401540e+02 3.508542e+02 5.327806e+02 3.515351e+02
33t 1.245434e+02 1.098998e+02 1.200065e+02 1.153865e+02 9.893765e+01
34t 2.405971e+01 2.468532e+01 2.324824e+01 2.639399e+01 2.478999e+01
35t 1.322223e+04 1.263585e+04 1.273717e+04 1.262521e+04 1.251737e+04
36t 2.112341e+05 1.853573e+05 1.765291e+05 1.938918e+05 1.736470e+05
37t 5.639441e+01 5.696331e+01 6.015914e+01 5.711172e+01 6.036058e+01
38t 2.412973e+05 1.863528e+05 2.531200e+05 1.989557e+05 2.024532e+05
39t 5.676065e+00 5.163278e+00 5.229449e+00 6.326818e+00 5.844360e+00
40t 2.428204e+02 4.974287e+01 1.093892e+02 6.615667e+01 8.764467e+01
41t 4.474759e+02 4.500249e+02 4.482244e+02 4.495088e+02 4.488769e+02
42t 4.203985e+02 3.163823e+02 2.983657e+02 2.912769e+02 2.955168e+02
43t 3.528569e+02 3.244581e+02 4.068240e+02 3.281477e+02 3.530775e+02
44t 9.370392e+02 9.311657e+02 9.302204e+02 9.333172e+02 9.257602e+02
45t 9.302523e+02 9.301628e+02 9.259671e+02 9.351441e+02 9.293593e+02
46t 9.336898e+02 9.303375e+02 9.337948e+02 9.375138e+02 9.240050e+02
47t 5.278673e+02 1.021048e+03 5.355650e+02 5.531209e+02 5.428295e+02
48t 1.080100e+03 9.217738e+02 9.603870e+02 9.817074e+02 9.512017e+02
49t 9.049076e+02 5.708998e+02 5.631014e+02 5.706183e+02 1.026286e+03
50t 1.231549e+03 1.078888e+03 1.261944e+03 1.199193e+03 1.238449e+03
              66           67           68           69           70
1t  1.581835e+00 2.790515e+00 3.543718e+00 1.744393e+00 1.534602e+00
2t  6.958536e+06 1.726711e+07 5.393308e+06 4.302301e+06 1.075823e+07
3t  2.457595e+06 4.287803e+06 5.651323e+06 3.065380e+06 2.234400e+06
4t  1.530949e+05 1.058146e+05 1.139137e+05 5.408529e+04 8.429317e+04
5t  5.480044e+01 5.875789e+00 9.507932e+00 1.853899e+01 2.040316e+01
6t  1.125883e+02 4.857326e+02 5.163252e+01 1.270661e+01 3.499025e+02
7t  7.013679e+03 3.132685e+03 2.618120e+03 1.540063e+03 3.943471e+03
8t  6.785330e+00 8.597390e+00 1.054702e+01 7.299531e+00 6.281515e+00
9t  3.767340e+02 2.730350e+02 7.153189e+01 2.702874e+02 2.428683e+02
10t 3.079852e+01 3.526195e+01 3.858278e+01 3.385168e+01 3.115241e+01
11t 3.710489e+02 2.320499e+02 1.150906e+02 2.657111e+02 2.501509e+02
12t 2.590027e+04 2.783169e+02 6.059619e+02 1.621190e+03 2.816124e+02
13t 2.049964e+01 2.040376e+00 2.302779e+00 1.997935e+01 1.640015e+00
14t 2.118111e+01 2.107747e+01 2.118574e+01 2.118950e+01 2.109992e+01
15t 2.158467e+02 4.023100e+02 4.097378e+02 2.249666e+02 9.690505e+02
16t 4.906872e+01 4.796253e+01 4.920735e+01 4.918272e+01 8.588703e+01
17t 5.060835e+02 1.030928e+00 1.099285e-01 5.172558e-02 8.278119e-01
18t 9.671326e-01 1.032577e+00 1.049423e+00 1.002201e+00 9.613599e-01
19t 1.207567e+03 4.251449e+02 3.965377e+02 5.777367e+02 4.598873e+02
20t 7.176723e+02 2.648402e+02 2.732394e+02 4.909107e+02 2.643071e+02
21t 3.617442e+04 2.759740e+04 3.153762e+04 2.918694e+04 2.821413e+04
22t 3.568781e+04 2.840454e+04 3.324154e+04 3.089614e+04 2.831707e+04
23t 6.892715e+01 3.861850e+01 3.685891e+01 4.250286e+01 5.103193e+01
24t 3.609840e+00 5.436398e-01 3.442795e+00 5.734584e-01 6.749964e-01
25t 5.538517e-01 4.708089e-01 5.239242e-01 5.719167e-01 6.306670e-01
26t 2.439891e-01 3.233056e-01 2.910844e-01 3.644727e-01 3.407237e-01
27t 5.593708e+01 7.536658e+01 8.325534e+01 1.106026e+02 8.310942e+01
28t 2.129598e+02 3.744824e+02 3.682290e+02 2.874856e+02 2.347848e+02
29t 4.829424e+02 3.064486e+02 2.803320e+02 2.813787e+02 2.697202e+02
30t 1.536855e+01 1.189695e+01 1.512656e+01 1.869775e+01 1.216844e+01
31t 9.873591e+01 1.682727e+02 1.816828e+02 2.561282e+02 1.638455e+02
32t 4.291982e+02 5.403011e+02 3.547380e+02 8.063805e+02 3.325520e+02
33t 1.257904e+02 1.089992e+02 1.039034e+02 1.098725e+02 1.089733e+02
34t 3.028409e+01 3.085919e+01 3.293337e+01 3.516763e+01 2.619416e+01
35t 1.363707e+04 1.267027e+04 1.269465e+04 1.317875e+04 1.250540e+04
36t 1.452484e+05 3.444058e+05 3.832439e+05 3.442151e+05 2.202923e+05
37t 6.436059e+01 6.059850e+01 6.110015e+01 6.160596e+01 5.927979e+01
38t 1.387951e+05 3.622499e+05 2.157278e+05 3.444545e+05 2.399796e+05
39t 6.119378e+00 6.177923e+00 7.923925e+00 6.053232e+00 5.611690e+00
40t 6.822216e+02 2.419240e+01 1.926000e+01 2.998788e+01 3.364773e+01
41t 4.500335e+02 4.542194e+02 5.398912e+02 4.512218e+02 4.495235e+02
42t 3.515944e+02 2.955865e+02 2.654881e+02 3.450128e+02 3.033678e+02
43t 3.414558e+02 2.935484e+02 2.754097e+02 3.444744e+02 3.257447e+02
44t 9.590028e+02 9.318826e+02 9.268028e+02 9.350132e+02 9.273783e+02
45t 9.588464e+02 9.245687e+02 9.276394e+02 9.395654e+02 9.255078e+02
46t 9.645765e+02 9.238830e+02 9.249171e+02 9.314473e+02 9.343059e+02
47t 5.567383e+02 1.022906e+03 6.112500e+02 5.624099e+02 1.030416e+03
48t 1.052204e+03 9.371365e+02 9.446455e+02 1.086723e+03 9.301282e+02
49t 1.178440e+03 1.020656e+03 1.018900e+03 1.028865e+03 1.021545e+03
50t 1.258474e+03 9.333090e+02 9.648241e+02 1.170251e+03 1.197165e+03
              71           72           73           74           75
1t  1.101884e+00 8.392375e-01 9.517498e-01 1.342061e+00 9.035004e-01
2t  7.421335e+06 6.004762e+06 2.687905e+07 6.745971e+06 9.055107e+06
3t  1.465082e+06 1.311452e+06 1.642038e+06 2.440323e+06 1.755570e+06
4t  1.111260e+05 1.335476e+05 1.086000e+05 1.225621e+05 1.025039e+05
5t  3.938785e+01 3.336403e+01 4.842573e+01 3.943768e+01 4.225376e+01
6t  4.838917e+01 1.041431e+01 3.114467e+02 3.602527e+02 1.333730e+02
7t  4.772946e+03 7.322932e+03 7.108291e+03 5.723803e+03 5.349806e+03
8t  5.729743e+00 4.725765e+00 5.207419e+00 6.640113e+00 5.531836e+00
9t  3.011095e+02 3.138842e+02 2.943332e+02 3.026458e+02 2.914176e+02
10t 2.624635e+01 2.394006e+01 2.415434e+01 2.976002e+01 2.654674e+01
11t 2.592411e+02 2.900150e+02 2.750347e+02 2.874180e+02 2.858344e+02
12t 1.334305e+04 7.937274e+03 1.945168e+04 8.001785e+03 1.332117e+04
13t 1.436450e+00 1.953547e+01 1.988712e+01 1.761075e+00 1.272541e+00
14t 2.092780e+01 2.102865e+01 2.107460e+01 2.118314e+01 2.097319e+01
15t 2.002917e+02 1.278346e+02 4.318785e+02 3.166026e+02 3.122084e+02
16t 1.035157e+02 4.711316e+01 4.853557e+01 4.907695e+01 7.027337e+01
17t 1.103006e+00 1.810385e-01 6.387635e+00 4.534325e-02 1.632868e+00
18t 8.908386e-01 8.562145e-01 8.746718e-01 9.797186e-01 9.001933e-01
19t 5.382629e+02 6.234118e+02 5.802681e+02 6.199528e+02 5.757076e+02
20t 2.956364e+02 3.400956e+02 3.440516e+02 4.352331e+02 3.590896e+02
21t 2.825770e+04 2.871263e+04 2.805771e+04 3.299659e+04 2.766653e+04
22t 2.789356e+04 2.866096e+04 2.917745e+04 3.329980e+04 2.903508e+04
23t 5.294123e+01 5.080179e+01 5.298568e+01 5.060800e+01 6.203578e+01
24t 5.043808e-01 8.615761e-01 1.075390e+00 3.530151e+00 8.206247e-01
25t 6.674676e-01 8.427384e-01 6.684210e-01 5.998137e-01 8.304479e-01
26t 3.323551e-01 2.730945e-01 3.431166e-01 2.899909e-01 3.337889e-01
27t 1.126122e+02 9.275866e+01 7.930627e+01 7.797469e+01 8.474322e+01
28t 2.315197e+02 2.297853e+02 1.952214e+02 2.318535e+02 1.880955e+02
29t 3.456903e+02 3.788758e+02 3.564958e+02 3.554267e+02 3.119042e+02
30t 1.107019e+01 1.418608e+01 1.211667e+01 1.112846e+01 1.588077e+01
31t 1.842023e+02 2.684348e+02 1.741891e+02 1.318628e+02 1.613125e+02
32t 4.761744e+03 6.454833e+03 1.209200e+03 2.924091e+02 2.326376e+03
33t 1.290481e+02 1.031355e+02 1.225627e+02 1.190103e+02 1.131152e+02
34t 2.714342e+01 2.776171e+01 2.378719e+01 2.671023e+01 2.701673e+01
35t 1.294840e+04 1.312024e+04 1.311222e+04 1.272363e+04 1.302756e+04
36t 1.758924e+05 1.377804e+05 1.375810e+05 2.167462e+05 1.547598e+05
37t 5.925159e+01 5.936566e+01 5.778101e+01 6.267352e+01 5.529512e+01
38t 1.291644e+05 2.378758e+05 2.040209e+05 1.961774e+05 2.685095e+05
39t 6.456020e+00 5.994952e+00 6.583289e+00 6.659477e+00 5.757168e+00
40t 5.496943e+01 1.000058e+02 1.906454e+02 9.149382e+01 1.025307e+02
41t 4.466973e+02 4.480224e+02 4.469864e+02 4.500502e+02 4.471395e+02
42t 3.048185e+02 4.273493e+02 3.694209e+02 3.283730e+02 2.962987e+02
43t 3.148499e+02 3.557329e+02 3.786170e+02 3.315028e+02 4.165725e+02
44t 9.342351e+02 9.319630e+02 9.326534e+02 9.287126e+02 9.246736e+02
45t 9.334945e+02 9.317396e+02 9.296045e+02 9.606253e+02 9.383057e+02
46t 9.280693e+02 9.385732e+02 9.369711e+02 9.354287e+02 9.347369e+02
47t 5.334617e+02 1.202948e+03 5.304787e+02 5.565065e+02 5.343141e+02
48t 1.008706e+03 1.067736e+03 1.021235e+03 1.012400e+03 1.012069e+03
49t 5.571595e+02 1.025112e+03 5.490008e+02 5.723901e+02 5.549250e+02
50t 1.190222e+03 1.057311e+03 1.240676e+03 1.235839e+03 1.204003e+03
              76           77           78           79           80
1t  1.554632e+00 1.303082e+00 1.943478e+00 7.544804e-01 1.364926e+00
2t  8.979620e+06 1.417851e+07 2.992864e+07 2.493809e+06 6.471796e+06
3t  2.574623e+06 2.078663e+06 2.993300e+06 1.201536e+06 1.812253e+06
4t  9.764994e+04 9.040020e+04 9.279913e+04 8.081496e+04 1.116446e+05
5t  1.415906e+01 2.778745e+01 1.300772e+01 3.748657e+01 5.276054e+01
6t  2.751943e+02 9.686880e+01 2.915956e+02 4.695854e+00 5.853889e+02
7t  2.600107e+03 6.407203e+03 3.302833e+03 8.924761e+03 8.134119e+03
8t  7.120823e+00 5.769344e+00 7.214456e+00 4.959387e+00 6.266621e+00
9t  2.855887e+02 2.915071e+02 2.465698e+02 3.242385e+02 3.096842e+02
10t 3.246278e+01 2.911476e+01 3.341835e+01 2.644551e+01 2.851013e+01
11t 2.541701e+02 2.655694e+02 2.348229e+02 3.064417e+02 2.817724e+02
12t 2.825414e+02 1.780118e+04 4.058284e+02 1.733879e+04 1.067468e+04
13t 1.642219e+00 1.958696e+01 1.898735e+00 1.998051e+01 1.986702e+01
14t 2.095118e+01 2.097142e+01 2.116216e+01 2.085255e+01 2.115097e+01
15t 2.229026e+02 5.887266e+02 1.717280e+03 1.269514e+02 2.095607e+02
16t 4.804199e+01 1.031742e+02 4.842814e+01 4.914289e+01 4.927001e+01
17t 1.108362e-01 2.253927e+00 6.735568e-01 4.002573e+00 5.332232e-02
18t 9.939591e-01 9.155391e-01 9.690270e-01 7.536699e-01 9.140811e-01
19t 4.279252e+02 5.252316e+02 4.390723e+02 1.492250e+03 6.008079e+02
20t 3.299830e+02 3.634534e+02 3.273409e+02 4.563272e+02 4.799674e+02
21t 2.745865e+04 2.746208e+04 2.770586e+04 3.008336e+04 3.342612e+04
22t 2.833752e+04 2.864284e+04 2.925573e+04 2.883035e+04 3.481216e+04
23t 4.407465e+01 5.491919e+01 4.277844e+01 5.994080e+01 5.314460e+01
24t 5.994890e-01 6.486245e-01 6.305040e-01 5.642035e-01 2.923156e+00
25t 5.997479e-01 7.458287e-01 4.091172e-01 7.939060e-01 5.285857e-01
26t 2.903167e-01 8.701602e-01 3.432399e-01 4.123637e-01 2.838166e-01
27t 8.653654e+01 6.990465e+01 7.108652e+01 1.081871e+02 5.464995e+01
28t 2.624217e+02 2.531813e+02 2.581931e+02 2.111423e+02 1.960191e+02
29t 3.180672e+02 3.134267e+02 3.340101e+02 3.569804e+02 4.118146e+02
30t 1.198865e+01 1.056970e+01 1.240367e+01 2.082347e+01 1.391117e+01
31t 1.496437e+02 1.659260e+02 1.249818e+02 2.653564e+02 1.517847e+02
32t 3.567267e+02 3.694310e+02 3.060601e+02 3.462480e+02 2.678086e+02
33t 1.060953e+02 9.853536e+01 1.136466e+02 1.168700e+02 1.222981e+02
34t 2.739244e+01 2.752728e+01 2.596369e+01 2.790811e+01 2.645921e+01
35t 1.283603e+04 1.289444e+04 1.271516e+04 1.386513e+04 1.273075e+04
36t 1.697779e+05 1.837594e+05 2.000613e+05 2.315042e+05 2.030592e+05
37t 6.079214e+01 5.682179e+01 6.043924e+01 5.723890e+01 6.335233e+01
38t 2.964638e+05 2.914835e+05 3.063400e+05 4.019741e+05 1.539035e+05
39t 5.157614e+00 6.628566e+00 6.265894e+00 5.792542e+00 5.199009e+00
40t 4.523355e+01 5.705023e+01 2.481205e+01 1.649195e+02 2.477488e+02
41t 4.502064e+02 4.492581e+02 4.503866e+02 4.454875e+02 4.490904e+02
42t 3.058055e+02 2.288257e+02 2.814141e+02 3.706430e+02 3.781302e+02
43t 3.335101e+02 3.120830e+02 3.183430e+02 5.012309e+02 3.645964e+02
44t 9.263094e+02 9.295359e+02 9.272384e+02 9.552337e+02 9.523711e+02
45t 9.283714e+02 9.410699e+02 9.311528e+02 9.920239e+02 9.552554e+02
46t 9.229315e+02 9.299420e+02 9.324450e+02 9.404859e+02 9.505961e+02
47t 1.024491e+03 5.430021e+02 1.026888e+03 1.203949e+03 5.485717e+02
48t 9.867333e+02 1.008327e+03 9.421398e+02 1.299352e+03 1.062676e+03
49t 1.033212e+03 5.603104e+02 1.020211e+03 1.032272e+03 6.852799e+02
50t 1.119011e+03 1.209693e+03 9.935512e+02 1.379272e+03 1.300464e+03
# 2025-12-19 06:38:08 -03: Finished testing
