# 2025-09-20 17:14:03 -03: Reading parameter file '/home/dianag/PruebasPablo/irace-test-executions/ACOTSP-withRanking/Scenarios-2/BH/Runs/BH_seed_1400299/parameters.txt'.
# 2025-09-20 17:14:03 -03: 1 expression(s) specifying forbidden configurations read.
# 2025-09-20 17:14:04 -03: Initialization
# Elitist race
# Elitist new instances: 1
# Elitist limit: 2
# nbIterations: 5
# minNbSurvival: 5
# nbParameters: 11
# seed: 1400299
# confidence level: 0.95
# budget: 5500
# mu: 5
# deterministic: FALSE

# 2025-09-20 17:14:04 -03: Iteration 1 of 5
# experimentsUsed: 0
# remainingBudget: 5500
# currentBudget: 1100
# nbConfigurations: 183
# Markers:
     x No test is performed.
     c Configurations are discarded only due to capping.
     - The test is performed and some configurations are discarded.
     = The test is performed but no configuration is discarded.
     ! The test is performed and configurations could be discarded but elite configurations are preserved.
     . All alive configurations are elite and nothing is discarded.

+-+-----------+-----------+-----------+----------------+-----------+--------+-----+----+------+
| |   Instance|      Alive|       Best|       Mean best| Exp so far|  W time|  rho|KenW|  Qvar|
+-+-----------+-----------+-----------+----------------+-----------+--------+-----+----+------+
|x|          1|        183|         64|     32256418.00|        183|00:04:00|   NA|  NA|    NA|
|x|          2|        183|        138|     32331108.00|        366|00:04:00|+0.97|0.99|0.0016|
|x|          3|        183|        138|     32597981.00|        549|00:04:03|+0.97|0.98|0.0014|
|x|          4|        183|         64|     32508996.25|        732|00:04:07|+0.98|0.98|0.0017|
|-|          5|         10|        107|     32527143.20|        915|00:04:05|+0.62|0.70|0.4279|
|-|          6|          4|        107|     32566531.33|        925|00:00:29|-0.08|0.10|0.7770|
+-+-----------+-----------+-----------+----------------+-----------+--------+-----+----+------+
Best configuration for the instances in this race: 107
Best-so-far configuration:          64    mean value:      32558869.67
Description of the best-so-far configuration:
   .ID. algorithm localsearch alpha beta  rho ants  q0 rasrank elitistants nnls
64   64       acs           3  2.15 9.86 0.81   12 0.6      NA          NA   13
   dlb .PARENT.
64   1       NA

# 2025-09-20 17:34:51 -03: Elite configurations (first number is the configuration ID; listed from best to worst according to the sum of ranks):
    algorithm localsearch alpha beta  rho ants   q0 rasrank elitistants nnls
64        acs           3  2.15 9.86 0.81   12 0.60      NA          NA   13
107       acs           3  1.49 3.53 0.97   25 0.26      NA          NA   22
138       acs           3  3.50 9.04 0.23   49 0.32      NA          NA   39
127       ras           3  2.90 0.72 0.82   94   NA       9          NA   46
    dlb
64    1
107   1
138   0
127   0
# 2025-09-20 17:34:51 -03: Iteration 2 of 5
# experimentsUsed: 925
# remainingBudget: 4575
# currentBudget: 1143
# nbConfigurations: 166
# Markers:
     x No test is performed.
     c Configurations are discarded only due to capping.
     - The test is performed and some configurations are discarded.
     = The test is performed but no configuration is discarded.
     ! The test is performed and configurations could be discarded but elite configurations are preserved.
     . All alive configurations are elite and nothing is discarded.

+-+-----------+-----------+-----------+----------------+-----------+--------+-----+----+------+
| |   Instance|      Alive|       Best|       Mean best| Exp so far|  W time|  rho|KenW|  Qvar|
+-+-----------+-----------+-----------+----------------+-----------+--------+-----+----+------+
|x|          7|        166|         64|     32855378.00|        166|00:03:47|   NA|  NA|    NA|
|x|          1|        166|         64|     32555898.00|        328|00:03:39|+0.96|0.98|0.0027|
|x|          6|        166|         64|     32614813.33|        490|00:03:34|+0.97|0.98|0.0031|
|x|          3|        166|         64|     32738567.50|        652|00:03:35|+0.97|0.98|0.0028|
|-|          5|          9|         64|     32707771.80|        814|00:03:38|-0.04|0.17|0.9478|
|=|          4|          9|         64|     32633646.67|        819|00:00:18|+0.05|0.21|0.8698|
|=|          2|          9|        189|     32605353.29|        824|00:00:18|+0.03|0.17|0.8738|
|=|          8|          9|        189|     32580420.62|        833|00:00:27|+0.04|0.16|0.8700|
+-+-----------+-----------+-----------+----------------+-----------+--------+-----+----+------+
Best-so-far configuration:         189    mean value:      32580420.62
Description of the best-so-far configuration:
    .ID. algorithm localsearch alpha beta  rho ants   q0 rasrank elitistants
189  189       acs           3   2.4  7.6 0.55   34 0.46      NA          NA
    nnls dlb .PARENT.
189   27   0      107

# 2025-09-20 17:54:12 -03: Elite configurations (first number is the configuration ID; listed from best to worst according to the sum of ranks):
    algorithm localsearch alpha beta  rho ants   q0 rasrank elitistants nnls
189       acs           3  2.40 7.60 0.55   34 0.46      NA          NA   27
64        acs           3  2.15 9.86 0.81   12 0.60      NA          NA   13
107       acs           3  1.49 3.53 0.97   25 0.26      NA          NA   22
226       acs           3  3.12 6.43 0.56   21 0.38      NA          NA   10
287       acs           3  2.74 9.91 0.51   14 0.35      NA          NA   16
    dlb
189   0
64    1
107   1
226   0
287   0
# 2025-09-20 17:54:12 -03: Iteration 3 of 5
# experimentsUsed: 1758
# remainingBudget: 3742
# currentBudget: 1247
# nbConfigurations: 143
# Markers:
     x No test is performed.
     c Configurations are discarded only due to capping.
     - The test is performed and some configurations are discarded.
     = The test is performed but no configuration is discarded.
     ! The test is performed and configurations could be discarded but elite configurations are preserved.
     . All alive configurations are elite and nothing is discarded.

+-+-----------+-----------+-----------+----------------+-----------+--------+-----+----+------+
| |   Instance|      Alive|       Best|       Mean best| Exp so far|  W time|  rho|KenW|  Qvar|
+-+-----------+-----------+-----------+----------------+-----------+--------+-----+----+------+
|x|          9|        143|        405|     32916838.00|        143|00:03:23|   NA|  NA|    NA|
|x|          8|        143|        405|     32657353.00|        281|00:03:18|+0.91|0.96|0.0022|
|x|          3|        143|        427|     32795993.67|        419|00:03:19|+0.92|0.95|0.0037|
|x|          1|        143|        427|     32661880.25|        557|00:03:19|+0.92|0.94|0.0034|
|-|          7|         19|        427|     32701544.20|        695|00:03:18|+0.09|0.27|0.8247|
|=|          2|         19|        366|     32641390.83|        709|00:00:20|+0.04|0.20|0.8425|
|=|          5|         19|        427|     32632620.14|        723|00:00:20|+0.02|0.16|0.8822|
|=|          4|         19|        427|     32588831.75|        737|00:00:20|+0.03|0.15|0.8810|
|=|          6|         19|        427|     32604324.22|        751|00:00:20|+0.04|0.15|0.8934|
|-|         10|          9|        427|     32584834.80|        770|00:00:21|-0.03|0.07|0.9080|
|=|         11|          9|        427|     32590292.64|        779|00:00:10|-0.06|0.04|0.9229|
|=|         12|          9|        405|     32596491.33|        788|00:00:10|-0.03|0.06|0.8959|
+-+-----------+-----------+-----------+----------------+-----------+--------+-----+----+------+
Best-so-far configuration:         405    mean value:      32596491.33
Description of the best-so-far configuration:
    .ID. algorithm localsearch alpha beta  rho ants   q0 rasrank elitistants
405  405       acs           3  2.41 6.66 0.05   14 0.29      NA          NA
    nnls dlb .PARENT.
405   18   1      226

# 2025-09-20 18:12:57 -03: Elite configurations (first number is the configuration ID; listed from best to worst according to the sum of ranks):
    algorithm localsearch alpha beta  rho ants   q0 rasrank elitistants nnls
405       acs           3  2.41 6.66 0.05   14 0.29      NA          NA   18
414       acs           3  2.26 0.75 0.96   39 0.15      NA          NA   13
366       acs           3  2.35 7.46 0.52   14 0.71      NA          NA   14
427       acs           3  2.66 8.90 0.65   28 0.42      NA          NA   14
440       acs           3  1.63 6.96 0.75    9 0.73      NA          NA   14
    dlb
405   1
414   1
366   1
427   1
440   1
# 2025-09-20 18:12:57 -03: Iteration 4 of 5
# experimentsUsed: 2546
# remainingBudget: 2954
# currentBudget: 1477
# nbConfigurations: 118
# Markers:
     x No test is performed.
     c Configurations are discarded only due to capping.
     - The test is performed and some configurations are discarded.
     = The test is performed but no configuration is discarded.
     ! The test is performed and configurations could be discarded but elite configurations are preserved.
     . All alive configurations are elite and nothing is discarded.

+-+-----------+-----------+-----------+----------------+-----------+--------+-----+----+------+
| |   Instance|      Alive|       Best|       Mean best| Exp so far|  W time|  rho|KenW|  Qvar|
+-+-----------+-----------+-----------+----------------+-----------+--------+-----+----+------+
|x|         13|        118|        538|     32266504.00|        118|00:02:11|   NA|  NA|    NA|
|x|          6|        118|        574|     32502548.50|        231|00:02:05|+0.77|0.88|0.0044|
|x|         12|        118|        574|     32527530.33|        344|00:02:04|+0.77|0.84|0.0044|
|x|          3|        118|        534|     32655191.25|        457|00:02:05|+0.76|0.82|0.0052|
|-|          2|         27|        534|     32587570.80|        570|00:02:05|-0.14|0.09|1.1182|
|=|          8|         27|        534|     32549826.83|        592|00:00:31|-0.06|0.11|1.0409|
|=|          1|         27|        534|     32508599.29|        614|00:00:31|-0.08|0.07|1.0454|
|=|          7|         27|        534|     32550351.12|        636|00:00:31|-0.05|0.08|1.0226|
|=|          4|         27|        534|     32516965.56|        658|00:00:31|-0.03|0.08|1.0037|
|=|         11|         27|        534|     32526448.20|        680|00:00:30|-0.01|0.09|0.9809|
|=|         10|         27|        534|     32519859.00|        702|00:00:31|+0.00|0.09|0.9729|
|=|          9|         27|        534|     32559664.83|        724|00:00:31|-0.01|0.07|0.9764|
|=|          5|         27|        534|     32561029.00|        746|00:00:31|-0.02|0.06|0.9833|
|=|         14|         27|        524|     32565811.21|        773|00:00:31|-0.02|0.05|0.9854|
+-+-----------+-----------+-----------+----------------+-----------+--------+-----+----+------+
Best-so-far configuration:         524    mean value:      32565811.21
Description of the best-so-far configuration:
    .ID. algorithm localsearch alpha beta  rho ants   q0 rasrank elitistants
524  524       acs           3  1.94 9.73 0.58   27 0.58      NA          NA
    nnls dlb .PARENT.
524   14   1      427

# 2025-09-20 18:28:11 -03: Elite configurations (first number is the configuration ID; listed from best to worst according to the sum of ranks):
    algorithm localsearch alpha beta  rho ants   q0 rasrank elitistants nnls
524       acs           3  1.94 9.73 0.58   27 0.58      NA          NA   14
534       acs           3  2.18 8.73 0.71   42 0.44      NA          NA   12
487       acs           3  2.29 1.08 0.78   53 0.10      NA          NA   11
494       acs           3  1.38 7.07 0.60   15 0.81      NA          NA   11
545       acs           3  1.60 5.08 0.12   18 0.50      NA          NA   12
    dlb
524   1
534   1
487   1
494   1
545   1
# 2025-09-20 18:28:11 -03: Iteration 5 of 5
# experimentsUsed: 3319
# remainingBudget: 2181
# currentBudget: 2181
# nbConfigurations: 150
# Markers:
     x No test is performed.
     c Configurations are discarded only due to capping.
     - The test is performed and some configurations are discarded.
     = The test is performed but no configuration is discarded.
     ! The test is performed and configurations could be discarded but elite configurations are preserved.
     . All alive configurations are elite and nothing is discarded.

+-+-----------+-----------+-----------+----------------+-----------+--------+-----+----+------+
| |   Instance|      Alive|       Best|       Mean best| Exp so far|  W time|  rho|KenW|  Qvar|
+-+-----------+-----------+-----------+----------------+-----------+--------+-----+----+------+
|x|         15|        150|        635|     32744731.00|        150|00:02:40|   NA|  NA|    NA|
|x|         10|        150|        659|     32601114.00|        295|00:02:35|+0.58|0.79|0.0087|
|x|         13|        150|        740|     32500957.00|        440|00:02:36|+0.59|0.73|0.0078|
|x|          3|        150|        740|     32624087.50|        585|00:02:36|+0.60|0.70|0.0098|
|-|          5|         41|        740|     32599038.40|        730|00:02:36|-0.08|0.14|1.0663|
|=|         11|         41|        740|     32587803.17|        766|00:00:41|-0.04|0.14|1.0160|
|=|          1|         41|        740|     32537836.29|        802|00:00:41|-0.04|0.11|1.0180|
|=|         12|         41|        740|     32543415.75|        838|00:00:41|-0.04|0.09|1.0086|
|=|          6|         41|        740|     32564873.78|        874|00:00:41|-0.02|0.09|0.9944|
|=|          8|         41|        740|     32553060.40|        910|00:00:41|-0.01|0.09|0.9802|
|=|         14|         41|        740|     32557118.91|        946|00:00:41|-0.01|0.08|0.9825|
|=|          9|         41|        734|     32594824.67|        982|00:00:41|-0.00|0.08|0.9667|
|=|          2|         41|        734|     32572246.77|       1018|00:00:41|+0.01|0.09|0.9542|
|=|          4|         41|        734|     32549153.79|       1054|00:00:41|+0.02|0.09|0.9419|
|-|          7|         31|        734|     32570763.67|       1090|00:00:41|-0.04|0.03|0.9945|
|=|         16|         31|        740|     32560518.62|       1121|00:00:41|-0.03|0.03|0.9900|
|=|         17|         31|        607|     32585166.35|       1152|00:00:41|-0.03|0.03|0.9924|
+-+-----------+-----------+-----------+----------------+-----------+--------+-----+----+------+
Best-so-far configuration:         607    mean value:      32585166.35
Description of the best-so-far configuration:
    .ID. algorithm localsearch alpha beta  rho ants   q0 rasrank elitistants
607  607       acs           3   1.9  8.6 0.54   26 0.61      NA          NA
    nnls dlb .PARENT.
607   14   1      524

# 2025-09-20 18:49:36 -03: Elite configurations (first number is the configuration ID; listed from best to worst according to the sum of ranks):
    algorithm localsearch alpha beta  rho ants   q0 rasrank elitistants nnls
607       acs           3  1.90 8.60 0.54   26 0.61      NA          NA   14
728       acs           3  2.26 9.02 0.59   41 0.50      NA          NA   16
716       acs           3  2.10 8.07 0.53   42 0.32      NA          NA   12
734       acs           3  2.67 0.94 0.71   59 0.12      NA          NA   10
740       acs           3  1.91 9.78 0.79   35 0.38      NA          NA   13
    dlb
607   1
728   1
716   1
734   1
740   1
# 2025-09-20 18:49:36 -03: Iteration 6 of 6
# experimentsUsed: 4471
# remainingBudget: 1029
# currentBudget: 1029
# nbConfigurations: 61
# Markers:
     x No test is performed.
     c Configurations are discarded only due to capping.
     - The test is performed and some configurations are discarded.
     = The test is performed but no configuration is discarded.
     ! The test is performed and configurations could be discarded but elite configurations are preserved.
     . All alive configurations are elite and nothing is discarded.

+-+-----------+-----------+-----------+----------------+-----------+--------+-----+----+------+
| |   Instance|      Alive|       Best|       Mean best| Exp so far|  W time|  rho|KenW|  Qvar|
+-+-----------+-----------+-----------+----------------+-----------+--------+-----+----+------+
|x|         18|         61|        746|     32631407.00|         61|00:01:12|   NA|  NA|    NA|
|x|         11|         61|        607|     32600390.50|        117|00:01:02|+0.43|0.71|0.1179|
|x|         13|         61|        607|     32489474.00|        173|00:01:02|+0.50|0.67|0.0847|
|x|         15|         61|        607|     32568467.00|        229|00:01:02|+0.48|0.61|0.0915|
|-|          9|         22|        607|     32642467.00|        285|00:01:02|-0.08|0.13|1.0467|
|=|         16|         22|        607|     32610161.83|        302|00:00:21|-0.04|0.14|0.9995|
|=|         14|         22|        607|     32599327.71|        319|00:00:20|-0.05|0.10|1.0084|
|=|          8|         22|        607|     32570795.25|        336|00:00:20|-0.03|0.10|0.9877|
|=|          4|         22|        607|     32541983.00|        353|00:00:20|-0.03|0.09|0.9864|
|=|         17|         22|        607|     32584714.00|        370|00:00:20|-0.01|0.09|0.9688|
|=|          2|         22|        607|     32561250.82|        387|00:00:21|-0.01|0.08|0.9696|
|=|          7|         22|        607|     32579716.33|        404|00:00:20|-0.00|0.08|0.9580|
|=|          5|         22|        607|     32572572.46|        421|00:00:20|+0.00|0.08|0.9545|
|=|         10|         22|        607|     32569128.86|        438|00:00:20|+0.00|0.07|0.9577|
|=|         12|         22|        607|     32569076.67|        455|00:00:20|+0.01|0.08|0.9513|
|=|          3|         22|        607|     32601118.50|        472|00:00:20|+0.02|0.08|0.9436|
|=|          6|         22|        607|     32608455.24|        489|00:00:21|+0.02|0.07|0.9433|
|=|          1|         22|        607|     32589243.39|        506|00:00:20|+0.01|0.07|0.9473|
|=|         19|         22|        607|     32593499.37|        528|00:00:30|+0.02|0.07|0.9420|
+-+-----------+-----------+-----------+----------------+-----------+--------+-----+----+------+
Best-so-far configuration:         607    mean value:      32593499.37
Description of the best-so-far configuration:
    .ID. algorithm localsearch alpha beta  rho ants   q0 rasrank elitistants
607  607       acs           3   1.9  8.6 0.54   26 0.61      NA          NA
    nnls dlb .PARENT.
607   14   1      524

# 2025-09-20 19:00:02 -03: Elite configurations (first number is the configuration ID; listed from best to worst according to the sum of ranks):
    algorithm localsearch alpha beta  rho ants   q0 rasrank elitistants nnls
607       acs           3  1.90 8.60 0.54   26 0.61      NA          NA   14
789       acs           3  1.96 8.28 0.48   45 0.37      NA          NA   13
728       acs           3  2.26 9.02 0.59   41 0.50      NA          NA   16
740       acs           3  1.91 9.78 0.79   35 0.38      NA          NA   13
753       acs           3  2.22 8.59 0.60   44 0.49      NA          NA   16
    dlb
607   1
789   1
728   1
740   1
753   1
# 2025-09-20 19:00:02 -03: Iteration 7 of 7
# experimentsUsed: 4999
# remainingBudget: 501
# currentBudget: 501
# nbConfigurations: 29
# Markers:
     x No test is performed.
     c Configurations are discarded only due to capping.
     - The test is performed and some configurations are discarded.
     = The test is performed but no configuration is discarded.
     ! The test is performed and configurations could be discarded but elite configurations are preserved.
     . All alive configurations are elite and nothing is discarded.

+-+-----------+-----------+-----------+----------------+-----------+--------+-----+----+------+
| |   Instance|      Alive|       Best|       Mean best| Exp so far|  W time|  rho|KenW|  Qvar|
+-+-----------+-----------+-----------+----------------+-----------+--------+-----+----+------+
|x|         20|         29|        753|     32756001.00|         29|00:00:31|   NA|  NA|    NA|
|x|         14|         29|        805|     32636966.50|         53|00:00:31|+0.06|0.53|0.8791|
|x|          4|         29|        821|     32507805.67|         77|00:00:31|-0.04|0.31|0.9590|
|x|         15|         29|        821|     32577237.25|        101|00:00:31|+0.10|0.33|0.8119|
|=|         16|         29|        805|     32557506.00|        125|00:00:31|+0.10|0.28|0.8262|
|-|          1|         21|        805|     32506961.33|        149|00:00:31|-0.11|0.08|1.0429|
|=|         17|         21|        805|     32579813.86|        165|00:00:20|-0.13|0.03|1.0484|
|=|          7|         21|        805|     32611763.75|        181|00:00:20|-0.08|0.05|1.0117|
|=|          6|         21|        814|     32626139.56|        197|00:00:20|-0.06|0.06|0.9882|
|=|         11|         21|        814|     32625928.10|        213|00:00:20|-0.06|0.04|1.0069|
|=|         12|         21|        814|     32620610.00|        229|00:00:20|-0.04|0.06|0.9793|
|=|         10|         21|        814|     32604407.33|        245|00:00:20|-0.05|0.04|0.9908|
|=|          5|         21|        814|     32594738.77|        261|00:00:20|-0.03|0.05|0.9736|
|=|         19|         21|        814|     32601875.21|        277|00:00:20|-0.01|0.06|0.9511|
|=|          2|         21|        814|     32582146.67|        293|00:00:20|+0.01|0.08|0.9297|
|=|          8|         21|        814|     32574901.56|        309|00:00:20|+0.00|0.07|0.9399|
|=|          9|         21|        814|     32595616.71|        325|00:00:20|+0.00|0.06|0.9440|
|=|          3|         21|        814|     32618912.78|        341|00:00:20|+0.01|0.07|0.9327|
|=|         18|         21|        814|     32621160.74|        357|00:00:21|+0.01|0.06|0.9343|
|=|         13|         21|        814|     32605368.65|        373|00:00:20|+0.02|0.07|0.9227|
|-|         21|         12|        814|     32615433.24|        394|00:00:31|-0.02|0.03|0.9362|
|=|         22|         12|        814|     32608575.77|        406|00:00:20|-0.02|0.03|0.9304|
|=|         23|         12|        814|     32614599.70|        418|00:00:20|-0.01|0.03|0.9255|
+-+-----------+-----------+-----------+----------------+-----------+--------+-----+----+------+
Best-so-far configuration:         814    mean value:      32614599.70
Description of the best-so-far configuration:
    .ID. algorithm localsearch alpha beta  rho ants   q0 rasrank elitistants
814  814       acs           3  2.21 8.75 0.55   49 0.52      NA          NA
    nnls dlb .PARENT.
814   15   1      728

# 2025-09-20 19:09:15 -03: Elite configurations (first number is the configuration ID; listed from best to worst according to the sum of ranks):
    algorithm localsearch alpha beta  rho ants   q0 rasrank elitistants nnls
814       acs           3  2.21 8.75 0.55   49 0.52      NA          NA   15
728       acs           3  2.26 9.02 0.59   41 0.50      NA          NA   16
607       acs           3  1.90 8.60 0.54   26 0.61      NA          NA   14
821       acs           3  2.29 9.44 0.57   44 0.56      NA          NA   17
753       acs           3  2.22 8.59 0.60   44 0.49      NA          NA   16
    dlb
814   1
728   1
607   1
821   1
753   1
# 2025-09-20 19:09:15 -03: Iteration 8 of 8
# experimentsUsed: 5417
# remainingBudget: 83
# currentBudget: 83
# nbConfigurations: 8
# Markers:
     x No test is performed.
     c Configurations are discarded only due to capping.
     - The test is performed and some configurations are discarded.
     = The test is performed but no configuration is discarded.
     ! The test is performed and configurations could be discarded but elite configurations are preserved.
     . All alive configurations are elite and nothing is discarded.

+-+-----------+-----------+-----------+----------------+-----------+--------+-----+----+------+
| |   Instance|      Alive|       Best|       Mean best| Exp so far|  W time|  rho|KenW|  Qvar|
+-+-----------+-----------+-----------+----------------+-----------+--------+-----+----+------+
|x|         24|          8|        821|     32655650.00|          8|00:00:10|   NA|  NA|    NA|
|x|         18|          8|        814|     32661445.50|         11|00:00:10|+0.52|0.76|0.5830|
|x|         17|          8|        814|     32763119.33|         14|00:00:10|+0.23|0.49|0.5156|
|x|          3|          8|        814|     32826076.00|         17|00:00:10|+0.05|0.29|0.7481|
|=|         14|          8|        814|     32766422.80|         20|00:00:10|+0.14|0.31|0.7189|
|=|          2|          8|        814|     32689676.83|         23|00:00:10|+0.20|0.33|0.6736|
|-|         19|          5|        814|     32690387.14|         26|00:00:10|+0.06|0.20|0.7749|
|.|         11|          5|        814|     32682091.88|         26|00:00:00|-0.01|0.12|0.8367|
|.|         15|          5|        814|     32698681.56|         26|00:00:00|+0.02|0.13|0.8017|
|.|          1|          5|        814|     32654868.70|         26|00:00:00|-0.04|0.06|0.8467|
|.|          5|          5|        814|     32638854.82|         26|00:00:00|-0.03|0.06|0.8570|
|.|         22|          5|        814|     32624331.00|         26|00:00:00|-0.06|0.03|0.8642|
|.|          8|          5|        814|     32612169.00|         26|00:00:00|-0.05|0.03|0.8535|
|.|         20|          5|        814|     32624020.29|         26|00:00:00|-0.04|0.04|0.8410|
|.|         10|          5|        814|     32610830.80|         26|00:00:00|-0.02|0.04|0.8390|
|.|          7|          5|        814|     32626694.44|         26|00:00:00|-0.04|0.03|0.8400|
|.|         13|          5|        814|     32607790.00|         26|00:00:00|-0.02|0.04|0.8270|
|.|         16|          5|        814|     32597643.39|         26|00:00:00|-0.03|0.03|0.8304|
|.|         12|          5|        814|     32596053.16|         26|00:00:00|-0.04|0.02|0.8339|
|.|          4|          5|        814|     32581820.30|         26|00:00:00|-0.03|0.02|0.8308|
|.|         21|          5|        814|     32593006.24|         26|00:00:00|-0.04|0.01|0.8360|
|.|         23|          5|        814|     32600011.68|         26|00:00:00|-0.03|0.02|0.8342|
|.|          6|          5|        814|     32603043.52|         26|00:00:00|-0.02|0.02|0.8331|
|.|          9|          5|        814|     32616544.17|         26|00:00:00|-0.02|0.03|0.8294|
+-+-----------+-----------+-----------+----------------+-----------+--------+-----+----+------+
Best-so-far configuration:         814    mean value:      32616544.17
Description of the best-so-far configuration:
    .ID. algorithm localsearch alpha beta  rho ants   q0 rasrank elitistants
814  814       acs           3  2.21 8.75 0.55   49 0.52      NA          NA
    nnls dlb .PARENT.
814   15   1      728

# 2025-09-20 19:10:28 -03: Elite configurations (first number is the configuration ID; listed from best to worst according to the sum of ranks):
    algorithm localsearch alpha beta  rho ants   q0 rasrank elitistants nnls
814       acs           3  2.21 8.75 0.55   49 0.52      NA          NA   15
821       acs           3  2.29 9.44 0.57   44 0.56      NA          NA   17
607       acs           3  1.90 8.60 0.54   26 0.61      NA          NA   14
728       acs           3  2.26 9.02 0.59   41 0.50      NA          NA   16
753       acs           3  2.22 8.59 0.60   44 0.49      NA          NA   16
    dlb
814   1
821   1
607   1
728   1
753   1
# 2025-09-20 19:10:28 -03: Iteration 9 of 9
# experimentsUsed: 5443
# remainingBudget: 57
# currentBudget: 57
# nbConfigurations: 7
# Markers:
     x No test is performed.
     c Configurations are discarded only due to capping.
     - The test is performed and some configurations are discarded.
     = The test is performed but no configuration is discarded.
     ! The test is performed and configurations could be discarded but elite configurations are preserved.
     . All alive configurations are elite and nothing is discarded.

+-+-----------+-----------+-----------+----------------+-----------+--------+-----+----+------+
| |   Instance|      Alive|       Best|       Mean best| Exp so far|  W time|  rho|KenW|  Qvar|
+-+-----------+-----------+-----------+----------------+-----------+--------+-----+----+------+
|x|         25|          7|        814|     32515486.00|          7|00:00:10|   NA|  NA|    NA|
|x|         21|          7|        814|     32666105.50|          9|00:00:10|+0.21|0.61|0.6201|
|x|         23|          7|        814|     32693112.33|         11|00:00:10|+0.27|0.52|0.6561|
|x|         19|          7|        821|     32700303.75|         13|00:00:10|-0.11|0.17|0.9492|
|=|         18|          7|        814|     32687122.00|         15|00:00:10|-0.05|0.16|0.9126|
|=|         10|          7|        814|     32643631.33|         17|00:00:10|+0.08|0.23|0.8136|
|=|          7|          7|        814|     32675205.29|         19|00:00:10|-0.03|0.12|0.8481|
|=|         12|          7|        814|     32661733.25|         21|00:00:10|-0.01|0.11|0.8193|
|=|          5|          7|        814|     32641398.00|         23|00:00:10|-0.03|0.08|0.8549|
|=|          6|          7|        814|     32644232.60|         25|00:00:10|-0.00|0.10|0.8178|
|=|          1|          7|        814|     32609352.64|         27|00:00:10|+0.01|0.10|0.7943|
|=|          8|          7|        814|     32597425.33|         29|00:00:10|-0.04|0.05|0.8574|
|=|         17|          7|        814|     32625813.15|         31|00:00:10|-0.02|0.06|0.8439|
|=|          3|          7|        814|     32653608.36|         33|00:00:10|-0.02|0.06|0.8627|
|=|          2|          7|        814|     32630430.93|         35|00:00:10|+0.00|0.07|0.8465|
|=|         22|          7|        814|     32620064.56|         37|00:00:10|-0.02|0.05|0.8600|
|=|         11|          7|        814|     32620297.53|         39|00:00:10|-0.02|0.04|0.8717|
|=|         20|          7|        814|     32629063.61|         41|00:00:10|-0.01|0.05|0.8583|
|=|         16|          7|        814|     32618331.37|         43|00:00:10|-0.01|0.04|0.8695|
|=|         24|          7|        814|     32620478.15|         45|00:00:10|-0.00|0.05|0.8562|
|=|         13|          7|        814|     32605470.57|         47|00:00:10|-0.01|0.04|0.8547|
|=|          9|          7|        814|     32620088.23|         49|00:00:10|+0.00|0.05|0.8534|
|=|         14|          7|        814|     32616076.13|         51|00:00:10|-0.01|0.04|0.8630|
|=|          4|          7|        814|     32603381.12|         53|00:00:10|-0.01|0.03|0.8643|
|=|         15|          7|        814|     32612501.84|         55|00:00:10|-0.02|0.02|0.8712|
+-+-----------+-----------+-----------+----------------+-----------+--------+-----+----+------+
Best-so-far configuration:         814    mean value:      32612501.84
Description of the best-so-far configuration:
    .ID. algorithm localsearch alpha beta  rho ants   q0 rasrank elitistants
814  814       acs           3  2.21 8.75 0.55   49 0.52      NA          NA
    nnls dlb .PARENT.
814   15   1      728

# 2025-09-20 19:14:51 -03: Elite configurations (first number is the configuration ID; listed from best to worst according to the sum of ranks):
    algorithm localsearch alpha beta  rho ants   q0 rasrank elitistants nnls
814       acs           3  2.21 8.75 0.55   49 0.52      NA          NA   15
821       acs           3  2.29 9.44 0.57   44 0.56      NA          NA   17
826       acs           3  2.27 9.86 0.50   39 0.53      NA          NA   19
607       acs           3  1.90 8.60 0.54   26 0.61      NA          NA   14
728       acs           3  2.26 9.02 0.59   41 0.50      NA          NA   16
    dlb
814   1
821   1
826   1
607   1
728   1
# 2025-09-20 19:14:51 -03: Stopped because there is not enough budget left to race more than the minimum (5).
# You may either increase the budget or set 'minNbSurvival' to a lower value.
# Iteration: 10
# nbIterations: 10
# experimentsUsed: 5498
# timeUsed: 0
# remainingBudget: 2
# currentBudget: 2
# number of elites: 5
# nbConfigurations: 5
# Total CPU user time: 63453.45, CPU sys time: 472.363, Wall-clock time: 7247.877
# 2025-09-20 19:14:51 -03: Starting post-selection:
# Configurations selected: 814, 821.
# Pending instances: 0, 0.
# 2025-09-20 19:14:51 -03: seed: 1400299
# Configurations: 2
# Available experiments: 2
# minSurvival: 1
# Markers:
     x No test is performed.
     c Configurations are discarded only due to capping.
     - The test is performed and some configurations are discarded.
     = The test is performed but no configuration is discarded.
     ! The test is performed and configurations could be discarded but elite configurations are preserved.
     . All alive configurations are elite and nothing is discarded.

+-+-----------+-----------+-----------+----------------+-----------+--------+-----+----+------+
| |   Instance|      Alive|       Best|       Mean best| Exp so far|  W time|  rho|KenW|  Qvar|
+-+-----------+-----------+-----------+----------------+-----------+--------+-----+----+------+
|.|         19|          2|        821|     32657046.00|          0|00:00:00|   NA|  NA|    NA|
|.|          3|          2|        821|     32839731.00|          0|00:00:00|-1.00|0.00|1.0000|
|.|         16|          2|        821|     32718739.67|          0|00:00:00|-0.33|0.11|0.6667|
|.|         10|          2|        821|     32650852.50|          0|00:00:00|+0.00|0.25|0.5000|
|.|         23|          2|        821|     32681038.80|          0|00:00:00|+0.20|0.36|0.4000|
|.|          7|          2|        821|     32707869.33|          0|00:00:00|-0.07|0.11|0.5333|
|.|          4|          2|        821|     32641533.43|          0|00:00:00|-0.14|0.02|0.5714|
|.|         17|          2|        821|     32688302.88|          0|00:00:00|-0.07|0.06|0.5357|
|.|         11|          2|        821|     32688381.67|          0|00:00:00|+0.00|0.11|0.5000|
|.|          5|          2|        821|     32672497.60|          0|00:00:00|+0.07|0.16|0.4667|
|.|         15|          2|        821|     32682773.45|          0|00:00:00|-0.02|0.07|0.5091|
|.|         12|          2|        821|     32674351.00|          0|00:00:00|+0.03|0.11|0.4848|
|.|         22|          2|        821|     32656378.62|          0|00:00:00|-0.03|0.05|0.5128|
|.|          1|          2|        821|     32628968.00|          0|00:00:00|+0.01|0.08|0.4945|
|.|          8|          2|        821|     32612618.67|          0|00:00:00|-0.03|0.04|0.5143|
|.|          9|          2|        821|     32638414.62|          0|00:00:00|+0.00|0.06|0.5000|
|.|         13|          2|        821|     32618051.71|          0|00:00:00|-0.03|0.03|0.5147|
|.|          2|          2|        821|     32598618.00|          0|00:00:00|-0.05|0.01|0.5229|
|.|         14|          2|        821|     32593686.95|          0|00:00:00|-0.05|0.00|0.5263|
|.|         24|          2|        821|     32596785.10|          0|00:00:00|-0.05|0.00|0.5263|
|.|         18|          2|        821|     32601774.81|          0|00:00:00|-0.05|0.00|0.5238|
|.|         20|          2|        821|     32609647.36|          0|00:00:00|-0.05|0.00|0.5238|
|.|          6|          2|        821|     32612816.22|          0|00:00:00|-0.04|0.00|0.5217|
|.|         25|          2|        821|     32608798.67|          0|00:00:00|-0.04|0.01|0.5181|
|.|         21|          2|        821|     32617486.32|          0|00:00:00|-0.03|0.01|0.5133|
|=|         26|          2|        814|     32614257.88|          2|00:00:10|-0.02|0.02|0.5077|
+-+-----------+-----------+-----------+----------------+-----------+--------+-----+----+------+
Best-so-far configuration:         814    mean value:      32614257.88
Description of the best-so-far configuration:
    .ID. algorithm localsearch alpha beta  rho ants   q0 rasrank elitistants
814  814       acs           3  2.21 8.75 0.55   49 0.52      NA          NA
    nnls dlb .PARENT.
814   15   1      728

# 2025-09-20 19:15:02 -03: Elite configurations (first number is the configuration ID; listed from best to worst according to the sum of ranks):
    algorithm localsearch alpha beta  rho ants   q0 rasrank elitistants nnls
814       acs           3  2.21 8.75 0.55   49 0.52      NA          NA   15
821       acs           3  2.29 9.44 0.57   44 0.56      NA          NA   17
    dlb
814   1
821   1
# Total CPU user time: 63474.32, CPU sys time: 472.542, Wall-clock time: 7258.429
    .ID. algorithm localsearch alpha beta  rho ants   q0 rasrank elitistants
814  814       acs           3  2.21 8.75 0.55   49 0.52      NA          NA
821  821       acs           3  2.29 9.44 0.57   44 0.56      NA          NA
    nnls dlb .PARENT. .RANK.  .WEIGHT.
814   15   1      728     37 0.6666667
821   17   1      728     41 0.3333333
