# 2025-09-08 22:40:39 -03: Reading parameter file '/home/dianag/PruebasPablo/irace-test-executions/ACOTSP-withRanking/Scenarios/BL-45/Runs/BL-45_seed_9876543210/parameters.txt'.
# 2025-09-08 22:40:39 -03: 1 expression(s) specifying forbidden configurations read.
# 2025-09-08 22:40:39 -03: Initialization
# Elitist race
# Elitist new instances: 1
# Elitist limit: 2
# nbIterations: 5
# minNbSurvival: 5
# nbParameters: 11
# seed: 79654930
# confidence level: 0.95
# budget: 2750
# mu: 5
# deterministic: FALSE

# 2025-09-08 22:40:39 -03: Iteration 1 of 5
# experimentsUsed: 0
# remainingBudget: 2750
# currentBudget: 550
# nbConfigurations: 45
# Markers:
     x No test is performed.
     c Configurations are discarded only due to capping.
     - The test is performed and some configurations are discarded.
     = The test is performed but no configuration is discarded.
     ! The test is performed and configurations could be discarded but elite configurations are preserved.
     . All alive configurations are elite and nothing is discarded.

+-+-----------+-----------+-----------+----------------+-----------+--------+-----+----+------+
| |   Instance|      Alive|       Best|       Mean best| Exp so far|  W time|  rho|KenW|  Qvar|
+-+-----------+-----------+-----------+----------------+-----------+--------+-----+----+------+
|x|          1|         45|         11|     33012525.00|         45|00:01:11|   NA|  NA|    NA|
|x|          2|         45|         11|     32654172.00|         90|00:01:11|+0.98|0.99|0.0016|
|x|          3|         45|         11|     32781192.67|        135|00:01:11|+0.98|0.98|0.0016|
|x|          4|         45|         11|     32749008.00|        180|00:01:11|+0.96|0.97|0.0020|
|-|          5|          1|         11|     32724967.80|        225|00:01:13|   NA|  NA|    NA|
+-+-----------+-----------+-----------+----------------+-----------+--------+-----+----+------+
Best-so-far configuration:          11    mean value:      32724967.80
Description of the best-so-far configuration:
   .ID. algorithm localsearch alpha beta  rho ants   q0 rasrank elitistants
11   11       acs           2  0.94 1.41 0.57   25 0.97      NA          NA
   nnls dlb .PARENT.
11   32   1       NA

# 2025-09-08 22:46:38 -03: Elite configurations (first number is the configuration ID; listed from best to worst according to the sum of ranks):
   algorithm localsearch alpha beta  rho ants   q0 rasrank elitistants nnls dlb
11       acs           2  0.94 1.41 0.57   25 0.97      NA          NA   32   1
# 2025-09-08 22:46:38 -03: Iteration 2 of 5
# experimentsUsed: 225
# remainingBudget: 2525
# currentBudget: 631
# nbConfigurations: 45
# Markers:
     x No test is performed.
     c Configurations are discarded only due to capping.
     - The test is performed and some configurations are discarded.
     = The test is performed but no configuration is discarded.
     ! The test is performed and configurations could be discarded but elite configurations are preserved.
     . All alive configurations are elite and nothing is discarded.

+-+-----------+-----------+-----------+----------------+-----------+--------+-----+----+------+
| |   Instance|      Alive|       Best|       Mean best| Exp so far|  W time|  rho|KenW|  Qvar|
+-+-----------+-----------+-----------+----------------+-----------+--------+-----+----+------+
|x|          6|         45|         50|     32229645.00|         45|00:01:02|   NA|  NA|    NA|
|x|          2|         45|         50|     32257107.50|         89|00:01:07|+0.98|0.99|0.0005|
|x|          3|         45|         85|     32494854.67|        133|00:01:07|+0.98|0.99|0.0003|
|x|          4|         45|         50|     32559151.00|        177|00:01:06|+0.98|0.99|0.0004|
|-|          5|          3|         85|     32525735.20|        221|00:01:05|-0.10|0.12|0.8119|
+-+-----------+-----------+-----------+----------------+-----------+--------+-----+----+------+
Best configuration for the instances in this race: 85
Best-so-far configuration:          11    mean value:      32642733.50
Description of the best-so-far configuration:
   .ID. algorithm localsearch alpha beta  rho ants   q0 rasrank elitistants
11   11       acs           2  0.94 1.41 0.57   25 0.97      NA          NA
   nnls dlb .PARENT.
11   32   1       NA

# 2025-09-08 22:52:09 -03: Elite configurations (first number is the configuration ID; listed from best to worst according to the sum of ranks):
   algorithm localsearch alpha beta  rho ants   q0 rasrank elitistants nnls dlb
11       acs           2  0.94 1.41 0.57   25 0.97      NA          NA   32   1
85       acs           3  2.01 6.86 0.57   10 0.34      NA          NA   32   0
50      mmas           3  4.94 4.57 0.22   23   NA      NA          NA   38   0
# 2025-09-08 22:52:09 -03: Iteration 3 of 5
# experimentsUsed: 446
# remainingBudget: 2304
# currentBudget: 768
# nbConfigurations: 45
# Markers:
     x No test is performed.
     c Configurations are discarded only due to capping.
     - The test is performed and some configurations are discarded.
     = The test is performed but no configuration is discarded.
     ! The test is performed and configurations could be discarded but elite configurations are preserved.
     . All alive configurations are elite and nothing is discarded.

+-+-----------+-----------+-----------+----------------+-----------+--------+-----+----+------+
| |   Instance|      Alive|       Best|       Mean best| Exp so far|  W time|  rho|KenW|  Qvar|
+-+-----------+-----------+-----------+----------------+-----------+--------+-----+----+------+
|x|          7|         45|        101|     32524222.00|         45|00:02:21|   NA|  NA|    NA|
|x|          1|         45|        103|     32735759.00|         89|00:01:17|+0.96|0.98|0.0083|
|x|          6|         45|        122|     32553835.00|        131|00:01:13|+0.96|0.97|0.0049|
|x|          5|         45|        122|     32537430.25|        173|00:01:09|+0.96|0.97|0.0037|
|-|          2|          7|        122|     32451379.00|        215|00:01:07|+0.13|0.30|0.6304|
|-|          3|          6|        122|     32522527.67|        219|00:00:11|+0.26|0.39|0.4846|
|=|          4|          6|        122|     32535124.71|        222|00:00:10|+0.19|0.31|0.6079|
|-|          8|          2|        122|     32544944.62|        228|00:00:17|+0.14|0.25|0.4286|
+-+-----------+-----------+-----------+----------------+-----------+--------+-----+----+------+
Best-so-far configuration:         122    mean value:      32544944.62
Description of the best-so-far configuration:
    .ID. algorithm localsearch alpha beta  rho ants   q0 rasrank elitistants
122  122       acs           3  2.74 6.33 0.61   28 0.45      NA          NA
    nnls dlb .PARENT.
122   12   0       85

# 2025-09-08 22:59:57 -03: Elite configurations (first number is the configuration ID; listed from best to worst according to the sum of ranks):
    algorithm localsearch alpha beta  rho ants   q0 rasrank elitistants nnls
122       acs           3  2.74 6.33 0.61   28 0.45      NA          NA   12
103       acs           3  3.80 3.63 0.49   30 0.63      NA          NA   27
    dlb
122   0
103   1
# 2025-09-08 22:59:57 -03: Iteration 4 of 5
# experimentsUsed: 674
# remainingBudget: 2076
# currentBudget: 1038
# nbConfigurations: 45
# Markers:
     x No test is performed.
     c Configurations are discarded only due to capping.
     - The test is performed and some configurations are discarded.
     = The test is performed but no configuration is discarded.
     ! The test is performed and configurations could be discarded but elite configurations are preserved.
     . All alive configurations are elite and nothing is discarded.

+-+-----------+-----------+-----------+----------------+-----------+--------+-----+----+------+
| |   Instance|      Alive|       Best|       Mean best| Exp so far|  W time|  rho|KenW|  Qvar|
+-+-----------+-----------+-----------+----------------+-----------+--------+-----+----+------+
|x|          9|         45|        144|     32208232.00|         45|00:00:56|   NA|  NA|    NA|
|x|          7|         45|        139|     32380859.50|         88|00:00:54|+0.60|0.80|0.0958|
|x|          4|         45|        144|     32435724.33|        131|00:00:54|+0.67|0.78|0.0855|
|x|          3|         45|        147|     32552602.75|        174|00:00:54|+0.70|0.78|0.0833|
|-|          1|         12|        147|     32626227.20|        217|00:00:54|+0.08|0.27|0.8341|
|-|          5|         10|        147|     32591543.50|        227|00:00:12|+0.19|0.33|0.6884|
|-|          6|          8|        147|     32521673.29|        235|00:00:10|+0.37|0.46|0.5487|
|-|          2|          5|        147|     32471818.88|        241|00:00:10|+0.44|0.51|0.4442|
+-+-----------+-----------+-----------+----------------+-----------+--------+-----+----+------+
Best configuration for the instances in this race: 147
Best-so-far configuration:         122    mean value:      32522833.11
Description of the best-so-far configuration:
    .ID. algorithm localsearch alpha beta  rho ants   q0 rasrank elitistants
122  122       acs           3  2.74 6.33 0.61   28 0.45      NA          NA
    nnls dlb .PARENT.
122   12   0       85

# 2025-09-08 23:05:05 -03: Elite configurations (first number is the configuration ID; listed from best to worst according to the sum of ranks):
    algorithm localsearch alpha beta  rho ants   q0 rasrank elitistants nnls
122       acs           3  2.74 6.33 0.61   28 0.45      NA          NA   12
103       acs           3  3.80 3.63 0.49   30 0.63      NA          NA   27
144       acs           3  3.27 5.65 0.49   60 0.58      NA          NA   17
147       acs           3  2.95 1.45 0.51   67 0.80      NA          NA   11
134       acs           3  2.46 5.27 0.53   40 0.25      NA          NA   18
    dlb
122   0
103   1
144   1
147   1
134   1
# 2025-09-08 23:05:05 -03: Iteration 5 of 5
# experimentsUsed: 915
# remainingBudget: 1835
# currentBudget: 1835
# nbConfigurations: 45
# Markers:
     x No test is performed.
     c Configurations are discarded only due to capping.
     - The test is performed and some configurations are discarded.
     = The test is performed but no configuration is discarded.
     ! The test is performed and configurations could be discarded but elite configurations are preserved.
     . All alive configurations are elite and nothing is discarded.

+-+-----------+-----------+-----------+----------------+-----------+--------+-----+----+------+
| |   Instance|      Alive|       Best|       Mean best| Exp so far|  W time|  rho|KenW|  Qvar|
+-+-----------+-----------+-----------+----------------+-----------+--------+-----+----+------+
|x|         10|         45|        190|     32586759.00|         45|00:00:52|   NA|  NA|    NA|
|x|          9|         45|        209|     32411489.50|         85|00:00:45|+0.55|0.78|0.0042|
|x|          1|         45|        209|     32578000.33|        125|00:00:49|+0.54|0.69|0.0069|
|x|          2|         45|        213|     32472051.50|        165|00:00:49|+0.57|0.68|0.0069|
|-|          7|         16|        213|     32469384.80|        205|00:00:51|+0.13|0.30|0.8622|
|-|          6|         11|        213|     32401916.17|        216|00:00:20|+0.25|0.37|0.7538|
|-|          8|          8|        213|     32435058.86|        225|00:00:10|+0.24|0.34|0.6573|
|!|          4|          8|        213|     32456974.25|        228|00:00:10|+0.25|0.34|0.6342|
|-|          3|          7|        213|     32499909.33|        231|00:00:10|+0.34|0.41|0.4977|
|-|          5|          4|        213|     32489465.70|        233|00:00:10|-0.04|0.06|0.7680|
+-+-----------+-----------+-----------+----------------+-----------+--------+-----+----+------+
Best-so-far configuration:         213    mean value:      32489465.70
Description of the best-so-far configuration:
    .ID. algorithm localsearch alpha beta  rho ants  q0 rasrank elitistants
213  213       acs           3  2.45 5.84 0.36   41 0.3      NA          NA
    nnls dlb .PARENT.
213   14   1      134

# 2025-09-08 23:10:17 -03: Elite configurations (first number is the configuration ID; listed from best to worst according to the sum of ranks):
    algorithm localsearch alpha beta  rho ants   q0 rasrank elitistants nnls
213       acs           3  2.45 5.84 0.36   41 0.30      NA          NA   14
144       acs           3  3.27 5.65 0.49   60 0.58      NA          NA   17
180       acs           3  2.55 5.57 0.61   31 0.20      NA          NA   21
147       acs           3  2.95 1.45 0.51   67 0.80      NA          NA   11
    dlb
213   1
144   1
180   1
147   1
# 2025-09-08 23:10:17 -03: Iteration 6 of 6
# experimentsUsed: 1148
# remainingBudget: 1602
# currentBudget: 1602
# nbConfigurations: 45
# Markers:
     x No test is performed.
     c Configurations are discarded only due to capping.
     - The test is performed and some configurations are discarded.
     = The test is performed but no configuration is discarded.
     ! The test is performed and configurations could be discarded but elite configurations are preserved.
     . All alive configurations are elite and nothing is discarded.

+-+-----------+-----------+-----------+----------------+-----------+--------+-----+----+------+
| |   Instance|      Alive|       Best|       Mean best| Exp so far|  W time|  rho|KenW|  Qvar|
+-+-----------+-----------+-----------+----------------+-----------+--------+-----+----+------+
|x|         11|         45|        239|     32559008.00|         45|00:00:52|   NA|  NA|    NA|
|x|          3|         45|        218|     32709051.50|         86|00:00:52|+0.18|0.59|0.6066|
|x|          2|         45|        218|     32510709.67|        127|00:00:51|+0.27|0.51|0.4886|
|x|          9|         45|        247|     32460261.75|        168|00:00:52|+0.30|0.48|0.4557|
|-|          7|         26|        218|     32449613.40|        209|00:00:51|-0.08|0.14|1.0379|
|=|          4|         26|        235|     32481819.17|        231|00:00:31|-0.03|0.14|0.9881|
|=|          6|         26|        218|     32422577.57|        253|00:00:31|+0.00|0.14|0.9542|
|=|          8|         26|        235|     32450754.12|        275|00:00:31|+0.05|0.17|0.9206|
|=|         10|         26|        218|     32463327.78|        297|00:00:31|+0.03|0.14|0.9320|
|=|          1|         26|        213|     32510014.60|        319|00:00:31|-0.01|0.09|0.9657|
|=|          5|         26|        218|     32496925.27|        341|00:00:30|+0.00|0.10|0.9537|
|=|         12|         26|        218|     32496048.92|        367|00:00:31|+0.02|0.10|0.9431|
+-+-----------+-----------+-----------+----------------+-----------+--------+-----+----+------+
Best-so-far configuration:         218    mean value:      32496048.92
Description of the best-so-far configuration:
    .ID. algorithm localsearch alpha beta  rho ants   q0 rasrank elitistants
218  218       acs           3  3.83 6.67 0.39   59 0.44      NA          NA
    nnls dlb .PARENT.
218   16   1      144

# 2025-09-08 23:18:14 -03: Elite configurations (first number is the configuration ID; listed from best to worst according to the sum of ranks):
    algorithm localsearch alpha beta  rho ants   q0 rasrank elitistants nnls
218       acs           3  3.83 6.67 0.39   59 0.44      NA          NA   16
213       acs           3  2.45 5.84 0.36   41 0.30      NA          NA   14
235       acs           3  3.19 1.51 0.49   61 0.67      NA          NA   10
230       acs           3  3.90 4.11 0.54   66 0.56      NA          NA   14
253       acs           3  2.71 5.57 0.58   44 0.03      NA          NA   17
    dlb
218   1
213   1
235   1
230   1
253   1
# 2025-09-08 23:18:14 -03: Iteration 7 of 7
# experimentsUsed: 1515
# remainingBudget: 1235
# currentBudget: 1235
# nbConfigurations: 45
# Markers:
     x No test is performed.
     c Configurations are discarded only due to capping.
     - The test is performed and some configurations are discarded.
     = The test is performed but no configuration is discarded.
     ! The test is performed and configurations could be discarded but elite configurations are preserved.
     . All alive configurations are elite and nothing is discarded.

+-+-----------+-----------+-----------+----------------+-----------+--------+-----+----+------+
| |   Instance|      Alive|       Best|       Mean best| Exp so far|  W time|  rho|KenW|  Qvar|
+-+-----------+-----------+-----------+----------------+-----------+--------+-----+----+------+
|x|         13|         45|        286|     32694156.00|         45|00:00:52|   NA|  NA|    NA|
|x|          8|         45|        286|     32646194.50|         85|00:00:41|+0.36|0.68|0.5061|
|x|          1|         45|        286|     32725058.67|        125|00:00:42|+0.23|0.48|0.5672|
|x|          9|         45|        286|     32596229.25|        165|00:00:42|+0.20|0.40|0.5731|
|-|         12|         24|        294|     32579687.00|        205|00:00:41|-0.02|0.18|0.9659|
|=|          3|         24|        286|     32617444.00|        224|00:00:21|-0.03|0.14|0.9626|
|=|          6|         24|        286|     32540873.86|        243|00:00:20|-0.01|0.13|0.9449|
|=|          4|         24|        286|     32547830.00|        262|00:00:21|+0.01|0.13|0.9271|
|=|         10|         24|        261|     32558364.11|        281|00:00:21|-0.01|0.10|0.9445|
|=|          5|         24|        261|     32539081.90|        300|00:00:20|-0.02|0.08|0.9543|
|=|          7|         24|        261|     32536574.73|        319|00:00:21|-0.02|0.07|0.9586|
|=|         11|         24|        272|     32540451.17|        338|00:00:21|-0.02|0.06|0.9553|
|=|          2|         24|        261|     32506137.15|        357|00:00:20|-0.01|0.06|0.9457|
|=|         14|         24|        272|     32507736.86|        381|00:00:31|-0.02|0.05|0.9546|
+-+-----------+-----------+-----------+----------------+-----------+--------+-----+----+------+
Best-so-far configuration:         272    mean value:      32507736.86
Description of the best-so-far configuration:
    .ID. algorithm localsearch alpha beta  rho ants   q0 rasrank elitistants
272  272       acs           3  3.95 6.77 0.31   58 0.58      NA          NA
    nnls dlb .PARENT.
272   19   1      218

# 2025-09-08 23:25:14 -03: Elite configurations (first number is the configuration ID; listed from best to worst according to the sum of ranks):
    algorithm localsearch alpha beta  rho ants   q0 rasrank elitistants nnls
272       acs           3  3.95 6.77 0.31   58 0.58      NA          NA   19
261       acs           3  3.85 4.61 0.54   68 0.65      NA          NA   15
266       acs           3  3.71 4.78 0.39   62 0.50      NA          NA   12
260       acs           3  4.04 6.94 0.31   57 0.46      NA          NA   20
218       acs           3  3.83 6.67 0.39   59 0.44      NA          NA   16
    dlb
272   1
261   1
266   1
260   1
218   1
# 2025-09-08 23:25:14 -03: Iteration 8 of 8
# experimentsUsed: 1896
# remainingBudget: 854
# currentBudget: 854
# nbConfigurations: 45
# Markers:
     x No test is performed.
     c Configurations are discarded only due to capping.
     - The test is performed and some configurations are discarded.
     = The test is performed but no configuration is discarded.
     ! The test is performed and configurations could be discarded but elite configurations are preserved.
     . All alive configurations are elite and nothing is discarded.

+-+-----------+-----------+-----------+----------------+-----------+--------+-----+----+------+
| |   Instance|      Alive|       Best|       Mean best| Exp so far|  W time|  rho|KenW|  Qvar|
+-+-----------+-----------+-----------+----------------+-----------+--------+-----+----+------+
|x|         15|         45|        334|     32337448.00|         45|00:00:52|   NA|  NA|    NA|
|x|          4|         45|        333|     32442208.50|         85|00:00:41|+0.12|0.56|0.8646|
|x|         11|         45|        334|     32485424.67|        125|00:00:42|+0.17|0.44|0.7639|
|x|          7|         45|        318|     32475461.25|        165|00:00:41|+0.13|0.34|0.7964|
|-|         14|         23|        334|     32487642.20|        205|00:00:42|-0.07|0.15|1.0281|
|=|          5|         23|        334|     32468824.33|        223|00:00:20|-0.00|0.16|0.9639|
|=|          2|         23|        218|     32409279.00|        241|00:00:20|+0.01|0.15|0.9401|
|=|          9|         23|        325|     32395878.25|        259|00:00:21|-0.04|0.09|0.9841|
|=|          6|         23|        323|     32365042.33|        277|00:00:20|-0.04|0.08|0.9945|
|=|         13|         23|        323|     32401303.30|        295|00:00:21|-0.04|0.07|0.9928|
|=|         12|         23|        323|     32406825.00|        313|00:00:21|-0.03|0.06|0.9838|
|=|          3|         23|        323|     32441955.92|        331|00:00:21|-0.02|0.06|0.9762|
|=|          1|         23|        323|     32474546.54|        349|00:00:21|-0.03|0.05|0.9809|
|=|          8|         23|        323|     32485098.86|        367|00:00:21|-0.02|0.05|0.9783|
|=|         10|         23|        323|     32489503.40|        385|00:00:20|-0.01|0.06|0.9671|
|=|         16|         23|        323|     32509616.19|        408|00:00:31|-0.00|0.06|0.9558|
+-+-----------+-----------+-----------+----------------+-----------+--------+-----+----+------+
Best-so-far configuration:         323    mean value:      32509616.19
Description of the best-so-far configuration:
    .ID. algorithm localsearch alpha beta  rho ants   q0 rasrank elitistants
323  323       acs           3   4.1 6.87 0.34   59 0.59      NA          NA
    nnls dlb .PARENT.
323   18   1      272

# 2025-09-08 23:32:56 -03: Elite configurations (first number is the configuration ID; listed from best to worst according to the sum of ranks):
    algorithm localsearch alpha beta  rho ants   q0 rasrank elitistants nnls
323       acs           3  4.10 6.87 0.34   59 0.59      NA          NA   18
325       acs           3  4.02 4.57 0.59   72 0.74      NA          NA   14
298       acs           3  4.22 7.31 0.36   65 0.56      NA          NA   19
335       acs           3  3.76 4.62 0.58   70 0.61      NA          NA   13
261       acs           3  3.85 4.61 0.54   68 0.65      NA          NA   15
    dlb
323   1
325   1
298   1
335   1
261   1
# 2025-09-08 23:32:56 -03: Stopped because there is not enough budget to enforce the value of nbConfigurations.
# Iteration: 9
# nbIterations: 9
# experimentsUsed: 2304
# timeUsed: 0
# remainingBudget: 446
# currentBudget: 446
# number of elites: 5
# nbConfigurations: 30
# Total CPU user time: 25670.33, CPU sys time: 193.022, Wall-clock time: 3136.871
# 2025-09-08 23:32:56 -03: Starting post-selection:
# Configurations selected: 323, 325, 298, 335, 261, 272, 266, 260, 218, 213, 235, 230, 253, 144, 180, 147.
# Pending instances: 1, 1, 1, 1, 1, 1, 1, 1, 1, 3, 3, 3, 3, 5, 5, 5.
# 2025-09-08 23:32:56 -03: seed: 79654930
# Configurations: 16
# Available experiments: 446
# minSurvival: 1
# Markers:
     x No test is performed.
     c Configurations are discarded only due to capping.
     - The test is performed and some configurations are discarded.
     = The test is performed but no configuration is discarded.
     ! The test is performed and configurations could be discarded but elite configurations are preserved.
     . All alive configurations are elite and nothing is discarded.

+-+-----------+-----------+-----------+----------------+-----------+--------+-----+----+------+
| |   Instance|      Alive|       Best|       Mean best| Exp so far|  W time|  rho|KenW|  Qvar|
+-+-----------+-----------+-----------+----------------+-----------+--------+-----+----+------+
|.|         12|         16|        323|     32462042.00|          0|00:00:00|   NA|  NA|    NA|
|.|          7|         16|        323|     32432984.50|          0|00:00:00|+0.30|0.65|0.7653|
|.|          2|         16|        323|     32317676.67|          0|00:00:00|+0.31|0.54|0.7838|
|x|         15|         16|        323|     32328812.75|          7|00:00:10|+0.28|0.46|0.7572|
|.|         10|         16|        323|     32373283.60|          7|00:00:00|+0.29|0.43|0.7123|
|.|         11|         16|        323|     32427260.17|          7|00:00:00|+0.15|0.29|0.8515|
|.|          4|         16|        323|     32448394.14|          7|00:00:00|+0.13|0.25|0.8461|
|.|          5|         16|        323|     32435541.75|          7|00:00:00|+0.15|0.25|0.8208|
|.|          9|         16|        323|     32410387.89|          7|00:00:00|+0.11|0.21|0.8545|
|x|         13|         16|        323|     32442114.30|         10|00:00:10|+0.10|0.19|0.8502|
|.|          1|         16|        323|     32480616.09|         10|00:00:00|+0.08|0.16|0.8692|
|x|         16|         16|        323|     32508173.75|         17|00:00:10|+0.09|0.16|0.8616|
|.|          6|         16|        323|     32473496.85|         17|00:00:00|+0.06|0.14|0.8863|
|.|          8|         16|        323|     32484124.14|         17|00:00:00|+0.04|0.11|0.9086|
|.|          3|         16|        323|     32507075.60|         17|00:00:00|+0.04|0.11|0.9078|
|=|         14|         16|        323|     32509616.19|         20|00:00:10|+0.04|0.10|0.9089|
|-|         17|         10|        323|     32513174.18|         36|00:00:21|-0.02|0.04|0.9256|
|=|         18|         10|        323|     32524616.67|         46|00:00:10|-0.03|0.03|0.9267|
|=|         19|         10|        323|     32515087.95|         56|00:00:10|-0.03|0.03|0.9258|
|=|         20|         10|        323|     32516102.45|         66|00:00:10|-0.03|0.03|0.9256|
|=|         21|         10|        323|     32509674.00|         76|00:00:10|-0.02|0.03|0.9172|
|=|         22|         10|        323|     32518983.32|         86|00:00:10|-0.02|0.03|0.9134|
|=|         23|         10|        323|     32524305.52|         96|00:00:10|-0.01|0.03|0.9164|
|=|         24|         10|        323|     32528801.25|        106|00:00:10|-0.02|0.03|0.9164|
|=|         25|         10|        323|     32524627.24|        116|00:00:10|-0.01|0.03|0.9121|
|=|         26|         10|        323|     32530154.19|        126|00:00:10|-0.02|0.02|0.9145|
|=|         27|         10|        323|     32524395.15|        136|00:00:10|-0.01|0.03|0.9101|
|=|         28|         10|        323|     32534151.71|        146|00:00:10|-0.01|0.03|0.9068|
|=|         29|         10|        335|     32526125.79|        156|00:00:10|-0.00|0.03|0.9001|
|=|         30|         10|        335|     32540725.00|        166|00:00:10|+0.01|0.04|0.8942|
|=|         31|         10|        335|     32536281.35|        176|00:00:10|+0.01|0.04|0.8898|
|=|         32|         10|        325|     32538198.09|        186|00:00:10|+0.02|0.05|0.8835|
|=|         33|         10|        335|     32538447.64|        196|00:00:10|+0.02|0.05|0.8804|
|=|         34|         10|        335|     32548318.00|        206|00:00:10|+0.02|0.05|0.8812|
|=|         35|         10|        218|     32546151.80|        216|00:00:10|+0.01|0.04|0.8865|
|=|         36|         10|        325|     32552370.17|        226|00:00:10|+0.00|0.03|0.8945|
|=|         37|         10|        325|     32550749.41|        236|00:00:10|+0.01|0.03|0.8906|
|=|         38|         10|        325|     32553186.55|        246|00:00:10|+0.00|0.03|0.8922|
|=|         39|         10|        323|     32556297.92|        256|00:00:10|+0.00|0.03|0.8937|
|=|         40|         10|        325|     32545862.02|        266|00:00:10|+0.00|0.03|0.8957|
|=|         41|         10|        325|     32545282.78|        276|00:00:10|-0.00|0.02|0.9010|
|=|         42|         10|        325|     32545677.29|        286|00:00:10|-0.00|0.02|0.8990|
|=|         43|         10|        325|     32547896.95|        296|00:00:10|-0.00|0.02|0.8974|
|=|         44|         10|        325|     32541239.45|        306|00:00:10|+0.00|0.03|0.8936|
|=|         45|         10|        325|     32537550.36|        316|00:00:10|+0.01|0.03|0.8890|
|=|         46|         10|        325|     32529334.72|        326|00:00:10|+0.01|0.03|0.8871|
|=|         47|         10|        325|     32529646.36|        336|00:00:10|+0.01|0.03|0.8838|
|=|         48|         10|        325|     32529660.42|        346|00:00:10|+0.01|0.03|0.8840|
|=|         49|         10|        325|     32527174.90|        356|00:00:10|+0.01|0.03|0.8795|
|=|         50|         10|        325|     32526544.50|        366|00:00:10|+0.01|0.03|0.8842|
|=|         51|         10|        325|     32523622.45|        376|00:00:10|+0.01|0.03|0.8846|
|=|         52|         10|        325|     32521354.50|        386|00:00:10|+0.01|0.03|0.8866|
|=|         53|         10|        218|     32531612.49|        396|00:00:10|+0.00|0.02|0.8882|
|=|         54|         10|        218|     32529095.59|        406|00:00:10|+0.01|0.02|0.8879|
|=|         55|         10|        218|     32530919.87|        416|00:00:10|+0.01|0.02|0.8889|
|=|         56|         10|        218|     32529563.93|        426|00:00:10|+0.01|0.03|0.8859|
|=|         57|         10|        218|     32529928.95|        436|00:00:10|+0.01|0.03|0.8857|
|=|         58|         10|        325|     32528545.26|        446|00:00:10|+0.01|0.03|0.8852|
+-+-----------+-----------+-----------+----------------+-----------+--------+-----+----+------+
Best-so-far configuration:         325    mean value:      32528545.26
Description of the best-so-far configuration:
    .ID. algorithm localsearch alpha beta  rho ants   q0 rasrank elitistants
325  325       acs           3  4.02 4.57 0.59   72 0.74      NA          NA
    nnls dlb .PARENT.
325   14   1      261

# 2025-09-08 23:41:11 -03: Elite configurations (first number is the configuration ID; listed from best to worst according to the sum of ranks):
    algorithm localsearch alpha beta  rho ants   q0 rasrank elitistants nnls
325       acs           3  4.02 4.57 0.59   72 0.74      NA          NA   14
218       acs           3  3.83 6.67 0.39   59 0.44      NA          NA   16
323       acs           3  4.10 6.87 0.34   59 0.59      NA          NA   18
261       acs           3  3.85 4.61 0.54   68 0.65      NA          NA   15
266       acs           3  3.71 4.78 0.39   62 0.50      NA          NA   12
    dlb
325   1
218   1
323   1
261   1
266   1
# Total CPU user time: 30275.79, CPU sys time: 231.014, Wall-clock time: 3632.059
    .ID. algorithm localsearch alpha beta  rho ants   q0 rasrank elitistants
325  325       acs           3  4.02 4.57 0.59   72 0.74      NA          NA
218  218       acs           3  3.83 6.67 0.39   59 0.44      NA          NA
323  323       acs           3  4.10 6.87 0.34   59 0.59      NA          NA
261  261       acs           3  3.85 4.61 0.54   68 0.65      NA          NA
266  266       acs           3  3.71 4.78 0.39   62 0.50      NA          NA
    nnls dlb .PARENT. .RANK.   .WEIGHT.
325   14   1      261    275 0.33333333
218   16   1      144    280 0.26666667
323   18   1      272    306 0.20000000
261   15   1      230    313 0.13333333
266   12   1      230    318 0.06666667
