# 2025-09-08 23:42:04 -03: Reading parameter file '/home/dianag/PruebasPablo/irace-test-executions/ACOTSP-withRanking/Scenarios/BH-45/Runs/BH-45_seed_9876543210/parameters.txt'.
# 2025-09-08 23:42:04 -03: 1 expression(s) specifying forbidden configurations read.
# 2025-09-08 23:42:04 -03: Initialization
# Elitist race
# Elitist new instances: 1
# Elitist limit: 2
# nbIterations: 5
# minNbSurvival: 5
# nbParameters: 11
# seed: 1187930085
# confidence level: 0.95
# budget: 5500
# mu: 5
# deterministic: FALSE

# 2025-09-08 23:42:04 -03: Iteration 1 of 5
# experimentsUsed: 0
# remainingBudget: 5500
# currentBudget: 1100
# nbConfigurations: 45
# Markers:
     x No test is performed.
     c Configurations are discarded only due to capping.
     - The test is performed and some configurations are discarded.
     = The test is performed but no configuration is discarded.
     ! The test is performed and configurations could be discarded but elite configurations are preserved.
     . All alive configurations are elite and nothing is discarded.

+-+-----------+-----------+-----------+----------------+-----------+--------+-----+----+------+
| |   Instance|      Alive|       Best|       Mean best| Exp so far|  W time|  rho|KenW|  Qvar|
+-+-----------+-----------+-----------+----------------+-----------+--------+-----+----+------+
|x|          1|         45|         11|     32572357.00|         45|00:01:23|   NA|  NA|    NA|
|x|          2|         45|         11|     32679399.50|         90|00:01:23|+0.99|0.99|0.0022|
|x|          3|         45|         11|     32648066.33|        135|00:01:23|+0.98|0.99|0.0022|
|x|          4|         45|         11|     32610563.75|        180|00:01:23|+0.98|0.98|0.0022|
|-|          5|          3|         11|     32672852.80|        225|00:01:21|+0.35|0.48|0.3228|
+-+-----------+-----------+-----------+----------------+-----------+--------+-----+----+------+
Best-so-far configuration:          11    mean value:      32672852.80
Description of the best-so-far configuration:
   .ID. algorithm localsearch alpha beta  rho ants q0 rasrank elitistants nnls
11   11       ras           3  3.74 2.91 0.92   77 NA      25          NA   21
   dlb .PARENT.
11   0       NA

# 2025-09-08 23:48:58 -03: Elite configurations (first number is the configuration ID; listed from best to worst according to the sum of ranks):
   algorithm localsearch alpha beta  rho ants q0 rasrank elitistants nnls dlb
11       ras           3  3.74 2.91 0.92   77 NA      25          NA   21   0
34       eas           3  2.88 8.07 0.16   24 NA      NA         439   10   0
43        as           3  3.82 3.69 0.84   30 NA      NA          NA   47   0
# 2025-09-08 23:48:59 -03: Iteration 2 of 5
# experimentsUsed: 225
# remainingBudget: 5275
# currentBudget: 1318
# nbConfigurations: 45
# Markers:
     x No test is performed.
     c Configurations are discarded only due to capping.
     - The test is performed and some configurations are discarded.
     = The test is performed but no configuration is discarded.
     ! The test is performed and configurations could be discarded but elite configurations are preserved.
     . All alive configurations are elite and nothing is discarded.

+-+-----------+-----------+-----------+----------------+-----------+--------+-----+----+------+
| |   Instance|      Alive|       Best|       Mean best| Exp so far|  W time|  rho|KenW|  Qvar|
+-+-----------+-----------+-----------+----------------+-----------+--------+-----+----+------+
|x|          6|         45|         49|     32690356.00|         45|00:01:02|   NA|  NA|    NA|
|x|          4|         45|         11|     32616119.00|         87|00:00:52|+0.98|0.99|0.0001|
|x|          3|         45|         82|     32575501.33|        129|00:00:53|+0.98|0.99|0.0004|
|x|          5|         45|         48|     32662193.75|        171|00:00:55|+0.98|0.98|0.0004|
|-|          1|          7|         48|     32648769.80|        213|00:00:53|+0.25|0.40|0.5698|
|-|          2|          5|         48|     32667395.50|        217|00:00:10|-0.09|0.09|0.7396|
+-+-----------+-----------+-----------+----------------+-----------+--------+-----+----+------+
Best-so-far configuration:          48    mean value:      32667395.50
Description of the best-so-far configuration:
   .ID. algorithm localsearch alpha beta  rho ants q0 rasrank elitistants nnls
48   48       ras           3  3.66 2.19 0.84   59 NA      23          NA   19
   dlb .PARENT.
48   0       11

# 2025-09-08 23:53:47 -03: Elite configurations (first number is the configuration ID; listed from best to worst according to the sum of ranks):
   algorithm localsearch alpha beta  rho ants   q0 rasrank elitistants nnls dlb
48       ras           3  3.66 2.19 0.84   59   NA      23          NA   19   0
11       ras           3  3.74 2.91 0.92   77   NA      25          NA   21   0
79       ras           3  3.60 3.17 0.83   91   NA      13          NA   27   1
82       acs           3  2.77 5.18 0.26   32 0.72      NA          NA   10   0
67      mmas           3  2.12 7.08 0.20   11   NA      NA          NA   16   1
# 2025-09-08 23:53:47 -03: Iteration 3 of 5
# experimentsUsed: 442
# remainingBudget: 5058
# currentBudget: 1686
# nbConfigurations: 45
# Markers:
     x No test is performed.
     c Configurations are discarded only due to capping.
     - The test is performed and some configurations are discarded.
     = The test is performed but no configuration is discarded.
     ! The test is performed and configurations could be discarded but elite configurations are preserved.
     . All alive configurations are elite and nothing is discarded.

+-+-----------+-----------+-----------+----------------+-----------+--------+-----+----+------+
| |   Instance|      Alive|       Best|       Mean best| Exp so far|  W time|  rho|KenW|  Qvar|
+-+-----------+-----------+-----------+----------------+-----------+--------+-----+----+------+
|x|          7|         45|         88|     32679652.00|         45|00:01:14|   NA|  NA|    NA|
|x|          2|         45|         88|     32732704.50|         85|00:01:07|+0.94|0.97|0.0025|
|x|          1|         45|         92|     32668637.67|        125|00:01:06|+0.92|0.94|0.0024|
|x|          4|         45|         11|     32635030.00|        165|00:01:07|+0.91|0.93|0.0038|
|-|          6|         11|         11|     32654860.40|        205|00:01:07|-0.13|0.09|1.0460|
|=|          5|         11|         11|     32699385.17|        211|00:00:13|-0.14|0.05|1.0430|
|=|          3|         11|         48|     32680995.71|        217|00:00:13|-0.11|0.05|1.0087|
|=|          8|         11|         48|     32683563.50|        228|00:00:20|-0.06|0.07|0.9577|
+-+-----------+-----------+-----------+----------------+-----------+--------+-----+----+------+
Best-so-far configuration:          48    mean value:      32683563.50
Description of the best-so-far configuration:
   .ID. algorithm localsearch alpha beta  rho ants q0 rasrank elitistants nnls
48   48       ras           3  3.66 2.19 0.84   59 NA      23          NA   19
   dlb .PARENT.
48   0       11

# 2025-09-09 00:00:18 -03: Elite configurations (first number is the configuration ID; listed from best to worst according to the sum of ranks):
   algorithm localsearch alpha beta  rho ants   q0 rasrank elitistants nnls dlb
48       ras           3  3.66 2.19 0.84   59   NA      23          NA   19   0
82       acs           3  2.77 5.18 0.26   32 0.72      NA          NA   10   0
79       ras           3  3.60 3.17 0.83   91   NA      13          NA   27   1
92       ras           3  3.53 2.52 0.57   66   NA      30          NA   20   0
88       acs           3  3.36 4.20 0.48   22 0.82      NA          NA   12   0
# 2025-09-09 00:00:18 -03: Iteration 4 of 5
# experimentsUsed: 670
# remainingBudget: 4830
# currentBudget: 2415
# nbConfigurations: 45
# Markers:
     x No test is performed.
     c Configurations are discarded only due to capping.
     - The test is performed and some configurations are discarded.
     = The test is performed but no configuration is discarded.
     ! The test is performed and configurations could be discarded but elite configurations are preserved.
     . All alive configurations are elite and nothing is discarded.

+-+-----------+-----------+-----------+----------------+-----------+--------+-----+----+------+
| |   Instance|      Alive|       Best|       Mean best| Exp so far|  W time|  rho|KenW|  Qvar|
+-+-----------+-----------+-----------+----------------+-----------+--------+-----+----+------+
|x|          9|         45|        141|     32323505.00|         45|00:01:03|   NA|  NA|    NA|
|x|          2|         45|         82|     32522879.50|         85|00:01:00|+0.90|0.95|0.0041|
|x|          7|         45|        138|     32589574.33|        125|00:01:04|+0.84|0.89|0.0062|
|x|          5|         45|        138|     32669425.75|        165|00:01:03|+0.84|0.88|0.0057|
|-|          3|          9|        138|     32621427.80|        205|00:01:03|+0.02|0.22|0.9006|
|=|          8|          9|         79|     32647747.83|        209|00:00:10|-0.02|0.15|0.9565|
|=|          6|          9|        133|     32651205.71|        213|00:00:10|-0.04|0.11|0.9757|
|=|          4|          9|        138|     32628453.50|        217|00:00:10|-0.00|0.12|0.9217|
|=|          1|          9|        138|     32623377.89|        221|00:00:10|-0.03|0.08|0.9373|
|=|         10|          9|        138|     32621501.10|        230|00:00:13|-0.02|0.08|0.9059|
+-+-----------+-----------+-----------+----------------+-----------+--------+-----+----+------+
Best-so-far configuration:         138    mean value:      32621501.10
Description of the best-so-far configuration:
    .ID. algorithm localsearch alpha beta rho ants   q0 rasrank elitistants
138  138       acs           3  3.31 3.52 0.2   42 0.72      NA          NA
    nnls dlb .PARENT.
138    6   0       82

# 2025-09-09 00:06:29 -03: Elite configurations (first number is the configuration ID; listed from best to worst according to the sum of ranks):
    algorithm localsearch alpha beta  rho ants   q0 rasrank elitistants nnls
138       acs           3  3.31 3.52 0.20   42 0.72      NA          NA    6
79        ras           3  3.60 3.17 0.83   91   NA      13          NA   27
141       acs           3  2.90 5.42 0.31   37 0.55      NA          NA   21
133       ras           3  2.81 3.29 0.67   79   NA      10          NA   10
145       ras           3  4.08 3.72 0.57   60   NA      13          NA   16
    dlb
138   0
79    1
141   0
133   0
145   0
# 2025-09-09 00:06:29 -03: Iteration 5 of 5
# experimentsUsed: 900
# remainingBudget: 4600
# currentBudget: 4600
# nbConfigurations: 45
# Markers:
     x No test is performed.
     c Configurations are discarded only due to capping.
     - The test is performed and some configurations are discarded.
     = The test is performed but no configuration is discarded.
     ! The test is performed and configurations could be discarded but elite configurations are preserved.
     . All alive configurations are elite and nothing is discarded.

+-+-----------+-----------+-----------+----------------+-----------+--------+-----+----+------+
| |   Instance|      Alive|       Best|       Mean best| Exp so far|  W time|  rho|KenW|  Qvar|
+-+-----------+-----------+-----------+----------------+-----------+--------+-----+----+------+
|x|         11|         45|        188|     32796397.00|         45|00:00:53|   NA|  NA|    NA|
|x|          7|         45|        170|     32736186.00|         85|00:00:48|+0.47|0.74|0.4180|
|x|          9|         45|        170|     32601169.67|        125|00:00:51|+0.43|0.62|0.4380|
|x|          5|         45|        170|     32678656.25|        165|00:00:50|+0.45|0.59|0.4276|
|-|          6|         23|        174|     32674307.40|        205|00:00:52|-0.12|0.11|1.0317|
|=|          2|         23|        170|     32698443.33|        223|00:00:22|-0.10|0.08|1.0252|
|=|          1|         23|        174|     32683094.14|        241|00:00:20|-0.08|0.08|1.0049|
|=|         10|         23|        174|     32664234.62|        259|00:00:22|-0.05|0.08|0.9851|
|=|          8|         23|        198|     32675801.22|        277|00:00:21|-0.06|0.06|0.9825|
|=|          4|         23|        174|     32658697.80|        295|00:00:21|-0.03|0.07|0.9758|
|=|          3|         23|        174|     32637931.00|        313|00:00:21|+0.00|0.09|0.9377|
|=|         12|         23|        174|     32628727.50|        336|00:00:31|+0.01|0.09|0.9314|
+-+-----------+-----------+-----------+----------------+-----------+--------+-----+----+------+
Best-so-far configuration:         174    mean value:      32628727.50
Description of the best-so-far configuration:
    .ID. algorithm localsearch alpha beta rho ants   q0 rasrank elitistants
174  174       acs           3  4.13 3.76 0.1   18 0.68      NA          NA
    nnls dlb .PARENT.
174   12   0      138

# 2025-09-09 00:13:27 -03: Elite configurations (first number is the configuration ID; listed from best to worst according to the sum of ranks):
    algorithm localsearch alpha beta  rho ants   q0 rasrank elitistants nnls
174       acs           3  4.13 3.76 0.10   18 0.68      NA          NA   12
138       acs           3  3.31 3.52 0.20   42 0.72      NA          NA    6
203       acs           3  2.56 2.87 0.14   38 0.75      NA          NA   11
198       acs           3  2.13 2.92 0.17   42 0.69      NA          NA   10
170       acs           3  3.48 5.42 0.33   42 0.34      NA          NA   16
    dlb
174   0
138   0
203   0
198   0
170   0
# 2025-09-09 00:13:27 -03: Iteration 6 of 6
# experimentsUsed: 1236
# remainingBudget: 4264
# currentBudget: 4264
# nbConfigurations: 45
# Markers:
     x No test is performed.
     c Configurations are discarded only due to capping.
     - The test is performed and some configurations are discarded.
     = The test is performed but no configuration is discarded.
     ! The test is performed and configurations could be discarded but elite configurations are preserved.
     . All alive configurations are elite and nothing is discarded.

+-+-----------+-----------+-----------+----------------+-----------+--------+-----+----+------+
| |   Instance|      Alive|       Best|       Mean best| Exp so far|  W time|  rho|KenW|  Qvar|
+-+-----------+-----------+-----------+----------------+-----------+--------+-----+----+------+
|x|         13|         45|        222|     32694054.00|         45|00:00:54|   NA|  NA|    NA|
|x|          4|         45|        234|     32568574.00|         85|00:00:46|+0.45|0.72|0.5291|
|x|         11|         45|        234|     32662786.67|        125|00:00:47|+0.39|0.60|0.7127|
|x|          9|         45|        234|     32568564.75|        165|00:00:47|+0.39|0.54|0.6497|
|-|          8|         15|        234|     32581987.20|        205|00:00:46|+0.07|0.26|0.8934|
|=|         12|         15|        234|     32574516.00|        215|00:00:10|+0.02|0.18|0.9075|
|=|         10|         15|        234|     32569862.43|        225|00:00:11|-0.00|0.14|0.9297|
|=|          6|         15|        234|     32586419.38|        235|00:00:10|-0.01|0.12|0.9345|
|=|          5|         15|        234|     32617398.22|        245|00:00:10|+0.01|0.12|0.9001|
|=|          7|         15|        234|     32628937.30|        255|00:00:10|+0.01|0.11|0.9102|
|=|          2|         15|        234|     32634516.64|        265|00:00:10|+0.04|0.13|0.8843|
|=|          1|         15|        234|     32624815.50|        275|00:00:10|+0.04|0.12|0.8852|
|=|          3|         15|        214|     32607266.92|        285|00:00:10|+0.03|0.10|0.9001|
|=|         14|         15|        214|     32606112.50|        300|00:00:20|+0.05|0.11|0.8866|
+-+-----------+-----------+-----------+----------------+-----------+--------+-----+----+------+
Best-so-far configuration:         214    mean value:      32606112.50
Description of the best-so-far configuration:
    .ID. algorithm localsearch alpha beta  rho ants   q0 rasrank elitistants
214  214       acs           3  3.48 2.94 0.13   46 0.63      NA          NA
    nnls dlb .PARENT.
214    9   0      138

# 2025-09-09 00:19:15 -03: Elite configurations (first number is the configuration ID; listed from best to worst according to the sum of ranks):
    algorithm localsearch alpha beta  rho ants   q0 rasrank elitistants nnls
214       acs           3  3.48 2.94 0.13   46 0.63      NA          NA    9
234       acs           3  3.83 5.20 0.01   23 0.77      NA          NA    9
233       acs           3  3.58 3.26 0.13   53 0.73      NA          NA    9
224       acs           3  2.91 2.25 0.16   50 0.88      NA          NA    7
241       acs           3  3.85 5.12 0.08   41 0.73      NA          NA    7
    dlb
214   0
234   0
233   0
224   0
241   0
# 2025-09-09 00:19:15 -03: Iteration 7 of 7
# experimentsUsed: 1536
# remainingBudget: 3964
# currentBudget: 3964
# nbConfigurations: 45
# Markers:
     x No test is performed.
     c Configurations are discarded only due to capping.
     - The test is performed and some configurations are discarded.
     = The test is performed but no configuration is discarded.
     ! The test is performed and configurations could be discarded but elite configurations are preserved.
     . All alive configurations are elite and nothing is discarded.

+-+-----------+-----------+-----------+----------------+-----------+--------+-----+----+------+
| |   Instance|      Alive|       Best|       Mean best| Exp so far|  W time|  rho|KenW|  Qvar|
+-+-----------+-----------+-----------+----------------+-----------+--------+-----+----+------+
|x|         15|         45|        214|     32615729.00|         45|00:00:52|   NA|  NA|    NA|
|x|          5|         45|        214|     32726421.00|         85|00:00:43|+0.39|0.70|0.3268|
|x|          4|         45|        214|     32627557.00|        125|00:00:44|+0.42|0.61|0.3204|
|x|         12|         45|        268|     32586405.75|        165|00:00:43|+0.43|0.57|0.3198|
|-|          2|         17|        268|     32611994.80|        205|00:00:44|-0.04|0.17|0.9744|
|=|         14|         17|        268|     32599904.50|        217|00:00:20|+0.02|0.18|0.9122|
|=|          7|         17|        268|     32606401.00|        229|00:00:20|+0.02|0.16|0.9188|
|=|          6|         17|        268|     32618508.50|        241|00:00:20|+0.00|0.13|0.9368|
|=|          3|         17|        268|     32608745.33|        253|00:00:20|+0.03|0.13|0.9037|
|=|         13|         17|        268|     32623761.40|        265|00:00:20|+0.04|0.14|0.8949|
|=|         11|         17|        224|     32644776.82|        277|00:00:20|+0.04|0.13|0.8996|
|=|          8|         17|        224|     32639178.75|        289|00:00:20|+0.04|0.12|0.9037|
|=|          1|         17|        214|     32635277.54|        301|00:00:20|+0.03|0.11|0.9104|
|=|          9|         17|        214|     32612262.14|        313|00:00:20|+0.05|0.12|0.8977|
|-|         10|         11|        214|     32606753.60|        325|00:00:20|-0.05|0.02|0.9465|
|=|         16|         11|        214|     32601454.50|        336|00:00:20|-0.05|0.02|0.9426|
|=|         17|         11|        214|     32605491.06|        347|00:00:20|-0.05|0.02|0.9438|
+-+-----------+-----------+-----------+----------------+-----------+--------+-----+----+------+
Best-so-far configuration:         214    mean value:      32605491.06
Description of the best-so-far configuration:
    .ID. algorithm localsearch alpha beta  rho ants   q0 rasrank elitistants
214  214       acs           3  3.48 2.94 0.13   46 0.63      NA          NA
    nnls dlb .PARENT.
214    9   0      138

# 2025-09-09 00:27:14 -03: Elite configurations (first number is the configuration ID; listed from best to worst according to the sum of ranks):
    algorithm localsearch alpha beta  rho ants   q0 rasrank elitistants nnls
214       acs           3  3.48 2.94 0.13   46 0.63      NA          NA    9
224       acs           3  2.91 2.25 0.16   50 0.88      NA          NA    7
234       acs           3  3.83 5.20 0.01   23 0.77      NA          NA    9
233       acs           3  3.58 3.26 0.13   53 0.73      NA          NA    9
270       acs           3  3.71 3.92 0.09   36 0.54      NA          NA   10
    dlb
214   0
224   0
234   0
233   0
270   0
# 2025-09-09 00:27:14 -03: Iteration 8 of 8
# experimentsUsed: 1883
# remainingBudget: 3617
# currentBudget: 3617
# nbConfigurations: 45
# Markers:
     x No test is performed.
     c Configurations are discarded only due to capping.
     - The test is performed and some configurations are discarded.
     = The test is performed but no configuration is discarded.
     ! The test is performed and configurations could be discarded but elite configurations are preserved.
     . All alive configurations are elite and nothing is discarded.

+-+-----------+-----------+-----------+----------------+-----------+--------+-----+----+------+
| |   Instance|      Alive|       Best|       Mean best| Exp so far|  W time|  rho|KenW|  Qvar|
+-+-----------+-----------+-----------+----------------+-----------+--------+-----+----+------+
|x|         18|         45|        324|     32433381.00|         45|00:00:52|   NA|  NA|    NA|
|x|         12|         45|        289|     32483050.00|         85|00:00:43|+0.08|0.54|0.8094|
|x|          3|         45|        288|     32467970.00|        125|00:00:42|+0.20|0.47|0.6668|
|x|          7|         45|        308|     32520488.25|        165|00:00:42|+0.23|0.42|0.5980|
|-|          9|         30|        288|     32483021.80|        205|00:00:43|-0.06|0.15|1.0252|
|=|          5|         30|        308|     32540180.50|        230|00:00:31|-0.04|0.14|0.9939|
|=|         10|         30|        308|     32537636.57|        255|00:00:31|+0.00|0.15|0.9517|
|=|         16|         30|        308|     32546051.75|        280|00:00:31|+0.01|0.13|0.9503|
|=|          1|         30|        214|     32544362.78|        305|00:00:31|+0.00|0.11|0.9542|
|=|         14|         30|        214|     32549037.00|        330|00:00:31|+0.02|0.12|0.9393|
|=|          8|         30|        214|     32560613.55|        355|00:00:31|+0.03|0.12|0.9287|
|=|         13|         30|        214|     32572301.75|        380|00:00:31|+0.04|0.12|0.9237|
|-|         17|         17|        326|     32573164.08|        405|00:00:31|-0.02|0.05|0.9545|
|=|         11|         17|        224|     32589626.07|        417|00:00:20|-0.01|0.07|0.9436|
|=|         15|         17|        326|     32594248.00|        429|00:00:21|-0.01|0.06|0.9406|
|=|          4|         17|        326|     32585581.12|        441|00:00:20|-0.01|0.05|0.9429|
|=|          2|         17|        326|     32589911.88|        453|00:00:20|-0.00|0.06|0.9358|
|=|          6|         17|        326|     32593122.50|        465|00:00:21|+0.00|0.06|0.9311|
|=|         19|         17|        326|     32594404.79|        482|00:00:20|+0.00|0.06|0.9315|
+-+-----------+-----------+-----------+----------------+-----------+--------+-----+----+------+
Best-so-far configuration:         326    mean value:      32594404.79
Description of the best-so-far configuration:
    .ID. algorithm localsearch alpha beta  rho ants   q0 rasrank elitistants
326  326       acs           3   2.8 2.05 0.15   49 0.87      NA          NA
    nnls dlb .PARENT.
326    9   0      224

# 2025-09-09 00:37:14 -03: Elite configurations (first number is the configuration ID; listed from best to worst according to the sum of ranks):
    algorithm localsearch alpha beta  rho ants   q0 rasrank elitistants nnls
326       acs           3  2.80 2.05 0.15   49 0.87      NA          NA    9
224       acs           3  2.91 2.25 0.16   50 0.88      NA          NA    7
214       acs           3  3.48 2.94 0.13   46 0.63      NA          NA    9
292       acs           3  3.67 3.25 0.05   40 0.72      NA          NA   12
315       acs           3  3.52 2.08 0.13   48 0.72      NA          NA   10
    dlb
326   0
224   0
214   0
292   0
315   0
# 2025-09-09 00:37:14 -03: Iteration 9 of 9
# experimentsUsed: 2365
# remainingBudget: 3135
# currentBudget: 3135
# nbConfigurations: 45
# Markers:
     x No test is performed.
     c Configurations are discarded only due to capping.
     - The test is performed and some configurations are discarded.
     = The test is performed but no configuration is discarded.
     ! The test is performed and configurations could be discarded but elite configurations are preserved.
     . All alive configurations are elite and nothing is discarded.

+-+-----------+-----------+-----------+----------------+-----------+--------+-----+----+------+
| |   Instance|      Alive|       Best|       Mean best| Exp so far|  W time|  rho|KenW|  Qvar|
+-+-----------+-----------+-----------+----------------+-----------+--------+-----+----+------+
|x|         20|         45|        292|     32274044.00|         45|00:00:52|   NA|  NA|    NA|
|x|          3|         45|        224|     32372269.00|         85|00:00:46|+0.19|0.59|0.4337|
|x|         15|         45|        349|     32466962.00|        125|00:00:45|+0.26|0.51|0.3999|
|x|         17|         45|        326|     32501390.00|        165|00:00:45|+0.25|0.44|0.4237|
|-|         18|         27|        344|     32494643.80|        205|00:00:45|-0.11|0.11|1.0932|
|=|          7|         27|        350|     32528492.17|        227|00:00:31|-0.07|0.11|1.0385|
|=|         13|         27|        350|     32561890.57|        249|00:00:31|-0.03|0.12|0.9986|
|=|         19|         27|        224|     32564212.62|        271|00:00:31|-0.00|0.12|0.9697|
|=|          4|         27|        362|     32550095.11|        293|00:00:31|-0.01|0.10|0.9699|
|=|          9|         27|        214|     32530737.40|        315|00:00:31|-0.02|0.08|0.9756|
|=|         11|         27|        332|     32561335.64|        337|00:00:31|+0.00|0.09|0.9538|
|=|         14|         27|        362|     32557914.25|        359|00:00:31|+0.03|0.11|0.9314|
|=|          5|         27|        362|     32577676.38|        381|00:00:31|+0.02|0.09|0.9410|
|=|          1|         27|        362|     32574594.14|        403|00:00:31|+0.03|0.10|0.9320|
|=|         12|         27|        362|     32572027.13|        425|00:00:31|+0.01|0.08|0.9447|
|=|          6|         27|        214|     32579641.69|        447|00:00:30|+0.02|0.08|0.9320|
|=|         10|         27|        214|     32576700.06|        469|00:00:31|+0.03|0.09|0.9279|
|-|         16|         20|        214|     32573659.39|        491|00:00:31|-0.03|0.03|0.9834|
|=|          8|         20|        214|     32579065.68|        506|00:00:20|-0.02|0.03|0.9791|
|=|          2|         20|        326|     32581173.40|        521|00:00:20|-0.01|0.04|0.9711|
|=|         21|         20|        326|     32576931.76|        541|00:00:21|-0.01|0.04|0.9704|
+-+-----------+-----------+-----------+----------------+-----------+--------+-----+----+------+
Best-so-far configuration:         326    mean value:      32576931.76
Description of the best-so-far configuration:
    .ID. algorithm localsearch alpha beta  rho ants   q0 rasrank elitistants
326  326       acs           3   2.8 2.05 0.15   49 0.87      NA          NA
    nnls dlb .PARENT.
326    9   0      224

# 2025-09-09 00:48:56 -03: Elite configurations (first number is the configuration ID; listed from best to worst according to the sum of ranks):
    algorithm localsearch alpha beta  rho ants   q0 rasrank elitistants nnls
326       acs           3  2.80 2.05 0.15   49 0.87      NA          NA    9
362       acs           3  3.08 2.41 0.16   50 0.88      NA          NA    8
224       acs           3  2.91 2.25 0.16   50 0.88      NA          NA    7
339       acs           3  2.63 2.31 0.22   51 0.84      NA          NA    9
214       acs           3  3.48 2.94 0.13   46 0.63      NA          NA    9
    dlb
326   0
362   0
224   0
339   0
214   0
# 2025-09-09 00:48:57 -03: Iteration 10 of 10
# experimentsUsed: 2906
# remainingBudget: 2594
# currentBudget: 2594
# nbConfigurations: 45
# Markers:
     x No test is performed.
     c Configurations are discarded only due to capping.
     - The test is performed and some configurations are discarded.
     = The test is performed but no configuration is discarded.
     ! The test is performed and configurations could be discarded but elite configurations are preserved.
     . All alive configurations are elite and nothing is discarded.

+-+-----------+-----------+-----------+----------------+-----------+--------+-----+----+------+
| |   Instance|      Alive|       Best|       Mean best| Exp so far|  W time|  rho|KenW|  Qvar|
+-+-----------+-----------+-----------+----------------+-----------+--------+-----+----+------+
|x|         22|         45|        389|     32397704.00|         45|00:00:52|   NA|  NA|    NA|
|x|         15|         45|        370|     32490511.50|         85|00:00:41|+0.32|0.66|0.5242|
|x|         10|         45|        339|     32523065.00|        125|00:00:41|+0.20|0.47|0.6740|
|x|         19|         45|        339|     32527858.75|        165|00:00:41|+0.17|0.38|0.6668|
|-|         18|         25|        339|     32521284.20|        205|00:00:41|-0.06|0.15|1.0150|
|=|          7|         25|        339|     32536241.33|        225|00:00:20|-0.04|0.14|0.9831|
|=|          9|         25|        339|     32504959.86|        245|00:00:21|-0.00|0.14|0.9456|
|=|         14|         25|        339|     32517099.50|        265|00:00:21|-0.01|0.11|0.9610|
|=|          8|         25|        339|     32533178.33|        285|00:00:20|+0.00|0.11|0.9530|
|=|          6|         25|        339|     32542625.60|        305|00:00:21|+0.01|0.11|0.9507|
|=|          2|         25|        339|     32556134.18|        325|00:00:21|+0.02|0.11|0.9348|
|=|          1|         25|        339|     32552256.42|        345|00:00:20|+0.03|0.11|0.9261|
|=|          3|         25|        339|     32547419.77|        365|00:00:20|+0.03|0.10|0.9306|
|=|         20|         25|        339|     32535984.21|        385|00:00:20|+0.04|0.11|0.9190|
|=|          4|         25|        339|     32529116.80|        405|00:00:20|+0.03|0.09|0.9241|
|-|         13|         19|        339|     32545212.31|        425|00:00:21|-0.03|0.04|0.9634|
|=|         11|         19|        339|     32563194.59|        439|00:00:20|-0.03|0.03|0.9631|
|=|         21|         19|        373|     32562586.56|        453|00:00:20|-0.03|0.03|0.9678|
|=|         16|         19|        326|     32561599.26|        467|00:00:20|-0.02|0.03|0.9618|
|=|         12|         19|        326|     32556282.60|        481|00:00:20|-0.02|0.03|0.9630|
|=|          5|         19|        339|     32573015.14|        495|00:00:20|-0.02|0.03|0.9570|
|=|         17|         19|        326|     32572864.00|        509|00:00:20|-0.01|0.03|0.9546|
|=|         23|         19|        326|     32566873.65|        528|00:00:21|-0.02|0.02|0.9621|
+-+-----------+-----------+-----------+----------------+-----------+--------+-----+----+------+
Best-so-far configuration:         326    mean value:      32566873.65
Description of the best-so-far configuration:
    .ID. algorithm localsearch alpha beta  rho ants   q0 rasrank elitistants
326  326       acs           3   2.8 2.05 0.15   49 0.87      NA          NA
    nnls dlb .PARENT.
326    9   0      224

# 2025-09-09 00:58:53 -03: Elite configurations (first number is the configuration ID; listed from best to worst according to the sum of ranks):
    algorithm localsearch alpha beta  rho ants   q0 rasrank elitistants nnls
326       acs           3  2.80 2.05 0.15   49 0.87      NA          NA    9
339       acs           3  2.63 2.31 0.22   51 0.84      NA          NA    9
362       acs           3  3.08 2.41 0.16   50 0.88      NA          NA    8
392       acs           3  2.93 2.36 0.14   45 0.88      NA          NA    8
395       acs           3  2.77 1.59 0.20   48 0.88      NA          NA    9
    dlb
326   0
339   0
362   0
392   0
395   0
# 2025-09-09 00:58:53 -03: Iteration 11 of 11
# experimentsUsed: 3434
# remainingBudget: 2066
# currentBudget: 2066
# nbConfigurations: 45
# Markers:
     x No test is performed.
     c Configurations are discarded only due to capping.
     - The test is performed and some configurations are discarded.
     = The test is performed but no configuration is discarded.
     ! The test is performed and configurations could be discarded but elite configurations are preserved.
     . All alive configurations are elite and nothing is discarded.

+-+-----------+-----------+-----------+----------------+-----------+--------+-----+----+------+
| |   Instance|      Alive|       Best|       Mean best| Exp so far|  W time|  rho|KenW|  Qvar|
+-+-----------+-----------+-----------+----------------+-----------+--------+-----+----+------+
|x|         24|         45|        445|     32179093.00|         45|00:00:52|   NA|  NA|    NA|
|x|          3|         45|        439|     32322864.00|         85|00:00:41|+0.08|0.54|0.8818|
|x|         12|         45|        392|     32364366.33|        125|00:00:41|-0.05|0.30|1.0314|
|x|          2|         45|        326|     32451764.25|        165|00:00:41|-0.04|0.22|0.9961|
|=|         11|         45|        326|     32528059.80|        205|00:00:41|-0.01|0.20|0.9815|
|=|          9|         45|        326|     32497923.83|        245|00:00:41|+0.01|0.18|0.9769|
|=|          6|         45|        445|     32517510.00|        285|00:00:41|-0.00|0.14|0.9836|
|=|         19|         45|        445|     32518683.38|        325|00:00:41|-0.00|0.12|0.9840|
|=|         23|         45|        392|     32498629.67|        365|00:00:41|+0.01|0.12|0.9655|
|=|          5|         45|        392|     32533838.90|        405|00:00:41|+0.01|0.11|0.9627|
|=|         22|         45|        445|     32530289.18|        445|00:00:41|+0.01|0.10|0.9570|
|=|         17|         45|        445|     32536975.50|        485|00:00:41|+0.02|0.10|0.9512|
|=|         20|         45|        445|     32520239.08|        525|00:00:41|+0.00|0.08|0.9697|
|=|          7|         45|        439|     32530975.93|        565|00:00:41|+0.01|0.08|0.9586|
|=|         14|         45|        439|     32534096.80|        605|00:00:41|+0.02|0.09|0.9486|
|=|          4|         45|        439|     32529782.69|        645|00:00:41|+0.02|0.08|0.9532|
|=|          8|         45|        439|     32540153.12|        685|00:00:41|+0.02|0.07|0.9588|
|=|         15|         45|        439|     32545692.00|        725|00:00:41|+0.01|0.07|0.9602|
|=|         10|         45|        439|     32548057.37|        765|00:00:41|+0.01|0.06|0.9671|
|=|         16|         45|        439|     32550068.65|        805|00:00:41|+0.01|0.06|0.9632|
|=|         13|         45|        439|     32557341.38|        845|00:00:41|+0.02|0.06|0.9586|
|=|         18|         45|        439|     32557011.59|        885|00:00:41|+0.02|0.06|0.9578|
|=|         21|         45|        439|     32554927.04|        925|00:00:41|+0.02|0.06|0.9606|
|=|          1|         45|        326|     32552695.54|        965|00:00:41|+0.02|0.06|0.9616|
|=|         25|         45|        445|     32541830.20|       1010|00:00:52|+0.02|0.05|0.9624|
+-+-----------+-----------+-----------+----------------+-----------+--------+-----+----+------+
Best-so-far configuration:         445    mean value:      32541830.20
Description of the best-so-far configuration:
    .ID. algorithm localsearch alpha beta  rho ants   q0 rasrank elitistants
445  445       acs           3  2.69 2.57 0.26   52 0.83      NA          NA
    nnls dlb .PARENT.
445    8   0      339

# 2025-09-09 01:16:38 -03: Elite configurations (first number is the configuration ID; listed from best to worst according to the sum of ranks):
    algorithm localsearch alpha beta  rho ants   q0 rasrank elitistants nnls
445       acs           3  2.69 2.57 0.26   52 0.83      NA          NA    8
447       acs           3  2.59 1.86 0.19   49 0.82      NA          NA    8
326       acs           3  2.80 2.05 0.15   49 0.87      NA          NA    9
439       acs           3  2.66 2.63 0.23   51 0.83      NA          NA    9
339       acs           3  2.63 2.31 0.22   51 0.84      NA          NA    9
    dlb
445   0
447   0
326   0
439   0
339   0
# 2025-09-09 01:16:38 -03: Iteration 12 of 12
# experimentsUsed: 4444
# remainingBudget: 1056
# currentBudget: 1056
# nbConfigurations: 45
# Markers:
     x No test is performed.
     c Configurations are discarded only due to capping.
     - The test is performed and some configurations are discarded.
     = The test is performed but no configuration is discarded.
     ! The test is performed and configurations could be discarded but elite configurations are preserved.
     . All alive configurations are elite and nothing is discarded.

+-+-----------+-----------+-----------+----------------+-----------+--------+-----+----+------+
| |   Instance|      Alive|       Best|       Mean best| Exp so far|  W time|  rho|KenW|  Qvar|
+-+-----------+-----------+-----------+----------------+-----------+--------+-----+----+------+
|x|         26|         45|        468|     32534255.00|         45|00:00:52|   NA|  NA|    NA|
|x|          6|         45|        448|     32587297.50|         85|00:00:41|+0.05|0.53|0.9148|
|x|          3|         45|        448|     32546775.00|        125|00:00:42|+0.08|0.38|0.9164|
|x|         15|         45|        476|     32561602.75|        165|00:00:41|+0.05|0.29|0.9230|
|=|         25|         45|        476|     32511101.20|        205|00:00:41|+0.04|0.23|0.9226|
|=|          2|         45|        447|     32550036.67|        245|00:00:41|+0.02|0.19|0.9431|
|=|          9|         45|        477|     32520324.43|        285|00:00:42|+0.05|0.18|0.9270|
|-|         16|         36|        447|     32526154.25|        325|00:00:41|-0.05|0.08|1.0116|
|=|         13|         36|        447|     32544218.78|        356|00:00:41|-0.04|0.07|1.0051|
|=|         14|         36|        447|     32545044.70|        387|00:00:41|-0.02|0.08|0.9888|
|=|          7|         36|        447|     32558367.91|        418|00:00:41|-0.03|0.07|0.9896|
|=|          5|         36|        447|     32584518.17|        449|00:00:41|-0.03|0.06|0.9904|
|=|         21|         36|        447|     32577875.23|        480|00:00:41|-0.02|0.06|0.9887|
|=|          1|         36|        447|     32573866.64|        511|00:00:41|-0.02|0.05|0.9874|
|=|          4|         36|        326|     32566233.27|        542|00:00:41|-0.01|0.05|0.9812|
|=|         22|         36|        483|     32558483.31|        573|00:00:41|-0.01|0.05|0.9811|
|=|         18|         36|        483|     32556977.24|        604|00:00:41|-0.02|0.04|0.9918|
|=|         17|         36|        483|     32559121.89|        635|00:00:41|-0.02|0.04|0.9864|
|=|          8|         36|        483|     32561944.11|        666|00:00:41|-0.01|0.04|0.9803|
|=|         24|         36|        483|     32547932.40|        697|00:00:41|-0.01|0.04|0.9797|
|=|         12|         36|        483|     32541709.48|        728|00:00:41|-0.01|0.04|0.9777|
|=|         23|         36|        483|     32537138.32|        759|00:00:41|-0.01|0.04|0.9812|
|=|         11|         36|        483|     32549989.13|        790|00:00:41|-0.01|0.03|0.9817|
|=|         10|         36|        483|     32550767.00|        821|00:00:41|-0.01|0.03|0.9826|
|=|         20|         36|        483|     32540694.64|        852|00:00:41|-0.01|0.03|0.9812|
|=|         19|         36|        483|     32544168.04|        883|00:00:41|-0.01|0.03|0.9811|
|=|         27|         36|        483|     32556975.63|        919|00:00:42|-0.01|0.03|0.9828|
+-+-----------+-----------+-----------+----------------+-----------+--------+-----+----+------+
Best-so-far configuration:         483    mean value:      32556975.63
Description of the best-so-far configuration:
    .ID. algorithm localsearch alpha beta  rho ants  q0 rasrank elitistants
483  483       acs           3  2.62 1.89 0.19   49 0.8      NA          NA
    nnls dlb .PARENT.
483    8   0      447

# 2025-09-09 01:35:35 -03: Elite configurations (first number is the configuration ID; listed from best to worst according to the sum of ranks):
    algorithm localsearch alpha beta  rho ants   q0 rasrank elitistants nnls
483       acs           3  2.62 1.89 0.19   49 0.80      NA          NA    8
476       acs           3  2.71 2.62 0.27   51 0.81      NA          NA    7
450       acs           3  2.59 1.76 0.20   51 0.84      NA          NA    8
326       acs           3  2.80 2.05 0.15   49 0.87      NA          NA    9
449       acs           3  2.59 1.88 0.17   46 0.83      NA          NA    8
    dlb
483   0
476   0
450   0
326   0
449   0
# 2025-09-09 01:35:35 -03: Stopped because there is not enough budget to enforce the value of nbConfigurations.
# Iteration: 13
# nbIterations: 13
# experimentsUsed: 5363
# timeUsed: 0
# remainingBudget: 137
# currentBudget: 137
# number of elites: 5
# nbConfigurations: 9
# Total CPU user time: 58031.44, CPU sys time: 442.888, Wall-clock time: 6811.432
# 2025-09-09 01:35:35 -03: Starting post-selection:
# Configurations selected: 483, 476, 450, 326, 449, 445, 447, 439, 339, 362, 392, 395, 224, 214, 292, 315.
# Pending instances: 1, 1, 1, 1, 1, 1, 1, 1, 1, 3, 3, 3, 5, 5, 7, 7.
# 2025-09-09 01:35:35 -03: seed: 1187930085
# Configurations: 16
# Available experiments: 137
# minSurvival: 1
# Markers:
     x No test is performed.
     c Configurations are discarded only due to capping.
     - The test is performed and some configurations are discarded.
     = The test is performed but no configuration is discarded.
     ! The test is performed and configurations could be discarded but elite configurations are preserved.
     . All alive configurations are elite and nothing is discarded.

+-+-----------+-----------+-----------+----------------+-----------+--------+-----+----+------+
| |   Instance|      Alive|       Best|       Mean best| Exp so far|  W time|  rho|KenW|  Qvar|
+-+-----------+-----------+-----------+----------------+-----------+--------+-----+----+------+
|.|         10|         16|        292|     32497222.00|          0|00:00:00|   NA|  NA|    NA|
|.|         15|         16|        292|     32548507.50|          0|00:00:00|+0.51|0.75|0.6038|
|x|         25|         16|        450|     32465933.00|          4|00:00:10|+0.30|0.53|0.6510|
|.|          7|         16|        450|     32511884.75|          4|00:00:00|+0.29|0.47|0.6907|
|.|         11|         16|        450|     32576047.80|          4|00:00:00|+0.09|0.27|0.8478|
|.|         16|         16|        450|     32577250.50|          4|00:00:00|+0.06|0.21|0.8891|
|.|         18|         16|        450|     32563864.71|          4|00:00:00|+0.05|0.18|0.9026|
|.|         21|         16|        450|     32561118.62|          4|00:00:00|-0.01|0.12|0.9573|
|x|         23|         16|        476|     32537222.56|          6|00:00:10|-0.01|0.10|0.9605|
|.|         19|         16|        476|     32541881.60|          6|00:00:00|+0.01|0.11|0.9455|
|.|          4|         16|        476|     32531923.36|          6|00:00:00|+0.01|0.10|0.9426|
|.|          2|         16|        476|     32550257.58|          6|00:00:00|-0.03|0.06|0.9700|
|.|          9|         16|        476|     32534612.38|          6|00:00:00|-0.02|0.05|0.9620|
|.|          5|         16|        476|     32556704.64|          6|00:00:00|-0.01|0.06|0.9552|
|x|         22|         16|        339|     32547365.47|          8|00:00:10|-0.01|0.06|0.9495|
|.|          1|         16|        339|     32545005.19|          8|00:00:00|-0.01|0.06|0.9447|
|x|         26|         16|        339|     32550724.47|         15|00:00:10|-0.01|0.05|0.9454|
|x|         24|         16|        339|     32536245.17|         19|00:00:10|-0.02|0.04|0.9508|
|.|         12|         16|        339|     32535051.00|         19|00:00:00|-0.02|0.03|0.9582|
|.|          3|         16|        339|     32532767.45|         19|00:00:00|-0.03|0.02|0.9626|
|x|         27|         16|        339|     32550294.00|         26|00:00:10|-0.03|0.02|0.9624|
|.|         20|         16|        339|     32542886.18|         26|00:00:00|-0.03|0.02|0.9649|
|.|          8|         16|        339|     32548056.74|         26|00:00:00|-0.03|0.02|0.9607|
|.|          6|         16|        339|     32551373.17|         26|00:00:00|-0.03|0.01|0.9650|
|.|         13|         16|        339|     32560784.04|         26|00:00:00|-0.03|0.01|0.9620|
|.|         17|         16|        339|     32562953.81|         26|00:00:00|-0.03|0.01|0.9596|
|.|         14|         16|        339|     32564402.81|         26|00:00:00|-0.03|0.01|0.9616|
|=|         28|         16|        483|     32559625.18|         42|00:00:20|-0.03|0.01|0.9604|
|=|         29|         16|        483|     32558652.97|         58|00:00:20|-0.03|0.01|0.9586|
|=|         30|         16|        483|     32569806.07|         74|00:00:21|-0.02|0.01|0.9537|
|=|         31|         16|        483|     32580647.74|         90|00:00:21|-0.02|0.01|0.9560|
|=|         32|         16|        483|     32588166.84|        106|00:00:20|-0.02|0.01|0.9558|
|=|         33|         16|        483|     32592045.91|        122|00:00:21|-0.02|0.01|0.9550|
+-+-----------+-----------+-----------+----------------+-----------+--------+-----+----+------+
Best-so-far configuration:         483    mean value:      32592045.91
Description of the best-so-far configuration:
    .ID. algorithm localsearch alpha beta  rho ants  q0 rasrank elitistants
483  483       acs           3  2.62 1.89 0.19   49 0.8      NA          NA
    nnls dlb .PARENT.
483    8   0      447

# 2025-09-09 01:38:45 -03: Elite configurations (first number is the configuration ID; listed from best to worst according to the sum of ranks):
    algorithm localsearch alpha beta  rho ants   q0 rasrank elitistants nnls
483       acs           3  2.62 1.89 0.19   49 0.80      NA          NA    8
450       acs           3  2.59 1.76 0.20   51 0.84      NA          NA    8
339       acs           3  2.63 2.31 0.22   51 0.84      NA          NA    9
447       acs           3  2.59 1.86 0.19   49 0.82      NA          NA    8
362       acs           3  3.08 2.41 0.16   50 0.88      NA          NA    8
    dlb
483   0
450   0
339   0
447   0
362   0
# Total CPU user time: 59296.69, CPU sys time: 453.188, Wall-clock time: 7000.832
    .ID. algorithm localsearch alpha beta  rho ants   q0 rasrank elitistants
483  483       acs           3  2.62 1.89 0.19   49 0.80      NA          NA
450  450       acs           3  2.59 1.76 0.20   51 0.84      NA          NA
339  339       acs           3  2.63 2.31 0.22   51 0.84      NA          NA
447  447       acs           3  2.59 1.86 0.19   49 0.82      NA          NA
362  362       acs           3  3.08 2.41 0.16   50 0.88      NA          NA
    nnls dlb .PARENT. .RANK.   .WEIGHT.
483    8   0      447    242 0.33333333
450    8   0      447    264 0.26666667
339    9   0      326    266 0.20000000
447    8   0      339    268 0.13333333
362    8   0      224    276 0.06666667
