# 2025-10-12 21:13:55 -03: Reading parameter file '/home/pestobar/Activities/irace-test-executions/PSO-X-withRanking/Scenarios/BL/Runs/BL_seed_1700359/parameters.txt'.
# 2025-10-12 21:13:55 -03: 2 expression(s) specifying forbidden configurations read.
# 2025-10-12 21:13:55 -03: Initialization
# Elitist race
# Elitist new instances: 1
# Elitist limit: 2
# nbIterations: 5
# minNbSurvival: 5
# nbParameters: 8
# seed: 1700359
# confidence level: 0.95
# budget: 2000
# mu: 5
# deterministic: FALSE

# 2025-10-12 21:13:55 -03: Iteration 1 of 5
# experimentsUsed: 0
# remainingBudget: 2000
# currentBudget: 400
# nbConfigurations: 66
# Markers:
     x No test is performed.
     c Configurations are discarded only due to capping.
     - The test is performed and some configurations are discarded.
     = The test is performed but no configuration is discarded.
     ! The test is performed and configurations could be discarded but elite configurations are preserved.
     . All alive configurations are elite and nothing is discarded.

+-+-----------+-----------+-----------+----------------+-----------+--------+-----+----+------+
| |   Instance|      Alive|       Best|       Mean best| Exp so far|  W time|  rho|KenW|  Qvar|
+-+-----------+-----------+-----------+----------------+-----------+--------+-----+----+------+
|x|          1|         66|         40|     84.93744352|         66|00:00:40|   NA|  NA|    NA|
|x|          2|         66|         60|     85.73064304|        132|00:00:41|+0.87|0.93|0.0838|
|x|          3|         66|         60|     20965.31137|        198|00:00:40|+0.71|0.81|0.2380|
|x|          4|         66|         48|     3331.207516|        264|00:00:38|+0.75|0.82|0.2576|
|-|          5|         17|         48|     2668.342809|        330|00:00:40|-0.08|0.14|1.0031|
|=|          6|         17|         40|     7740.720776|        347|00:00:02|+0.01|0.17|0.9540|
|=|          7|         17|         40|     6765.109853|        364|00:00:58|+0.05|0.19|0.9365|
+-+-----------+-----------+-----------+----------------+-----------+--------+-----+----+------+
Best-so-far configuration:          40    mean value:      6765.109853
Description of the best-so-far configuration:
   .ID. particles topology modInfluence branching tSchedule phi1 phi2 inertia
40   40        10        0            2        NA        NA  0.8 1.45    0.31
   .PARENT.
40       NA

# 2025-10-12 21:18:17 -03: Elite configurations (first number is the configuration ID; listed from best to worst according to the sum of ranks):
   particles topology modInfluence branching tSchedule phi1 phi2 inertia
40        10        0            2        NA        NA 0.80 1.45    0.31
60        28        1            1        NA        NA 2.44 1.06    0.45
48        66        4            0        NA        NA 2.29 2.16    0.73
64        55        1            0        NA        NA 1.64 1.63    0.60
5         19        4            2        NA        NA 1.39 1.34    0.60
# 2025-10-12 21:18:17 -03: Iteration 2 of 5
# experimentsUsed: 364
# remainingBudget: 1636
# currentBudget: 409
# nbConfigurations: 55
# Markers:
     x No test is performed.
     c Configurations are discarded only due to capping.
     - The test is performed and some configurations are discarded.
     = The test is performed but no configuration is discarded.
     ! The test is performed and configurations could be discarded but elite configurations are preserved.
     . All alive configurations are elite and nothing is discarded.

+-+-----------+-----------+-----------+----------------+-----------+--------+-----+----+------+
| |   Instance|      Alive|       Best|       Mean best| Exp so far|  W time|  rho|KenW|  Qvar|
+-+-----------+-----------+-----------+----------------+-----------+--------+-----+----+------+
|x|          8|         55|         86|     29.99928578|         55|00:01:19|   NA|  NA|    NA|
|x|          4|         55|         86|     15.12690995|        105|00:00:13|+0.45|0.73|0.7321|
|x|          1|         55|         86|     50.54947498|        155|00:00:14|+0.36|0.58|0.5915|
|x|          2|         55|         48|     132.8865767|        205|00:00:14|+0.38|0.53|0.4663|
|-|          3|         31|         48|     2671.191245|        255|00:00:13|-0.13|0.09|1.1192|
|=|          5|         31|         48|     2228.806701|        281|00:00:04|-0.09|0.09|1.0438|
|=|          7|         31|         48|     2040.512808|        307|00:01:28|-0.04|0.11|1.0002|
|=|          6|         31|         48|     1785.593645|        333|00:00:03|-0.01|0.12|0.9856|
|=|          9|         31|         48|     1591.210028|        364|00:00:06|+0.00|0.11|0.9702|
+-+-----------+-----------+-----------+----------------+-----------+--------+-----+----+------+
Best-so-far configuration:          48    mean value:      1591.210028
Description of the best-so-far configuration:
   .ID. particles topology modInfluence branching tSchedule phi1 phi2 inertia
48   48        66        4            0        NA        NA 2.29 2.16    0.73
   .PARENT.
48       NA

# 2025-10-12 21:22:16 -03: Elite configurations (first number is the configuration ID; listed from best to worst according to the sum of ranks):
   particles topology modInfluence branching tSchedule phi1 phi2 inertia
48        66        4            0        NA        NA 2.29 2.16    0.73
85        83        4            2        NA        NA 2.41 1.87    0.83
98        34        1            1        NA        NA 1.61 1.93    0.71
96        16        4            1        NA        NA 2.33 1.08    0.62
60        28        1            1        NA        NA 2.44 1.06    0.45
# 2025-10-12 21:22:16 -03: Iteration 3 of 5
# experimentsUsed: 728
# remainingBudget: 1272
# currentBudget: 424
# nbConfigurations: 46
# Markers:
     x No test is performed.
     c Configurations are discarded only due to capping.
     - The test is performed and some configurations are discarded.
     = The test is performed but no configuration is discarded.
     ! The test is performed and configurations could be discarded but elite configurations are preserved.
     . All alive configurations are elite and nothing is discarded.

+-+-----------+-----------+-----------+----------------+-----------+--------+-----+----+------+
| |   Instance|      Alive|       Best|       Mean best| Exp so far|  W time|  rho|KenW|  Qvar|
+-+-----------+-----------+-----------+----------------+-----------+--------+-----+----+------+
|x|         10|         46|        127|     14737.14006|         46|00:00:19|   NA|  NA|    NA|
|x|          3|         46|        127|     8964.387519|         87|00:00:18|+0.63|0.82|0.3719|
|x|          7|         46|        134|     8167.054716|        128|00:02:25|+0.58|0.72|0.6781|
|x|          4|         46|        132|     7379.215222|        169|00:00:18|+0.64|0.73|0.5539|
|-|          5|         25|        125|     7289.559183|        210|00:00:18|-0.01|0.20|1.0376|
|=|          8|         25|         48|     4937.407478|        230|00:00:26|-0.01|0.16|1.0004|
|=|          6|         25|         48|     4232.229196|        250|00:00:02|-0.02|0.13|0.9905|
|=|          9|         25|         48|     3707.718183|        270|00:00:03|-0.01|0.12|0.9640|
|=|          1|         25|        125|     4076.398216|        290|00:00:02|-0.01|0.10|0.9452|
|=|          2|         25|        125|     3676.604057|        310|00:00:02|+0.00|0.10|0.9423|
|=|         11|         25|         48|     2742.349769|        335|00:00:03|+0.03|0.12|0.9122|
+-+-----------+-----------+-----------+----------------+-----------+--------+-----+----+------+
Best-so-far configuration:          48    mean value:      2742.349769
Description of the best-so-far configuration:
   .ID. particles topology modInfluence branching tSchedule phi1 phi2 inertia
48   48        66        4            0        NA        NA 2.29 2.16    0.73
   .PARENT.
48       NA

# 2025-10-12 21:26:40 -03: Elite configurations (first number is the configuration ID; listed from best to worst according to the sum of ranks):
    particles topology modInfluence branching tSchedule phi1 phi2 inertia
48         66        4            0        NA        NA 2.29 2.16    0.73
125        77        4            0        NA        NA 1.87 2.06    0.72
136        65        4            0        NA        NA 2.41 2.19    0.64
146        24        4            0        NA        NA 1.96 2.13    0.70
85         83        4            2        NA        NA 2.41 1.87    0.83
# 2025-10-12 21:26:40 -03: Iteration 4 of 5
# experimentsUsed: 1063
# remainingBudget: 937
# currentBudget: 468
# nbConfigurations: 43
# Markers:
     x No test is performed.
     c Configurations are discarded only due to capping.
     - The test is performed and some configurations are discarded.
     = The test is performed but no configuration is discarded.
     ! The test is performed and configurations could be discarded but elite configurations are preserved.
     . All alive configurations are elite and nothing is discarded.

+-+-----------+-----------+-----------+----------------+-----------+--------+-----+----+------+
| |   Instance|      Alive|       Best|       Mean best| Exp so far|  W time|  rho|KenW|  Qvar|
+-+-----------+-----------+-----------+----------------+-----------+--------+-----+----+------+
|x|         12|         43|        191|     58.97594916|         43|00:00:06|   NA|  NA|    NA|
|x|          4|         43|        136|     41.12145652|         81|00:00:04|+0.30|0.65|0.4819|
|x|          5|         43|        193|     25.31224033|        119|00:00:04|-0.05|0.30|0.7764|
|x|          2|         43|        159|     36.91122792|        157|00:00:05|+0.07|0.30|0.6723|
|-|          9|         24|        159|     33.90187830|        195|00:00:06|-0.08|0.13|0.9707|
|=|         11|         24|        159|     29.03110546|        214|00:00:02|-0.08|0.10|0.9946|
|=|         10|         24|        159|     2346.736586|        233|00:00:02|-0.03|0.12|0.9527|
|=|          1|         24|        161|     2034.495384|        252|00:00:02|-0.02|0.11|0.9720|
|=|          7|         24|        161|     1909.494208|        271|00:00:59|-0.02|0.09|0.9718|
|=|          6|         24|        161|     1718.632906|        290|00:00:02|+0.00|0.10|0.9602|
|=|          3|         24|        161|     3692.853212|        309|00:00:02|-0.00|0.09|0.9578|
|=|          8|         24|        181|     3528.523355|        328|00:00:26|+0.00|0.09|0.9498|
|=|         13|         24|        181|     3266.710798|        352|00:00:03|+0.02|0.10|0.9291|
+-+-----------+-----------+-----------+----------------+-----------+--------+-----+----+------+
Best-so-far configuration:         181    mean value:      3266.710798
Description of the best-so-far configuration:
    .ID. particles topology modInfluence branching tSchedule phi1 phi2 inertia
181  181        38        4            0        NA        NA 2.46 1.83    0.67
    .PARENT.
181      125

# 2025-10-12 21:28:48 -03: Elite configurations (first number is the configuration ID; listed from best to worst according to the sum of ranks):
    particles topology modInfluence branching tSchedule phi1 phi2 inertia
181        38        4            0        NA        NA 2.46 1.83    0.67
161        45        4            0        NA        NA 2.14 2.42    0.67
189        94        4            0        NA        NA 1.76 2.34    0.71
48         66        4            0        NA        NA 2.29 2.16    0.73
136        65        4            0        NA        NA 2.41 2.19    0.64
# 2025-10-12 21:28:48 -03: Iteration 5 of 5
# experimentsUsed: 1415
# remainingBudget: 585
# currentBudget: 585
# nbConfigurations: 46
# Markers:
     x No test is performed.
     c Configurations are discarded only due to capping.
     - The test is performed and some configurations are discarded.
     = The test is performed but no configuration is discarded.
     ! The test is performed and configurations could be discarded but elite configurations are preserved.
     . All alive configurations are elite and nothing is discarded.

+-+-----------+-----------+-----------+----------------+-----------+--------+-----+----+------+
| |   Instance|      Alive|       Best|       Mean best| Exp so far|  W time|  rho|KenW|  Qvar|
+-+-----------+-----------+-----------+----------------+-----------+--------+-----+----+------+
|x|         14|         46|        204|     67432.18017|         46|00:00:05|   NA|  NA|    NA|
|x|          8|         46|        181|     39694.86527|         87|00:01:04|-0.12|0.44|1.1931|
|x|         12|         46|        181|     26493.05481|        128|00:00:06|-0.16|0.22|1.1648|
|x|         11|         46|        181|     19870.79333|        169|00:00:05|-0.08|0.19|1.0803|
|=|          9|         46|        181|     15925.13671|        210|00:00:08|-0.05|0.16|1.0315|
|=|          1|         46|        136|     16829.80578|        251|00:00:05|-0.06|0.12|1.0302|
|=|         10|         46|        181|     13621.20370|        292|00:00:07|-0.04|0.11|0.9930|
|=|          7|         46|        181|     12032.25420|        333|00:02:23|-0.02|0.11|0.9697|
|=|          6|         46|        181|     10695.45034|        374|00:00:04|-0.01|0.10|0.9541|
|=|         13|         46|        181|     9638.401315|        415|00:00:05|+0.00|0.10|0.9338|
|=|          4|         46|        181|     8762.222775|        456|00:00:04|+0.02|0.11|0.9116|
|=|          3|         46|        181|     10143.56368|        497|00:00:05|+0.01|0.10|0.9067|
|=|          2|         46|        181|     9370.079231|        538|00:00:06|+0.01|0.09|0.9110|
|=|          5|         46|        181|     8701.814277|        579|00:00:05|+0.01|0.08|0.9198|
+-+-----------+-----------+-----------+----------------+-----------+--------+-----+----+------+
Best-so-far configuration:         181    mean value:      8701.814277
Description of the best-so-far configuration:
    .ID. particles topology modInfluence branching tSchedule phi1 phi2 inertia
181  181        38        4            0        NA        NA 2.46 1.83    0.67
    .PARENT.
181      125

# 2025-10-12 21:33:28 -03: Elite configurations (first number is the configuration ID; listed from best to worst according to the sum of ranks):
    particles topology modInfluence branching tSchedule phi1 phi2 inertia
181        38        4            0        NA        NA 2.46 1.83    0.67
161        45        4            0        NA        NA 2.14 2.42    0.67
197        27        4            0        NA        NA 2.24 2.43    0.68
219        40        4            0        NA        NA 2.18 2.23    0.67
136        65        4            0        NA        NA 2.41 2.19    0.64
# 2025-10-12 21:33:28 -03: Stopped because there is not enough budget left to race more than the minimum (5).
# You may either increase the budget or set 'minNbSurvival' to a lower value.
# Iteration: 6
# nbIterations: 6
# experimentsUsed: 1994
# timeUsed: 0
# remainingBudget: 6
# currentBudget: 6
# number of elites: 5
# nbConfigurations: 5
# Total CPU user time: 8881.571, CPU sys time: 81.578, Wall-clock time: 1173.617
# 2025-10-12 21:33:28 -03: Starting post-selection:
# Configurations selected: 181, 161, 197, 219, 136, 189.
# Pending instances: 0, 0, 0, 0, 0, 0.
# 2025-10-12 21:33:28 -03: seed: 1700359
# Configurations: 6
# Available experiments: 6
# minSurvival: 1
# Markers:
     x No test is performed.
     c Configurations are discarded only due to capping.
     - The test is performed and some configurations are discarded.
     = The test is performed but no configuration is discarded.
     ! The test is performed and configurations could be discarded but elite configurations are preserved.
     . All alive configurations are elite and nothing is discarded.

+-+-----------+-----------+-----------+----------------+-----------+--------+-----+----+------+
| |   Instance|      Alive|       Best|       Mean best| Exp so far|  W time|  rho|KenW|  Qvar|
+-+-----------+-----------+-----------+----------------+-----------+--------+-----+----+------+
|.|          9|          6|        189|     23.89349378|          0|00:00:00|   NA|  NA|    NA|
|.|          2|          6|        189|     61.70929029|          0|00:00:00|+0.31|0.66|0.7487|
|.|          6|          6|        189|     41.69353874|          0|00:00:00|-0.07|0.29|1.1108|
|.|          7|          6|        189|     258.6184744|          0|00:00:00|+0.04|0.28|0.9533|
|.|         14|          6|        189|     29684.11282|          0|00:00:00|-0.11|0.11|0.9245|
|.|         10|          6|        189|     27322.92241|          0|00:00:00|-0.09|0.09|0.8791|
|.|          8|          6|        189|     23423.96499|          0|00:00:00|-0.09|0.07|0.8946|
|.|          5|          6|        189|     20498.17108|          0|00:00:00|-0.08|0.06|0.9111|
|.|          4|          6|        189|     18220.66596|          0|00:00:00|-0.08|0.04|0.9005|
|.|         11|          6|        189|     16399.07592|          0|00:00:00|-0.06|0.04|0.8867|
|.|          1|          6|        189|     14923.77371|          0|00:00:00|-0.06|0.04|0.8787|
|.|          3|          6|        189|     14675.74913|          0|00:00:00|-0.06|0.03|0.8935|
|.|         13|          6|        189|     13556.78020|          0|00:00:00|-0.04|0.04|0.8830|
|.|         12|          6|        189|     12595.12977|          0|00:00:00|-0.05|0.03|0.8770|
|=|         15|          6|        197|     20889.29045|          6|00:00:01|-0.02|0.05|0.8620|
+-+-----------+-----------+-----------+----------------+-----------+--------+-----+----+------+
Best-so-far configuration:         197    mean value:      20889.29045
Description of the best-so-far configuration:
    .ID. particles topology modInfluence branching tSchedule phi1 phi2 inertia
197  197        27        4            0        NA        NA 2.24 2.43    0.68
    .PARENT.
197      161

# 2025-10-12 21:33:30 -03: Elite configurations (first number is the configuration ID; listed from best to worst according to the sum of ranks):
    particles topology modInfluence branching tSchedule phi1 phi2 inertia
197        27        4            0        NA        NA 2.24 2.43    0.68
181        38        4            0        NA        NA 2.46 1.83    0.67
161        45        4            0        NA        NA 2.14 2.42    0.67
219        40        4            0        NA        NA 2.18 2.23    0.67
136        65        4            0        NA        NA 2.41 2.19    0.64
# Total CPU user time: 8888.696, CPU sys time: 81.802, Wall-clock time: 1174.901
    .ID. particles topology modInfluence branching tSchedule phi1 phi2 inertia
197  197        27        4            0        NA        NA 2.24 2.43    0.68
181  181        38        4            0        NA        NA 2.46 1.83    0.67
161  161        45        4            0        NA        NA 2.14 2.42    0.67
219  219        40        4            0        NA        NA 2.18 2.23    0.67
136  136        65        4            0        NA        NA 2.41 2.19    0.64
    .PARENT. .RANK.   .WEIGHT.
197      161     44 0.33333333
181      125     48 0.26666667
161      136     51 0.20000000
219      181     55 0.13333333
136       48     56 0.06666667
