# 2025-10-12 20:15:57 -03: Reading parameter file '/home/pestobar/Activities/irace-test-executions/PSO-X-withRanking/Scenarios/BL/Runs/BL_seed_1400299/parameters.txt'.
# 2025-10-12 20:15:57 -03: 2 expression(s) specifying forbidden configurations read.
# 2025-10-12 20:15:57 -03: Initialization
# Elitist race
# Elitist new instances: 1
# Elitist limit: 2
# nbIterations: 5
# minNbSurvival: 5
# nbParameters: 8
# seed: 1400299
# confidence level: 0.95
# budget: 2000
# mu: 5
# deterministic: FALSE

# 2025-10-12 20:15:57 -03: Iteration 1 of 5
# experimentsUsed: 0
# remainingBudget: 2000
# currentBudget: 400
# nbConfigurations: 66
# Markers:
     x No test is performed.
     c Configurations are discarded only due to capping.
     - The test is performed and some configurations are discarded.
     = The test is performed but no configuration is discarded.
     ! The test is performed and configurations could be discarded but elite configurations are preserved.
     . All alive configurations are elite and nothing is discarded.

+-+-----------+-----------+-----------+----------------+-----------+--------+-----+----+------+
| |   Instance|      Alive|       Best|       Mean best| Exp so far|  W time|  rho|KenW|  Qvar|
+-+-----------+-----------+-----------+----------------+-----------+--------+-----+----+------+
|x|          1|         66|          9|     305.8311796|         66|00:00:30|   NA|  NA|    NA|
|x|          2|         66|         62|     40546.99293|        132|00:00:31|+0.43|0.72|0.6802|
|x|          3|         66|         62|     27031.41009|        198|00:00:31|+0.43|0.62|0.4759|
|x|          4|         66|         62|     20273.74299|        264|00:00:30|+0.49|0.62|0.3712|
|-|          5|         35|         39|     28817.38930|        330|00:03:43|-0.05|0.16|0.9645|
|=|          6|         35|         62|     13732.64017|        365|00:00:20|+0.06|0.21|0.9162|
|=|          7|         35|         28|     24445.40582|        400|00:00:21|+0.06|0.19|0.9111|
+-+-----------+-----------+-----------+----------------+-----------+--------+-----+----+------+
Best-so-far configuration:          28    mean value:      24445.40582
Description of the best-so-far configuration:
   .ID. particles topology modInfluence branching tSchedule phi1 phi2 inertia
28   28        11        2            1        NA        NA 0.15 1.78    0.15
   .PARENT.
28       NA

# 2025-10-12 20:22:27 -03: Elite configurations (first number is the configuration ID; listed from best to worst according to the sum of ranks):
   particles topology modInfluence branching tSchedule phi1 phi2 inertia
28        11        2            1        NA        NA 0.15 1.78    0.15
62       109        4            2        NA        NA 2.47 1.56    0.55
50        33        1            2        NA        NA 0.73 1.27    0.62
33        64        0            1        NA        NA 1.44 1.03    0.53
49         8        4            2        NA        NA 0.42 0.33    0.05
# 2025-10-12 20:22:27 -03: Iteration 2 of 5
# experimentsUsed: 400
# remainingBudget: 1600
# currentBudget: 400
# nbConfigurations: 54
# Markers:
     x No test is performed.
     c Configurations are discarded only due to capping.
     - The test is performed and some configurations are discarded.
     = The test is performed but no configuration is discarded.
     ! The test is performed and configurations could be discarded but elite configurations are preserved.
     . All alive configurations are elite and nothing is discarded.

+-+-----------+-----------+-----------+----------------+-----------+--------+-----+----+------+
| |   Instance|      Alive|       Best|       Mean best| Exp so far|  W time|  rho|KenW|  Qvar|
+-+-----------+-----------+-----------+----------------+-----------+--------+-----+----+------+
|x|          8|         54|        106|     3.850754847|         54|00:00:23|   NA|  NA|    NA|
|x|          1|         54|         95|     8.160919543|        103|00:00:22|+0.46|0.73|0.4343|
|x|          4|         54|         92|     220.4474298|        152|00:00:21|+0.62|0.75|0.3012|
|x|          7|         54|         93|     1698.287078|        201|00:00:22|+0.57|0.68|0.5056|
|-|          2|         21|         62|     16255.29573|        250|00:00:22|-0.08|0.14|0.9685|
|=|          3|         21|         62|     13546.12050|        266|00:00:08|+0.02|0.18|0.8679|
|=|          5|         21|        106|     18879.13745|        282|00:01:03|+0.03|0.17|0.8643|
|=|          6|         21|        106|     16531.41934|        298|00:00:08|+0.06|0.18|0.7953|
|=|          9|         21|        106|     14863.54601|        319|00:00:09|+0.00|0.11|0.8237|
+-+-----------+-----------+-----------+----------------+-----------+--------+-----+----+------+
Best-so-far configuration:         106    mean value:      14863.54601
Description of the best-so-far configuration:
    .ID. particles topology modInfluence branching tSchedule phi1 phi2 inertia
106  106         8        0            1        NA        NA 2.03 1.01    0.22
    .PARENT.
106       33

# 2025-10-12 20:25:50 -03: Elite configurations (first number is the configuration ID; listed from best to worst according to the sum of ranks):
    particles topology modInfluence branching tSchedule phi1 phi2 inertia
106         8        0            1        NA        NA 2.03 1.01    0.22
62        109        4            2        NA        NA 2.47 1.56    0.55
67         85        1            2        NA        NA 1.65 2.27    0.64
105        10        2            1        NA        NA 0.70 0.65    0.22
33         64        0            1        NA        NA 1.44 1.03    0.53
# 2025-10-12 20:25:50 -03: Iteration 3 of 5
# experimentsUsed: 719
# remainingBudget: 1281
# currentBudget: 427
# nbConfigurations: 47
# Markers:
     x No test is performed.
     c Configurations are discarded only due to capping.
     - The test is performed and some configurations are discarded.
     = The test is performed but no configuration is discarded.
     ! The test is performed and configurations could be discarded but elite configurations are preserved.
     . All alive configurations are elite and nothing is discarded.

+-+-----------+-----------+-----------+----------------+-----------+--------+-----+----+------+
| |   Instance|      Alive|       Best|       Mean best| Exp so far|  W time|  rho|KenW|  Qvar|
+-+-----------+-----------+-----------+----------------+-----------+--------+-----+----+------+
|x|         10|         47|        144|     26.52564012|         47|00:00:23|   NA|  NA|    NA|
|x|          2|         47|        135|     52569.81257|         89|00:00:21|+0.20|0.60|0.3667|
|x|          3|         47|         62|     25758.48149|        131|00:00:21|+0.35|0.57|0.2272|
|x|          1|         47|        154|     30097.30999|        173|00:00:19|+0.37|0.52|0.3801|
|-|          4|         25|        149|     21736.82572|        215|00:00:19|-0.07|0.14|0.9606|
|=|          9|         25|        154|     20160.61927|        235|00:00:14|-0.10|0.09|0.9353|
|=|          5|         25|        154|     17360.15447|        255|00:01:11|-0.07|0.09|0.9363|
|=|          7|         25|        154|     15206.79374|        275|00:00:15|-0.06|0.08|0.9621|
|=|          8|         25|        154|     13517.59718|        295|00:00:15|-0.04|0.07|0.9741|
|=|          6|         25|        154|     12176.35917|        315|00:00:14|-0.02|0.09|0.9729|
|=|         11|         25|        154|     11074.93494|        340|00:00:15|+0.01|0.10|0.9427|
+-+-----------+-----------+-----------+----------------+-----------+--------+-----+----+------+
Best-so-far configuration:         154    mean value:      11074.93494
Description of the best-so-far configuration:
    .ID. particles topology modInfluence branching tSchedule phi1 phi2 inertia
154  154        84        1            1        NA        NA 1.97 2.31    0.58
    .PARENT.
154       67

# 2025-10-12 20:30:02 -03: Elite configurations (first number is the configuration ID; listed from best to worst according to the sum of ranks):
    particles topology modInfluence branching tSchedule phi1 phi2 inertia
154        84        1            1        NA        NA 1.97 2.31    0.58
137        17        1            1        NA        NA 2.48 1.42    0.11
128        93        1            1        NA        NA 1.55 1.86    0.62
149        36        1            1        NA        NA 2.25 1.48    0.55
33         64        0            1        NA        NA 1.44 1.03    0.53
# 2025-10-12 20:30:02 -03: Iteration 4 of 5
# experimentsUsed: 1059
# remainingBudget: 941
# currentBudget: 470
# nbConfigurations: 43
# Markers:
     x No test is performed.
     c Configurations are discarded only due to capping.
     - The test is performed and some configurations are discarded.
     = The test is performed but no configuration is discarded.
     ! The test is performed and configurations could be discarded but elite configurations are preserved.
     . All alive configurations are elite and nothing is discarded.

+-+-----------+-----------+-----------+----------------+-----------+--------+-----+----+------+
| |   Instance|      Alive|       Best|       Mean best| Exp so far|  W time|  rho|KenW|  Qvar|
+-+-----------+-----------+-----------+----------------+-----------+--------+-----+----+------+
|x|         12|         43|        181|     28.55126494|         43|00:01:08|   NA|  NA|    NA|
|x|          8|         43|        177|     17.98702178|         81|00:00:12|-0.30|0.35|1.1763|
|x|          4|         43|        137|     14.33342691|        119|00:00:12|+0.05|0.37|0.9003|
|x|          1|         43|        154|     379.6246631|        157|00:00:12|+0.14|0.36|0.8747|
|-|          5|         25|        154|     415.1728611|        195|00:01:56|-0.06|0.15|0.9204|
|=|          2|         25|        182|     15397.32874|        215|00:00:02|-0.04|0.13|0.9615|
|=|         11|         25|        182|     13206.38239|        235|00:00:03|-0.02|0.13|0.9348|
|=|         10|         25|        182|     11559.88734|        255|00:00:02|+0.03|0.15|0.8910|
|=|          3|         25|        182|     10275.48652|        275|00:00:02|+0.04|0.15|0.8913|
|-|          6|         19|        154|     12115.36661|        295|00:00:02|-0.01|0.09|0.9015|
|=|          7|         19|        174|     9821.775833|        309|00:00:03|-0.00|0.09|0.9102|
|=|          9|         19|        177|     7302.553899|        323|00:00:02|-0.00|0.08|0.8943|
|=|         13|         19|        177|     6795.702178|        342|00:00:09|-0.00|0.08|0.8880|
+-+-----------+-----------+-----------+----------------+-----------+--------+-----+----+------+
Best-so-far configuration:         177    mean value:      6795.702178
Description of the best-so-far configuration:
    .ID. particles topology modInfluence branching tSchedule phi1 phi2 inertia
177  177       112        1            1        NA        NA 2.03 2.43    0.65
    .PARENT.
177      154

# 2025-10-12 20:34:13 -03: Elite configurations (first number is the configuration ID; listed from best to worst according to the sum of ranks):
    particles topology modInfluence branching tSchedule phi1 phi2 inertia
177       112        1            1        NA        NA 2.03 2.43    0.65
182        81        1            1        NA        NA 2.02 2.06    0.63
154        84        1            1        NA        NA 1.97 2.31    0.58
174        93        1            1        NA        NA 2.27 2.24    0.49
187       115        1            1        NA        NA 1.98 2.48    0.57
# 2025-10-12 20:34:13 -03: Iteration 5 of 5
# experimentsUsed: 1401
# remainingBudget: 599
# currentBudget: 599
# nbConfigurations: 47
# Markers:
     x No test is performed.
     c Configurations are discarded only due to capping.
     - The test is performed and some configurations are discarded.
     = The test is performed but no configuration is discarded.
     ! The test is performed and configurations could be discarded but elite configurations are preserved.
     . All alive configurations are elite and nothing is discarded.

+-+-----------+-----------+-----------+----------------+-----------+--------+-----+----+------+
| |   Instance|      Alive|       Best|       Mean best| Exp so far|  W time|  rho|KenW|  Qvar|
+-+-----------+-----------+-----------+----------------+-----------+--------+-----+----+------+
|x|         14|         47|        198|     129.1668398|         47|00:00:20|   NA|  NA|    NA|
|x|          6|         47|        220|     161.5521996|         89|00:00:18|-0.50|0.25|1.5373|
|x|         11|         47|        187|     139.2814052|        131|00:00:19|-0.10|0.27|1.1214|
|x|          1|         47|        217|     488.7389826|        173|00:00:17|-0.05|0.21|0.8992|
|=|          7|         47|        224|     752.8100472|        215|00:00:19|-0.03|0.17|0.8053|
|=|          2|         47|        224|     13819.02344|        257|00:00:17|+0.04|0.20|0.8060|
|=|          4|         47|        224|     11845.01965|        299|00:00:17|+0.04|0.17|0.8332|
|-|          5|         30|        224|     10433.20176|        341|00:02:23|-0.06|0.07|0.9844|
|=|         10|         30|        224|     9276.725276|        366|00:00:03|-0.03|0.08|0.9549|
|=|         12|         30|        204|     11249.65041|        391|00:00:41|-0.04|0.07|0.9681|
|=|          3|         30|        199|     7671.716979|        416|00:00:03|-0.04|0.05|0.9745|
|=|          8|         30|        224|     6961.194520|        441|00:00:03|-0.03|0.05|0.9723|
|=|          9|         30|        217|     7199.222350|        466|00:00:03|-0.04|0.04|0.9849|
|=|         13|         30|        217|     6728.093555|        491|00:00:03|-0.04|0.04|0.9860|
|=|         15|         30|        217|     6790.265046|        521|00:00:04|-0.03|0.04|0.9804|
+-+-----------+-----------+-----------+----------------+-----------+--------+-----+----+------+
Best-so-far configuration:         217    mean value:      6790.265046
Description of the best-so-far configuration:
    .ID. particles topology modInfluence branching tSchedule phi1 phi2 inertia
217  217       115        1            1        NA        NA 2.36 2.43    0.66
    .PARENT.
217      187

# 2025-10-12 20:39:52 -03: Elite configurations (first number is the configuration ID; listed from best to worst according to the sum of ranks):
    particles topology modInfluence branching tSchedule phi1 phi2 inertia
217       115        1            1        NA        NA 2.36 2.43    0.66
199       112        1            1        NA        NA 2.26 2.14    0.62
220        66        1            1        NA        NA 2.42 2.20    0.60
225        47        1            1        NA        NA 2.09 1.99    0.65
212        93        1            1        NA        NA 1.96 2.49    0.57
# 2025-10-12 20:39:52 -03: Iteration 6 of 6
# experimentsUsed: 1922
# remainingBudget: 78
# currentBudget: 78
# nbConfigurations: 9
# Markers:
     x No test is performed.
     c Configurations are discarded only due to capping.
     - The test is performed and some configurations are discarded.
     = The test is performed but no configuration is discarded.
     ! The test is performed and configurations could be discarded but elite configurations are preserved.
     . All alive configurations are elite and nothing is discarded.

+-+-----------+-----------+-----------+----------------+-----------+--------+-----+----+------+
| |   Instance|      Alive|       Best|       Mean best| Exp so far|  W time|  rho|KenW|  Qvar|
+-+-----------+-----------+-----------+----------------+-----------+--------+-----+----+------+
|x|         16|          9|        241|     236.0488247|          9|00:00:28|   NA|  NA|    NA|
|x|         11|          9|        217|     151.9763533|         13|00:00:01|-0.45|0.28|1.1613|
|x|          2|          9|        217|     30244.94953|         17|00:00:01|-0.01|0.33|0.8757|
|x|         13|          9|        217|     22834.56696|         21|00:00:01|-0.07|0.19|0.8977|
|=|          5|          9|        217|     18378.43962|         25|00:00:28|-0.14|0.09|0.9857|
|=|          9|          9|        217|     15385.82092|         29|00:00:01|-0.07|0.11|0.9292|
|=|          7|          9|        217|     13210.97744|         33|00:00:01|-0.10|0.05|0.9501|
|=|          6|          9|        217|     11571.63378|         37|00:00:01|-0.06|0.07|0.9211|
|=|          3|          9|        217|     10285.92844|         41|00:00:01|-0.04|0.07|0.9019|
|=|         12|          9|        217|     9260.418073|         45|00:00:13|-0.04|0.07|0.9167|
|=|         10|          9|        217|     8421.220547|         49|00:00:01|-0.02|0.07|0.9119|
|=|          8|          9|        217|     7719.792009|         53|00:00:01|-0.01|0.07|0.9077|
|=|         14|          9|        217|     7144.944237|         57|00:00:01|-0.02|0.06|0.9169|
|=|         15|          9|        217|     7181.781499|         61|00:00:01|-0.01|0.06|0.9020|
|=|          4|          9|        217|     6703.064773|         65|00:00:01|-0.01|0.06|0.9012|
|=|          1|          9|        217|     6381.268155|         69|00:00:01|-0.00|0.06|0.9016|
|=|         17|          9|        217|     9453.663618|         78|00:00:01|-0.01|0.05|0.9021|
+-+-----------+-----------+-----------+----------------+-----------+--------+-----+----+------+
Best-so-far configuration:         217    mean value:      9453.663618
Description of the best-so-far configuration:
    .ID. particles topology modInfluence branching tSchedule phi1 phi2 inertia
217  217       115        1            1        NA        NA 2.36 2.43    0.66
    .PARENT.
217      187

# 2025-10-12 20:41:21 -03: Elite configurations (first number is the configuration ID; listed from best to worst according to the sum of ranks):
    particles topology modInfluence branching tSchedule phi1 phi2 inertia
217       115        1            1        NA        NA 2.36 2.43    0.66
220        66        1            1        NA        NA 2.42 2.20    0.60
241        48        1            1        NA        NA 2.26 2.11    0.58
225        47        1            1        NA        NA 2.09 1.99    0.65
199       112        1            1        NA        NA 2.26 2.14    0.62
# 2025-10-12 20:41:21 -03: Stopped because budget is exhausted
# Iteration: 7
# nbIterations: 6
# experimentsUsed: 2000
# timeUsed: 0
# remainingBudget: 0
# currentBudget: 78
# number of elites: 5
# nbConfigurations: 9
# Total CPU user time: 10435.86, CPU sys time: 84.472, Wall-clock time: 1524.252
    .ID. particles topology modInfluence branching tSchedule phi1 phi2 inertia
217  217       115        1            1        NA        NA 2.36 2.43    0.66
220  220        66        1            1        NA        NA 2.42 2.20    0.60
241  241        48        1            1        NA        NA 2.26 2.11    0.58
225  225        47        1            1        NA        NA 2.09 1.99    0.65
199  199       112        1            1        NA        NA 2.26 2.14    0.62
    .PARENT. .RANK.   .WEIGHT.
217      187     63 0.33333333
220      182     76 0.26666667
241      220     82 0.20000000
225      182     83 0.13333333
199      177     88 0.06666667
