# 2025-10-13 06:42:38 -03: Reading parameter file '/home/pestobar/Activities/irace-test-executions/PSO-X-withRanking/Scenarios/BH/Runs/BH_seed_600083/parameters.txt'.
# 2025-10-13 06:42:38 -03: 2 expression(s) specifying forbidden configurations read.
# 2025-10-13 06:42:39 -03: Initialization
# Elitist race
# Elitist new instances: 1
# Elitist limit: 2
# nbIterations: 5
# minNbSurvival: 5
# nbParameters: 8
# seed: 600083
# confidence level: 0.95
# budget: 4000
# mu: 5
# deterministic: FALSE

# 2025-10-13 06:42:39 -03: Iteration 1 of 5
# experimentsUsed: 0
# remainingBudget: 4000
# currentBudget: 800
# nbConfigurations: 133
# Markers:
     x No test is performed.
     c Configurations are discarded only due to capping.
     - The test is performed and some configurations are discarded.
     = The test is performed but no configuration is discarded.
     ! The test is performed and configurations could be discarded but elite configurations are preserved.
     . All alive configurations are elite and nothing is discarded.

+-+-----------+-----------+-----------+----------------+-----------+--------+-----+----+------+
| |   Instance|      Alive|       Best|       Mean best| Exp so far|  W time|  rho|KenW|  Qvar|
+-+-----------+-----------+-----------+----------------+-----------+--------+-----+----+------+
|x|          1|        132|        103|     4.534045801|        132|00:00:50|   NA|  NA|    NA|
|x|          2|        132|        129|     13.71227174|        264|00:03:33|+0.28|0.64|0.8400|
|x|          3|        132|        129|     58.06916041|        396|00:00:52|+0.46|0.64|0.6330|
|x|          4|        132|        129|     189.9196207|        528|00:06:58|+0.44|0.58|0.6659|
|-|          5|         56|        103|     20700.69529|        660|00:00:50|-0.05|0.16|1.0061|
|=|          6|         56|        103|     161837.5258|        716|00:00:31|+0.01|0.17|0.9779|
|=|          7|         56|        129|     279002.2457|        772|00:02:59|+0.02|0.16|0.9528|
+-+-----------+-----------+-----------+----------------+-----------+--------+-----+----+------+
Best-so-far configuration:         129    mean value:      279002.2457
Description of the best-so-far configuration:
    .ID. particles topology modInfluence branching tSchedule phi1 phi2 inertia
129  129        61        1            0        NA        NA 2.47 1.73    0.67
    .PARENT.
129       NA

# 2025-10-13 06:59:14 -03: Elite configurations (first number is the configuration ID; listed from best to worst according to the sum of ranks):
    particles topology modInfluence branching tSchedule phi1 phi2 inertia
129        61        1            0        NA        NA 2.47 1.73    0.67
103        53        4            0        NA        NA 2.30 1.54    0.22
45         61        4            0        NA        NA 1.15 2.42    0.58
4         107        4            2        NA        NA 0.88 1.13    0.71
41        185        4            2        NA        NA 1.46 2.11    0.47
# 2025-10-13 06:59:14 -03: Iteration 2 of 5
# experimentsUsed: 772
# remainingBudget: 3228
# currentBudget: 807
# nbConfigurations: 105
# Markers:
     x No test is performed.
     c Configurations are discarded only due to capping.
     - The test is performed and some configurations are discarded.
     = The test is performed but no configuration is discarded.
     ! The test is performed and configurations could be discarded but elite configurations are preserved.
     . All alive configurations are elite and nothing is discarded.

+-+-----------+-----------+-----------+----------------+-----------+--------+-----+----+------+
| |   Instance|      Alive|       Best|       Mean best| Exp so far|  W time|  rho|KenW|  Qvar|
+-+-----------+-----------+-----------+----------------+-----------+--------+-----+----+------+
|x|          8|        105|        189|     41.20232471|        105|00:00:40|   NA|  NA|    NA|
|x|          6|        105|        141|     380023.6372|        205|00:00:39|+0.68|0.84|0.0627|
|x|          3|        105|        159|     255332.2877|        305|00:00:40|+0.42|0.61|0.3661|
|x|          1|        105|        159|     191500.5960|        405|00:00:38|+0.49|0.62|0.4546|
|-|          4|         29|        159|     153310.2864|        505|00:05:16|+0.07|0.26|0.9998|
|=|          2|         29|        103|     144725.2436|        529|00:00:41|+0.05|0.21|0.9581|
|=|          5|         29|        103|     138728.5634|        553|00:00:03|+0.03|0.17|0.9534|
|=|          7|         29|        159|     108056.4449|        577|00:01:25|+0.04|0.16|0.9366|
|=|          9|         29|        231|     168924.2656|        606|00:01:26|+0.03|0.14|0.9054|
+-+-----------+-----------+-----------+----------------+-----------+--------+-----+----+------+
Best-so-far configuration:         231    mean value:      168924.2656
Description of the best-so-far configuration:
    .ID. particles topology modInfluence branching tSchedule phi1 phi2 inertia
231  231       109        4            0        NA        NA 2.06 1.52    0.42
    .PARENT.
231      103

# 2025-10-13 07:10:48 -03: Elite configurations (first number is the configuration ID; listed from best to worst according to the sum of ranks):
    particles topology modInfluence branching tSchedule phi1 phi2 inertia
231       109        4            0        NA        NA 2.06 1.52    0.42
159       136        4            0        NA        NA 2.10 2.37    0.19
184        77        4            0        NA        NA 1.07 2.45    0.36
134        91        4            0        NA        NA 0.66 1.88    0.37
103        53        4            0        NA        NA 2.30 1.54    0.22
# 2025-10-13 07:10:48 -03: Iteration 3 of 5
# experimentsUsed: 1378
# remainingBudget: 2622
# currentBudget: 874
# nbConfigurations: 91
# Markers:
     x No test is performed.
     c Configurations are discarded only due to capping.
     - The test is performed and some configurations are discarded.
     = The test is performed but no configuration is discarded.
     ! The test is performed and configurations could be discarded but elite configurations are preserved.
     . All alive configurations are elite and nothing is discarded.

+-+-----------+-----------+-----------+----------------+-----------+--------+-----+----+------+
| |   Instance|      Alive|       Best|       Mean best| Exp so far|  W time|  rho|KenW|  Qvar|
+-+-----------+-----------+-----------+----------------+-----------+--------+-----+----+------+
|x|         10|         91|        283|     2.714301733|         91|00:00:16|   NA|  NA|    NA|
|x|          7|         91|        309|     141.8621667|        177|00:04:18|+0.16|0.58|0.4874|
|x|          5|         91|        312|     23345.05931|        263|00:00:16|+0.23|0.49|0.4797|
|x|          9|         91|        312|     17568.68572|        349|00:04:18|+0.20|0.40|0.3623|
|-|          8|         23|        312|     14066.30991|        435|00:00:17|-0.06|0.15|1.0242|
|=|          2|         23|        312|     11728.55179|        453|00:00:27|-0.09|0.09|1.0471|
|=|          4|         23|        312|     10228.02444|        471|00:00:58|-0.07|0.08|1.0111|
|=|          6|         23|        312|     99662.38935|        489|00:00:02|-0.02|0.11|0.9523|
|=|          1|         23|        283|     107035.0691|        507|00:00:02|-0.03|0.08|0.9837|
|=|          3|         23|        283|     96346.48282|        525|00:00:02|-0.01|0.09|0.9439|
|=|         11|         23|        283|     87601.26148|        548|00:00:03|+0.01|0.10|0.9010|
+-+-----------+-----------+-----------+----------------+-----------+--------+-----+----+------+
Best-so-far configuration:         283    mean value:      87601.26148
Description of the best-so-far configuration:
    .ID. particles topology modInfluence branching tSchedule phi1 phi2 inertia
283  283       150        4            0        NA        NA 2.06 2.28    0.19
    .PARENT.
283      159

# 2025-10-13 07:21:52 -03: Elite configurations (first number is the configuration ID; listed from best to worst according to the sum of ranks):
    particles topology modInfluence branching tSchedule phi1 phi2 inertia
283       150        4            0        NA        NA 2.06 2.28    0.19
252       163        4            0        NA        NA 2.49 2.23    0.13
243       142        4            0        NA        NA 2.21 2.29    0.34
159       136        4            0        NA        NA 2.10 2.37    0.19
304       157        4            0        NA        NA 1.79 2.15    0.18
# 2025-10-13 07:21:52 -03: Iteration 4 of 5
# experimentsUsed: 1926
# remainingBudget: 2074
# currentBudget: 1037
# nbConfigurations: 91
# Markers:
     x No test is performed.
     c Configurations are discarded only due to capping.
     - The test is performed and some configurations are discarded.
     = The test is performed but no configuration is discarded.
     ! The test is performed and configurations could be discarded but elite configurations are preserved.
     . All alive configurations are elite and nothing is discarded.

+-+-----------+-----------+-----------+----------------+-----------+--------+-----+----+------+
| |   Instance|      Alive|       Best|       Mean best| Exp so far|  W time|  rho|KenW|  Qvar|
+-+-----------+-----------+-----------+----------------+-----------+--------+-----+----+------+
|x|         12|         91|        362|     1.605447900|         91|00:00:23|   NA|  NA|    NA|
|x|          3|         91|        379|     66.01287651|        177|00:00:23|+0.25|0.63|0.4374|
|x|          9|         91|        389|     135.1370535|        263|00:04:17|+0.33|0.55|0.2976|
|x|          8|         91|        343|     127.7646209|        349|00:00:24|+0.24|0.43|0.2411|
|-|         10|         58|        343|     102.8597087|        435|00:00:23|-0.13|0.10|1.0998|
|=|          1|         58|        343|     86.58032394|        488|00:00:06|-0.09|0.09|1.0468|
|=|          7|         58|        343|     119.3786541|        541|00:02:50|-0.05|0.10|1.0163|
|=|         11|         58|        366|     122.3725399|        594|00:00:07|-0.03|0.10|0.9786|
|=|          6|         58|        343|     115068.4104|        647|00:00:06|-0.01|0.10|0.9373|
|=|          4|         58|        343|     103616.0255|        700|00:02:51|-0.02|0.08|0.9527|
|=|          2|         58|        343|     94198.79604|        753|00:01:21|-0.00|0.09|0.9284|
|=|          5|         58|        343|     94410.80035|        806|00:00:06|-0.01|0.07|0.9449|
|=|         13|         58|        343|     87733.08752|        864|00:00:08|-0.00|0.08|0.9153|
+-+-----------+-----------+-----------+----------------+-----------+--------+-----+----+------+
Best-so-far configuration:         343    mean value:      87733.08752
Description of the best-so-far configuration:
    .ID. particles topology modInfluence branching tSchedule phi1 phi2 inertia
343  343       142        4            0        NA        NA  1.6 2.46    0.24
    .PARENT.
343      304

# 2025-10-13 07:35:23 -03: Elite configurations (first number is the configuration ID; listed from best to worst according to the sum of ranks):
    particles topology modInfluence branching tSchedule phi1 phi2 inertia
343       142        4            0        NA        NA 1.60 2.46    0.24
363       139        4            0        NA        NA 2.12 2.36    0.29
359       154        4            0        NA        NA 1.98 2.45    0.34
366       153        4            0        NA        NA 1.87 2.39    0.22
283       150        4            0        NA        NA 2.06 2.28    0.19
# 2025-10-13 07:35:23 -03: Iteration 5 of 5
# experimentsUsed: 2790
# remainingBudget: 1210
# currentBudget: 1210
# nbConfigurations: 91
# Markers:
     x No test is performed.
     c Configurations are discarded only due to capping.
     - The test is performed and some configurations are discarded.
     = The test is performed but no configuration is discarded.
     ! The test is performed and configurations could be discarded but elite configurations are preserved.
     . All alive configurations are elite and nothing is discarded.

+-+-----------+-----------+-----------+----------------+-----------+--------+-----+----+------+
| |   Instance|      Alive|       Best|       Mean best| Exp so far|  W time|  rho|KenW|  Qvar|
+-+-----------+-----------+-----------+----------------+-----------+--------+-----+----+------+
|x|         14|         91|        449|     9.977767520|         91|00:00:11|   NA|  NA|    NA|
|x|          6|         91|        472|     418226.7376|        177|00:00:10|+0.14|0.57|0.9588|
|x|          1|         91|        420|     305445.3914|        263|00:00:09|+0.04|0.36|0.8940|
|x|          8|         91|        474|     151656.9758|        349|00:00:11|+0.06|0.29|0.7835|
|=|          7|         91|        474|     121395.2086|        435|00:04:16|+0.02|0.22|0.8177|
|-|          4|         36|        474|     101253.2852|        521|00:04:18|-0.07|0.11|1.0375|
|=|         13|         36|        474|     87835.74933|        552|00:00:05|-0.04|0.11|1.0179|
|=|         12|         36|        474|     76872.82316|        583|00:00:03|-0.04|0.09|1.0159|
|=|         10|         36|        474|     68331.77889|        614|00:00:03|-0.06|0.06|1.0269|
|=|          9|         36|        477|     91743.64177|        645|00:01:52|-0.05|0.06|1.0145|
|=|          3|         36|        474|     55946.90355|        676|00:00:04|-0.03|0.06|0.9999|
|=|          5|         36|        474|     58174.78315|        707|00:00:04|-0.02|0.06|0.9911|
|=|         11|         36|        477|     77998.79740|        738|00:00:05|-0.01|0.06|0.9860|
|=|          2|         36|        477|     72429.46749|        769|00:00:53|-0.01|0.06|0.9809|
|=|         15|         36|        477|     67600.87515|        805|00:00:35|-0.01|0.06|0.9804|
+-+-----------+-----------+-----------+----------------+-----------+--------+-----+----+------+
Best-so-far configuration:         477    mean value:      67600.87515
Description of the best-so-far configuration:
    .ID. particles topology modInfluence branching tSchedule phi1 phi2 inertia
477  477       137        4            0        NA        NA 2.11 2.49    0.32
    .PARENT.
477      363

# 2025-10-13 07:48:30 -03: Elite configurations (first number is the configuration ID; listed from best to worst according to the sum of ranks):
    particles topology modInfluence branching tSchedule phi1 phi2 inertia
477       137        4            0        NA        NA 2.11 2.49    0.32
474       150        4            0        NA        NA 1.66 2.42    0.25
454       142        4            0        NA        NA 2.03 2.45    0.37
283       150        4            0        NA        NA 2.06 2.28    0.19
366       153        4            0        NA        NA 1.87 2.39    0.22
# 2025-10-13 07:48:30 -03: Iteration 6 of 6
# experimentsUsed: 3595
# remainingBudget: 405
# currentBudget: 405
# nbConfigurations: 30
# Markers:
     x No test is performed.
     c Configurations are discarded only due to capping.
     - The test is performed and some configurations are discarded.
     = The test is performed but no configuration is discarded.
     ! The test is performed and configurations could be discarded but elite configurations are preserved.
     . All alive configurations are elite and nothing is discarded.

+-+-----------+-----------+-----------+----------------+-----------+--------+-----+----+------+
| |   Instance|      Alive|       Best|       Mean best| Exp so far|  W time|  rho|KenW|  Qvar|
+-+-----------+-----------+-----------+----------------+-----------+--------+-----+----+------+
|x|         16|         30|        454|     908.6017956|         30|00:01:28|   NA|  NA|    NA|
|x|          9|         30|        454|     570.4673481|         55|00:01:25|+0.15|0.58|0.4332|
|x|         14|         30|        454|     384.3067367|         80|00:00:03|+0.17|0.45|0.5534|
|x|         15|         30|        283|     295.2440867|        105|00:00:26|+0.13|0.35|0.4472|
|-|          1|         20|        454|     231.6750379|        130|00:00:03|-0.03|0.17|0.9775|
|=|          7|         20|        454|     245.9925310|        145|00:00:57|+0.01|0.17|0.9552|
|=|          5|         20|        454|     15546.38524|        160|00:00:02|+0.02|0.16|0.9537|
|=|          8|         20|        283|     10775.72774|        175|00:00:02|+0.04|0.16|0.9322|
|=|         10|         20|        283|     9578.726245|        190|00:00:01|+0.02|0.13|0.9448|
|=|          6|         20|        283|     96366.57645|        205|00:00:02|+0.04|0.13|0.9280|
|=|          4|         20|        283|     87655.06073|        220|00:00:57|+0.05|0.14|0.9096|
|=|          2|         20|        283|     80353.09757|        235|00:00:27|+0.03|0.11|0.9283|
|=|         11|         20|        283|     74183.55530|        250|00:00:02|+0.03|0.11|0.9300|
|=|         13|         20|        477|     72479.08235|        265|00:00:02|+0.02|0.09|0.9401|
|=|         12|         20|        477|     67651.76646|        280|00:00:01|+0.01|0.07|0.9467|
|=|          3|         20|        454|     70686.18806|        295|00:00:02|+0.01|0.07|0.9458|
|=|         17|         20|        454|     66528.40836|        315|00:00:02|+0.01|0.06|0.9498|
+-+-----------+-----------+-----------+----------------+-----------+--------+-----+----+------+
Best-so-far configuration:         454    mean value:      66528.40836
Description of the best-so-far configuration:
    .ID. particles topology modInfluence branching tSchedule phi1 phi2 inertia
454  454       142        4            0        NA        NA 2.03 2.45    0.37
    .PARENT.
454      359

# 2025-10-13 07:54:41 -03: Elite configurations (first number is the configuration ID; listed from best to worst according to the sum of ranks):
    particles topology modInfluence branching tSchedule phi1 phi2 inertia
454       142        4            0        NA        NA 2.03 2.45    0.37
477       137        4            0        NA        NA 2.11 2.49    0.32
511       146        4            0        NA        NA 2.12 2.45    0.36
502       150        4            0        NA        NA 1.96 2.45    0.38
366       153        4            0        NA        NA 1.87 2.39    0.22
# 2025-10-13 07:54:41 -03: Iteration 7 of 7
# experimentsUsed: 3910
# remainingBudget: 90
# currentBudget: 90
# nbConfigurations: 9
# Markers:
     x No test is performed.
     c Configurations are discarded only due to capping.
     - The test is performed and some configurations are discarded.
     = The test is performed but no configuration is discarded.
     ! The test is performed and configurations could be discarded but elite configurations are preserved.
     . All alive configurations are elite and nothing is discarded.

+-+-----------+-----------+-----------+----------------+-----------+--------+-----+----+------+
| |   Instance|      Alive|       Best|       Mean best| Exp so far|  W time|  rho|KenW|  Qvar|
+-+-----------+-----------+-----------+----------------+-----------+--------+-----+----+------+
|x|         18|          9|        477|     21.93554863|          9|00:00:01|   NA|  NA|    NA|
|x|         15|          9|        477|     11.25898190|         13|00:00:09|-0.02|0.49|0.8319|
|x|         13|          9|        477|     2449.273840|         17|00:00:01|+0.03|0.35|0.9038|
|x|         17|          9|        502|     1862.505135|         21|00:00:01|-0.02|0.24|1.0147|
|=|         14|          9|        477|     1472.673270|         25|00:00:01|-0.06|0.15|0.9497|
|=|          7|          9|        477|     1282.273495|         29|00:00:28|-0.13|0.06|0.9893|
|=|          8|          9|        477|     1108.430947|         33|00:00:01|-0.07|0.08|0.9351|
|=|          4|          9|        477|     1038.201932|         37|00:00:28|-0.08|0.05|0.9416|
|=|          1|          9|        477|     923.4015606|         41|00:00:01|-0.06|0.06|0.9311|
|=|         16|          9|        477|     922.1048336|         45|00:00:29|-0.08|0.03|0.9433|
|=|         12|          9|        477|     844.5811134|         49|00:00:01|-0.06|0.03|0.9259|
|=|          2|          9|        454|     783.1342986|         53|00:00:13|-0.06|0.03|0.9338|
|=|          5|          9|        454|     8980.488701|         57|00:00:01|-0.06|0.02|0.9283|
|=|          9|          9|        454|     8355.620429|         61|00:00:28|-0.05|0.03|0.9305|
|=|         11|          9|        519|     6702.467276|         65|00:00:01|-0.05|0.02|0.9280|
|=|          6|          9|        477|     63424.95030|         69|00:00:01|-0.04|0.02|0.9231|
|=|          3|          9|        454|     66530.73687|         73|00:00:01|-0.05|0.02|0.9225|
|=|         10|          9|        454|     62834.77266|         77|00:00:00|-0.04|0.02|0.9191|
|=|         19|          9|        454|     59535.57387|         86|00:00:01|-0.04|0.02|0.9142|
+-+-----------+-----------+-----------+----------------+-----------+--------+-----+----+------+
Best-so-far configuration:         454    mean value:      59535.57387
Description of the best-so-far configuration:
    .ID. particles topology modInfluence branching tSchedule phi1 phi2 inertia
454  454       142        4            0        NA        NA 2.03 2.45    0.37
    .PARENT.
454      359

# 2025-10-13 07:57:14 -03: Elite configurations (first number is the configuration ID; listed from best to worst according to the sum of ranks):
    particles topology modInfluence branching tSchedule phi1 phi2 inertia
454       142        4            0        NA        NA 2.03 2.45    0.37
477       137        4            0        NA        NA 2.11 2.49    0.32
511       146        4            0        NA        NA 2.12 2.45    0.36
502       150        4            0        NA        NA 1.96 2.45    0.38
519       150        4            0        NA        NA 1.78 2.38    0.39
# 2025-10-13 07:57:14 -03: Stopped because there is not enough budget left to race more than the minimum (5).
# You may either increase the budget or set 'minNbSurvival' to a lower value.
# Iteration: 8
# nbIterations: 8
# experimentsUsed: 3996
# timeUsed: 0
# remainingBudget: 4
# currentBudget: 4
# number of elites: 5
# nbConfigurations: 5
# Total CPU user time: 38880.47, CPU sys time: 183.643, Wall-clock time: 4475.339
# 2025-10-13 07:57:14 -03: Starting post-selection:
# Configurations selected: 454, 477, 511, 502.
# Pending instances: 0, 0, 0, 0.
# 2025-10-13 07:57:14 -03: seed: 600083
# Configurations: 4
# Available experiments: 4
# minSurvival: 1
# Markers:
     x No test is performed.
     c Configurations are discarded only due to capping.
     - The test is performed and some configurations are discarded.
     = The test is performed but no configuration is discarded.
     ! The test is performed and configurations could be discarded but elite configurations are preserved.
     . All alive configurations are elite and nothing is discarded.

+-+-----------+-----------+-----------+----------------+-----------+--------+-----+----+------+
| |   Instance|      Alive|       Best|       Mean best| Exp so far|  W time|  rho|KenW|  Qvar|
+-+-----------+-----------+-----------+----------------+-----------+--------+-----+----+------+
|.|          3|          4|        454|     104.6492741|          0|00:00:00|   NA|  NA|    NA|
|.|          2|          4|        454|     65.68800587|          0|00:00:00|+0.40|0.70|0.6174|
|.|         17|          4|        454|     45.10307762|          0|00:00:00|+0.47|0.64|0.3253|
|.|          8|          4|        454|     55.64709219|          0|00:00:00|+0.07|0.30|0.7748|
|.|         11|          4|        454|     72.31328662|          0|00:00:00|+0.00|0.20|0.7912|
|.|          9|          4|        454|     98.98322229|          0|00:00:00|+0.11|0.26|0.7247|
|.|          4|          4|        454|     163.7075956|          0|00:00:00|-0.03|0.12|0.8237|
|.|         10|          4|        454|     143.6667983|          0|00:00:00|-0.02|0.11|0.8268|
|.|         18|          4|        454|     132.4777965|          0|00:00:00|-0.07|0.05|0.8401|
|.|          5|          4|        454|     10854.10417|          0|00:00:00|-0.05|0.05|0.8221|
|.|         15|          4|        454|     9867.420453|          0|00:00:00|-0.08|0.02|0.8206|
|.|         13|          4|        454|     9662.606548|          0|00:00:00|-0.08|0.01|0.8154|
|.|          7|          4|        454|     8943.758352|          0|00:00:00|-0.06|0.02|0.8084|
|.|          1|          4|        454|     8305.266448|          0|00:00:00|-0.05|0.02|0.8021|
|.|         14|          4|        454|     7752.381052|          0|00:00:00|-0.06|0.01|0.8033|
|.|          6|          4|        454|     70630.37057|          0|00:00:00|-0.07|0.00|0.7960|
|.|         16|          4|        454|     66529.09006|          0|00:00:00|-0.06|0.00|0.7912|
|.|         12|          4|        454|     62834.77266|          0|00:00:00|-0.05|0.01|0.7827|
|.|         19|          4|        454|     59535.57387|          0|00:00:00|-0.05|0.01|0.7841|
|=|         20|          4|        454|     56604.32007|          4|00:00:29|-0.04|0.01|0.7841|
+-+-----------+-----------+-----------+----------------+-----------+--------+-----+----+------+
Best-so-far configuration:         454    mean value:      56604.32007
Description of the best-so-far configuration:
    .ID. particles topology modInfluence branching tSchedule phi1 phi2 inertia
454  454       142        4            0        NA        NA 2.03 2.45    0.37
    .PARENT.
454      359

# 2025-10-13 07:57:44 -03: Elite configurations (first number is the configuration ID; listed from best to worst according to the sum of ranks):
    particles topology modInfluence branching tSchedule phi1 phi2 inertia
454       142        4            0        NA        NA 2.03 2.45    0.37
502       150        4            0        NA        NA 1.96 2.45    0.38
511       146        4            0        NA        NA 2.12 2.45    0.36
477       137        4            0        NA        NA 2.11 2.49    0.32
# Total CPU user time: 38996.66, CPU sys time: 183.919, Wall-clock time: 4504.993
    .ID. particles topology modInfluence branching tSchedule phi1 phi2 inertia
454  454       142        4            0        NA        NA 2.03 2.45    0.37
502  502       150        4            0        NA        NA 1.96 2.45    0.38
511  511       146        4            0        NA        NA 2.12 2.45    0.36
477  477       137        4            0        NA        NA 2.11 2.49    0.32
    .PARENT. .RANK. .WEIGHT.
454      359     48      0.4
502      454     49      0.3
511      477     49      0.2
477      363     54      0.1
