# 2025-09-20 13:28:46 -03: Reading parameter file '/home/dianag/PruebasPablo/irace-test-executions/ACOTSP-withRanking/Scenarios-2/BH/Runs/BH_seed_1000193/parameters.txt'.
# 2025-09-20 13:28:46 -03: 1 expression(s) specifying forbidden configurations read.
# 2025-09-20 13:28:47 -03: Initialization
# Elitist race
# Elitist new instances: 1
# Elitist limit: 2
# nbIterations: 5
# minNbSurvival: 5
# nbParameters: 11
# seed: 1000193
# confidence level: 0.95
# budget: 5500
# mu: 5
# deterministic: FALSE

# 2025-09-20 13:28:47 -03: Iteration 1 of 5
# experimentsUsed: 0
# remainingBudget: 5500
# currentBudget: 1100
# nbConfigurations: 183
# Markers:
     x No test is performed.
     c Configurations are discarded only due to capping.
     - The test is performed and some configurations are discarded.
     = The test is performed but no configuration is discarded.
     ! The test is performed and configurations could be discarded but elite configurations are preserved.
     . All alive configurations are elite and nothing is discarded.

+-+-----------+-----------+-----------+----------------+-----------+--------+-----+----+------+
| |   Instance|      Alive|       Best|       Mean best| Exp so far|  W time|  rho|KenW|  Qvar|
+-+-----------+-----------+-----------+----------------+-----------+--------+-----+----+------+
|x|          1|        183|         21|     32456579.00|        183|00:03:57|   NA|  NA|    NA|
|x|          2|        183|         70|     32510771.50|        366|00:03:58|+0.97|0.98|0.0024|
|x|          3|        183|         70|     32609280.67|        549|00:03:55|+0.97|0.98|0.0019|
|x|          4|        183|         46|     32583253.50|        732|00:03:55|+0.97|0.98|0.0018|
|-|          5|         10|         70|     32574849.40|        915|00:03:59|+0.62|0.69|0.3432|
|-|          6|          4|         70|     32558566.83|        925|00:00:10|+0.16|0.30|0.4761|
+-+-----------+-----------+-----------+----------------+-----------+--------+-----+----+------+
Best configuration for the instances in this race: 70
Best-so-far configuration:          21    mean value:      32573478.50
Description of the best-so-far configuration:
   .ID. algorithm localsearch alpha beta  rho ants   q0 rasrank elitistants
21   21       acs           3  3.57 1.12 0.53   39 0.17      NA          NA
   nnls dlb .PARENT.
21   18   1       NA

# 2025-09-20 13:48:44 -03: Elite configurations (first number is the configuration ID; listed from best to worst according to the sum of ranks):
    algorithm localsearch alpha beta  rho ants   q0 rasrank elitistants nnls
21        acs           3  3.57 1.12 0.53   39 0.17      NA          NA   18
70        acs           3  1.73 6.20 0.86   45 0.70      NA          NA   12
46        acs           3  2.39 2.22 0.92   32 0.41      NA          NA   24
182       acs           3  3.78 4.76 0.62   73 0.77      NA          NA   46
    dlb
21    1
70    1
46    1
182   1
# 2025-09-20 13:48:44 -03: Iteration 2 of 5
# experimentsUsed: 925
# remainingBudget: 4575
# currentBudget: 1143
# nbConfigurations: 166
# Markers:
     x No test is performed.
     c Configurations are discarded only due to capping.
     - The test is performed and some configurations are discarded.
     = The test is performed but no configuration is discarded.
     ! The test is performed and configurations could be discarded but elite configurations are preserved.
     . All alive configurations are elite and nothing is discarded.

+-+-----------+-----------+-----------+----------------+-----------+--------+-----+----+------+
| |   Instance|      Alive|       Best|       Mean best| Exp so far|  W time|  rho|KenW|  Qvar|
+-+-----------+-----------+-----------+----------------+-----------+--------+-----+----+------+
|x|          7|        166|         70|     32556839.00|        166|00:03:24|   NA|  NA|    NA|
|x|          6|        166|         70|     32516996.50|        328|00:03:19|+0.98|0.99|0.0014|
|x|          4|        166|         70|     32518207.67|        490|00:03:14|+0.98|0.99|0.0011|
|x|          2|        166|         70|     32527624.75|        652|00:03:20|+0.98|0.98|0.0012|
|-|          3|         12|        320|     32586079.00|        814|00:03:18|+0.11|0.29|0.8477|
|=|          5|         12|        320|     32574167.50|        822|00:00:11|+0.16|0.30|0.8067|
|-|          1|          8|         70|     32558320.00|        830|00:00:10|-0.08|0.07|0.9356|
|=|          8|          8|         70|     32557006.88|        838|00:00:10|-0.04|0.09|0.8946|
|=|          9|          8|         70|     32587140.78|        846|00:00:10|-0.06|0.06|0.8960|
+-+-----------+-----------+-----------+----------------+-----------+--------+-----+----+------+
Best-so-far configuration:          70    mean value:      32587140.78
Description of the best-so-far configuration:
   .ID. algorithm localsearch alpha beta  rho ants  q0 rasrank elitistants nnls
70   70       acs           3  1.73  6.2 0.86   45 0.7      NA          NA   12
   dlb .PARENT.
70   1       NA

# 2025-09-20 14:06:05 -03: Elite configurations (first number is the configuration ID; listed from best to worst according to the sum of ranks):
    algorithm localsearch alpha beta  rho ants   q0 rasrank elitistants nnls
70        acs           3  1.73 6.20 0.86   45 0.70      NA          NA   12
320       acs           3  3.43 3.20 0.34   58 0.27      NA          NA   29
218       acs           3  2.57 0.09 0.76   22 0.21      NA          NA   12
21        acs           3  3.57 1.12 0.53   39 0.17      NA          NA   18
312       acs           3  3.96 1.11 0.34   52 0.23      NA          NA   10
    dlb
70    1
320   1
218   1
21    1
312   0
# 2025-09-20 14:06:05 -03: Iteration 3 of 5
# experimentsUsed: 1771
# remainingBudget: 3729
# currentBudget: 1243
# nbConfigurations: 128
# Markers:
     x No test is performed.
     c Configurations are discarded only due to capping.
     - The test is performed and some configurations are discarded.
     = The test is performed but no configuration is discarded.
     ! The test is performed and configurations could be discarded but elite configurations are preserved.
     . All alive configurations are elite and nothing is discarded.

+-+-----------+-----------+-----------+----------------+-----------+--------+-----+----+------+
| |   Instance|      Alive|       Best|       Mean best| Exp so far|  W time|  rho|KenW|  Qvar|
+-+-----------+-----------+-----------+----------------+-----------+--------+-----+----+------+
|x|         10|        128|        370|     32445371.00|        128|00:02:27|   NA|  NA|    NA|
|x|          6|        128|        441|     32447202.50|        251|00:02:19|+0.87|0.94|0.0014|
|x|          9|        128|        441|     32576970.33|        374|00:02:20|+0.90|0.93|0.0020|
|x|          2|        128|        441|     32573085.75|        497|00:02:23|+0.92|0.94|0.0017|
|-|          7|         20|        441|     32576934.20|        620|00:02:22|+0.04|0.23|0.9244|
|=|          8|         20|        441|     32559275.33|        635|00:00:20|+0.07|0.22|0.8890|
|=|          3|         20|        441|     32589596.57|        650|00:00:20|+0.09|0.22|0.8735|
|=|          1|         20|        441|     32572367.25|        665|00:00:20|+0.05|0.17|0.8902|
|=|          4|         20|        441|     32563901.56|        680|00:00:20|+0.06|0.17|0.8730|
|=|          5|         20|        441|     32561263.20|        695|00:00:20|+0.06|0.15|0.8784|
|=|         11|         20|        441|     32588502.55|        715|00:00:21|+0.06|0.14|0.8839|
+-+-----------+-----------+-----------+----------------+-----------+--------+-----+----+------+
Best-so-far configuration:         441    mean value:      32588502.55
Description of the best-so-far configuration:
    .ID. algorithm localsearch alpha beta  rho ants   q0 rasrank elitistants
441  441       acs           3  2.61 3.48 0.87   63 0.74      NA          NA
    nnls dlb .PARENT.
441   21   1       70

# 2025-09-20 14:20:04 -03: Elite configurations (first number is the configuration ID; listed from best to worst according to the sum of ranks):
    algorithm localsearch alpha beta  rho ants   q0 rasrank elitistants nnls
441       acs           3  2.61 3.48 0.87   63 0.74      NA          NA   21
382       acs           3  2.29 5.87 0.45   45 0.61      NA          NA   17
412       acs           3  2.60 7.93 0.67   59 0.82      NA          NA   16
445       acs           3  1.11 6.61 0.83   30 0.75      NA          NA    8
70        acs           3  1.73 6.20 0.86   45 0.70      NA          NA   12
    dlb
441   1
382   1
412   1
445   1
70    1
# 2025-09-20 14:20:04 -03: Iteration 4 of 5
# experimentsUsed: 2486
# remainingBudget: 3014
# currentBudget: 1507
# nbConfigurations: 130
# Markers:
     x No test is performed.
     c Configurations are discarded only due to capping.
     - The test is performed and some configurations are discarded.
     = The test is performed but no configuration is discarded.
     ! The test is performed and configurations could be discarded but elite configurations are preserved.
     . All alive configurations are elite and nothing is discarded.

+-+-----------+-----------+-----------+----------------+-----------+--------+-----+----+------+
| |   Instance|      Alive|       Best|       Mean best| Exp so far|  W time|  rho|KenW|  Qvar|
+-+-----------+-----------+-----------+----------------+-----------+--------+-----+----+------+
|x|         12|        130|        498|     32576279.00|        130|00:02:25|   NA|  NA|    NA|
|x|          4|        130|        516|     32525803.00|        255|00:02:19|+0.88|0.94|0.0032|
|x|         11|        130|        592|     32628627.00|        380|00:02:18|+0.86|0.91|0.0039|
|x|          2|        130|        412|     32597947.75|        505|00:02:19|+0.87|0.90|0.0037|
|-|          9|         25|        584|     32651880.20|        630|00:02:18|-0.13|0.09|1.1027|
|=|          6|         25|        584|     32624014.83|        650|00:00:20|-0.10|0.08|1.0617|
|=|          8|         25|        584|     32614665.14|        670|00:00:20|-0.08|0.08|1.0301|
|=|          7|         25|        584|     32607146.50|        690|00:00:21|-0.06|0.07|1.0036|
|=|          5|         25|        584|     32596865.11|        710|00:00:20|-0.05|0.07|1.0098|
|=|          3|         25|        584|     32620676.00|        730|00:00:20|-0.06|0.05|0.9993|
|=|         10|         25|        551|     32607922.00|        750|00:00:21|-0.06|0.04|1.0096|
|=|          1|         25|        469|     32600873.75|        770|00:00:20|-0.05|0.04|1.0057|
|=|         13|         25|        551|     32628198.00|        795|00:00:31|-0.05|0.03|0.9996|
+-+-----------+-----------+-----------+----------------+-----------+--------+-----+----+------+
Best-so-far configuration:         551    mean value:      32628198.00
Description of the best-so-far configuration:
    .ID. algorithm localsearch alpha beta  rho ants   q0 rasrank elitistants
551  551       acs           3  1.15 5.22 0.84   34 0.75      NA          NA
    nnls dlb .PARENT.
551   13   1      445

# 2025-09-20 14:34:44 -03: Elite configurations (first number is the configuration ID; listed from best to worst according to the sum of ranks):
    algorithm localsearch alpha beta  rho ants   q0 rasrank elitistants nnls
551       acs           3  1.15 5.22 0.84   34 0.75      NA          NA   13
508       acs           3  2.85 5.25 0.82   72 0.74      NA          NA   14
562       acs           3  2.59 4.77 0.45   53 0.63      NA          NA   15
469       acs           3  1.77 4.78 0.78   60 0.84      NA          NA   25
529       acs           3  2.91 3.07 0.98   62 0.60      NA          NA   21
    dlb
551   1
508   1
562   1
469   1
529   1
# 2025-09-20 14:34:44 -03: Iteration 5 of 5
# experimentsUsed: 3281
# remainingBudget: 2219
# currentBudget: 2219
# nbConfigurations: 163
# Markers:
     x No test is performed.
     c Configurations are discarded only due to capping.
     - The test is performed and some configurations are discarded.
     = The test is performed but no configuration is discarded.
     ! The test is performed and configurations could be discarded but elite configurations are preserved.
     . All alive configurations are elite and nothing is discarded.

+-+-----------+-----------+-----------+----------------+-----------+--------+-----+----+------+
| |   Instance|      Alive|       Best|       Mean best| Exp so far|  W time|  rho|KenW|  Qvar|
+-+-----------+-----------+-----------+----------------+-----------+--------+-----+----+------+
|x|         14|        163|        647|     32385573.00|        163|00:02:56|   NA|  NA|    NA|
|x|          5|        163|        647|     32437558.50|        321|00:02:49|+0.77|0.88|0.0108|
|x|          4|        163|        651|     32433756.67|        479|00:02:48|+0.73|0.82|0.0130|
|x|          6|        163|        651|     32444565.75|        637|00:02:48|+0.72|0.79|0.0121|
|-|          7|         50|        651|     32473229.40|        795|00:02:50|-0.11|0.11|1.0925|
|=|          3|         50|        651|     32526974.17|        840|00:00:52|-0.05|0.12|1.0417|
|=|          8|         50|        704|     32526888.86|        885|00:00:52|-0.03|0.11|1.0124|
|=|         11|         50|        715|     32568152.38|        930|00:00:51|-0.01|0.12|0.9916|
|=|         13|         50|        629|     32611424.44|        975|00:00:52|+0.01|0.12|0.9764|
|=|          1|         50|        629|     32593328.80|       1020|00:00:52|+0.02|0.12|0.9564|
|=|         10|         50|        629|     32581064.45|       1065|00:00:52|+0.02|0.11|0.9555|
|=|         12|         50|        629|     32579819.33|       1110|00:00:52|+0.02|0.11|0.9589|
|=|          9|         50|        745|     32601524.46|       1155|00:00:52|+0.03|0.10|0.9615|
|=|          2|         50|        745|     32598553.50|       1200|00:00:52|+0.02|0.09|0.9663|
|=|         15|         50|        715|     32590802.33|       1250|00:00:52|+0.02|0.09|0.9627|
+-+-----------+-----------+-----------+----------------+-----------+--------+-----+----+------+
Best-so-far configuration:         715    mean value:      32590802.33
Description of the best-so-far configuration:
    .ID. algorithm localsearch alpha beta  rho ants  q0 rasrank elitistants
715  715       acs           3  3.36 5.51 0.93   75 0.8      NA          NA
    nnls dlb .PARENT.
715   10   1      508

# 2025-09-20 14:57:38 -03: Elite configurations (first number is the configuration ID; listed from best to worst according to the sum of ranks):
    algorithm localsearch alpha beta  rho ants   q0 rasrank elitistants nnls
715       acs           3  3.36 5.51 0.93   75 0.80      NA          NA   10
608       acs           3  3.03 4.63 0.80   71 0.76      NA          NA   14
745       acs           3  2.28 6.05 0.84   58 0.84      NA          NA   15
629       acs           3  2.57 5.30 0.48   56 0.57      NA          NA   11
676       acs           3  2.60 4.39 0.93   68 0.76      NA          NA   12
    dlb
715   1
608   1
745   1
629   1
676   1
# 2025-09-20 14:57:38 -03: Iteration 6 of 6
# experimentsUsed: 4531
# remainingBudget: 969
# currentBudget: 969
# nbConfigurations: 65
# Markers:
     x No test is performed.
     c Configurations are discarded only due to capping.
     - The test is performed and some configurations are discarded.
     = The test is performed but no configuration is discarded.
     ! The test is performed and configurations could be discarded but elite configurations are preserved.
     . All alive configurations are elite and nothing is discarded.

+-+-----------+-----------+-----------+----------------+-----------+--------+-----+----+------+
| |   Instance|      Alive|       Best|       Mean best| Exp so far|  W time|  rho|KenW|  Qvar|
+-+-----------+-----------+-----------+----------------+-----------+--------+-----+----+------+
|x|         16|         65|        809|     32424772.00|         65|00:01:12|   NA|  NA|    NA|
|x|          8|         65|        778|     32482206.50|        125|00:01:02|+0.30|0.65|0.5172|
|x|          3|         65|        809|     32565511.67|        185|00:01:02|+0.39|0.59|0.4017|
|x|         14|         65|        809|     32522533.00|        245|00:01:02|+0.39|0.55|0.3985|
|-|         12|         33|        809|     32544964.00|        305|00:01:02|-0.10|0.12|1.0712|
|=|          7|         33|        608|     32554954.83|        333|00:00:31|-0.09|0.09|1.0679|
|=|         10|         33|        745|     32550170.57|        361|00:00:31|-0.08|0.08|1.0509|
|=|          5|         33|        752|     32537699.00|        389|00:00:31|-0.03|0.10|1.0000|
|=|          6|         33|        809|     32528370.44|        417|00:00:31|-0.01|0.10|0.9856|
|=|          4|         33|        629|     32528336.40|        445|00:00:31|+0.01|0.11|0.9545|
|=|          9|         33|        780|     32544869.45|        473|00:00:31|+0.01|0.10|0.9592|
|=|         13|         33|        752|     32584428.58|        501|00:00:31|+0.02|0.11|0.9489|
|=|         11|         33|        797|     32605430.31|        529|00:00:31|+0.03|0.11|0.9448|
|-|          2|         22|        797|     32603133.93|        557|00:00:31|-0.01|0.06|0.9708|
|=|         15|         22|        809|     32594199.07|        574|00:00:20|-0.01|0.06|0.9646|
|=|          1|         22|        608|     32588382.44|        591|00:00:21|-0.02|0.05|0.9716|
|=|         17|         22|        793|     32607438.94|        613|00:00:30|-0.01|0.05|0.9602|
+-+-----------+-----------+-----------+----------------+-----------+--------+-----+----+------+
Best-so-far configuration:         793    mean value:      32607438.94
Description of the best-so-far configuration:
    .ID. algorithm localsearch alpha beta  rho ants   q0 rasrank elitistants
793  793       acs           3  2.98 4.99 0.78   70 0.85      NA          NA
    nnls dlb .PARENT.
793   15   1      608

# 2025-09-20 15:08:57 -03: Elite configurations (first number is the configuration ID; listed from best to worst according to the sum of ranks):
    algorithm localsearch alpha beta  rho ants   q0 rasrank elitistants nnls
793       acs           3  2.98 4.99 0.78   70 0.85      NA          NA   15
809       acs           3  2.42 4.99 0.57   58 0.64      NA          NA   13
752       acs           3  2.55 4.78 0.52   56 0.61      NA          NA   12
780       acs           3  2.05 5.47 0.82   62 0.82      NA          NA   11
629       acs           3  2.57 5.30 0.48   56 0.57      NA          NA   11
    dlb
793   1
809   1
752   1
780   1
629   1
# 2025-09-20 15:08:57 -03: Iteration 7 of 7
# experimentsUsed: 5144
# remainingBudget: 356
# currentBudget: 356
# nbConfigurations: 24
# Markers:
     x No test is performed.
     c Configurations are discarded only due to capping.
     - The test is performed and some configurations are discarded.
     = The test is performed but no configuration is discarded.
     ! The test is performed and configurations could be discarded but elite configurations are preserved.
     . All alive configurations are elite and nothing is discarded.

+-+-----------+-----------+-----------+----------------+-----------+--------+-----+----+------+
| |   Instance|      Alive|       Best|       Mean best| Exp so far|  W time|  rho|KenW|  Qvar|
+-+-----------+-----------+-----------+----------------+-----------+--------+-----+----+------+
|x|         18|         24|        824|     32747814.00|         24|00:00:31|   NA|  NA|    NA|
|x|         12|         24|        629|     32665996.50|         43|00:00:20|-0.23|0.38|1.1533|
|x|          1|         24|        629|     32587487.00|         62|00:00:20|-0.07|0.29|1.1095|
|x|         10|         24|        629|     32555220.50|         81|00:00:20|+0.05|0.29|0.9460|
|=|          5|         24|        629|     32540655.20|        100|00:00:20|+0.01|0.21|0.9483|
|=|          4|         24|        629|     32526276.50|        119|00:00:21|+0.05|0.21|0.9179|
|=|          7|         24|        629|     32542402.29|        138|00:00:20|+0.02|0.16|0.9515|
|=|         13|         24|        629|     32593470.25|        157|00:00:20|+0.05|0.17|0.9186|
|-|          3|         16|        629|     32613761.00|        176|00:00:20|-0.07|0.05|0.9962|
|=|          9|         16|        629|     32643471.80|        187|00:00:20|-0.05|0.05|0.9821|
|=|         14|         16|        826|     32611457.45|        198|00:00:20|-0.03|0.06|0.9627|
|=|          6|         16|        780|     32600215.33|        209|00:00:20|-0.01|0.07|0.9439|
|=|          8|         16|        629|     32602985.08|        220|00:00:20|+0.01|0.08|0.9266|
|=|         15|         16|        826|     32585367.57|        231|00:00:20|+0.01|0.08|0.9303|
|=|         17|         16|        826|     32615070.47|        242|00:00:20|+0.01|0.08|0.9214|
|=|         11|         16|        793|     32627806.50|        253|00:00:20|+0.01|0.08|0.9151|
|=|          2|         16|        793|     32623018.47|        264|00:00:20|+0.01|0.07|0.9182|
|=|         16|         16|        820|     32619221.67|        275|00:00:20|+0.01|0.06|0.9188|
|=|         19|         16|        793|     32610450.32|        291|00:00:21|+0.01|0.06|0.9235|
+-+-----------+-----------+-----------+----------------+-----------+--------+-----+----+------+
Best-so-far configuration:         793    mean value:      32610450.32
Description of the best-so-far configuration:
    .ID. algorithm localsearch alpha beta  rho ants   q0 rasrank elitistants
793  793       acs           3  2.98 4.99 0.78   70 0.85      NA          NA
    nnls dlb .PARENT.
793   15   1      608

# 2025-09-20 15:15:44 -03: Elite configurations (first number is the configuration ID; listed from best to worst according to the sum of ranks):
    algorithm localsearch alpha beta  rho ants   q0 rasrank elitistants nnls
793       acs           3  2.98 4.99 0.78   70 0.85      NA          NA   15
809       acs           3  2.42 4.99 0.57   58 0.64      NA          NA   13
815       acs           3  3.00 5.54 0.82   68 0.78      NA          NA   13
820       acs           3  2.27 4.27 0.66   53 0.56      NA          NA   12
629       acs           3  2.57 5.30 0.48   56 0.57      NA          NA   11
    dlb
793   1
809   1
815   1
820   1
629   1
# 2025-09-20 15:15:44 -03: Iteration 8 of 8
# experimentsUsed: 5435
# remainingBudget: 65
# currentBudget: 65
# nbConfigurations: 8
# Markers:
     x No test is performed.
     c Configurations are discarded only due to capping.
     - The test is performed and some configurations are discarded.
     = The test is performed but no configuration is discarded.
     ! The test is performed and configurations could be discarded but elite configurations are preserved.
     . All alive configurations are elite and nothing is discarded.

+-+-----------+-----------+-----------+----------------+-----------+--------+-----+----+------+
| |   Instance|      Alive|       Best|       Mean best| Exp so far|  W time|  rho|KenW|  Qvar|
+-+-----------+-----------+-----------+----------------+-----------+--------+-----+----+------+
|x|         20|          8|        629|     32764833.00|          8|00:00:10|   NA|  NA|    NA|
|x|         14|          8|        793|     32608222.50|         11|00:00:10|-0.05|0.48|0.8814|
|x|          7|          8|        820|     32586496.67|         14|00:00:10|+0.01|0.34|0.8513|
|x|          1|          8|        820|     32530295.50|         17|00:00:10|+0.19|0.39|0.7073|
|=|         16|          8|        820|     32515198.80|         20|00:00:10|+0.12|0.29|0.7357|
|=|         17|          8|        820|     32610719.00|         23|00:00:10|+0.02|0.18|0.8526|
|=|          3|          8|        820|     32633795.71|         26|00:00:10|-0.00|0.14|0.8819|
|=|         12|          8|        820|     32630358.62|         29|00:00:10|+0.02|0.14|0.8656|
|=|         10|          8|        820|     32608621.89|         32|00:00:10|+0.03|0.14|0.8535|
|=|         11|          8|        820|     32631749.90|         35|00:00:10|+0.03|0.13|0.8488|
|=|         15|          8|        820|     32616608.91|         38|00:00:10|+0.06|0.15|0.8304|
|=|          8|          8|        820|     32604926.42|         41|00:00:10|+0.04|0.12|0.8453|
|=|          4|          8|        820|     32595291.08|         44|00:00:10|+0.03|0.10|0.8639|
|=|         13|          8|        820|     32624573.71|         47|00:00:10|+0.03|0.10|0.8489|
|=|         18|          8|        820|     32641593.87|         50|00:00:10|+0.01|0.08|0.8630|
|=|         19|          8|        793|     32632614.69|         53|00:00:10|-0.01|0.05|0.8814|
|=|          9|          8|        793|     32640497.29|         56|00:00:10|-0.01|0.05|0.8771|
|=|          6|          8|        793|     32629961.22|         59|00:00:10|-0.01|0.05|0.8754|
|=|          5|          8|        793|     32624060.74|         62|00:00:10|+0.00|0.06|0.8616|
|=|          2|          8|        793|     32620178.20|         65|00:00:10|+0.00|0.05|0.8696|
+-+-----------+-----------+-----------+----------------+-----------+--------+-----+----+------+
Best-so-far configuration:         793    mean value:      32620178.20
Description of the best-so-far configuration:
    .ID. algorithm localsearch alpha beta  rho ants   q0 rasrank elitistants
793  793       acs           3  2.98 4.99 0.78   70 0.85      NA          NA
    nnls dlb .PARENT.
793   15   1      608

# 2025-09-20 15:19:14 -03: Elite configurations (first number is the configuration ID; listed from best to worst according to the sum of ranks):
    algorithm localsearch alpha beta  rho ants   q0 rasrank elitistants nnls
793       acs           3  2.98 4.99 0.78   70 0.85      NA          NA   15
820       acs           3  2.27 4.27 0.66   53 0.56      NA          NA   12
809       acs           3  2.42 4.99 0.57   58 0.64      NA          NA   13
629       acs           3  2.57 5.30 0.48   56 0.57      NA          NA   11
815       acs           3  3.00 5.54 0.82   68 0.78      NA          NA   13
    dlb
793   1
820   1
809   1
629   1
815   1
# 2025-09-20 15:19:14 -03: Stopped because budget is exhausted
# Iteration: 9
# nbIterations: 8
# experimentsUsed: 5500
# timeUsed: 0
# remainingBudget: 0
# currentBudget: 65
# number of elites: 5
# nbConfigurations: 8
# Total CPU user time: 60878.33, CPU sys time: 462.949, Wall-clock time: 6627.584
    .ID. algorithm localsearch alpha beta  rho ants   q0 rasrank elitistants
793  793       acs           3  2.98 4.99 0.78   70 0.85      NA          NA
820  820       acs           3  2.27 4.27 0.66   53 0.56      NA          NA
809  809       acs           3  2.42 4.99 0.57   58 0.64      NA          NA
629  629       acs           3  2.57 5.30 0.48   56 0.57      NA          NA
815  815       acs           3  3.00 5.54 0.82   68 0.78      NA          NA
    nnls dlb .PARENT. .RANK.   .WEIGHT.
793   15   1      608     76 0.33333333
820   12   1      809     81 0.26666667
809   13   1      629     84 0.20000000
629   11   1      562     85 0.13333333
815   13   1      793     88 0.06666667
