#------------------------------------------------------------------------------
# irace: An implementation in R of (Elitist) Iterated Racing
# Version: 4.2.0.9000.0eef3f1
# Copyright (C) 2010-2025
# Manuel Lopez-Ibanez     <manuel.lopez-ibanez@manchester.ac.uk>
# Jeremie Dubois-Lacoste
# Leslie Perez Caceres    <leslie.perez.caceres@ulb.ac.be>
#
# This is free software, and you are welcome to redistribute it under certain
# conditions.  See the GNU General Public License for details. There is NO
# WARRANTY; not even for MERCHANTABILITY or FITNESS FOR A PARTICULAR PURPOSE.
#
# irace builds upon previous code from the race package:
#     race: Racing methods for the selection of the best
#     Copyright (C) 2003 Mauro Birattari
#------------------------------------------------------------------------------
# installed at: /home/pestobar/R/x86_64-redhat-linux-gnu-library/4.5/irace
# called with: --only-test configurations.txt --scenario scenario.txt
# 2025-12-19 02:02:15 -03: Checking scenario.
# 2025-12-19 02:02:15 -03: Reading parameter file '/home/pestobar/Activities/irace-test-executions/PSO-X/Scenarios/Elites-3/Runs/Elites-3_seed_1700359/parameters.txt'.
# 2025-12-19 02:02:15 -03: 2 expression(s) specifying forbidden configurations read.
## irace scenario:
scenarioFile = "/home/pestobar/Activities/irace-test-executions/PSO-X/Scenarios/Elites-3/Runs/Elites-3_seed_1700359/scenario.txt"
execDir = "/home/pestobar/Activities/irace-test-executions/PSO-X/Scenarios/Elites-3/Runs/Elites-3_seed_1700359/Results"
parameterFile = "/home/pestobar/Activities/irace-test-executions/PSO-X/Scenarios/Elites-3/Runs/Elites-3_seed_1700359/parameters.txt"
parameters = <environment>
initConfigurations = NULL
configurationsFile = ""
logFile = "/home/pestobar/Activities/irace-test-executions/PSO-X/Scenarios/Elites-3/Runs/Elites-3_seed_1700359/Results/irace.Rdata"
recoveryFile = ""
instances = c("--competition 3 --problem 0 --dimensions 30", "--competition 3 --problem 1 --dimensions 30", "--competition 3 --problem 2 --dimensions 30", "--competition 3 --problem 3 --dimensions 30", "--competition 3 --problem 4 --dimensions 30", "--competition 3 --problem 5 --dimensions 30", "--competition 3 --problem 6 --dimensions 30", "--competition 3 --problem 7 --dimensions 30", "--competition 3 --problem 8 --dimensions 30", "--competition 3 --problem 9 --dimensions 30", "--competition 3 --problem 10 --dimensions 30", "--competition 3 --problem 11 --dimensions 30", "--competition 3 --problem 12 --dimensions 30", "--competition 3 --problem 13 --dimensions 30", "--competition 3 --problem 14 --dimensions 30", "--competition 3 --problem 15 --dimensions 30", "--competition 3 --problem 16 --dimensions 30", "--competition 3 --problem 17 --dimensions 30", "--competition 3 --problem 18 --dimensions 30", "--competition 3 --problem 19 --dimensions 30", "--competition 3 --problem 20 --dimensions 30", "--competition 3 --problem 21 --dimensions 30", "--competition 3 --problem 22 --dimensions 30", "--competition 3 --problem 23 --dimensions 30", "--competition 3 --problem 24 --dimensions 30", "--competition 3 --problem 25 --dimensions 30", "--competition 3 --problem 26 --dimensions 30", "--competition 3 --problem 27 --dimensions 30", "--competition 3 --problem 28 --dimensions 30", "--competition 3 --problem 29 --dimensions 30", "--competition 3 --problem 30 --dimensions 30", "--competition 3 --problem 31 --dimensions 30", "--competition 3 --problem 32 --dimensions 30", "--competition 3 --problem 33 --dimensions 30", "--competition 3 --problem 34 --dimensions 30", "--competition 3 --problem 35 --dimensions 30", "--competition 3 --problem 36 --dimensions 30", "--competition 3 --problem 37 --dimensions 30", "--competition 3 --problem 38 --dimensions 30", "--competition 3 --problem 39 --dimensions 30", "--competition 3 --problem 40 --dimensions 30", "--competition 3 --problem 41 --dimensions 30", "--competition 3 --problem 42 --dimensions 30", "--competition 3 --problem 43 --dimensions 30", "--competition 3 --problem 44 --dimensions 30", "--competition 3 --problem 45 --dimensions 30", "--competition 3 --problem 46 --dimensions 30", "--competition 3 --problem 47 --dimensions 30", "--competition 3 --problem 48 --dimensions 30", "--competition 3 --problem 49 --dimensions 30")
trainInstancesDir = ""
trainInstancesFile = "/home/pestobar/Activities/irace-test-executions/PSO-X/Instances/train_MIXTURE.txt"
sampleInstances = TRUE
testInstancesDir = ""
testInstancesFile = "/home/pestobar/Activities/irace-test-executions/PSO-X/TestingInstances/test_MIXTURE.txt"
testInstances = c("1t" = "--competition 3 --problem 0 --dimensions 50", "2t" = "--competition 3 --problem 1 --dimensions 50", "3t" = "--competition 3 --problem 2 --dimensions 50", "4t" = "--competition 3 --problem 3 --dimensions 50", "5t" = "--competition 3 --problem 4 --dimensions 50", "6t" = "--competition 3 --problem 5 --dimensions 50", "7t" = "--competition 3 --problem 6 --dimensions 50", "8t" = "--competition 3 --problem 7 --dimensions 50", "9t" = "--competition 3 --problem 8 --dimensions 50", "10t" = "--competition 3 --problem 9 --dimensions 50", "11t" = "--competition 3 --problem 10 --dimensions 50", "12t" = "--competition 3 --problem 11 --dimensions 50", "13t" = "--competition 3 --problem 12 --dimensions 50", "14t" = "--competition 3 --problem 13 --dimensions 50", "15t" = "--competition 3 --problem 14 --dimensions 50", "16t" = "--competition 3 --problem 15 --dimensions 50", "17t" = "--competition 3 --problem 16 --dimensions 50", "18t" = "--competition 3 --problem 17 --dimensions 50", "19t" = "--competition 3 --problem 18 --dimensions 50", "20t" = "--competition 3 --problem 19 --dimensions 50", "21t" = "--competition 3 --problem 20 --dimensions 50", "22t" = "--competition 3 --problem 21 --dimensions 50", "23t" = "--competition 3 --problem 22 --dimensions 50", "24t" = "--competition 3 --problem 23 --dimensions 50", "25t" = "--competition 3 --problem 24 --dimensions 50", "26t" = "--competition 3 --problem 25 --dimensions 50", "27t" = "--competition 3 --problem 26 --dimensions 50", "28t" = "--competition 3 --problem 27 --dimensions 50", "29t" = "--competition 3 --problem 28 --dimensions 50", "30t" = "--competition 3 --problem 29 --dimensions 50", "31t" = "--competition 3 --problem 30 --dimensions 50", "32t" = "--competition 3 --problem 31 --dimensions 50", "33t" = "--competition 3 --problem 32 --dimensions 50", "34t" = "--competition 3 --problem 33 --dimensions 50", "35t" = "--competition 3 --problem 34 --dimensions 50", "36t" = "--competition 3 --problem 35 --dimensions 50", "37t" = "--competition 3 --problem 36 --dimensions 50", "38t" = "--competition 3 --problem 37 --dimensions 50", "39t" = "--competition 3 --problem 38 --dimensions 50", "40t" = "--competition 3 --problem 39 --dimensions 50", "41t" = "--competition 3 --problem 40 --dimensions 50", "42t" = "--competition 3 --problem 41 --dimensions 50", "43t" = "--competition 3 --problem 42 --dimensions 50", "44t" = "--competition 3 --problem 43 --dimensions 50", "45t" = "--competition 3 --problem 44 --dimensions 50", "46t" = "--competition 3 --problem 45 --dimensions 50", "47t" = "--competition 3 --problem 46 --dimensions 50", "48t" = "--competition 3 --problem 47 --dimensions 50", "49t" = "--competition 3 --problem 48 --dimensions 50", "50t" = "--competition 3 --problem 49 --dimensions 50")
testNbElites = 1L
testIterationElites = FALSE
testType = "friedman"
firstTest = 5L
blockSize = 1L
eachTest = 1L
targetRunner = "/home/pestobar/Activities/irace-test-executions/PSO-X/Scenarios/Elites-3/Runs/Elites-3_seed_1700359/target-runner"
targetRunnerLauncher = ""
targetCmdline = "{configurationID} {instanceID} {seed} {instance} {bound} {targetRunnerArgs}"
targetRunnerRetries = 0L
targetRunnerTimeout = 0L
targetRunnerData = ""
targetRunnerParallel = NULL
targetEvaluator = NULL
deterministic = FALSE
maxExperiments = 5500L
minExperiments = NA_character_
maxTime = 0L
budgetEstimation = 0.05
minMeasurableTime = 0.01
parallel = 10L
loadBalancing = TRUE
mpi = FALSE
batchmode = "0"
quiet = FALSE
debugLevel = 0L
seed = 1700359L
softRestart = TRUE
softRestartThreshold = 1e-04
elitist = TRUE
elitistNewInstances = 1L
elitistLimit = 2L
repairConfiguration = NULL
capping = FALSE
cappingAfterFirstTest = FALSE
cappingType = "median"
boundType = "candidate"
boundMax = NULL
boundDigits = 0L
boundPar = 1L
boundAsTimeout = TRUE
postselection = TRUE
aclib = FALSE
nbIterations = 0L
nbExperimentsPerIteration = 0L
minNbSurvival = 0L
nbConfigurations = 0L
mu = 5L
confidence = 0.95
## end of irace scenario
# 2025-12-19 02:02:15 -03: Read 80 configuration(s) from file 'configurations.txt'
# 2025-12-19 02:02:15 -03: Testing configurations (in the order given as input): 
   particles topology modInfluence branching tSchedule phi1 phi2 inertia
1         21        4            0        NA        NA 1.89 2.36    0.38
2        134        4            0        NA        NA 2.09 2.30    0.53
3          9        1            0        NA        NA 1.54 2.48    0.26
4        142        4            0        NA        NA 1.27 2.48    0.50
5         67        4            0        NA        NA 1.58 2.49    0.41
6         66        1            1        NA        NA 2.05 1.48    0.59
7         90        4            0        NA        NA 1.94 2.40    0.65
8        162        4            2        NA        NA 0.44 2.37    0.81
9         85        4            0        NA        NA 2.15 2.28    0.55
10        45        4            0        NA        NA 1.79 2.42    0.50
11        82        4            0        NA        NA 1.24 2.44    0.35
12       106        4            0        NA        NA 1.91 2.36    0.46
13        77        4            0        NA        NA 1.28 2.47    0.42
14        57        4            0        NA        NA 0.59 2.22    0.56
15        20        0            1        NA        NA 2.46 2.08    0.31
16       108        4            0        NA        NA 2.14 2.28    0.67
17       142        4            0        NA        NA 2.03 2.45    0.37
18       101        4            0        NA        NA 2.28 2.16    0.50
19         6        5            0        NA         6 2.43 2.33    0.21
20        18        0            1        NA        NA 1.86 2.30    0.24
21       149        4            0        NA        NA 1.24 2.43    0.40
22        77        4            0        NA        NA 2.05 2.34    0.44
23        20        0            1        NA        NA 1.84 2.22    0.29
24       144        4            0        NA        NA 1.96 2.47    0.60
25        93        4            0        NA        NA 1.42 2.44    0.49
26        50        1            1        NA        NA 2.16 1.78    0.58
27        67        4            0        NA        NA 2.44 2.38    0.56
28        75        4            0        NA        NA 1.87 2.34    0.55
29       165        4            0        NA        NA 2.45 2.44    0.37
30        68        4            0        NA        NA 1.89 2.34    0.69
31        92        4            0        NA        NA 1.30 2.43    0.41
32        16        4            0        NA        NA 1.09 2.06    0.33
33        80        4            0        NA        NA 1.65 2.50    0.27
34        11        4            0        NA        NA 1.41 2.38    0.48
35        37        1            1        NA        NA 2.40 1.94    0.24
36       134        4            0        NA        NA 2.01 2.42    0.53
37       102        4            0        NA        NA 2.17 2.48    0.43
38       110        4            0        NA        NA 2.13 2.41    0.56
39       179        5            0        NA         6 0.86 2.44    0.29
40        21        0            1        NA        NA 2.25 2.32    0.22
41        38        4            0        NA        NA 2.21 1.60    0.53
42       150        4            0        NA        NA 1.95 2.33    0.58
43         4        4            2        NA        NA 1.77 2.47    0.41
44       105        4            0        NA        NA 0.43 2.38    0.25
45        75        4            0        NA        NA 2.17 2.11    0.61
46       115        1            1        NA        NA 2.36 2.43    0.66
47       115        4            0        NA        NA 2.26 2.13    0.74
48        83        4            0        NA        NA 2.38 2.39    0.11
49        38        4            0        NA        NA 2.46 1.83    0.67
50        83        4            0        NA        NA 1.42 2.41    0.70
51        79        4            0        NA        NA 1.02 2.39    0.45
52        83        4            0        NA        NA 2.35 2.47    0.44
53        25        1            0        NA        NA 1.69 2.28    0.33
54        89        4            2        NA        NA 2.41 2.46    0.72
55        25        1            2        NA        NA 2.11 2.38    0.30
56       103        4            0        NA        NA 0.96 2.24    0.45
57        84        4            0        NA        NA 2.11 2.48    0.32
58       103        4            0        NA        NA 0.50 2.49    0.48
59        28        0            0        NA        NA 1.99 1.81    0.13
60        22        1            1        NA        NA 2.31 2.37    0.25
61        48        1            0        NA        NA 1.53 2.12    0.18
62        85        4            0        NA        NA 2.11 2.33    0.54
63       104        4            0        NA        NA 2.27 2.39    0.41
64       107        4            0        NA        NA 0.30 2.33    0.20
65       129        4            0        NA        NA 1.28 2.45    0.40
66        68        1            2        NA        NA 0.38 2.48    0.53
67        62        1            0        NA        NA 1.72 2.22    0.69
68        69        4            2        NA        NA 0.21 2.15    0.81
69        98        0            0        NA        NA 1.95 2.00    0.67
70       117        4            0        NA        NA 1.52 2.26    0.52
71        68        4            0        NA        NA 0.99 2.49    0.28
72        34        4            0        NA        NA 2.31 2.40    0.33
73       107        4            0        NA        NA 2.02 2.32    0.19
74       163        4            2        NA        NA 1.30 2.44    0.68
75        84        4            0        NA        NA 1.29 2.49    0.24
76        90        4            0        NA        NA 1.66 2.30    0.57
77        84        4            0        NA        NA 0.78 2.24    0.29
78       135        4            0        NA        NA 1.32 2.29    0.57
79       102        0            0        NA        NA 1.96 2.40    0.23
80       200        4            2        NA        NA 2.48 2.31    0.64
# 2025-12-19 04:20:10 -03: Testing results (column number is configuration ID in no particular order):
         seeds            1            2            3            4            5
1t   511789757 8.684178e-01 1.541633e+00 9.121944e-01 1.516720e+00 8.492256e-01
2t  1094942035 4.190377e+06 1.882141e+07 3.063852e+06 1.029790e+07 6.906595e+06
3t  2097406046 1.491258e+06 2.575820e+06 1.351942e+06 2.596085e+06 1.934950e+06
4t   731600976 7.360809e+04 1.171349e+05 5.613230e+04 1.247609e+05 8.276890e+04
5t  1884887428 1.448081e+01 2.011386e+01 1.279152e+01 1.743273e+01 3.910356e+01
6t  1703702352 3.946768e+00 4.226226e+02 3.226117e+00 4.294726e+02 6.710204e+01
7t  1829253363 5.505442e+03 3.579801e+03 4.444804e+03 4.415370e+03 4.917015e+03
8t   412361482 5.128878e+00 6.722497e+00 5.417366e+00 6.280067e+00 5.985625e+00
9t  1381641006 3.108387e+02 2.444537e+02 3.620270e+02 2.588602e+02 2.882486e+02
10t 1597413137 2.606869e+01 2.880463e+01 2.408037e+01 3.027604e+01 2.864341e+01
11t 1810982343 2.964771e+02 2.630427e+02 3.623852e+02 2.518205e+02 2.553201e+02
12t 1394714101 5.798889e+03 3.393936e+02 2.120058e+02 6.077516e+02 1.126744e+04
13t 1268166977 1.978929e+01 1.513904e+00 2.006009e+01 1.743063e+00 1.257683e+00
14t 1666993467 2.093920e+01 2.110521e+01 2.086795e+01 2.105683e+01 2.100782e+01
15t  456281324 3.160098e+02 2.309704e+02 1.266572e+02 2.706596e+02 4.192559e+02
16t  265553878 4.709012e+01 4.861611e+01 4.726677e+01 4.880830e+01 4.890065e+01
17t  939361761 5.742093e-02 1.184197e+00 1.694296e-01 2.681192e-01 1.573707e-01
18t 1992356757 8.706626e-01 9.963782e-01 8.617329e-01 9.872331e-01 9.246387e-01
19t  243661392 5.746359e+02 5.047903e+02 4.667873e+02 4.827734e+02 4.675462e+02
20t  732580602 4.631595e+02 3.239694e+02 5.001040e+02 3.337800e+02 2.538372e+02
21t  469814931 2.870303e+04 2.782578e+04 2.878456e+04 2.799218e+04 2.750712e+04
22t  878889993 2.973441e+04 2.825827e+04 3.062735e+04 2.859242e+04 2.806400e+04
23t 1929112739 5.790580e+01 5.026895e+01 5.578728e+01 4.390824e+01 5.567105e+01
24t 1943212183 9.973237e-01 9.715392e-01 7.835973e-01 7.254933e-01 5.897967e-01
25t  598577603 9.614930e-01 5.581630e-01 9.008285e-01 5.451533e-01 6.666631e-01
26t  371085539 7.600262e-01 3.158311e-01 3.469813e-01 3.384354e-01 3.298506e-01
27t 1002322028 1.497041e+02 5.646560e+01 1.037243e+02 7.195773e+01 1.023084e+02
28t 1290456160 1.958970e+02 2.557244e+02 1.872254e+02 2.486627e+02 2.726245e+02
29t  855932141 3.247619e+02 3.008724e+02 4.416453e+02 2.977047e+02 2.676090e+02
30t   14253099 1.078842e+01 1.157018e+01 9.711839e+00 1.163206e+01 1.075693e+01
31t  115928397 2.732015e+02 1.415227e+02 2.096100e+02 1.303602e+02 2.020378e+02
32t  115726080 5.341938e+02 3.441817e+02 3.952048e+02 3.141452e+02 3.501876e+02
33t  523533838 1.160292e+02 1.115704e+02 1.617605e+02 9.810392e+01 1.068826e+02
34t  205981269 2.356801e+01 2.728625e+01 2.569200e+01 2.426944e+01 2.466577e+01
35t  200044502 1.372663e+04 1.267844e+04 1.368107e+04 1.259428e+04 1.320142e+04
36t  356582016 2.796097e+05 1.933209e+05 2.463522e+05 2.111517e+05 1.832199e+05
37t 1569371473 5.884133e+01 5.920316e+01 5.585671e+01 5.809083e+01 5.709846e+01
38t  561157341 2.224162e+05 2.365965e+05 3.010603e+05 1.999800e+05 2.519968e+05
39t 1515642536 5.585861e+00 5.767442e+00 5.701257e+00 5.920806e+00 6.358813e+00
40t  786364382 7.131288e+01 3.485879e+01 5.828516e+01 4.542802e+01 7.984048e+01
41t 1731919625 7.728515e+02 4.507409e+02 5.478371e+02 4.496202e+02 4.490622e+02
42t  580197035 3.789725e+02 3.143145e+02 3.801983e+02 3.097975e+02 4.260557e+02
43t 1708472946 5.303336e+02 3.881735e+02 5.186599e+02 3.021941e+02 4.357182e+02
44t 1930405770 9.306854e+02 9.400299e+02 9.314691e+02 9.292584e+02 9.652691e+02
45t 1253052199 9.381230e+02 9.304520e+02 9.958024e+02 9.356936e+02 9.356735e+02
46t  956791009 9.347080e+02 9.299580e+02 1.009993e+03 9.220566e+02 9.273612e+02
47t  853992041 5.383269e+02 1.022097e+03 1.023596e+03 1.027853e+03 1.026146e+03
48t 1442179472 1.062675e+03 9.245688e+02 1.083071e+03 9.385036e+02 9.538954e+02
49t 1070963854 1.040337e+03 1.025369e+03 1.199418e+03 1.022177e+03 1.023573e+03
50t 1842100152 9.215504e+02 9.232867e+02 1.001743e+03 9.237763e+02 9.574041e+02
               6            7            8            9           10
1t  1.148023e+00 2.103650e+00 3.379723e+00 1.547977e+00 1.267192e+00
2t  6.162555e+06 2.119599e+07 7.771077e+06 1.885489e+07 7.807782e+06
3t  2.083584e+06 3.112039e+06 3.505151e+06 2.213900e+06 1.803493e+06
4t  1.166176e+05 9.564522e+04 1.091904e+05 1.012424e+05 9.932524e+04
5t  5.964539e+01 5.401896e+00 1.064847e+01 2.152737e+01 2.823273e+01
6t  1.580673e+02 3.152570e+02 2.786789e+02 1.963182e+02 2.297860e+01
7t  8.240624e+03 3.040016e+03 2.677068e+03 2.820495e+03 3.363078e+03
8t  6.421535e+00 7.824112e+00 1.033233e+01 6.593416e+00 6.128498e+00
9t  3.669649e+02 1.580592e+02 9.041216e+01 2.384465e+02 2.609446e+02
10t 3.036923e+01 3.282584e+01 3.915117e+01 2.584109e+01 3.016212e+01
11t 3.705437e+02 2.127004e+02 5.711322e+01 2.779028e+02 2.966654e+02
12t 2.698627e+04 2.378444e+02 2.401596e+03 1.992112e+02 2.074740e+02
13t 2.048254e+01 1.818612e+00 2.381469e+00 1.479147e+00 1.493470e+00
14t 2.114135e+01 2.111548e+01 2.115508e+01 2.106327e+01 2.104390e+01
15t 1.844140e+02 2.888855e+02 4.586281e+02 1.957609e+02 5.053617e+02
16t 4.927580e+01 4.833571e+01 4.930274e+01 4.776348e+01 9.471247e+01
17t 4.141849e+02 1.335571e-01 1.221560e-01 1.166244e+00 3.291805e-01
18t 9.517187e-01 1.004252e+00 1.048088e+00 9.837874e-01 9.340674e-01
19t 1.445634e+03 4.084849e+02 3.921972e+02 3.877167e+02 5.008942e+02
20t 6.047540e+02 1.969458e+02 2.067686e+02 3.446990e+02 2.597672e+02
21t 3.501281e+04 2.797274e+04 3.069405e+04 2.774591e+04 2.778533e+04
22t 3.592822e+04 2.880551e+04 3.185539e+04 2.827257e+04 2.817636e+04
23t 6.636458e+01 4.155674e+01 4.160318e+01 4.787533e+01 3.918237e+01
24t 3.496627e+00 9.141900e-01 3.618542e+00 8.387290e-01 5.908970e-01
25t 6.150114e-01 6.597169e-01 4.116949e-01 6.421402e-01 6.715370e-01
26t 2.743816e-01 3.556201e-01 3.223424e-01 2.778427e-01 3.302303e-01
27t 5.116670e+01 6.995357e+01 3.158501e+01 9.895440e+01 1.084475e+02
28t 1.725365e+02 2.874778e+02 3.407150e+02 2.288923e+02 2.509714e+02
29t 4.544533e+02 2.538756e+02 2.899356e+02 2.944063e+02 2.980403e+02
30t 1.838600e+01 1.237664e+01 1.565426e+01 1.087253e+01 1.387689e+01
31t 1.104419e+02 1.791775e+02 1.495672e+02 2.056039e+02 2.204987e+02
32t 2.983805e+02 3.507013e+02 3.607751e+02 3.190168e+02 3.804181e+02
33t 1.439042e+02 8.659655e+01 9.457484e+01 1.140764e+02 1.103641e+02
34t 2.996902e+01 2.717250e+01 3.003650e+01 2.512084e+01 2.442409e+01
35t 1.402986e+04 1.252908e+04 1.243480e+04 1.264830e+04 1.277802e+04
36t 1.473616e+05 2.339176e+05 4.104034e+05 1.874498e+05 2.743621e+05
37t 6.209684e+01 5.934388e+01 6.053269e+01 5.881545e+01 5.640164e+01
38t 1.067230e+05 1.813796e+05 2.250037e+05 2.012429e+05 3.486995e+05
39t 5.319320e+00 6.171606e+00 6.267039e+00 6.621827e+00 5.862902e+00
40t 1.022171e+03 2.292964e+01 2.152075e+01 5.412196e+01 6.020013e+01
41t 4.493624e+02 4.511244e+02 4.574865e+02 4.500077e+02 4.495753e+02
42t 3.030896e+02 2.923734e+02 2.755443e+02 3.585767e+02 2.881943e+02
43t 4.333122e+02 3.430480e+02 3.091065e+02 4.272498e+02 4.371639e+02
44t 9.471814e+02 9.307429e+02 9.313135e+02 9.401818e+02 9.869181e+02
45t 9.466825e+02 9.295215e+02 9.301392e+02 9.406110e+02 9.262567e+02
46t 9.433635e+02 9.209850e+02 9.246357e+02 9.278602e+02 9.280261e+02
47t 5.451037e+02 1.020580e+03 6.184519e+02 1.025623e+03 5.442873e+02
48t 1.195778e+03 9.258025e+02 9.361984e+02 9.222663e+02 9.853767e+02
49t 5.926498e+02 1.018950e+03 6.349282e+02 1.019791e+03 1.023889e+03
50t 1.252864e+03 8.935976e+02 4.390221e+02 9.140586e+02 9.187588e+02
              11           12           13           14           15
1t  1.115064e+00 1.294124e+00 1.243053e+00 1.994543e+00 6.480393e-01
2t  1.723117e+07 1.071205e+07 6.012807e+06 6.694620e+06 2.714547e+06
3t  1.636861e+06 1.817165e+06 1.760513e+06 3.280219e+06 7.957736e+05
4t  9.411972e+04 1.034126e+05 7.140757e+04 6.270091e+04 1.495686e+05
5t  3.838913e+01 2.864931e+01 3.839946e+01 1.732762e+01 3.735694e+01
6t  1.494472e+02 2.262447e+02 1.206288e+02 3.208267e+01 4.435612e+00
7t  3.033758e+03 3.790555e+03 2.452285e+03 2.799551e+03 2.844012e+04
8t  5.362321e+00 6.193876e+00 5.647430e+00 7.681812e+00 4.426319e+00
9t  2.918965e+02 2.738804e+02 2.928623e+02 2.576661e+02 3.236752e+02
10t 2.744523e+01 2.912665e+01 2.986245e+01 3.537584e+01 1.995974e+01
11t 2.729647e+02 2.353874e+02 2.678071e+02 2.447142e+02 3.182071e+02
12t 9.510199e+02 3.186091e+02 3.392192e+02 2.541259e+02 1.148213e+04
13t 1.486380e+00 1.519387e+00 1.313135e+00 1.870947e+00 1.991325e+01
14t 2.099339e+01 2.099695e+01 2.082023e+01 2.106440e+01 2.069087e+01
15t 3.748007e+02 1.752230e+02 3.657127e+02 9.019146e+02 2.745668e+02
16t 4.797176e+01 4.867192e+01 1.057853e+02 4.791461e+01 4.923779e+01
17t 1.476064e+00 1.752196e+00 1.168034e+00 1.254320e-01 1.626258e+02
18t 9.432243e-01 9.504948e-01 9.035387e-01 1.006587e+00 6.269314e-01
19t 5.135300e+02 5.319355e+02 4.986736e+02 4.115983e+02 4.693896e+03
20t 3.302273e+02 2.907213e+02 3.613832e+02 2.647301e+02 4.800460e+02
21t 2.806779e+04 2.753882e+04 2.744568e+04 2.750150e+04 3.790516e+04
22t 2.868109e+04 2.861098e+04 2.874371e+04 2.906826e+04 3.860676e+04
23t 5.329214e+01 4.458971e+01 5.096110e+01 4.487745e+01 7.290456e+01
24t 8.750325e-01 5.787945e-01 5.063012e-01 8.109031e-01 4.024460e+00
25t 5.734307e-01 5.260773e-01 6.291479e-01 5.518314e-01 6.054381e-01
26t 2.675244e-01 3.689144e-01 2.983221e-01 3.573825e-01 2.831546e-01
27t 1.138678e+02 7.535862e+01 9.818938e+01 1.091124e+02 5.951949e+01
28t 2.524606e+02 2.248119e+02 2.199283e+02 2.820271e+02 1.349267e+02
29t 3.524146e+02 3.353159e+02 2.832504e+02 2.574807e+02 4.517382e+02
30t 1.147448e+01 1.330817e+01 1.176714e+01 1.373604e+01 9.626737e+00
31t 1.859634e+02 1.656568e+02 1.698520e+02 1.850088e+02 1.318112e+02
32t 4.652396e+02 3.120675e+02 3.037098e+02 3.523997e+02 3.904151e+02
33t 9.209309e+01 1.144805e+02 1.260916e+02 9.885411e+01 1.759276e+02
34t 2.655141e+01 2.552806e+01 2.517120e+01 2.719800e+01 2.296760e+01
35t 1.289964e+04 1.273164e+04 1.280780e+04 1.242972e+04 1.789582e+04
36t 1.586875e+05 1.718499e+05 1.536982e+05 1.397895e+05 1.043316e+05
37t 5.620534e+01 5.988669e+01 5.769626e+01 5.842378e+01 4.972971e+01
38t 2.729602e+05 1.872907e+05 2.673307e+05 3.717431e+05 1.080919e+05
39t 6.768746e+00 6.281152e+00 6.947501e+00 5.538475e+00 5.086444e+00
40t 7.636715e+01 9.271994e+01 4.555989e+01 2.426949e+01 8.004968e+02
41t 4.480725e+02 4.486977e+02 4.492308e+02 4.530307e+02 1.054425e+03
42t 4.278941e+02 3.142793e+02 3.051311e+02 2.885133e+02 4.844751e+02
43t 4.368168e+02 3.396348e+02 3.165569e+02 3.607108e+02 5.473169e+02
44t 9.400956e+02 9.452837e+02 9.311932e+02 9.279670e+02 9.253041e+02
45t 9.403390e+02 9.419356e+02 9.345042e+02 9.219674e+02 9.248770e+02
46t 9.437152e+02 9.224163e+02 9.318691e+02 9.246702e+02 9.235800e+02
47t 1.020143e+03 1.023465e+03 5.438094e+02 1.017916e+03 1.250543e+03
48t 9.876247e+02 9.420978e+02 9.646612e+02 1.010539e+03 1.413117e+03
49t 5.574591e+02 1.025371e+03 1.028870e+03 1.029704e+03 1.258576e+03
50t 9.540303e+02 9.252624e+02 9.027548e+02 9.047123e+02 1.328644e+03
              16           17           18           19           20
1t  2.267761e+00 1.248263e+00 1.327854e+00 8.157431e-01 5.391973e-01
2t  2.890621e+07 1.624446e+07 9.649930e+06 2.363469e+06 2.377774e+06
3t  3.990659e+06 1.999638e+06 1.968253e+06 1.213056e+06 8.946788e+05
4t  8.718385e+04 1.308777e+05 8.421054e+04 4.244584e+04 1.623352e+05
5t  6.424522e+00 2.633752e+01 2.394778e+01 1.198209e+01 3.621746e+01
6t  5.372111e+02 5.937559e+02 3.654435e+02 1.915374e+00 3.054193e+00
7t  3.104386e+03 6.566973e+03 4.410817e+03 5.193345e+03 1.868872e+04
8t  7.478315e+00 5.523970e+00 6.380988e+00 1.382905e+03 4.230131e+02
9t  2.186361e+02 2.631345e+02 2.810537e+02 4.011654e+02 3.290313e+02
10t 3.391303e+01 2.851424e+01 2.542952e+01 2.166818e+01 1.813827e+01
11t 2.414783e+02 2.788629e+02 2.715307e+02 4.003965e+02 4.034647e+02
12t 2.261572e+02 5.269326e+03 3.242551e+02 1.537702e+03 1.133549e+04
13t 2.006084e+00 1.368389e+00 1.402386e+00 2.013875e+01 1.996623e+01
14t 2.090702e+01 2.083282e+01 2.109913e+01 2.099561e+01 2.070370e+01
15t 6.894563e+02 1.674707e+02 5.650779e+02 1.176375e+02 1.022856e+02
16t 4.809366e+01 4.822232e+01 6.038005e+01 4.707116e+01 4.919124e+01
17t 5.949862e-01 1.153614e+00 2.152209e-01 5.156367e-02 3.096261e+02
18t 1.008232e+00 9.325006e-01 9.671864e-01 7.306354e-01 6.510034e-01
19t 3.956831e+02 5.228172e+02 5.770618e+02 7.269894e+02 5.644735e+03
20t 2.648462e+02 2.747094e+02 2.936479e+02 5.130351e+02 4.750264e+02
21t 2.841569e+04 2.813881e+04 2.783175e+04 3.085401e+04 3.856932e+04
22t 2.671556e+04 2.841626e+04 2.790999e+04 3.192418e+04 3.961121e+04
23t 4.520344e+01 5.177502e+01 5.089666e+01 6.637434e+01 8.333397e+01
24t 7.332482e-01 6.495754e-01 9.381376e-01 8.299650e-01 4.659786e+00
25t 6.072552e-01 5.455721e-01 6.217277e-01 9.225597e-01 5.830992e-01
26t 3.238600e-01 2.982665e-01 2.323059e-01 3.308446e-01 2.966932e-01
27t 7.396775e+01 6.438436e+01 7.860170e+01 1.080145e+02 5.734186e+01
28t 3.011361e+02 2.164148e+02 2.538733e+02 2.207313e+02 1.347103e+02
29t 2.851097e+02 2.886637e+02 2.780549e+02 4.089420e+02 4.384983e+02
30t 1.299411e+01 1.071271e+01 1.124172e+01 1.437661e+01 9.613493e+00
31t 1.330288e+02 1.697782e+02 1.617450e+02 2.337290e+02 1.434091e+02
32t 3.842675e+02 2.816703e+02 4.114746e+02 2.749088e+02 3.937158e+02
33t 9.461282e+01 1.008913e+02 1.318754e+02 1.595362e+02 1.687851e+02
34t 3.059152e+01 2.358094e+01 2.600385e+01 2.447334e+01 2.276954e+01
35t 1.257662e+04 1.281708e+04 1.275072e+04 1.436791e+04 1.818879e+04
36t 2.783890e+05 1.609503e+05 1.816978e+05 3.073436e+05 1.000451e+05
37t 6.228924e+01 5.719851e+01 6.039640e+01 5.858318e+01 5.061508e+01
38t 2.016838e+05 2.048747e+05 2.457559e+05 2.377041e+05 1.238027e+05
39t 7.048206e+00 6.004357e+00 6.011173e+00 6.461180e+00 5.271620e+00
40t 1.942074e+01 6.840016e+01 8.157797e+01 6.518529e+01 7.689564e+02
41t 4.523647e+02 4.480854e+02 4.483880e+02 5.453103e+02 1.032240e+03
42t 2.937969e+02 4.280484e+02 4.104897e+02 4.320590e+02 4.260725e+02
43t 3.064783e+02 3.768617e+02 3.773840e+02 4.995996e+02 6.857807e+02
44t 9.287580e+02 9.340495e+02 9.525198e+02 9.761651e+02 9.247552e+02
45t 9.242947e+02 9.384766e+02 9.446213e+02 9.274329e+02 9.225387e+02
46t 9.216663e+02 9.333855e+02 9.302711e+02 1.031488e+03 9.247327e+02
47t 1.024252e+03 5.388969e+02 9.194161e+02 1.024907e+03 1.224022e+03
48t 9.276611e+02 9.343963e+02 9.703175e+02 1.151585e+03 1.399329e+03
49t 1.018040e+03 1.021298e+03 5.824139e+02 1.036929e+03 1.274388e+03
50t 8.973196e+02 9.940333e+02 9.512341e+02 1.031329e+03 1.322593e+03
              21           22           23           24           25
1t  1.402351e+00 1.064086e+00 6.057730e-01 1.695709e+00 1.425791e+00
2t  1.915609e+07 6.676013e+06 2.686875e+06 1.721641e+07 8.451784e+06
3t  2.197617e+06 1.554005e+06 9.582346e+05 2.898305e+06 2.134145e+06
4t  1.172634e+05 9.370665e+04 1.359774e+05 9.907647e+04 8.666534e+04
5t  2.990737e+01 4.222535e+01 3.719737e+01 1.239121e+01 2.536227e+01
6t  5.202433e+02 1.848626e+02 4.037514e+00 6.376799e+02 1.279030e+02
7t  4.298215e+03 3.066851e+03 2.966331e+04 2.745031e+03 2.173554e+03
8t  5.443549e+00 5.829555e+00 4.227609e+00 7.077253e+00 6.043532e+00
9t  2.748704e+02 2.606295e+02 4.327842e+02 2.491179e+02 2.758153e+02
10t 2.766104e+01 2.663427e+01 1.941577e+01 3.247108e+01 3.029705e+01
11t 2.992153e+02 2.601391e+02 3.167835e+02 1.941697e+02 2.711769e+02
12t 7.601974e+03 9.465539e+03 1.168216e+04 3.048788e+02 1.774619e+02
13t 1.557812e+00 1.309167e+00 1.994963e+01 1.656987e+00 1.545536e+00
14t 2.101805e+01 2.109435e+01 2.104798e+01 2.105054e+01 2.101497e+01
15t 3.033872e+02 2.020103e+03 2.223421e+02 3.565471e+02 1.992638e+02
16t 4.834788e+01 4.917397e+01 4.924090e+01 4.796034e+01 4.777115e+01
17t 2.082066e+00 1.536385e+00 2.872614e+02 1.163842e+00 1.756775e-01
18t 9.675286e-01 9.481979e-01 6.568365e-01 1.020664e+00 9.746972e-01
19t 4.970423e+02 5.187677e+02 4.783252e+03 4.352428e+02 5.003489e+02
20t 3.354336e+02 2.596273e+02 4.750769e+02 2.009456e+02 3.220215e+02
21t 2.802518e+04 2.818512e+04 3.756249e+04 2.861621e+04 2.745745e+04
22t 2.768681e+04 2.809914e+04 3.790691e+04 2.846017e+04 2.777577e+04
23t 4.757256e+01 5.212407e+01 8.074093e+01 4.345745e+01 4.739418e+01
24t 6.130727e-01 1.084339e+00 1.924487e+00 1.028675e+00 4.427768e-01
25t 3.874434e-01 6.370951e-01 6.096104e-01 4.264729e-01 5.265603e-01
26t 3.281511e-01 3.584474e-01 2.855970e-01 3.184204e-01 3.532125e-01
27t 8.001436e+01 8.333705e+01 5.895924e+01 6.919887e+01 8.262528e+01
28t 3.012235e+02 2.352761e+02 1.352010e+02 2.700501e+02 2.233475e+02
29t 2.806762e+02 3.692116e+02 4.374893e+02 2.725232e+02 2.896243e+02
30t 1.206381e+01 1.072174e+01 1.219367e+01 1.251811e+01 1.128754e+01
31t 1.738526e+02 1.826373e+02 1.402086e+02 1.084522e+02 1.857335e+02
32t 3.279692e+02 3.683297e+02 4.096546e+02 3.275623e+02 3.025514e+02
33t 1.108574e+02 1.201049e+02 1.677883e+02 1.049517e+02 9.491113e+01
34t 2.741868e+01 2.125565e+01 2.444764e+01 2.722635e+01 2.534916e+01
35t 1.268820e+04 1.273570e+04 1.823049e+04 1.265424e+04 1.264393e+04
36t 1.909511e+05 1.648779e+05 9.730702e+04 1.994070e+05 1.868630e+05
37t 5.884694e+01 6.158318e+01 5.247778e+01 6.187783e+01 5.728563e+01
38t 2.416022e+05 2.726340e+05 1.153507e+05 2.457691e+05 2.549391e+05
39t 5.611878e+00 6.609241e+00 5.424788e+00 5.965765e+00 6.111001e+00
40t 6.322709e+01 7.146896e+01 8.179764e+02 3.266580e+01 4.369889e+01
41t 4.491298e+02 4.479209e+02 1.021003e+03 4.503956e+02 4.498571e+02
42t 2.853277e+02 2.748535e+02 4.759507e+02 2.886737e+02 2.903669e+02
43t 3.483250e+02 4.090198e+02 5.708092e+02 3.403605e+02 3.192329e+02
44t 9.333124e+02 9.478324e+02 9.255732e+02 9.310061e+02 9.532565e+02
45t 9.399784e+02 9.452343e+02 9.251966e+02 9.255106e+02 9.292665e+02
46t 9.363042e+02 9.350282e+02 9.238932e+02 9.242200e+02 9.326156e+02
47t 1.032502e+03 1.026581e+03 1.221298e+03 1.023704e+03 1.021637e+03
48t 9.563260e+02 1.029959e+03 1.371970e+03 9.784223e+02 9.335509e+02
49t 1.023313e+03 1.027608e+03 1.236667e+03 1.019888e+03 1.019661e+03
50t 9.949377e+02 9.269384e+02 1.325514e+03 8.915157e+02 9.089857e+02
              26           27           28           29           30
1t  1.198315e+00 1.141765e+00 1.200214e+00 1.241651e+00 2.226393e+00
2t  3.672221e+06 8.711957e+06 6.984757e+06 1.961308e+07 8.105368e+06
3t  1.951864e+06 2.009029e+06 2.053264e+06 1.833248e+06 3.315231e+06
4t  1.033373e+05 8.853263e+04 8.368280e+04 1.200596e+05 7.710639e+04
5t  5.225819e+01 1.704973e+01 2.371990e+01 2.957699e+01 9.229482e+00
6t  9.056404e+01 9.739340e+01 1.467094e+02 6.713546e+02 2.501573e+02
7t  4.336591e+03 2.180213e+03 5.026789e+03 3.896221e+03 1.573575e+03
8t  6.277898e+00 5.867695e+00 6.507264e+00 5.485168e+00 7.593874e+00
9t  3.687530e+02 2.645916e+02 2.586797e+02 2.459241e+02 2.076974e+02
10t 2.819538e+01 2.802802e+01 2.826175e+01 2.562884e+01 3.296458e+01
11t 3.706665e+02 2.767606e+02 2.466406e+02 2.363760e+02 1.600435e+02
12t 2.377623e+04 2.002812e+02 1.894407e+02 1.261366e+04 1.940456e+02
13t 2.029742e+01 1.496800e+00 1.684616e+00 1.447027e+00 1.982016e+00
14t 2.117744e+01 2.111230e+01 2.112960e+01 2.101928e+01 2.116763e+01
15t 1.545216e+02 3.659473e+02 3.166701e+03 2.389973e+04 1.028438e+03
16t 4.919803e+01 4.888342e+01 1.128941e+02 9.273526e+01 4.826368e+01
17t 2.465521e+02 5.461014e-01 2.080214e-01 1.044486e+00 1.053988e-01
18t 9.394551e-01 9.763473e-01 9.667995e-01 9.372301e-01 1.034100e+00
19t 1.648377e+03 4.376019e+02 4.005398e+02 5.019066e+02 3.428241e+02
20t 6.758010e+02 3.536321e+02 3.326121e+02 2.957384e+02 2.759115e+02
21t 3.507705e+04 2.661500e+04 2.792423e+04 2.765346e+04 2.871411e+04
22t 3.513976e+04 2.863564e+04 2.808962e+04 2.846552e+04 2.871908e+04
23t 6.654296e+01 4.708573e+01 4.105419e+01 5.104236e+01 4.358391e+01
24t 3.158732e+00 5.324625e-01 7.452029e-01 1.317927e+00 1.002915e+00
25t 6.260407e-01 7.348207e-01 6.541057e-01 6.264859e-01 6.009013e-01
26t 2.572380e-01 3.080690e-01 3.259633e-01 3.092281e-01 3.311366e-01
27t 5.073301e+01 8.571878e+01 9.877866e+01 5.120673e+01 7.697571e+01
28t 1.715097e+02 2.442936e+02 2.579046e+02 2.131769e+02 2.605392e+02
29t 4.565962e+02 2.620675e+02 3.078536e+02 3.618221e+02 2.579166e+02
30t 1.527316e+01 1.143838e+01 1.160154e+01 1.434774e+01 1.560906e+01
31t 1.135030e+02 2.042015e+02 1.717511e+02 1.681717e+02 1.532697e+02
32t 3.976014e+02 3.772707e+02 3.487721e+02 3.421486e+02 3.777829e+02
33t 1.349539e+02 1.118211e+02 1.152188e+02 1.131821e+02 9.957588e+01
34t 2.667743e+01 2.552692e+01 2.715417e+01 2.729581e+01 2.770365e+01
35t 1.381709e+04 1.270341e+04 1.282416e+04 1.272180e+04 1.238020e+04
36t 1.475619e+05 2.417334e+05 2.303708e+05 1.804550e+05 2.158934e+05
37t 6.285394e+01 5.665702e+01 5.837606e+01 5.949511e+01 6.040002e+01
38t 1.537674e+05 3.550294e+05 2.617897e+05 2.286322e+05 2.739440e+05
39t 5.721770e+00 5.628814e+00 5.672957e+00 5.760938e+00 6.838314e+00
40t 7.653498e+02 4.285023e+01 6.296368e+01 9.470330e+01 1.909543e+01
41t 4.484668e+02 4.496473e+02 4.499684e+02 4.481438e+02 4.532657e+02
42t 3.623660e+02 4.293870e+02 3.065688e+02 3.644737e+02 2.966544e+02
43t 3.801939e+02 3.423701e+02 3.466956e+02 3.509235e+02 3.076597e+02
44t 9.452323e+02 9.290816e+02 9.286097e+02 9.412736e+02 9.227188e+02
45t 9.432072e+02 9.831435e+02 9.262841e+02 9.308234e+02 9.228681e+02
46t 9.569668e+02 9.280763e+02 9.213659e+02 9.430800e+02 9.274160e+02
47t 5.445304e+02 1.024611e+03 1.020731e+03 5.406513e+02 1.018782e+03
48t 1.190384e+03 9.553858e+02 9.918675e+02 9.443745e+02 9.381229e+02
49t 5.711291e+02 1.016262e+03 1.024297e+03 1.027712e+03 1.036714e+03
50t 1.245881e+03 9.171433e+02 9.095654e+02 1.010598e+03 8.858499e+02
              31           32           33           34           35
1t  1.319671e+00 1.040815e+00 9.739828e-01 1.187469e+00 7.837733e-01
2t  6.564899e+06 2.346207e+06 1.492094e+07 2.789870e+06 3.945784e+06
3t  2.000568e+06 1.624201e+06 1.486779e+06 1.954881e+06 1.086295e+06
4t  8.949186e+04 4.181804e+04 8.644328e+04 5.358946e+04 1.371593e+05
5t  2.795508e+01 2.438609e+01 4.665227e+01 6.593641e+00 5.669230e+01
6t  1.195865e+02 4.027634e+00 8.373412e+01 5.389559e+00 3.221938e+01
7t  4.649117e+03 3.279841e+03 6.873417e+03 5.735658e+03 5.979856e+03
8t  5.971853e+00 5.337672e+00 5.411731e+00 6.216370e+00 4.447354e+01
9t  2.508510e+02 3.192020e+02 2.800017e+02 3.305428e+02 4.004413e+02
10t 2.882616e+01 2.759672e+01 2.421671e+01 2.651572e+01 2.203912e+01
11t 2.684227e+02 3.003196e+02 3.116537e+02 3.248328e+02 3.838285e+02
12t 3.006495e+02 4.557424e+03 1.480566e+04 1.619711e+03 2.518828e+04
13t 1.525491e+00 2.008756e+01 1.280657e+00 1.994310e+01 2.049430e+01
14t 2.095307e+01 2.096751e+01 2.092407e+01 2.102547e+01 2.111630e+01
15t 6.302718e+02 3.172687e+03 2.891121e+02 3.376476e+03 1.213441e+02
16t 5.042254e+01 4.710503e+01 9.417957e+01 4.710877e+01 4.919614e+01
17t 5.973141e-01 2.792516e-02 3.387489e+00 1.498157e-01 6.708432e+02
18t 9.581370e-01 9.434077e-01 8.580242e-01 9.118281e-01 7.940768e-01
19t 5.754848e+02 6.149917e+02 6.143498e+02 4.902639e+02 2.579879e+03
20t 2.698257e+02 4.474827e+02 3.789702e+02 5.154148e+02 7.430236e+02
21t 2.828333e+04 2.812736e+04 2.790883e+04 3.040480e+04 3.549275e+04
22t 2.800541e+04 2.982213e+04 2.877000e+04 2.921811e+04 3.492164e+04
23t 5.516753e+01 6.219655e+01 5.495965e+01 5.234703e+01 7.349951e+01
24t 5.177138e-01 5.549981e-01 6.355518e-01 6.207143e-01 3.323130e+00
25t 4.752748e-01 7.690457e-01 9.995469e-01 8.201495e-01 6.253251e-01
26t 2.808094e-01 3.223440e-01 3.216966e-01 3.119487e-01 2.754248e-01
27t 8.349920e+01 1.069188e+02 8.406804e+01 1.015240e+02 4.539247e+01
28t 2.270364e+02 2.353379e+02 2.239631e+02 2.877216e+02 1.295115e+02
29t 3.270605e+02 3.801926e+02 3.091143e+02 3.984795e+02 4.869603e+02
30t 1.519060e+01 1.715161e+01 1.289554e+01 1.232608e+01 1.376943e+01
31t 2.105407e+02 2.771195e+02 1.995168e+02 2.650867e+02 9.733920e+01
32t 3.272589e+02 1.478282e+03 3.950232e+02 5.230766e+02 3.511622e+02
33t 1.048674e+02 1.406863e+02 1.092414e+02 1.355676e+02 1.332279e+02
34t 2.533696e+01 2.558581e+01 2.421516e+01 3.178644e+01 1.794874e+01
35t 1.257294e+04 1.332147e+04 1.288024e+04 1.326968e+04 1.503995e+04
36t 1.663178e+05 1.644665e+05 1.135098e+05 2.285762e+05 9.853046e+04
37t 5.834982e+01 5.459011e+01 5.427832e+01 5.633370e+01 6.258852e+01
38t 2.548068e+05 2.039999e+05 2.235108e+05 3.867955e+05 1.127281e+05
39t 6.165590e+00 5.490701e+00 5.955784e+00 5.751850e+00 5.161311e+00
40t 7.276357e+01 4.041220e+01 1.014797e+02 3.248370e+01 1.535529e+03
41t 4.490132e+02 6.654994e+02 4.475468e+02 5.500869e+02 4.452591e+02
42t 4.282236e+02 3.478404e+02 4.058147e+02 3.305083e+02 3.723853e+02
43t 3.433796e+02 4.244669e+02 3.159595e+02 9.050938e+02 5.284444e+02
44t 9.434572e+02 9.374392e+02 9.335210e+02 9.310232e+02 9.278809e+02
45t 9.233058e+02 9.385229e+02 9.374523e+02 9.284284e+02 9.264160e+02
46t 9.353830e+02 9.835223e+02 9.334096e+02 9.376226e+02 9.279778e+02
47t 5.442906e+02 5.388106e+02 5.317395e+02 1.035998e+03 1.205761e+03
48t 9.885612e+02 1.055117e+03 9.908972e+02 1.151809e+03 1.368445e+03
49t 1.021933e+03 1.033822e+03 5.497691e+02 1.021931e+03 1.228489e+03
50t 9.438066e+02 1.199151e+03 1.000557e+03 9.179414e+02 1.300743e+03
              36           37           38           39           40
1t  1.280257e+00 1.149890e+00 1.469512e+00 1.186721e+00 6.230349e-01
2t  1.096982e+07 1.567788e+07 1.752748e+07 1.053837e+07 3.359880e+06
3t  2.446313e+06 1.948718e+06 2.377145e+06 1.668809e+06 9.071027e+05
4t  1.050074e+05 9.980421e+04 9.680626e+04 1.260285e+05 1.583597e+05
5t  1.570765e+01 3.545772e+01 1.020970e+01 4.618178e+01 3.742446e+01
6t  5.989104e+02 2.870006e+02 3.393302e+02 5.551159e+01 4.138845e+00
7t  4.204468e+03 4.338220e+03 3.494081e+03 9.219691e+03 3.977589e+04
8t  6.359117e+00 5.839640e+00 6.604981e+00 5.336013e+00 4.001505e+04
9t  2.517149e+02 2.809695e+02 2.447807e+02 3.156982e+02 4.185213e+02
10t 2.705221e+01 2.560425e+01 2.960534e+01 2.684272e+01 1.979245e+01
11t 2.679010e+02 2.583687e+02 2.200775e+02 2.939448e+02 4.227742e+02
12t 2.598383e+02 4.624949e+03 2.687852e+02 2.149899e+04 1.231650e+04
13t 1.626108e+00 1.227278e+00 1.631438e+00 1.915405e+01 2.002833e+01
14t 2.108036e+01 2.100399e+01 2.108456e+01 2.083659e+01 2.065542e+01
15t 2.234372e+02 1.768612e+02 2.105186e+02 3.596183e+02 1.099254e+02
16t 4.729669e+01 6.346318e+01 4.873299e+01 1.117038e+02 4.922834e+01
17t 9.567423e-01 3.279561e-01 6.548433e-01 3.289461e+01 3.656213e+02
18t 9.858486e-01 9.300732e-01 9.847194e-01 8.711791e-01 6.533436e-01
19t 5.142533e+02 5.518438e+02 5.071946e+02 8.300091e+02 4.776119e+03
20t 2.735659e+02 3.147568e+02 2.704020e+02 3.818660e+02 4.611720e+02
21t 2.786844e+04 2.763662e+04 2.817801e+04 2.816155e+04 3.841649e+04
22t 2.833157e+04 2.866158e+04 2.886836e+04 2.937078e+04 3.759027e+04
23t 4.190336e+01 5.272154e+01 4.731863e+01 5.400370e+01 7.685018e+01
24t 7.963344e-01 7.353079e-01 5.947956e-01 4.609908e-01 3.153008e+00
25t 4.842503e-01 6.477121e-01 5.464864e-01 8.187291e-01 5.938143e-01
26t 2.781376e-01 3.115666e-01 2.951570e-01 3.228136e-01 2.989558e-01
27t 7.525222e+01 9.238214e+01 8.156726e+01 8.169807e+01 5.838292e+01
28t 2.366739e+02 2.371972e+02 2.723059e+02 2.538648e+02 1.589976e+02
29t 2.971110e+02 3.340406e+02 3.155307e+02 3.245519e+02 4.734760e+02
30t 1.192670e+01 1.161792e+01 1.133852e+01 1.807644e+01 1.077258e+01
31t 1.323963e+02 1.647295e+02 1.422355e+02 2.089805e+02 1.184777e+02
32t 3.396555e+02 3.203374e+02 3.189364e+02 3.539979e+02 4.000719e+02
33t 1.085227e+02 1.144084e+02 1.009789e+02 1.651485e+02 1.652323e+02
34t 2.804564e+01 2.383357e+01 2.734226e+01 3.246205e+01 2.338914e+01
35t 1.253957e+04 1.303680e+04 1.264049e+04 1.324088e+04 1.840734e+04
36t 1.561852e+05 1.918502e+05 2.090476e+05 2.308467e+05 9.260670e+04
37t 5.968358e+01 6.068979e+01 5.963703e+01 5.404262e+01 4.955356e+01
38t 2.246692e+05 2.340531e+05 2.220902e+05 2.595587e+05 1.251759e+05
39t 5.616122e+00 5.585955e+00 6.390693e+00 6.521747e+00 5.297670e+00
40t 4.452184e+01 7.991053e+01 5.107731e+01 1.017842e+02 9.177659e+02
41t 4.503430e+02 4.480985e+02 4.486750e+02 8.022053e+02 1.154614e+03
42t 3.060279e+02 4.280598e+02 3.313626e+02 3.227542e+02 5.105675e+02
43t 3.672079e+02 3.712424e+02 3.331880e+02 3.984473e+02 6.024701e+02
44t 9.358960e+02 9.351859e+02 9.382344e+02 9.970111e+02 9.233818e+02
45t 9.259519e+02 9.423631e+02 9.388696e+02 9.611152e+02 9.219827e+02
46t 9.311393e+02 9.259405e+02 9.277024e+02 9.318525e+02 9.236976e+02
47t 1.025911e+03 1.028597e+03 5.617046e+02 1.200574e+03 1.236708e+03
48t 1.003177e+03 9.809685e+02 9.535685e+02 1.043913e+03 1.429850e+03
49t 1.022144e+03 1.034144e+03 1.021269e+03 5.575875e+02 1.267147e+03
50t 9.064640e+02 9.640549e+02 8.912198e+02 1.096482e+03 1.340737e+03
              41           42           43           44           45
1t  9.397258e-01 1.860879e+00 7.103629e-01 1.457978e+00 1.455942e+00
2t  8.169684e+06 1.996713e+07 2.022486e+06 1.303705e+07 9.073376e+06
3t  2.183003e+06 3.274968e+06 1.109099e+06 2.706303e+06 2.653581e+06
4t  1.081580e+05 1.284237e+05 3.654888e+04 6.638452e+04 8.275113e+04
5t  3.980991e+01 1.146627e+01 8.516416e+00 4.791917e+01 6.215914e+00
6t  2.963079e+01 5.225149e+02 3.116590e+00 2.849368e+02 1.881849e+02
7t  2.488770e+03 4.418816e+03 2.386118e+04 8.572535e+03 2.512191e+03
8t  6.139221e+00 6.922305e+00 5.006713e+00 6.465538e+00 6.831421e+00
9t  3.069966e+02 2.432927e+02 3.870447e+02 2.885736e+02 2.613102e+02
10t 2.840296e+01 3.268007e+01 2.256360e+01 2.854686e+01 3.156538e+01
11t 3.029373e+02 2.434431e+02 3.575235e+02 2.786572e+02 2.684402e+02
12t 2.127602e+02 3.660699e+02 1.533668e+02 1.875956e+04 2.511370e+02
13t 1.504986e+00 1.592152e+00 2.015981e+01 1.589903e+00 1.675654e+00
14t 2.120527e+01 2.111966e+01 2.080472e+01 2.094269e+01 2.117614e+01
15t 1.910077e+02 3.304823e+02 1.205017e+02 2.673286e+02 6.071239e+03
16t 4.805423e+01 4.971821e+01 4.921707e+01 7.119976e+01 4.826179e+01
17t 1.900463e+00 9.932514e-01 3.301897e-02 2.991253e+00 1.103704e+00
18t 9.258858e-01 1.031908e+00 7.836084e-01 9.818445e-01 9.605273e-01
19t 4.387888e+02 3.832701e+02 2.406260e+03 5.627025e+02 4.622758e+02
20t 4.001231e+02 2.836033e+02 5.160086e+02 3.604712e+02 3.029121e+02
21t 2.912243e+04 2.809814e+04 2.976933e+04 2.734360e+04 2.852209e+04
22t 2.913974e+04 2.849908e+04 3.263438e+04 2.858286e+04 2.834546e+04
23t 5.411521e+01 4.135528e+01 7.520560e+01 4.842275e+01 5.308106e+01
24t 8.580485e-01 9.124517e-01 2.225843e+00 1.037196e+00 4.083473e-01
25t 1.009275e+00 5.539115e-01 7.198965e-01 6.896437e-01 5.721462e-01
26t 3.889888e-01 3.181349e-01 3.238633e-01 2.690693e-01 3.688713e-01
27t 1.435193e+02 5.145151e+01 9.046988e+01 8.476180e+01 8.828431e+01
28t 2.654302e+02 2.985085e+02 1.893214e+02 2.624991e+02 2.409780e+02
29t 3.236300e+02 3.056827e+02 5.202665e+02 2.995844e+02 2.752499e+02
30t 1.338387e+01 1.178866e+01 2.215722e+01 1.195160e+01 1.173765e+01
31t 2.405094e+02 1.604031e+02 1.708481e+02 1.613493e+02 1.597018e+02
32t 3.584728e+02 3.329404e+02 5.579077e+02 6.747808e+02 3.310694e+02
33t 1.020253e+02 1.031002e+02 1.779970e+02 9.762986e+01 9.988966e+01
34t 2.496945e+01 2.940281e+01 2.457893e+01 2.520810e+01 2.948661e+01
35t 1.309095e+04 1.242051e+04 1.423830e+04 1.287325e+04 1.263835e+04
36t 2.005783e+05 2.390502e+05 1.254449e+05 1.654644e+05 2.791717e+05
37t 6.098222e+01 5.961956e+01 6.078976e+01 5.775580e+01 6.002720e+01
38t 2.131683e+05 2.578801e+05 1.975000e+05 2.397034e+05 2.768512e+05
39t 6.577105e+00 5.882840e+00 5.594504e+00 6.722438e+00 6.633108e+00
40t 7.192489e+01 3.118110e+01 9.204046e+01 7.737741e+01 4.324326e+01
41t 4.491713e+02 4.503786e+02 8.569573e+02 4.497685e+02 4.494996e+02
42t 3.274435e+02 3.032269e+02 4.267716e+02 3.257449e+02 2.876994e+02
43t 3.968238e+02 3.741011e+02 3.815926e+02 3.057836e+02 3.462821e+02
44t 9.541507e+02 9.323883e+02 1.237129e+03 9.309416e+02 9.285492e+02
45t 9.478103e+02 9.314998e+02 1.138054e+03 9.545856e+02 9.365092e+02
46t 9.314855e+02 9.255935e+02 1.000436e+03 9.298860e+02 9.237890e+02
47t 1.027673e+03 1.021762e+03 1.198662e+03 1.028127e+03 1.018671e+03
48t 1.005095e+03 9.544557e+02 1.170866e+03 1.003335e+03 9.204895e+02
49t 5.677744e+02 1.020322e+03 5.492046e+02 1.040367e+03 5.811871e+02
50t 9.159446e+02 8.955754e+02 1.271421e+03 1.001293e+03 9.156294e+02
              46           47           48           49           50
1t  1.378012e+00 3.066460e+00 7.648204e-01 1.842186e+00 2.576139e+00
2t  7.525909e+06 3.503186e+07 1.716970e+07 7.264614e+06 2.165027e+07
3t  2.324763e+06 5.768187e+06 1.173600e+06 3.043999e+06 4.333386e+06
4t  1.312904e+05 9.724364e+04 1.106611e+05 8.384060e+04 6.887948e+04
5t  5.588998e+01 4.138095e+00 4.128572e+01 1.414884e+01 3.249103e+00
6t  3.573278e+02 6.793126e+02 1.160317e+02 4.991568e+01 1.824854e+02
7t  4.782115e+03 2.637787e+03 7.602040e+03 1.355289e+03 1.985424e+03
8t  6.360395e+00 8.960958e+00 4.604681e+00 7.551059e+00 8.738845e+00
9t  3.570645e+02 1.686523e+02 3.125558e+02 2.577638e+02 2.155536e+02
10t 3.048912e+01 3.860724e+01 2.400495e+01 3.194179e+01 3.541063e+01
11t 3.523209e+02 1.914616e+02 3.036625e+02 2.677883e+02 1.973360e+02
12t 2.757538e+04 2.761778e+02 1.943494e+04 1.854096e+02 3.353601e+02
13t 2.015672e+01 2.250277e+00 1.973158e+01 1.881824e+00 2.133788e+00
14t 2.119392e+01 2.115946e+01 2.085746e+01 2.118114e+01 2.092648e+01
15t 2.137125e+02 5.630171e+02 1.363518e+02 2.667698e+02 4.168214e+02
16t 4.930108e+01 8.776242e+01 1.768578e+02 4.860598e+01 4.924718e+01
17t 6.153318e+01 1.075253e+00 8.285958e+00 3.569102e-01 3.062974e-01
18t 9.940048e-01 1.075662e+00 8.620266e-01 1.008053e+00 1.025281e+00
19t 1.265918e+03 4.224362e+02 5.575468e+02 3.837387e+02 3.841792e+02
20t 5.777686e+02 2.130880e+02 4.405073e+02 3.072187e+02 2.129518e+02
21t 3.324277e+04 2.659127e+04 2.824771e+04 2.755724e+04 2.838157e+04
22t 3.535283e+04 2.830471e+04 2.868732e+04 2.719653e+04 2.815898e+04
23t 5.192243e+01 4.077362e+01 5.958982e+01 4.595441e+01 4.576969e+01
24t 3.603028e+00 8.064461e-01 8.505487e-01 8.438773e-01 7.826369e-01
25t 5.145040e-01 4.925638e-01 8.015973e-01 7.743021e-01 5.140440e-01
26t 2.856716e-01 2.890707e-01 3.190430e-01 3.437715e-01 2.752807e-01
27t 5.407648e+01 7.924695e+01 8.142727e+01 9.004854e+01 8.313108e+01
28t 1.942907e+02 4.274857e+02 1.690884e+02 3.304311e+02 2.688476e+02
29t 4.153618e+02 2.857736e+02 3.805921e+02 3.209167e+02 2.475879e+02
30t 1.463244e+01 1.642766e+01 1.038651e+01 1.231539e+01 1.108690e+01
31t 1.090958e+02 1.735733e+02 1.889791e+02 2.235003e+02 1.918960e+02
32t 3.537785e+02 4.281846e+02 5.484025e+02 3.906552e+02 3.686384e+02
33t 1.168173e+02 1.003741e+02 1.171129e+02 1.034756e+02 1.106915e+02
34t 2.873533e+01 2.941979e+01 1.961530e+01 2.679363e+01 3.067909e+01
35t 1.347373e+04 1.238477e+04 1.339010e+04 1.257934e+04 1.247936e+04
36t 2.414920e+05 3.290668e+05 1.728745e+05 2.210763e+05 2.998950e+05
37t 6.242042e+01 5.771833e+01 5.737135e+01 5.826766e+01 5.955905e+01
38t 1.454978e+05 2.670402e+05 1.512849e+05 2.785466e+05 2.539046e+05
39t 5.984586e+00 8.501681e+00 6.191782e+00 6.879449e+00 6.202030e+00
40t 4.876598e+02 1.988512e+01 1.812480e+02 4.382719e+01 2.020266e+01
41t 4.507696e+02 4.541531e+02 4.455127e+02 4.524428e+02 4.534246e+02
42t 3.375708e+02 3.009451e+02 3.386341e+02 2.544307e+02 3.335416e+02
43t 3.956990e+02 3.322376e+02 4.430549e+02 4.146579e+02 2.893592e+02
44t 9.658220e+02 9.250847e+02 9.279878e+02 6.163823e+02 9.311787e+02
45t 9.519653e+02 9.218287e+02 9.304919e+02 9.712944e+02 9.216203e+02
46t 9.678304e+02 9.231808e+02 9.377847e+02 9.346323e+02 9.290927e+02
47t 5.484466e+02 1.021525e+03 5.303881e+02 1.024757e+03 1.022759e+03
48t 1.110628e+03 9.166161e+02 1.075503e+03 1.001447e+03 9.367640e+02
49t 5.910318e+02 1.020594e+03 5.490744e+02 1.018547e+03 1.021871e+03
50t 1.210833e+03 8.870628e+02 1.037882e+03 8.954241e+02 9.017155e+02
              51           52           53           54           55
1t  1.524080e+00 9.551845e-01 9.141329e-01 1.549602e+00 7.936416e-01
2t  1.005886e+07 6.886669e+06 7.807901e+06 5.561030e+06 3.303914e+06
3t  2.197634e+06 1.763749e+06 1.564535e+06 2.482399e+06 1.248894e+06
4t  6.432280e+04 8.334167e+04 1.139293e+05 1.069813e+05 1.379434e+05
5t  2.049913e+01 2.859145e+01 3.091728e+01 4.269023e+01 4.909493e+01
6t  8.587947e+01 1.816112e+02 1.253509e+01 1.350702e+02 1.666296e+01
7t  2.978481e+03 3.995971e+03 4.904986e+03 4.579046e+03 1.379699e+04
8t  6.742226e+00 5.768471e+00 4.976643e+00 7.088682e+00 5.062673e+00
9t  2.817370e+02 2.433395e+02 3.056521e+02 2.829105e+02 3.932641e+02
10t 3.093968e+01 2.744458e+01 2.745622e+01 3.193389e+01 2.231591e+01
11t 2.616936e+02 2.597429e+02 3.073140e+02 2.774550e+02 3.688493e+02
12t 3.813596e+02 2.169933e+02 1.072609e+04 3.582502e+03 1.686509e+04
13t 1.592240e+00 1.431061e+00 1.914904e+01 1.727106e+00 2.050117e+01
14t 2.093554e+01 2.094377e+01 2.093080e+01 2.113033e+01 2.118651e+01
15t 2.200122e+02 2.571540e+02 1.595751e+02 5.291222e+02 1.125440e+02
16t 4.809700e+01 4.781972e+01 4.765893e+01 4.900296e+01 4.923099e+01
17t 2.497216e-01 7.859536e-02 2.325021e+00 5.394148e-02 4.993121e+02
18t 9.714380e-01 9.089603e-01 9.087410e-01 9.757934e-01 7.570592e-01
19t 5.678046e+02 5.448534e+02 4.947493e+02 4.790988e+02 2.696684e+03
20t 2.698376e+02 2.500563e+02 3.968051e+02 3.758782e+02 7.977100e+02
21t 2.745203e+04 2.738900e+04 2.927377e+04 3.011790e+04 3.550684e+04
22t 2.879864e+04 2.837024e+04 2.863032e+04 3.449359e+04 3.651296e+04
23t 5.218745e+01 4.899778e+01 5.905625e+01 5.028349e+01 7.396290e+01
24t 7.552516e-01 6.950492e-01 8.545977e-01 3.448995e+00 2.512401e+00
25t 6.563157e-01 7.165923e-01 9.929098e-01 5.692121e-01 6.377275e-01
26t 3.056927e-01 3.151180e-01 3.570142e-01 2.664116e-01 3.079567e-01
27t 6.720083e+01 9.309622e+01 1.381555e+02 8.473063e+01 5.617734e+01
28t 2.633986e+02 2.334078e+02 2.255983e+02 2.391698e+02 1.582935e+02
29t 3.121583e+02 3.228911e+02 3.530422e+02 3.805577e+02 4.773645e+02
30t 1.196016e+01 9.458546e+00 2.268450e+01 1.184402e+01 4.435587e+01
31t 1.971010e+02 1.982310e+02 2.393676e+02 1.486277e+02 1.338087e+02
32t 5.968523e+02 3.283452e+02 6.033121e+02 3.958565e+02 4.665664e+02
33t 1.033906e+02 1.105099e+02 1.132209e+02 1.043862e+02 1.670300e+02
34t 2.545491e+01 2.312861e+01 2.522444e+01 2.650238e+01 2.409955e+01
35t 1.276164e+04 1.257606e+04 1.351897e+04 1.293330e+04 1.467633e+04
36t 2.011246e+05 1.731766e+05 1.834866e+05 2.082768e+05 1.077145e+05
37t 5.607074e+01 5.962741e+01 5.647909e+01 6.043643e+01 6.175253e+01
38t 2.281307e+05 2.256937e+05 2.146186e+05 1.625683e+05 1.409289e+05
39t 6.093139e+00 5.578016e+00 5.630204e+00 5.744728e+00 4.880103e+00
40t 3.580947e+01 1.001519e+02 7.527325e+01 1.060797e+02 9.151130e+02
41t 4.495919e+02 4.484107e+02 5.489861e+02 4.504843e+02 5.339054e+02
42t 3.102026e+02 4.011453e+02 3.143514e+02 3.074056e+02 3.233859e+02
43t 4.080670e+02 3.454125e+02 4.218700e+02 4.381416e+02 4.501211e+02
44t 9.283177e+02 9.391367e+02 9.358000e+02 9.298165e+02 9.312873e+02
45t 9.379030e+02 9.387642e+02 9.366378e+02 9.676583e+02 9.302732e+02
46t 9.333363e+02 9.322279e+02 9.890845e+02 9.301793e+02 9.294387e+02
47t 1.023450e+03 1.024053e+03 1.018881e+03 5.652460e+02 5.269666e+02
48t 1.007304e+03 9.476885e+02 1.069388e+03 1.005712e+03 1.302645e+03
49t 1.025794e+03 1.024141e+03 1.026172e+03 5.705268e+02 1.212114e+03
50t 9.336642e+02 9.679264e+02 9.796253e+02 1.138959e+03 1.282906e+03
              56           57           58           59           60
1t  1.500448e+00 1.039132e+00 1.899620e+00 8.243126e-01 5.837010e-01
2t  1.135439e+07 8.872112e+06 8.360845e+06 2.653166e+06 2.605118e+06
3t  2.524328e+06 1.491458e+06 2.709481e+06 1.205207e+06 1.009530e+06
4t  7.324902e+04 1.014076e+05 9.704790e+04 9.488712e+04 1.366961e+05
5t  1.863723e+01 3.294123e+01 1.255487e+01 2.966085e+01 4.783572e+01
6t  3.746999e+02 2.157823e+02 2.174908e+02 3.248213e+00 8.393323e+00
7t  5.208793e+03 5.526015e+03 3.174846e+03 2.617399e+04 6.872107e+03
8t  7.241662e+00 5.501389e+00 7.173978e+00 5.084041e+00 4.590043e+00
9t  2.903618e+02 2.895237e+02 2.637273e+02 3.051246e+02 4.074336e+02
10t 3.032079e+01 2.595855e+01 3.373287e+01 2.201829e+01 2.228551e+01
11t 2.898377e+02 2.863464e+02 2.653729e+02 3.269310e+02 3.884605e+02
12t 6.943785e+03 1.318471e+04 3.958078e+02 5.925795e+03 1.803308e+04
13t 1.672053e+00 1.335144e+00 1.687295e+00 2.008194e+01 2.057822e+01
14t 2.102941e+01 2.098747e+01 2.099577e+01 2.093396e+01 2.112989e+01
15t 2.256759e+02 1.508405e+02 2.412784e+02 1.993947e+03 1.153039e+02
16t 8.946196e+01 4.939090e+01 4.798770e+01 4.829211e+01 4.922849e+01
17t 1.018200e+00 5.029668e+00 1.271534e-01 2.601151e-02 3.896342e+02
18t 9.895262e-01 8.735099e-01 1.009714e+00 7.849124e-01 7.499571e-01
19t 5.161078e+02 6.410737e+02 3.655797e+02 1.895127e+03 2.939402e+03
20t 2.588475e+02 3.212424e+02 2.994698e+02 4.264774e+02 7.574852e+02
21t 2.831071e+04 2.808236e+04 2.826979e+04 3.037871e+04 3.594380e+04
22t 2.864217e+04 2.800109e+04 2.881707e+04 2.888148e+04 3.489084e+04
23t 5.498666e+01 5.343460e+01 4.521835e+01 6.767895e+01 6.917323e+01
24t 1.051300e+00 6.677325e-01 6.258547e-01 1.756075e+00 3.428294e+00
25t 5.940506e-01 7.708053e-01 4.063186e-01 7.964381e-01 5.949083e-01
26t 2.429451e-01 2.591705e-01 2.742283e-01 4.295819e-01 2.593265e-01
27t 9.851921e+01 9.286644e+01 7.885912e+01 1.558926e+02 5.929400e+01
28t 2.961037e+02 1.993083e+02 3.057896e+02 2.284546e+02 1.526629e+02
29t 2.876154e+02 3.483172e+02 2.588573e+02 3.916841e+02 4.358902e+02
30t 1.237470e+01 1.164841e+01 1.427951e+01 1.368438e+01 1.029425e+01
31t 1.835045e+02 1.910312e+02 1.752286e+02 2.769358e+02 1.207367e+02
32t 2.967798e+02 4.391079e+02 5.239885e+02 4.398272e+02 4.612231e+02
33t 1.048535e+02 1.279834e+02 1.072577e+02 1.293375e+02 1.618992e+02
34t 2.820962e+01 2.138887e+01 2.813515e+01 2.982141e+01 2.203919e+01
35t 1.253111e+04 1.289524e+04 1.261189e+04 1.446627e+04 1.471968e+04
36t 2.031461e+05 1.296402e+05 2.168885e+05 1.532146e+05 1.206045e+05
37t 5.742805e+01 5.877375e+01 5.694664e+01 5.332210e+01 5.841873e+01
38t 1.869006e+05 2.510725e+05 1.907498e+05 1.756426e+05 1.350825e+05
39t 5.574928e+00 5.899359e+00 5.480114e+00 5.906163e+00 4.993396e+00
40t 4.986204e+01 8.949578e+01 2.785380e+01 1.110044e+02 9.303193e+02
41t 4.498156e+02 4.477196e+02 4.508194e+02 7.977316e+02 8.346317e+02
42t 3.108936e+02 3.542060e+02 2.919978e+02 5.711277e+02 4.257492e+02
43t 2.881741e+02 3.686210e+02 2.973594e+02 5.083667e+02 5.324355e+02
44t 9.339907e+02 9.290294e+02 9.270564e+02 1.109416e+03 9.255316e+02
45t 9.367401e+02 9.291964e+02 9.221023e+02 1.172547e+03 9.260576e+02
46t 9.312158e+02 9.367696e+02 9.366076e+02 1.009804e+03 9.280918e+02
47t 1.024054e+03 5.309195e+02 1.024886e+03 1.199902e+03 1.195528e+03
48t 9.485264e+02 1.000234e+03 9.438211e+02 1.156290e+03 1.318101e+03
49t 1.024903e+03 5.595123e+02 1.031822e+03 5.451333e+02 1.215505e+03
50t 9.386050e+02 9.655780e+02 8.938502e+02 1.261424e+03 1.301073e+03
              61           62           63           64           65
1t  9.685801e-01 1.346291e+00 1.078735e+00 1.514498e+00 1.309813e+00
2t  1.937641e+07 1.089288e+07 1.753012e+07 1.834677e+07 1.506494e+07
3t  1.342361e+06 2.340014e+06 1.763504e+06 2.673797e+06 2.042004e+06
4t  1.129757e+05 1.006397e+05 1.357252e+05 7.387965e+04 1.038150e+05
5t  5.003412e+01 2.028755e+01 3.720309e+01 3.297149e+01 2.166153e+01
6t  8.958543e+01 1.294167e+02 2.762201e+02 3.154823e+02 4.411603e+02
7t  5.090096e+03 2.817881e+03 4.590660e+03 5.491399e+03 5.310030e+03
8t  5.323968e+00 6.212601e+00 5.758770e+00 7.124469e+00 5.992309e+00
9t  3.228741e+02 2.736959e+02 2.806680e+02 2.966535e+02 2.886335e+02
10t 2.552234e+01 2.922917e+01 2.570651e+01 3.329593e+01 2.942445e+01
11t 3.062384e+02 2.643209e+02 2.776835e+02 2.857105e+02 2.593997e+02
12t 1.033711e+04 2.431400e+02 9.086637e+03 6.633621e+03 1.041347e+04
13t 1.996159e+01 1.564260e+00 1.375479e+00 2.004338e+01 1.508967e+00
14t 2.097643e+01 2.106692e+01 2.106565e+01 2.097441e+01 2.092568e+01
15t 1.572607e+02 3.958485e+03 3.699403e+02 2.620854e+02 1.857102e+02
16t 1.037016e+02 1.019474e+02 4.921735e+01 1.331342e+02 4.887810e+01
17t 1.807777e+01 1.182933e-01 6.231368e-01 3.532318e+00 1.127549e+00
18t 8.799690e-01 9.556444e-01 9.407711e-01 9.953801e-01 8.898367e-01
19t 6.286997e+02 5.198657e+02 5.623582e+02 4.882354e+02 4.744435e+02
20t 4.545448e+02 2.093068e+02 3.750021e+02 3.865239e+02 3.137553e+02
21t 2.841551e+04 2.732354e+04 2.866730e+04 2.760763e+04 2.835138e+04
22t 2.870694e+04 2.937155e+04 2.822976e+04 2.811436e+04 2.778695e+04
23t 5.516874e+01 4.391696e+01 5.128270e+01 5.743468e+01 5.396313e+01
24t 1.266896e+00 7.353180e-01 7.093186e-01 9.029277e-01 7.332977e-01
25t 9.558935e-01 5.187718e-01 5.112344e-01 5.728673e-01 6.116630e-01
26t 3.339400e-01 3.329792e-01 3.671166e-01 3.042470e-01 8.344524e-01
27t 1.109172e+02 9.018062e+01 7.914849e+01 1.080445e+02 8.969987e+01
28t 2.536899e+02 2.469941e+02 2.032186e+02 3.087641e+02 2.478307e+02
29t 4.359542e+02 3.146358e+02 3.202197e+02 3.341276e+02 3.314952e+02
30t 1.097932e+01 9.014908e+00 1.156187e+01 1.450054e+01 1.090661e+01
31t 2.338506e+02 1.540977e+02 1.618673e+02 1.848588e+02 1.607868e+02
32t 5.645333e+02 3.399996e+02 2.956689e+02 3.914975e+02 3.807934e+02
33t 1.183007e+02 1.104928e+02 1.067201e+02 1.062429e+02 9.289742e+01
34t 2.391671e+01 2.592114e+01 2.313253e+01 2.830575e+01 2.510408e+01
35t 1.376296e+04 1.275913e+04 1.281439e+04 1.300876e+04 1.258883e+04
36t 1.411290e+05 1.821233e+05 1.632329e+05 1.558078e+05 1.793224e+05
37t 5.330939e+01 6.161023e+01 5.875429e+01 5.678188e+01 5.724979e+01
38t 1.865246e+05 1.818668e+05 1.771553e+05 2.830389e+05 1.956097e+05
39t 6.818352e+00 6.840107e+00 6.032592e+00 7.469407e+00 5.704941e+00
40t 2.506181e+02 5.564874e+01 8.363663e+01 6.293766e+01 5.620910e+01
41t 4.476763e+02 4.489228e+02 4.473651e+02 4.496903e+02 4.485010e+02
42t 4.272988e+02 3.377244e+02 3.318024e+02 4.292444e+02 3.348684e+02
43t 4.059577e+02 3.994939e+02 3.546871e+02 3.391281e+02 3.788111e+02
44t 9.312621e+02 9.354085e+02 9.285200e+02 9.930861e+02 9.438015e+02
45t 9.361567e+02 9.424055e+02 9.229009e+02 9.270211e+02 9.368338e+02
46t 9.336500e+02 9.265580e+02 9.279469e+02 9.338074e+02 9.268871e+02
47t 5.342001e+02 1.024816e+03 1.024418e+03 5.546386e+02 1.020937e+03
48t 1.025727e+03 9.221792e+02 9.840066e+02 9.613395e+02 9.318631e+02
49t 5.527821e+02 1.016397e+03 5.496680e+02 1.032283e+03 1.027001e+03
50t 1.160085e+03 9.278515e+02 9.501870e+02 1.037774e+03 9.601832e+02
              66           67           68           69           70
1t  1.467929e+00 2.699599e+00 3.356741e+00 1.597235e+00 1.556087e+00
2t  5.375165e+06 3.646201e+07 6.676477e+06 7.487901e+06 1.982488e+07
3t  2.605432e+06 4.751264e+06 5.749384e+06 2.616856e+06 2.692191e+06
4t  1.312121e+05 7.927354e+04 9.139258e+04 6.835870e+04 9.070504e+04
5t  5.702134e+01 8.196693e+00 9.491439e-01 1.678637e+01 4.037205e+01
6t  1.338907e+02 3.803108e+02 6.844106e+01 1.255822e+01 5.769773e+02
7t  5.178150e+03 3.439516e+03 2.678549e+03 5.280349e+03 3.051491e+03
8t  6.375414e+00 8.671967e+00 1.000402e+01 7.608900e+00 6.802494e+00
9t  3.707221e+02 2.779942e+02 2.017693e+02 2.916629e+02 2.620885e+02
10t 2.984647e+01 3.573137e+01 3.858309e+01 3.183181e+01 2.956015e+01
11t 3.807680e+02 2.344009e+02 1.056022e+02 2.678719e+02 2.659712e+02
12t 2.306095e+04 3.023696e+02 7.363399e+02 1.134428e+03 2.661837e+02
13t 2.047698e+01 2.129091e+00 2.371339e+00 1.931529e+01 1.623646e+00
14t 2.115752e+01 2.107114e+01 2.111664e+01 2.117993e+01 2.106124e+01
15t 2.366304e+02 3.585423e+02 4.440801e+02 1.237060e+03 2.130302e+02
16t 4.927328e+01 1.066991e+02 1.033636e+02 4.821150e+01 4.808522e+01
17t 4.131274e+02 1.081398e+00 1.172282e-01 6.678631e-02 1.331724e+00
18t 9.722972e-01 1.044409e+00 1.046700e+00 1.011093e+00 9.783876e-01
19t 1.182890e+03 4.173354e+02 3.898887e+02 5.330511e+02 5.070282e+02
20t 6.990177e+02 1.994987e+02 2.890075e+02 2.559783e+02 2.446243e+02
21t 3.487217e+04 2.841193e+04 2.870304e+04 2.859965e+04 2.737912e+04
22t 3.603878e+04 2.873036e+04 3.080487e+04 2.994056e+04 2.831138e+04
23t 6.818919e+01 4.512358e+01 4.546810e+01 4.994410e+01 4.868310e+01
24t 3.452175e+00 7.302784e-01 2.023351e+00 1.157660e+00 7.209319e-01
25t 6.236751e-01 4.648711e-01 4.362897e-01 7.712356e-01 5.559796e-01
26t 3.083513e-01 6.927976e-01 2.829522e-01 3.785342e-01 2.661085e-01
27t 5.398300e+01 8.367662e+01 7.432873e+01 1.088713e+02 8.922201e+01
28t 2.307383e+02 2.984174e+02 3.441846e+02 3.300615e+02 2.513435e+02
29t 4.335014e+02 2.880724e+02 2.774412e+02 3.395279e+02 3.480965e+02
30t 1.328947e+01 1.329402e+01 1.636619e+01 2.922155e+01 1.411874e+01
31t 1.379606e+02 1.743651e+02 1.596561e+02 2.557926e+02 1.590894e+02
32t 4.224975e+02 5.320092e+02 3.286285e+02 3.867774e+02 3.250769e+02
33t 1.408153e+02 1.115093e+02 8.909942e+01 1.269894e+02 1.025795e+02
34t 2.619491e+01 2.943407e+01 3.183195e+01 2.738478e+01 2.841653e+01
35t 1.341411e+04 1.262069e+04 1.247344e+04 1.282070e+04 1.261748e+04
36t 1.568304e+05 2.960319e+05 3.962834e+05 2.345535e+05 1.778492e+05
37t 6.617561e+01 6.152444e+01 6.189678e+01 5.988097e+01 6.063164e+01
38t 1.221777e+05 2.980814e+05 1.780952e+05 3.226517e+05 2.686355e+05
39t 5.278153e+00 6.255760e+00 6.289578e+00 7.707633e+00 5.826153e+00
40t 5.965862e+02 2.115834e+01 1.811448e+01 2.600263e+01 7.092671e+01
41t 4.504208e+02 4.530460e+02 4.589174e+02 8.039240e+02 4.493272e+02
42t 4.302418e+02 2.911387e+02 2.712142e+02 4.286250e+02 3.238259e+02
43t 4.363860e+02 3.214090e+02 2.608337e+02 4.131332e+02 3.553124e+02
44t 9.530509e+02 9.334146e+02 9.290011e+02 9.407183e+02 9.433704e+02
45t 9.553409e+02 9.297887e+02 9.325027e+02 9.959143e+02 9.440742e+02
46t 9.562700e+02 9.237623e+02 9.300267e+02 9.315729e+02 9.299641e+02
47t 5.486218e+02 1.019240e+03 6.137341e+02 1.205445e+03 1.022605e+03
48t 1.075370e+03 9.121428e+02 9.140223e+02 1.049434e+03 9.619328e+02
49t 5.755666e+02 1.020390e+03 6.067793e+02 1.027603e+03 1.021464e+03
50t 1.201257e+03 8.926278e+02 4.123992e+02 9.135061e+02 9.247814e+02
              71           72           73           74           75
1t  1.056738e+00 9.365964e-01 9.287491e-01 1.201821e+00 1.014191e+00
2t  4.879520e+06 5.580220e+06 3.410310e+07 6.399498e+06 1.180117e+07
3t  1.305181e+06 1.436100e+06 1.732675e+06 2.473789e+06 1.736530e+06
4t  8.798378e+04 9.118045e+04 1.222004e+05 1.365605e+05 1.072543e+05
5t  3.591397e+01 3.660204e+01 5.138047e+01 3.618092e+01 3.532736e+01
6t  7.293448e+01 1.059294e+01 3.098838e+02 3.530732e+02 1.666544e+02
7t  3.337117e+03 6.765127e+03 6.181365e+03 5.829173e+03 4.210323e+03
8t  5.849094e+00 4.858666e+00 5.556748e+00 6.480772e+00 5.540042e+00
9t  2.893797e+02 2.932067e+02 2.792225e+02 2.857361e+02 2.767513e+02
10t 2.778423e+01 2.569334e+01 2.518153e+01 3.092827e+01 2.731059e+01
11t 2.670844e+02 2.883030e+02 2.814534e+02 2.722915e+02 2.720330e+02
12t 1.207735e+04 9.887161e+03 8.235108e+03 9.373446e+03 1.885570e+04
13t 1.377141e+00 1.981241e+01 1.978487e+01 1.583688e+00 1.951226e+01
14t 2.095824e+01 2.091678e+01 2.090778e+01 2.116616e+01 2.097091e+01
15t 1.571638e+02 9.582542e+02 2.418267e+02 4.204208e+02 1.436076e+02
16t 1.488904e+02 4.755125e+01 1.008612e+02 4.926565e+01 4.956305e+01
17t 1.461356e+00 2.913458e-01 7.531902e+00 5.293621e-02 6.760769e+00
18t 9.181070e-01 8.716326e-01 9.015318e-01 9.506049e-01 8.620328e-01
19t 4.962879e+02 5.795762e+02 6.564144e+02 4.511214e+02 5.646672e+02
20t 3.105261e+02 3.459087e+02 3.680236e+02 4.540762e+02 3.650420e+02
21t 2.846183e+04 2.894289e+04 2.792377e+04 3.132900e+04 2.856699e+04
22t 2.919809e+04 2.896514e+04 2.845776e+04 3.390270e+04 2.918781e+04
23t 5.218344e+01 5.668224e+01 5.585168e+01 5.337734e+01 5.972931e+01
24t 6.695118e-01 7.054772e-01 7.319059e-01 3.590558e+00 7.048865e-01
25t 8.362469e-01 8.338497e-01 7.007987e-01 6.290374e-01 7.300317e-01
26t 3.262799e-01 3.567096e-01 2.817818e-01 2.953755e-01 3.119603e-01
27t 8.813613e+01 1.323650e+02 7.698980e+01 8.107194e+01 9.752416e+01
28t 2.414711e+02 2.368204e+02 2.656498e+03 2.638113e+02 2.007274e+02
29t 2.765734e+02 3.521540e+02 3.605866e+02 3.581745e+02 3.277020e+02
30t 1.165365e+01 9.013914e+00 1.322571e+01 1.292857e+01 9.035172e+00
31t 1.828393e+02 2.020128e+02 1.832104e+02 1.700218e+02 1.921571e+02
32t 4.152934e+02 4.022412e+02 3.313723e+02 4.115781e+02 4.418091e+02
33t 1.197896e+02 9.756105e+01 1.227953e+02 1.153074e+02 1.426300e+02
34t 2.947932e+01 2.103142e+01 2.211135e+01 2.899738e+01 2.666972e+01
35t 1.307640e+04 1.300115e+04 1.337928e+04 1.264751e+04 1.295942e+04
36t 2.063561e+05 1.744750e+05 1.209241e+05 1.862491e+05 1.233753e+05
37t 5.667891e+01 5.830096e+01 5.388239e+01 6.212695e+01 5.363943e+01
38t 2.292271e+05 2.179990e+05 1.889907e+05 1.414468e+05 1.898467e+05
39t 5.636313e+00 5.144217e+00 6.812665e+00 5.183038e+00 5.741925e+00
40t 7.820332e+01 1.231455e+02 1.347302e+02 1.129518e+02 9.413079e+01
41t 4.483468e+02 4.465807e+02 4.476106e+02 4.499410e+02 4.458029e+02
42t 4.283083e+02 3.338855e+02 4.271719e+02 3.115666e+02 3.720371e+02
43t 3.869313e+02 4.805134e+02 3.834327e+02 3.557118e+02 3.622930e+02
44t 9.277812e+02 9.312208e+02 1.012025e+03 9.886068e+02 9.342426e+02
45t 9.407970e+02 9.378031e+02 9.324287e+02 8.213551e+02 9.359237e+02
46t 9.305776e+02 9.403780e+02 9.336074e+02 9.349212e+02 9.297842e+02
47t 1.023373e+03 5.319464e+02 5.311802e+02 5.530290e+02 5.325075e+02
48t 9.864558e+02 1.025548e+03 1.046322e+03 1.016068e+03 1.021498e+03
49t 1.031595e+03 1.040250e+03 1.032041e+03 5.695866e+02 1.025920e+03
50t 9.735243e+02 9.837902e+02 1.087972e+03 1.196472e+03 9.338310e+02
              76           77           78           79           80
1t  1.731831e+00 1.241985e+00 1.782840e+00 7.668444e-01 1.339350e+00
2t  1.593227e+07 1.400844e+07 1.825461e+07 5.430965e+06 9.806657e+06
3t  2.605528e+06 2.160786e+06 2.134966e+06 1.160106e+06 2.166969e+06
4t  9.794376e+04 9.669464e+04 1.092299e+05 1.171652e+05 1.447592e+05
5t  1.648386e+01 4.063497e+01 1.190548e+01 3.924361e+01 4.299173e+01
6t  3.294375e+02 1.594676e+02 4.576596e+02 3.841415e+00 6.200269e+02
7t  4.028658e+03 4.454635e+03 4.709904e+03 2.012981e+04 7.069277e+03
8t  7.039265e+00 5.666447e+00 7.485266e+00 4.979753e+00 6.469418e+00
9t  1.955189e+02 2.916453e+02 2.036279e+02 3.221448e+02 2.944166e+02
10t 3.013567e+01 2.897034e+01 2.978134e+01 2.212399e+01 2.977665e+01
11t 2.691065e+02 2.826061e+02 2.405743e+02 3.449058e+02 3.133139e+02
12t 3.036268e+02 1.650414e+04 2.894474e+02 1.229796e+04 1.283943e+04
13t 1.633196e+00 1.987754e+01 1.890402e+00 1.959224e+01 1.937524e+01
14t 2.095581e+01 2.099228e+01 2.108570e+01 2.084625e+01 2.118940e+01
15t 2.427468e+02 1.854940e+02 3.172873e+02 1.427140e+02 6.282940e+02
16t 4.827220e+01 4.913894e+01 4.931494e+01 1.022175e+02 4.926465e+01
17t 1.827243e-01 3.089588e+00 1.045016e+00 5.866564e+00 5.837032e-02
18t 9.694722e-01 9.551038e-01 1.010768e+00 8.386335e-01 9.329856e-01
19t 3.975727e+02 5.532246e+02 4.078493e+02 1.208691e+03 6.718192e+02
20t 2.095284e+02 3.207521e+02 1.796878e+02 4.353769e+02 3.889766e+02
21t 2.765777e+04 2.806441e+04 2.775889e+04 2.778783e+04 3.085041e+04
22t 2.802761e+04 2.860986e+04 2.821981e+04 2.875284e+04 3.439451e+04
23t 4.879083e+01 5.269788e+01 3.429990e+01 5.993570e+01 5.971519e+01
24t 5.284987e-01 3.809992e-01 8.107190e-01 3.234298e-01 3.578663e+00
25t 5.200002e-01 8.840525e-01 5.815497e-01 5.603921e-01 5.817161e-01
26t 2.382003e-01 2.967899e-01 4.176799e-01 3.469555e-01 3.060298e-01
27t 9.998344e+01 9.268118e+01 7.033562e+01 9.156335e+01 7.319613e+01
28t 2.445722e+02 2.826941e+02 2.794392e+02 2.063037e+02 2.373612e+02
29t 2.973760e+02 3.287310e+02 2.632820e+02 3.500279e+02 4.128261e+02
30t 1.227807e+01 1.723431e+01 1.259311e+01 1.717191e+01 1.175066e+01
31t 1.766449e+02 2.069932e+02 1.626076e+02 2.146361e+02 1.076727e+02
32t 3.257402e+02 3.113794e+02 3.144244e+02 3.369311e+02 3.152606e+02
33t 1.128172e+02 1.154623e+02 1.022613e+02 1.122892e+02 1.214504e+02
34t 2.666522e+01 2.726339e+01 2.807562e+01 2.916994e+01 2.600482e+01
35t 1.255655e+04 1.278402e+04 1.264074e+04 1.449361e+04 1.289543e+04
36t 2.287699e+05 1.472847e+05 2.473510e+05 1.448590e+05 1.884346e+05
37t 5.901823e+01 5.390583e+01 6.102263e+01 5.458321e+01 5.809327e+01
38t 2.144538e+05 2.286128e+05 2.768917e+05 2.580000e+05 1.863304e+05
39t 6.206426e+00 5.359965e+00 6.026201e+00 5.226211e+00 5.472479e+00
40t 3.341253e+01 5.597700e+01 3.622099e+01 1.807432e+02 1.792419e+02
41t 4.511145e+02 4.486877e+02 4.511816e+02 5.454105e+02 4.490408e+02
42t 2.857276e+02 4.286704e+02 3.044561e+02 4.269306e+02 3.498937e+02
43t 3.184802e+02 3.891279e+02 3.358440e+02 5.196850e+02 4.209117e+02
44t 9.327080e+02 9.471409e+02 9.287432e+02 9.867490e+02 9.512636e+02
45t 9.251767e+02 9.434434e+02 9.310930e+02 1.200944e+03 9.603936e+02
46t 9.264072e+02 9.295386e+02 9.335022e+02 9.428878e+02 9.507162e+02
47t 1.023255e+03 5.459874e+02 1.023648e+03 1.214717e+03 5.484203e+02
48t 9.392130e+02 1.001930e+03 9.314879e+02 1.281341e+03 1.052722e+03
49t 1.020056e+03 1.024484e+03 1.019369e+03 1.047406e+03 5.647674e+02
50t 9.016130e+02 9.461564e+02 9.131257e+02 1.217364e+03 1.232021e+03
# 2025-12-19 04:20:10 -03: Finished testing
