# 2025-10-13 07:47:40 -03: Reading parameter file '/home/pestobar/Activities/irace-test-executions/PSO-X-withRanking/Scenarios/BH/Runs/BH_seed_800123/parameters.txt'.
# 2025-10-13 07:47:40 -03: 2 expression(s) specifying forbidden configurations read.
# 2025-10-13 07:47:41 -03: Initialization
# Elitist race
# Elitist new instances: 1
# Elitist limit: 2
# nbIterations: 5
# minNbSurvival: 5
# nbParameters: 8
# seed: 800123
# confidence level: 0.95
# budget: 4000
# mu: 5
# deterministic: FALSE

# 2025-10-13 07:47:41 -03: Iteration 1 of 5
# experimentsUsed: 0
# remainingBudget: 4000
# currentBudget: 800
# nbConfigurations: 133
# Markers:
     x No test is performed.
     c Configurations are discarded only due to capping.
     - The test is performed and some configurations are discarded.
     = The test is performed but no configuration is discarded.
     ! The test is performed and configurations could be discarded but elite configurations are preserved.
     . All alive configurations are elite and nothing is discarded.

+-+-----------+-----------+-----------+----------------+-----------+--------+-----+----+------+
| |   Instance|      Alive|       Best|       Mean best| Exp so far|  W time|  rho|KenW|  Qvar|
+-+-----------+-----------+-----------+----------------+-----------+--------+-----+----+------+
|x|          1|        133|         21|     1533.130546|        133|00:00:48|   NA|  NA|    NA|
|x|          2|        133|        106|     25602.48257|        266|00:00:47|+0.57|0.79|0.5661|
|x|          3|        133|        106|     17079.07083|        399|00:00:49|+0.57|0.72|0.4437|
|x|          4|        133|         87|     10343.46982|        532|00:00:50|+0.54|0.66|0.4459|
|-|          5|         44|        106|     10294.98047|        665|00:00:49|-0.08|0.14|1.0370|
|=|          6|         44|        106|     8579.233945|        709|00:00:14|+0.01|0.18|0.9563|
|=|          7|         44|        106|     7353.756914|        753|00:00:45|+0.06|0.19|0.9157|
+-+-----------+-----------+-----------+----------------+-----------+--------+-----+----+------+
Best-so-far configuration:         106    mean value:      7353.756914
Description of the best-so-far configuration:
    .ID. particles topology modInfluence branching tSchedule phi1 phi2 inertia
106  106        55        1            0        NA        NA 2.14 2.28    0.09
    .PARENT.
106       NA

# 2025-10-13 07:52:47 -03: Elite configurations (first number is the configuration ID; listed from best to worst according to the sum of ranks):
    particles topology modInfluence branching tSchedule phi1 phi2 inertia
106        55        1            0        NA        NA 2.14 2.28    0.09
87         77        1            0        NA        NA 1.56 2.16    0.55
50        144        4            0        NA        NA 0.29 2.26    0.21
129       139        0            0        NA        NA 1.45 1.70    0.11
30         26        1            0        NA        NA 0.52 1.55    0.52
# 2025-10-13 07:52:47 -03: Iteration 2 of 5
# experimentsUsed: 753
# remainingBudget: 3247
# currentBudget: 811
# nbConfigurations: 105
# Markers:
     x No test is performed.
     c Configurations are discarded only due to capping.
     - The test is performed and some configurations are discarded.
     = The test is performed but no configuration is discarded.
     ! The test is performed and configurations could be discarded but elite configurations are preserved.
     . All alive configurations are elite and nothing is discarded.

+-+-----------+-----------+-----------+----------------+-----------+--------+-----+----+------+
| |   Instance|      Alive|       Best|       Mean best| Exp so far|  W time|  rho|KenW|  Qvar|
+-+-----------+-----------+-----------+----------------+-----------+--------+-----+----+------+
|x|          8|        105|        139|     817.7262215|        105|00:05:30|   NA|  NA|    NA|
|x|          3|        105|        222|     421.9103756|        205|00:00:37|+0.45|0.72|0.4939|
|x|          1|        105|        222|     15504.82236|        305|00:00:37|+0.56|0.71|0.5021|
|x|          6|        105|        222|     11628.78242|        405|00:00:35|+0.63|0.72|0.4138|
|-|          4|         35|        179|     5942.700646|        505|00:00:38|-0.05|0.16|1.0289|
|=|          7|         35|        173|     1402.548875|        535|00:00:31|+0.00|0.17|0.9656|
|=|          5|         35|        179|     4247.304732|        565|00:00:06|-0.00|0.14|0.9904|
|=|          2|         35|        151|     7014.204081|        595|00:00:06|+0.04|0.16|0.9543|
|-|          9|         25|        151|     6235.003836|        630|00:00:06|-0.06|0.05|0.9931|
|=|         10|         25|        151|     5611.577961|        655|00:00:06|-0.03|0.07|0.9641|
|=|         11|         25|        151|     6579.333640|        680|00:00:07|-0.03|0.07|0.9578|
+-+-----------+-----------+-----------+----------------+-----------+--------+-----+----+------+
Best-so-far configuration:         151    mean value:      6579.333640
Description of the best-so-far configuration:
    .ID. particles topology modInfluence branching tSchedule phi1 phi2 inertia
151  151       148        0            0        NA        NA 1.78  1.8    0.08
    .PARENT.
151      129

# 2025-10-13 08:01:52 -03: Elite configurations (first number is the configuration ID; listed from best to worst according to the sum of ranks):
    particles topology modInfluence branching tSchedule phi1 phi2 inertia
151       148        0            0        NA        NA 1.78 1.80    0.08
106        55        1            0        NA        NA 2.14 2.28    0.09
146        55        0            0        NA        NA 1.90 2.45    0.21
160        31        5            0        NA         8 2.16 2.06    0.23
212       128        0            0        NA        NA 0.75 2.31    0.39
# 2025-10-13 08:01:52 -03: Iteration 3 of 5
# experimentsUsed: 1433
# remainingBudget: 2567
# currentBudget: 855
# nbConfigurations: 75
# Markers:
     x No test is performed.
     c Configurations are discarded only due to capping.
     - The test is performed and some configurations are discarded.
     = The test is performed but no configuration is discarded.
     ! The test is performed and configurations could be discarded but elite configurations are preserved.
     . All alive configurations are elite and nothing is discarded.

+-+-----------+-----------+-----------+----------------+-----------+--------+-----+----+------+
| |   Instance|      Alive|       Best|       Mean best| Exp so far|  W time|  rho|KenW|  Qvar|
+-+-----------+-----------+-----------+----------------+-----------+--------+-----+----+------+
|x|         12|         75|        268|     2.505118431|         75|00:00:31|   NA|  NA|    NA|
|x|          1|         75|        261|     5634.432900|        145|00:00:32|+0.42|0.71|0.8597|
|x|          6|         75|        151|     18321.53963|        215|00:00:31|+0.60|0.74|0.5819|
|x|          3|         75|        291|     4445.160908|        285|00:00:32|+0.57|0.68|0.4607|
|-|          5|         36|        286|     12546.54954|        355|00:00:32|-0.05|0.16|1.0550|
|=|          4|         36|        151|     9198.252238|        386|00:00:08|-0.08|0.10|1.0553|
|=|          9|         36|        151|     7884.416473|        417|00:00:08|-0.03|0.12|1.0258|
|=|          8|         36|        151|     7014.096487|        448|00:01:55|-0.04|0.09|1.0060|
|=|         11|         36|        151|     8041.073591|        479|00:00:09|-0.03|0.09|0.9703|
|=|          2|         36|        151|     7237.446471|        510|00:00:08|-0.00|0.10|0.9487|
|=|         10|         36|        151|     6579.564526|        541|00:00:09|+0.02|0.11|0.9204|
|=|          7|         36|        151|     6031.300533|        572|00:00:35|+0.04|0.12|0.8892|
|-|         13|         22|        291|     4096.622548|        608|00:00:10|-0.03|0.05|0.9840|
|=|         14|         22|        151|     6583.717241|        630|00:01:25|-0.03|0.05|0.9808|
|=|         15|         22|        291|     3631.264396|        652|00:00:05|-0.02|0.04|0.9814|
+-+-----------+-----------+-----------+----------------+-----------+--------+-----+----+------+
Best-so-far configuration:         291    mean value:      3631.264396
Description of the best-so-far configuration:
    .ID. particles topology modInfluence branching tSchedule phi1 phi2 inertia
291  291         5        5            0        NA         6 2.17 1.91    0.21
    .PARENT.
291      160

# 2025-10-13 08:09:29 -03: Elite configurations (first number is the configuration ID; listed from best to worst according to the sum of ranks):
    particles topology modInfluence branching tSchedule phi1 phi2 inertia
291         5        5            0        NA         6 2.17 1.91    0.21
151       148        0            0        NA        NA 1.78 1.80    0.08
262        39        0            0        NA        NA 2.30 2.17    0.03
146        55        0            0        NA        NA 1.90 2.45    0.21
279        79        1            0        NA        NA 2.16 2.34    0.00
# 2025-10-13 08:09:29 -03: Iteration 4 of 5
# experimentsUsed: 2085
# remainingBudget: 1915
# currentBudget: 957
# nbConfigurations: 64
# Markers:
     x No test is performed.
     c Configurations are discarded only due to capping.
     - The test is performed and some configurations are discarded.
     = The test is performed but no configuration is discarded.
     ! The test is performed and configurations could be discarded but elite configurations are preserved.
     . All alive configurations are elite and nothing is discarded.

+-+-----------+-----------+-----------+----------------+-----------+--------+-----+----+------+
| |   Instance|      Alive|       Best|       Mean best| Exp so far|  W time|  rho|KenW|  Qvar|
+-+-----------+-----------+-----------+----------------+-----------+--------+-----+----+------+
|x|         16|         64|        291|     13.92592625|         64|00:00:26|   NA|  NA|    NA|
|x|         14|         64|        317|     280.0429515|        123|00:03:16|-0.07|0.47|0.6967|
|x|          4|         64|        151|     235.9647112|        182|00:00:27|+0.11|0.41|0.6015|
|x|          7|         64|        316|     179.8984025|        241|00:01:19|+0.23|0.42|0.5693|
|-|          8|         51|        351|     440.0033889|        300|00:03:16|-0.09|0.13|1.0387|
|=|          6|         51|        151|     271.7670727|        346|00:00:05|-0.03|0.14|1.0329|
|=|          3|         51|        151|     242.4657169|        392|00:00:05|-0.03|0.12|1.0062|
|=|         15|         51|        307|     234.3590381|        438|00:00:10|-0.03|0.10|1.0048|
|=|         11|         51|        351|     2045.439423|        484|00:00:08|-0.01|0.11|0.9760|
|=|          9|         51|        351|     1841.043927|        530|00:00:05|-0.00|0.10|0.9867|
|=|         10|         51|        351|     1673.743108|        576|00:00:06|+0.01|0.10|0.9707|
|=|          5|         51|        307|     1570.381157|        622|00:00:06|+0.02|0.10|0.9735|
|-|          1|         37|        291|     2910.766924|        668|00:00:06|-0.02|0.06|0.9936|
|=|         13|         37|        291|     3891.112079|        700|00:00:05|-0.01|0.06|0.9886|
|=|         12|         37|        337|     5723.759217|        732|00:00:04|-0.00|0.06|0.9920|
|=|          2|         37|        291|     3405.180742|        764|00:00:04|-0.01|0.05|0.9973|
|=|         17|         37|        291|     3236.731887|        801|00:00:04|-0.02|0.04|0.9942|
+-+-----------+-----------+-----------+----------------+-----------+--------+-----+----+------+
Best-so-far configuration:         291    mean value:      3236.731887
Description of the best-so-far configuration:
    .ID. particles topology modInfluence branching tSchedule phi1 phi2 inertia
291  291         5        5            0        NA         6 2.17 1.91    0.21
    .PARENT.
291      160

# 2025-10-13 08:19:28 -03: Elite configurations (first number is the configuration ID; listed from best to worst according to the sum of ranks):
    particles topology modInfluence branching tSchedule phi1 phi2 inertia
291         5        5            0        NA         6 2.17 1.91    0.21
313        56        0            0        NA        NA 1.65 2.46    0.29
334         5        5            0        NA         5 2.25 2.08    0.22
337        36        0            0        NA        NA 2.20 2.23    0.06
351        11        5            0        NA         6 2.18 2.02    0.26
# 2025-10-13 08:19:28 -03: Iteration 5 of 5
# experimentsUsed: 2886
# remainingBudget: 1114
# currentBudget: 1114
# nbConfigurations: 66
# Markers:
     x No test is performed.
     c Configurations are discarded only due to capping.
     - The test is performed and some configurations are discarded.
     = The test is performed but no configuration is discarded.
     ! The test is performed and configurations could be discarded but elite configurations are preserved.
     . All alive configurations are elite and nothing is discarded.

+-+-----------+-----------+-----------+----------------+-----------+--------+-----+----+------+
| |   Instance|      Alive|       Best|       Mean best| Exp so far|  W time|  rho|KenW|  Qvar|
+-+-----------+-----------+-----------+----------------+-----------+--------+-----+----+------+
|x|         18|         66|        386|     65369.75634|         66|00:00:13|   NA|  NA|    NA|
|x|          7|         66|        423|     44382.77665|        127|00:01:02|-0.04|0.48|0.9791|
|x|          2|         66|        408|     27822.75147|        188|00:00:12|-0.10|0.27|1.0233|
|x|         15|         66|        366|     28547.05094|        249|00:00:16|-0.06|0.21|0.9141|
|=|          1|         66|        379|     20902.17527|        310|00:00:12|+0.04|0.23|0.8722|
|=|         13|         66|        379|     20188.16392|        371|00:00:14|+0.05|0.21|0.8829|
|=|         17|         66|        378|     18728.22621|        432|00:00:12|+0.04|0.18|0.8298|
|-|         16|         43|        391|     23820.93106|        493|00:00:12|-0.04|0.09|0.9763|
|=|          9|         43|        391|     21174.26248|        531|00:00:03|-0.03|0.08|0.9710|
|=|          4|         43|        291|     21212.69274|        569|00:00:04|-0.04|0.06|0.9785|
|=|         12|         43|        391|     17362.78530|        607|00:00:04|-0.04|0.05|0.9782|
|=|         11|         43|        391|     17337.09243|        645|00:00:06|-0.04|0.05|0.9739|
|=|         10|         43|        391|     16003.52473|        683|00:00:05|-0.04|0.04|0.9794|
|=|         14|         43|        391|     14928.13219|        721|00:01:55|-0.04|0.04|0.9803|
|=|          3|         43|        391|     13936.38210|        759|00:00:04|-0.03|0.03|0.9831|
|=|          8|         43|        391|     13122.35290|        797|00:01:57|-0.03|0.03|0.9831|
|=|          5|         43|        391|     12351.28677|        835|00:00:04|-0.03|0.03|0.9880|
|=|          6|         43|        391|     11665.12921|        873|00:00:04|-0.02|0.04|0.9818|
|=|         19|         43|        391|     11066.47780|        916|00:00:06|-0.02|0.03|0.9788|
+-+-----------+-----------+-----------+----------------+-----------+--------+-----+----+------+
Best-so-far configuration:         391    mean value:      11066.47780
Description of the best-so-far configuration:
    .ID. particles topology modInfluence branching tSchedule phi1 phi2 inertia
391  391         6        5            0        NA         6 2.43 2.33    0.21
    .PARENT.
391      334

# 2025-10-13 08:26:43 -03: Elite configurations (first number is the configuration ID; listed from best to worst according to the sum of ranks):
    particles topology modInfluence branching tSchedule phi1 phi2 inertia
391         6        5            0        NA         6 2.43 2.33    0.21
396        59        0            0        NA        NA 1.64 2.39    0.22
291         5        5            0        NA         6 2.17 1.91    0.21
313        56        0            0        NA        NA 1.65 2.46    0.29
411         3        5            0        NA         5 2.11 2.33    0.28
# 2025-10-13 08:26:43 -03: Iteration 6 of 6
# experimentsUsed: 3802
# remainingBudget: 198
# currentBudget: 198
# nbConfigurations: 14
# Markers:
     x No test is performed.
     c Configurations are discarded only due to capping.
     - The test is performed and some configurations are discarded.
     = The test is performed but no configuration is discarded.
     ! The test is performed and configurations could be discarded but elite configurations are preserved.
     . All alive configurations are elite and nothing is discarded.

+-+-----------+-----------+-----------+----------------+-----------+--------+-----+----+------+
| |   Instance|      Alive|       Best|       Mean best| Exp so far|  W time|  rho|KenW|  Qvar|
+-+-----------+-----------+-----------+----------------+-----------+--------+-----+----+------+
|x|         20|         14|        432|     637728.0607|         14|00:00:02|   NA|  NA|    NA|
|x|         10|         14|        426|     372936.5682|         23|00:00:01|+0.02|0.51|0.9325|
|x|          6|         14|        432|     212576.4144|         32|00:00:01|+0.02|0.34|0.9917|
|x|         16|         14|        291|     185976.3375|         41|00:00:01|+0.22|0.41|0.8311|
|=|         11|         14|        432|     130931.8194|         50|00:00:01|+0.14|0.31|0.8587|
|=|          9|         14|        291|     126915.3189|         59|00:00:01|+0.05|0.21|0.9043|
|=|          8|         14|        291|     108914.7240|         68|00:00:29|+0.02|0.16|0.9165|
|=|         15|         14|        291|     95304.36086|         77|00:00:02|+0.02|0.15|0.9342|
|=|         13|         14|        291|     86563.38733|         86|00:00:01|+0.03|0.14|0.9270|
|=|          4|         14|        291|     77939.42495|         95|00:00:01|-0.01|0.09|0.9497|
|=|          3|         14|        291|     70858.70646|        104|00:00:01|+0.01|0.10|0.9358|
|=|         19|         14|        291|     64982.64587|        113|00:00:01|-0.01|0.07|0.9409|
|=|          2|         14|        291|     59984.29597|        122|00:00:01|-0.01|0.07|0.9453|
|=|          5|         14|        291|     55700.63915|        131|00:00:01|+0.00|0.07|0.9268|
|=|         17|         14|        291|     52023.36655|        140|00:00:01|-0.01|0.06|0.9387|
|=|         14|         14|        391|     53190.22232|        149|00:00:29|-0.01|0.06|0.9400|
|=|          1|         14|        391|     50515.81819|        158|00:00:01|-0.00|0.06|0.9415|
|=|         12|         14|        391|     47709.55129|        167|00:00:01|+0.02|0.07|0.9289|
|=|          7|         14|        391|     45198.54274|        176|00:00:09|+0.02|0.08|0.9157|
|=|         18|         14|        391|     51201.97696|        185|00:00:01|+0.02|0.07|0.9113|
+-+-----------+-----------+-----------+----------------+-----------+--------+-----+----+------+
Best-so-far configuration:         391    mean value:      51201.97696
Description of the best-so-far configuration:
    .ID. particles topology modInfluence branching tSchedule phi1 phi2 inertia
391  391         6        5            0        NA         6 2.43 2.33    0.21
    .PARENT.
391      334

# 2025-10-13 08:28:15 -03: Elite configurations (first number is the configuration ID; listed from best to worst according to the sum of ranks):
    particles topology modInfluence branching tSchedule phi1 phi2 inertia
391         6        5            0        NA         6 2.43 2.33    0.21
396        59        0            0        NA        NA 1.64 2.39    0.22
291         5        5            0        NA         6 2.17 1.91    0.21
313        56        0            0        NA        NA 1.65 2.46    0.29
411         3        5            0        NA         5 2.11 2.33    0.28
# 2025-10-13 08:28:15 -03: Stopped because there is not enough budget left to race more than the minimum (5).
# You may either increase the budget or set 'minNbSurvival' to a lower value.
# Iteration: 7
# nbIterations: 7
# experimentsUsed: 3987
# timeUsed: 0
# remainingBudget: 13
# currentBudget: 13
# number of elites: 5
# nbConfigurations: 5
# Total CPU user time: 20057.64, CPU sys time: 169.729, Wall-clock time: 2434.163
# 2025-10-13 08:28:15 -03: Starting post-selection:
# Configurations selected: 391, 396, 291, 313, 411, 424, 425, 426, 427, 428, 429, 430, 431.
# Pending instances: 0, 0, 0, 0, 0, 0, 0, 0, 0, 0, 0, 0, 0.
# 2025-10-13 08:28:15 -03: seed: 800123
# Configurations: 13
# Available experiments: 13
# minSurvival: 1
# Markers:
     x No test is performed.
     c Configurations are discarded only due to capping.
     - The test is performed and some configurations are discarded.
     = The test is performed but no configuration is discarded.
     ! The test is performed and configurations could be discarded but elite configurations are preserved.
     . All alive configurations are elite and nothing is discarded.

+-+-----------+-----------+-----------+----------------+-----------+--------+-----+----+------+
| |   Instance|      Alive|       Best|       Mean best| Exp so far|  W time|  rho|KenW|  Qvar|
+-+-----------+-----------+-----------+----------------+-----------+--------+-----+----+------+
|.|         10|         13|        426|    0.6858042726|          0|00:00:00|   NA|  NA|    NA|
|.|         11|         13|        426|     9241.676549|          0|00:00:00|-0.45|0.27|1.3729|
|.|         12|         13|        426|     6201.371257|          0|00:00:00|-0.15|0.23|1.0034|
|.|          5|         13|        426|     4654.627797|          0|00:00:00|-0.06|0.20|0.9092|
|.|         19|         13|        426|     3783.646673|          0|00:00:00|-0.05|0.16|0.9085|
|.|          9|         13|        426|     3153.221180|          0|00:00:00|+0.01|0.17|0.8701|
|.|         16|         13|        426|     2705.833874|          0|00:00:00|+0.01|0.15|0.8615|
|.|          6|         13|        426|     2367.662880|          0|00:00:00|+0.04|0.16|0.8522|
|.|          3|         13|        426|     2114.203738|          0|00:00:00|+0.05|0.16|0.8603|
|.|         13|         13|        426|     4136.084749|          0|00:00:00|+0.09|0.18|0.8232|
|.|         17|         13|        426|     3798.532881|          0|00:00:00|+0.06|0.15|0.8606|
|.|          2|         13|        426|     3482.369761|          0|00:00:00|+0.04|0.12|0.8736|
|.|         14|         13|        426|     3305.752636|          0|00:00:00|+0.04|0.11|0.8768|
|.|         15|         13|        426|     3071.199040|          0|00:00:00|+0.04|0.11|0.8974|
|.|         20|         13|        426|     52591.28247|          0|00:00:00|+0.02|0.08|0.9195|
|.|          8|         13|        426|     49361.50113|          0|00:00:00|+0.02|0.08|0.9138|
|.|          1|         13|        426|     47150.34360|          0|00:00:00|+0.03|0.09|0.9142|
|.|          4|         13|        426|     44549.91627|          0|00:00:00|+0.02|0.07|0.9217|
|.|          7|         13|        426|     42205.24503|          0|00:00:00|+0.03|0.08|0.9071|
|.|         18|         13|        426|     53386.17386|          0|00:00:00|+0.02|0.07|0.9027|
|=|         21|         13|        391|     48763.97493|         13|00:00:02|+0.02|0.07|0.9055|
+-+-----------+-----------+-----------+----------------+-----------+--------+-----+----+------+
Best-so-far configuration:         391    mean value:      48763.97493
Description of the best-so-far configuration:
    .ID. particles topology modInfluence branching tSchedule phi1 phi2 inertia
391  391         6        5            0        NA         6 2.43 2.33    0.21
    .PARENT.
391      334

# 2025-10-13 08:28:17 -03: Elite configurations (first number is the configuration ID; listed from best to worst according to the sum of ranks):
    particles topology modInfluence branching tSchedule phi1 phi2 inertia
391         6        5            0        NA         6 2.43 2.33    0.21
291         5        5            0        NA         6 2.17 1.91    0.21
313        56        0            0        NA        NA 1.65 2.46    0.29
396        59        0            0        NA        NA 1.64 2.39    0.22
411         3        5            0        NA         5 2.11 2.33    0.28
# Total CPU user time: 20073.48, CPU sys time: 170.236, Wall-clock time: 2436.655
    .ID. particles topology modInfluence branching tSchedule phi1 phi2 inertia
391  391         6        5            0        NA         6 2.43 2.33    0.21
291  291         5        5            0        NA         6 2.17 1.91    0.21
313  313        56        0            0        NA        NA 1.65 2.46    0.29
396  396        59        0            0        NA        NA 1.64 2.39    0.22
411  411         3        5            0        NA         5 2.11 2.33    0.28
    .PARENT. .RANK.   .WEIGHT.
391      334    114 0.33333333
291      160    125 0.26666667
313      146    125 0.20000000
396      313    127 0.13333333
411      334    129 0.06666667
