# 2025-09-08 21:25:56 -03: Reading parameter file '/home/dianag/PruebasPablo/irace-test-executions/ACOTSP-withRanking/Scenarios/BL-22/Runs/BL-22_seed_2314/parameters.txt'.
# 2025-09-08 21:25:57 -03: 1 expression(s) specifying forbidden configurations read.
# 2025-09-08 21:25:57 -03: Initialization
# Elitist race
# Elitist new instances: 1
# Elitist limit: 2
# nbIterations: 5
# minNbSurvival: 5
# nbParameters: 11
# seed: 2314
# confidence level: 0.95
# budget: 2750
# mu: 5
# deterministic: FALSE

# 2025-09-08 21:25:57 -03: Iteration 1 of 5
# experimentsUsed: 0
# remainingBudget: 2750
# currentBudget: 550
# nbConfigurations: 22
# Markers:
     x No test is performed.
     c Configurations are discarded only due to capping.
     - The test is performed and some configurations are discarded.
     = The test is performed but no configuration is discarded.
     ! The test is performed and configurations could be discarded but elite configurations are preserved.
     . All alive configurations are elite and nothing is discarded.

+-+-----------+-----------+-----------+----------------+-----------+--------+-----+----+------+
| |   Instance|      Alive|       Best|       Mean best| Exp so far|  W time|  rho|KenW|  Qvar|
+-+-----------+-----------+-----------+----------------+-----------+--------+-----+----+------+
|x|          1|         22|         20|     32782902.00|         22|00:00:34|   NA|  NA|    NA|
|x|          2|         22|         20|     32810978.00|         44|00:00:33|+0.99|0.99|0.0002|
|x|          3|         22|         20|     32911860.67|         66|00:00:32|+0.99|0.99|0.0002|
|x|          4|         22|          9|     32865183.50|         88|00:00:32|+0.98|0.99|0.0002|
|-|          5|          2|          9|     32761584.80|        110|00:00:33|+0.20|0.36|0.4000|
+-+-----------+-----------+-----------+----------------+-----------+--------+-----+----+------+
Best-so-far configuration:           9    mean value:      32761584.80
Description of the best-so-far configuration:
  .ID. algorithm localsearch alpha beta  rho ants q0 rasrank elitistants nnls
9    9      mmas           3  1.54 7.67 0.51   15 NA      NA          NA    6
  dlb .PARENT.
9   1       NA

# 2025-09-08 21:28:44 -03: Elite configurations (first number is the configuration ID; listed from best to worst according to the sum of ranks):
   algorithm localsearch alpha beta  rho ants q0 rasrank elitistants nnls dlb
9       mmas           3  1.54 7.67 0.51   15 NA      NA          NA    6   1
20      mmas           3  3.89 1.10 0.36   72 NA      NA          NA   27   0
# 2025-09-08 21:28:44 -03: Iteration 2 of 5
# experimentsUsed: 110
# remainingBudget: 2640
# currentBudget: 660
# nbConfigurations: 22
# Markers:
     x No test is performed.
     c Configurations are discarded only due to capping.
     - The test is performed and some configurations are discarded.
     = The test is performed but no configuration is discarded.
     ! The test is performed and configurations could be discarded but elite configurations are preserved.
     . All alive configurations are elite and nothing is discarded.

+-+-----------+-----------+-----------+----------------+-----------+--------+-----+----+------+
| |   Instance|      Alive|       Best|       Mean best| Exp so far|  W time|  rho|KenW|  Qvar|
+-+-----------+-----------+-----------+----------------+-----------+--------+-----+----+------+
|x|          6|         22|         32|     32714197.00|         22|00:00:51|   NA|  NA|    NA|
|x|          2|         22|         26|     32784343.50|         42|00:00:54|+0.95|0.97|0.0022|
|x|          1|         22|         29|     32768590.67|         62|00:00:47|+0.96|0.97|0.0023|
|x|          3|         22|         29|     32837264.50|         82|00:00:51|+0.96|0.97|0.0021|
|-|          5|          4|         32|     32713827.80|        102|00:00:48|+0.44|0.55|0.4765|
+-+-----------+-----------+-----------+----------------+-----------+--------+-----+----+------+
Best configuration for the instances in this race: 32
Best-so-far configuration:           9    mean value:      32768126.00
Description of the best-so-far configuration:
  .ID. algorithm localsearch alpha beta  rho ants q0 rasrank elitistants nnls
9    9      mmas           3  1.54 7.67 0.51   15 NA      NA          NA    6
  dlb .PARENT.
9   1       NA

# 2025-09-08 21:32:58 -03: Elite configurations (first number is the configuration ID; listed from best to worst according to the sum of ranks):
   algorithm localsearch alpha beta  rho ants q0 rasrank elitistants nnls dlb
9       mmas           3  1.54 7.67 0.51   15 NA      NA          NA    6   1
20      mmas           3  3.89 1.10 0.36   72 NA      NA          NA   27   0
32      mmas           3  2.43 2.67 0.22   59 NA      NA          NA   18   1
29       ras           3  3.37 6.82 0.63   28 NA      12          NA   40   1
# 2025-09-08 21:32:58 -03: Iteration 3 of 5
# experimentsUsed: 212
# remainingBudget: 2538
# currentBudget: 846
# nbConfigurations: 22
# Markers:
     x No test is performed.
     c Configurations are discarded only due to capping.
     - The test is performed and some configurations are discarded.
     = The test is performed but no configuration is discarded.
     ! The test is performed and configurations could be discarded but elite configurations are preserved.
     . All alive configurations are elite and nothing is discarded.

+-+-----------+-----------+-----------+----------------+-----------+--------+-----+----+------+
| |   Instance|      Alive|       Best|       Mean best| Exp so far|  W time|  rho|KenW|  Qvar|
+-+-----------+-----------+-----------+----------------+-----------+--------+-----+----+------+
|x|          7|         22|         32|     32755774.00|         22|00:00:45|   NA|  NA|    NA|
|x|          5|         22|         32|     32508002.50|         40|00:00:37|+0.89|0.94|0.0010|
|x|          2|         22|         32|     32601456.67|         58|00:00:39|+0.88|0.92|0.0014|
|x|          6|         22|         32|     32629641.75|         76|00:00:38|+0.89|0.92|0.0013|
|-|          3|          6|         32|     32711175.00|         94|00:00:37|+0.35|0.48|0.4422|
|!|          1|          6|         32|     32720818.83|         96|00:00:10|+0.30|0.42|0.5690|
|-|          4|          4|         32|     32707100.00|        100|00:00:11|+0.07|0.20|0.7165|
+-+-----------+-----------+-----------+----------------+-----------+--------+-----+----+------+
Best configuration for the instances in this race: 32
Best-so-far configuration:          55    mean value:      32734954.29
Description of the best-so-far configuration:
   .ID. algorithm localsearch alpha beta  rho ants q0 rasrank elitistants nnls
55   55      mmas           3  1.53 1.37 0.33   24 NA      NA          NA   17
   dlb .PARENT.
55   1        9

# 2025-09-08 21:36:38 -03: Elite configurations (first number is the configuration ID; listed from best to worst according to the sum of ranks):
   algorithm localsearch alpha beta  rho ants   q0 rasrank elitistants nnls dlb
55      mmas           3  1.53 1.37 0.33   24   NA      NA          NA   17   1
32      mmas           3  2.43 2.67 0.22   59   NA      NA          NA   18   1
51       acs           3  2.02 3.00 0.55   46 0.66      NA          NA   20   0
29       ras           3  3.37 6.82 0.63   28   NA      12          NA   40   1
# 2025-09-08 21:36:38 -03: Iteration 4 of 5
# experimentsUsed: 312
# remainingBudget: 2438
# currentBudget: 1219
# nbConfigurations: 22
# Markers:
     x No test is performed.
     c Configurations are discarded only due to capping.
     - The test is performed and some configurations are discarded.
     = The test is performed but no configuration is discarded.
     ! The test is performed and configurations could be discarded but elite configurations are preserved.
     . All alive configurations are elite and nothing is discarded.

+-+-----------+-----------+-----------+----------------+-----------+--------+-----+----+------+
| |   Instance|      Alive|       Best|       Mean best| Exp so far|  W time|  rho|KenW|  Qvar|
+-+-----------+-----------+-----------+----------------+-----------+--------+-----+----+------+
|x|          8|         22|         55|     32591921.00|         22|00:00:41|   NA|  NA|    NA|
|x|          6|         22|         55|     32673856.00|         40|00:00:31|+0.92|0.96|0.0325|
|x|          3|         22|         55|     32792126.67|         58|00:00:33|+0.90|0.94|0.0378|
|x|          4|         22|         55|     32741176.50|         76|00:00:31|+0.92|0.94|0.0307|
|-|          1|          4|         55|     32742011.20|         94|00:00:30|+0.20|0.36|0.8136|
|.|          5|          4|         55|     32680611.50|         94|00:00:00|+0.21|0.34|0.7711|
|.|          2|          4|         55|     32706596.57|         94|00:00:00|+0.03|0.17|0.8217|
|.|          7|          4|         55|     32717075.12|         94|00:00:00|+0.08|0.19|0.7679|
+-+-----------+-----------+-----------+----------------+-----------+--------+-----+----+------+
Best-so-far configuration:          55    mean value:      32717075.12
Description of the best-so-far configuration:
   .ID. algorithm localsearch alpha beta  rho ants q0 rasrank elitistants nnls
55   55      mmas           3  1.53 1.37 0.33   24 NA      NA          NA   17
   dlb .PARENT.
55   1        9

# 2025-09-08 21:39:27 -03: Elite configurations (first number is the configuration ID; listed from best to worst according to the sum of ranks):
   algorithm localsearch alpha beta  rho ants   q0 rasrank elitistants nnls dlb
55      mmas           3  1.53 1.37 0.33   24   NA      NA          NA   17   1
32      mmas           3  2.43 2.67 0.22   59   NA      NA          NA   18   1
51       acs           3  2.02 3.00 0.55   46 0.66      NA          NA   20   0
29       ras           3  3.37 6.82 0.63   28   NA      12          NA   40   1
# 2025-09-08 21:39:27 -03: Iteration 5 of 5
# experimentsUsed: 406
# remainingBudget: 2344
# currentBudget: 2344
# nbConfigurations: 22
# Markers:
     x No test is performed.
     c Configurations are discarded only due to capping.
     - The test is performed and some configurations are discarded.
     = The test is performed but no configuration is discarded.
     ! The test is performed and configurations could be discarded but elite configurations are preserved.
     . All alive configurations are elite and nothing is discarded.

+-+-----------+-----------+-----------+----------------+-----------+--------+-----+----+------+
| |   Instance|      Alive|       Best|       Mean best| Exp so far|  W time|  rho|KenW|  Qvar|
+-+-----------+-----------+-----------+----------------+-----------+--------+-----+----+------+
|x|          9|         22|         87|     32658246.00|         22|00:00:31|   NA|  NA|    NA|
|x|          6|         22|         32|     32699661.50|         40|00:00:21|+0.79|0.90|0.0769|
|x|          1|         22|         96|     32720383.33|         58|00:00:21|+0.80|0.86|0.0768|
|x|          7|         22|         32|     32731033.75|         76|00:00:21|+0.84|0.88|0.0638|
|-|          3|          7|         32|     32792288.60|         94|00:00:21|+0.02|0.21|0.9081|
|=|          5|          7|         32|     32703612.33|         97|00:00:10|+0.11|0.26|0.8093|
|=|          2|          7|         87|     32717290.14|        100|00:00:10|+0.04|0.18|0.8029|
|=|          8|          7|         87|     32699229.25|        103|00:00:10|+0.04|0.16|0.8591|
|=|          4|          7|         87|     32692084.00|        106|00:00:10|+0.03|0.14|0.8413|
|=|         10|          7|         87|     32695847.50|        113|00:00:10|+0.07|0.17|0.8027|
+-+-----------+-----------+-----------+----------------+-----------+--------+-----+----+------+
Best-so-far configuration:          87    mean value:      32695847.50
Description of the best-so-far configuration:
   .ID. algorithm localsearch alpha beta  rho ants   q0 rasrank elitistants
87   87       acs           3  2.87 2.31 0.42   33 0.12      NA          NA
   nnls dlb .PARENT.
87   12   0       51

# 2025-09-08 21:42:17 -03: Elite configurations (first number is the configuration ID; listed from best to worst according to the sum of ranks):
   algorithm localsearch alpha beta  rho ants   q0 rasrank elitistants nnls dlb
87       acs           3  2.87 2.31 0.42   33 0.12      NA          NA   12   0
91      mmas           3  1.82 3.08 0.26   30   NA      NA          NA   24   1
32      mmas           3  2.43 2.67 0.22   59   NA      NA          NA   18   1
55      mmas           3  1.53 1.37 0.33   24   NA      NA          NA   17   1
96      mmas           3  1.90 4.08 0.26   38   NA      NA          NA   17   1
# 2025-09-08 21:42:17 -03: Iteration 6 of 6
# experimentsUsed: 519
# remainingBudget: 2231
# currentBudget: 2231
# nbConfigurations: 22
# Markers:
     x No test is performed.
     c Configurations are discarded only due to capping.
     - The test is performed and some configurations are discarded.
     = The test is performed but no configuration is discarded.
     ! The test is performed and configurations could be discarded but elite configurations are preserved.
     . All alive configurations are elite and nothing is discarded.

+-+-----------+-----------+-----------+----------------+-----------+--------+-----+----+------+
| |   Instance|      Alive|       Best|       Mean best| Exp so far|  W time|  rho|KenW|  Qvar|
+-+-----------+-----------+-----------+----------------+-----------+--------+-----+----+------+
|x|         11|         22|         87|     32564946.00|         22|00:00:31|   NA|  NA|    NA|
|x|          8|         22|         87|     32568874.50|         39|00:00:26|+0.59|0.80|0.1051|
|x|          7|         22|         87|     32638263.67|         56|00:00:26|+0.61|0.74|0.1229|
|x|          6|         22|         87|     32670325.75|         73|00:00:26|+0.64|0.73|0.1067|
|-|          5|          8|         87|     32605923.00|         90|00:00:27|-0.07|0.14|0.9731|
|=|          4|          8|         32|     32612549.83|         93|00:00:11|-0.07|0.11|0.9337|
|=|          3|          8|         32|     32673229.57|         96|00:00:11|-0.06|0.10|0.9204|
|=|         10|          8|         32|     32674113.75|         99|00:00:10|-0.04|0.09|0.9133|
|=|          9|          8|         32|     32675337.33|        102|00:00:10|-0.01|0.10|0.8830|
|=|          1|          8|         87|     32683880.90|        105|00:00:10|-0.04|0.07|0.9047|
|=|          2|          8|         87|     32683947.36|        108|00:00:10|-0.01|0.08|0.8727|
|=|         12|          8|         87|     32684602.92|        116|00:00:12|+0.00|0.08|0.8654|
+-+-----------+-----------+-----------+----------------+-----------+--------+-----+----+------+
Best-so-far configuration:          87    mean value:      32684602.92
Description of the best-so-far configuration:
   .ID. algorithm localsearch alpha beta  rho ants   q0 rasrank elitistants
87   87       acs           3  2.87 2.31 0.42   33 0.12      NA          NA
   nnls dlb .PARENT.
87   12   0       51

# 2025-09-08 21:45:53 -03: Elite configurations (first number is the configuration ID; listed from best to worst according to the sum of ranks):
    algorithm localsearch alpha beta  rho ants   q0 rasrank elitistants nnls
87        acs           3  2.87 2.31 0.42   33 0.12      NA          NA   12
32       mmas           3  2.43 2.67 0.22   59   NA      NA          NA   18
100      mmas           3  2.43 2.26 0.19   72   NA      NA          NA   13
91       mmas           3  1.82 3.08 0.26   30   NA      NA          NA   24
55       mmas           3  1.53 1.37 0.33   24   NA      NA          NA   17
    dlb
87    0
32    1
100   1
91    1
55    1
# 2025-09-08 21:45:53 -03: Iteration 7 of 7
# experimentsUsed: 635
# remainingBudget: 2115
# currentBudget: 2115
# nbConfigurations: 22
# Markers:
     x No test is performed.
     c Configurations are discarded only due to capping.
     - The test is performed and some configurations are discarded.
     = The test is performed but no configuration is discarded.
     ! The test is performed and configurations could be discarded but elite configurations are preserved.
     . All alive configurations are elite and nothing is discarded.

+-+-----------+-----------+-----------+----------------+-----------+--------+-----+----+------+
| |   Instance|      Alive|       Best|       Mean best| Exp so far|  W time|  rho|KenW|  Qvar|
+-+-----------+-----------+-----------+----------------+-----------+--------+-----+----+------+
|x|         13|         22|        100|     33013383.00|         22|00:00:31|   NA|  NA|    NA|
|x|          8|         22|        123|     32763899.00|         39|00:00:21|+0.56|0.78|0.0900|
|x|         11|         22|         87|     32737529.67|         56|00:00:21|+0.63|0.76|0.0828|
|x|          2|         22|         87|     32724300.25|         73|00:00:21|+0.56|0.67|0.1164|
|-|          5|         10|         87|     32649102.60|         90|00:00:21|+0.00|0.20|0.8863|
|=|          9|         10|         87|     32650626.50|         95|00:00:10|+0.12|0.27|0.7885|
|=|          6|         10|         87|     32667181.57|        100|00:00:10|+0.09|0.22|0.7995|
|=|          1|         10|         87|     32677711.88|        105|00:00:10|+0.05|0.17|0.8506|
|=|         10|         10|         87|     32683490.44|        110|00:00:10|+0.03|0.14|0.8427|
|=|         12|         10|         87|     32684322.80|        115|00:00:10|+0.03|0.12|0.8440|
|=|          3|         10|         87|     32716191.91|        120|00:00:10|+0.01|0.10|0.8846|
|=|          7|         10|         87|     32721262.75|        125|00:00:10|+0.02|0.10|0.8729|
|=|          4|         10|         87|     32714621.15|        130|00:00:10|+0.01|0.09|0.8760|
|=|         14|         10|         87|     32693322.14|        140|00:00:10|+0.02|0.09|0.8793|
+-+-----------+-----------+-----------+----------------+-----------+--------+-----+----+------+
Best-so-far configuration:          87    mean value:      32693322.14
Description of the best-so-far configuration:
   .ID. algorithm localsearch alpha beta  rho ants   q0 rasrank elitistants
87   87       acs           3  2.87 2.31 0.42   33 0.12      NA          NA
   nnls dlb .PARENT.
87   12   0       51

# 2025-09-08 21:49:24 -03: Elite configurations (first number is the configuration ID; listed from best to worst according to the sum of ranks):
    algorithm localsearch alpha beta  rho ants   q0 rasrank elitistants nnls
87        acs           3  2.87 2.31 0.42   33 0.12      NA          NA   12
116       acs           3  3.40 0.33 0.37   27 0.15      NA          NA   11
32       mmas           3  2.43 2.67 0.22   59   NA      NA          NA   18
100      mmas           3  2.43 2.26 0.19   72   NA      NA          NA   13
119      mmas           3  2.00 1.29 0.22   30   NA      NA          NA   28
    dlb
87    0
116   0
32    1
100   1
119   1
# 2025-09-08 21:49:24 -03: Iteration 8 of 8
# experimentsUsed: 775
# remainingBudget: 1975
# currentBudget: 1975
# nbConfigurations: 22
# Markers:
     x No test is performed.
     c Configurations are discarded only due to capping.
     - The test is performed and some configurations are discarded.
     = The test is performed but no configuration is discarded.
     ! The test is performed and configurations could be discarded but elite configurations are preserved.
     . All alive configurations are elite and nothing is discarded.

+-+-----------+-----------+-----------+----------------+-----------+--------+-----+----+------+
| |   Instance|      Alive|       Best|       Mean best| Exp so far|  W time|  rho|KenW|  Qvar|
+-+-----------+-----------+-----------+----------------+-----------+--------+-----+----+------+
|x|         15|         22|        146|     32270080.00|         22|00:00:31|   NA|  NA|    NA|
|x|          9|         22|        137|     32459143.00|         39|00:00:20|+0.05|0.53|0.6462|
|x|         11|         22|         87|     32497906.67|         56|00:00:21|+0.24|0.49|0.5591|
|x|         10|         22|        131|     32546801.25|         73|00:00:20|+0.24|0.43|0.5235|
|-|          5|         14|        131|     32495633.80|         90|00:00:20|+0.01|0.21|0.9889|
|=|          6|         14|        132|     32534292.33|         99|00:00:10|+0.04|0.20|0.9287|
|=|          7|         14|        132|     32568824.57|        108|00:00:10|+0.03|0.17|0.9076|
|=|         13|         14|        132|     32626099.38|        117|00:00:10|+0.07|0.19|0.8630|
|=|          4|         14|        132|     32629533.22|        126|00:00:10|+0.07|0.17|0.8722|
|=|          8|         14|        132|     32618850.10|        135|00:00:11|+0.05|0.14|0.8906|
|=|         14|         14|        132|     32595443.82|        144|00:00:10|+0.05|0.14|0.8848|
|-|          3|          8|        132|     32626991.58|        153|00:00:10|+0.03|0.11|0.8459|
|=|          2|          8|        132|     32634910.92|        156|00:00:10|+0.03|0.10|0.8517|
|=|         12|          8|        132|     32641107.71|        159|00:00:10|+0.05|0.11|0.8455|
|=|          1|          8|        132|     32649919.13|        162|00:00:10|+0.01|0.08|0.8697|
|=|         16|          8|        132|     32653827.62|        170|00:00:10|+0.01|0.07|0.8754|
+-+-----------+-----------+-----------+----------------+-----------+--------+-----+----+------+
Best-so-far configuration:         132    mean value:      32653827.62
Description of the best-so-far configuration:
    .ID. algorithm localsearch alpha beta  rho ants   q0 rasrank elitistants
132  132       acs           3   3.4 1.82 0.29   43 0.01      NA          NA
    nnls dlb .PARENT.
132   11   0      116

# 2025-09-08 21:53:15 -03: Elite configurations (first number is the configuration ID; listed from best to worst according to the sum of ranks):
    algorithm localsearch alpha beta  rho ants   q0 rasrank elitistants nnls
132       acs           3  3.40 1.82 0.29   43 0.01      NA          NA   11
131       acs           3  2.97 2.46 0.41   38 0.18      NA          NA    8
87        acs           3  2.87 2.31 0.42   33 0.12      NA          NA   12
140      mmas           3  2.41 2.53 0.23   69   NA      NA          NA   14
100      mmas           3  2.43 2.26 0.19   72   NA      NA          NA   13
    dlb
132   0
131   0
87    0
140   1
100   1
# 2025-09-08 21:53:15 -03: Iteration 9 of 9
# experimentsUsed: 945
# remainingBudget: 1805
# currentBudget: 1805
# nbConfigurations: 22
# Markers:
     x No test is performed.
     c Configurations are discarded only due to capping.
     - The test is performed and some configurations are discarded.
     = The test is performed but no configuration is discarded.
     ! The test is performed and configurations could be discarded but elite configurations are preserved.
     . All alive configurations are elite and nothing is discarded.

+-+-----------+-----------+-----------+----------------+-----------+--------+-----+----+------+
| |   Instance|      Alive|       Best|       Mean best| Exp so far|  W time|  rho|KenW|  Qvar|
+-+-----------+-----------+-----------+----------------+-----------+--------+-----+----+------+
|x|         17|         22|        153|     32847189.00|         22|00:00:31|   NA|  NA|    NA|
|x|          2|         22|        149|     32778093.50|         39|00:00:21|+0.05|0.53|0.4407|
|x|         15|         22|         87|     32611578.67|         56|00:00:20|+0.21|0.47|0.3658|
|x|          5|         22|        149|     32538693.25|         73|00:00:21|+0.18|0.39|0.6040|
|-|          9|         12|        149|     32553772.80|         90|00:00:20|-0.02|0.19|0.9003|
|=|          8|         12|        149|     32552340.50|         97|00:00:10|+0.01|0.18|0.9114|
|=|          1|         12|        149|     32574174.57|        104|00:00:10|-0.03|0.11|0.9532|
|=|          6|         12|        149|     32592812.12|        111|00:00:10|-0.02|0.11|0.9473|
|=|         10|         12|        132|     32613749.44|        118|00:00:10|-0.02|0.10|0.9512|
|=|          4|         12|        149|     32609195.40|        125|00:00:10|-0.03|0.07|0.9639|
|=|         14|         12|        149|     32588989.27|        132|00:00:10|+0.00|0.09|0.9387|
|=|         12|         12|        149|     32602113.00|        139|00:00:10|-0.01|0.07|0.9452|
|=|         11|         12|        132|     32601467.77|        146|00:00:10|-0.01|0.07|0.9498|
|=|         13|         12|        132|     32631864.57|        153|00:00:10|-0.02|0.05|0.9582|
|=|         16|         12|        132|     32637237.27|        160|00:00:10|-0.02|0.05|0.9523|
|=|          3|         12|        132|     32658286.00|        167|00:00:10|-0.01|0.05|0.9451|
|=|          7|         12|        132|     32665211.41|        174|00:00:10|-0.01|0.05|0.9396|
|=|         18|         12|        132|     32640043.22|        186|00:00:20|+0.00|0.06|0.9314|
+-+-----------+-----------+-----------+----------------+-----------+--------+-----+----+------+
Best-so-far configuration:         132    mean value:      32640043.22
Description of the best-so-far configuration:
    .ID. algorithm localsearch alpha beta  rho ants   q0 rasrank elitistants
132  132       acs           3   3.4 1.82 0.29   43 0.01      NA          NA
    nnls dlb .PARENT.
132   11   0      116

# 2025-09-08 21:57:37 -03: Elite configurations (first number is the configuration ID; listed from best to worst according to the sum of ranks):
    algorithm localsearch alpha beta  rho ants   q0 rasrank elitistants nnls
132       acs           3  3.40 1.82 0.29   43 0.01      NA          NA   11
87        acs           3  2.87 2.31 0.42   33 0.12      NA          NA   12
140      mmas           3  2.41 2.53 0.23   69   NA      NA          NA   14
157       acs           3  3.02 2.80 0.41   49 0.29      NA          NA    8
149       acs           3  2.89 1.75 0.27   30 0.18      NA          NA    8
    dlb
132   0
87    0
140   1
157   0
149   0
# 2025-09-08 21:57:37 -03: Iteration 10 of 10
# experimentsUsed: 1131
# remainingBudget: 1619
# currentBudget: 1619
# nbConfigurations: 22
# Markers:
     x No test is performed.
     c Configurations are discarded only due to capping.
     - The test is performed and some configurations are discarded.
     = The test is performed but no configuration is discarded.
     ! The test is performed and configurations could be discarded but elite configurations are preserved.
     . All alive configurations are elite and nothing is discarded.

+-+-----------+-----------+-----------+----------------+-----------+--------+-----+----+------+
| |   Instance|      Alive|       Best|       Mean best| Exp so far|  W time|  rho|KenW|  Qvar|
+-+-----------+-----------+-----------+----------------+-----------+--------+-----+----+------+
|x|         19|         22|        180|     32582028.00|         22|00:00:31|   NA|  NA|    NA|
|x|         17|         22|        132|     32717718.00|         39|00:00:21|+0.28|0.64|0.1723|
|x|          7|         22|        132|     32737151.33|         56|00:00:20|+0.05|0.37|0.2107|
|x|          5|         22|        132|     32620333.00|         73|00:00:20|+0.10|0.32|0.1954|
|=|         14|         22|        132|     32568542.60|         90|00:00:21|+0.13|0.31|0.2049|
|-|          3|          6|        132|     32636121.67|        107|00:00:20|+0.17|0.30|0.7125|
|=|         12|          6|        132|     32648342.29|        108|00:00:10|+0.08|0.21|0.7836|
|=|          6|          6|        132|     32659592.12|        109|00:00:10|+0.09|0.20|0.7762|
|=|         13|          6|        132|     32700417.78|        110|00:00:10|+0.11|0.21|0.7445|
|=|          9|          6|        132|     32695211.40|        111|00:00:10|+0.09|0.18|0.7603|
|=|         11|          6|        132|     32682490.82|        112|00:00:10|+0.09|0.17|0.7753|
|=|          1|          6|        132|     32690056.50|        113|00:00:10|+0.04|0.12|0.8096|
|=|          4|          6|        132|     32687514.00|        114|00:00:10|+0.02|0.10|0.8224|
|=|         15|          6|        132|     32663577.21|        115|00:00:10|-0.00|0.07|0.8437|
|=|          8|          6|        132|     32654185.53|        116|00:00:10|+0.02|0.09|0.8314|
|=|         10|          6|        132|     32653392.50|        117|00:00:10|+0.01|0.07|0.8291|
|=|         18|          6|        132|     32627439.06|        118|00:00:10|+0.03|0.08|0.8250|
|=|          2|          6|        132|     32633133.72|        119|00:00:10|+0.02|0.08|0.8298|
|=|         16|          6|        132|     32637308.53|        120|00:00:10|+0.03|0.08|0.8175|
|=|         20|          6|        132|     32644035.55|        126|00:00:10|+0.05|0.10|0.7988|
+-+-----------+-----------+-----------+----------------+-----------+--------+-----+----+------+
Best-so-far configuration:         132    mean value:      32644035.55
Description of the best-so-far configuration:
    .ID. algorithm localsearch alpha beta  rho ants   q0 rasrank elitistants
132  132       acs           3   3.4 1.82 0.29   43 0.01      NA          NA
    nnls dlb .PARENT.
132   11   0      116

# 2025-09-08 22:02:19 -03: Elite configurations (first number is the configuration ID; listed from best to worst according to the sum of ranks):
    algorithm localsearch alpha beta  rho ants   q0 rasrank elitistants nnls
132       acs           3  3.40 1.82 0.29   43 0.01      NA          NA   11
157       acs           3  3.02 2.80 0.41   49 0.29      NA          NA    8
149       acs           3  2.89 1.75 0.27   30 0.18      NA          NA    8
140      mmas           3  2.41 2.53 0.23   69   NA      NA          NA   14
87        acs           3  2.87 2.31 0.42   33 0.12      NA          NA   12
    dlb
132   0
157   0
149   0
140   1
87    0
# 2025-09-08 22:02:19 -03: Iteration 11 of 11
# experimentsUsed: 1257
# remainingBudget: 1493
# currentBudget: 1493
# nbConfigurations: 22
# Markers:
     x No test is performed.
     c Configurations are discarded only due to capping.
     - The test is performed and some configurations are discarded.
     = The test is performed but no configuration is discarded.
     ! The test is performed and configurations could be discarded but elite configurations are preserved.
     . All alive configurations are elite and nothing is discarded.

+-+-----------+-----------+-----------+----------------+-----------+--------+-----+----+------+
| |   Instance|      Alive|       Best|       Mean best| Exp so far|  W time|  rho|KenW|  Qvar|
+-+-----------+-----------+-----------+----------------+-----------+--------+-----+----+------+
|x|         21|         22|        198|     32618295.00|         22|00:00:31|   NA|  NA|    NA|
|x|          3|         22|        157|     32802718.00|         39|00:00:20|-0.20|0.40|1.0469|
|x|         16|         22|        157|     32772391.33|         56|00:00:20|+0.12|0.41|0.8405|
|x|          6|         22|        157|     32763249.75|         73|00:00:21|+0.20|0.40|0.7341|
|=|         10|         22|        194|     32750340.00|         90|00:00:20|+0.11|0.29|0.8033|
|-|          7|         13|        194|     32750902.83|        107|00:00:20|+0.08|0.24|0.8320|
|=|          2|         13|        194|     32745991.14|        115|00:00:10|+0.05|0.19|0.8736|
|=|          5|         13|        194|     32687884.75|        123|00:00:10|+0.04|0.16|0.8859|
|=|          4|         13|        194|     32677010.44|        131|00:00:10|+0.05|0.15|0.8786|
|=|         18|         13|        194|     32630200.00|        139|00:00:10|+0.06|0.16|0.8622|
|=|         13|         13|        194|     32669845.91|        147|00:00:10|+0.07|0.16|0.8483|
|=|         12|         13|        194|     32672452.08|        155|00:00:10|+0.06|0.14|0.8686|
|=|          9|         13|        194|     32669976.08|        163|00:00:10|+0.05|0.13|0.8721|
|-|         11|         11|        194|     32662016.93|        171|00:00:10|+0.03|0.10|0.8682|
|=|         14|         11|        194|     32640922.07|        177|00:00:10|+0.02|0.09|0.8766|
|=|          8|         11|        194|     32636663.50|        183|00:00:10|+0.02|0.08|0.8782|
|=|         20|         11|        194|     32647690.47|        189|00:00:10|+0.03|0.08|0.8664|
|=|         15|         11|        198|     32628054.61|        195|00:00:10|+0.02|0.08|0.8669|
|=|         17|         11|        198|     32639052.89|        201|00:00:10|+0.04|0.09|0.8588|
|=|          1|         11|        198|     32645752.10|        207|00:00:10|+0.02|0.07|0.8806|
|=|         19|         11|        198|     32643949.00|        213|00:00:10|+0.02|0.07|0.8816|
|=|         22|         11|        198|     32639869.77|        224|00:00:20|+0.02|0.07|0.8782|
+-+-----------+-----------+-----------+----------------+-----------+--------+-----+----+------+
Best-so-far configuration:         198    mean value:      32639869.77
Description of the best-so-far configuration:
    .ID. algorithm localsearch alpha beta  rho ants   q0 rasrank elitistants
198  198       acs           3  3.06  1.6 0.28   49 0.12      NA          NA
    nnls dlb .PARENT.
198    9   0      132

# 2025-09-08 22:07:34 -03: Elite configurations (first number is the configuration ID; listed from best to worst according to the sum of ranks):
    algorithm localsearch alpha beta  rho ants   q0 rasrank elitistants nnls
198       acs           3  3.06 1.60 0.28   49 0.12      NA          NA    9
194       acs           3  2.73 3.18 0.37   51 0.36      NA          NA    7
132       acs           3  3.40 1.82 0.29   43 0.01      NA          NA   11
182       acs           3  2.83 2.02 0.22   34 0.20      NA          NA    9
190       acs           3  3.23 1.50 0.30   40 0.07      NA          NA   11
    dlb
198   0
194   0
132   0
182   0
190   0
# 2025-09-08 22:07:34 -03: Iteration 12 of 12
# experimentsUsed: 1481
# remainingBudget: 1269
# currentBudget: 1269
# nbConfigurations: 22
# Markers:
     x No test is performed.
     c Configurations are discarded only due to capping.
     - The test is performed and some configurations are discarded.
     = The test is performed but no configuration is discarded.
     ! The test is performed and configurations could be discarded but elite configurations are preserved.
     . All alive configurations are elite and nothing is discarded.

+-+-----------+-----------+-----------+----------------+-----------+--------+-----+----+------+
| |   Instance|      Alive|       Best|       Mean best| Exp so far|  W time|  rho|KenW|  Qvar|
+-+-----------+-----------+-----------+----------------+-----------+--------+-----+----+------+
|x|         23|         22|        208|     32813404.00|         22|00:00:31|   NA|  NA|    NA|
|x|          7|         22|        198|     32800472.50|         39|00:00:20|-0.03|0.49|0.9614|
|x|          6|         22|        198|     32767136.00|         56|00:00:20|+0.29|0.53|0.6500|
|x|         16|         22|        209|     32745268.25|         73|00:00:21|+0.23|0.42|0.7021|
|-|          5|         12|        194|     32664276.00|         90|00:00:20|-0.03|0.17|0.9210|
|=|          3|         12|        209|     32714793.83|         97|00:00:10|-0.04|0.13|0.9187|
|=|          8|         12|        209|     32694290.29|        104|00:00:10|-0.06|0.10|0.9356|
|=|         11|         12|        194|     32681910.75|        111|00:00:10|-0.01|0.12|0.8991|
|=|         14|         12|        194|     32644542.22|        118|00:00:10|+0.01|0.12|0.8849|
|=|          2|         12|        194|     32651740.10|        125|00:00:10|-0.01|0.09|0.8903|
|=|         21|         12|        194|     32654276.82|        132|00:00:10|-0.02|0.07|0.9073|
|=|         20|         12|        194|     32668430.58|        139|00:00:10|-0.04|0.04|0.9325|
|=|          9|         12|        194|     32666263.92|        146|00:00:10|-0.05|0.03|0.9455|
|=|         12|         12|        198|     32671712.71|        153|00:00:10|-0.04|0.04|0.9420|
|=|          1|         12|        194|     32674170.07|        160|00:00:10|-0.05|0.02|0.9581|
|=|         22|         12|        198|     32670701.31|        167|00:00:10|-0.05|0.02|0.9599|
|=|         10|         12|        194|     32668597.76|        174|00:00:10|-0.04|0.03|0.9449|
|=|         17|         12|        198|     32682033.28|        181|00:00:10|-0.03|0.03|0.9320|
|=|          4|         12|        194|     32674187.26|        188|00:00:10|-0.02|0.04|0.9256|
|=|         13|         12|        194|     32693793.15|        195|00:00:10|-0.00|0.05|0.9143|
|=|         18|         12|        198|     32671929.76|        202|00:00:10|+0.01|0.05|0.9037|
|=|         19|         12|        198|     32669018.73|        209|00:00:10|+0.01|0.05|0.9020|
|=|         15|         12|        198|     32649936.30|        216|00:00:10|+0.01|0.05|0.9032|
|=|         24|         12|        198|     32641460.54|        228|00:00:20|+0.00|0.04|0.9124|
+-+-----------+-----------+-----------+----------------+-----------+--------+-----+----+------+
Best-so-far configuration:         198    mean value:      32641460.54
Description of the best-so-far configuration:
    .ID. algorithm localsearch alpha beta  rho ants   q0 rasrank elitistants
198  198       acs           3  3.06  1.6 0.28   49 0.12      NA          NA
    nnls dlb .PARENT.
198    9   0      132

# 2025-09-08 22:12:59 -03: Elite configurations (first number is the configuration ID; listed from best to worst according to the sum of ranks):
    algorithm localsearch alpha beta  rho ants   q0 rasrank elitistants nnls
198       acs           3  3.06 1.60 0.28   49 0.12      NA          NA    9
194       acs           3  2.73 3.18 0.37   51 0.36      NA          NA    7
182       acs           3  2.83 2.02 0.22   34 0.20      NA          NA    9
132       acs           3  3.40 1.82 0.29   43 0.01      NA          NA   11
203       acs           3  3.28 1.77 0.27   51 0.07      NA          NA    9
    dlb
198   0
194   0
182   0
132   0
203   0
# 2025-09-08 22:12:59 -03: Iteration 13 of 13
# experimentsUsed: 1709
# remainingBudget: 1041
# currentBudget: 1041
# nbConfigurations: 22
# Markers:
     x No test is performed.
     c Configurations are discarded only due to capping.
     - The test is performed and some configurations are discarded.
     = The test is performed but no configuration is discarded.
     ! The test is performed and configurations could be discarded but elite configurations are preserved.
     . All alive configurations are elite and nothing is discarded.

+-+-----------+-----------+-----------+----------------+-----------+--------+-----+----+------+
| |   Instance|      Alive|       Best|       Mean best| Exp so far|  W time|  rho|KenW|  Qvar|
+-+-----------+-----------+-----------+----------------+-----------+--------+-----+----+------+
|x|         25|         22|        218|     32035559.00|         22|00:00:31|   NA|  NA|    NA|
|x|          1|         22|        218|     32365004.50|         39|00:00:20|+0.16|0.58|0.8280|
|x|         18|         22|        226|     32317289.33|         56|00:00:20|+0.24|0.49|0.7600|
|x|         10|         22|        223|     32415672.75|         73|00:00:20|+0.07|0.30|0.9195|
|=|         11|         22|        194|     32449289.60|         90|00:00:20|-0.00|0.20|0.9556|
|=|          7|         22|        194|     32500027.50|        107|00:00:20|+0.04|0.20|0.9442|
|=|         19|         22|        198|     32520125.14|        124|00:00:20|+0.08|0.21|0.8784|
|-|         15|         16|        198|     32483874.88|        141|00:00:20|-0.05|0.08|1.0069|
|=|          5|         16|        198|     32465912.11|        152|00:00:20|-0.03|0.09|0.9775|
|=|         24|         16|        198|     32463972.70|        163|00:00:20|-0.01|0.09|0.9651|
|=|         17|         16|        198|     32497886.27|        174|00:00:20|+0.02|0.11|0.9392|
|=|         16|         16|        223|     32517658.75|        185|00:00:20|+0.04|0.12|0.9207|
|=|         12|         16|        198|     32531360.31|        196|00:00:20|+0.04|0.11|0.9188|
|=|         21|         16|        198|     32537569.93|        207|00:00:20|+0.04|0.11|0.9170|
|=|         20|         16|        198|     32555532.73|        218|00:00:20|+0.04|0.10|0.9149|
|-|          9|          9|        198|     32557965.75|        229|00:00:21|+0.01|0.07|0.9044|
|=|         13|          9|        198|     32588385.00|        233|00:00:10|-0.01|0.05|0.9063|
|=|          8|          9|        198|     32586445.39|        237|00:00:10|-0.01|0.04|0.9089|
|=|          2|          9|        198|     32593451.68|        241|00:00:10|-0.02|0.04|0.9083|
|=|         22|          9|        198|     32591489.40|        245|00:00:10|-0.01|0.04|0.8979|
|=|          4|          9|        198|     32591607.76|        249|00:00:10|-0.00|0.05|0.8927|
|=|          6|          9|        198|     32596555.73|        253|00:00:10|-0.00|0.04|0.8916|
|=|          3|          9|        198|     32615702.78|        257|00:00:10|-0.01|0.03|0.9023|
|=|         14|          9|        198|     32609743.33|        261|00:00:10|-0.02|0.03|0.9024|
|=|         23|          9|        198|     32620209.60|        265|00:00:10|-0.01|0.03|0.8970|
|=|         26|          9|        198|     32610859.00|        274|00:00:10|-0.02|0.02|0.9048|
+-+-----------+-----------+-----------+----------------+-----------+--------+-----+----+------+
Best-so-far configuration:         198    mean value:      32610859.00
Description of the best-so-far configuration:
    .ID. algorithm localsearch alpha beta  rho ants   q0 rasrank elitistants
198  198       acs           3  3.06  1.6 0.28   49 0.12      NA          NA
    nnls dlb .PARENT.
198    9   0      132

# 2025-09-08 22:20:27 -03: Elite configurations (first number is the configuration ID; listed from best to worst according to the sum of ranks):
    algorithm localsearch alpha beta  rho ants   q0 rasrank elitistants nnls
198       acs           3  3.06 1.60 0.28   49 0.12      NA          NA    9
194       acs           3  2.73 3.18 0.37   51 0.36      NA          NA    7
229       acs           3  3.15 1.73 0.28   49 0.18      NA          NA    7
232       acs           3  3.39 1.76 0.29   52 0.03      NA          NA    9
132       acs           3  3.40 1.82 0.29   43 0.01      NA          NA   11
    dlb
198   0
194   0
229   0
232   0
132   0
# 2025-09-08 22:20:27 -03: Iteration 14 of 14
# experimentsUsed: 1983
# remainingBudget: 767
# currentBudget: 767
# nbConfigurations: 22
# Markers:
     x No test is performed.
     c Configurations are discarded only due to capping.
     - The test is performed and some configurations are discarded.
     = The test is performed but no configuration is discarded.
     ! The test is performed and configurations could be discarded but elite configurations are preserved.
     . All alive configurations are elite and nothing is discarded.

+-+-----------+-----------+-----------+----------------+-----------+--------+-----+----+------+
| |   Instance|      Alive|       Best|       Mean best| Exp so far|  W time|  rho|KenW|  Qvar|
+-+-----------+-----------+-----------+----------------+-----------+--------+-----+----+------+
|x|         27|         22|        249|     32439934.00|         22|00:00:31|   NA|  NA|    NA|
|x|          6|         22|        249|     32575088.50|         39|00:00:20|-0.12|0.44|1.0474|
|x|         21|         22|        198|     32610023.67|         56|00:00:20|-0.02|0.32|0.9859|
|x|         25|         22|        249|     32475038.25|         73|00:00:21|+0.01|0.26|0.9859|
|=|         13|         22|        249|     32592678.60|         90|00:00:20|+0.05|0.24|0.9156|
|=|          3|         22|        249|     32667313.33|        107|00:00:20|+0.04|0.20|0.9273|
|=|          2|         22|        249|     32674031.86|        124|00:00:20|+0.05|0.19|0.9105|
|=|         10|         22|        249|     32671511.62|        141|00:00:20|+0.07|0.19|0.8997|
|=|          5|         22|        249|     32632175.00|        158|00:00:20|+0.06|0.17|0.9009|
|-|          8|         14|        244|     32625505.60|        175|00:00:20|-0.06|0.05|0.9785|
|=|         11|         14|        132|     32618285.36|        184|00:00:10|-0.05|0.04|0.9591|
|=|         12|         14|        132|     32626900.42|        193|00:00:10|-0.05|0.04|0.9583|
|=|         16|         14|        132|     32633481.54|        202|00:00:10|-0.04|0.04|0.9501|
|=|          9|         14|        132|     32634543.86|        211|00:00:10|-0.02|0.05|0.9339|
|=|         24|         14|        198|     32624987.47|        220|00:00:10|-0.02|0.05|0.9392|
|=|         17|         14|        198|     32638239.62|        229|00:00:10|-0.01|0.05|0.9356|
|=|         20|         14|        198|     32648167.41|        238|00:00:10|-0.02|0.04|0.9412|
|=|         18|         14|        198|     32621316.89|        247|00:00:10|-0.01|0.05|0.9342|
|=|          4|         14|        198|     32619877.84|        256|00:00:10|-0.00|0.05|0.9304|
|=|         26|         14|        198|     32607738.65|        265|00:00:10|-0.01|0.04|0.9395|
|=|          1|         14|        198|     32615610.00|        274|00:00:10|-0.02|0.03|0.9468|
|=|          7|         14|        198|     32620788.86|        283|00:00:10|-0.01|0.03|0.9431|
|=|         22|         14|        198|     32617893.96|        292|00:00:10|-0.01|0.04|0.9381|
|=|         15|         14|        198|     32601736.83|        301|00:00:10|-0.00|0.04|0.9298|
|=|         23|         14|        198|     32612523.36|        310|00:00:10|+0.00|0.04|0.9270|
|=|         14|         14|        198|     32607144.62|        319|00:00:10|+0.00|0.04|0.9226|
|=|         19|         14|        198|     32607172.11|        328|00:00:10|+0.01|0.05|0.9180|
|=|         28|         14|        198|     32596530.89|        342|00:00:20|+0.01|0.05|0.9158|
+-+-----------+-----------+-----------+----------------+-----------+--------+-----+----+------+
Best-so-far configuration:         198    mean value:      32596530.89
Description of the best-so-far configuration:
    .ID. algorithm localsearch alpha beta  rho ants   q0 rasrank elitistants
198  198       acs           3  3.06  1.6 0.28   49 0.12      NA          NA
    nnls dlb .PARENT.
198    9   0      132

# 2025-09-08 22:27:27 -03: Elite configurations (first number is the configuration ID; listed from best to worst according to the sum of ranks):
    algorithm localsearch alpha beta  rho ants   q0 rasrank elitistants nnls
198       acs           3  3.06 1.60 0.28   49 0.12      NA          NA    9
244       acs           3  3.05 1.74 0.31   50 0.17      NA          NA    7
232       acs           3  3.39 1.76 0.29   52 0.03      NA          NA    9
229       acs           3  3.15 1.73 0.28   49 0.18      NA          NA    7
194       acs           3  2.73 3.18 0.37   51 0.36      NA          NA    7
    dlb
198   0
244   0
232   0
229   0
194   0
# 2025-09-08 22:27:27 -03: Stopped because there is not enough budget to enforce the value of nbConfigurations.
# Iteration: 15
# nbIterations: 15
# experimentsUsed: 2325
# timeUsed: 0
# remainingBudget: 425
# currentBudget: 425
# number of elites: 5
# nbConfigurations: 19
# Total CPU user time: 24944.44, CPU sys time: 188.597, Wall-clock time: 3690.401
# 2025-09-08 22:27:27 -03: Starting post-selection:
# Configurations selected: 198, 244, 232, 229, 194, 132, 182, 203, 190, 157, 149, 140, 87, 131, 100, 116.
# Pending instances: 1, 1, 1, 1, 1, 1, 3, 3, 5, 7, 7, 7, 7, 11, 11, 13.
# 2025-09-08 22:27:27 -03: seed: 2314
# Configurations: 16
# Available experiments: 425
# minSurvival: 1
# Markers:
     x No test is performed.
     c Configurations are discarded only due to capping.
     - The test is performed and some configurations are discarded.
     = The test is performed but no configuration is discarded.
     ! The test is performed and configurations could be discarded but elite configurations are preserved.
     . All alive configurations are elite and nothing is discarded.

+-+-----------+-----------+-----------+----------------+-----------+--------+-----+----+------+
| |   Instance|      Alive|       Best|       Mean best| Exp so far|  W time|  rho|KenW|  Qvar|
+-+-----------+-----------+-----------+----------------+-----------+--------+-----+----+------+
|x|         22|         16|        131|     32537760.00|          3|00:00:10|   NA|  NA|    NA|
|.|         11|         16|        131|     32550583.50|          3|00:00:00|-0.10|0.45|1.0992|
|x|         18|         16|        198|     32422023.33|          4|00:00:10|+0.05|0.37|0.9323|
|.|          9|         16|        198|     32465132.75|          4|00:00:00|+0.10|0.32|0.8874|
|x|         25|         16|        198|     32394143.60|         12|00:00:10|+0.03|0.22|0.9413|
|.|          3|         16|        198|     32501276.00|         12|00:00:00|+0.00|0.17|0.9116|
|.|          7|         16|        198|     32533885.86|         12|00:00:00|+0.01|0.16|0.9044|
|.|          5|         16|        198|     32507426.38|         12|00:00:00|+0.04|0.16|0.8771|
|x|         26|         16|        198|     32492945.00|         20|00:00:10|-0.02|0.10|0.9317|
|.|         12|         16|        198|     32511422.90|         20|00:00:00|-0.00|0.10|0.9251|
|x|         19|         16|        198|     32520192.36|         23|00:00:10|+0.01|0.10|0.9237|
|.|         13|         16|        198|     32566434.08|         23|00:00:00|-0.01|0.08|0.9385|
|.|         16|         16|        198|     32580801.54|         23|00:00:00|-0.01|0.07|0.9449|
|.|          1|         16|        198|     32594532.64|         23|00:00:00|-0.02|0.05|0.9534|
|x|         24|         16|        198|     32584665.00|         30|00:00:10|-0.02|0.04|0.9567|
|.|          6|         16|        198|     32591902.38|         30|00:00:00|-0.00|0.06|0.9358|
|x|         27|         16|        198|     32587161.82|         40|00:00:10|+0.00|0.06|0.9345|
|x|         21|         16|        198|     32588891.44|         43|00:00:10|+0.01|0.06|0.9334|
|x|         20|         16|        198|     32600371.47|         46|00:00:10|+0.00|0.05|0.9389|
|.|         14|         16|        198|     32593986.70|         46|00:00:00|+0.00|0.05|0.9341|
|x|         28|         16|        198|     32580426.29|         56|00:00:10|+0.01|0.06|0.9268|
|.|          4|         16|        198|     32581042.14|         56|00:00:00|+0.00|0.05|0.9364|
|.|         10|         16|        198|     32586577.52|         56|00:00:00|+0.00|0.05|0.9375|
|x|         23|         16|        198|     32598445.12|         63|00:00:10|+0.01|0.05|0.9303|
|.|         15|         16|        198|     32583712.24|         63|00:00:00|+0.01|0.05|0.9298|
|.|          8|         16|        198|     32582549.15|         63|00:00:00|+0.02|0.06|0.9220|
|x|         17|         16|        198|     32591974.07|         64|00:00:10|+0.03|0.06|0.9128|
|.|          2|         16|        198|     32596530.89|         64|00:00:00|+0.02|0.06|0.9146|
|-|         29|         11|        198|     32598754.72|         80|00:00:20|-0.01|0.03|0.9201|
|=|         30|         11|        198|     32603058.27|         91|00:00:20|-0.01|0.02|0.9240|
|=|         31|         11|        198|     32617327.19|        102|00:00:20|-0.01|0.02|0.9201|
|=|         32|         11|        198|     32615965.69|        113|00:00:20|-0.01|0.02|0.9241|
|=|         33|         11|        198|     32614794.39|        124|00:00:20|-0.01|0.02|0.9260|
|=|         34|         11|        244|     32609623.65|        135|00:00:20|-0.01|0.02|0.9211|
|=|         35|         11|        244|     32598478.54|        146|00:00:20|-0.01|0.02|0.9197|
|=|         36|         11|        244|     32605437.92|        157|00:00:20|-0.00|0.02|0.9154|
|=|         37|         11|        244|     32600874.24|        168|00:00:20|-0.00|0.03|0.9136|
|=|         38|         11|        244|     32597577.45|        179|00:00:20|+0.00|0.03|0.9108|
|=|         39|         11|        244|     32597619.15|        190|00:00:20|+0.00|0.03|0.9093|
|=|         40|         11|        244|     32594070.82|        201|00:00:20|+0.01|0.03|0.9078|
|=|         41|         11|        244|     32594441.63|        212|00:00:20|+0.00|0.03|0.9113|
|=|         42|         11|        244|     32588745.00|        223|00:00:20|+0.00|0.03|0.9102|
|=|         43|         11|        244|     32587204.44|        234|00:00:20|-0.00|0.02|0.9117|
|=|         44|         11|        244|     32594003.41|        245|00:00:20|-0.00|0.02|0.9134|
|=|         45|         11|        244|     32593396.44|        256|00:00:20|+0.00|0.02|0.9105|
|=|         46|         11|        244|     32586341.30|        267|00:00:20|+0.00|0.02|0.9103|
|=|         47|         11|        244|     32587781.30|        278|00:00:20|-0.00|0.02|0.9133|
|=|         48|         11|        244|     32589648.77|        289|00:00:20|-0.00|0.02|0.9146|
|=|         49|         11|        244|     32588801.86|        300|00:00:20|-0.00|0.02|0.9123|
|=|         50|         11|        244|     32593632.28|        311|00:00:20|-0.00|0.02|0.9115|
|=|         51|         11|        244|     32597446.96|        322|00:00:20|+0.00|0.02|0.9097|
|=|         52|         11|        244|     32603040.54|        333|00:00:20|+0.00|0.02|0.9105|
|=|         53|         11|        244|     32608199.15|        344|00:00:20|+0.00|0.02|0.9093|
|=|         54|         11|        244|     32609869.91|        355|00:00:20|+0.00|0.02|0.9123|
|=|         55|         11|        244|     32611100.00|        366|00:00:20|+0.00|0.02|0.9115|
|=|         56|         11|        244|     32612280.27|        377|00:00:20|+0.00|0.02|0.9093|
|=|         57|         11|        244|     32609484.04|        388|00:00:20|+0.01|0.02|0.9075|
|=|         58|         11|        244|     32607903.98|        399|00:00:20|+0.01|0.02|0.9074|
|=|         59|         11|        244|     32608044.63|        410|00:00:20|+0.01|0.02|0.9063|
|=|         60|         11|        244|     32608430.47|        421|00:00:20|+0.01|0.02|0.9060|
+-+-----------+-----------+-----------+----------------+-----------+--------+-----+----+------+
Best-so-far configuration:         244    mean value:      32608430.47
Description of the best-so-far configuration:
    .ID. algorithm localsearch alpha beta  rho ants   q0 rasrank elitistants
244  244       acs           3  3.05 1.74 0.31   50 0.17      NA          NA
    nnls dlb .PARENT.
244    7   0      229

# 2025-09-08 22:40:38 -03: Elite configurations (first number is the configuration ID; listed from best to worst according to the sum of ranks):
    algorithm localsearch alpha beta  rho ants   q0 rasrank elitistants nnls
244       acs           3  3.05 1.74 0.31   50 0.17      NA          NA    7
194       acs           3  2.73 3.18 0.37   51 0.36      NA          NA    7
203       acs           3  3.28 1.77 0.27   51 0.07      NA          NA    9
198       acs           3  3.06 1.60 0.28   49 0.12      NA          NA    9
229       acs           3  3.15 1.73 0.28   49 0.18      NA          NA    7
    dlb
244   0
194   0
203   0
198   0
229   0
# Total CPU user time: 29302.54, CPU sys time: 224.122, Wall-clock time: 4481.415
    .ID. algorithm localsearch alpha beta  rho ants   q0 rasrank elitistants
244  244       acs           3  3.05 1.74 0.31   50 0.17      NA          NA
194  194       acs           3  2.73 3.18 0.37   51 0.36      NA          NA
203  203       acs           3  3.28 1.77 0.27   51 0.07      NA          NA
198  198       acs           3  3.06 1.60 0.28   49 0.12      NA          NA
229  229       acs           3  3.15 1.73 0.28   49 0.18      NA          NA
    nnls dlb .PARENT. .RANK.   .WEIGHT.
244    7   0      229    309 0.33333333
194    7   0      157    322 0.26666667
203    9   0      198    333 0.20000000
198    9   0      132    342 0.13333333
229    7   0      198    364 0.06666667
