# 2025-10-13 21:31:49 -03: Reading parameter file '/home/pestobar/Activities/irace-test-executions/PSO-X-withRanking/Scenarios/BH-64/Runs/BH-65_seed_1500311/parameters.txt'.
# 2025-10-13 21:31:49 -03: 2 expression(s) specifying forbidden configurations read.
# 2025-10-13 21:31:49 -03: Initialization
# Elitist race
# Elitist new instances: 1
# Elitist limit: 2
# nbIterations: 5
# minNbSurvival: 5
# nbParameters: 8
# seed: 1500311
# confidence level: 0.95
# budget: 4000
# mu: 5
# deterministic: FALSE

# 2025-10-13 21:31:49 -03: Iteration 1 of 5
# experimentsUsed: 0
# remainingBudget: 4000
# currentBudget: 800
# nbConfigurations: 65
# Markers:
     x No test is performed.
     c Configurations are discarded only due to capping.
     - The test is performed and some configurations are discarded.
     = The test is performed but no configuration is discarded.
     ! The test is performed and configurations could be discarded but elite configurations are preserved.
     . All alive configurations are elite and nothing is discarded.

+-+-----------+-----------+-----------+----------------+-----------+--------+-----+----+------+
| |   Instance|      Alive|       Best|       Mean best| Exp so far|  W time|  rho|KenW|  Qvar|
+-+-----------+-----------+-----------+----------------+-----------+--------+-----+----+------+
|x|          1|         65|         64|    0.6236004377|         65|00:00:35|   NA|  NA|    NA|
|x|          2|         65|         49|     417.4066060|        130|00:03:45|+0.59|0.79|0.2832|
|x|          3|         65|          6|     333.0282263|        195|00:00:35|+0.59|0.73|0.4484|
|x|          4|         65|          6|     256.9380200|        260|00:00:33|+0.64|0.73|0.3825|
|-|          5|         22|          6|     250.1214305|        325|00:03:42|-0.08|0.14|1.0726|
|=|          6|         22|          6|     356.2772281|        347|00:01:35|-0.02|0.15|1.0295|
|=|          7|         22|          6|     363.3619687|        369|00:01:25|+0.01|0.15|0.9851|
+-+-----------+-----------+-----------+----------------+-----------+--------+-----+----+------+
Best-so-far configuration:           6    mean value:      363.3619687
Description of the best-so-far configuration:
  .ID. particles topology modInfluence branching tSchedule phi1 phi2 inertia
6    6       164        4            0        NA        NA  1.1 2.48    0.63
  .PARENT.
6       NA

# 2025-10-13 21:44:03 -03: Elite configurations (first number is the configuration ID; listed from best to worst according to the sum of ranks):
   particles topology modInfluence branching tSchedule phi1 phi2 inertia
6        164        4            0        NA        NA 1.10 2.48    0.63
59       118        4            2        NA        NA 0.21 1.66    0.73
19       183        1            0        NA        NA 2.28 2.09    0.72
52       155        4            2        NA        NA 0.99 1.82    0.68
65        82        1            1        NA        NA 2.06 1.64    0.85
# 2025-10-13 21:44:03 -03: Iteration 2 of 5
# experimentsUsed: 369
# remainingBudget: 3631
# currentBudget: 907
# nbConfigurations: 65
# Markers:
     x No test is performed.
     c Configurations are discarded only due to capping.
     - The test is performed and some configurations are discarded.
     = The test is performed but no configuration is discarded.
     ! The test is performed and configurations could be discarded but elite configurations are preserved.
     . All alive configurations are elite and nothing is discarded.

+-+-----------+-----------+-----------+----------------+-----------+--------+-----+----+------+
| |   Instance|      Alive|       Best|       Mean best| Exp so far|  W time|  rho|KenW|  Qvar|
+-+-----------+-----------+-----------+----------------+-----------+--------+-----+----+------+
|x|          8|         65|         67|     32.65052427|         65|00:00:31|   NA|  NA|    NA|
|x|          4|         65|        107|     63.55026427|        125|00:00:28|+0.54|0.77|0.6416|
|x|          7|         65|         67|     163.9968588|        185|00:03:18|+0.48|0.66|0.5265|
|x|          5|         65|          6|     176.2453943|        245|00:03:19|+0.45|0.59|0.5232|
|-|          3|         18|          6|     158.5852040|        305|00:00:29|+0.11|0.29|0.7080|
|-|          6|         10|          6|     279.9970393|        318|00:01:04|+0.21|0.34|0.6563|
|=|          1|         10|          6|     240.1411365|        323|00:00:01|+0.11|0.24|0.7062|
|=|          2|         10|          6|     323.8903090|        328|00:00:29|+0.10|0.22|0.7131|
|-|          9|          6|          6|     354.0140937|        338|00:00:29|-0.02|0.09|0.7605|
|=|         10|          6|          6|     1042.328110|        344|00:00:01|+0.01|0.11|0.7350|
|=|         11|          6|          6|     947.7664158|        350|00:00:01|+0.02|0.11|0.7469|
+-+-----------+-----------+-----------+----------------+-----------+--------+-----+----+------+
Best-so-far configuration:           6    mean value:      947.7664158
Description of the best-so-far configuration:
  .ID. particles topology modInfluence branching tSchedule phi1 phi2 inertia
6    6       164        4            0        NA        NA  1.1 2.48    0.63
  .PARENT.
6       NA

# 2025-10-13 21:54:18 -03: Elite configurations (first number is the configuration ID; listed from best to worst according to the sum of ranks):
   particles topology modInfluence branching tSchedule phi1 phi2 inertia
6        164        4            0        NA        NA 1.10 2.48    0.63
67        96        1            0        NA        NA 2.31 2.36    0.69
75       192        5            0        NA         4 1.86 1.57    0.69
71       153        4            0        NA        NA 1.58 2.00    0.66
95        88        1            0        NA        NA 0.59 2.41    0.65
# 2025-10-13 21:54:18 -03: Iteration 3 of 5
# experimentsUsed: 719
# remainingBudget: 3281
# currentBudget: 1093
# nbConfigurations: 65
# Markers:
     x No test is performed.
     c Configurations are discarded only due to capping.
     - The test is performed and some configurations are discarded.
     = The test is performed but no configuration is discarded.
     ! The test is performed and configurations could be discarded but elite configurations are preserved.
     . All alive configurations are elite and nothing is discarded.

+-+-----------+-----------+-----------+----------------+-----------+--------+-----+----+------+
| |   Instance|      Alive|       Best|       Mean best| Exp so far|  W time|  rho|KenW|  Qvar|
+-+-----------+-----------+-----------+----------------+-----------+--------+-----+----+------+
|x|         12|         65|        179|     7204.353563|         65|00:00:12|   NA|  NA|    NA|
|x|          7|         65|         95|     6417.096898|        125|00:02:55|+0.22|0.61|0.4928|
|x|          3|         65|        127|     5702.105939|        185|00:00:12|+0.35|0.57|0.4966|
|x|          5|         65|        127|     4340.742917|        245|00:02:57|+0.43|0.57|0.4787|
|-|          2|         19|         95|     2820.232116|        305|00:03:00|+0.03|0.23|0.8624|
|=|         11|         19|          6|     4779.339054|        319|00:00:02|+0.08|0.23|0.8162|
|=|          6|         19|          6|     4223.298649|        333|00:01:03|+0.09|0.22|0.8210|
|-|         10|         15|          6|     4600.030599|        347|00:00:03|-0.03|0.10|0.9140|
|=|          8|         15|        133|     3127.128951|        357|00:00:01|+0.00|0.11|0.8768|
|=|          9|         15|          6|     3744.283786|        367|00:00:29|-0.03|0.07|0.9071|
|=|          4|         15|        133|     2617.615515|        377|00:00:01|-0.02|0.08|0.9063|
|=|          1|         15|        133|     2399.567170|        387|00:00:01|-0.01|0.08|0.9109|
|=|         13|         15|        127|     2100.493643|        402|00:00:02|-0.00|0.08|0.9149|
+-+-----------+-----------+-----------+----------------+-----------+--------+-----+----+------+
Best-so-far configuration:         127    mean value:      2100.493643
Description of the best-so-far configuration:
    .ID. particles topology modInfluence branching tSchedule phi1 phi2 inertia
127  127       132        4            0        NA        NA 1.88 2.18    0.66
    .PARENT.
127        6

# 2025-10-13 22:05:21 -03: Elite configurations (first number is the configuration ID; listed from best to worst according to the sum of ranks):
    particles topology modInfluence branching tSchedule phi1 phi2 inertia
127       132        4            0        NA        NA 1.88 2.18    0.66
133       127        4            0        NA        NA 1.62 2.07    0.74
142        63        4            0        NA        NA 2.32 1.95    0.63
6         164        4            0        NA        NA 1.10 2.48    0.63
67         96        1            0        NA        NA 2.31 2.36    0.69
# 2025-10-13 22:05:21 -03: Iteration 4 of 5
# experimentsUsed: 1121
# remainingBudget: 2879
# currentBudget: 1439
# nbConfigurations: 65
# Markers:
     x No test is performed.
     c Configurations are discarded only due to capping.
     - The test is performed and some configurations are discarded.
     = The test is performed but no configuration is discarded.
     ! The test is performed and configurations could be discarded but elite configurations are preserved.
     . All alive configurations are elite and nothing is discarded.

+-+-----------+-----------+-----------+----------------+-----------+--------+-----+----+------+
| |   Instance|      Alive|       Best|       Mean best| Exp so far|  W time|  rho|KenW|  Qvar|
+-+-----------+-----------+-----------+----------------+-----------+--------+-----+----+------+
|x|         14|         65|        186|     2937992.660|         65|00:00:09|   NA|  NA|    NA|
|x|          5|         65|        186|     1469118.587|        125|00:02:53|+0.13|0.57|0.1954|
|x|         10|         65|        218|     4377794.562|        185|00:00:09|+0.24|0.50|0.1414|
|x|         13|         65|        199|     3113669.036|        245|00:00:08|+0.33|0.50|0.2156|
|-|          2|         30|        199|     2491117.020|        305|00:02:56|-0.09|0.13|1.0487|
|=|          9|         30|        199|     2076033.757|        330|00:01:27|-0.07|0.11|1.0185|
|=|          6|         30|        219|     3826283.516|        355|00:01:35|-0.10|0.06|1.0196|
|=|          1|         30|        199|     1557139.586|        380|00:00:03|-0.05|0.08|0.9764|
|=|          7|         30|        199|     1384168.025|        405|00:01:25|-0.01|0.11|0.9437|
|=|         12|         30|        199|     1248230.333|        430|00:00:03|-0.02|0.08|0.9667|
|=|          4|         30|        199|     1134757.392|        455|00:00:03|+0.01|0.10|0.9406|
|=|          8|         30|        199|     1040196.395|        480|00:00:04|+0.02|0.10|0.9283|
|=|          3|         30|        199|     960189.4761|        505|00:00:03|+0.01|0.08|0.9285|
|=|         11|         30|        199|     891604.5487|        530|00:00:02|+0.02|0.09|0.9162|
|-|         15|         17|        199|     946955.6095|        560|00:00:03|-0.03|0.04|0.9675|
|=|         16|         17|        232|     1486733.690|        577|00:00:02|-0.03|0.03|0.9608|
|=|         17|         17|        232|     1408248.575|        594|00:00:02|-0.02|0.04|0.9584|
+-+-----------+-----------+-----------+----------------+-----------+--------+-----+----+------+
Best-so-far configuration:         232    mean value:      1408248.575
Description of the best-so-far configuration:
    .ID. particles topology modInfluence branching tSchedule phi1 phi2 inertia
232  232       125        4            0        NA        NA 2.11 2.15    0.67
    .PARENT.
232      127

# 2025-10-13 22:16:39 -03: Elite configurations (first number is the configuration ID; listed from best to worst according to the sum of ranks):
    particles topology modInfluence branching tSchedule phi1 phi2 inertia
232       125        4            0        NA        NA 2.11 2.15    0.67
199        76        4            0        NA        NA 2.48 2.27    0.66
127       132        4            0        NA        NA 1.88 2.18    0.66
192       114        4            0        NA        NA 1.90 2.23    0.56
219       121        4            0        NA        NA 1.75 2.10    0.62
# 2025-10-13 22:16:39 -03: Iteration 5 of 5
# experimentsUsed: 1715
# remainingBudget: 2285
# currentBudget: 2285
# nbConfigurations: 65
# Markers:
     x No test is performed.
     c Configurations are discarded only due to capping.
     - The test is performed and some configurations are discarded.
     = The test is performed but no configuration is discarded.
     ! The test is performed and configurations could be discarded but elite configurations are preserved.
     . All alive configurations are elite and nothing is discarded.

+-+-----------+-----------+-----------+----------------+-----------+--------+-----+----+------+
| |   Instance|      Alive|       Best|       Mean best| Exp so far|  W time|  rho|KenW|  Qvar|
+-+-----------+-----------+-----------+----------------+-----------+--------+-----+----+------+
|x|         18|         65|        302|     15424.66486|         65|00:00:11|   NA|  NA|    NA|
|x|          3|         65|        293|     7980.459801|        125|00:00:08|+0.27|0.64|0.2244|
|x|         13|         65|        261|     5480.174552|        185|00:00:07|+0.30|0.53|0.1712|
|x|         14|         65|        293|     1939606.750|        245|00:00:08|+0.18|0.38|0.2552|
|-|          8|         42|        287|     2469382.600|        305|00:00:10|-0.07|0.14|1.0558|
|=|          4|         42|        293|     1293084.767|        342|00:00:04|-0.02|0.15|1.0077|
|=|          6|         42|        304|     1630124.416|        379|00:02:08|+0.00|0.15|0.9741|
|=|          9|         42|        293|     969995.5470|        416|00:01:54|-0.03|0.10|0.9995|
|=|          7|         42|        293|     862271.3784|        453|00:01:53|-0.03|0.08|1.0155|
|=|         12|         42|        293|     777748.4821|        490|00:00:04|-0.01|0.09|0.9923|
|=|          1|         42|        293|     707044.1585|        527|00:00:05|-0.02|0.08|0.9999|
|=|         11|         42|        293|     648123.8585|        564|00:00:03|+0.00|0.09|0.9791|
|=|         17|         42|        293|     604561.4477|        601|00:00:04|-0.00|0.08|0.9826|
|=|          5|         42|        293|     561398.3855|        638|00:01:55|+0.01|0.08|0.9751|
|=|         15|         42|        293|     608842.2633|        675|00:00:04|+0.02|0.08|0.9646|
|=|         10|         42|        293|     571253.9726|        712|00:00:05|+0.01|0.07|0.9705|
|=|          2|         42|        293|     537704.2758|        749|00:01:57|+0.02|0.08|0.9623|
|=|         16|         42|        293|     507836.4819|        786|00:00:05|+0.01|0.07|0.9708|
|-|         19|         17|        293|     481108.2495|        828|00:00:05|-0.01|0.04|0.9578|
|=|         20|         17|        293|     457052.8729|        845|00:00:17|-0.01|0.04|0.9544|
|=|         21|         17|        293|     435297.5890|        862|00:00:02|-0.00|0.04|0.9514|
+-+-----------+-----------+-----------+----------------+-----------+--------+-----+----+------+
Best-so-far configuration:         293    mean value:      435297.5890
Description of the best-so-far configuration:
    .ID. particles topology modInfluence branching tSchedule phi1 phi2 inertia
293  293        65        4            0        NA        NA 2.44 2.35    0.59
    .PARENT.
293      199

# 2025-10-13 22:28:18 -03: Elite configurations (first number is the configuration ID; listed from best to worst according to the sum of ranks):
    particles topology modInfluence branching tSchedule phi1 phi2 inertia
293        65        4            0        NA        NA 2.44 2.35    0.59
302        74        4            0        NA        NA 2.31 2.17    0.67
247        85        4            0        NA        NA 2.39 2.40    0.62
248       118        4            0        NA        NA 1.96 2.39    0.54
253        86        4            0        NA        NA 2.26 2.34    0.59
# 2025-10-13 22:28:18 -03: Iteration 6 of 6
# experimentsUsed: 2577
# remainingBudget: 1423
# currentBudget: 1423
# nbConfigurations: 65
# Markers:
     x No test is performed.
     c Configurations are discarded only due to capping.
     - The test is performed and some configurations are discarded.
     = The test is performed but no configuration is discarded.
     ! The test is performed and configurations could be discarded but elite configurations are preserved.
     . All alive configurations are elite and nothing is discarded.

+-+-----------+-----------+-----------+----------------+-----------+--------+-----+----+------+
| |   Instance|      Alive|       Best|       Mean best| Exp so far|  W time|  rho|KenW|  Qvar|
+-+-----------+-----------+-----------+----------------+-----------+--------+-----+----+------+
|x|         22|         65|        336|     541.8515285|         65|00:03:20|   NA|  NA|    NA|
|x|         15|         65|        336|     574378.6472|        125|00:00:07|+0.44|0.72|0.8731|
|x|          1|         65|        357|     340179.9565|        185|00:00:08|+0.47|0.65|0.6856|
|x|          3|         65|        321|     325406.1020|        245|00:00:07|+0.05|0.29|0.9556|
|-|         18|         37|        362|     265183.2832|        305|00:00:10|-0.04|0.16|0.9498|
|=|          7|         37|        362|     221065.6180|        337|00:01:53|-0.06|0.12|1.0071|
|=|         16|         37|        362|     189495.3906|        369|00:00:05|-0.05|0.10|1.0177|
|=|         12|         37|        362|     169281.9144|        401|00:00:04|-0.05|0.08|1.0033|
|=|          5|         37|        362|     150503.2460|        433|00:01:53|-0.05|0.06|0.9858|
|=|          9|         37|        362|     135510.5296|        465|00:01:55|-0.05|0.05|0.9913|
|=|          2|         37|        362|     123274.0255|        497|00:01:56|-0.04|0.05|0.9921|
|=|         21|         37|        348|     101004.6770|        529|00:00:04|-0.03|0.06|0.9607|
|=|         17|         37|        293|     106994.6072|        561|00:00:04|-0.01|0.06|0.9612|
|=|         13|         37|        348|     96164.27663|        593|00:00:04|-0.01|0.06|0.9345|
|=|          4|         37|        293|     92735.88295|        625|00:00:04|-0.01|0.06|0.9435|
|=|         19|         37|        311|     95859.54667|        657|00:00:04|+0.00|0.07|0.9470|
|=|         11|         37|        311|     90220.78194|        689|00:00:03|+0.01|0.07|0.9250|
|=|         10|         37|        348|     75197.56291|        721|00:00:05|+0.00|0.06|0.9086|
|=|          8|         37|        293|     73606.89958|        753|00:00:06|-0.00|0.05|0.9050|
|=|         14|         37|        293|     457045.3909|        785|00:00:05|+0.00|0.05|0.9208|
|=|          6|         37|        293|     435323.9405|        817|00:02:07|+0.01|0.05|0.9038|
|=|         20|         37|        293|     415536.5213|        849|00:00:35|+0.01|0.05|0.8885|
|=|         23|         37|        348|     567929.0110|        886|00:00:03|+0.01|0.05|0.9090|
+-+-----------+-----------+-----------+----------------+-----------+--------+-----+----+------+
Best-so-far configuration:         348    mean value:      567929.0110
Description of the best-so-far configuration:
    .ID. particles topology modInfluence branching tSchedule phi1 phi2 inertia
348  348        67        4            0        NA        NA 2.44 2.38    0.56
    .PARENT.
348      293

# 2025-10-13 22:43:30 -03: Elite configurations (first number is the configuration ID; listed from best to worst according to the sum of ranks):
    particles topology modInfluence branching tSchedule phi1 phi2 inertia
348        67        4            0        NA        NA 2.44 2.38    0.56
293        65        4            0        NA        NA 2.44 2.35    0.59
346        86        4            0        NA        NA 2.30 2.49    0.63
362        67        4            0        NA        NA 2.38 2.47    0.59
311        65        4            0        NA        NA 2.24 2.44    0.57
# 2025-10-13 22:43:30 -03: Stopped because there is not enough budget to enforce the value of nbConfigurations.
# Iteration: 7
# nbIterations: 7
# experimentsUsed: 3463
# timeUsed: 0
# remainingBudget: 537
# currentBudget: 537
# number of elites: 5
# nbConfigurations: 27
# Total CPU user time: 37555.2, CPU sys time: 164.608, Wall-clock time: 4301.618
# 2025-10-13 22:43:30 -03: Starting post-selection:
# Configurations selected: 348, 293, 346, 362, 311, 302, 247, 248, 253, 232, 199, 127, 192, 219, 133, 142.
# Pending instances: 1, 1, 1, 1, 1, 1, 1, 1, 1, 3, 3, 5, 5, 5, 7, 7.
# 2025-10-13 22:43:31 -03: seed: 1500311
# Configurations: 16
# Available experiments: 537
# minSurvival: 1
# Markers:
     x No test is performed.
     c Configurations are discarded only due to capping.
     - The test is performed and some configurations are discarded.
     = The test is performed but no configuration is discarded.
     ! The test is performed and configurations could be discarded but elite configurations are preserved.
     . All alive configurations are elite and nothing is discarded.

+-+-----------+-----------+-----------+----------------+-----------+--------+-----+----+------+
| |   Instance|      Alive|       Best|       Mean best| Exp so far|  W time|  rho|KenW|  Qvar|
+-+-----------+-----------+-----------+----------------+-----------+--------+-----+----+------+
|.|         17|         16|        293|     81812.51772|          0|00:00:00|   NA|  NA|    NA|
|.|          9|         16|        293|     41186.67767|          0|00:00:00|+0.39|0.70|0.5625|
|.|          5|         16|        293|     27550.64432|          0|00:00:00|+0.03|0.35|0.8785|
|.|         12|         16|        293|     24923.58711|          0|00:00:00|+0.09|0.32|0.8480|
|x|         22|         16|        311|     25823.07236|          7|00:00:28|+0.04|0.23|0.9316|
|.|         14|         16|        311|     1917822.187|          7|00:00:00|+0.13|0.27|0.8685|
|.|          3|         16|        311|     1643869.015|          7|00:00:00|+0.07|0.20|0.8906|
|.|         16|         16|        311|     1438399.568|          7|00:00:00|+0.01|0.14|0.9392|
|.|          2|         16|        311|     1278678.370|          7|00:00:00|+0.04|0.14|0.9364|
|x|         21|         16|        293|     784388.4694|         12|00:00:01|+0.03|0.12|0.9395|
|.|         11|         16|        293|     713080.4775|         12|00:00:00|+0.05|0.14|0.9192|
|x|         20|         16|        311|     959024.9742|         17|00:00:08|+0.06|0.14|0.9186|
|x|         19|         16|        311|     885253.8274|         19|00:00:01|+0.10|0.17|0.8952|
|x|         23|         16|        311|     822021.6698|         26|00:00:01|+0.12|0.19|0.8678|
|.|         15|         16|        311|     859659.0261|         26|00:00:00|+0.14|0.20|0.8415|
|.|          6|         16|        311|     805988.7817|         26|00:00:00|+0.11|0.16|0.8610|
|.|          1|         16|        311|     758577.7284|         26|00:00:00|+0.13|0.18|0.8376|
|.|          8|         16|        311|     716441.1245|         26|00:00:00|+0.09|0.14|0.8623|
|.|          7|         16|        311|     678758.8119|         26|00:00:00|+0.07|0.12|0.8831|
|x|         18|         16|        348|     652751.9867|         28|00:00:01|+0.07|0.12|0.8815|
|.|         13|         16|        348|     621671.9801|         28|00:00:00|+0.07|0.12|0.8778|
|.|         10|         16|        348|     593742.6016|         28|00:00:00|+0.05|0.09|0.8974|
|.|          4|         16|        348|     567929.0110|         28|00:00:00|+0.05|0.09|0.9029|
|-|         24|         12|        348|     544266.0871|         44|00:00:04|-0.00|0.04|0.9118|
|=|         25|         12|        293|     365677.2761|         56|00:00:01|-0.00|0.04|0.9083|
|=|         26|         12|        348|     502438.2950|         68|00:00:02|-0.00|0.04|0.9049|
|=|         27|         12|        348|     483838.4175|         80|00:00:56|-0.00|0.03|0.9097|
|=|         28|         12|        348|     470213.2691|         92|00:00:02|-0.00|0.03|0.9065|
|=|         29|         12|        346|     396040.5315|        104|00:00:02|-0.00|0.03|0.9075|
|=|         30|         12|        346|     383365.3896|        116|00:00:02|-0.00|0.03|0.9054|
|=|         31|         12|        346|     371028.1001|        128|00:00:58|-0.00|0.03|0.9079|
|=|         32|         12|        346|     359434.3910|        140|00:00:02|-0.00|0.03|0.9060|
|=|         33|         12|        346|     348561.5432|        152|00:00:02|+0.00|0.03|0.9034|
|=|         34|         12|        362|     337627.2649|        164|00:00:26|-0.00|0.03|0.9086|
|=|         35|         12|        362|     327985.5382|        176|00:00:02|+0.00|0.03|0.9071|
|=|         36|         12|        346|     319545.4350|        188|00:00:58|-0.00|0.02|0.9098|
|=|         37|         12|        346|     310909.2217|        200|00:00:02|+0.00|0.03|0.9070|
|=|         38|         12|        346|     302728.1336|        212|00:00:03|+0.00|0.03|0.9040|
|=|         39|         12|        346|     294966.3258|        224|00:00:02|+0.01|0.03|0.9027|
|=|         40|         12|        346|     287613.7973|        236|00:00:34|+0.00|0.03|0.9048|
|=|         41|         12|        362|     280033.5612|        248|00:00:03|+0.00|0.03|0.9060|
|=|         42|         12|        362|     273366.1341|        260|00:00:02|+0.01|0.03|0.9059|
|=|         43|         12|        346|     267549.0725|        272|00:00:02|+0.00|0.03|0.9076|
|=|         44|         12|        346|     261471.0654|        284|00:00:02|+0.01|0.03|0.9030|
|=|         45|         12|        293|     206368.0553|        296|00:00:01|+0.01|0.03|0.9001|
|=|         46|         12|        293|     201884.3609|        308|00:00:02|+0.01|0.03|0.8989|
|=|         47|         12|        362|     244290.8166|        320|00:00:27|+0.01|0.03|0.8995|
|=|         48|         12|        362|     239201.5064|        332|00:00:02|+0.02|0.04|0.8967|
|-|         49|          9|        362|     234319.8613|        344|00:00:01|-0.00|0.02|0.8860|
|=|         50|          9|        362|     229633.7191|        353|00:00:01|-0.00|0.02|0.8856|
|=|         51|          9|        362|     225131.7315|        362|00:00:01|-0.00|0.02|0.8847|
|=|         52|          9|        362|     220807.3881|        371|00:00:28|-0.00|0.02|0.8858|
|=|         53|          9|        362|     216643.2036|        380|00:00:01|-0.00|0.02|0.8876|
|=|         54|          9|        362|     212631.9108|        389|00:00:13|-0.01|0.01|0.8897|
|=|         55|          9|        362|     208767.3358|        398|00:00:01|-0.01|0.01|0.8881|
|=|         56|          9|        362|     205039.7152|        407|00:00:14|-0.00|0.01|0.8873|
|=|         57|          9|        362|     201458.4714|        416|00:00:30|-0.00|0.01|0.8859|
|=|         58|          9|        362|     197986.9350|        425|00:00:01|-0.00|0.02|0.8852|
|=|         59|          9|        362|     194632.8372|        434|00:00:01|-0.00|0.02|0.8847|
|=|         60|          9|        346|     397816.6385|        443|00:00:01|-0.00|0.02|0.8858|
|=|         61|          9|        346|     391309.7201|        452|00:00:31|-0.00|0.01|0.8865|
|=|         62|          9|        346|     384998.5467|        461|00:00:01|-0.00|0.01|0.8855|
|=|         63|          9|        346|     378887.7465|        470|00:00:01|-0.00|0.01|0.8866|
|=|         64|          9|        346|     372967.7256|        479|00:00:01|-0.00|0.01|0.8872|
|=|         65|          9|        346|     367231.6909|        488|00:00:01|-0.00|0.01|0.8895|
|=|         66|          9|        346|     361667.8905|        497|00:00:01|-0.00|0.01|0.8883|
|=|         67|          9|        362|     457616.3134|        506|00:00:01|-0.00|0.01|0.8886|
|=|         68|          9|        362|     450886.6754|        515|00:00:01|-0.00|0.01|0.8891|
|=|         69|          9|        362|     444360.3993|        524|00:00:29|-0.00|0.01|0.8907|
|=|         70|          9|        362|     438119.2093|        533|00:00:01|-0.00|0.01|0.8912|
+-+-----------+-----------+-----------+----------------+-----------+--------+-----+----+------+
Best-so-far configuration:         362    mean value:      438119.2093
Description of the best-so-far configuration:
    .ID. particles topology modInfluence branching tSchedule phi1 phi2 inertia
362  362        67        4            0        NA        NA 2.38 2.47    0.59
    .PARENT.
362      293

# 2025-10-13 22:52:11 -03: Elite configurations (first number is the configuration ID; listed from best to worst according to the sum of ranks):
    particles topology modInfluence branching tSchedule phi1 phi2 inertia
362        67        4            0        NA        NA 2.38 2.47    0.59
346        86        4            0        NA        NA 2.30 2.49    0.63
293        65        4            0        NA        NA 2.44 2.35    0.59
348        67        4            0        NA        NA 2.44 2.38    0.56
311        65        4            0        NA        NA 2.24 2.44    0.57
# Total CPU user time: 41155.29, CPU sys time: 189.144, Wall-clock time: 4821.903
    .ID. particles topology modInfluence branching tSchedule phi1 phi2 inertia
362  362        67        4            0        NA        NA 2.38 2.47    0.59
346  346        86        4            0        NA        NA 2.30 2.49    0.63
293  293        65        4            0        NA        NA 2.44 2.35    0.59
348  348        67        4            0        NA        NA 2.44 2.38    0.56
311  311        65        4            0        NA        NA 2.24 2.44    0.57
    .PARENT. .RANK.   .WEIGHT.
362      293    325 0.33333333
346      247    328 0.26666667
293      199    335 0.20000000
348      293    339 0.13333333
311      293    357 0.06666667
