# 2025-09-19 06:51:35 -03: Reading parameter file '/home/dianag/PruebasPablo/irace-test-executions/ACOTSP-withRanking/Scenarios-2/BH-90/Runs/BH-90_seed_900149/parameters.txt'.
# 2025-09-19 06:51:35 -03: 1 expression(s) specifying forbidden configurations read.
# 2025-09-19 06:51:35 -03: Initialization
# Elitist race
# Elitist new instances: 1
# Elitist limit: 2
# nbIterations: 5
# minNbSurvival: 5
# nbParameters: 11
# seed: 900149
# confidence level: 0.95
# budget: 5500
# mu: 5
# deterministic: FALSE

# 2025-09-19 06:51:35 -03: Iteration 1 of 5
# experimentsUsed: 0
# remainingBudget: 5500
# currentBudget: 1100
# nbConfigurations: 90
# Markers:
     x No test is performed.
     c Configurations are discarded only due to capping.
     - The test is performed and some configurations are discarded.
     = The test is performed but no configuration is discarded.
     ! The test is performed and configurations could be discarded but elite configurations are preserved.
     . All alive configurations are elite and nothing is discarded.

+-+-----------+-----------+-----------+----------------+-----------+--------+-----+----+------+
| |   Instance|      Alive|       Best|       Mean best| Exp so far|  W time|  rho|KenW|  Qvar|
+-+-----------+-----------+-----------+----------------+-----------+--------+-----+----+------+
|x|          1|         90|         22|     32499146.00|         90|00:01:57|   NA|  NA|    NA|
|x|          2|         90|         56|     32626295.00|        180|00:01:55|+0.98|0.99|0.0014|
|x|          3|         90|         56|     32639388.67|        270|00:01:56|+0.99|0.99|0.0013|
|x|          4|         90|         56|     32526951.25|        360|00:01:56|+0.98|0.99|0.0013|
|-|          5|          6|         56|     32517183.20|        450|00:01:57|+0.23|0.39|0.5785|
|-|          6|          2|         56|     32513159.83|        456|00:00:10|+0.33|0.44|0.3333|
+-+-----------+-----------+-----------+----------------+-----------+--------+-----+----+------+
Best-so-far configuration:          56    mean value:      32513159.83
Description of the best-so-far configuration:
   .ID. algorithm localsearch alpha beta  rho ants   q0 rasrank elitistants
56   56       acs           3  1.59 4.93 0.96   61 0.63      NA          NA
   nnls dlb .PARENT.
56   19   1       NA

# 2025-09-19 07:01:30 -03: Elite configurations (first number is the configuration ID; listed from best to worst according to the sum of ranks):
   algorithm localsearch alpha beta  rho ants   q0 rasrank elitistants nnls dlb
56       acs           3  1.59 4.93 0.96   61 0.63      NA          NA   19   1
45       acs           3  4.25 6.49 0.19   28 0.35      NA          NA   14   0
# 2025-09-19 07:01:30 -03: Iteration 2 of 5
# experimentsUsed: 456
# remainingBudget: 5044
# currentBudget: 1261
# nbConfigurations: 90
# Markers:
     x No test is performed.
     c Configurations are discarded only due to capping.
     - The test is performed and some configurations are discarded.
     = The test is performed but no configuration is discarded.
     ! The test is performed and configurations could be discarded but elite configurations are preserved.
     . All alive configurations are elite and nothing is discarded.

+-+-----------+-----------+-----------+----------------+-----------+--------+-----+----+------+
| |   Instance|      Alive|       Best|       Mean best| Exp so far|  W time|  rho|KenW|  Qvar|
+-+-----------+-----------+-----------+----------------+-----------+--------+-----+----+------+
|x|          7|         90|        171|     33087796.00|         90|00:01:45|   NA|  NA|    NA|
|x|          3|         90|        171|     32825433.50|        178|00:01:44|+0.96|0.98|0.0028|
|x|          5|         90|        171|     32722781.67|        266|00:01:44|+0.97|0.98|0.0030|
|x|          2|         90|        171|     32715551.25|        354|00:01:44|+0.97|0.98|0.0029|
|-|          1|          8|        171|     32663423.40|        442|00:01:43|+0.43|0.55|0.4767|
|-|          4|          3|        171|     32574207.33|        448|00:00:10|+0.50|0.58|0.2242|
+-+-----------+-----------+-----------+----------------+-----------+--------+-----+----+------+
Best configuration for the instances in this race: 171
Best-so-far configuration:          56    mean value:      32603188.86
Description of the best-so-far configuration:
   .ID. algorithm localsearch alpha beta  rho ants   q0 rasrank elitistants
56   56       acs           3  1.59 4.93 0.96   61 0.63      NA          NA
   nnls dlb .PARENT.
56   19   1       NA

# 2025-09-19 07:10:23 -03: Elite configurations (first number is the configuration ID; listed from best to worst according to the sum of ranks):
    algorithm localsearch alpha beta  rho ants   q0 rasrank elitistants nnls
56        acs           3  1.59 4.93 0.96   61 0.63      NA          NA   19
45        acs           3  4.25 6.49 0.19   28 0.35      NA          NA   14
171       acs           3  2.79 6.59 0.35   56 0.76      NA          NA   23
    dlb
56    1
45    0
171   1
# 2025-09-19 07:10:23 -03: Iteration 3 of 5
# experimentsUsed: 904
# remainingBudget: 4596
# currentBudget: 1532
# nbConfigurations: 90
# Markers:
     x No test is performed.
     c Configurations are discarded only due to capping.
     - The test is performed and some configurations are discarded.
     = The test is performed but no configuration is discarded.
     ! The test is performed and configurations could be discarded but elite configurations are preserved.
     . All alive configurations are elite and nothing is discarded.

+-+-----------+-----------+-----------+----------------+-----------+--------+-----+----+------+
| |   Instance|      Alive|       Best|       Mean best| Exp so far|  W time|  rho|KenW|  Qvar|
+-+-----------+-----------+-----------+----------------+-----------+--------+-----+----+------+
|x|          8|         90|        180|     32529903.00|         90|00:01:54|   NA|  NA|    NA|
|x|          4|         90|        180|     32314646.00|        177|00:01:51|+0.97|0.99|0.0045|
|x|          5|         90|        180|     32356412.67|        264|00:01:55|+0.95|0.97|0.0044|
|x|          3|         90|        180|     32413560.25|        351|00:01:52|+0.96|0.97|0.0033|
|-|          2|          7|        180|     32469621.40|        438|00:01:52|+0.23|0.38|0.5751|
|!|          6|          7|        213|     32477126.50|        443|00:00:10|+0.23|0.36|0.6157|
|-|          7|          6|        213|     32555716.86|        447|00:00:10|+0.37|0.46|0.5224|
|-|          1|          4|        213|     32548552.38|        450|00:00:10|-0.05|0.08|0.8128|
+-+-----------+-----------+-----------+----------------+-----------+--------+-----+----+------+
Best-so-far configuration:         213    mean value:      32548552.38
Description of the best-so-far configuration:
    .ID. algorithm localsearch alpha beta  rho ants   q0 rasrank elitistants
213  213       acs           3  3.49  6.1 0.19   58 0.68      NA          NA
    nnls dlb .PARENT.
213   10   1      171

# 2025-09-19 07:20:21 -03: Elite configurations (first number is the configuration ID; listed from best to worst according to the sum of ranks):
    algorithm localsearch alpha beta  rho ants   q0 rasrank elitistants nnls
213       acs           3  3.49 6.10 0.19   58 0.68      NA          NA   10
171       acs           3  2.79 6.59 0.35   56 0.76      NA          NA   23
180       acs           3  2.20 4.89 0.91   56 0.67      NA          NA   19
234       acs           3  2.51 8.02 0.60   53 0.76      NA          NA   18
    dlb
213   1
171   1
180   1
234   1
# 2025-09-19 07:20:21 -03: Iteration 4 of 5
# experimentsUsed: 1354
# remainingBudget: 4146
# currentBudget: 2073
# nbConfigurations: 90
# Markers:
     x No test is performed.
     c Configurations are discarded only due to capping.
     - The test is performed and some configurations are discarded.
     = The test is performed but no configuration is discarded.
     ! The test is performed and configurations could be discarded but elite configurations are preserved.
     . All alive configurations are elite and nothing is discarded.

+-+-----------+-----------+-----------+----------------+-----------+--------+-----+----+------+
| |   Instance|      Alive|       Best|       Mean best| Exp so far|  W time|  rho|KenW|  Qvar|
+-+-----------+-----------+-----------+----------------+-----------+--------+-----+----+------+
|x|          9|         90|        268|     32354481.00|         90|00:01:44|   NA|  NA|    NA|
|x|          5|         90|        268|     32411951.50|        176|00:01:34|+0.89|0.95|0.0075|
|x|          7|         90|        268|     32629126.00|        262|00:01:34|+0.91|0.94|0.0059|
|x|          3|         90|        213|     32619731.50|        348|00:01:37|+0.91|0.93|0.0068|
|-|          4|         12|        282|     32517191.60|        434|00:01:36|-0.06|0.15|0.9618|
|=|          6|         12|        213|     32517855.83|        442|00:00:10|-0.02|0.15|0.9208|
|=|          8|         12|        213|     32525113.00|        450|00:00:10|+0.01|0.15|0.8830|
|=|          2|         12|        213|     32540578.00|        458|00:00:10|+0.02|0.14|0.8748|
|=|          1|         12|        213|     32535891.67|        466|00:00:10|+0.02|0.13|0.8514|
|=|         10|         12|        213|     32520756.90|        478|00:00:20|+0.04|0.14|0.8484|
+-+-----------+-----------+-----------+----------------+-----------+--------+-----+----+------+
Best-so-far configuration:         213    mean value:      32520756.90
Description of the best-so-far configuration:
    .ID. algorithm localsearch alpha beta  rho ants   q0 rasrank elitistants
213  213       acs           3  3.49  6.1 0.19   58 0.68      NA          NA
    nnls dlb .PARENT.
213   10   1      171

# 2025-09-19 07:29:31 -03: Elite configurations (first number is the configuration ID; listed from best to worst according to the sum of ranks):
    algorithm localsearch alpha beta  rho ants   q0 rasrank elitistants nnls
213       acs           3  3.49 6.10 0.19   58 0.68      NA          NA   10
277       acs           3  3.81 7.39 0.47   62 0.63      NA          NA   16
325       acs           3  1.37 4.08 0.80   43 0.55      NA          NA   12
171       acs           3  2.79 6.59 0.35   56 0.76      NA          NA   23
268       acs           3  3.77 7.53 0.09   46 0.62      NA          NA   10
    dlb
213   1
277   1
325   1
171   1
268   1
# 2025-09-19 07:29:31 -03: Iteration 5 of 5
# experimentsUsed: 1832
# remainingBudget: 3668
# currentBudget: 3668
# nbConfigurations: 90
# Markers:
     x No test is performed.
     c Configurations are discarded only due to capping.
     - The test is performed and some configurations are discarded.
     = The test is performed but no configuration is discarded.
     ! The test is performed and configurations could be discarded but elite configurations are preserved.
     . All alive configurations are elite and nothing is discarded.

+-+-----------+-----------+-----------+----------------+-----------+--------+-----+----+------+
| |   Instance|      Alive|       Best|       Mean best| Exp so far|  W time|  rho|KenW|  Qvar|
+-+-----------+-----------+-----------+----------------+-----------+--------+-----+----+------+
|x|         11|         90|        369|     32165643.00|         90|00:01:40|   NA|  NA|    NA|
|x|          5|         90|        213|     32329905.00|        175|00:01:33|+0.76|0.88|0.0039|
|x|          9|         90|        377|     32360993.33|        260|00:01:33|+0.77|0.85|0.0033|
|x|          8|         90|        384|     32409563.00|        345|00:01:33|+0.75|0.81|0.0044|
|-|          6|         32|        213|     32420463.60|        430|00:01:33|-0.10|0.12|1.0333|
|=|          7|         32|        213|     32521596.17|        457|00:00:31|-0.06|0.12|1.0127|
|=|          2|         32|        213|     32539772.86|        484|00:00:31|-0.03|0.12|0.9956|
|=|         10|         32|        213|     32520369.25|        511|00:00:31|+0.02|0.14|0.9484|
|=|          4|         32|        213|     32483546.33|        538|00:00:31|+0.00|0.11|0.9668|
|=|          1|         32|        213|     32485031.80|        565|00:00:31|+0.03|0.12|0.9401|
|=|          3|         32|        213|     32491436.36|        592|00:00:31|+0.03|0.12|0.9339|
|=|         12|         32|        277|     32494463.83|        624|00:00:41|+0.03|0.11|0.9231|
+-+-----------+-----------+-----------+----------------+-----------+--------+-----+----+------+
Best-so-far configuration:         277    mean value:      32494463.83
Description of the best-so-far configuration:
    .ID. algorithm localsearch alpha beta  rho ants   q0 rasrank elitistants
277  277       acs           3  3.81 7.39 0.47   62 0.63      NA          NA
    nnls dlb .PARENT.
277   16   1      171

# 2025-09-19 07:41:17 -03: Elite configurations (first number is the configuration ID; listed from best to worst according to the sum of ranks):
    algorithm localsearch alpha beta  rho ants   q0 rasrank elitistants nnls
277       acs           3  3.81 7.39 0.47   62 0.63      NA          NA   16
213       acs           3  3.49 6.10 0.19   58 0.68      NA          NA   10
371       acs           3  3.20 7.13 0.40   57 0.61      NA          NA   11
377       acs           3  4.32 7.44 0.37   63 0.72      NA          NA   10
381       acs           3  2.93 7.24 0.32   53 0.73      NA          NA   15
    dlb
277   1
213   1
371   1
377   1
381   1
# 2025-09-19 07:41:17 -03: Iteration 6 of 6
# experimentsUsed: 2456
# remainingBudget: 3044
# currentBudget: 3044
# nbConfigurations: 90
# Markers:
     x No test is performed.
     c Configurations are discarded only due to capping.
     - The test is performed and some configurations are discarded.
     = The test is performed but no configuration is discarded.
     ! The test is performed and configurations could be discarded but elite configurations are preserved.
     . All alive configurations are elite and nothing is discarded.

+-+-----------+-----------+-----------+----------------+-----------+--------+-----+----+------+
| |   Instance|      Alive|       Best|       Mean best| Exp so far|  W time|  rho|KenW|  Qvar|
+-+-----------+-----------+-----------+----------------+-----------+--------+-----+----+------+
|x|         13|         90|        381|     32752847.00|         90|00:01:34|   NA|  NA|    NA|
|x|          7|         90|        496|     32905948.00|        175|00:01:33|+0.41|0.70|0.3731|
|x|          6|         90|        496|     32751045.67|        260|00:01:33|+0.41|0.60|0.3685|
|x|          5|         90|        496|     32674291.25|        345|00:01:33|+0.44|0.58|0.3930|
|-|          3|         28|        496|     32645674.20|        430|00:01:33|-0.11|0.11|1.0610|
|=|          4|         28|        496|     32561289.17|        453|00:00:31|-0.09|0.09|1.0499|
|=|         12|         28|        496|     32553865.43|        476|00:00:30|-0.03|0.12|1.0029|
|=|         11|         28|        277|     32518700.12|        499|00:00:31|-0.05|0.08|1.0270|
|=|          9|         28|        277|     32511679.44|        522|00:00:31|-0.05|0.07|1.0249|
|=|          8|         28|        277|     32516278.40|        545|00:00:31|-0.03|0.07|1.0045|
|=|          1|         28|        277|     32510201.27|        568|00:00:31|-0.01|0.08|0.9852|
|=|          2|         28|        496|     32525300.33|        591|00:00:31|-0.01|0.07|0.9794|
|=|         10|         28|        496|     32516803.38|        614|00:00:31|-0.02|0.06|0.9868|
|=|         14|         28|        496|     32510786.21|        642|00:00:31|-0.02|0.06|0.9837|
+-+-----------+-----------+-----------+----------------+-----------+--------+-----+----+------+
Best-so-far configuration:         496    mean value:      32510786.21
Description of the best-so-far configuration:
    .ID. algorithm localsearch alpha beta  rho ants   q0 rasrank elitistants
496  496       acs           3  3.67 7.79 0.52   62 0.61      NA          NA
    nnls dlb .PARENT.
496   18   1      277

# 2025-09-19 07:53:46 -03: Elite configurations (first number is the configuration ID; listed from best to worst according to the sum of ranks):
    algorithm localsearch alpha beta  rho ants   q0 rasrank elitistants nnls
496       acs           3  3.67 7.79 0.52   62 0.61      NA          NA   18
457       acs           3  3.67 6.08 0.24   58 0.58      NA          NA    9
277       acs           3  3.81 7.39 0.47   62 0.63      NA          NA   16
474       acs           3  4.30 6.63 0.46   66 0.62      NA          NA   16
494       acs           3  3.51 6.86 0.42   62 0.51      NA          NA   19
    dlb
496   1
457   1
277   1
474   1
494   1
# 2025-09-19 07:53:46 -03: Iteration 7 of 7
# experimentsUsed: 3098
# remainingBudget: 2402
# currentBudget: 2402
# nbConfigurations: 90
# Markers:
     x No test is performed.
     c Configurations are discarded only due to capping.
     - The test is performed and some configurations are discarded.
     = The test is performed but no configuration is discarded.
     ! The test is performed and configurations could be discarded but elite configurations are preserved.
     . All alive configurations are elite and nothing is discarded.

+-+-----------+-----------+-----------+----------------+-----------+--------+-----+----+------+
| |   Instance|      Alive|       Best|       Mean best| Exp so far|  W time|  rho|KenW|  Qvar|
+-+-----------+-----------+-----------+----------------+-----------+--------+-----+----+------+
|x|         15|         90|        543|     32472103.00|         90|00:01:34|   NA|  NA|    NA|
|x|         11|         90|        605|     32340631.50|        175|00:01:33|+0.02|0.51|0.9488|
|x|         12|         90|        559|     32383702.00|        260|00:01:33|+0.16|0.44|0.8137|
|x|          2|         90|        559|     32452439.00|        345|00:01:33|+0.19|0.39|0.7619|
|-|          5|         39|        578|     32454925.80|        430|00:01:34|-0.11|0.11|1.1002|
|=|          1|         39|        578|     32458318.33|        464|00:00:41|-0.09|0.10|1.0645|
|=|          4|         39|        578|     32406289.43|        498|00:00:41|-0.06|0.10|1.0215|
|=|          9|         39|        577|     32409608.75|        532|00:00:41|-0.04|0.09|1.0041|
|=|          7|         39|        577|     32482159.33|        566|00:00:41|-0.03|0.09|1.0043|
|=|         10|         39|        577|     32477401.50|        600|00:00:41|-0.02|0.09|1.0000|
|=|         13|         39|        577|     32507376.64|        634|00:00:41|-0.01|0.08|0.9956|
|=|          3|         39|        577|     32508668.17|        668|00:00:41|-0.00|0.08|0.9894|
|=|         14|         39|        577|     32506294.31|        702|00:00:41|-0.01|0.07|0.9886|
|=|          6|         39|        577|     32503003.43|        736|00:00:41|+0.00|0.07|0.9774|
|=|          8|         39|        496|     32511227.13|        770|00:00:41|+0.00|0.07|0.9751|
|=|         16|         39|        580|     32484036.50|        809|00:00:41|+0.01|0.07|0.9683|
+-+-----------+-----------+-----------+----------------+-----------+--------+-----+----+------+
Best-so-far configuration:         580    mean value:      32484036.50
Description of the best-so-far configuration:
    .ID. algorithm localsearch alpha beta  rho ants   q0 rasrank elitistants
580  580       acs           3  4.12 6.78 0.49   63 0.62      NA          NA
    nnls dlb .PARENT.
580   16   1      277

# 2025-09-19 08:09:14 -03: Elite configurations (first number is the configuration ID; listed from best to worst according to the sum of ranks):
    algorithm localsearch alpha beta  rho ants   q0 rasrank elitistants nnls
580       acs           3  4.12 6.78 0.49   63 0.62      NA          NA   16
496       acs           3  3.67 7.79 0.52   62 0.61      NA          NA   18
457       acs           3  3.67 6.08 0.24   58 0.58      NA          NA    9
577       acs           3  4.80 6.07 0.53   70 0.64      NA          NA   16
573       acs           3  3.60 6.73 0.17   51 0.56      NA          NA   11
    dlb
580   1
496   1
457   1
577   1
573   1
# 2025-09-19 08:09:14 -03: Iteration 8 of 8
# experimentsUsed: 3907
# remainingBudget: 1593
# currentBudget: 1593
# nbConfigurations: 90
# Markers:
     x No test is performed.
     c Configurations are discarded only due to capping.
     - The test is performed and some configurations are discarded.
     = The test is performed but no configuration is discarded.
     ! The test is performed and configurations could be discarded but elite configurations are preserved.
     . All alive configurations are elite and nothing is discarded.

+-+-----------+-----------+-----------+----------------+-----------+--------+-----+----+------+
| |   Instance|      Alive|       Best|       Mean best| Exp so far|  W time|  rho|KenW|  Qvar|
+-+-----------+-----------+-----------+----------------+-----------+--------+-----+----+------+
|x|         17|         90|        617|     32232540.00|         90|00:01:33|   NA|  NA|    NA|
|x|          8|         90|        617|     32381705.00|        175|00:01:33|-0.06|0.47|1.0132|
|x|         15|         90|        636|     32429036.33|        260|00:01:33|+0.03|0.35|0.9213|
|x|         10|         90|        457|     32419083.50|        345|00:01:33|+0.01|0.26|0.9541|
|=|          1|         90|        457|     32426925.80|        430|00:01:33|+0.03|0.22|0.9441|
|=|          4|         90|        457|     32371486.00|        515|00:01:33|+0.05|0.21|0.9235|
|-|         13|         48|        573|     32432378.43|        600|00:01:33|-0.07|0.08|1.0460|
|=|         14|         48|        457|     32448144.75|        643|00:00:52|-0.07|0.06|1.0443|
|=|          3|         48|        457|     32461165.56|        686|00:00:52|-0.05|0.07|1.0158|
|=|          2|         48|        496|     32478618.30|        729|00:00:51|-0.03|0.07|1.0051|
|=|         16|         48|        496|     32450813.36|        772|00:00:52|-0.02|0.07|0.9910|
|=|         12|         48|        496|     32455689.17|        815|00:00:51|-0.02|0.07|0.9906|
|=|          9|         48|        573|     32450168.31|        858|00:00:52|-0.01|0.07|0.9829|
|=|         11|         48|        666|     32434960.93|        901|00:00:51|+0.00|0.07|0.9744|
|=|          5|         48|        573|     32435056.67|        944|00:00:52|+0.01|0.07|0.9703|
|=|          6|         48|        573|     32434485.81|        987|00:00:51|+0.02|0.08|0.9629|
|=|          7|         48|        573|     32473560.94|       1030|00:00:52|+0.02|0.08|0.9605|
|=|         18|         48|        573|     32477555.83|       1078|00:00:51|+0.02|0.07|0.9644|
+-+-----------+-----------+-----------+----------------+-----------+--------+-----+----+------+
Best-so-far configuration:         573    mean value:      32477555.83
Description of the best-so-far configuration:
    .ID. algorithm localsearch alpha beta  rho ants   q0 rasrank elitistants
573  573       acs           3   3.6 6.73 0.17   51 0.56      NA          NA
    nnls dlb .PARENT.
573   11   1      457

# 2025-09-19 08:29:44 -03: Elite configurations (first number is the configuration ID; listed from best to worst according to the sum of ranks):
    algorithm localsearch alpha beta  rho ants   q0 rasrank elitistants nnls
573       acs           3  3.60 6.73 0.17   51 0.56      NA          NA   11
457       acs           3  3.67 6.08 0.24   58 0.58      NA          NA    9
580       acs           3  4.12 6.78 0.49   63 0.62      NA          NA   16
496       acs           3  3.67 7.79 0.52   62 0.61      NA          NA   18
577       acs           3  4.80 6.07 0.53   70 0.64      NA          NA   16
    dlb
573   1
457   1
580   1
496   1
577   1
# 2025-09-19 08:29:44 -03: Stopped because there is not enough budget to enforce the value of nbConfigurations.
# Iteration: 9
# nbIterations: 9
# experimentsUsed: 4985
# timeUsed: 0
# remainingBudget: 515
# currentBudget: 515
# number of elites: 5
# nbConfigurations: 31
# Total CPU user time: 53614.47, CPU sys time: 419.098, Wall-clock time: 5888.516
# 2025-09-19 08:29:44 -03: Starting post-selection:
# Configurations selected: 573, 457, 580, 496, 577, 277, 474, 494, 213, 371, 377, 381, 325, 171, 268, 180.
# Pending instances: 1, 1, 1, 1, 1, 3, 3, 3, 5, 5, 5, 5, 7, 7, 7, 9.
# 2025-09-19 08:29:44 -03: seed: 900149
# Configurations: 16
# Available experiments: 515
# minSurvival: 1
# Markers:
     x No test is performed.
     c Configurations are discarded only due to capping.
     - The test is performed and some configurations are discarded.
     = The test is performed but no configuration is discarded.
     ! The test is performed and configurations could be discarded but elite configurations are preserved.
     . All alive configurations are elite and nothing is discarded.

+-+-----------+-----------+-----------+----------------+-----------+--------+-----+----+------+
| |   Instance|      Alive|       Best|       Mean best| Exp so far|  W time|  rho|KenW|  Qvar|
+-+-----------+-----------+-----------+----------------+-----------+--------+-----+----+------+
|.|         10|         16|        457|     32375772.00|          0|00:00:00|   NA|  NA|    NA|
|x|         15|         16|        457|     32432437.50|          8|00:00:10|-0.12|0.44|1.0671|
|x|         13|         16|        457|     32585634.33|         12|00:00:10|-0.28|0.15|1.2246|
|.|          4|         16|        457|     32462797.50|         12|00:00:00|-0.07|0.20|1.0064|
|x|         17|         16|        573|     32403247.80|         23|00:00:20|+0.01|0.21|0.9220|
|x|         14|         16|        371|     32410642.67|         27|00:00:10|-0.00|0.17|0.9283|
|x|         12|         16|        371|     32428970.14|         28|00:00:10|+0.02|0.16|0.9098|
|.|          5|         16|        371|     32440792.50|         28|00:00:00|+0.04|0.16|0.8995|
|x|         18|         16|        573|     32442815.00|         39|00:00:20|+0.06|0.17|0.8722|
|.|          2|         16|        573|     32466224.30|         39|00:00:00|+0.04|0.13|0.8929|
|x|         16|         16|        573|     32436974.82|         47|00:00:10|+0.04|0.13|0.8874|
|.|          3|         16|        573|     32450871.75|         47|00:00:00|+0.03|0.11|0.9022|
|.|          1|         16|        573|     32453305.31|         47|00:00:00|+0.03|0.10|0.9001|
|.|          8|         16|        573|     32458633.64|         47|00:00:00|+0.03|0.10|0.8982|
|x|         11|         16|        580|     32449063.53|         48|00:00:10|+0.03|0.09|0.9057|
|.|          6|         16|        580|     32446172.44|         48|00:00:00|+0.03|0.09|0.9050|
|.|          9|         16|        580|     32442518.18|         48|00:00:00|+0.03|0.09|0.9091|
|.|          7|         16|        580|     32479036.61|         48|00:00:00|+0.02|0.08|0.9203|
|=|         19|         16|        580|     32481018.47|         64|00:00:20|+0.03|0.08|0.9123|
|-|         20|         14|        580|     32485582.10|         80|00:00:20|-0.00|0.05|0.9299|
|=|         21|         14|        577|     32489714.29|         94|00:00:20|+0.00|0.05|0.9246|
|=|         22|         14|        577|     32489048.77|        108|00:00:20|+0.01|0.05|0.9170|
|=|         23|         14|        577|     32485300.52|        122|00:00:20|+0.02|0.06|0.9092|
|=|         24|         14|        580|     32497772.58|        136|00:00:20|+0.02|0.06|0.9097|
|=|         25|         14|        580|     32496113.96|        150|00:00:20|+0.02|0.06|0.9105|
|=|         26|         14|        573|     32492232.88|        164|00:00:20|+0.02|0.05|0.9075|
|=|         27|         14|        573|     32495668.63|        178|00:00:20|+0.02|0.06|0.9013|
|-|         28|          8|        573|     32489606.57|        192|00:00:20|-0.01|0.03|0.8777|
|=|         29|          8|        573|     32489910.21|        200|00:00:10|-0.02|0.02|0.8843|
|=|         30|          8|        573|     32502375.33|        208|00:00:10|-0.01|0.02|0.8802|
|=|         31|          8|        577|     32504413.65|        216|00:00:10|-0.01|0.02|0.8768|
|=|         32|          8|        573|     32505197.53|        224|00:00:10|-0.01|0.02|0.8821|
|=|         33|          8|        577|     32506721.70|        232|00:00:10|-0.01|0.02|0.8826|
|=|         34|          8|        573|     32506815.24|        240|00:00:10|-0.01|0.02|0.8799|
|=|         35|          8|        573|     32515833.37|        248|00:00:10|-0.01|0.02|0.8783|
|=|         36|          8|        573|     32504717.72|        256|00:00:10|-0.01|0.02|0.8768|
|=|         37|          8|        573|     32513867.05|        264|00:00:10|+0.00|0.03|0.8730|
|=|         38|          8|        573|     32514108.84|        272|00:00:10|+0.00|0.03|0.8699|
|=|         39|          8|        573|     32515914.00|        280|00:00:10|+0.01|0.03|0.8663|
|=|         40|          8|        573|     32510503.55|        288|00:00:10|+0.01|0.03|0.8683|
|=|         41|          8|        573|     32516262.46|        296|00:00:10|+0.00|0.03|0.8695|
|=|         42|          8|        573|     32523935.29|        304|00:00:10|+0.01|0.03|0.8651|
|=|         43|          8|        573|     32530914.00|        312|00:00:10|+0.01|0.03|0.8635|
|=|         44|          8|        573|     32533152.32|        320|00:00:10|+0.01|0.03|0.8617|
|=|         45|          8|        573|     32536146.20|        328|00:00:10|+0.02|0.04|0.8587|
|=|         46|          8|        573|     32536132.33|        336|00:00:10|+0.02|0.04|0.8557|
|=|         47|          8|        573|     32536965.34|        344|00:00:10|+0.02|0.04|0.8567|
|=|         48|          8|        573|     32537846.08|        352|00:00:10|+0.01|0.03|0.8604|
|=|         49|          8|        573|     32539747.39|        360|00:00:10|+0.01|0.03|0.8602|
|=|         50|          8|        573|     32536940.68|        368|00:00:10|+0.01|0.03|0.8634|
|=|         51|          8|        573|     32528629.92|        376|00:00:10|+0.01|0.03|0.8634|
|=|         52|          8|        573|     32526596.12|        384|00:00:10|+0.01|0.03|0.8605|
|=|         53|          8|        573|     32522415.66|        392|00:00:10|+0.02|0.03|0.8584|
|=|         54|          8|        573|     32532815.80|        400|00:00:10|+0.01|0.03|0.8635|
|=|         55|          8|        573|     32533115.91|        408|00:00:10|+0.01|0.03|0.8614|
|=|         56|          8|        573|     32533315.09|        416|00:00:10|+0.01|0.03|0.8608|
|=|         57|          8|        573|     32532059.68|        424|00:00:10|+0.01|0.03|0.8614|
|=|         58|          8|        573|     32530752.97|        432|00:00:10|+0.01|0.03|0.8624|
|=|         59|          8|        474|     32538842.97|        440|00:00:10|+0.01|0.03|0.8637|
|=|         60|          8|        573|     32538051.33|        448|00:00:10|+0.01|0.03|0.8615|
|=|         61|          8|        573|     32535819.52|        456|00:00:10|+0.01|0.03|0.8618|
|=|         62|          8|        573|     32534824.56|        464|00:00:10|+0.01|0.03|0.8588|
|=|         63|          8|        573|     32534437.94|        472|00:00:10|+0.01|0.03|0.8591|
|=|         64|          8|        573|     32539296.36|        480|00:00:10|+0.02|0.03|0.8584|
|=|         65|          8|        573|     32539738.29|        488|00:00:10|+0.01|0.03|0.8598|
|-|         66|          5|        573|     32538240.17|        496|00:00:10|+0.00|0.02|0.7979|
|=|         67|          5|        577|     32543580.25|        501|00:00:10|+0.00|0.02|0.7993|
|=|         68|          5|        573|     32531536.32|        506|00:00:10|+0.00|0.02|0.7993|
|=|         69|          5|        573|     32530235.77|        511|00:00:10|+0.00|0.02|0.7976|
+-+-----------+-----------+-----------+----------------+-----------+--------+-----+----+------+
Best-so-far configuration:         573    mean value:      32530235.77
Description of the best-so-far configuration:
    .ID. algorithm localsearch alpha beta  rho ants   q0 rasrank elitistants
573  573       acs           3   3.6 6.73 0.17   51 0.56      NA          NA
    nnls dlb .PARENT.
573   11   1      457

# 2025-09-19 08:42:08 -03: Elite configurations (first number is the configuration ID; listed from best to worst according to the sum of ranks):
    algorithm localsearch alpha beta  rho ants   q0 rasrank elitistants nnls
573       acs           3  3.60 6.73 0.17   51 0.56      NA          NA   11
577       acs           3  4.80 6.07 0.53   70 0.64      NA          NA   16
474       acs           3  4.30 6.63 0.46   66 0.62      NA          NA   16
496       acs           3  3.67 7.79 0.52   62 0.61      NA          NA   18
325       acs           3  1.37 4.08 0.80   43 0.55      NA          NA   12
    dlb
573   1
577   1
474   1
496   1
325   1
# Total CPU user time: 58882.63, CPU sys time: 461.762, Wall-clock time: 6632.496
    .ID. algorithm localsearch alpha beta  rho ants   q0 rasrank elitistants
573  573       acs           3  3.60 6.73 0.17   51 0.56      NA          NA
577  577       acs           3  4.80 6.07 0.53   70 0.64      NA          NA
474  474       acs           3  4.30 6.63 0.46   66 0.62      NA          NA
496  496       acs           3  3.67 7.79 0.52   62 0.61      NA          NA
325  325       acs           3  1.37 4.08 0.80   43 0.55      NA          NA
    nnls dlb .PARENT. .RANK.   .WEIGHT.
573   11   1      457    193 0.33333333
577   16   1      474    195 0.26666667
474   16   1      277    204 0.20000000
496   18   1      277    218 0.13333333
325   12   1      180    225 0.06666667
