# 2025-10-12 18:04:15 -03: Reading parameter file '/home/pestobar/Activities/irace-test-executions/PSO-X-withRanking/Scenarios/BL/Runs/BL_seed_600083/parameters.txt'.
# 2025-10-12 18:04:15 -03: 2 expression(s) specifying forbidden configurations read.
# 2025-10-12 18:04:15 -03: Initialization
# Elitist race
# Elitist new instances: 1
# Elitist limit: 2
# nbIterations: 5
# minNbSurvival: 5
# nbParameters: 8
# seed: 600083
# confidence level: 0.95
# budget: 2000
# mu: 5
# deterministic: FALSE

# 2025-10-12 18:04:15 -03: Iteration 1 of 5
# experimentsUsed: 0
# remainingBudget: 2000
# currentBudget: 400
# nbConfigurations: 66
# Markers:
     x No test is performed.
     c Configurations are discarded only due to capping.
     - The test is performed and some configurations are discarded.
     = The test is performed but no configuration is discarded.
     ! The test is performed and configurations could be discarded but elite configurations are preserved.
     . All alive configurations are elite and nothing is discarded.

+-+-----------+-----------+-----------+----------------+-----------+--------+-----+----+------+
| |   Instance|      Alive|       Best|       Mean best| Exp so far|  W time|  rho|KenW|  Qvar|
+-+-----------+-----------+-----------+----------------+-----------+--------+-----+----+------+
|x|          1|         66|         17|     3.895792604|         66|00:00:36|   NA|  NA|    NA|
|x|          2|         66|          7|     16.47596698|        132|00:01:50|+0.12|0.56|0.7246|
|x|          3|         66|         22|     61.56717725|        198|00:00:36|+0.40|0.60|0.4609|
|x|          4|         66|         22|     188.5418948|        264|00:03:37|+0.44|0.58|0.5166|
|-|          5|         35|         43|     24765.08151|        330|00:00:35|-0.03|0.18|0.9959|
|=|          6|         35|         43|     193570.2341|        365|00:00:31|+0.06|0.22|0.9238|
|=|          7|         35|         25|     308305.8898|        400|00:01:55|+0.07|0.20|0.8947|
+-+-----------+-----------+-----------+----------------+-----------+--------+-----+----+------+
Best-so-far configuration:          25    mean value:      308305.8898
Description of the best-so-far configuration:
   .ID. particles topology modInfluence branching tSchedule phi1 phi2 inertia
25   25         6        5            0        NA         6 1.57 1.92    0.71
   .PARENT.
25       NA

# 2025-10-12 18:13:58 -03: Elite configurations (first number is the configuration ID; listed from best to worst according to the sum of ranks):
   particles topology modInfluence branching tSchedule phi1 phi2 inertia
25         6        5            0        NA         6 1.57 1.92    0.71
22       118        5            0        NA         8 0.17 1.45    0.09
43        90        4            0        NA        NA 1.46 2.19    0.33
41       140        5            0        NA         4 0.83 1.57    0.56
38        28        4            0        NA        NA 2.24 2.35    0.28
# 2025-10-12 18:13:58 -03: Iteration 2 of 5
# experimentsUsed: 400
# remainingBudget: 1600
# currentBudget: 400
# nbConfigurations: 54
# Markers:
     x No test is performed.
     c Configurations are discarded only due to capping.
     - The test is performed and some configurations are discarded.
     = The test is performed but no configuration is discarded.
     ! The test is performed and configurations could be discarded but elite configurations are preserved.
     . All alive configurations are elite and nothing is discarded.

+-+-----------+-----------+-----------+----------------+-----------+--------+-----+----+------+
| |   Instance|      Alive|       Best|       Mean best| Exp so far|  W time|  rho|KenW|  Qvar|
+-+-----------+-----------+-----------+----------------+-----------+--------+-----+----+------+
|x|          8|         54|         67|     57.32998421|         54|00:00:11|   NA|  NA|    NA|
|x|          2|         54|         41|     64.81975695|        103|00:01:15|+0.32|0.66|0.6294|
|x|          5|         54|        108|     22880.97085|        152|00:00:11|+0.11|0.40|0.6058|
|x|          6|         54|        113|     481420.5730|        201|00:00:11|+0.28|0.46|0.4938|
|-|          1|         26|         43|     232155.6986|        250|00:00:10|-0.02|0.19|0.9871|
|=|          3|         26|         68|     403601.9419|        271|00:00:06|-0.06|0.12|0.9876|
|=|          4|         26|         43|     165930.4000|        292|00:01:26|-0.03|0.12|0.9533|
|=|          7|         26|         68|     302805.9642|        313|00:01:24|-0.02|0.11|0.9238|
|=|          9|         26|         68|     269185.8460|        339|00:01:27|-0.01|0.11|0.9203|
+-+-----------+-----------+-----------+----------------+-----------+--------+-----+----+------+
Best-so-far configuration:          68    mean value:      269185.8460
Description of the best-so-far configuration:
   .ID. particles topology modInfluence branching tSchedule phi1 phi2 inertia
68   68       114        1            0        NA        NA 0.24 2.36    0.29
   .PARENT.
68       22

# 2025-10-12 18:20:24 -03: Elite configurations (first number is the configuration ID; listed from best to worst according to the sum of ranks):
    particles topology modInfluence branching tSchedule phi1 phi2 inertia
68        114        1            0        NA        NA 0.24 2.36    0.29
43         90        4            0        NA        NA 1.46 2.19    0.33
22        118        5            0        NA         8 0.17 1.45    0.09
67         54        4            0        NA        NA 1.14 2.12    0.63
103        41        1            0        NA        NA 1.75 2.49    0.54
# 2025-10-12 18:20:24 -03: Iteration 3 of 5
# experimentsUsed: 739
# remainingBudget: 1261
# currentBudget: 420
# nbConfigurations: 46
# Markers:
     x No test is performed.
     c Configurations are discarded only due to capping.
     - The test is performed and some configurations are discarded.
     = The test is performed but no configuration is discarded.
     ! The test is performed and configurations could be discarded but elite configurations are preserved.
     . All alive configurations are elite and nothing is discarded.

+-+-----------+-----------+-----------+----------------+-----------+--------+-----+----+------+
| |   Instance|      Alive|       Best|       Mean best| Exp so far|  W time|  rho|KenW|  Qvar|
+-+-----------+-----------+-----------+----------------+-----------+--------+-----+----+------+
|x|         10|         46|         43|     2.926095594|         46|00:00:05|   NA|  NA|    NA|
|x|          6|         46|        156|     432014.5402|         87|00:00:05|+0.44|0.72|0.1274|
|x|          8|         46|        132|     261268.4078|        128|00:00:06|+0.30|0.53|0.0713|
|x|          1|         46|        126|     196024.5892|        169|00:00:05|+0.44|0.58|0.2771|
|-|          2|         17|        132|     156766.9898|        210|00:01:08|+0.12|0.30|0.8230|
|=|          7|         17|        132|     130708.3552|        222|00:00:56|-0.02|0.15|0.8860|
|=|          4|         17|        132|     112114.3697|        234|00:00:57|+0.03|0.17|0.9109|
|=|          5|         17|        132|     111437.7753|        246|00:00:02|+0.08|0.19|0.8623|
|=|          9|         17|        132|     99089.41516|        258|00:00:57|+0.03|0.14|0.8647|
|=|          3|         17|        132|     89197.48446|        270|00:00:02|+0.01|0.11|0.8802|
|=|         11|         17|        132|     81101.33988|        287|00:00:02|+0.00|0.10|0.8758|
+-+-----------+-----------+-----------+----------------+-----------+--------+-----+----+------+
Best-so-far configuration:         132    mean value:      81101.33988
Description of the best-so-far configuration:
    .ID. particles topology modInfluence branching tSchedule phi1 phi2 inertia
132  132       115        4            0        NA        NA  2.4 2.13    0.38
    .PARENT.
132       43

# 2025-10-12 18:24:55 -03: Elite configurations (first number is the configuration ID; listed from best to worst according to the sum of ranks):
    particles topology modInfluence branching tSchedule phi1 phi2 inertia
132       115        4            0        NA        NA 2.40 2.13    0.38
128       126        4            0        NA        NA 1.91 2.18    0.53
43         90        4            0        NA        NA 1.46 2.19    0.33
125       152        4            0        NA        NA 1.43 1.96    0.35
148       122        4            0        NA        NA 1.07 2.05    0.24
# 2025-10-12 18:24:55 -03: Iteration 4 of 5
# experimentsUsed: 1026
# remainingBudget: 974
# currentBudget: 487
# nbConfigurations: 45
# Markers:
     x No test is performed.
     c Configurations are discarded only due to capping.
     - The test is performed and some configurations are discarded.
     = The test is performed but no configuration is discarded.
     ! The test is performed and configurations could be discarded but elite configurations are preserved.
     . All alive configurations are elite and nothing is discarded.

+-+-----------+-----------+-----------+----------------+-----------+--------+-----+----+------+
| |   Instance|      Alive|       Best|       Mean best| Exp so far|  W time|  rho|KenW|  Qvar|
+-+-----------+-----------+-----------+----------------+-----------+--------+-----+----+------+
|x|         12|         45|        187|     1.148601935|         45|00:00:08|   NA|  NA|    NA|
|x|          5|         45|        177|     41730.92251|         85|00:00:08|-0.14|0.43|0.9735|
|x|         10|         45|        177|     27821.57181|        125|00:00:08|+0.17|0.45|0.6667|
|x|          3|         45|        162|     23310.41220|        165|00:00:09|+0.04|0.28|0.7224|
|-|          6|         32|        177|     167213.0039|        205|00:00:08|-0.03|0.18|1.0692|
|=|          9|         32|         43|     193515.1216|        232|00:01:26|-0.03|0.14|1.0333|
|=|          4|         32|        177|     119564.4186|        259|00:01:27|-0.00|0.14|0.9761|
|=|          7|         32|        177|     104659.2786|        286|00:01:26|-0.02|0.11|0.9605|
|=|          2|         32|        160|     126114.9888|        313|00:00:41|-0.01|0.10|0.9153|
|=|         11|         32|        160|     113514.4212|        340|00:00:03|+0.01|0.11|0.8771|
|=|          1|         32|        195|     117728.6562|        367|00:00:03|-0.00|0.09|0.8999|
|=|          8|         32|        160|     94601.23612|        394|00:00:04|-0.01|0.07|0.9257|
|=|         13|         32|        165|     111925.4160|        426|00:00:05|+0.00|0.08|0.8889|
+-+-----------+-----------+-----------+----------------+-----------+--------+-----+----+------+
Best-so-far configuration:         165    mean value:      111925.4160
Description of the best-so-far configuration:
    .ID. particles topology modInfluence branching tSchedule phi1 phi2 inertia
165  165       112        4            0        NA        NA  1.4 2.27    0.48
    .PARENT.
165      128

# 2025-10-12 18:30:55 -03: Elite configurations (first number is the configuration ID; listed from best to worst according to the sum of ranks):
    particles topology modInfluence branching tSchedule phi1 phi2 inertia
165       112        4            0        NA        NA 1.40 2.27    0.48
160        99        4            0        NA        NA 2.04 2.30    0.38
182       116        4            0        NA        NA 1.83 2.41    0.57
195        83        4            0        NA        NA 2.20 1.99    0.38
192       133        4            0        NA        NA 2.31 2.36    0.37
# 2025-10-12 18:30:55 -03: Iteration 5 of 5
# experimentsUsed: 1452
# remainingBudget: 548
# currentBudget: 548
# nbConfigurations: 43
# Markers:
     x No test is performed.
     c Configurations are discarded only due to capping.
     - The test is performed and some configurations are discarded.
     = The test is performed but no configuration is discarded.
     ! The test is performed and configurations could be discarded but elite configurations are preserved.
     . All alive configurations are elite and nothing is discarded.

+-+-----------+-----------+-----------+----------------+-----------+--------+-----+----+------+
| |   Instance|      Alive|       Best|       Mean best| Exp so far|  W time|  rho|KenW|  Qvar|
+-+-----------+-----------+-----------+----------------+-----------+--------+-----+----+------+
|x|         14|         43|        225|     10.34632417|         43|00:00:05|   NA|  NA|    NA|
|x|         11|         43|        234|     47.37528781|         81|00:00:05|-0.12|0.44|0.2043|
|x|          9|         43|        221|     110.7234474|        119|00:01:54|-0.01|0.33|0.1415|
|x|          1|         43|        195|     94.14774147|        157|00:00:04|-0.03|0.23|0.1144|
|=|          5|         43|        195|     20111.36555|        195|00:00:04|-0.01|0.19|0.0955|
|=|          7|         43|        195|     16821.58886|        233|00:01:54|+0.01|0.18|0.1081|
|=|          4|         43|        195|     14498.21744|        271|00:01:56|+0.04|0.17|0.1815|
|-|         10|         33|        195|     12686.37760|        309|00:00:04|-0.06|0.07|1.0137|
|=|         13|         33|        195|     12091.15362|        337|00:00:03|-0.06|0.05|0.9976|
|=|          8|         33|        225|     14891.34593|        365|00:00:03|-0.08|0.03|1.0103|
|=|          2|         33|        225|     13540.03007|        393|00:00:41|-0.06|0.04|0.9927|
|=|         12|         33|        225|     12414.40004|        421|00:00:03|-0.04|0.04|0.9799|
|=|          6|         33|        234|     83215.18532|        449|00:00:03|-0.03|0.05|0.9680|
|=|          3|         33|        234|     77281.30794|        477|00:00:03|-0.03|0.05|0.9625|
|=|         15|         33|        197|     74825.56041|        510|00:00:35|-0.02|0.05|0.9507|
+-+-----------+-----------+-----------+----------------+-----------+--------+-----+----+------+
Best-so-far configuration:         197    mean value:      74825.56041
Description of the best-so-far configuration:
    .ID. particles topology modInfluence branching tSchedule phi1 phi2 inertia
197  197        83        4            0        NA        NA 2.27 2.31    0.46
    .PARENT.
197      160

# 2025-10-12 18:38:40 -03: Elite configurations (first number is the configuration ID; listed from best to worst according to the sum of ranks):
    particles topology modInfluence branching tSchedule phi1 phi2 inertia
197        83        4            0        NA        NA 2.27 2.31    0.46
234        87        4            0        NA        NA 1.85 2.48    0.38
225        94        4            0        NA        NA 2.07 2.48    0.42
222        92        4            0        NA        NA 2.08 2.35    0.36
160        99        4            0        NA        NA 2.04 2.30    0.38
# 2025-10-12 18:38:40 -03: Iteration 6 of 6
# experimentsUsed: 1962
# remainingBudget: 38
# currentBudget: 38
# nbConfigurations: 7
# Markers:
     x No test is performed.
     c Configurations are discarded only due to capping.
     - The test is performed and some configurations are discarded.
     = The test is performed but no configuration is discarded.
     ! The test is performed and configurations could be discarded but elite configurations are preserved.
     . All alive configurations are elite and nothing is discarded.

+-+-----------+-----------+-----------+----------------+-----------+--------+-----+----+------+
| |   Instance|      Alive|       Best|       Mean best| Exp so far|  W time|  rho|KenW|  Qvar|
+-+-----------+-----------+-----------+----------------+-----------+--------+-----+----+------+
|x|         16|          7|        236|     909.2023163|          7|00:00:29|   NA|  NA|    NA|
|x|          3|          7|        234|     525.2124550|          9|00:00:01|-0.71|0.14|1.4505|
|x|         10|          7|        236|     359.9421268|         11|00:00:00|-0.31|0.13|1.1031|
|x|         14|          7|        236|     272.5730886|         13|00:00:01|-0.07|0.20|0.9153|
|=|         13|          7|        236|     1669.585380|         15|00:00:01|+0.06|0.25|0.8103|
|=|          5|          7|        236|     17248.34225|         17|00:00:01|+0.08|0.23|0.7773|
|=|          6|          7|        236|     160711.3443|         19|00:00:01|+0.04|0.18|0.8136|
|=|         15|          7|        236|     140622.4783|         21|00:00:08|+0.07|0.19|0.7805|
|=|          9|          7|        225|     121871.3422|         23|00:00:28|+0.08|0.19|0.7699|
|=|          1|          7|        225|     109684.7102|         25|00:00:01|+0.05|0.15|0.7850|
|=|          4|          7|        225|     99763.91861|         27|00:00:27|+0.03|0.12|0.8230|
|=|          2|          7|        225|     91452.49801|         29|00:00:13|+0.01|0.10|0.8505|
|=|          7|          7|        225|     84446.26211|         31|00:00:28|+0.03|0.11|0.8309|
|=|          8|          7|        225|     78419.89314|         33|00:00:01|+0.00|0.07|0.8597|
|=|         11|          7|        225|     73201.80598|         35|00:00:01|+0.01|0.08|0.8505|
|=|         12|          7|        236|     70397.92993|         37|00:00:00|+0.02|0.08|0.8414|
+-+-----------+-----------+-----------+----------------+-----------+--------+-----+----+------+
Best-so-far configuration:         236    mean value:      70397.92993
Description of the best-so-far configuration:
    .ID. particles topology modInfluence branching tSchedule phi1 phi2 inertia
236  236        84        4            0        NA        NA 2.11 2.48    0.32
    .PARENT.
236      225

# 2025-10-12 18:41:07 -03: Elite configurations (first number is the configuration ID; listed from best to worst according to the sum of ranks):
    particles topology modInfluence branching tSchedule phi1 phi2 inertia
236        84        4            0        NA        NA 2.11 2.48    0.32
225        94        4            0        NA        NA 2.07 2.48    0.42
222        92        4            0        NA        NA 2.08 2.35    0.36
234        87        4            0        NA        NA 1.85 2.48    0.38
160        99        4            0        NA        NA 2.04 2.30    0.38
# 2025-10-12 18:41:07 -03: Stopped because there is not enough budget left to race more than the minimum (5).
# You may either increase the budget or set 'minNbSurvival' to a lower value.
# Iteration: 7
# nbIterations: 7
# experimentsUsed: 1999
# timeUsed: 0
# remainingBudget: 1
# currentBudget: 1
# number of elites: 5
# nbConfigurations: 5
# Total CPU user time: 17581.11, CPU sys time: 88.483, Wall-clock time: 2211.873
    .ID. particles topology modInfluence branching tSchedule phi1 phi2 inertia
236  236        84        4            0        NA        NA 2.11 2.48    0.32
225  225        94        4            0        NA        NA 2.07 2.48    0.42
222  222        92        4            0        NA        NA 2.08 2.35    0.36
234  234        87        4            0        NA        NA 1.85 2.48    0.38
160  160        99        4            0        NA        NA 2.04 2.30    0.38
    .PARENT. .RANK.   .WEIGHT.
236      225     55 0.33333333
225      160     59 0.26666667
222      160     59 0.20000000
234      160     60 0.13333333
160      132     65 0.06666667
