# 2025-09-20 11:33:40 -03: Reading parameter file '/home/dianag/PruebasPablo/irace-test-executions/ACOTSP-withRanking/Scenarios-2/BH/Runs/BH_seed_800123/parameters.txt'.
# 2025-09-20 11:33:40 -03: 1 expression(s) specifying forbidden configurations read.
# 2025-09-20 11:33:40 -03: Initialization
# Elitist race
# Elitist new instances: 1
# Elitist limit: 2
# nbIterations: 5
# minNbSurvival: 5
# nbParameters: 11
# seed: 800123
# confidence level: 0.95
# budget: 5500
# mu: 5
# deterministic: FALSE

# 2025-09-20 11:33:41 -03: Iteration 1 of 5
# experimentsUsed: 0
# remainingBudget: 5500
# currentBudget: 1100
# nbConfigurations: 183
# Markers:
     x No test is performed.
     c Configurations are discarded only due to capping.
     - The test is performed and some configurations are discarded.
     = The test is performed but no configuration is discarded.
     ! The test is performed and configurations could be discarded but elite configurations are preserved.
     . All alive configurations are elite and nothing is discarded.

+-+-----------+-----------+-----------+----------------+-----------+--------+-----+----+------+
| |   Instance|      Alive|       Best|       Mean best| Exp so far|  W time|  rho|KenW|  Qvar|
+-+-----------+-----------+-----------+----------------+-----------+--------+-----+----+------+
|x|          1|        183|         66|     32762975.00|        183|00:03:54|   NA|  NA|    NA|
|x|          2|        183|         66|     32701663.00|        366|00:03:55|+0.97|0.99|0.0008|
|x|          3|        183|         66|     32604498.67|        549|00:03:53|+0.98|0.98|0.0014|
|x|          4|        183|         66|     32578093.00|        732|00:03:53|+0.98|0.98|0.0014|
|-|          5|         10|         66|     32562290.00|        915|00:03:52|+0.55|0.64|0.4407|
|-|          6|          3|         66|     32566637.00|        925|00:00:13|+0.73|0.78|0.1636|
+-+-----------+-----------+-----------+----------------+-----------+--------+-----+----+------+
Best-so-far configuration:          66    mean value:      32566637.00
Description of the best-so-far configuration:
   .ID. algorithm localsearch alpha beta  rho ants   q0 rasrank elitistants
66   66       acs           3  3.36 2.28 0.22   55 0.86      NA          NA
   nnls dlb .PARENT.
66    8   0       NA

# 2025-09-20 11:53:25 -03: Elite configurations (first number is the configuration ID; listed from best to worst according to the sum of ranks):
    algorithm localsearch alpha beta  rho ants   q0 rasrank elitistants nnls
66        acs           3  3.36 2.28 0.22   55 0.86      NA          NA    8
10        ras           3  4.34 0.49 0.94   85   NA      15          NA   35
100       acs           3  4.54 7.75 0.52   26 0.38      NA          NA   17
    dlb
66    0
10    0
100   1
# 2025-09-20 11:53:25 -03: Iteration 2 of 5
# experimentsUsed: 925
# remainingBudget: 4575
# currentBudget: 1143
# nbConfigurations: 165
# Markers:
     x No test is performed.
     c Configurations are discarded only due to capping.
     - The test is performed and some configurations are discarded.
     = The test is performed but no configuration is discarded.
     ! The test is performed and configurations could be discarded but elite configurations are preserved.
     . All alive configurations are elite and nothing is discarded.

+-+-----------+-----------+-----------+----------------+-----------+--------+-----+----+------+
| |   Instance|      Alive|       Best|       Mean best| Exp so far|  W time|  rho|KenW|  Qvar|
+-+-----------+-----------+-----------+----------------+-----------+--------+-----+----+------+
|x|          7|        165|        264|     32741246.00|        165|00:03:26|   NA|  NA|    NA|
|x|          3|        165|        264|     32587794.00|        327|00:03:21|+0.98|0.99|0.0015|
|x|          4|        165|         66|     32558881.33|        489|00:03:21|+0.98|0.98|0.0019|
|x|          6|        165|         66|     32566254.00|        651|00:03:19|+0.98|0.98|0.0019|
|-|          2|         13|         66|     32581073.40|        813|00:03:20|+0.05|0.24|0.8652|
|=|          1|         13|         66|     32611390.33|        823|00:00:17|+0.09|0.24|0.8496|
|=|          5|         13|         66|     32595345.71|        833|00:00:15|+0.10|0.23|0.8405|
|-|          8|          2|         66|     32590153.88|        846|00:00:20|+0.14|0.25|0.4286|
+-+-----------+-----------+-----------+----------------+-----------+--------+-----+----+------+
Best-so-far configuration:          66    mean value:      32590153.88
Description of the best-so-far configuration:
   .ID. algorithm localsearch alpha beta  rho ants   q0 rasrank elitistants
66   66       acs           3  3.36 2.28 0.22   55 0.86      NA          NA
   nnls dlb .PARENT.
66    8   0       NA

# 2025-09-20 12:11:07 -03: Elite configurations (first number is the configuration ID; listed from best to worst according to the sum of ranks):
    algorithm localsearch alpha beta  rho ants   q0 rasrank elitistants nnls
66        acs           3  3.36 2.28 0.22   55 0.86      NA          NA    8
185       acs           3  3.47 0.65 0.23   51 0.83      NA          NA   16
    dlb
66    0
185   0
# 2025-09-20 12:11:07 -03: Iteration 3 of 5
# experimentsUsed: 1771
# remainingBudget: 3729
# currentBudget: 1243
# nbConfigurations: 139
# Markers:
     x No test is performed.
     c Configurations are discarded only due to capping.
     - The test is performed and some configurations are discarded.
     = The test is performed but no configuration is discarded.
     ! The test is performed and configurations could be discarded but elite configurations are preserved.
     . All alive configurations are elite and nothing is discarded.

+-+-----------+-----------+-----------+----------------+-----------+--------+-----+----+------+
| |   Instance|      Alive|       Best|       Mean best| Exp so far|  W time|  rho|KenW|  Qvar|
+-+-----------+-----------+-----------+----------------+-----------+--------+-----+----+------+
|x|          9|        139|        374|     32415904.00|        139|00:02:56|   NA|  NA|    NA|
|x|          8|        139|        470|     32479362.00|        276|00:02:55|+0.92|0.96|0.0028|
|x|          6|        139|        470|     32502468.00|        413|00:02:53|+0.92|0.95|0.0019|
|x|          7|        139|        470|     32551106.00|        550|00:02:55|+0.92|0.94|0.0018|
|-|          3|         13|        470|     32515886.00|        687|00:02:51|+0.25|0.40|0.7049|
|-|          4|          7|        470|     32501661.67|        698|00:00:20|+0.28|0.40|0.6371|
|-|          1|          5|        470|     32529211.57|        703|00:00:10|+0.37|0.46|0.4955|
+-+-----------+-----------+-----------+----------------+-----------+--------+-----+----+------+
Best configuration for the instances in this race: 470
Best-so-far configuration:          66    mean value:      32581133.67
Description of the best-so-far configuration:
   .ID. algorithm localsearch alpha beta  rho ants   q0 rasrank elitistants
66   66       acs           3  3.36 2.28 0.22   55 0.86      NA          NA
   nnls dlb .PARENT.
66    8   0       NA

# 2025-09-20 12:26:11 -03: Elite configurations (first number is the configuration ID; listed from best to worst according to the sum of ranks):
    algorithm localsearch alpha beta  rho ants   q0 rasrank elitistants nnls
66        acs           3  3.36 2.28 0.22   55 0.86      NA          NA    8
185       acs           3  3.47 0.65 0.23   51 0.83      NA          NA   16
470       acs           3  2.74 3.32 0.20   61 0.94      NA          NA    7
400       acs           3  2.45 1.55 0.12   38 0.91      NA          NA   14
417       acs           3  4.59 1.69 0.12   57 0.95      NA          NA    8
    dlb
66    0
185   0
470   1
400   1
417   0
# 2025-09-20 12:26:11 -03: Iteration 4 of 5
# experimentsUsed: 2474
# remainingBudget: 3026
# currentBudget: 1513
# nbConfigurations: 155
# Markers:
     x No test is performed.
     c Configurations are discarded only due to capping.
     - The test is performed and some configurations are discarded.
     = The test is performed but no configuration is discarded.
     ! The test is performed and configurations could be discarded but elite configurations are preserved.
     . All alive configurations are elite and nothing is discarded.

+-+-----------+-----------+-----------+----------------+-----------+--------+-----+----+------+
| |   Instance|      Alive|       Best|       Mean best| Exp so far|  W time|  rho|KenW|  Qvar|
+-+-----------+-----------+-----------+----------------+-----------+--------+-----+----+------+
|x|         10|        155|        515|     32496095.00|        155|00:02:57|   NA|  NA|    NA|
|x|          6|        155|        607|     32545442.00|        305|00:02:52|+0.84|0.92|0.0023|
|x|          4|        155|        607|     32508530.33|        455|00:02:52|+0.84|0.89|0.0032|
|x|          5|        155|        470|     32501415.25|        608|00:02:54|+0.84|0.88|0.0039|
|-|          7|         19|        470|     32540536.20|        758|00:02:52|+0.01|0.21|0.9580|
|=|          3|         19|        470|     32512947.83|        772|00:00:20|+0.06|0.22|0.9536|
|-|          9|         12|        470|     32499638.14|        786|00:00:20|+0.17|0.29|0.8466|
|=|          8|         12|        470|     32504551.38|        793|00:00:10|+0.10|0.22|0.8981|
|-|          2|          9|        470|     32511289.22|        803|00:00:10|+0.12|0.22|0.8161|
|-|          1|          5|        470|     32529611.40|        807|00:00:10|+0.05|0.15|0.8197|
+-+-----------+-----------+-----------+----------------+-----------+--------+-----+----+------+
Best-so-far configuration:         470    mean value:      32529611.40
Description of the best-so-far configuration:
    .ID. algorithm localsearch alpha beta rho ants   q0 rasrank elitistants
470  470       acs           3  2.74 3.32 0.2   61 0.94      NA          NA
    nnls dlb .PARENT.
470    7   1       66

# 2025-09-20 12:41:54 -03: Elite configurations (first number is the configuration ID; listed from best to worst according to the sum of ranks):
    algorithm localsearch alpha beta  rho ants   q0 rasrank elitistants nnls
470       acs           3  2.74 3.32 0.20   61 0.94      NA          NA    7
516       acs           3  3.51 5.28 0.17   56 0.92      NA          NA    9
483       acs           3  1.58 3.61 0.11   27 0.81      NA          NA   13
607       acs           3  1.82 2.33 0.34   60 0.93      NA          NA    8
400       acs           3  2.45 1.55 0.12   38 0.91      NA          NA   14
    dlb
470   1
516   1
483   1
607   0
400   1
# 2025-09-20 12:41:54 -03: Iteration 5 of 5
# experimentsUsed: 3281
# remainingBudget: 2219
# currentBudget: 2219
# nbConfigurations: 206
# Markers:
     x No test is performed.
     c Configurations are discarded only due to capping.
     - The test is performed and some configurations are discarded.
     = The test is performed but no configuration is discarded.
     ! The test is performed and configurations could be discarded but elite configurations are preserved.
     . All alive configurations are elite and nothing is discarded.

+-+-----------+-----------+-----------+----------------+-----------+--------+-----+----+------+
| |   Instance|      Alive|       Best|       Mean best| Exp so far|  W time|  rho|KenW|  Qvar|
+-+-----------+-----------+-----------+----------------+-----------+--------+-----+----+------+
|x|         11|        206|        778|     32621734.00|        206|00:03:43|   NA|  NA|    NA|
|x|          6|        206|        716|     32589450.50|        407|00:03:38|+0.74|0.87|0.0040|
|x|          9|        206|        793|     32533009.33|        608|00:03:38|+0.71|0.81|0.0038|
|x|          5|        206|        716|     32507258.00|        809|00:03:38|+0.71|0.78|0.0038|
|-|          4|         52|        767|     32502673.80|       1010|00:03:39|-0.11|0.12|1.0915|
|=|          1|         52|        767|     32529242.67|       1057|00:00:52|-0.05|0.12|1.0311|
|=|          3|         52|        716|     32506081.00|       1104|00:00:52|-0.05|0.10|1.0212|
|=|         10|         52|        767|     32519734.75|       1151|00:00:52|-0.04|0.09|1.0191|
|=|          8|         52|        767|     32516834.56|       1198|00:00:52|-0.02|0.09|0.9989|
|=|          2|         52|        767|     32524290.90|       1245|00:00:52|-0.02|0.08|0.9930|
|=|          7|         52|        767|     32542044.09|       1292|00:00:52|-0.01|0.08|0.9858|
|=|         12|         52|        767|     32535307.58|       1344|00:01:02|+0.01|0.09|0.9668|
+-+-----------+-----------+-----------+----------------+-----------+--------+-----+----+------+
Best-so-far configuration:         767    mean value:      32535307.58
Description of the best-so-far configuration:
    .ID. algorithm localsearch alpha beta  rho ants   q0 rasrank elitistants
767  767       acs           3  3.39 4.94 0.25   59 0.76      NA          NA
    nnls dlb .PARENT.
767    9   1      516

# 2025-09-20 13:06:29 -03: Elite configurations (first number is the configuration ID; listed from best to worst according to the sum of ranks):
    algorithm localsearch alpha beta  rho ants   q0 rasrank elitistants nnls
767       acs           3  3.39 4.94 0.25   59 0.76      NA          NA    9
470       acs           3  2.74 3.32 0.20   61 0.94      NA          NA    7
716       acs           3  2.64 3.00 0.21   55 0.82      NA          NA    9
680       acs           3  1.77 3.96 0.08   27 0.68      NA          NA   17
777       acs           3  2.72 4.23 0.16   52 0.95      NA          NA    9
    dlb
767   1
470   1
716   1
680   1
777   1
# 2025-09-20 13:06:29 -03: Iteration 6 of 6
# experimentsUsed: 4625
# remainingBudget: 875
# currentBudget: 875
# nbConfigurations: 71
# Markers:
     x No test is performed.
     c Configurations are discarded only due to capping.
     - The test is performed and some configurations are discarded.
     = The test is performed but no configuration is discarded.
     ! The test is performed and configurations could be discarded but elite configurations are preserved.
     . All alive configurations are elite and nothing is discarded.

+-+-----------+-----------+-----------+----------------+-----------+--------+-----+----+------+
| |   Instance|      Alive|       Best|       Mean best| Exp so far|  W time|  rho|KenW|  Qvar|
+-+-----------+-----------+-----------+----------------+-----------+--------+-----+----+------+
|x|         13|         71|        867|     32478110.00|         71|00:01:23|   NA|  NA|    NA|
|x|          9|         71|        767|     32446035.50|        137|00:01:13|+0.64|0.82|0.2817|
|x|          6|         71|        767|     32481552.33|        203|00:01:13|+0.59|0.73|0.2692|
|x|          5|         71|        767|     32469893.25|        269|00:01:13|+0.59|0.69|0.2904|
|-|         12|         22|        767|     32468155.80|        335|00:01:12|-0.11|0.12|1.0533|
|=|          4|         22|        767|     32466677.17|        352|00:00:20|-0.04|0.13|0.9786|
|=|          8|         22|        767|     32470528.00|        369|00:00:20|+0.00|0.15|0.9461|
|=|          7|         22|        767|     32501659.00|        386|00:00:20|+0.02|0.14|0.9280|
|=|         10|         22|        767|     32508582.22|        403|00:00:20|+0.00|0.11|0.9574|
|=|          3|         22|        767|     32499569.40|        420|00:00:20|-0.02|0.08|0.9705|
|=|         11|         22|        767|     32515313.18|        437|00:00:21|-0.01|0.08|0.9603|
|=|          2|         22|        842|     32516393.00|        454|00:00:20|-0.02|0.06|0.9697|
|=|          1|         22|        767|     32532456.15|        471|00:00:20|-0.01|0.07|0.9525|
|=|         14|         22|        842|     32533851.57|        493|00:00:31|+0.01|0.08|0.9347|
+-+-----------+-----------+-----------+----------------+-----------+--------+-----+----+------+
Best-so-far configuration:         842    mean value:      32533851.57
Description of the best-so-far configuration:
    .ID. algorithm localsearch alpha beta  rho ants   q0 rasrank elitistants
842  842       acs           3  3.06  1.7 0.21   55 0.84      NA          NA
    nnls dlb .PARENT.
842   11   1      716

# 2025-09-20 13:16:03 -03: Elite configurations (first number is the configuration ID; listed from best to worst according to the sum of ranks):
    algorithm localsearch alpha beta  rho ants   q0 rasrank elitistants nnls
842       acs           3  3.06 1.70 0.21   55 0.84      NA          NA   11
767       acs           3  3.39 4.94 0.25   59 0.76      NA          NA    9
470       acs           3  2.74 3.32 0.20   61 0.94      NA          NA    7
716       acs           3  2.64 3.00 0.21   55 0.82      NA          NA    9
680       acs           3  1.77 3.96 0.08   27 0.68      NA          NA   17
    dlb
842   1
767   1
470   1
716   1
680   1
# 2025-09-20 13:16:03 -03: Iteration 7 of 7
# experimentsUsed: 5118
# remainingBudget: 382
# currentBudget: 382
# nbConfigurations: 30
# Markers:
     x No test is performed.
     c Configurations are discarded only due to capping.
     - The test is performed and some configurations are discarded.
     = The test is performed but no configuration is discarded.
     ! The test is performed and configurations could be discarded but elite configurations are preserved.
     . All alive configurations are elite and nothing is discarded.

+-+-----------+-----------+-----------+----------------+-----------+--------+-----+----+------+
| |   Instance|      Alive|       Best|       Mean best| Exp so far|  W time|  rho|KenW|  Qvar|
+-+-----------+-----------+-----------+----------------+-----------+--------+-----+----+------+
|x|         15|         30|        905|     32439582.00|         30|00:00:31|   NA|  NA|    NA|
|x|         13|         30|        915|     32479655.00|         55|00:00:31|+0.11|0.56|0.8953|
|x|         12|         30|        915|     32479432.67|         80|00:00:31|+0.06|0.38|0.8489|
|x|          9|         30|        716|     32467657.25|        105|00:00:31|+0.17|0.38|0.7488|
|-|          8|         18|        767|     32470801.20|        130|00:00:31|-0.09|0.13|1.0423|
|=|          4|         18|        767|     32468881.67|        143|00:00:20|-0.07|0.11|1.0267|
|=|          7|         18|        767|     32504695.14|        156|00:00:20|-0.04|0.11|1.0065|
|=|          5|         18|        767|     32495972.75|        169|00:00:20|+0.01|0.14|0.9565|
|=|         14|         18|        767|     32509940.56|        182|00:00:20|+0.06|0.16|0.9147|
|=|          6|         18|        470|     32512222.00|        195|00:00:20|+0.06|0.16|0.9052|
|-|         11|         11|        716|     32528720.82|        208|00:00:20|-0.03|0.07|0.9530|
|=|         10|         11|        716|     32533705.17|        214|00:00:10|-0.05|0.04|0.9519|
|=|          3|         11|        716|     32522365.00|        220|00:00:10|-0.04|0.04|0.9502|
|=|          2|         11|        716|     32527921.36|        226|00:00:10|-0.03|0.04|0.9352|
|=|          1|         11|        716|     32535576.53|        232|00:00:10|-0.01|0.06|0.9216|
|=|         16|         11|        915|     32554244.38|        243|00:00:20|-0.02|0.04|0.9265|
+-+-----------+-----------+-----------+----------------+-----------+--------+-----+----+------+
Best-so-far configuration:         915    mean value:      32554244.38
Description of the best-so-far configuration:
    .ID. algorithm localsearch alpha beta  rho ants   q0 rasrank elitistants
915  915       acs           3  3.32 1.73 0.22   58 0.84      NA          NA
    nnls dlb .PARENT.
915   10   1      842

# 2025-09-20 13:21:47 -03: Elite configurations (first number is the configuration ID; listed from best to worst according to the sum of ranks):
    algorithm localsearch alpha beta  rho ants   q0 rasrank elitistants nnls
915       acs           3  3.32 1.73 0.22   58 0.84      NA          NA   10
716       acs           3  2.64 3.00 0.21   55 0.82      NA          NA    9
842       acs           3  3.06 1.70 0.21   55 0.84      NA          NA   11
767       acs           3  3.39 4.94 0.25   59 0.76      NA          NA    9
680       acs           3  1.77 3.96 0.08   27 0.68      NA          NA   17
    dlb
915   1
716   1
842   1
767   1
680   1
# 2025-09-20 13:21:47 -03: Iteration 8 of 8
# experimentsUsed: 5361
# remainingBudget: 139
# currentBudget: 139
# nbConfigurations: 12
# Markers:
     x No test is performed.
     c Configurations are discarded only due to capping.
     - The test is performed and some configurations are discarded.
     = The test is performed but no configuration is discarded.
     ! The test is performed and configurations could be discarded but elite configurations are preserved.
     . All alive configurations are elite and nothing is discarded.

+-+-----------+-----------+-----------+----------------+-----------+--------+-----+----+------+
| |   Instance|      Alive|       Best|       Mean best| Exp so far|  W time|  rho|KenW|  Qvar|
+-+-----------+-----------+-----------+----------------+-----------+--------+-----+----+------+
|x|         17|         12|        927|     32389227.00|         12|00:00:20|   NA|  NA|    NA|
|x|         11|         12|        716|     32525556.50|         19|00:00:10|+0.22|0.61|0.6962|
|x|          6|         12|        716|     32529530.00|         26|00:00:10|+0.10|0.40|0.9794|
|x|          8|         12|        929|     32529602.50|         33|00:00:10|-0.06|0.21|1.0331|
|=|          9|         12|        929|     32502460.80|         40|00:00:10|+0.06|0.24|0.9284|
|=|         13|         12|        929|     32518073.67|         47|00:00:10|+0.04|0.20|0.9013|
|=|          7|         12|        929|     32540756.29|         54|00:00:10|+0.10|0.23|0.8411|
|=|         15|         12|        929|     32532152.00|         61|00:00:10|+0.09|0.21|0.8200|
|=|          2|         12|        929|     32538422.67|         68|00:00:10|+0.09|0.19|0.8082|
|-|         12|          8|        929|     32531369.90|         75|00:00:10|-0.03|0.08|0.9168|
|=|         14|          8|        929|     32536574.09|         78|00:00:10|+0.01|0.10|0.8938|
|=|          3|          8|        929|     32523079.33|         81|00:00:10|-0.03|0.06|0.9144|
|=|         10|          8|        929|     32525824.54|         84|00:00:10|-0.02|0.05|0.9061|
|=|          5|          8|        929|     32522048.36|         87|00:00:10|-0.01|0.07|0.8857|
|=|         16|          8|        929|     32539523.87|         90|00:00:10|+0.00|0.07|0.8848|
|=|          4|          8|        929|     32535592.00|         93|00:00:10|-0.02|0.05|0.9006|
|=|          1|          8|        929|     32546990.94|         96|00:00:10|-0.02|0.04|0.9038|
|=|         18|          8|        915|     32537288.56|        104|00:00:10|-0.03|0.02|0.9072|
+-+-----------+-----------+-----------+----------------+-----------+--------+-----+----+------+
Best-so-far configuration:         915    mean value:      32537288.56
Description of the best-so-far configuration:
    .ID. algorithm localsearch alpha beta  rho ants   q0 rasrank elitistants
915  915       acs           3  3.32 1.73 0.22   58 0.84      NA          NA
    nnls dlb .PARENT.
915   10   1      842

# 2025-09-20 13:25:06 -03: Elite configurations (first number is the configuration ID; listed from best to worst according to the sum of ranks):
    algorithm localsearch alpha beta  rho ants   q0 rasrank elitistants nnls
915       acs           3  3.32 1.73 0.22   58 0.84      NA          NA   10
929       acs           3  3.30 1.29 0.20   54 0.84      NA          NA   11
767       acs           3  3.39 4.94 0.25   59 0.76      NA          NA    9
842       acs           3  3.06 1.70 0.21   55 0.84      NA          NA   11
716       acs           3  2.64 3.00 0.21   55 0.82      NA          NA    9
    dlb
915   1
929   1
767   1
842   1
716   1
# 2025-09-20 13:25:06 -03: Iteration 9 of 9
# experimentsUsed: 5465
# remainingBudget: 35
# currentBudget: 35
# nbConfigurations: 6
# Markers:
     x No test is performed.
     c Configurations are discarded only due to capping.
     - The test is performed and some configurations are discarded.
     = The test is performed but no configuration is discarded.
     ! The test is performed and configurations could be discarded but elite configurations are preserved.
     . All alive configurations are elite and nothing is discarded.

+-+-----------+-----------+-----------+----------------+-----------+--------+-----+----+------+
| |   Instance|      Alive|       Best|       Mean best| Exp so far|  W time|  rho|KenW|  Qvar|
+-+-----------+-----------+-----------+----------------+-----------+--------+-----+----+------+
|x|         19|          6|        767|     32397953.00|          6|00:00:10|   NA|  NA|    NA|
|x|          6|          6|        932|     32490392.00|          7|00:00:10|+0.03|0.51|0.6840|
|x|          2|          6|        932|     32511047.67|          8|00:00:10|-0.10|0.26|0.9846|
|x|          4|          6|        932|     32497531.25|          9|00:00:10|+0.13|0.35|0.7990|
|=|          7|          6|        932|     32535646.00|         10|00:00:10|+0.10|0.28|0.8413|
|=|         13|          6|        932|     32528648.67|         11|00:00:10|+0.12|0.26|0.8387|
|=|          9|          6|        932|     32517483.29|         12|00:00:10|+0.04|0.18|0.8497|
|=|         10|          6|        932|     32531334.00|         13|00:00:10|-0.04|0.09|0.9019|
|=|         14|          6|        929|     32541141.22|         14|00:00:10|-0.03|0.09|0.8924|
|=|          8|          6|        929|     32534196.40|         15|00:00:10|+0.01|0.11|0.8552|
|=|         16|          6|        929|     32556922.27|         16|00:00:10|+0.04|0.13|0.8267|
|=|         18|          6|        929|     32552235.92|         17|00:00:10|+0.01|0.09|0.8368|
|=|         12|          6|        929|     32545748.15|         18|00:00:10|-0.01|0.07|0.8472|
|=|         17|          6|        929|     32537807.71|         19|00:00:10|-0.03|0.04|0.8635|
|=|          1|          6|        929|     32550578.80|         20|00:00:10|-0.04|0.03|0.8599|
|=|         11|          6|        929|     32557847.75|         21|00:00:10|-0.03|0.03|0.8539|
|=|          3|          6|        929|     32547070.65|         22|00:00:10|-0.04|0.02|0.8596|
|=|         15|          6|        929|     32542895.72|         23|00:00:10|-0.04|0.02|0.8671|
|=|          5|          6|        929|     32539214.79|         24|00:00:10|-0.04|0.01|0.8624|
|=|         20|          6|        929|     32545883.55|         30|00:00:10|-0.04|0.01|0.8636|
+-+-----------+-----------+-----------+----------------+-----------+--------+-----+----+------+
Best-so-far configuration:         929    mean value:      32545883.55
Description of the best-so-far configuration:
    .ID. algorithm localsearch alpha beta rho ants   q0 rasrank elitistants
929  929       acs           3   3.3 1.29 0.2   54 0.84      NA          NA
    nnls dlb .PARENT.
929   11   1      842

# 2025-09-20 13:28:35 -03: Elite configurations (first number is the configuration ID; listed from best to worst according to the sum of ranks):
    algorithm localsearch alpha beta  rho ants   q0 rasrank elitistants nnls
929       acs           3  3.30 1.29 0.20   54 0.84      NA          NA   11
915       acs           3  3.32 1.73 0.22   58 0.84      NA          NA   10
842       acs           3  3.06 1.70 0.21   55 0.84      NA          NA   11
767       acs           3  3.39 4.94 0.25   59 0.76      NA          NA    9
932       acs           3  3.36 1.85 0.20   59 0.81      NA          NA   12
    dlb
929   1
915   1
842   1
767   1
932   1
# 2025-09-20 13:28:35 -03: Stopped because there is not enough budget left to race more than the minimum (5).
# You may either increase the budget or set 'minNbSurvival' to a lower value.
# Iteration: 10
# nbIterations: 10
# experimentsUsed: 5495
# timeUsed: 0
# remainingBudget: 5
# currentBudget: 5
# number of elites: 5
# nbConfigurations: 5
# Total CPU user time: 61985.91, CPU sys time: 465.478, Wall-clock time: 6894.949
# 2025-09-20 13:28:35 -03: Starting post-selection:
# Configurations selected: 929, 915, 842, 767, 932.
# Pending instances: 0, 0, 0, 0, 0.
# 2025-09-20 13:28:35 -03: seed: 800123
# Configurations: 5
# Available experiments: 5
# minSurvival: 1
# Markers:
     x No test is performed.
     c Configurations are discarded only due to capping.
     - The test is performed and some configurations are discarded.
     = The test is performed but no configuration is discarded.
     ! The test is performed and configurations could be discarded but elite configurations are preserved.
     . All alive configurations are elite and nothing is discarded.

+-+-----------+-----------+-----------+----------------+-----------+--------+-----+----+------+
| |   Instance|      Alive|       Best|       Mean best| Exp so far|  W time|  rho|KenW|  Qvar|
+-+-----------+-----------+-----------+----------------+-----------+--------+-----+----+------+
|.|          6|          5|        932|     32500951.00|          0|00:00:00|   NA|  NA|    NA|
|.|         15|          5|        932|     32479865.50|          0|00:00:00|+0.40|0.70|0.5413|
|.|          5|          5|        932|     32471766.67|          0|00:00:00|-0.33|0.11|1.0970|
|.|          1|          5|        932|     32544518.25|          0|00:00:00|-0.20|0.10|1.0208|
|.|          3|          5|        932|     32509570.00|          0|00:00:00|-0.12|0.10|0.9461|
|.|         17|          5|        932|     32499509.00|          0|00:00:00|-0.03|0.14|0.8469|
|.|         13|          5|        932|     32498673.71|          0|00:00:00|-0.01|0.13|0.8173|
|.|          2|          5|        932|     32505384.38|          0|00:00:00|+0.06|0.18|0.7459|
|.|         10|          5|        932|     32519040.44|          0|00:00:00|+0.06|0.17|0.7471|
|.|         16|          5|        932|     32546802.70|          0|00:00:00|+0.04|0.14|0.7638|
|.|         14|          5|        932|     32552610.18|          0|00:00:00|+0.04|0.13|0.7722|
|.|         18|          5|        932|     32549106.00|          0|00:00:00|+0.03|0.11|0.7692|
|.|          7|          5|        932|     32559798.23|          0|00:00:00|+0.01|0.09|0.7832|
|.|          8|          5|        932|     32558566.57|          0|00:00:00|-0.01|0.07|0.7956|
|.|          9|          5|        932|     32551361.53|          0|00:00:00|-0.02|0.05|0.8041|
|.|         11|          5|        932|     32559709.69|          0|00:00:00|-0.01|0.05|0.7949|
|.|          4|          5|        932|     32553666.88|          0|00:00:00|-0.04|0.03|0.8153|
|.|         12|          5|        932|     32550100.61|          0|00:00:00|-0.04|0.02|0.8185|
|.|         20|          5|        932|     32555353.74|          0|00:00:00|-0.04|0.01|0.8225|
|.|         19|          5|        932|     32551577.70|          0|00:00:00|-0.04|0.01|0.8234|
|=|         21|          5|        929|     32558817.76|          5|00:00:10|-0.04|0.01|0.8215|
+-+-----------+-----------+-----------+----------------+-----------+--------+-----+----+------+
Best-so-far configuration:         929    mean value:      32558817.76
Description of the best-so-far configuration:
    .ID. algorithm localsearch alpha beta rho ants   q0 rasrank elitistants
929  929       acs           3   3.3 1.29 0.2   54 0.84      NA          NA
    nnls dlb .PARENT.
929   11   1      842

# 2025-09-20 13:28:46 -03: Elite configurations (first number is the configuration ID; listed from best to worst according to the sum of ranks):
    algorithm localsearch alpha beta  rho ants   q0 rasrank elitistants nnls
929       acs           3  3.30 1.29 0.20   54 0.84      NA          NA   11
767       acs           3  3.39 4.94 0.25   59 0.76      NA          NA    9
915       acs           3  3.32 1.73 0.22   58 0.84      NA          NA   10
842       acs           3  3.06 1.70 0.21   55 0.84      NA          NA   11
932       acs           3  3.36 1.85 0.20   59 0.81      NA          NA   12
    dlb
929   1
767   1
915   1
842   1
932   1
# Total CPU user time: 62037.58, CPU sys time: 465.9, Wall-clock time: 6905.482
    .ID. algorithm localsearch alpha beta  rho ants   q0 rasrank elitistants
929  929       acs           3  3.30 1.29 0.20   54 0.84      NA          NA
767  767       acs           3  3.39 4.94 0.25   59 0.76      NA          NA
915  915       acs           3  3.32 1.73 0.22   58 0.84      NA          NA
842  842       acs           3  3.06 1.70 0.21   55 0.84      NA          NA
932  932       acs           3  3.36 1.85 0.20   59 0.81      NA          NA
    nnls dlb .PARENT. .RANK.   .WEIGHT.
929   11   1      842     59 0.33333333
767    9   1      516     61 0.26666667
915   10   1      842     63 0.20000000
842   11   1      716     64 0.13333333
932   12   1      915     68 0.06666667
