# 2025-10-13 13:55:20 -03: Reading parameter file '/home/pestobar/Activities/irace-test-executions/PSO-X-withRanking/Scenarios/BH/Runs/BH_seed_2000419/parameters.txt'.
# 2025-10-13 13:55:20 -03: 2 expression(s) specifying forbidden configurations read.
# 2025-10-13 13:55:20 -03: Initialization
# Elitist race
# Elitist new instances: 1
# Elitist limit: 2
# nbIterations: 5
# minNbSurvival: 5
# nbParameters: 8
# seed: 2000419
# confidence level: 0.95
# budget: 4000
# mu: 5
# deterministic: FALSE

# 2025-10-13 13:55:20 -03: Iteration 1 of 5
# experimentsUsed: 0
# remainingBudget: 4000
# currentBudget: 800
# nbConfigurations: 133
# Markers:
     x No test is performed.
     c Configurations are discarded only due to capping.
     - The test is performed and some configurations are discarded.
     = The test is performed but no configuration is discarded.
     ! The test is performed and configurations could be discarded but elite configurations are preserved.
     . All alive configurations are elite and nothing is discarded.

+-+-----------+-----------+-----------+----------------+-----------+--------+-----+----+------+
| |   Instance|      Alive|       Best|       Mean best| Exp so far|  W time|  rho|KenW|  Qvar|
+-+-----------+-----------+-----------+----------------+-----------+--------+-----+----+------+
|x|          1|        133|         59|     85.36168961|        133|00:00:54|   NA|  NA|    NA|
|x|          2|        133|         59|     44.56561227|        266|00:00:55|+0.96|0.98|0.0803|
|x|          3|        133|        101|     5342.876637|        399|00:00:58|+0.50|0.67|0.4893|
|x|          4|        133|         20|     4651.514621|        532|00:00:55|+0.34|0.51|0.4545|
|-|          5|         54|         41|     19719.93046|        665|00:00:54|-0.04|0.17|0.9908|
|=|          6|         54|        101|     22385.26028|        719|00:00:35|-0.01|0.16|0.9353|
|=|          7|         54|        101|     19317.63756|        773|00:02:56|+0.02|0.16|0.9372|
+-+-----------+-----------+-----------+----------------+-----------+--------+-----+----+------+
Best-so-far configuration:         101    mean value:      19317.63756
Description of the best-so-far configuration:
    .ID. particles topology modInfluence branching tSchedule phi1 phi2 inertia
101  101       175        4            0        NA        NA 1.43    2    0.31
    .PARENT.
101       NA

# 2025-10-13 14:03:30 -03: Elite configurations (first number is the configuration ID; listed from best to worst according to the sum of ranks):
    particles topology modInfluence branching tSchedule phi1 phi2 inertia
101       175        4            0        NA        NA 1.43 2.00    0.31
127        81        4            2        NA        NA 0.38 1.80    0.51
10         36        0            0        NA        NA 0.82 1.91    0.41
41        120        0            0        NA        NA 1.57 1.63    0.12
56         39        4            0        NA        NA 1.33 2.18    0.48
# 2025-10-13 14:03:30 -03: Iteration 2 of 5
# experimentsUsed: 773
# remainingBudget: 3227
# currentBudget: 806
# nbConfigurations: 105
# Markers:
     x No test is performed.
     c Configurations are discarded only due to capping.
     - The test is performed and some configurations are discarded.
     = The test is performed but no configuration is discarded.
     ! The test is performed and configurations could be discarded but elite configurations are preserved.
     . All alive configurations are elite and nothing is discarded.

+-+-----------+-----------+-----------+----------------+-----------+--------+-----+----+------+
| |   Instance|      Alive|       Best|       Mean best| Exp so far|  W time|  rho|KenW|  Qvar|
+-+-----------+-----------+-----------+----------------+-----------+--------+-----+----+------+
|x|          8|        105|        160|     20.09920401|        105|00:00:38|   NA|  NA|    NA|
|x|          7|        105|        178|     466.0361090|        205|00:05:24|+0.63|0.81|0.2600|
|x|          4|        105|        178|     315.7746804|        305|00:00:38|+0.31|0.54|0.1613|
|x|          6|        105|        178|     4389.743976|        405|00:00:43|+0.33|0.50|0.4423|
|-|          3|         44|        178|     6803.296328|        505|00:00:40|+0.02|0.22|1.0218|
|=|          5|         44|        178|     18714.28683|        544|00:00:16|+0.04|0.20|0.9816|
|=|          2|         44|        178|     16041.40773|        583|00:00:16|+0.06|0.19|0.9475|
|-|          1|         21|        178|     14059.22087|        622|00:00:16|-0.08|0.06|0.9929|
|=|          9|         21|        178|     13363.08663|        643|00:00:04|-0.07|0.05|0.9894|
|=|         10|         21|         10|     12895.54763|        664|00:00:26|-0.04|0.06|0.9661|
+-+-----------+-----------+-----------+----------------+-----------+--------+-----+----+------+
Best-so-far configuration:          10    mean value:      12895.54763
Description of the best-so-far configuration:
   .ID. particles topology modInfluence branching tSchedule phi1 phi2 inertia
10   10        36        0            0        NA        NA 0.82 1.91    0.41
   .PARENT.
10       NA

# 2025-10-13 14:12:56 -03: Elite configurations (first number is the configuration ID; listed from best to worst according to the sum of ranks):
    particles topology modInfluence branching tSchedule phi1 phi2 inertia
10         36        0            0        NA        NA 0.82 1.91    0.41
178        75        4            0        NA        NA 1.18 1.90    0.11
202        57        4            0        NA        NA 1.28 2.08    0.37
204       194        4            0        NA        NA 0.89 2.16    0.13
56         39        4            0        NA        NA 1.33 2.18    0.48
# 2025-10-13 14:12:56 -03: Iteration 3 of 5
# experimentsUsed: 1437
# remainingBudget: 2563
# currentBudget: 854
# nbConfigurations: 82
# Markers:
     x No test is performed.
     c Configurations are discarded only due to capping.
     - The test is performed and some configurations are discarded.
     = The test is performed but no configuration is discarded.
     ! The test is performed and configurations could be discarded but elite configurations are preserved.
     . All alive configurations are elite and nothing is discarded.

+-+-----------+-----------+-----------+----------------+-----------+--------+-----+----+------+
| |   Instance|      Alive|       Best|       Mean best| Exp so far|  W time|  rho|KenW|  Qvar|
+-+-----------+-----------+-----------+----------------+-----------+--------+-----+----+------+
|x|         11|         82|        248|    0.2311478260|         82|00:00:23|   NA|  NA|    NA|
|x|          7|         82|        270|     454.6028789|        159|00:04:05|+0.31|0.65|0.0967|
|x|         10|         82|        270|     303.2099903|        236|00:01:22|+0.37|0.58|0.4950|
|x|          8|         82|        306|     233.5216852|        313|00:00:21|+0.41|0.55|0.3954|
|-|          6|         27|        306|     3495.370706|        390|00:00:26|-0.08|0.14|0.9906|
|=|          2|         27|        306|     2913.486289|        412|00:00:03|-0.02|0.15|0.9247|
|=|          3|         27|        270|     4740.077188|        434|00:00:04|-0.01|0.14|0.9170|
|=|          5|         27|         10|     15124.34640|        456|00:00:03|-0.00|0.12|0.8926|
|=|          1|         27|        264|     16880.64469|        478|00:00:03|+0.01|0.12|0.9062|
|=|          4|         27|        259|     14414.95980|        500|00:00:03|+0.01|0.10|0.9274|
|=|          9|         27|        264|     14477.10190|        522|00:00:03|+0.00|0.09|0.9229|
|=|         12|         27|        259|     12652.61471|        549|00:00:39|-0.00|0.08|0.9255|
+-+-----------+-----------+-----------+----------------+-----------+--------+-----+----+------+
Best-so-far configuration:         259    mean value:      12652.61471
Description of the best-so-far configuration:
    .ID. particles topology modInfluence branching tSchedule phi1 phi2 inertia
259  259       167        4            0        NA        NA 1.05 2.26    0.25
    .PARENT.
259      204

# 2025-10-13 14:20:37 -03: Elite configurations (first number is the configuration ID; listed from best to worst according to the sum of ranks):
    particles topology modInfluence branching tSchedule phi1 phi2 inertia
259       167        4            0        NA        NA 1.05 2.26    0.25
298        45        4            0        NA        NA 1.78 2.02    0.50
264        65        4            0        NA        NA 1.37 2.26    0.57
267        96        4            0        NA        NA 1.40 2.50    0.39
10         36        0            0        NA        NA 0.82 1.91    0.41
# 2025-10-13 14:20:37 -03: Iteration 4 of 5
# experimentsUsed: 1986
# remainingBudget: 2014
# currentBudget: 1007
# nbConfigurations: 82
# Markers:
     x No test is performed.
     c Configurations are discarded only due to capping.
     - The test is performed and some configurations are discarded.
     = The test is performed but no configuration is discarded.
     ! The test is performed and configurations could be discarded but elite configurations are preserved.
     . All alive configurations are elite and nothing is discarded.

+-+-----------+-----------+-----------+----------------+-----------+--------+-----+----+------+
| |   Instance|      Alive|       Best|       Mean best| Exp so far|  W time|  rho|KenW|  Qvar|
+-+-----------+-----------+-----------+----------------+-----------+--------+-----+----+------+
|x|         13|         82|        313|     48.19566582|         82|00:00:11|   NA|  NA|    NA|
|x|          8|         82|        326|     51.42446660|        159|00:00:09|-0.19|0.40|0.0675|
|x|          9|         82|        336|     2465.388152|        236|00:00:10|+0.05|0.36|0.0357|
|x|          1|         82|        326|     1908.784507|        313|00:00:09|+0.12|0.34|0.0355|
|=|          4|         82|        382|     1512.139852|        390|00:00:09|+0.05|0.24|0.0380|
|-|         10|         59|        340|     1283.075606|        467|00:01:11|-0.12|0.07|1.0185|
|=|          5|         59|        340|     16907.71497|        521|00:00:06|-0.08|0.07|1.0358|
|=|          3|         59|        340|     16822.09904|        575|00:00:08|-0.07|0.06|0.9969|
|=|          2|         59|        340|     14953.44828|        629|00:00:07|-0.06|0.06|0.9962|
|=|          6|         59|        340|     15126.61882|        683|00:00:09|-0.04|0.06|0.9643|
|=|         12|         59|        340|     13754.35784|        737|00:01:18|-0.03|0.06|0.9705|
|=|         11|         59|        329|     10886.42969|        791|00:00:06|-0.03|0.06|0.9764|
|=|          7|         59|        329|     10119.09559|        845|00:02:54|-0.02|0.05|0.9811|
|=|         14|         59|        298|     11917.82197|        904|00:00:06|-0.04|0.04|0.9863|
+-+-----------+-----------+-----------+----------------+-----------+--------+-----+----+------+
Best-so-far configuration:         298    mean value:      11917.82197
Description of the best-so-far configuration:
    .ID. particles topology modInfluence branching tSchedule phi1 phi2 inertia
298  298        45        4            0        NA        NA 1.78 2.02     0.5
    .PARENT.
298      202

# 2025-10-13 14:27:38 -03: Elite configurations (first number is the configuration ID; listed from best to worst according to the sum of ranks):
    particles topology modInfluence branching tSchedule phi1 phi2 inertia
298        45        4            0        NA        NA 1.78 2.02    0.50
340        80        4            0        NA        NA 1.11 2.38    0.36
267        96        4            0        NA        NA 1.40 2.50    0.39
328       194        4            0        NA        NA 1.24 2.46    0.24
329       195        4            0        NA        NA 0.90 2.27    0.40
# 2025-10-13 14:27:38 -03: Iteration 5 of 5
# experimentsUsed: 2890
# remainingBudget: 1110
# currentBudget: 1110
# nbConfigurations: 78
# Markers:
     x No test is performed.
     c Configurations are discarded only due to capping.
     - The test is performed and some configurations are discarded.
     = The test is performed but no configuration is discarded.
     ! The test is performed and configurations could be discarded but elite configurations are preserved.
     . All alive configurations are elite and nothing is discarded.

+-+-----------+-----------+-----------+----------------+-----------+--------+-----+----+------+
| |   Instance|      Alive|       Best|       Mean best| Exp so far|  W time|  rho|KenW|  Qvar|
+-+-----------+-----------+-----------+----------------+-----------+--------+-----+----+------+
|x|         15|         78|        441|     4.448391173|         78|00:00:08|   NA|  NA|    NA|
|x|          9|         78|        451|     3680.152239|        151|00:00:10|-0.24|0.38|1.0069|
|x|          5|         78|        451|     36806.60852|        224|00:00:09|-0.09|0.28|0.9554|
|x|         12|         78|        451|     27612.47479|        297|00:01:44|-0.05|0.21|0.9963|
|=|         13|         78|        451|     22107.60599|        370|00:00:10|+0.02|0.21|0.9171|
|=|          1|         78|        454|     13177.87268|        443|00:00:09|+0.02|0.19|0.9577|
|-|         11|         54|        453|     12843.17155|        516|00:00:09|-0.06|0.09|1.0259|
|=|          7|         54|        411|     9920.687779|        565|00:02:25|-0.03|0.10|1.0000|
|=|          2|         54|        411|     8818.842881|        614|00:00:06|-0.02|0.09|0.9788|
|=|          8|         54|        426|     10389.28550|        663|00:00:06|-0.02|0.08|0.9728|
|=|          6|         54|        426|     10980.45261|        712|00:00:08|-0.03|0.06|0.9729|
|=|          4|         54|        426|     10066.69328|        761|00:00:06|-0.02|0.07|0.9796|
|=|         10|         54|        426|     9292.361075|        810|00:00:44|-0.01|0.06|0.9809|
|=|          3|         54|        426|     9779.460575|        859|00:00:07|-0.01|0.06|0.9676|
|=|         14|         54|        426|     9145.415379|        908|00:00:05|-0.01|0.06|0.9697|
|=|         16|         54|        394|     8583.943398|        962|00:00:06|+0.00|0.06|0.9546|
+-+-----------+-----------+-----------+----------------+-----------+--------+-----+----+------+
Best-so-far configuration:         394    mean value:      8583.943398
Description of the best-so-far configuration:
    .ID. particles topology modInfluence branching tSchedule phi1 phi2 inertia
394  394        89        4            0        NA        NA 1.39 2.41    0.37
    .PARENT.
394      267

# 2025-10-13 14:34:20 -03: Elite configurations (first number is the configuration ID; listed from best to worst according to the sum of ranks):
    particles topology modInfluence branching tSchedule phi1 phi2 inertia
394        89        4            0        NA        NA 1.39 2.41    0.37
419        93        4            0        NA        NA 1.10 2.35    0.41
425        69        4            0        NA        NA 1.04 2.40    0.42
393       195        4            0        NA        NA 1.23 2.32    0.33
420       100        4            0        NA        NA 1.68 2.39    0.38
# 2025-10-13 14:34:20 -03: Iteration 6 of 6
# experimentsUsed: 3852
# remainingBudget: 148
# currentBudget: 148
# nbConfigurations: 13
# Markers:
     x No test is performed.
     c Configurations are discarded only due to capping.
     - The test is performed and some configurations are discarded.
     = The test is performed but no configuration is discarded.
     ! The test is performed and configurations could be discarded but elite configurations are preserved.
     . All alive configurations are elite and nothing is discarded.

+-+-----------+-----------+-----------+----------------+-----------+--------+-----+----+------+
| |   Instance|      Alive|       Best|       Mean best| Exp so far|  W time|  rho|KenW|  Qvar|
+-+-----------+-----------+-----------+----------------+-----------+--------+-----+----+------+
|x|         17|         13|        394|    0.5953345240|         13|00:00:01|   NA|  NA|    NA|
|x|         16|         13|        420|    0.3891211307|         21|00:00:01|+0.21|0.61|0.3874|
|x|          7|         13|        394|     303.0050744|         29|00:00:29|+0.42|0.61|0.3314|
|x|          1|         13|        394|     256.7316715|         37|00:00:01|+0.36|0.52|0.3986|
|-|         15|         11|        466|     204.7208835|         45|00:00:01|+0.25|0.40|0.6486|
|=|          4|         11|        394|     174.5732137|         51|00:00:01|+0.12|0.26|0.8256|
|=|          9|         11|        394|     1207.582460|         57|00:00:01|+0.06|0.19|0.8778|
|=|          3|         11|        394|     3019.288787|         63|00:00:01|+0.01|0.13|0.9124|
|=|          2|         11|        394|     2684.275973|         69|00:00:01|+0.01|0.12|0.9140|
|=|         12|         11|        394|     2419.067865|         75|00:00:13|-0.01|0.09|0.9273|
|=|          8|         11|        394|     2201.776874|         81|00:00:01|+0.00|0.09|0.9090|
|=|         13|         11|        394|     2025.359363|         87|00:00:01|+0.01|0.09|0.9073|
|=|         14|         11|        394|     1871.256934|         93|00:00:00|+0.02|0.09|0.8958|
|=|          6|         11|        394|     2947.358525|         99|00:00:01|+0.00|0.08|0.9039|
|=|         10|         11|        394|     2750.905537|        105|00:00:08|+0.02|0.09|0.8924|
|=|         11|         11|        466|     2633.012662|        111|00:00:01|+0.02|0.08|0.8891|
|=|          5|         11|        394|     8079.040571|        117|00:00:01|+0.01|0.07|0.8962|
|=|         18|         11|        394|     7648.932142|        128|00:00:01|+0.00|0.06|0.9007|
+-+-----------+-----------+-----------+----------------+-----------+--------+-----+----+------+
Best-so-far configuration:         394    mean value:      7648.932142
Description of the best-so-far configuration:
    .ID. particles topology modInfluence branching tSchedule phi1 phi2 inertia
394  394        89        4            0        NA        NA 1.39 2.41    0.37
    .PARENT.
394      267

# 2025-10-13 14:35:32 -03: Elite configurations (first number is the configuration ID; listed from best to worst according to the sum of ranks):
    particles topology modInfluence branching tSchedule phi1 phi2 inertia
394        89        4            0        NA        NA 1.39 2.41    0.37
466        77        4            0        NA        NA 1.28 2.47    0.42
420       100        4            0        NA        NA 1.68 2.39    0.38
468        92        4            0        NA        NA 1.46 2.39    0.32
467        79        4            0        NA        NA 0.93 2.41    0.41
# 2025-10-13 14:35:32 -03: Iteration 7 of 7
# experimentsUsed: 3980
# remainingBudget: 20
# currentBudget: 20
# nbConfigurations: 6
# Markers:
     x No test is performed.
     c Configurations are discarded only due to capping.
     - The test is performed and some configurations are discarded.
     = The test is performed but no configuration is discarded.
     ! The test is performed and configurations could be discarded but elite configurations are preserved.
     . All alive configurations are elite and nothing is discarded.

+-+-----------+-----------+-----------+----------------+-----------+--------+-----+----+------+
| |   Instance|      Alive|       Best|       Mean best| Exp so far|  W time|  rho|KenW|  Qvar|
+-+-----------+-----------+-----------+----------------+-----------+--------+-----+----+------+
|x|          9|          6|        467|     7247.772820|          1|00:00:01|   NA|  NA|    NA|
|x|         10|          6|        466|     3667.154108|          2|00:00:08|+0.26|0.63|0.4398|
|x|         13|          6|        466|     2468.561934|          3|00:00:01|+0.56|0.71|0.3279|
|x|          5|          6|        467|     28101.44300|          4|00:00:01|+0.00|0.25|0.8046|
|=|          8|          6|        466|     27431.99906|          5|00:00:01|-0.04|0.17|0.7944|
|=|         14|          6|        466|     22862.46540|          6|00:00:00|+0.08|0.23|0.6918|
|=|         12|          6|        467|     16068.31447|          7|00:00:12|+0.01|0.15|0.7469|
|=|          2|          6|        467|     14060.31139|          8|00:00:01|-0.06|0.07|0.8355|
|=|          3|          6|        467|     14307.00480|          9|00:00:01|-0.08|0.04|0.8639|
|=|         11|          6|        466|     15370.67366|         10|00:00:01|-0.09|0.02|0.8964|
|=|         17|          6|        468|     15341.14813|         11|00:00:00|-0.08|0.01|0.9065|
|=|         15|          6|        466|     12809.35728|         12|00:00:00|-0.07|0.02|0.8962|
|=|          4|          6|        466|     11825.22668|         13|00:00:01|-0.07|0.01|0.8867|
|=|         18|          6|        466|     11004.15496|         14|00:00:00|-0.06|0.01|0.8902|
|=|          6|          6|        466|     11411.08926|         15|00:00:01|-0.06|0.01|0.8910|
|=|          7|          6|        466|     10754.70312|         16|00:00:28|-0.05|0.02|0.8850|
|=|         16|          6|        466|     10122.07860|         17|00:00:01|-0.05|0.01|0.8809|
|=|          1|          6|        466|     9565.799585|         18|00:00:01|-0.04|0.01|0.8732|
+-+-----------+-----------+-----------+----------------+-----------+--------+-----+----+------+
Best-so-far configuration:         466    mean value:      9565.799585
Description of the best-so-far configuration:
    .ID. particles topology modInfluence branching tSchedule phi1 phi2 inertia
466  466        77        4            0        NA        NA 1.28 2.47    0.42
    .PARENT.
466      394

# 2025-10-13 14:36:37 -03: Elite configurations (first number is the configuration ID; listed from best to worst according to the sum of ranks):
    particles topology modInfluence branching tSchedule phi1 phi2 inertia
466        77        4            0        NA        NA 1.28 2.47    0.42
394        89        4            0        NA        NA 1.39 2.41    0.37
420       100        4            0        NA        NA 1.68 2.39    0.38
468        92        4            0        NA        NA 1.46 2.39    0.32
467        79        4            0        NA        NA 0.93 2.41    0.41
# 2025-10-13 14:36:37 -03: Stopped because there is not enough budget left to race more than the minimum (5).
# You may either increase the budget or set 'minNbSurvival' to a lower value.
# Iteration: 8
# nbIterations: 8
# experimentsUsed: 3998
# timeUsed: 0
# remainingBudget: 2
# currentBudget: 2
# number of elites: 5
# nbConfigurations: 5
# Total CPU user time: 20883.95, CPU sys time: 169.637, Wall-clock time: 2476.605
# 2025-10-13 14:36:37 -03: Starting post-selection:
# Configurations selected: 466, 394.
# Pending instances: 0, 0.
# 2025-10-13 14:36:37 -03: seed: 2000419
# Configurations: 2
# Available experiments: 2
# minSurvival: 1
# Markers:
     x No test is performed.
     c Configurations are discarded only due to capping.
     - The test is performed and some configurations are discarded.
     = The test is performed but no configuration is discarded.
     ! The test is performed and configurations could be discarded but elite configurations are preserved.
     . All alive configurations are elite and nothing is discarded.

+-+-----------+-----------+-----------+----------------+-----------+--------+-----+----+------+
| |   Instance|      Alive|       Best|       Mean best| Exp so far|  W time|  rho|KenW|  Qvar|
+-+-----------+-----------+-----------+----------------+-----------+--------+-----+----+------+
|.|          1|          2|        466|     109.0563768|          0|00:00:00|   NA|  NA|    NA|
|.|          6|          2|        466|     8608.612908|          0|00:00:00|-1.00|0.00|1.0000|
|.|         13|          2|        466|     5762.867800|          0|00:00:00|-0.33|0.11|0.6667|
|.|         10|          2|        466|     4322.237012|          0|00:00:00|+0.00|0.25|0.5000|
|.|          5|          2|        466|     29402.98308|          0|00:00:00|-0.20|0.04|0.6000|
|.|         16|          2|        466|     24502.50027|          0|00:00:00|-0.07|0.11|0.5333|
|.|          8|          2|        466|     21006.19197|          0|00:00:00|+0.05|0.18|0.4762|
|.|         12|          2|        466|     18384.65365|          0|00:00:00|-0.07|0.06|0.5357|
|.|         15|          2|        466|     16342.44931|          0|00:00:00|+0.00|0.11|0.5000|
|.|          7|          2|        466|     14799.09548|          0|00:00:00|-0.07|0.04|0.5333|
|.|          3|          2|        466|     14953.14386|          0|00:00:00|-0.09|0.01|0.5455|
|.|          2|          2|        466|     13707.39061|          0|00:00:00|-0.06|0.03|0.5303|
|.|         14|          2|        466|     12654.11418|          0|00:00:00|-0.03|0.05|0.5128|
|.|         17|          2|        466|     11750.30147|          0|00:00:00|-0.05|0.02|0.5275|
|.|          4|          2|        466|     10967.99200|          0|00:00:00|-0.07|0.00|0.5333|
|.|         11|          2|        466|     10282.51290|          0|00:00:00|-0.05|0.02|0.5250|
|.|         18|          2|        466|     9697.084056|          0|00:00:00|-0.03|0.03|0.5147|
|.|          9|          2|        466|     9565.799585|          0|00:00:00|-0.01|0.05|0.5033|
|=|         19|          2|        466|     10680.31747|          2|00:00:01|+0.02|0.07|0.4912|
+-+-----------+-----------+-----------+----------------+-----------+--------+-----+----+------+
Best-so-far configuration:         466    mean value:      10680.31747
Description of the best-so-far configuration:
    .ID. particles topology modInfluence branching tSchedule phi1 phi2 inertia
466  466        77        4            0        NA        NA 1.28 2.47    0.42
    .PARENT.
466      394

# 2025-10-13 14:36:38 -03: Elite configurations (first number is the configuration ID; listed from best to worst according to the sum of ranks):
    particles topology modInfluence branching tSchedule phi1 phi2 inertia
466        77        4            0        NA        NA 1.28 2.47    0.42
394        89        4            0        NA        NA 1.39 2.41    0.37
# Total CPU user time: 20886.03, CPU sys time: 169.734, Wall-clock time: 2477.708
    .ID. particles topology modInfluence branching tSchedule phi1 phi2 inertia
466  466        77        4            0        NA        NA 1.28 2.47    0.42
394  394        89        4            0        NA        NA 1.39 2.41    0.37
    .PARENT. .RANK.  .WEIGHT.
466      394     26 0.6666667
394      267     31 0.3333333
