# 2025-09-19 05:24:20 -03: Reading parameter file '/home/dianag/PruebasPablo/irace-test-executions/ACOTSP-withRanking/Scenarios-2/BH-90/Runs/BH-90_seed_800123/parameters.txt'.
# 2025-09-19 05:24:20 -03: 1 expression(s) specifying forbidden configurations read.
# 2025-09-19 05:24:20 -03: Initialization
# Elitist race
# Elitist new instances: 1
# Elitist limit: 2
# nbIterations: 5
# minNbSurvival: 5
# nbParameters: 11
# seed: 800123
# confidence level: 0.95
# budget: 5500
# mu: 5
# deterministic: FALSE

# 2025-09-19 05:24:20 -03: Iteration 1 of 5
# experimentsUsed: 0
# remainingBudget: 5500
# currentBudget: 1100
# nbConfigurations: 90
# Markers:
     x No test is performed.
     c Configurations are discarded only due to capping.
     - The test is performed and some configurations are discarded.
     = The test is performed but no configuration is discarded.
     ! The test is performed and configurations could be discarded but elite configurations are preserved.
     . All alive configurations are elite and nothing is discarded.

+-+-----------+-----------+-----------+----------------+-----------+--------+-----+----+------+
| |   Instance|      Alive|       Best|       Mean best| Exp so far|  W time|  rho|KenW|  Qvar|
+-+-----------+-----------+-----------+----------------+-----------+--------+-----+----+------+
|x|          1|         90|         66|     32761023.00|         90|00:01:58|   NA|  NA|    NA|
|x|          2|         90|         66|     32699295.00|        180|00:02:04|+0.97|0.99|0.0009|
|x|          3|         90|         66|     32602920.00|        270|00:01:58|+0.98|0.98|0.0012|
|x|          4|         90|         66|     32576888.75|        360|00:01:57|+0.98|0.98|0.0013|
|-|          5|          3|         66|     32561326.60|        450|00:02:00|+0.80|0.84|0.2334|
+-+-----------+-----------+-----------+----------------+-----------+--------+-----+----+------+
Best-so-far configuration:          66    mean value:      32561326.60
Description of the best-so-far configuration:
   .ID. algorithm localsearch alpha beta  rho ants   q0 rasrank elitistants
66   66       acs           3  3.36 2.28 0.22   55 0.86      NA          NA
   nnls dlb .PARENT.
66    8   0       NA

# 2025-09-19 05:34:19 -03: Elite configurations (first number is the configuration ID; listed from best to worst according to the sum of ranks):
   algorithm localsearch alpha beta  rho ants   q0 rasrank elitistants nnls dlb
66       acs           3  3.36 2.28 0.22   55 0.86      NA          NA    8   0
10       ras           3  4.34 0.49 0.94   85   NA      15          NA   35   0
23       eas           3  4.50 8.92 0.48   94   NA      NA         129   16   1
# 2025-09-19 05:34:19 -03: Iteration 2 of 5
# experimentsUsed: 450
# remainingBudget: 5050
# currentBudget: 1262
# nbConfigurations: 90
# Markers:
     x No test is performed.
     c Configurations are discarded only due to capping.
     - The test is performed and some configurations are discarded.
     = The test is performed but no configuration is discarded.
     ! The test is performed and configurations could be discarded but elite configurations are preserved.
     . All alive configurations are elite and nothing is discarded.

+-+-----------+-----------+-----------+----------------+-----------+--------+-----+----+------+
| |   Instance|      Alive|       Best|       Mean best| Exp so far|  W time|  rho|KenW|  Qvar|
+-+-----------+-----------+-----------+----------------+-----------+--------+-----+----+------+
|x|          6|         90|         23|     32525106.00|         90|00:01:46|   NA|  NA|    NA|
|x|          4|         90|         66|     32543583.50|        177|00:01:44|+0.96|0.98|0.0029|
|x|          5|         90|         66|     32528748.33|        264|00:01:44|+0.96|0.98|0.0030|
|x|          3|         90|         66|     32499103.75|        351|00:01:44|+0.96|0.97|0.0025|
|-|          1|          8|         66|     32551487.60|        438|00:01:44|-0.00|0.20|0.8737|
|=|          2|          8|         66|     32565834.17|        443|00:00:26|+0.04|0.20|0.8526|
|=|          7|          8|         66|     32594657.57|        451|00:00:28|+0.03|0.17|0.8274|
+-+-----------+-----------+-----------+----------------+-----------+--------+-----+----+------+
Best-so-far configuration:          66    mean value:      32594657.57
Description of the best-so-far configuration:
   .ID. algorithm localsearch alpha beta  rho ants   q0 rasrank elitistants
66   66       acs           3  3.36 2.28 0.22   55 0.86      NA          NA
   nnls dlb .PARENT.
66    8   0       NA

# 2025-09-19 05:43:59 -03: Elite configurations (first number is the configuration ID; listed from best to worst according to the sum of ranks):
    algorithm localsearch alpha beta  rho ants   q0 rasrank elitistants nnls
66        acs           3  3.36 2.28 0.22   55 0.86      NA          NA    8
97        eas           3  3.15 3.57 0.23   70   NA      NA         182   16
155       acs           3  3.42 2.94 0.24   69 0.96      NA          NA   20
164       acs           3  3.48 0.72 0.72   61 0.77      NA          NA    6
10        ras           3  4.34 0.49 0.94   85   NA      15          NA   35
    dlb
66    0
97    1
155   0
164   0
10    0
# 2025-09-19 05:43:59 -03: Iteration 3 of 5
# experimentsUsed: 901
# remainingBudget: 4599
# currentBudget: 1533
# nbConfigurations: 90
# Markers:
     x No test is performed.
     c Configurations are discarded only due to capping.
     - The test is performed and some configurations are discarded.
     = The test is performed but no configuration is discarded.
     ! The test is performed and configurations could be discarded but elite configurations are preserved.
     . All alive configurations are elite and nothing is discarded.

+-+-----------+-----------+-----------+----------------+-----------+--------+-----+----+------+
| |   Instance|      Alive|       Best|       Mean best| Exp so far|  W time|  rho|KenW|  Qvar|
+-+-----------+-----------+-----------+----------------+-----------+--------+-----+----+------+
|x|          8|         90|        164|     32486769.00|         90|00:02:09|   NA|  NA|    NA|
|x|          7|         90|        244|     32638557.00|        175|00:02:05|+0.93|0.96|0.0024|
|x|          6|         90|        182|     32615632.33|        260|00:02:03|+0.88|0.92|0.0018|
|x|          1|         90|        244|     32625234.75|        345|00:02:11|+0.89|0.91|0.0021|
|-|          3|         13|        244|     32574387.80|        430|00:02:04|+0.24|0.39|0.6662|
|-|          2|          7|        244|     32575918.83|        438|00:00:10|+0.43|0.52|0.5050|
|!|          4|          7|        244|     32559862.14|        440|00:00:10|+0.41|0.50|0.4929|
|-|          5|          2|        244|     32541257.12|        442|00:00:10|-0.07|0.06|0.5357|
+-+-----------+-----------+-----------+----------------+-----------+--------+-----+----+------+
Best-so-far configuration:         244    mean value:      32541257.12
Description of the best-so-far configuration:
    .ID. algorithm localsearch alpha beta  rho ants   q0 rasrank elitistants
244  244       acs           3  3.37 5.14 0.47   67 0.82      NA          NA
    nnls dlb .PARENT.
244   17   1       66

# 2025-09-19 05:55:04 -03: Elite configurations (first number is the configuration ID; listed from best to worst according to the sum of ranks):
    algorithm localsearch alpha beta  rho ants   q0 rasrank elitistants nnls
244       acs           3  3.37 5.14 0.47   67 0.82      NA          NA   17
182       acs           3  4.80 2.87 0.30   65 0.59      NA          NA   22
    dlb
244   1
182   1
# 2025-09-19 05:55:04 -03: Iteration 4 of 5
# experimentsUsed: 1343
# remainingBudget: 4157
# currentBudget: 2078
# nbConfigurations: 90
# Markers:
     x No test is performed.
     c Configurations are discarded only due to capping.
     - The test is performed and some configurations are discarded.
     = The test is performed but no configuration is discarded.
     ! The test is performed and configurations could be discarded but elite configurations are preserved.
     . All alive configurations are elite and nothing is discarded.

+-+-----------+-----------+-----------+----------------+-----------+--------+-----+----+------+
| |   Instance|      Alive|       Best|       Mean best| Exp so far|  W time|  rho|KenW|  Qvar|
+-+-----------+-----------+-----------+----------------+-----------+--------+-----+----+------+
|x|          9|         90|        294|     32386057.00|         90|00:01:48|   NA|  NA|    NA|
|x|          4|         90|        275|     32434543.50|        178|00:01:46|+0.89|0.94|0.0059|
|x|          2|         90|        283|     32471981.33|        266|00:01:48|+0.85|0.90|0.0038|
|x|          7|         90|        283|     32533725.25|        354|00:01:47|+0.85|0.89|0.0040|
|-|          8|         17|        319|     32551062.00|        442|00:01:47|-0.05|0.16|0.9800|
|=|          3|         17|        283|     32510396.50|        457|00:00:20|+0.03|0.19|0.8973|
|=|          1|         17|        319|     32542838.57|        472|00:00:20|+0.08|0.21|0.8625|
|-|          5|         11|        319|     32532125.12|        487|00:00:20|-0.00|0.12|0.9250|
|=|          6|         11|        321|     32543558.56|        496|00:00:10|+0.01|0.12|0.8965|
|=|         10|         11|        321|     32541322.40|        507|00:00:20|+0.04|0.14|0.8690|
+-+-----------+-----------+-----------+----------------+-----------+--------+-----+----+------+
Best-so-far configuration:         321    mean value:      32541322.40
Description of the best-so-far configuration:
    .ID. algorithm localsearch alpha beta  rho ants  q0 rasrank elitistants
321  321       acs           3  3.17 5.59 0.48   69 0.8      NA          NA
    nnls dlb .PARENT.
321   13   1      244

# 2025-09-19 06:05:36 -03: Elite configurations (first number is the configuration ID; listed from best to worst according to the sum of ranks):
    algorithm localsearch alpha beta  rho ants   q0 rasrank elitistants nnls
321       acs           3  3.17 5.59 0.48   69 0.80      NA          NA   13
294       acs           3  3.17 4.77 0.57   67 0.77      NA          NA   10
244       acs           3  3.37 5.14 0.47   67 0.82      NA          NA   17
319       acs           3  4.04 5.25 0.66   70 0.80      NA          NA   23
286       acs           3  2.68 4.30 0.47   56 0.59      NA          NA   20
    dlb
321   1
294   1
244   1
319   1
286   1
# 2025-09-19 06:05:36 -03: Iteration 5 of 5
# experimentsUsed: 1850
# remainingBudget: 3650
# currentBudget: 3650
# nbConfigurations: 90
# Markers:
     x No test is performed.
     c Configurations are discarded only due to capping.
     - The test is performed and some configurations are discarded.
     = The test is performed but no configuration is discarded.
     ! The test is performed and configurations could be discarded but elite configurations are preserved.
     . All alive configurations are elite and nothing is discarded.

+-+-----------+-----------+-----------+----------------+-----------+--------+-----+----+------+
| |   Instance|      Alive|       Best|       Mean best| Exp so far|  W time|  rho|KenW|  Qvar|
+-+-----------+-----------+-----------+----------------+-----------+--------+-----+----+------+
|x|         11|         90|        244|     32654856.00|         90|00:01:40|   NA|  NA|    NA|
|x|          7|         90|        432|     32663930.00|        175|00:01:33|+0.61|0.81|0.0976|
|x|          5|         90|        244|     32600026.67|        260|00:01:33|+0.67|0.78|0.1035|
|x|          3|         90|        244|     32542770.00|        345|00:01:33|+0.68|0.76|0.1101|
|-|          2|         29|        244|     32550930.80|        430|00:01:33|-0.10|0.12|1.0878|
|=|         10|         29|        244|     32537223.00|        454|00:00:31|-0.04|0.13|1.0224|
|=|          8|         29|        244|     32538035.71|        478|00:00:31|-0.03|0.12|1.0100|
|=|          6|         29|        244|     32541547.50|        502|00:00:31|-0.00|0.12|0.9846|
|=|          4|         29|        244|     32532878.00|        526|00:00:31|+0.01|0.12|0.9694|
|=|          1|         29|        244|     32545359.70|        550|00:00:31|-0.00|0.10|0.9775|
|=|          9|         29|        393|     32541433.18|        574|00:00:31|-0.01|0.09|0.9808|
|=|         12|         29|        393|     32536058.42|        603|00:00:31|-0.01|0.07|0.9823|
+-+-----------+-----------+-----------+----------------+-----------+--------+-----+----+------+
Best-so-far configuration:         393    mean value:      32536058.42
Description of the best-so-far configuration:
    .ID. algorithm localsearch alpha beta  rho ants  q0 rasrank elitistants
393  393       acs           3  2.75 5.82 0.57   63 0.8      NA          NA
    nnls dlb .PARENT.
393    9   1      294

# 2025-09-19 06:17:10 -03: Elite configurations (first number is the configuration ID; listed from best to worst according to the sum of ranks):
    algorithm localsearch alpha beta  rho ants   q0 rasrank elitistants nnls
393       acs           3  2.75 5.82 0.57   63 0.80      NA          NA    9
244       acs           3  3.37 5.14 0.47   67 0.82      NA          NA   17
435       acs           3  2.79 4.73 0.42   69 0.87      NA          NA   13
382       acs           3  3.61 6.33 0.60   67 0.85      NA          NA   16
434       acs           3  3.08 2.71 0.38   66 0.89      NA          NA   16
    dlb
393   1
244   1
435   1
382   1
434   1
# 2025-09-19 06:17:10 -03: Iteration 6 of 6
# experimentsUsed: 2453
# remainingBudget: 3047
# currentBudget: 3047
# nbConfigurations: 90
# Markers:
     x No test is performed.
     c Configurations are discarded only due to capping.
     - The test is performed and some configurations are discarded.
     = The test is performed but no configuration is discarded.
     ! The test is performed and configurations could be discarded but elite configurations are preserved.
     . All alive configurations are elite and nothing is discarded.

+-+-----------+-----------+-----------+----------------+-----------+--------+-----+----+------+
| |   Instance|      Alive|       Best|       Mean best| Exp so far|  W time|  rho|KenW|  Qvar|
+-+-----------+-----------+-----------+----------------+-----------+--------+-----+----+------+
|x|         13|         90|        515|     32448318.00|         90|00:01:37|   NA|  NA|    NA|
|x|         12|         90|        461|     32477042.00|        175|00:01:33|+0.48|0.74|0.4033|
|x|         10|         90|        461|     32482421.33|        260|00:01:33|+0.51|0.68|0.3286|
|x|          6|         90|        439|     32506205.00|        345|00:01:33|+0.48|0.61|0.3729|
|-|         11|         41|        439|     32549259.20|        430|00:01:33|-0.08|0.14|1.0691|
|=|          2|         41|        474|     32547988.33|        466|00:00:41|-0.06|0.12|1.0328|
|=|          9|         41|        474|     32532101.43|        502|00:00:41|-0.05|0.10|1.0270|
|=|          8|         41|        474|     32529165.50|        538|00:00:41|-0.03|0.10|1.0094|
|=|          7|         41|        474|     32550436.44|        574|00:00:41|-0.01|0.10|0.9960|
|=|          1|         41|        474|     32564754.70|        610|00:00:41|+0.02|0.12|0.9614|
|=|          5|         41|        474|     32553303.18|        646|00:00:41|+0.03|0.12|0.9487|
|=|          3|         41|        474|     32535020.25|        682|00:00:41|+0.04|0.12|0.9383|
|-|          4|         23|        474|     32528833.00|        718|00:00:41|-0.05|0.03|0.9961|
|=|         14|         23|        474|     32537116.43|        741|00:00:31|-0.04|0.03|0.9952|
|=|         15|         23|        474|     32535106.27|        764|00:00:31|-0.03|0.04|0.9858|
+-+-----------+-----------+-----------+----------------+-----------+--------+-----+----+------+
Best-so-far configuration:         474    mean value:      32535106.27
Description of the best-so-far configuration:
    .ID. algorithm localsearch alpha beta  rho ants   q0 rasrank elitistants
474  474       acs           3  2.85 4.52 0.43   62 0.78      NA          NA
    nnls dlb .PARENT.
474   19   1      435

# 2025-09-19 06:31:39 -03: Elite configurations (first number is the configuration ID; listed from best to worst according to the sum of ranks):
    algorithm localsearch alpha beta  rho ants   q0 rasrank elitistants nnls
474       acs           3  2.85 4.52 0.43   62 0.78      NA          NA   19
393       acs           3  2.75 5.82 0.57   63 0.80      NA          NA    9
495       acs           3  3.82 6.49 0.65   69 0.82      NA          NA   15
461       acs           3  3.25 5.38 0.44   64 0.86      NA          NA   11
447       acs           3  2.59 4.97 0.60   59 0.76      NA          NA   13
    dlb
474   1
393   1
495   1
461   1
447   1
# 2025-09-19 06:31:39 -03: Iteration 7 of 7
# experimentsUsed: 3217
# remainingBudget: 2283
# currentBudget: 2283
# nbConfigurations: 90
# Markers:
     x No test is performed.
     c Configurations are discarded only due to capping.
     - The test is performed and some configurations are discarded.
     = The test is performed but no configuration is discarded.
     ! The test is performed and configurations could be discarded but elite configurations are preserved.
     . All alive configurations are elite and nothing is discarded.

+-+-----------+-----------+-----------+----------------+-----------+--------+-----+----+------+
| |   Instance|      Alive|       Best|       Mean best| Exp so far|  W time|  rho|KenW|  Qvar|
+-+-----------+-----------+-----------+----------------+-----------+--------+-----+----+------+
|x|         16|         90|        563|     32724247.00|         90|00:01:34|   NA|  NA|    NA|
|x|         12|         90|        563|     32594730.00|        175|00:01:33|+0.00|0.50|0.9142|
|x|         14|         90|        576|     32613046.67|        260|00:01:33|+0.14|0.43|0.7780|
|x|          2|         90|        603|     32586115.00|        345|00:01:33|+0.17|0.38|0.7176|
|-|         11|         48|        589|     32602036.60|        430|00:01:33|-0.12|0.10|1.0939|
|=|         10|         48|        603|     32599613.17|        473|00:00:52|-0.09|0.09|1.0560|
|=|          9|         48|        534|     32573799.00|        516|00:00:52|-0.07|0.09|1.0363|
|=|          6|         48|        534|     32567419.12|        559|00:00:52|-0.03|0.10|1.0034|
|=|          7|         48|        534|     32583806.89|        602|00:00:52|-0.01|0.10|0.9870|
|=|         15|         48|        534|     32565707.00|        645|00:00:52|-0.00|0.10|0.9781|
|=|          1|         48|        534|     32579817.27|        688|00:00:52|-0.01|0.08|0.9849|
|=|          8|         48|        563|     32572960.83|        731|00:00:52|-0.00|0.08|0.9740|
|=|         13|         48|        563|     32568076.85|        774|00:00:51|+0.00|0.08|0.9693|
|=|          4|         48|        563|     32565749.00|        817|00:00:52|-0.00|0.07|0.9762|
|=|          3|         48|        563|     32551864.33|        860|00:00:51|-0.00|0.06|0.9763|
|=|          5|         48|        563|     32543717.00|        903|00:00:51|+0.01|0.07|0.9698|
|=|         17|         48|        563|     32539010.24|        951|00:00:52|+0.01|0.07|0.9649|
+-+-----------+-----------+-----------+----------------+-----------+--------+-----+----+------+
Best-so-far configuration:         563    mean value:      32539010.24
Description of the best-so-far configuration:
    .ID. algorithm localsearch alpha beta  rho ants   q0 rasrank elitistants
563  563       acs           3  3.31 4.51 0.46   62 0.84      NA          NA
    nnls dlb .PARENT.
563   13   1      461

# 2025-09-19 06:49:53 -03: Elite configurations (first number is the configuration ID; listed from best to worst according to the sum of ranks):
    algorithm localsearch alpha beta  rho ants   q0 rasrank elitistants nnls
563       acs           3  3.31 4.51 0.46   62 0.84      NA          NA   13
474       acs           3  2.85 4.52 0.43   62 0.78      NA          NA   19
571       acs           3  3.37 5.11 0.41   66 0.85      NA          NA   13
447       acs           3  2.59 4.97 0.60   59 0.76      NA          NA   13
596       acs           3  3.45 6.22 0.68   69 0.82      NA          NA   12
    dlb
563   1
474   1
571   1
447   1
596   1
# 2025-09-19 06:49:53 -03: Stopped because there is not enough budget to enforce the value of nbConfigurations.
# Iteration: 8
# nbIterations: 8
# experimentsUsed: 4168
# timeUsed: 0
# remainingBudget: 1332
# currentBudget: 1332
# number of elites: 5
# nbConfigurations: 78
# Total CPU user time: 45921.2, CPU sys time: 350.805, Wall-clock time: 5133.205
# 2025-09-19 06:49:53 -03: Starting post-selection:
# Configurations selected: 563, 474, 571, 447, 596, 393, 495, 461, 244, 435, 382, 434, 321, 294, 319, 286.
# Pending instances: 1, 1, 1, 1, 1, 1, 1, 1, 3, 3, 3, 3, 6, 6, 6, 6.
# 2025-09-19 06:49:54 -03: seed: 800123
# Configurations: 16
# Available experiments: 1332
# minSurvival: 1
# Markers:
     x No test is performed.
     c Configurations are discarded only due to capping.
     - The test is performed and some configurations are discarded.
     = The test is performed but no configuration is discarded.
     ! The test is performed and configurations could be discarded but elite configurations are preserved.
     . All alive configurations are elite and nothing is discarded.

+-+-----------+-----------+-----------+----------------+-----------+--------+-----+----+------+
| |   Instance|      Alive|       Best|       Mean best| Exp so far|  W time|  rho|KenW|  Qvar|
+-+-----------+-----------+-----------+----------------+-----------+--------+-----+----+------+
|.|          6|         16|        474|     32510669.00|          0|00:00:00|   NA|  NA|    NA|
|x|         15|         16|        294|     32497868.00|          4|00:00:10|-0.56|0.22|1.4375|
|.|          5|         16|        294|     32481827.67|          4|00:00:00|-0.23|0.18|1.1153|
|.|          1|         16|        294|     32540017.50|          4|00:00:00|-0.07|0.20|0.9663|
|.|          3|         16|        294|     32505442.20|          4|00:00:00|-0.08|0.13|0.9910|
|x|         14|         16|        563|     32507444.50|          8|00:00:10|-0.05|0.13|0.9785|
|.|          2|         16|        563|     32511604.57|          8|00:00:00|+0.00|0.15|0.9347|
|.|         10|         16|        563|     32511342.75|          8|00:00:00|+0.01|0.13|0.9291|
|x|         13|         16|        563|     32511134.56|         12|00:00:10|+0.02|0.13|0.9148|
|.|          7|         16|        563|     32535145.90|         12|00:00:00|+0.02|0.12|0.9204|
|.|         11|         16|        563|     32551980.36|         12|00:00:00|+0.03|0.12|0.9082|
|.|          4|         16|        563|     32550605.92|         12|00:00:00|+0.04|0.12|0.9076|
|x|         16|         16|        571|     32558817.62|         20|00:00:10|+0.05|0.12|0.8867|
|.|          9|         16|        571|     32553596.14|         20|00:00:00|+0.02|0.09|0.9097|
|x|         17|         16|        571|     32546412.80|         28|00:00:10|+0.02|0.08|0.9154|
|.|         12|         16|        571|     32542447.44|         28|00:00:00|+0.02|0.08|0.9062|
|.|          8|         16|        571|     32541367.18|         28|00:00:00|+0.02|0.07|0.9078|
|=|         18|         16|        571|     32536767.44|         44|00:00:20|+0.01|0.06|0.9170|
|=|         19|         16|        447|     32528533.58|         60|00:00:21|+0.01|0.06|0.9145|
|=|         20|         16|        447|     32535898.45|         76|00:00:20|+0.02|0.07|0.9101|
|=|         21|         16|        447|     32552471.38|         92|00:00:20|+0.02|0.07|0.9028|
|=|         22|         16|        447|     32558426.64|        108|00:00:20|+0.02|0.07|0.9081|
|=|         23|         16|        382|     32560053.13|        124|00:00:20|+0.03|0.07|0.9069|
|=|         24|         16|        382|     32559358.25|        140|00:00:20|+0.02|0.06|0.9069|
|=|         25|         16|        382|     32548851.88|        156|00:00:20|+0.03|0.07|0.9045|
|-|         26|         13|        382|     32546324.04|        172|00:00:20|-0.02|0.02|0.9302|
|=|         27|         13|        382|     32537345.52|        185|00:00:20|-0.02|0.02|0.9276|
|=|         28|         13|        382|     32534100.36|        198|00:00:20|-0.01|0.02|0.9213|
|=|         29|         13|        495|     32530894.83|        211|00:00:20|-0.01|0.03|0.9139|
|=|         30|         13|        495|     32519440.23|        224|00:00:20|-0.01|0.03|0.9182|
|=|         31|         13|        571|     32522464.19|        237|00:00:20|-0.00|0.03|0.9132|
|=|         32|         13|        571|     32526364.53|        250|00:00:20|-0.00|0.03|0.9124|
|=|         33|         13|        495|     32511102.03|        263|00:00:20|+0.00|0.03|0.9110|
|=|         34|         13|        495|     32509791.03|        276|00:00:20|+0.01|0.04|0.9068|
|=|         35|         13|        495|     32509560.23|        289|00:00:20|+0.00|0.03|0.9112|
|=|         36|         13|        495|     32505484.86|        302|00:00:20|+0.01|0.03|0.9083|
|=|         37|         13|        495|     32506321.97|        315|00:00:20|+0.01|0.04|0.9045|
|=|         38|         13|        495|     32498144.89|        328|00:00:20|+0.01|0.04|0.9058|
|=|         39|         13|        571|     32506242.69|        341|00:00:20|+0.01|0.03|0.9070|
|=|         40|         13|        571|     32513903.00|        354|00:00:20|+0.01|0.03|0.9052|
|=|         41|         13|        571|     32513880.93|        367|00:00:20|+0.01|0.03|0.9087|
|=|         42|         13|        495|     32517144.98|        380|00:00:20|+0.01|0.03|0.9059|
|=|         43|         13|        571|     32518191.77|        393|00:00:20|+0.01|0.03|0.9067|
|=|         44|         13|        571|     32527229.52|        406|00:00:20|+0.01|0.03|0.9056|
|=|         45|         13|        495|     32528226.02|        419|00:00:20|+0.01|0.03|0.9090|
|=|         46|         13|        571|     32523117.07|        432|00:00:20|+0.01|0.03|0.9080|
|=|         47|         13|        571|     32530298.43|        445|00:00:20|+0.01|0.03|0.9046|
|=|         48|         13|        495|     32531399.33|        458|00:00:20|+0.01|0.03|0.9078|
|=|         49|         13|        382|     32526384.33|        471|00:00:20|+0.01|0.03|0.9059|
|=|         50|         13|        382|     32530165.42|        484|00:00:20|+0.01|0.03|0.9018|
|-|         51|         10|        571|     32529832.02|        497|00:00:20|-0.00|0.02|0.9039|
|=|         52|         10|        571|     32528625.71|        507|00:00:10|-0.01|0.01|0.9053|
|=|         53|         10|        571|     32528939.51|        517|00:00:10|-0.00|0.02|0.9034|
|=|         54|         10|        571|     32526868.57|        527|00:00:10|-0.00|0.02|0.9019|
|=|         55|         10|        571|     32521557.16|        537|00:00:10|-0.00|0.02|0.9017|
|=|         56|         10|        571|     32515741.59|        547|00:00:10|-0.00|0.02|0.9002|
|=|         57|         10|        571|     32518187.39|        557|00:00:10|+0.00|0.02|0.8989|
|=|         58|         10|        571|     32515294.78|        567|00:00:10|-0.00|0.02|0.9018|
|=|         59|         10|        571|     32518223.95|        577|00:00:10|-0.00|0.02|0.9026|
|=|         60|         10|        571|     32520271.40|        587|00:00:10|-0.00|0.01|0.9033|
|=|         61|         10|        571|     32521662.38|        597|00:00:10|-0.00|0.01|0.9024|
|=|         62|         10|        571|     32521398.15|        607|00:00:10|-0.00|0.01|0.9023|
|=|         63|         10|        571|     32520574.06|        617|00:00:10|-0.00|0.01|0.9015|
|=|         64|         10|        571|     32519347.20|        627|00:00:10|-0.00|0.02|0.9012|
|=|         65|         10|        571|     32517759.18|        637|00:00:10|+0.00|0.02|0.8989|
|=|         66|         10|        571|     32517484.71|        647|00:00:10|+0.00|0.02|0.8993|
|=|         67|         10|        571|     32521508.60|        657|00:00:10|+0.00|0.02|0.8979|
|=|         68|         10|        571|     32518943.60|        667|00:00:10|+0.00|0.02|0.8974|
|=|         69|         10|        571|     32521040.22|        677|00:00:10|+0.01|0.02|0.8967|
|=|         70|         10|        571|     32524532.57|        687|00:00:10|+0.01|0.02|0.8957|
|=|         71|         10|        571|     32530272.17|        697|00:00:10|+0.01|0.02|0.8943|
|=|         72|         10|        571|     32530343.79|        707|00:00:10|+0.01|0.02|0.8929|
|=|         73|         10|        571|     32536388.88|        717|00:00:10|+0.01|0.02|0.8932|
|=|         74|         10|        571|     32537251.74|        727|00:00:10|+0.01|0.02|0.8928|
|=|         75|         10|        571|     32536568.40|        737|00:00:10|+0.01|0.02|0.8918|
|=|         76|         10|        571|     32539696.84|        747|00:00:10|+0.01|0.02|0.8928|
|=|         77|         10|        571|     32536488.75|        757|00:00:10|+0.01|0.02|0.8935|
|=|         78|         10|        571|     32538694.18|        767|00:00:10|+0.01|0.02|0.8957|
|=|         79|         10|        571|     32540834.46|        777|00:00:10|+0.01|0.02|0.8953|
|=|         80|         10|        571|     32538481.25|        787|00:00:10|+0.00|0.02|0.8971|
|=|         81|         10|        571|     32534579.47|        797|00:00:10|+0.00|0.02|0.8976|
|=|         82|         10|        382|     32528379.26|        807|00:00:10|+0.00|0.02|0.8968|
|=|         83|         10|        571|     32529877.82|        817|00:00:10|+0.00|0.02|0.8968|
|=|         84|         10|        382|     32529293.48|        827|00:00:10|+0.00|0.02|0.8963|
|=|         85|         10|        382|     32529598.47|        837|00:00:10|+0.00|0.01|0.8975|
|=|         86|         10|        382|     32530137.49|        847|00:00:10|+0.00|0.01|0.8973|
|=|         87|         10|        382|     32526516.59|        857|00:00:10|+0.00|0.01|0.8975|
|=|         88|         10|        382|     32523553.20|        867|00:00:10|+0.00|0.01|0.8971|
|=|         89|         10|        382|     32527964.82|        877|00:00:10|+0.00|0.01|0.8978|
|=|         90|         10|        382|     32525336.88|        887|00:00:10|+0.00|0.01|0.8973|
|=|         91|         10|        382|     32525615.77|        897|00:00:10|+0.00|0.01|0.8983|
|=|         92|         10|        382|     32526883.39|        907|00:00:10|+0.00|0.01|0.8982|
|=|         93|         10|        382|     32527886.18|        917|00:00:10|+0.00|0.01|0.8969|
|=|         94|         10|        382|     32531923.50|        927|00:00:10|+0.00|0.01|0.8970|
|=|         95|         10|        382|     32533105.60|        937|00:00:10|+0.00|0.01|0.8978|
|=|         96|         10|        382|     32536279.89|        947|00:00:10|+0.00|0.01|0.8965|
|=|         97|         10|        382|     32539963.99|        957|00:00:10|+0.00|0.01|0.8972|
|=|         98|         10|        382|     32541664.87|        967|00:00:10|+0.00|0.01|0.8969|
|=|         99|         10|        382|     32542393.65|        977|00:00:10|+0.00|0.01|0.8968|
|=|        100|         10|        382|     32544420.15|        987|00:00:10|+0.00|0.01|0.8970|
|=|        101|         10|        461|     32541595.14|        997|00:00:10|+0.00|0.01|0.8969|
|=|        102|         10|        571|     32545697.47|       1007|00:00:10|+0.00|0.01|0.8977|
|=|        103|         10|        571|     32545298.60|       1017|00:00:10|+0.00|0.01|0.8979|
|=|        104|         10|        571|     32542636.10|       1027|00:00:10|+0.00|0.01|0.8984|
|=|        105|         10|        571|     32541390.55|       1037|00:00:10|+0.00|0.01|0.8975|
|=|        106|         10|        571|     32538790.69|       1047|00:00:10|+0.00|0.01|0.8981|
|=|        107|         10|        571|     32536948.21|       1057|00:00:10|+0.00|0.01|0.8985|
|=|        108|         10|        571|     32533778.12|       1067|00:00:10|+0.00|0.01|0.8980|
|=|        109|         10|        571|     32533299.84|       1077|00:00:10|+0.00|0.01|0.8972|
|=|        110|         10|        571|     32532067.32|       1087|00:00:10|+0.00|0.01|0.8970|
|=|        111|         10|        571|     32533376.92|       1097|00:00:10|+0.00|0.01|0.8972|
|=|        112|         10|        571|     32536707.56|       1107|00:00:10|+0.00|0.01|0.8982|
|=|        113|         10|        571|     32537718.30|       1117|00:00:10|+0.00|0.01|0.8977|
|=|        114|         10|        571|     32541445.39|       1127|00:00:10|-0.00|0.01|0.8989|
|=|        115|         10|        571|     32541254.31|       1137|00:00:10|-0.00|0.01|0.8988|
|=|        116|         10|        571|     32542297.35|       1147|00:00:10|+0.00|0.01|0.8983|
|=|        117|         10|        571|     32542760.62|       1157|00:00:10|-0.00|0.01|0.8983|
|=|        118|         10|        571|     32540539.93|       1167|00:00:10|-0.00|0.01|0.8985|
|=|        119|         10|        571|     32539339.24|       1177|00:00:10|-0.00|0.01|0.8988|
|=|        120|         10|        571|     32539466.57|       1187|00:00:10|+0.00|0.01|0.8981|
|=|        121|         10|        571|     32541427.01|       1197|00:00:10|+0.00|0.01|0.8983|
|=|        122|         10|        571|     32543001.85|       1207|00:00:10|+0.00|0.01|0.8983|
|=|        123|         10|        571|     32540283.94|       1217|00:00:10|+0.00|0.01|0.8979|
|=|        124|         10|        571|     32538893.69|       1227|00:00:10|+0.00|0.01|0.8988|
|=|        125|         10|        571|     32538349.90|       1237|00:00:10|-0.00|0.01|0.8988|
|=|        126|         10|        571|     32541139.30|       1247|00:00:10|-0.00|0.01|0.8990|
|=|        127|         10|        571|     32542419.68|       1257|00:00:10|+0.00|0.01|0.8987|
|=|        128|         10|        571|     32540120.05|       1267|00:00:10|+0.00|0.01|0.8980|
|=|        129|         10|        571|     32541402.95|       1277|00:00:10|+0.00|0.01|0.8972|
|=|        130|         10|        571|     32540360.37|       1287|00:00:10|+0.00|0.01|0.8970|
|=|        131|         10|        571|     32541844.61|       1297|00:00:10|+0.00|0.01|0.8970|
|=|        132|         10|        571|     32540535.92|       1307|00:00:10|+0.00|0.01|0.8974|
|=|        133|         10|        571|     32541051.29|       1317|00:00:10|+0.00|0.01|0.8974|
|=|        134|         10|        571|     32540001.12|       1327|00:00:10|+0.00|0.01|0.8968|
+-+-----------+-----------+-----------+----------------+-----------+--------+-----+----+------+
Best-so-far configuration:         571    mean value:      32540001.12
Description of the best-so-far configuration:
    .ID. algorithm localsearch alpha beta  rho ants   q0 rasrank elitistants
571  571       acs           3  3.37 5.11 0.41   66 0.85      NA          NA
    nnls dlb .PARENT.
571   13   1      461

# 2025-09-19 07:17:10 -03: Elite configurations (first number is the configuration ID; listed from best to worst according to the sum of ranks):
    algorithm localsearch alpha beta  rho ants   q0 rasrank elitistants nnls
571       acs           3  3.37 5.11 0.41   66 0.85      NA          NA   13
461       acs           3  3.25 5.38 0.44   64 0.86      NA          NA   11
596       acs           3  3.45 6.22 0.68   69 0.82      NA          NA   12
382       acs           3  3.61 6.33 0.60   67 0.85      NA          NA   16
495       acs           3  3.82 6.49 0.65   69 0.82      NA          NA   15
    dlb
571   1
461   1
596   1
382   1
495   1
# Total CPU user time: 59606.54, CPU sys time: 469.633, Wall-clock time: 6769.853
    .ID. algorithm localsearch alpha beta  rho ants   q0 rasrank elitistants
571  571       acs           3  3.37 5.11 0.41   66 0.85      NA          NA
461  461       acs           3  3.25 5.38 0.44   64 0.86      NA          NA
596  596       acs           3  3.45 6.22 0.68   69 0.82      NA          NA
382  382       acs           3  3.61 6.33 0.60   67 0.85      NA          NA
495  495       acs           3  3.82 6.49 0.65   69 0.82      NA          NA
    nnls dlb .PARENT. .RANK.   .WEIGHT.
571   13   1      461    692 0.33333333
461   11   1      244    699 0.26666667
596   12   1      495    711 0.20000000
382   16   1      244    717 0.13333333
495   15   1      382    728 0.06666667
