# 2026-01-15 16:54:41 -03: Reading parameter file '/home/imperialdramon/Tesis/irace-test-executions/ACOTSP/Scenarios/BL-45-ONE-SEED/Runs/BL-45-ONE-SEED_seed_12312451234/parameters.txt'.
# 2026-01-15 16:54:41 -03: 1 expression(s) specifying forbidden configurations read.
# 2026-01-15 16:54:41 -03: Initialization
# Elitist race
# Elitist new instances: 1
# Elitist limit: 2
# nbIterations: 5
# minNbSurvival: 5
# nbParameters: 11
# seed: 940536907
# confidence level: 0.95
# budget: 2750
# mu: 5
# deterministic: FALSE

# 2026-01-15 16:54:42 -03: Iteration 1 of 5
# experimentsUsed: 0
# remainingBudget: 2750
# currentBudget: 550
# nbConfigurations: 45
# Markers:
     x No test is performed.
     c Configurations are discarded only due to capping.
     - The test is performed and some configurations are discarded.
     = The test is performed but no configuration is discarded.
     ! The test is performed and configurations could be discarded but elite configurations are preserved.
     . All alive configurations are elite and nothing is discarded.

+-+-----------+-----------+-----------+----------------+-----------+--------+-----+----+------+
| |   Instance|      Alive|       Best|       Mean best| Exp so far|  W time|  rho|KenW|  Qvar|
+-+-----------+-----------+-----------+----------------+-----------+--------+-----+----+------+
|x|          1|         45|          9|     32994680.00|         45|00:00:52|   NA|  NA|    NA|
|x|          2|         45|          9|     32893324.50|         90|00:00:52|+0.95|0.98|0.0007|
|x|          3|         45|          9|     33131569.00|        135|00:00:51|+0.96|0.98|0.0009|
|x|          4|         45|          9|     33071182.75|        180|00:00:52|+0.96|0.97|0.0008|
|-|          5|          3|          9|     33039553.00|        225|00:00:51|+0.70|0.76|0.0772|
+-+-----------+-----------+-----------+----------------+-----------+--------+-----+----+------+
Best-so-far configuration:           9    mean value:      33039553.00
Description of the best-so-far configuration:
  .ID. algorithm localsearch alpha beta  rho ants   q0 rasrank elitistants nnls
9    9       acs           3  4.19 3.91 0.72   23 0.02      NA          NA   28
  dlb .PARENT.
9   1       NA

# 2026-01-15 16:59:01 -03: Elite configurations (first number is the configuration ID; listed from best to worst according to the sum of ranks):
   algorithm localsearch alpha beta  rho ants   q0 rasrank elitistants nnls dlb
9        acs           3  4.19 3.91 0.72   23 0.02      NA          NA   28   1
31      mmas           3  4.66 5.48 0.25    8   NA      NA          NA   24   0
33      mmas           3  4.89 8.76 0.49   78   NA      NA          NA   40   1
# 2026-01-15 16:59:01 -03: Iteration 2 of 5
# experimentsUsed: 225
# remainingBudget: 2525
# currentBudget: 631
# nbConfigurations: 45
# Markers:
     x No test is performed.
     c Configurations are discarded only due to capping.
     - The test is performed and some configurations are discarded.
     = The test is performed but no configuration is discarded.
     ! The test is performed and configurations could be discarded but elite configurations are preserved.
     . All alive configurations are elite and nothing is discarded.

+-+-----------+-----------+-----------+----------------+-----------+--------+-----+----+------+
| |   Instance|      Alive|       Best|       Mean best| Exp so far|  W time|  rho|KenW|  Qvar|
+-+-----------+-----------+-----------+----------------+-----------+--------+-----+----+------+
|x|          6|         45|         64|     32909791.00|         45|00:00:51|   NA|  NA|    NA|
|x|          2|         45|         64|     32764102.00|         87|00:00:51|+0.88|0.94|0.0010|
|x|          4|         45|         64|     32814645.67|        129|00:00:51|+0.92|0.94|0.0007|
|x|          5|         45|          9|     32897796.00|        171|00:00:52|+0.90|0.92|0.0008|
|-|          1|         11|          9|     32917172.80|        213|00:00:51|+0.18|0.35|0.7102|
|-|          3|          8|         83|     33021155.33|        221|00:00:11|-0.08|0.10|0.9293|
|=|          7|          8|         64|     33007326.14|        229|00:00:10|-0.01|0.13|0.8441|
|=|          8|          8|          9|     32987228.88|        237|00:00:10|+0.02|0.14|0.8087|
+-+-----------+-----------+-----------+----------------+-----------+--------+-----+----+------+
Best-so-far configuration:           9    mean value:      32987228.88
Description of the best-so-far configuration:
  .ID. algorithm localsearch alpha beta  rho ants   q0 rasrank elitistants nnls
9    9       acs           3  4.19 3.91 0.72   23 0.02      NA          NA   28
  dlb .PARENT.
9   1       NA

# 2026-01-15 17:03:50 -03: Elite configurations (first number is the configuration ID; listed from best to worst according to the sum of ranks):
   algorithm localsearch alpha beta  rho ants   q0 rasrank elitistants nnls dlb
9        acs           3  4.19 3.91 0.72   23 0.02      NA          NA   28   1
64      mmas           3  3.62 3.77 0.54   40   NA      NA          NA   20   1
83      mmas           3  3.83 8.09 0.61   30   NA      NA          NA   21   1
61      mmas           3  4.11 2.93 0.19   15   NA      NA          NA   38   1
65       acs           3  4.90 7.73 0.28   19 0.60      NA          NA   42   1
# 2026-01-15 17:03:50 -03: Iteration 3 of 5
# experimentsUsed: 462
# remainingBudget: 2288
# currentBudget: 762
# nbConfigurations: 45
# Markers:
     x No test is performed.
     c Configurations are discarded only due to capping.
     - The test is performed and some configurations are discarded.
     = The test is performed but no configuration is discarded.
     ! The test is performed and configurations could be discarded but elite configurations are preserved.
     . All alive configurations are elite and nothing is discarded.

+-+-----------+-----------+-----------+----------------+-----------+--------+-----+----+------+
| |   Instance|      Alive|       Best|       Mean best| Exp so far|  W time|  rho|KenW|  Qvar|
+-+-----------+-----------+-----------+----------------+-----------+--------+-----+----+------+
|x|          9|         45|         97|     32876323.00|         45|00:00:52|   NA|  NA|    NA|
|x|          1|         45|        125|     32894655.50|         85|00:00:40|+0.92|0.96|0.0003|
|x|          8|         45|        125|     32890679.33|        125|00:00:41|+0.92|0.95|0.0003|
|x|          4|         45|        125|     32876327.75|        165|00:00:41|+0.91|0.93|0.0004|
|-|          7|          7|         97|     32869992.20|        205|00:00:42|+0.09|0.27|0.7713|
|=|          5|          7|         97|     32845495.33|        207|00:00:09|+0.19|0.32|0.6758|
|!|          3|          7|         97|     32916656.43|        209|00:00:10|+0.23|0.34|0.6167|
|!|          6|          7|         97|     32890712.75|        211|00:00:10|+0.26|0.35|0.5805|
|-|          2|          2|         97|     32851323.89|        213|00:00:09|+0.00|0.11|0.5000|
+-+-----------+-----------+-----------+----------------+-----------+--------+-----+----+------+
Best-so-far configuration:          97    mean value:      32851323.89
Description of the best-so-far configuration:
   .ID. algorithm localsearch alpha beta rho ants   q0 rasrank elitistants nnls
97   97       acs           3  4.91 9.93   1   27 0.31      NA          NA   12
   dlb .PARENT.
97   1        9

# 2026-01-15 17:08:09 -03: Elite configurations (first number is the configuration ID; listed from best to worst according to the sum of ranks):
    algorithm localsearch alpha beta  rho ants   q0 rasrank elitistants nnls
97        acs           3  4.91 9.93 1.00   27 0.31      NA          NA   12
125        as           3  3.98 7.36 0.59    7   NA      NA          NA   14
    dlb
97    1
125   1
# 2026-01-15 17:08:09 -03: Iteration 4 of 5
# experimentsUsed: 675
# remainingBudget: 2075
# currentBudget: 1037
# nbConfigurations: 45
# Markers:
     x No test is performed.
     c Configurations are discarded only due to capping.
     - The test is performed and some configurations are discarded.
     = The test is performed but no configuration is discarded.
     ! The test is performed and configurations could be discarded but elite configurations are preserved.
     . All alive configurations are elite and nothing is discarded.

+-+-----------+-----------+-----------+----------------+-----------+--------+-----+----+------+
| |   Instance|      Alive|       Best|       Mean best| Exp so far|  W time|  rho|KenW|  Qvar|
+-+-----------+-----------+-----------+----------------+-----------+--------+-----+----+------+
|x|         10|         45|        168|     32678447.00|         45|00:00:52|   NA|  NA|    NA|
|x|          2|         45|        168|     32596540.00|         88|00:00:51|+0.77|0.88|0.0057|
|x|          9|         45|        168|     32632652.33|        131|00:00:51|+0.77|0.84|0.0057|
|x|          8|         45|        170|     32625075.50|        174|00:00:51|+0.77|0.83|0.0050|
|-|          4|          7|        170|     32637199.80|        217|00:00:51|+0.53|0.63|0.3860|
|-|          5|          6|        170|     32655761.83|        222|00:00:10|+0.43|0.52|0.4310|
|-|          1|          5|        170|     32664712.43|        226|00:00:10|+0.54|0.60|0.3615|
+-+-----------+-----------+-----------+----------------+-----------+--------+-----+----+------+
Best configuration for the instances in this race: 170
Best-so-far configuration:          97    mean value:      32851189.00
Description of the best-so-far configuration:
   .ID. algorithm localsearch alpha beta rho ants   q0 rasrank elitistants nnls
97   97       acs           3  4.91 9.93   1   27 0.31      NA          NA   12
   dlb .PARENT.
97   1        9

# 2026-01-15 17:12:47 -03: Elite configurations (first number is the configuration ID; listed from best to worst according to the sum of ranks):
    algorithm localsearch alpha beta  rho ants   q0 rasrank elitistants nnls
97        acs           3  4.91 9.93 1.00   27 0.31      NA          NA   12
125        as           3  3.98 7.36 0.59    7   NA      NA          NA   14
170       acs           3  3.97 8.26 0.82   60 0.49      NA          NA   12
168       acs           3  3.81 8.34 0.94   14 0.34      NA          NA   14
161       acs           3  4.53 8.37 0.82   19 0.47      NA          NA   17
    dlb
97    1
125   1
170   1
168   1
161   1
# 2026-01-15 17:12:47 -03: Iteration 5 of 5
# experimentsUsed: 901
# remainingBudget: 1849
# currentBudget: 1849
# nbConfigurations: 45
# Markers:
     x No test is performed.
     c Configurations are discarded only due to capping.
     - The test is performed and some configurations are discarded.
     = The test is performed but no configuration is discarded.
     ! The test is performed and configurations could be discarded but elite configurations are preserved.
     . All alive configurations are elite and nothing is discarded.

+-+-----------+-----------+-----------+----------------+-----------+--------+-----+----+------+
| |   Instance|      Alive|       Best|       Mean best| Exp so far|  W time|  rho|KenW|  Qvar|
+-+-----------+-----------+-----------+----------------+-----------+--------+-----+----+------+
|x|         11|         45|        209|     32471949.00|         45|00:00:51|   NA|  NA|    NA|
|x|          3|         45|        210|     32880587.50|         88|00:00:52|+0.65|0.82|0.1783|
|x|          2|         45|        174|     32795212.33|        128|00:00:41|+0.65|0.77|0.1531|
|x|          9|         45|        174|     32792870.00|        168|00:00:40|+0.61|0.71|0.1711|
|-|         10|         13|        168|     32755883.00|        208|00:00:41|+0.29|0.43|0.6733|
|-|          5|         11|        168|     32750301.50|        216|00:00:10|+0.24|0.36|0.7273|
|!|          8|         11|        170|     32733418.43|        222|00:00:09|+0.26|0.37|0.6717|
|-|          7|          9|        168|     32751513.38|        231|00:00:10|+0.27|0.36|0.5557|
|-|          1|          8|        170|     32740042.00|        235|00:00:10|+0.32|0.40|0.4979|
|!|          6|          8|        170|     32764047.00|        241|00:00:09|+0.21|0.29|0.6234|
|-|          4|          5|        170|     32756924.27|        244|00:00:10|-0.07|0.03|0.8579|
+-+-----------+-----------+-----------+----------------+-----------+--------+-----+----+------+
Best-so-far configuration:         170    mean value:      32756924.27
Description of the best-so-far configuration:
    .ID. algorithm localsearch alpha beta  rho ants   q0 rasrank elitistants
170  170       acs           3  3.97 8.26 0.82   60 0.49      NA          NA
    nnls dlb .PARENT.
170   12   1       97

# 2026-01-15 17:17:37 -03: Elite configurations (first number is the configuration ID; listed from best to worst according to the sum of ranks):
    algorithm localsearch alpha beta  rho ants   q0 rasrank elitistants nnls
170       acs           3  3.97 8.26 0.82   60 0.49      NA          NA   12
174       acs           3  4.42 9.42 0.85   12 0.41      NA          NA   11
168       acs           3  3.81 8.34 0.94   14 0.34      NA          NA   14
202       acs           3  3.62 7.15 0.95   11 0.43      NA          NA   19
175       acs           3  4.40 8.34 0.87    5 0.41      NA          NA   13
    dlb
170   1
174   1
168   1
202   1
175   1
# 2026-01-15 17:17:37 -03: Iteration 6 of 6
# experimentsUsed: 1145
# remainingBudget: 1605
# currentBudget: 1605
# nbConfigurations: 45
# Markers:
     x No test is performed.
     c Configurations are discarded only due to capping.
     - The test is performed and some configurations are discarded.
     = The test is performed but no configuration is discarded.
     ! The test is performed and configurations could be discarded but elite configurations are preserved.
     . All alive configurations are elite and nothing is discarded.

+-+-----------+-----------+-----------+----------------+-----------+--------+-----+----+------+
| |   Instance|      Alive|       Best|       Mean best| Exp so far|  W time|  rho|KenW|  Qvar|
+-+-----------+-----------+-----------+----------------+-----------+--------+-----+----+------+
|x|         12|         45|        250|     32884772.00|         45|00:00:52|   NA|  NA|    NA|
|x|          4|         45|        216|     32843631.00|         85|00:00:41|+0.21|0.60|0.1893|
|x|          1|         45|        175|     32851410.67|        125|00:00:41|+0.33|0.55|0.1574|
|x|          6|         45|        228|     32845461.50|        165|00:00:41|+0.33|0.50|0.1950|
|-|          5|         20|        246|     32802966.40|        205|00:00:41|-0.08|0.13|1.0288|
|=|          2|         20|        246|     32762649.33|        220|00:00:20|-0.06|0.11|1.0155|
|=|          7|         20|        246|     32749647.14|        235|00:00:20|-0.03|0.12|0.9788|
|=|          3|         20|        246|     32819901.00|        250|00:00:21|+0.02|0.14|0.9405|
|=|          8|         20|        246|     32807340.00|        265|00:00:20|+0.07|0.17|0.8961|
|-|         11|         13|        238|     32792585.60|        280|00:00:21|-0.03|0.07|0.9572|
|=|         10|         13|        239|     32787568.18|        288|00:00:10|-0.02|0.08|0.9350|
|=|          9|         13|        239|     32788168.42|        296|00:00:10|-0.03|0.06|0.9425|
|=|         13|         13|        246|     32788477.62|        309|00:00:20|-0.03|0.05|0.9367|
+-+-----------+-----------+-----------+----------------+-----------+--------+-----+----+------+
Best-so-far configuration:         246    mean value:      32788477.62
Description of the best-so-far configuration:
    .ID. algorithm localsearch alpha beta rho ants   q0 rasrank elitistants
246  246       acs           3  4.59 9.92 0.8   11 0.45      NA          NA
    nnls dlb .PARENT.
246    9   1      174

# 2026-01-15 17:23:38 -03: Elite configurations (first number is the configuration ID; listed from best to worst according to the sum of ranks):
    algorithm localsearch alpha beta  rho ants   q0 rasrank elitistants nnls
246       acs           3  4.59 9.92 0.80   11 0.45      NA          NA    9
241       acs           3  3.59 8.26 0.71   56 0.48      NA          NA   10
239       acs           3  3.73 5.90 0.91   14 0.40      NA          NA   19
238       acs           3  4.82 7.99 0.65   67 0.54      NA          NA   12
168       acs           3  3.81 8.34 0.94   14 0.34      NA          NA   14
    dlb
246   1
241   1
239   1
238   1
168   1
# 2026-01-15 17:23:38 -03: Iteration 7 of 7
# experimentsUsed: 1454
# remainingBudget: 1296
# currentBudget: 1296
# nbConfigurations: 45
# Markers:
     x No test is performed.
     c Configurations are discarded only due to capping.
     - The test is performed and some configurations are discarded.
     = The test is performed but no configuration is discarded.
     ! The test is performed and configurations could be discarded but elite configurations are preserved.
     . All alive configurations are elite and nothing is discarded.

+-+-----------+-----------+-----------+----------------+-----------+--------+-----+----+------+
| |   Instance|      Alive|       Best|       Mean best| Exp so far|  W time|  rho|KenW|  Qvar|
+-+-----------+-----------+-----------+----------------+-----------+--------+-----+----+------+
|x|         14|         45|        283|     32544858.00|         45|00:00:51|   NA|  NA|    NA|
|x|          2|         45|        239|     32520618.00|         85|00:00:41|+0.33|0.66|0.5344|
|x|          5|         45|        239|     32582158.67|        125|00:00:41|+0.28|0.52|0.6385|
|x|         10|         45|        239|     32607949.25|        165|00:00:41|+0.34|0.51|0.6014|
|-|          7|         10|        246|     32623538.40|        205|00:00:41|+0.15|0.32|0.8022|
|=|         11|         10|        239|     32613731.67|        210|00:00:10|+0.07|0.23|0.8855|
|=|          4|         10|        239|     32640895.71|        215|00:00:10|+0.06|0.19|0.9178|
|=|         12|         10|        239|     32692711.38|        220|00:00:10|-0.04|0.09|0.9573|
|=|          9|         10|        239|     32704051.33|        225|00:00:10|-0.05|0.07|0.9609|
|=|          8|         10|        239|     32702995.30|        230|00:00:10|-0.02|0.08|0.9325|
|=|         13|         10|        239|     32748347.55|        235|00:00:10|-0.03|0.06|0.9333|
|=|          6|         10|        239|     32755866.83|        240|00:00:10|-0.02|0.07|0.9277|
|=|          1|         10|        246|     32730783.77|        245|00:00:10|-0.04|0.04|0.9377|
|=|          3|         10|        246|     32772276.21|        250|00:00:10|-0.05|0.03|0.9430|
|=|         15|         10|        241|     32751689.60|        260|00:00:10|-0.05|0.02|0.9350|
+-+-----------+-----------+-----------+----------------+-----------+--------+-----+----+------+
Best-so-far configuration:         241    mean value:      32751689.60
Description of the best-so-far configuration:
    .ID. algorithm localsearch alpha beta  rho ants   q0 rasrank elitistants
241  241       acs           3  3.59 8.26 0.71   56 0.48      NA          NA
    nnls dlb .PARENT.
241   10   1      170

# 2026-01-15 17:28:59 -03: Elite configurations (first number is the configuration ID; listed from best to worst according to the sum of ranks):
    algorithm localsearch alpha beta  rho ants   q0 rasrank elitistants nnls
241       acs           3  3.59 8.26 0.71   56 0.48      NA          NA   10
283       acs           3  4.71 9.67 0.79    6 0.57      NA          NA    9
246       acs           3  4.59 9.92 0.80   11 0.45      NA          NA    9
239       acs           3  3.73 5.90 0.91   14 0.40      NA          NA   19
268       acs           3  4.46 7.35 0.96   18 0.37      NA          NA   14
    dlb
241   1
283   1
246   1
239   1
268   1
# 2026-01-15 17:28:59 -03: Iteration 8 of 8
# experimentsUsed: 1714
# remainingBudget: 1036
# currentBudget: 1036
# nbConfigurations: 45
# Markers:
     x No test is performed.
     c Configurations are discarded only due to capping.
     - The test is performed and some configurations are discarded.
     = The test is performed but no configuration is discarded.
     ! The test is performed and configurations could be discarded but elite configurations are preserved.
     . All alive configurations are elite and nothing is discarded.

+-+-----------+-----------+-----------+----------------+-----------+--------+-----+----+------+
| |   Instance|      Alive|       Best|       Mean best| Exp so far|  W time|  rho|KenW|  Qvar|
+-+-----------+-----------+-----------+----------------+-----------+--------+-----+----+------+
|x|         16|         45|        293|     32767315.00|         45|00:00:51|   NA|  NA|    NA|
|x|          9|         45|        303|     32776096.50|         85|00:00:41|-0.09|0.46|1.0118|
|x|         13|         45|        329|     32855629.67|        125|00:00:41|+0.01|0.34|0.8839|
|x|         11|         45|        241|     32797190.75|        165|00:00:41|+0.07|0.30|0.8660|
|-|         10|         28|        241|     32781875.00|        205|00:00:41|-0.07|0.15|1.0080|
|=|         12|         28|        241|     32806421.50|        228|00:00:31|+0.01|0.17|0.9440|
|=|          2|         28|        241|     32758901.71|        251|00:00:30|+0.06|0.19|0.9023|
|-|         14|         10|        329|     32715754.75|        274|00:00:31|-0.03|0.10|0.8964|
|=|          5|         10|        329|     32724596.44|        279|00:00:10|-0.05|0.07|0.9109|
|=|          8|         10|        329|     32724185.20|        284|00:00:09|-0.00|0.10|0.8756|
|=|          1|         10|        330|     32732502.18|        289|00:00:10|-0.02|0.07|0.8954|
|=|         15|         10|        330|     32682121.92|        294|00:00:10|-0.02|0.07|0.8964|
|=|          6|         10|        329|     32686962.31|        299|00:00:10|-0.03|0.05|0.9148|
|=|          3|         10|        330|     32742150.21|        304|00:00:09|-0.04|0.04|0.9288|
|=|          7|         10|        330|     32742704.00|        309|00:00:10|-0.04|0.03|0.9289|
|=|          4|         10|        330|     32743516.31|        314|00:00:11|-0.04|0.03|0.9312|
|=|         17|         10|        330|     32738684.65|        324|00:00:09|-0.03|0.03|0.9219|
+-+-----------+-----------+-----------+----------------+-----------+--------+-----+----+------+
Best-so-far configuration:         330    mean value:      32738684.65
Description of the best-so-far configuration:
    .ID. algorithm localsearch alpha beta  rho ants   q0 rasrank elitistants
330  330       acs           3  4.75  9.6 0.78    8 0.57      NA          NA
    nnls dlb .PARENT.
330   11   1      283

# 2026-01-15 17:35:41 -03: Elite configurations (first number is the configuration ID; listed from best to worst according to the sum of ranks):
    algorithm localsearch alpha beta  rho ants   q0 rasrank elitistants nnls
330       acs           3  4.75 9.60 0.78    8 0.57      NA          NA   11
329       acs           3  4.45 9.24 0.88    8 0.59      NA          NA    9
246       acs           3  4.59 9.92 0.80   11 0.45      NA          NA    9
305       acs           3  4.74 9.62 0.72   15 0.57      NA          NA   11
292       acs           3  4.44 9.11 0.84    9 0.62      NA          NA    8
    dlb
330   1
329   1
246   1
305   1
292   1
# 2026-01-15 17:35:41 -03: There is not enough budget to enforce the value of nbConfigurations, returning to default behaviour nbConfigurations:44.
# Iteration: 9
# nbIterations: 9
# experimentsUsed: 2038
# timeUsed: 0
# remainingBudget: 712
# currentBudget: 712
# number of elites: 5
# nbConfigurations: 44
# 2026-01-15 17:35:41 -03: Iteration 9 of 9
# experimentsUsed: 2038
# remainingBudget: 712
# currentBudget: 712
# nbConfigurations: 44
# Markers:
     x No test is performed.
     c Configurations are discarded only due to capping.
     - The test is performed and some configurations are discarded.
     = The test is performed but no configuration is discarded.
     ! The test is performed and configurations could be discarded but elite configurations are preserved.
     . All alive configurations are elite and nothing is discarded.

+-+-----------+-----------+-----------+----------------+-----------+--------+-----+----+------+
| |   Instance|      Alive|       Best|       Mean best| Exp so far|  W time|  rho|KenW|  Qvar|
+-+-----------+-----------+-----------+----------------+-----------+--------+-----+----+------+
|x|         18|         44|        366|     32545833.00|         44|00:00:52|   NA|  NA|    NA|
|x|          2|         44|        329|     32554226.00|         83|00:00:40|-0.08|0.46|1.0131|
|x|          3|         44|        246|     32812360.67|        122|00:00:41|+0.05|0.36|0.9384|
|x|         11|         44|        369|     32742695.50|        161|00:00:41|+0.01|0.26|0.9896|
|=|         14|         44|        369|     32700848.60|        200|00:00:42|+0.04|0.23|0.9396|
|=|         12|         44|        246|     32753776.33|        239|00:00:41|+0.05|0.20|0.9233|
|-|         13|         19|        246|     32769725.57|        278|00:00:41|-0.03|0.11|0.9591|
|=|          5|         19|        246|     32752442.38|        292|00:00:20|-0.03|0.10|0.9544|
|=|         16|         19|        246|     32764762.44|        306|00:00:20|-0.02|0.09|0.9384|
|=|         10|         19|        246|     32757473.80|        320|00:00:20|+0.02|0.12|0.9077|
|=|          8|         19|        246|     32752871.82|        334|00:00:21|+0.05|0.14|0.8856|
|-|         15|         12|        330|     32713181.08|        348|00:00:20|+0.07|0.15|0.8772|
|=|          4|         12|        330|     32716451.85|        355|00:00:10|+0.03|0.11|0.9067|
|=|          1|         12|        330|     32719482.86|        362|00:00:10|+0.03|0.10|0.9073|
|=|         17|         12|        330|     32715609.20|        369|00:00:10|+0.03|0.09|0.9045|
|=|          7|         12|        330|     32717787.19|        376|00:00:10|+0.00|0.07|0.9201|
|=|          6|         12|        330|     32731319.24|        383|00:00:10|-0.01|0.05|0.9323|
|=|          9|         12|        330|     32734730.44|        390|00:00:10|-0.01|0.05|0.9323|
|=|         19|         12|        330|     32718511.89|        402|00:00:20|-0.00|0.05|0.9284|
+-+-----------+-----------+-----------+----------------+-----------+--------+-----+----+------+
Best-so-far configuration:         330    mean value:      32718511.89
Description of the best-so-far configuration:
    .ID. algorithm localsearch alpha beta  rho ants   q0 rasrank elitistants
330  330       acs           3  4.75  9.6 0.78    8 0.57      NA          NA
    nnls dlb .PARENT.
330   11   1      283

# 2026-01-15 17:43:47 -03: Elite configurations (first number is the configuration ID; listed from best to worst according to the sum of ranks):
    algorithm localsearch alpha beta  rho ants   q0 rasrank elitistants nnls
330       acs           3  4.75 9.60 0.78    8 0.57      NA          NA   11
368       acs           3  4.71 9.26 0.78    7 0.60      NA          NA   10
345       acs           3  4.75 9.76 0.79    8 0.59      NA          NA   11
369       acs           3  4.70 9.68 0.76    9 0.53      NA          NA   12
329       acs           3  4.45 9.24 0.88    8 0.59      NA          NA    9
    dlb
330   1
368   1
345   1
369   1
329   1
# 2026-01-15 17:43:47 -03: There is not enough budget to enforce the value of nbConfigurations, returning to default behaviour nbConfigurations:20.
# Iteration: 10
# nbIterations: 10
# experimentsUsed: 2440
# timeUsed: 0
# remainingBudget: 310
# currentBudget: 310
# number of elites: 5
# nbConfigurations: 20
# 2026-01-15 17:43:47 -03: Iteration 10 of 10
# experimentsUsed: 2440
# remainingBudget: 310
# currentBudget: 310
# nbConfigurations: 20
# Markers:
     x No test is performed.
     c Configurations are discarded only due to capping.
     - The test is performed and some configurations are discarded.
     = The test is performed but no configuration is discarded.
     ! The test is performed and configurations could be discarded but elite configurations are preserved.
     . All alive configurations are elite and nothing is discarded.

+-+-----------+-----------+-----------+----------------+-----------+--------+-----+----+------+
| |   Instance|      Alive|       Best|       Mean best| Exp so far|  W time|  rho|KenW|  Qvar|
+-+-----------+-----------+-----------+----------------+-----------+--------+-----+----+------+
|x|         20|         20|        377|     32508853.00|         20|00:00:20|   NA|  NA|    NA|
|x|         11|         20|        369|     32536727.50|         35|00:00:20|+0.20|0.60|0.8956|
|x|          6|         20|        377|     32615554.33|         50|00:00:20|+0.18|0.45|0.8315|
|x|          1|         20|        369|     32679559.00|         65|00:00:20|+0.19|0.40|0.7757|
|=|          7|         20|        382|     32682914.40|         80|00:00:20|+0.09|0.28|0.8371|
|=|          2|         20|        382|     32652594.50|         95|00:00:20|+0.07|0.23|0.8711|
|-|         10|         12|        382|     32671581.43|        110|00:00:21|-0.05|0.10|0.9497|
|=|          8|         12|        384|     32671865.88|        117|00:00:10|-0.02|0.11|0.9184|
|=|          5|         12|        382|     32681263.67|        124|00:00:10|-0.05|0.07|0.9578|
|=|         19|         12|        384|     32652998.40|        131|00:00:10|-0.02|0.08|0.9317|
|=|          4|         12|        383|     32653113.45|        138|00:00:09|-0.03|0.07|0.9326|
|=|          3|         12|        383|     32712248.50|        145|00:00:10|-0.01|0.07|0.9233|
|=|         14|         12|        384|     32707238.38|        152|00:00:10|-0.01|0.07|0.9221|
|=|         13|         12|        384|     32724765.71|        159|00:00:10|+0.01|0.08|0.9064|
|=|         12|         12|        384|     32740569.87|        166|00:00:10|+0.00|0.07|0.9133|
|=|          9|         12|        345|     32747131.44|        173|00:00:10|+0.02|0.08|0.8958|
|=|         17|         12|        345|     32740103.47|        180|00:00:10|+0.02|0.08|0.8985|
|=|         15|         12|        345|     32708058.56|        187|00:00:10|+0.02|0.07|0.8947|
|=|         18|         12|        369|     32695237.47|        194|00:00:10|+0.01|0.06|0.9024|
|=|         16|         12|        369|     32703581.90|        201|00:00:10|+0.02|0.07|0.8975|
|=|         21|         12|        345|     32724189.43|        213|00:00:20|+0.02|0.07|0.8957|
+-+-----------+-----------+-----------+----------------+-----------+--------+-----+----+------+
Best-so-far configuration:         345    mean value:      32724189.43
Description of the best-so-far configuration:
    .ID. algorithm localsearch alpha beta  rho ants   q0 rasrank elitistants
345  345       acs           3  4.75 9.76 0.79    8 0.59      NA          NA
    nnls dlb .PARENT.
345   11   1      330

# 2026-01-15 17:48:46 -03: Elite configurations (first number is the configuration ID; listed from best to worst according to the sum of ranks):
    algorithm localsearch alpha beta  rho ants   q0 rasrank elitistants nnls
345       acs           3  4.75 9.76 0.79    8 0.59      NA          NA   11
369       acs           3  4.70 9.68 0.76    9 0.53      NA          NA   12
368       acs           3  4.71 9.26 0.78    7 0.60      NA          NA   10
330       acs           3  4.75 9.60 0.78    8 0.57      NA          NA   11
383       acs           3  4.68 9.42 0.81    7 0.56      NA          NA   11
    dlb
345   1
369   1
368   1
330   1
383   1
# 2026-01-15 17:48:46 -03: There is not enough budget to enforce the value of nbConfigurations, returning to default behaviour nbConfigurations:9.
# Iteration: 11
# nbIterations: 11
# experimentsUsed: 2653
# timeUsed: 0
# remainingBudget: 97
# currentBudget: 97
# number of elites: 5
# nbConfigurations: 9
# 2026-01-15 17:48:46 -03: Iteration 11 of 11
# experimentsUsed: 2653
# remainingBudget: 97
# currentBudget: 97
# nbConfigurations: 9
# Markers:
     x No test is performed.
     c Configurations are discarded only due to capping.
     - The test is performed and some configurations are discarded.
     = The test is performed but no configuration is discarded.
     ! The test is performed and configurations could be discarded but elite configurations are preserved.
     . All alive configurations are elite and nothing is discarded.

+-+-----------+-----------+-----------+----------------+-----------+--------+-----+----+------+
| |   Instance|      Alive|       Best|       Mean best| Exp so far|  W time|  rho|KenW|  Qvar|
+-+-----------+-----------+-----------+----------------+-----------+--------+-----+----+------+
|x|         22|          9|        383|     32395958.00|          9|00:00:10|   NA|  NA|    NA|
|x|         21|          9|        383|     32630097.50|         13|00:00:10|+0.55|0.78|0.4214|
|x|          4|          9|        383|     32634764.67|         17|00:00:10|+0.58|0.72|0.3534|
|x|         17|          9|        345|     32662857.50|         21|00:00:10|+0.09|0.32|0.8443|
|=|          5|          9|        345|     32671408.00|         25|00:00:10|+0.07|0.26|0.8662|
|=|          9|          9|        345|     32681252.00|         29|00:00:10|+0.12|0.27|0.8106|
|=|          2|          9|        345|     32667465.43|         33|00:00:10|+0.01|0.15|0.8912|
|=|         12|          9|        345|     32692498.38|         37|00:00:09|+0.03|0.15|0.8708|
|=|         15|          9|        345|     32633698.00|         41|00:00:10|+0.00|0.11|0.8829|
|=|         18|          9|        383|     32635077.90|         45|00:00:10|-0.02|0.08|0.9088|
|=|          8|          9|        383|     32640229.91|         49|00:00:10|+0.01|0.10|0.8923|
|=|         16|          9|        387|     32662266.42|         53|00:00:10|-0.00|0.08|0.8933|
|=|         10|          9|        387|     32664804.46|         57|00:00:10|+0.01|0.09|0.8883|
|=|         14|          9|        387|     32653386.21|         61|00:00:09|+0.02|0.09|0.8859|
|=|          3|          9|        387|     32691001.53|         65|00:00:10|+0.02|0.08|0.8905|
|=|          1|          9|        387|     32697849.88|         69|00:00:10|+0.03|0.10|0.8754|
|=|         20|          9|        387|     32692710.76|         73|00:00:09|+0.01|0.07|0.8972|
|=|          6|          9|        387|     32698376.50|         77|00:00:09|-0.00|0.05|0.9038|
|=|         19|          9|        387|     32681874.89|         81|00:00:11|+0.00|0.05|0.8977|
|=|          7|          9|        387|     32680090.15|         85|00:00:09|-0.00|0.05|0.8968|
|=|         13|          9|        387|     32697471.29|         89|00:00:10|-0.01|0.04|0.9038|
|=|         11|          9|        387|     32688042.64|         93|00:00:10|-0.00|0.04|0.8958|
+-+-----------+-----------+-----------+----------------+-----------+--------+-----+----+------+
Best-so-far configuration:         387    mean value:      32688042.64
Description of the best-so-far configuration:
    .ID. algorithm localsearch alpha beta  rho ants   q0 rasrank elitistants
387  387       acs           3  4.76  9.5 0.76    9 0.55      NA          NA
    nnls dlb .PARENT.
387   13   1      369

# 2026-01-15 17:52:33 -03: Elite configurations (first number is the configuration ID; listed from best to worst according to the sum of ranks):
    algorithm localsearch alpha beta  rho ants   q0 rasrank elitistants nnls
387       acs           3  4.76 9.50 0.76    9 0.55      NA          NA   13
388       acs           3  4.91 9.27 0.77    7 0.56      NA          NA   11
345       acs           3  4.75 9.76 0.79    8 0.59      NA          NA   11
386       acs           3  4.72 9.39 0.80    8 0.62      NA          NA   10
383       acs           3  4.68 9.42 0.81    7 0.56      NA          NA   11
    dlb
387   1
388   1
345   1
386   1
383   1
# 2026-01-15 17:52:33 -03: There is not enough budget to enforce the value of nbConfigurations, returning to default behaviour nbConfigurations:5.
# Iteration: 12
# nbIterations: 12
# experimentsUsed: 2746
# timeUsed: 0
# remainingBudget: 4
# currentBudget: 4
# number of elites: 5
# nbConfigurations: 5
# 2026-01-15 17:52:33 -03: Stopped because there is not enough budget left to race more than the minimum (5).
# You may either increase the budget or set 'minNbSurvival' to a lower value.
# Iteration: 12
# nbIterations: 12
# experimentsUsed: 2746
# timeUsed: 0
# remainingBudget: 4
# currentBudget: 4
# number of elites: 5
# nbConfigurations: 5
# Total CPU user time: 28115.48, CPU sys time: 219.545, Wall-clock time: 3471.233
# 2026-01-15 17:52:33 -03: Starting post-selection:
# Configurations selected: 387, 388, 345, 386.
# Pending instances: 0, 0, 0, 0.
# 2026-01-15 17:52:33 -03: seed: 940536907
# Configurations: 4
# Available experiments: 4
# minSurvival: 1
# Markers:
     x No test is performed.
     c Configurations are discarded only due to capping.
     - The test is performed and some configurations are discarded.
     = The test is performed but no configuration is discarded.
     ! The test is performed and configurations could be discarded but elite configurations are preserved.
     . All alive configurations are elite and nothing is discarded.

+-+-----------+-----------+-----------+----------------+-----------+--------+-----+----+------+
| |   Instance|      Alive|       Best|       Mean best| Exp so far|  W time|  rho|KenW|  Qvar|
+-+-----------+-----------+-----------+----------------+-----------+--------+-----+----+------+
|.|         10|          4|        387|     32695261.00|          0|00:00:00|   NA|  NA|    NA|
|.|         13|          4|        387|     32870177.50|          0|00:00:00|-0.20|0.40|0.7513|
|.|         15|          4|        387|     32626739.67|          0|00:00:00|+0.20|0.47|0.5632|
|.|         20|          4|        387|     32622676.00|          0|00:00:00|+0.30|0.47|0.4444|
|.|          4|          4|        387|     32641802.20|          0|00:00:00|+0.02|0.22|0.6445|
|.|         11|          4|        387|     32616508.67|          0|00:00:00|+0.00|0.17|0.6139|
|.|         22|          4|        387|     32586841.00|          0|00:00:00|-0.09|0.07|0.7549|
|.|         18|          4|        387|     32580816.88|          0|00:00:00|-0.01|0.11|0.6966|
|.|          3|          4|        387|     32651572.33|          0|00:00:00|+0.01|0.12|0.7270|
|.|         19|          4|        387|     32624899.70|          0|00:00:00|+0.06|0.16|0.6962|
|.|         21|          4|        387|     32653522.36|          0|00:00:00|-0.01|0.08|0.7397|
|.|          7|          4|        387|     32652910.50|          0|00:00:00|+0.02|0.10|0.7292|
|.|          1|          4|        387|     32664269.31|          0|00:00:00|-0.03|0.05|0.7636|
|.|         17|          4|        387|     32672053.43|          0|00:00:00|-0.05|0.03|0.7865|
|.|          9|          4|        387|     32676175.47|          0|00:00:00|-0.06|0.01|0.7796|
|.|         14|          4|        387|     32665473.81|          0|00:00:00|-0.05|0.01|0.7632|
|.|          5|          4|        387|     32665151.24|          0|00:00:00|-0.04|0.02|0.7461|
|.|          8|          4|        387|     32664821.17|          0|00:00:00|-0.02|0.04|0.7264|
|.|         16|          4|        387|     32674083.95|          0|00:00:00|-0.02|0.04|0.7174|
|.|          2|          4|        387|     32668867.15|          0|00:00:00|-0.02|0.03|0.7362|
|.|          6|          4|        387|     32674858.90|          0|00:00:00|-0.03|0.02|0.7507|
|.|         12|          4|        387|     32688042.64|          0|00:00:00|-0.04|0.01|0.7599|
|=|         23|          4|        387|     32704370.30|          4|00:00:09|-0.04|0.00|0.7693|
+-+-----------+-----------+-----------+----------------+-----------+--------+-----+----+------+
Best-so-far configuration:         387    mean value:      32704370.30
Description of the best-so-far configuration:
    .ID. algorithm localsearch alpha beta  rho ants   q0 rasrank elitistants
387  387       acs           3  4.76  9.5 0.76    9 0.55      NA          NA
    nnls dlb .PARENT.
387   13   1      369

# 2026-01-15 17:52:43 -03: Elite configurations (first number is the configuration ID; listed from best to worst according to the sum of ranks):
    algorithm localsearch alpha beta  rho ants   q0 rasrank elitistants nnls
387       acs           3  4.76 9.50 0.76    9 0.55      NA          NA   13
386       acs           3  4.72 9.39 0.80    8 0.62      NA          NA   10
388       acs           3  4.91 9.27 0.77    7 0.56      NA          NA   11
345       acs           3  4.75 9.76 0.79    8 0.59      NA          NA   11
    dlb
387   1
386   1
388   1
345   1
# Total CPU user time: 28156.31, CPU sys time: 219.778, Wall-clock time: 3481.162
    .ID. algorithm localsearch alpha beta  rho ants   q0 rasrank elitistants
387  387       acs           3  4.76 9.50 0.76    9 0.55      NA          NA
386  386       acs           3  4.72 9.39 0.80    8 0.62      NA          NA
388  388       acs           3  4.91 9.27 0.77    7 0.56      NA          NA
345  345       acs           3  4.75 9.76 0.79    8 0.59      NA          NA
    nnls dlb .PARENT. .RANK. .WEIGHT.
387   13   1      369     55      0.4
386   10   1      368     57      0.3
388   11   1      330     58      0.2
345   11   1      330     60      0.1
