#------------------------------------------------------------------------------
# irace: An implementation in R of (Elitist) Iterated Racing
# Version: 4.2.0.9000.0eef3f1
# Copyright (C) 2010-2025
# Manuel Lopez-Ibanez     <manuel.lopez-ibanez@manchester.ac.uk>
# Jeremie Dubois-Lacoste
# Leslie Perez Caceres    <leslie.perez.caceres@ulb.ac.be>
#
# This is free software, and you are welcome to redistribute it under certain
# conditions.  See the GNU General Public License for details. There is NO
# WARRANTY; not even for MERCHANTABILITY or FITNESS FOR A PARTICULAR PURPOSE.
#
# irace builds upon previous code from the race package:
#     race: Racing methods for the selection of the best
#     Copyright (C) 2003 Mauro Birattari
#------------------------------------------------------------------------------
# installed at: /home/pestobar/R/x86_64-redhat-linux-gnu-library/4.5/irace
# called with: --only-test configurations.txt --scenario scenario.txt
# 2025-12-18 09:58:42 -03: Checking scenario.
# 2025-12-18 09:58:42 -03: Reading parameter file '/home/pestobar/Activities/irace-test-executions/PSO-X/Scenarios/Elites-3/Runs/Elites-3_seed_400031/parameters.txt'.
# 2025-12-18 09:58:42 -03: 2 expression(s) specifying forbidden configurations read.
## irace scenario:
scenarioFile = "/home/pestobar/Activities/irace-test-executions/PSO-X/Scenarios/Elites-3/Runs/Elites-3_seed_400031/scenario.txt"
execDir = "/home/pestobar/Activities/irace-test-executions/PSO-X/Scenarios/Elites-3/Runs/Elites-3_seed_400031/Results"
parameterFile = "/home/pestobar/Activities/irace-test-executions/PSO-X/Scenarios/Elites-3/Runs/Elites-3_seed_400031/parameters.txt"
parameters = <environment>
initConfigurations = NULL
configurationsFile = ""
logFile = "/home/pestobar/Activities/irace-test-executions/PSO-X/Scenarios/Elites-3/Runs/Elites-3_seed_400031/Results/irace.Rdata"
recoveryFile = ""
instances = c("--competition 3 --problem 0 --dimensions 30", "--competition 3 --problem 1 --dimensions 30", "--competition 3 --problem 2 --dimensions 30", "--competition 3 --problem 3 --dimensions 30", "--competition 3 --problem 4 --dimensions 30", "--competition 3 --problem 5 --dimensions 30", "--competition 3 --problem 6 --dimensions 30", "--competition 3 --problem 7 --dimensions 30", "--competition 3 --problem 8 --dimensions 30", "--competition 3 --problem 9 --dimensions 30", "--competition 3 --problem 10 --dimensions 30", "--competition 3 --problem 11 --dimensions 30", "--competition 3 --problem 12 --dimensions 30", "--competition 3 --problem 13 --dimensions 30", "--competition 3 --problem 14 --dimensions 30", "--competition 3 --problem 15 --dimensions 30", "--competition 3 --problem 16 --dimensions 30", "--competition 3 --problem 17 --dimensions 30", "--competition 3 --problem 18 --dimensions 30", "--competition 3 --problem 19 --dimensions 30", "--competition 3 --problem 20 --dimensions 30", "--competition 3 --problem 21 --dimensions 30", "--competition 3 --problem 22 --dimensions 30", "--competition 3 --problem 23 --dimensions 30", "--competition 3 --problem 24 --dimensions 30", "--competition 3 --problem 25 --dimensions 30", "--competition 3 --problem 26 --dimensions 30", "--competition 3 --problem 27 --dimensions 30", "--competition 3 --problem 28 --dimensions 30", "--competition 3 --problem 29 --dimensions 30", "--competition 3 --problem 30 --dimensions 30", "--competition 3 --problem 31 --dimensions 30", "--competition 3 --problem 32 --dimensions 30", "--competition 3 --problem 33 --dimensions 30", "--competition 3 --problem 34 --dimensions 30", "--competition 3 --problem 35 --dimensions 30", "--competition 3 --problem 36 --dimensions 30", "--competition 3 --problem 37 --dimensions 30", "--competition 3 --problem 38 --dimensions 30", "--competition 3 --problem 39 --dimensions 30", "--competition 3 --problem 40 --dimensions 30", "--competition 3 --problem 41 --dimensions 30", "--competition 3 --problem 42 --dimensions 30", "--competition 3 --problem 43 --dimensions 30", "--competition 3 --problem 44 --dimensions 30", "--competition 3 --problem 45 --dimensions 30", "--competition 3 --problem 46 --dimensions 30", "--competition 3 --problem 47 --dimensions 30", "--competition 3 --problem 48 --dimensions 30", "--competition 3 --problem 49 --dimensions 30")
trainInstancesDir = ""
trainInstancesFile = "/home/pestobar/Activities/irace-test-executions/PSO-X/Instances/train_MIXTURE.txt"
sampleInstances = TRUE
testInstancesDir = ""
testInstancesFile = "/home/pestobar/Activities/irace-test-executions/PSO-X/TestingInstances/test_MIXTURE.txt"
testInstances = c("1t" = "--competition 3 --problem 0 --dimensions 50", "2t" = "--competition 3 --problem 1 --dimensions 50", "3t" = "--competition 3 --problem 2 --dimensions 50", "4t" = "--competition 3 --problem 3 --dimensions 50", "5t" = "--competition 3 --problem 4 --dimensions 50", "6t" = "--competition 3 --problem 5 --dimensions 50", "7t" = "--competition 3 --problem 6 --dimensions 50", "8t" = "--competition 3 --problem 7 --dimensions 50", "9t" = "--competition 3 --problem 8 --dimensions 50", "10t" = "--competition 3 --problem 9 --dimensions 50", "11t" = "--competition 3 --problem 10 --dimensions 50", "12t" = "--competition 3 --problem 11 --dimensions 50", "13t" = "--competition 3 --problem 12 --dimensions 50", "14t" = "--competition 3 --problem 13 --dimensions 50", "15t" = "--competition 3 --problem 14 --dimensions 50", "16t" = "--competition 3 --problem 15 --dimensions 50", "17t" = "--competition 3 --problem 16 --dimensions 50", "18t" = "--competition 3 --problem 17 --dimensions 50", "19t" = "--competition 3 --problem 18 --dimensions 50", "20t" = "--competition 3 --problem 19 --dimensions 50", "21t" = "--competition 3 --problem 20 --dimensions 50", "22t" = "--competition 3 --problem 21 --dimensions 50", "23t" = "--competition 3 --problem 22 --dimensions 50", "24t" = "--competition 3 --problem 23 --dimensions 50", "25t" = "--competition 3 --problem 24 --dimensions 50", "26t" = "--competition 3 --problem 25 --dimensions 50", "27t" = "--competition 3 --problem 26 --dimensions 50", "28t" = "--competition 3 --problem 27 --dimensions 50", "29t" = "--competition 3 --problem 28 --dimensions 50", "30t" = "--competition 3 --problem 29 --dimensions 50", "31t" = "--competition 3 --problem 30 --dimensions 50", "32t" = "--competition 3 --problem 31 --dimensions 50", "33t" = "--competition 3 --problem 32 --dimensions 50", "34t" = "--competition 3 --problem 33 --dimensions 50", "35t" = "--competition 3 --problem 34 --dimensions 50", "36t" = "--competition 3 --problem 35 --dimensions 50", "37t" = "--competition 3 --problem 36 --dimensions 50", "38t" = "--competition 3 --problem 37 --dimensions 50", "39t" = "--competition 3 --problem 38 --dimensions 50", "40t" = "--competition 3 --problem 39 --dimensions 50", "41t" = "--competition 3 --problem 40 --dimensions 50", "42t" = "--competition 3 --problem 41 --dimensions 50", "43t" = "--competition 3 --problem 42 --dimensions 50", "44t" = "--competition 3 --problem 43 --dimensions 50", "45t" = "--competition 3 --problem 44 --dimensions 50", "46t" = "--competition 3 --problem 45 --dimensions 50", "47t" = "--competition 3 --problem 46 --dimensions 50", "48t" = "--competition 3 --problem 47 --dimensions 50", "49t" = "--competition 3 --problem 48 --dimensions 50", "50t" = "--competition 3 --problem 49 --dimensions 50")
testNbElites = 1L
testIterationElites = FALSE
testType = "friedman"
firstTest = 5L
blockSize = 1L
eachTest = 1L
targetRunner = "/home/pestobar/Activities/irace-test-executions/PSO-X/Scenarios/Elites-3/Runs/Elites-3_seed_400031/target-runner"
targetRunnerLauncher = ""
targetCmdline = "{configurationID} {instanceID} {seed} {instance} {bound} {targetRunnerArgs}"
targetRunnerRetries = 0L
targetRunnerTimeout = 0L
targetRunnerData = ""
targetRunnerParallel = NULL
targetEvaluator = NULL
deterministic = FALSE
maxExperiments = 5500L
minExperiments = NA_character_
maxTime = 0L
budgetEstimation = 0.05
minMeasurableTime = 0.01
parallel = 10L
loadBalancing = TRUE
mpi = FALSE
batchmode = "0"
quiet = FALSE
debugLevel = 0L
seed = 400031L
softRestart = TRUE
softRestartThreshold = 1e-04
elitist = TRUE
elitistNewInstances = 1L
elitistLimit = 2L
repairConfiguration = NULL
capping = FALSE
cappingAfterFirstTest = FALSE
cappingType = "median"
boundType = "candidate"
boundMax = NULL
boundDigits = 0L
boundPar = 1L
boundAsTimeout = TRUE
postselection = TRUE
aclib = FALSE
nbIterations = 0L
nbExperimentsPerIteration = 0L
minNbSurvival = 0L
nbConfigurations = 0L
mu = 5L
confidence = 0.95
## end of irace scenario
# 2025-12-18 09:58:42 -03: Read 80 configuration(s) from file 'configurations.txt'
# 2025-12-18 09:58:42 -03: Testing configurations (in the order given as input): 
   particles topology modInfluence branching tSchedule phi1 phi2 inertia
1         21        4            0        NA        NA 1.89 2.36    0.38
2        134        4            0        NA        NA 2.09 2.30    0.53
3          9        1            0        NA        NA 1.54 2.48    0.26
4        142        4            0        NA        NA 1.27 2.48    0.50
5         67        4            0        NA        NA 1.58 2.49    0.41
6         66        1            1        NA        NA 2.05 1.48    0.59
7         90        4            0        NA        NA 1.94 2.40    0.65
8        162        4            2        NA        NA 0.44 2.37    0.81
9         85        4            0        NA        NA 2.15 2.28    0.55
10        45        4            0        NA        NA 1.79 2.42    0.50
11        82        4            0        NA        NA 1.24 2.44    0.35
12       106        4            0        NA        NA 1.91 2.36    0.46
13        77        4            0        NA        NA 1.28 2.47    0.42
14        57        4            0        NA        NA 0.59 2.22    0.56
15        20        0            1        NA        NA 2.46 2.08    0.31
16       108        4            0        NA        NA 2.14 2.28    0.67
17       142        4            0        NA        NA 2.03 2.45    0.37
18       101        4            0        NA        NA 2.28 2.16    0.50
19         6        5            0        NA         6 2.43 2.33    0.21
20        18        0            1        NA        NA 1.86 2.30    0.24
21       149        4            0        NA        NA 1.24 2.43    0.40
22        77        4            0        NA        NA 2.05 2.34    0.44
23        20        0            1        NA        NA 1.84 2.22    0.29
24       144        4            0        NA        NA 1.96 2.47    0.60
25        93        4            0        NA        NA 1.42 2.44    0.49
26        50        1            1        NA        NA 2.16 1.78    0.58
27        67        4            0        NA        NA 2.44 2.38    0.56
28        75        4            0        NA        NA 1.87 2.34    0.55
29       165        4            0        NA        NA 2.45 2.44    0.37
30        68        4            0        NA        NA 1.89 2.34    0.69
31        92        4            0        NA        NA 1.30 2.43    0.41
32        16        4            0        NA        NA 1.09 2.06    0.33
33        80        4            0        NA        NA 1.65 2.50    0.27
34        11        4            0        NA        NA 1.41 2.38    0.48
35        37        1            1        NA        NA 2.40 1.94    0.24
36       134        4            0        NA        NA 2.01 2.42    0.53
37       102        4            0        NA        NA 2.17 2.48    0.43
38       110        4            0        NA        NA 2.13 2.41    0.56
39       179        5            0        NA         6 0.86 2.44    0.29
40        21        0            1        NA        NA 2.25 2.32    0.22
41        38        4            0        NA        NA 2.21 1.60    0.53
42       150        4            0        NA        NA 1.95 2.33    0.58
43         4        4            2        NA        NA 1.77 2.47    0.41
44       105        4            0        NA        NA 0.43 2.38    0.25
45        75        4            0        NA        NA 2.17 2.11    0.61
46       115        1            1        NA        NA 2.36 2.43    0.66
47       115        4            0        NA        NA 2.26 2.13    0.74
48        83        4            0        NA        NA 2.38 2.39    0.11
49        38        4            0        NA        NA 2.46 1.83    0.67
50        83        4            0        NA        NA 1.42 2.41    0.70
51        79        4            0        NA        NA 1.02 2.39    0.45
52        83        4            0        NA        NA 2.35 2.47    0.44
53        25        1            0        NA        NA 1.69 2.28    0.33
54        89        4            2        NA        NA 2.41 2.46    0.72
55        25        1            2        NA        NA 2.11 2.38    0.30
56       103        4            0        NA        NA 0.96 2.24    0.45
57        84        4            0        NA        NA 2.11 2.48    0.32
58       103        4            0        NA        NA 0.50 2.49    0.48
59        28        0            0        NA        NA 1.99 1.81    0.13
60        22        1            1        NA        NA 2.31 2.37    0.25
61        48        1            0        NA        NA 1.53 2.12    0.18
62        85        4            0        NA        NA 2.11 2.33    0.54
63       104        4            0        NA        NA 2.27 2.39    0.41
64       107        4            0        NA        NA 0.30 2.33    0.20
65       129        4            0        NA        NA 1.28 2.45    0.40
66        68        1            2        NA        NA 0.38 2.48    0.53
67        62        1            0        NA        NA 1.72 2.22    0.69
68        69        4            2        NA        NA 0.21 2.15    0.81
69        98        0            0        NA        NA 1.95 2.00    0.67
70       117        4            0        NA        NA 1.52 2.26    0.52
71        68        4            0        NA        NA 0.99 2.49    0.28
72        34        4            0        NA        NA 2.31 2.40    0.33
73       107        4            0        NA        NA 2.02 2.32    0.19
74       163        4            2        NA        NA 1.30 2.44    0.68
75        84        4            0        NA        NA 1.29 2.49    0.24
76        90        4            0        NA        NA 1.66 2.30    0.57
77        84        4            0        NA        NA 0.78 2.24    0.29
78       135        4            0        NA        NA 1.32 2.29    0.57
79       102        0            0        NA        NA 1.96 2.40    0.23
80       200        4            2        NA        NA 2.48 2.31    0.64
# 2025-12-18 12:16:13 -03: Testing results (column number is configuration ID in no particular order):
         seeds            1            2            3            4            5
1t  1222061436 8.512407e-01 1.314647e+00 7.897126e-01 1.654255e+00 1.199435e+00
2t   960972032 7.098634e+06 1.860469e+07 5.587529e+06 1.127927e+07 1.077619e+07
3t  1504254982 1.594118e+06 2.513494e+06 1.388829e+06 2.449186e+06 1.565668e+06
4t   543402655 8.708991e+04 1.249256e+05 4.891365e+04 9.938784e+04 1.047754e+05
5t  1591753552 2.944643e+01 1.283318e+01 8.066889e+00 1.600623e+01 3.651473e+01
6t    41859242 5.908404e+00 6.161162e+02 4.611187e+00 5.972199e+02 5.815472e+01
7t  1949041807 7.533729e+03 4.942736e+03 4.819773e+03 4.288639e+03 5.278223e+03
8t  1388597840 5.340630e+00 6.534816e+00 5.386890e+00 6.531360e+00 5.852628e+00
9t  2143291722 3.097613e+02 2.825453e+02 3.656388e+02 2.655065e+02 2.923738e+02
10t 1131948111 2.461651e+01 3.126008e+01 2.575535e+01 3.056800e+01 2.629499e+01
11t  922477598 2.972712e+02 2.663721e+02 3.335750e+02 2.577959e+02 2.847120e+02
12t  358957415 8.883436e+03 4.437062e+03 7.862789e+03 3.574457e+02 2.438410e+02
13t 1308362445 2.013040e+01 1.579042e+00 2.040301e+01 1.637633e+00 1.419680e+00
14t 1012215253 2.100251e+01 2.107944e+01 2.117460e+01 2.104633e+01 2.080235e+01
15t 1515376510 1.451153e+02 2.629583e+02 1.335931e+02 5.401441e+02 1.555043e+02
16t 1145931393 4.709660e+01 4.903918e+01 4.497199e+01 4.919333e+01 4.869706e+01
17t  423926750 6.308953e-01 4.127556e-01 3.852809e-01 4.889442e-01 1.500609e-01
18t  876588649 8.835116e-01 9.961845e-01 8.002791e-01 9.843675e-01 9.101191e-01
19t  154592944 6.298104e+02 4.301094e+02 7.036261e+02 3.518287e+02 5.458412e+02
20t 1565264495 4.724372e+02 3.356170e+02 5.310478e+02 2.684950e+02 3.742468e+02
21t 1295575149 2.772315e+04 2.757980e+04 2.935635e+04 2.734037e+04 2.750688e+04
22t  805249927 3.023410e+04 2.806781e+04 2.914670e+04 2.865619e+04 2.923657e+04
23t  138914562 5.528480e+01 4.773174e+01 6.549832e+01 4.657967e+01 5.661711e+01
24t  821806571 5.986612e-01 6.009059e-01 1.306435e+00 7.993427e-01 5.916303e-01
25t 1677226696 7.038088e-01 5.518415e-01 8.068324e-01 4.874907e-01 6.749559e-01
26t  629763225 3.458404e-01 3.239274e-01 3.162207e-01 3.258670e-01 2.878746e-01
27t  307330772 9.754233e+01 8.098526e+01 9.454143e+01 6.442867e+01 8.103561e+01
28t  996489963 2.528917e+02 2.665349e+02 2.366825e+02 2.540013e+02 2.264763e+02
29t  359277678 3.570784e+02 2.719728e+02 4.205704e+02 2.887075e+02 3.517233e+02
30t  538675763 1.350565e+01 1.218437e+01 1.311943e+01 1.169091e+01 1.478095e+01
31t  909485737 2.472907e+02 1.612019e+02 2.929057e+02 1.501950e+02 1.621360e+02
32t  332277209 4.351910e+02 2.916200e+02 6.129798e+02 2.843305e+02 5.726159e+02
33t 1884717033 1.272363e+02 1.122208e+02 1.519302e+02 1.021755e+02 9.800988e+01
34t  431339083 3.599534e+01 2.700988e+01 2.688813e+01 2.580758e+01 2.815381e+01
35t  650193877 1.314210e+04 1.274805e+04 1.327150e+04 1.250443e+04 1.282309e+04
36t 1951718657 1.579951e+05 1.912272e+05 2.507323e+05 2.176919e+05 1.754112e+05
37t  485328029 5.303038e+01 5.871678e+01 5.705897e+01 5.850737e+01 5.800709e+01
38t 1229480125 3.333962e+05 2.301581e+05 5.093658e+05 2.602472e+05 1.943401e+05
39t 1265592781 7.670088e+00 6.177401e+00 7.081848e+00 5.598770e+00 5.706309e+00
40t 2144409475 6.014443e+01 4.942631e+01 5.649103e+01 2.951742e+01 7.678063e+01
41t   10240095 4.479114e+02 4.495877e+02 4.475738e+02 4.504191e+02 4.487038e+02
42t  107210611 4.270168e+02 3.244047e+02 5.246485e+02 3.223961e+02 3.461144e+02
43t 1815941737 5.167094e+02 4.365697e+02 5.284963e+02 3.698756e+02 3.611483e+02
44t  438670011 9.382306e+02 9.308904e+02 9.415459e+02 9.365116e+02 9.274334e+02
45t  727954892 9.340319e+02 9.311117e+02 9.271366e+02 9.258350e+02 9.421554e+02
46t   83164711 9.893902e+02 9.275231e+02 9.896636e+02 9.277836e+02 9.307796e+02
47t 1661679941 5.360066e+02 1.029505e+03 5.301910e+02 1.025131e+03 1.024064e+03
48t  759461690 1.046183e+03 9.414731e+02 1.061871e+03 9.771557e+02 9.853559e+02
49t 2007014473 5.546283e+02 5.698276e+02 5.475221e+02 1.024709e+03 5.611346e+02
50t  322206972 9.332276e+02 9.050372e+02 9.728902e+02 8.982347e+02 9.387147e+02
               6            7            8            9           10
1t  1.353074e+00 1.836956e+00 2.881073e+00 1.343951e+00 1.156939e+00
2t  6.153804e+06 1.239631e+07 8.510118e+06 1.170573e+07 1.093415e+07
3t  2.053382e+06 2.987242e+06 4.323682e+06 2.353886e+06 1.954494e+06
4t  1.220736e+05 7.889937e+04 1.143902e+05 1.105803e+05 1.021704e+05
5t  5.843367e+01 4.895412e+00 1.662047e+01 1.710224e+01 3.792505e+01
6t  1.208392e+02 2.131630e+02 2.910163e+02 1.680394e+02 2.475682e+01
7t  9.257690e+03 2.951778e+03 3.090342e+03 3.908086e+03 6.411715e+03
8t  6.512259e+00 7.540503e+00 1.026383e+01 6.624166e+00 5.847109e+00
9t  3.563264e+02 2.433572e+02 5.033427e+01 2.764727e+02 2.754438e+02
10t 2.902520e+01 3.366066e+01 3.966404e+01 2.972653e+01 2.906816e+01
11t 3.561282e+02 2.342357e+02 4.681545e+01 2.784174e+02 2.767450e+02
12t 2.846867e+04 2.402353e+02 2.906587e+03 2.764704e+02 1.492057e+02
13t 2.040866e+01 1.879104e+00 2.213243e+00 1.523044e+00 1.995441e+01
14t 2.115842e+01 2.117332e+01 2.114565e+01 2.112752e+01 2.106171e+01
15t 1.774919e+02 5.783407e+02 3.920917e+02 3.555397e+02 2.000283e+02
16t 4.928025e+01 4.542877e+01 4.934740e+01 4.810046e+01 4.749470e+01
17t 4.345444e+02 1.308730e-01 1.200319e-01 9.880281e-02 6.864638e-02
18t 8.747391e-01 1.008913e+00 1.042893e+00 9.675910e-01 9.215343e-01
19t 1.456203e+03 3.983906e+02 4.043106e+02 5.073404e+02 4.530533e+02
20t 7.139351e+02 2.478420e+02 2.883209e+02 3.234435e+02 2.517957e+02
21t 3.520644e+04 2.672049e+04 3.108392e+04 2.756742e+04 2.800782e+04
22t 3.523751e+04 2.862035e+04 3.148348e+04 2.786796e+04 2.838395e+04
23t 6.823350e+01 4.501824e+01 4.207805e+01 5.121957e+01 5.335604e+01
24t 3.459147e+00 7.014967e-01 3.427937e+00 6.559396e-01 7.095908e-01
25t 5.545582e-01 4.187173e-01 4.373020e-01 5.899913e-01 8.084359e-01
26t 2.943518e-01 3.508448e-01 3.158963e-01 2.849453e-01 3.567118e-01
27t 3.454414e+01 7.579200e+01 5.761701e+01 6.025479e+01 9.194322e+01
28t 1.678547e+02 3.171537e+02 3.558575e+02 2.679809e+02 2.358555e+02
29t 4.646881e+02 3.084031e+02 2.943427e+02 2.972177e+02 2.718952e+02
30t 1.500923e+01 1.185676e+01 1.573170e+01 1.162036e+01 1.119853e+01
31t 1.016406e+02 1.672165e+02 1.398180e+02 1.889206e+02 2.092688e+02
32t 3.099935e+02 3.378047e+02 3.117158e+02 3.323249e+02 3.341188e+02
33t 1.431196e+02 1.046346e+02 1.111214e+02 1.066597e+02 9.919611e+01
34t 2.749140e+01 2.911723e+01 3.199166e+01 2.638456e+01 2.916126e+01
35t 1.403741e+04 1.277786e+04 1.243899e+04 1.253623e+04 1.289925e+04
36t 1.472870e+05 2.924806e+05 3.994042e+05 2.132684e+05 2.736048e+05
37t 6.603387e+01 6.062853e+01 5.828701e+01 5.885184e+01 5.655149e+01
38t 1.716459e+05 2.709072e+05 1.944558e+05 2.663370e+05 3.018060e+05
39t 4.839562e+00 6.340091e+00 6.291923e+00 5.844186e+00 5.846306e+00
40t 9.114422e+02 2.356239e+01 2.128390e+01 5.347795e+01 5.962982e+01
41t 4.495143e+02 4.525687e+02 4.560867e+02 4.501590e+02 4.486555e+02
42t 4.196786e+02 3.111427e+02 2.811609e+02 2.995566e+02 4.289068e+02
43t 4.192599e+02 4.039000e+02 3.416849e+02 3.867454e+02 4.351097e+02
44t 9.533746e+02 9.210452e+02 9.321414e+02 9.295260e+02 9.273493e+02
45t 9.454604e+02 9.225837e+02 9.296016e+02 9.313608e+02 9.312707e+02
46t 9.523306e+02 9.246455e+02 9.268976e+02 9.244279e+02 9.304261e+02
47t 5.428713e+02 1.020575e+03 6.076704e+02 1.026065e+03 1.025918e+03
48t 1.159327e+03 9.452900e+02 9.271145e+02 9.664008e+02 1.000771e+03
49t 1.201854e+03 1.021460e+03 6.190003e+02 5.714146e+02 1.033941e+03
50t 1.227914e+03 8.886031e+02 4.055687e+02 9.200993e+02 9.136521e+02
              11           12           13           14           15
1t  1.068660e+00 1.240639e+00 1.285014e+00 1.618108e+00 6.024563e-01
2t  1.104657e+07 1.016994e+07 1.160091e+07 1.037709e+07 6.120979e+06
3t  1.851312e+06 1.882224e+06 1.965521e+06 3.380173e+06 8.736946e+05
4t  9.329516e+04 1.199151e+05 1.157300e+05 8.956944e+04 1.332541e+05
5t  3.958583e+01 3.141091e+01 2.937865e+01 9.628427e+00 4.659641e+01
6t  1.775620e+02 2.744340e+02 7.131047e+01 4.859334e+01 4.057155e+00
7t  4.976044e+03 5.175563e+03 3.465414e+03 3.097545e+03 5.660860e+04
8t  5.631064e+00 5.933801e+00 5.793333e+00 8.182823e+00 4.387092e+00
9t  2.727617e+02 2.648556e+02 2.506428e+02 2.681654e+02 3.411599e+02
10t 2.814872e+01 2.945534e+01 2.879224e+01 3.348380e+01 1.961999e+01
11t 2.921289e+02 2.731048e+02 2.604978e+02 2.896244e+02 3.082190e+02
12t 9.459246e+03 8.671621e+03 1.170314e+04 2.957722e+02 1.453491e+04
13t 1.434989e+00 1.426814e+00 1.564726e+00 1.986478e+00 1.990502e+01
14t 2.099552e+01 2.094985e+01 2.102962e+01 2.109770e+01 2.114499e+01
15t 1.015937e+03 4.412880e+03 6.370787e+03 2.306545e+02 1.056482e+02
16t 4.746976e+01 4.600926e+01 5.877861e+01 4.920170e+01 4.923799e+01
17t 1.768611e+00 7.963743e-01 1.131477e-01 8.421098e-02 1.530331e+02
18t 9.244058e-01 9.205892e-01 9.615715e-01 1.013711e+00 6.651076e-01
19t 4.962959e+02 4.993376e+02 4.666002e+02 3.849308e+02 5.159748e+03
20t 2.686711e+02 2.529199e+02 3.174726e+02 2.935064e+02 9.988521e+02
21t 2.754853e+04 2.767393e+04 2.819109e+04 2.889896e+04 3.808827e+04
22t 2.915611e+04 2.884184e+04 2.779902e+04 2.922926e+04 3.671826e+04
23t 6.168442e+01 4.900866e+01 5.726838e+01 4.315093e+01 8.638560e+01
24t 5.581397e-01 1.121635e+00 7.990909e-01 5.616583e-01 4.574854e+00
25t 5.640033e-01 4.921523e-01 4.017206e-01 4.914398e-01 5.917901e-01
26t 3.002909e-01 3.231066e-01 3.644225e-01 3.292823e-01 2.886208e-01
27t 8.108351e+01 8.002914e+01 8.877561e+01 9.980596e+01 6.008868e+01
28t 2.359739e+02 2.223273e+02 2.697070e+02 2.475329e+02 1.415946e+02
29t 3.298430e+02 3.202679e+02 2.799044e+02 3.030128e+02 4.479499e+02
30t 1.136652e+01 1.061478e+01 1.110271e+01 1.330863e+01 1.068916e+01
31t 1.543918e+02 1.774503e+02 1.697262e+02 1.949138e+02 1.000978e+02
32t 3.114213e+02 2.961276e+02 3.204016e+02 7.189041e+02 3.749314e+02
33t 7.441627e+01 1.074251e+02 9.300761e+01 9.634158e+01 1.527672e+02
34t 2.629293e+01 2.569347e+01 2.611788e+01 3.337427e+01 3.136663e+01
35t 1.271725e+04 1.241628e+04 1.270178e+04 1.278558e+04 1.758968e+04
36t 1.669019e+05 2.301726e+05 2.216253e+05 2.441293e+05 1.207129e+05
37t 5.700369e+01 5.780720e+01 5.667186e+01 5.804009e+01 5.200112e+01
38t 2.830387e+05 2.084649e+05 2.874949e+05 4.134466e+05 1.858039e+05
39t 5.310547e+00 6.953154e+00 7.291729e+00 5.578250e+00 5.059160e+00
40t 8.865844e+01 5.966512e+01 5.894049e+01 2.173296e+01 7.493661e+02
41t 4.647602e+02 4.482889e+02 4.487222e+02 4.529493e+02 9.415628e+02
42t 3.133235e+02 3.673829e+02 2.642129e+02 4.319360e+02 4.808493e+02
43t 4.992122e+02 4.403127e+02 4.337356e+02 4.423388e+02 5.564901e+02
44t 9.320596e+02 9.351697e+02 9.282239e+02 9.329242e+02 9.253708e+02
45t 9.453073e+02 9.280539e+02 9.383250e+02 9.314836e+02 9.258762e+02
46t 9.321734e+02 9.286801e+02 9.350737e+02 9.248543e+02 9.236777e+02
47t 1.023087e+03 1.023471e+03 5.444771e+02 1.024428e+03 1.306921e+03
48t 9.971129e+02 9.916938e+02 9.850664e+02 9.278106e+02 1.279036e+03
49t 1.028186e+03 9.192398e+02 5.634840e+02 1.021117e+03 1.234228e+03
50t 9.304166e+02 9.249699e+02 8.859435e+02 8.927979e+02 1.295495e+03
              16           17           18           19           20
1t  2.241555e+00 1.231351e+00 1.405712e+00 8.464975e-01 6.347236e-01
2t  1.740151e+07 1.782874e+07 1.973147e+07 3.162870e+06 5.370972e+06
3t  3.433549e+06 1.647740e+06 2.177364e+06 1.160605e+06 9.607420e+05
4t  1.148279e+05 1.192246e+05 1.179774e+05 5.090678e+04 1.270540e+05
5t  6.585984e+00 3.903010e+01 3.849135e+01 3.105988e-01 4.039303e+01
6t  4.349715e+02 4.175981e+02 2.998469e+02 2.693527e+00 3.192884e+00
7t  3.381112e+03 5.343491e+03 4.116778e+03 9.636692e+03 6.011013e+04
8t  8.006317e+00 5.792616e+00 6.289990e+00 7.353484e+02 4.230412e+00
9t  2.508236e+02 2.859102e+02 2.730375e+02 3.557286e+02 4.497605e+02
10t 3.209539e+01 2.677005e+01 2.832039e+01 2.510967e+01 1.751325e+01
11t 2.337787e+02 2.804612e+02 2.600760e+02 3.556850e+02 3.262462e+02
12t 2.621451e+02 1.102921e+04 6.241064e+03 2.905091e+03 1.376185e+04
13t 1.971634e+00 1.252355e+00 1.474020e+00 2.025184e+01 1.992361e+01
14t 2.117806e+01 2.095821e+01 2.115853e+01 2.112997e+01 2.065964e+01
15t 3.854307e+02 1.767542e+02 2.025620e+02 1.055842e+02 2.559042e+02
16t 1.032106e+02 7.291448e+01 9.646396e+01 4.707229e+01 4.923850e+01
17t 9.732211e-01 2.630920e-01 1.266896e+00 1.339813e-01 2.022097e+02
18t 1.031588e+00 9.332332e-01 9.579259e-01 8.011735e-01 6.649342e-01
19t 3.897951e+02 4.684426e+02 4.622482e+02 6.639726e+02 5.006537e+03
20t 2.317240e+02 2.935735e+02 3.315049e+02 5.936426e+02 1.003764e+03
21t 2.726560e+04 2.766507e+04 2.805173e+04 2.907332e+04 3.845608e+04
22t 2.897928e+04 2.831989e+04 2.795377e+04 2.890185e+04 3.830422e+04
23t 4.883722e+01 5.509204e+01 5.307817e+01 7.666122e+01 8.743429e+01
24t 7.976540e-01 8.420813e-01 7.242640e-01 8.798544e-01 4.554494e+00
25t 6.251841e-01 5.117222e-01 6.212486e-01 7.244858e-01 6.510618e-01
26t 3.874669e-01 3.474391e-01 8.438570e-01 3.069268e-01 2.886268e-01
27t 6.227309e+01 6.945732e+01 8.215112e+01 1.085833e+02 5.195812e+01
28t 2.767326e+02 2.304499e+02 2.184357e+02 2.513871e+02 1.338200e+02
29t 2.886060e+02 3.340683e+02 2.786451e+02 4.305485e+02 4.476343e+02
30t 1.140633e+01 9.766708e+00 1.104677e+01 1.018424e+01 1.254527e+01
31t 1.749606e+02 1.511787e+02 1.693737e+02 2.172380e+02 1.123215e+02
32t 5.090776e+02 3.034744e+02 3.396731e+02 7.290630e+02 3.902873e+02
33t 1.129208e+02 1.052221e+02 1.067209e+02 1.467187e+02 1.517131e+02
34t 2.644267e+01 2.276808e+01 2.590079e+01 2.651265e+01 2.980035e+01
35t 1.243696e+04 1.295640e+04 1.268951e+04 1.432479e+04 1.792609e+04
36t 2.646089e+05 1.756964e+05 1.886084e+05 2.184948e+05 1.219612e+05
37t 5.854900e+01 5.855349e+01 5.989990e+01 5.860308e+01 5.175385e+01
38t 2.422916e+05 2.121179e+05 2.182553e+05 3.060422e+05 1.793014e+05
39t 5.933861e+00 5.259287e+00 5.166124e+00 6.668926e+00 5.352363e+00
40t 2.577310e+01 5.357511e+01 5.438923e+01 5.221640e+01 7.763597e+02
41t 4.523066e+02 4.487171e+02 4.505629e+02 7.245101e+02 4.426140e+02
42t 3.160216e+02 3.361977e+02 4.084870e+02 5.236445e+02 5.021736e+02
43t 3.605020e+02 4.081854e+02 4.136925e+02 4.716945e+02 5.574634e+02
44t 9.226840e+02 9.401487e+02 9.296942e+02 1.040514e+03 9.255797e+02
45t 9.216122e+02 9.294088e+02 9.308796e+02 9.287118e+02 9.237409e+02
46t 9.209847e+02 9.262944e+02 9.373239e+02 1.009807e+03 9.241303e+02
47t 1.021487e+03 5.359871e+02 1.023335e+03 5.284473e+02 1.301700e+03
48t 9.257712e+02 9.499641e+02 9.872204e+02 1.175636e+03 1.292261e+03
49t 1.019214e+03 5.639763e+02 1.027441e+03 1.206076e+03 1.223326e+03
50t 8.835686e+02 9.350317e+02 9.004056e+02 9.972886e+02 1.305880e+03
              21           22           23           24           25
1t  1.386125e+00 1.156898e+00 6.319848e-01 2.010224e+00 1.388838e+00
2t  1.679496e+07 9.620860e+06 5.802295e+06 1.752837e+07 1.213625e+07
3t  2.500633e+06 1.947774e+06 9.794066e+05 3.417228e+06 2.341263e+06
4t  1.131896e+05 1.085275e+05 1.386781e+05 1.029268e+05 1.064976e+05
5t  4.337541e+01 3.464331e+01 4.534977e+01 7.452220e+00 1.983717e+01
6t  4.580730e+02 1.724939e+02 3.659659e+00 6.016996e+02 1.615907e+02
7t  5.817669e+03 4.758581e+03 6.839596e+04 4.424804e+03 4.408393e+03
8t  6.274479e+00 5.578517e+00 4.359771e+00 6.808568e+00 6.201881e+00
9t  2.649689e+02 2.897731e+02 4.505523e+02 2.294560e+02 2.856194e+02
10t 3.034488e+01 2.782886e+01 1.897731e+01 3.170284e+01 2.978319e+01
11t 2.305268e+02 2.867920e+02 3.183035e+02 2.375470e+02 2.562444e+02
12t 8.982036e+03 5.532575e+02 1.434327e+04 2.597501e+02 9.442167e+03
13t 1.436280e+00 1.342788e+00 1.994557e+01 1.893715e+00 1.491306e+00
14t 2.104563e+01 2.100583e+01 2.082758e+01 2.099981e+01 2.101288e+01
15t 4.253450e+02 1.665078e+02 1.046366e+02 6.339357e+02 2.442552e+02
16t 4.978464e+01 4.924662e+01 4.924239e+01 4.845881e+01 4.845788e+01
17t 1.402273e+00 1.312886e+00 2.433207e+02 1.100913e+00 5.165377e-01
18t 9.789960e-01 9.125603e-01 6.041242e-01 9.941872e-01 9.464879e-01
19t 4.652139e+02 5.623278e+02 5.169090e+03 3.593497e+02 5.351653e+02
20t 2.630545e+02 2.806539e+02 1.026375e+03 1.977924e+02 3.167853e+02
21t 2.810936e+04 2.757584e+04 3.806071e+04 2.735545e+04 2.751921e+04
22t 2.630798e+04 2.789367e+04 3.855205e+04 2.786684e+04 2.805682e+04
23t 4.943585e+01 5.718163e+01 8.743429e+01 4.713097e+01 4.866064e+01
24t 5.725890e-01 8.325956e-01 4.682216e+00 7.411646e-01 7.389485e-01
25t 5.088333e-01 5.602720e-01 6.272627e-01 4.152389e-01 4.805534e-01
26t 2.695955e-01 3.687806e-01 2.745272e-01 3.300530e-01 3.526277e-01
27t 6.460631e+01 7.128484e+01 4.828282e+01 7.339370e+01 6.757114e+01
28t 1.982775e+02 2.546615e+02 1.349616e+02 2.642807e+02 2.867148e+02
29t 3.161256e+02 3.081824e+02 4.716176e+02 2.896257e+02 3.237292e+02
30t 1.269772e+01 1.088314e+01 1.095930e+01 1.179303e+01 1.256139e+01
31t 1.562267e+02 1.535373e+02 1.037148e+02 1.516807e+02 1.519377e+02
32t 4.823291e+02 8.201172e+02 3.845098e+02 3.423046e+02 3.311771e+02
33t 1.001715e+02 1.112318e+02 1.549956e+02 1.011426e+02 1.061663e+02
34t 2.487833e+01 2.578999e+01 2.797502e+01 2.733471e+01 2.548677e+01
35t 1.263684e+04 1.292473e+04 1.803094e+04 1.249188e+04 1.253500e+04
36t 2.104217e+05 1.999577e+05 1.156646e+05 2.503453e+05 1.904697e+05
37t 5.392723e+01 5.930248e+01 5.108687e+01 5.896560e+01 5.808242e+01
38t 2.378106e+05 2.827678e+05 1.765465e+05 3.182658e+05 2.389540e+05
39t 6.500693e+00 6.135583e+00 5.210951e+00 6.156096e+00 6.683884e+00
40t 5.048457e+01 8.667034e+01 7.980887e+02 3.092794e+01 3.727846e+01
41t 4.484843e+02 4.489000e+02 9.368911e+02 4.298768e+02 4.486330e+02
42t 3.127580e+02 3.224635e+02 5.019301e+02 2.943301e+02 3.253219e+02
43t 4.423089e+02 3.771934e+02 5.145399e+02 3.241888e+02 3.541368e+02
44t 9.258454e+02 9.430910e+02 9.248869e+02 9.291581e+02 9.298792e+02
45t 9.383526e+02 9.347593e+02 9.252177e+02 9.211440e+02 9.310287e+02
46t 9.225371e+02 9.315655e+02 9.214611e+02 9.229921e+02 9.325586e+02
47t 1.026796e+03 1.030627e+03 1.336654e+03 1.021304e+03 1.033106e+03
48t 9.878224e+02 9.797979e+02 1.255302e+03 9.285984e+02 9.310622e+02
49t 5.632206e+02 5.590195e+02 1.241764e+03 1.019799e+03 1.027593e+03
50t 9.033833e+02 9.059631e+02 1.286906e+03 8.901472e+02 9.341507e+02
              26           27           28           29           30
1t  1.098316e+00 1.382683e+00 1.229040e+00 1.053827e+00 2.086216e+00
2t  5.056380e+06 6.286187e+06 1.244231e+07 2.279844e+07 1.171954e+07
3t  1.414583e+06 2.083995e+06 2.136255e+06 1.935777e+06 3.866391e+06
4t  1.416993e+05 9.711176e+04 9.968547e+04 1.265923e+05 9.720976e+04
5t  5.836899e+01 1.536079e+01 3.084324e+01 4.786408e+01 4.504865e+00
6t  7.240967e+01 8.536976e+01 1.109697e+02 5.031584e+02 1.265469e+02
7t  5.187741e+03 2.762166e+03 3.567411e+03 6.674007e+03 3.088016e+03
8t  6.204250e+00 6.365392e+00 6.152626e+00 5.747664e+00 8.227769e+00
9t  3.696674e+02 2.771697e+02 2.442913e+02 2.844024e+02 2.314547e+02
10t 2.849428e+01 2.514568e+01 2.835062e+01 2.861831e+01 3.418196e+01
11t 3.540139e+02 2.207972e+02 2.573202e+02 2.481806e+02 2.141376e+02
12t 2.462790e+04 2.222973e+02 2.748133e+02 1.122433e+04 2.495813e+02
13t 2.058544e+01 1.595694e+00 1.304674e+00 1.269447e+00 1.944250e+00
14t 2.116345e+01 2.117198e+01 2.105143e+01 2.098358e+01 2.114049e+01
15t 1.748857e+02 1.892654e+02 1.755942e+02 1.947784e+02 2.412566e+03
16t 1.021467e+02 4.606483e+01 4.684988e+01 4.678691e+01 4.821118e+01
17t 3.122308e+02 8.797439e-02 1.118470e-01 6.264971e-01 2.747153e-01
18t 9.375020e-01 9.537793e-01 9.989903e-01 9.913025e-01 1.033423e+00
19t 1.388842e+03 4.208969e+02 4.066004e+02 6.168492e+02 3.924469e+02
20t 7.443384e+02 3.128335e+02 3.331005e+02 2.552506e+02 2.159631e+02
21t 3.528971e+04 2.670131e+04 2.710865e+04 2.789565e+04 2.781243e+04
22t 3.549589e+04 2.715936e+04 2.815557e+04 2.821224e+04 2.711664e+04
23t 6.827055e+01 4.736615e+01 5.312580e+01 4.532957e+01 4.863168e+01
24t 2.973632e+00 6.051029e-01 7.466303e-01 1.059497e+00 7.830608e-01
25t 5.408850e-01 5.043362e-01 6.050815e-01 4.290467e-01 4.268824e-01
26t 2.929443e-01 3.383970e-01 3.018975e-01 2.980998e-01 3.580116e-01
27t 5.148904e+01 7.751673e+01 7.522637e+01 6.253150e+01 5.996965e+01
28t 1.852209e+02 2.225975e+02 2.288836e+02 1.992688e+02 3.066845e+02
29t 4.185060e+02 2.542415e+02 3.108151e+02 2.863550e+02 2.882508e+02
30t 1.257187e+01 1.106298e+01 1.125002e+01 1.417178e+01 1.356137e+01
31t 1.254961e+02 1.671457e+02 2.075331e+02 1.342943e+02 1.749387e+02
32t 3.989338e+02 2.928176e+02 3.398693e+02 2.571461e+02 2.991267e+02
33t 1.306664e+02 9.486294e+01 1.072058e+02 1.030838e+02 1.099765e+02
34t 2.758519e+01 2.435113e+01 2.950822e+01 2.240491e+01 2.753831e+01
35t 1.382767e+04 1.273041e+04 1.259583e+04 1.269484e+04 1.254430e+04
36t 1.698198e+05 1.919368e+05 2.113322e+05 1.320782e+05 2.594326e+05
37t 6.178084e+01 5.738042e+01 6.087425e+01 5.880974e+01 5.824418e+01
38t 1.569803e+05 2.336802e+05 3.066225e+05 2.418823e+05 2.914551e+05
39t 5.134874e+00 6.234241e+00 6.913810e+00 5.812468e+00 6.108349e+00
40t 6.731281e+02 4.426050e+01 5.795736e+01 6.338492e+01 1.785644e+01
41t 4.495105e+02 4.491682e+02 4.498670e+02 4.485031e+02 4.516069e+02
42t 3.008867e+02 3.256365e+02 3.170804e+02 3.458393e+02 2.977106e+02
43t 3.888367e+02 3.726674e+02 4.374576e+02 4.459809e+02 3.108816e+02
44t 9.549343e+02 9.331918e+02 9.359560e+02 9.263107e+02 9.271090e+02
45t 9.377099e+02 9.338322e+02 9.362507e+02 9.281788e+02 9.276181e+02
46t 9.485739e+02 9.371976e+02 9.247119e+02 9.343544e+02 9.216073e+02
47t 5.442467e+02 1.020726e+03 1.019759e+03 5.369228e+02 1.021716e+03
48t 1.183467e+03 9.065813e+02 9.846417e+02 1.008670e+03 9.178765e+02
49t 5.654001e+02 5.753339e+02 1.024921e+03 5.716772e+02 1.022351e+03
50t 1.209235e+03 9.002712e+02 9.062574e+02 9.491727e+02 8.988221e+02
              31           32           33           34           35
1t  1.208082e+00 1.099032e+00 8.809953e-01 1.227706e+00 6.587087e-01
2t  1.530963e+07 6.636527e+06 1.897405e+07 5.249781e+06 4.585696e+06
3t  1.992397e+06 1.468285e+06 1.436847e+06 1.576891e+06 1.277183e+06
4t  1.211798e+05 3.787805e+04 1.198172e+05 2.579849e+04 1.230759e+05
5t  4.515699e+01 2.882717e+01 4.063167e+01 7.376038e+00 5.916420e+01
6t  1.948873e+02 5.152094e+00 9.035461e+01 3.730320e+00 2.489656e+01
7t  5.748863e+03 3.775356e+03 6.438594e+03 1.949658e+03 1.267514e+04
8t  6.094550e+00 5.657218e+00 5.404789e+00 5.947959e+00 4.502430e+00
9t  2.988350e+02 3.423391e+02 2.884013e+02 3.247881e+02 3.649425e+02
10t 2.898042e+01 2.625434e+01 2.640778e+01 2.899890e+01 2.259985e+01
11t 3.007312e+02 3.030114e+02 2.784692e+02 3.045037e+02 3.816971e+02
12t 7.828744e+03 7.790482e+03 1.612112e+04 2.529042e+02 2.667063e+04
13t 1.415757e+00 2.026887e+01 1.684484e+01 2.004420e+01 2.058231e+01
14t 2.098003e+01 2.102359e+01 2.091750e+01 2.102867e+01 2.114425e+01
15t 4.355466e+02 1.457575e+02 1.301175e+02 1.711520e+02 1.269348e+02
16t 4.885298e+01 4.710500e+01 4.707464e+01 4.711553e+01 4.923130e+01
17t 7.382151e-02 5.133536e-02 3.056520e+00 1.231177e-01 6.434163e+02
18t 9.319704e-01 8.784347e-01 8.746268e-01 9.049118e-01 7.753082e-01
19t 5.094672e+02 6.408326e+02 6.048690e+02 5.831498e+02 2.234029e+03
20t 3.706053e+02 4.824998e+02 4.088851e+02 4.536331e+02 7.765502e+02
21t 2.856398e+04 2.947020e+04 2.750383e+04 2.940558e+04 3.501423e+04
22t 2.827772e+04 2.896898e+04 2.836712e+04 3.047857e+04 3.477086e+04
23t 5.656534e+01 7.022141e+01 5.554984e+01 6.670412e+01 7.116597e+01
24t 7.644853e-01 1.182773e+00 8.457867e-01 4.958445e-01 3.002994e+00
25t 5.350065e-01 7.367476e-01 6.693276e-01 9.004227e-01 6.284272e-01
26t 3.827803e-01 3.148008e-01 3.360484e-01 4.077394e-01 2.976110e-01
27t 8.118862e+01 1.147390e+02 9.490287e+01 9.589480e+01 3.601732e+01
28t 2.263506e+02 2.156977e+02 1.910084e+02 2.539690e+02 1.438294e+02
29t 3.359532e+02 4.203782e+02 3.484304e+02 3.976002e+02 4.436478e+02
30t 1.365994e+01 1.260305e+01 1.170068e+01 1.185063e+01 2.549857e+01
31t 1.755243e+02 2.541345e+02 2.033259e+02 2.429609e+02 9.174381e+01
32t 4.502778e+02 3.799732e+02 4.413912e+02 5.508701e+02 3.126831e+02
33t 9.896382e+01 1.065721e+02 1.191477e+02 1.270558e+02 1.550284e+02
34t 2.586741e+01 3.556791e+01 2.670014e+01 4.102998e+01 2.949582e+01
35t 1.293667e+04 1.282191e+04 1.289304e+04 1.290380e+04 1.520011e+04
36t 2.100148e+05 2.207165e+05 1.630252e+05 2.977158e+05 1.419549e+05
37t 5.735701e+01 5.568235e+01 5.497233e+01 5.761724e+01 6.552775e+01
38t 2.405909e+05 4.341531e+05 2.133365e+05 6.728637e+05 1.511155e+05
39t 5.780387e+00 6.958648e+00 6.178507e+00 5.566538e+00 4.845666e+00
40t 6.970062e+01 4.257212e+01 9.516938e+01 3.550235e+01 1.511045e+03
41t 4.487870e+02 6.907881e+02 4.479950e+02 4.484531e+02 7.381660e+02
42t 3.200403e+02 5.254085e+02 4.279615e+02 4.406365e+02 4.263520e+02
43t 4.353711e+02 4.604463e+02 4.145246e+02 3.978036e+02 4.334676e+02
44t 9.344263e+02 9.364855e+02 9.413358e+02 9.371328e+02 9.280290e+02
45t 9.341448e+02 9.424246e+02 9.327410e+02 9.454279e+02 9.292185e+02
46t 9.260989e+02 9.379302e+02 9.282395e+02 9.575219e+02 9.267653e+02
47t 1.024317e+03 5.407314e+02 5.320805e+02 1.024003e+03 5.296407e+02
48t 1.005207e+03 1.075420e+03 9.674283e+02 1.036151e+03 1.291813e+03
49t 9.195965e+02 1.197937e+03 5.574483e+02 5.622429e+02 1.214125e+03
50t 8.968653e+02 9.212192e+02 9.247675e+02 9.003230e+02 1.287935e+03
              36           37           38           39           40
1t  1.269211e+00 1.095998e+00 1.489657e+00 1.132527e+00 6.298863e-01
2t  2.029471e+07 9.946193e+06 1.928754e+07 1.183544e+07 5.897696e+06
3t  2.638628e+06 1.678475e+06 2.194469e+06 1.802793e+06 9.617963e+05
4t  9.861703e+04 1.082758e+05 1.207030e+05 1.146717e+05 1.411035e+05
5t  9.077852e+00 3.126965e+01 1.487624e+01 4.680095e+01 4.552487e+01
6t  3.910001e+02 3.233108e+02 3.307217e+02 3.269243e+01 4.372031e+00
7t  4.974770e+03 6.940045e+03 4.879747e+03 1.256738e+04 7.516932e+04
8t  6.434545e+00 5.434543e+00 6.580221e+00 5.721687e+00 4.246683e+00
9t  2.641542e+02 2.995162e+02 2.209381e+02 3.156869e+02 3.456600e+02
10t 3.153628e+01 2.677006e+01 2.676681e+01 2.487758e+01 1.858715e+01
11t 2.360953e+02 2.597092e+02 2.512426e+02 3.110918e+02 4.007594e+02
12t 3.847325e+02 1.047727e+04 2.508727e+02 2.079130e+04 1.398557e+04
13t 1.650514e+00 1.287069e+00 1.655612e+00 1.991847e+01 1.997908e+01
14t 2.107771e+01 2.106965e+01 2.113168e+01 2.095708e+01 2.071110e+01
15t 2.539077e+02 3.481877e+02 2.205504e+02 1.815799e+02 1.077865e+02
16t 4.665243e+01 1.042379e+02 4.793815e+01 9.787750e+01 4.923692e+01
17t 1.074190e+00 4.901863e-01 6.216583e-01 1.705410e+01 2.541875e+02
18t 9.638488e-01 9.347388e-01 9.703947e-01 9.064073e-01 5.733537e-01
19t 4.168474e+02 5.704572e+02 4.736161e+02 7.305877e+02 4.721309e+03
20t 2.879774e+02 3.674088e+02 3.013505e+02 2.764950e+02 5.566575e+02
21t 2.696008e+04 2.749251e+04 2.769382e+04 2.927270e+04 3.832322e+04
22t 2.824313e+04 2.825492e+04 2.761724e+04 2.909643e+04 3.886719e+04
23t 5.057462e+01 5.291938e+01 4.262551e+01 5.671323e+01 8.654432e+01
24t 7.256684e-01 6.852483e-01 7.340593e-01 6.470294e-01 5.068182e+00
25t 5.863595e-01 5.563270e-01 4.709940e-01 6.278248e-01 6.149606e-01
26t 3.185902e-01 3.879478e-01 3.779951e-01 3.504049e-01 2.979550e-01
27t 8.384961e+01 5.914340e+01 7.751604e+01 1.214012e+02 4.417682e+01
28t 2.303165e+02 2.082198e+02 2.432945e+02 2.512842e+02 1.501759e+02
29t 2.522688e+02 3.525873e+02 3.223021e+02 3.317700e+02 4.754471e+02
30t 1.350434e+01 1.015158e+01 1.116214e+01 1.721218e+01 9.763868e+00
31t 1.568703e+02 1.489054e+02 1.784875e+02 2.441520e+02 1.005493e+02
32t 3.179490e+02 3.088838e+02 3.218797e+02 3.940952e+02 3.773102e+02
33t 9.393685e+01 9.146289e+01 9.795468e+01 1.167650e+02 1.514546e+02
34t 2.468409e+01 2.316852e+01 3.057716e+01 3.248214e+01 2.909080e+01
35t 1.246861e+04 1.264637e+04 1.246289e+04 1.308721e+04 1.816611e+04
36t 2.020798e+05 1.976723e+05 2.445436e+05 2.118668e+05 1.086838e+05
37t 5.959337e+01 5.923386e+01 5.877280e+01 5.410693e+01 5.096462e+01
38t 1.993031e+05 2.618167e+05 2.015837e+05 3.641579e+05 1.597198e+05
39t 6.641580e+00 5.933176e+00 5.303294e+00 6.960736e+00 5.427308e+00
40t 3.545157e+01 3.992336e+01 5.104137e+01 8.956962e+01 8.999780e+02
41t 4.497312e+02 4.484232e+02 4.493360e+02 4.480654e+02 9.670432e+02
42t 2.960004e+02 3.540538e+02 2.971177e+02 3.880764e+02 4.262413e+02
43t 3.643334e+02 3.849400e+02 3.563214e+02 4.324827e+02 5.035346e+02
44t 9.336037e+02 9.296662e+02 9.337743e+02 1.025187e+03 9.258700e+02
45t 9.299574e+02 9.244312e+02 9.246814e+02 9.288396e+02 9.243955e+02
46t 9.263889e+02 9.367093e+02 9.301511e+02 1.004764e+03 9.234628e+02
47t 1.026170e+03 1.021067e+03 1.021689e+03 1.206934e+03 1.275823e+03
48t 9.711266e+02 9.493811e+02 9.945855e+02 1.182191e+03 1.355583e+03
49t 1.025180e+03 5.579347e+02 1.021093e+03 5.574379e+02 1.242960e+03
50t 9.093768e+02 9.257953e+02 8.860860e+02 9.152048e+02 1.296940e+03
              41           42           43           44           45
1t  1.271981e+00 1.759705e+00 7.956827e-01 1.422283e+00 1.666794e+00
2t  1.226913e+07 2.777769e+07 2.595785e+06 1.477151e+07 1.004895e+07
3t  2.218722e+06 3.404403e+06 1.147293e+06 2.477409e+06 2.765978e+06
4t  1.058475e+05 1.368277e+05 3.295724e+04 9.773256e+04 1.271849e+05
5t  3.025592e+01 1.931392e+01 1.439323e+01 5.535090e+01 1.707343e+01
6t  2.193807e+01 4.745316e+02 2.796130e+00 2.425147e+02 1.601837e+02
7t  4.902573e+03 4.405323e+03 4.292256e+04 4.981753e+03 2.300407e+03
8t  6.019749e+00 6.943489e+00 5.477983e+00 6.586528e+00 6.761333e+00
9t  2.907046e+02 2.432873e+02 3.619856e+02 2.798729e+02 2.841673e+02
10t 2.874630e+01 3.267099e+01 2.347536e+01 3.050229e+01 3.155528e+01
11t 2.862901e+02 2.156028e+02 3.632123e+02 2.636287e+02 2.734172e+02
12t 2.033413e+02 3.466584e+02 1.277361e+03 1.854882e+03 2.313059e+02
13t 2.011613e+01 1.822975e+00 2.021544e+01 1.759453e+00 1.762748e+00
14t 2.117770e+01 2.112248e+01 2.084070e+01 2.097571e+01 2.118165e+01
15t 1.748268e+02 2.502973e+02 1.198455e+02 2.045422e+02 3.827472e+02
16t 1.017132e+02 4.871088e+01 4.707261e+01 9.553973e+01 4.793722e+01
17t 3.727437e+00 1.058476e+00 3.604891e-02 1.274699e+00 1.718826e-01
18t 9.295363e-01 1.007277e+00 7.567620e-01 9.934254e-01 9.882313e-01
19t 4.756634e+02 4.443841e+02 2.374721e+03 5.028598e+02 3.738562e+02
20t 4.449726e+02 2.801571e+02 8.135064e+02 2.340095e+02 2.998631e+02
21t 2.790794e+04 2.719297e+04 2.932916e+04 2.725793e+04 2.759554e+04
22t 2.861542e+04 2.847408e+04 3.870446e+04 2.822184e+04 2.818824e+04
23t 5.355892e+01 5.001132e+01 8.637443e+01 5.118624e+01 4.363431e+01
24t 7.102937e-01 8.250302e-01 1.222646e+00 1.049080e+00 9.475792e-01
25t 1.018509e+00 5.994885e-01 5.997324e-01 5.587623e-01 4.040913e-01
26t 3.531602e-01 2.943296e-01 3.231656e-01 8.904507e-01 7.934802e-01
27t 1.150361e+02 6.251864e+01 6.856663e+01 8.201101e+01 8.151665e+01
28t 2.848000e+02 2.760595e+02 1.868278e+02 2.481845e+03 2.980575e+02
29t 3.345741e+02 2.901926e+02 5.617640e+02 2.826589e+02 2.564964e+02
30t 1.102180e+01 1.291063e+01 7.083369e+02 1.103294e+01 1.113290e+01
31t 1.983294e+02 1.312602e+02 1.983025e+02 1.497666e+02 1.762502e+02
32t 3.629874e+02 2.646526e+02 6.433371e+02 3.913014e+02 2.953818e+02
33t 1.178512e+02 8.839031e+01 2.053730e+02 1.165338e+02 1.023906e+02
34t 2.758743e+01 2.924456e+01 4.053986e+01 2.496100e+01 2.708423e+01
35t 1.288018e+04 1.254028e+04 1.468972e+04 1.270604e+04 1.262426e+04
36t 2.131297e+05 2.761635e+05 1.981031e+05 2.080495e+05 2.056467e+05
37t 5.853228e+01 5.947358e+01 7.567795e+01 5.575612e+01 6.201150e+01
38t 2.098822e+05 2.490580e+05 2.799624e+05 2.415535e+05 3.009559e+05
39t 5.860403e+00 6.695013e+00 5.917576e+00 5.430002e+00 5.638257e+00
40t 6.274341e+01 3.506720e+01 9.732764e+01 7.261569e+01 4.386276e+01
41t 4.498372e+02 4.504304e+02 7.276787e+02 5.500262e+02 4.512744e+02
42t 4.291159e+02 3.126720e+02 5.240296e+02 3.009648e+02 3.151824e+02
43t 4.360130e+02 3.667369e+02 5.390378e+02 3.532036e+02 3.858128e+02
44t 9.540905e+02 9.291262e+02 1.019047e+03 9.379320e+02 9.370308e+02
45t 9.393503e+02 9.274061e+02 1.229629e+03 9.366526e+02 9.285648e+02
46t 9.528119e+02 9.296012e+02 1.020540e+03 9.239995e+02 9.221381e+02
47t 1.024418e+03 1.021042e+03 5.270053e+02 1.035816e+03 1.030678e+03
48t 1.019868e+03 9.107407e+02 1.131390e+03 1.010637e+03 9.106485e+02
49t 5.632206e+02 1.020273e+03 5.455248e+02 9.235138e+02 5.691614e+02
50t 9.250612e+02 8.843251e+02 1.174051e+03 9.288291e+02 8.975060e+02
              46           47           48           49           50
1t  1.292426e+00 3.202208e+00 7.845065e-01 1.815262e+00 2.425420e+00
2t  7.962270e+06 2.957249e+07 1.156309e+07 1.085854e+07 1.627538e+07
3t  2.226312e+06 6.153474e+06 1.296188e+06 3.044862e+06 3.773264e+06
4t  1.403669e+05 1.148381e+05 1.228890e+05 9.378738e+04 7.939564e+04
5t  6.116013e+01 5.689766e+00 5.844672e+01 1.649750e+01 1.877872e+00
6t  2.833150e+02 5.544636e+02 1.519078e+02 4.206868e+01 2.789014e+02
7t  7.173547e+03 3.560302e+03 9.869117e+03 3.676927e+03 2.189556e+03
8t  6.438713e+00 9.384813e+00 4.815107e+00 7.143138e+00 8.671419e+00
9t  3.371538e+02 1.682219e+02 2.941333e+02 2.585625e+02 1.869100e+02
10t 3.082003e+01 3.517452e+01 2.349826e+01 3.034725e+01 3.601551e+01
11t 3.453827e+02 1.839535e+02 2.911649e+02 2.308173e+02 1.937386e+02
12t 2.760283e+04 2.551249e+02 1.297523e+04 1.989197e+02 2.304429e+02
13t 2.005082e+01 2.123032e+00 1.994858e+01 1.929992e+00 1.870318e+00
14t 2.114971e+01 2.113625e+01 2.114903e+01 2.111297e+01 2.114036e+01
15t 2.103140e+02 4.638027e+02 2.397844e+02 2.532322e+02 3.594860e+02
16t 4.927345e+01 4.943944e+01 4.704663e+01 4.741944e+01 4.933206e+01
17t 1.331426e+02 1.171173e+00 5.936127e+00 6.998580e-01 4.402784e-01
18t 9.678289e-01 1.063968e+00 8.536881e-01 1.017732e+00 1.041936e+00
19t 1.152050e+03 4.202630e+02 6.727692e+02 3.835180e+02 3.653986e+02
20t 5.125602e+02 1.772647e+02 4.105691e+02 2.963604e+02 2.611358e+02
21t 3.459847e+04 2.682741e+04 2.803076e+04 2.795610e+04 2.717883e+04
22t 3.448592e+04 2.883660e+04 2.879922e+04 2.821604e+04 2.799720e+04
23t 5.668861e+01 4.019098e+01 5.403416e+01 4.596081e+01 4.730065e+01
24t 3.086609e+00 7.366693e-01 7.721968e-01 1.145494e+00 4.996774e-01
25t 5.894928e-01 5.156908e-01 6.762334e-01 7.961692e-01 5.451299e-01
26t 3.486953e-01 3.778221e-01 3.668221e-01 7.766324e-01 2.661833e-01
27t 4.945631e+01 5.932024e+01 7.265152e+01 9.429566e+01 7.866494e+01
28t 1.953919e+02 3.448528e+02 2.188753e+02 2.582564e+02 2.563507e+02
29t 3.971407e+02 2.966042e+02 3.138438e+02 3.165143e+02 2.727892e+02
30t 1.395398e+01 1.500807e+01 7.766754e+00 1.329701e+01 1.487551e+01
31t 1.112616e+02 1.694386e+02 1.655257e+02 2.319241e+02 1.575691e+02
32t 2.413834e+02 3.258831e+02 5.246406e+02 5.945809e+02 3.447166e+02
33t 1.347059e+02 1.044027e+02 1.059398e+02 1.032986e+02 1.055094e+02
34t 2.633588e+01 3.026519e+01 2.367567e+01 3.311475e+01 3.072420e+01
35t 1.343516e+04 1.251662e+04 1.309840e+04 1.268029e+04 1.243563e+04
36t 2.509672e+05 3.398615e+05 1.595036e+05 2.960509e+05 3.181514e+05
37t 6.243952e+01 6.046285e+01 5.566678e+01 6.143375e+01 6.032156e+01
38t 2.018273e+05 2.305502e+05 2.360666e+05 3.762204e+05 2.882864e+05
39t 5.778711e+00 7.404400e+00 7.508012e+00 6.147056e+00 6.769139e+00
40t 4.433427e+02 2.076694e+01 2.231137e+02 3.193256e+01 2.047341e+01
41t 4.497596e+02 4.556425e+02 4.335746e+02 4.515848e+02 4.538316e+02
42t 3.425351e+02 3.022018e+02 4.269836e+02 4.308495e+02 3.058798e+02
43t 3.991012e+02 3.335440e+02 4.440399e+02 3.605642e+02 3.624552e+02
44t 9.787984e+02 9.286877e+02 9.875365e+02 9.246907e+02 9.325420e+02
45t 9.694123e+02 9.260291e+02 9.303304e+02 9.294364e+02 9.322969e+02
46t 1.015770e+03 9.213817e+02 1.012673e+03 9.231339e+02 9.207800e+02
47t 5.525042e+02 1.025936e+03 5.248151e+02 1.022826e+03 1.020032e+03
48t 1.114108e+03 9.101867e+02 1.025441e+03 9.900679e+02 9.163802e+02
49t 5.756261e+02 1.021137e+03 9.065821e+02 1.016528e+03 1.017979e+03
50t 1.175020e+03 8.802476e+02 1.065245e+03 8.910074e+02 8.868925e+02
              51           52           53           54           55
1t  1.338650e+00 1.134673e+00 9.576709e-01 1.579804e+00 8.147051e-01
2t  9.802268e+06 7.384301e+06 8.604256e+06 7.308685e+06 6.322898e+06
3t  2.095757e+06 1.833088e+06 1.582447e+06 2.467360e+06 1.207524e+06
4t  1.161600e+05 1.120098e+05 9.101158e+04 1.464333e+05 1.280008e+05
5t  2.020243e+01 3.395068e+01 4.415038e+01 3.498289e+01 5.639784e+01
6t  8.873174e+01 1.405841e+02 1.289402e+01 1.349304e+02 1.143218e+01
7t  4.128906e+03 5.408000e+03 7.719129e+03 4.454716e+03 2.387045e+04
8t  6.417768e+00 5.361216e+00 5.461905e+00 7.059864e+00 4.428655e+00
9t  2.069945e+02 2.828451e+02 3.095556e+02 2.786131e+02 4.200607e+02
10t 2.721220e+01 2.642394e+01 2.576526e+01 3.015826e+01 2.365274e+01
11t 2.566998e+02 2.717565e+02 2.626651e+02 2.579048e+02 3.758810e+02
12t 3.192936e+02 4.018706e+03 1.524525e+04 3.808270e+03 2.268022e+04
13t 1.593772e+00 1.499066e+00 2.002122e+01 1.740688e+00 2.053080e+01
14t 2.090310e+01 2.105244e+01 2.093526e+01 2.113305e+01 2.117111e+01
15t 4.442903e+02 1.516591e+02 1.448809e+02 2.299259e+02 1.210233e+02
16t 4.709938e+01 4.816930e+01 9.884931e+01 4.930023e+01 4.924961e+01
17t 2.945237e-01 1.373270e-01 1.588460e+00 4.851953e-02 4.560041e+02
18t 9.672948e-01 9.250407e-01 9.208456e-01 9.864009e-01 8.127088e-01
19t 3.771134e+02 6.010583e+02 6.165687e+02 5.286276e+02 2.370297e+03
20t 3.138748e+02 2.815973e+02 4.535411e+02 3.862686e+02 8.271306e+02
21t 2.707653e+04 2.631059e+04 2.942836e+04 3.121777e+04 3.649380e+04
22t 2.751197e+04 2.837534e+04 2.893029e+04 3.422041e+04 3.617386e+04
23t 5.056329e+01 5.886528e+01 6.424259e+01 4.642530e+01 8.082595e+01
24t 4.807504e-01 1.006508e+00 7.786854e-01 3.607204e+00 3.398794e+00
25t 5.193749e-01 6.050093e-01 7.592649e-01 6.427371e-01 6.263920e-01
26t 3.530067e-01 8.428864e-01 2.843680e-01 3.203556e-01 2.752643e-01
27t 8.767642e+01 7.159135e+01 1.299984e+02 7.963364e+01 5.658451e+01
28t 2.405337e+02 1.851565e+02 2.264583e+02 2.770511e+02 1.511897e+02
29t 2.525925e+02 3.272489e+02 4.385842e+02 3.022911e+02 4.337219e+02
30t 1.189066e+01 9.677319e+00 1.169420e+01 1.399491e+01 4.692337e+01
31t 1.852502e+02 1.814784e+02 2.485033e+02 1.638242e+02 1.184416e+02
32t 3.874007e+02 3.464989e+02 4.678525e+02 3.015300e+02 3.984891e+02
33t 9.244501e+01 9.573999e+01 1.179194e+02 1.172546e+02 1.465896e+02
34t 2.970353e+01 2.379236e+01 2.056498e+01 2.764363e+01 2.708022e+01
35t 1.261492e+04 1.266770e+04 1.345542e+04 1.254228e+04 1.477157e+04
36t 1.664381e+05 2.230964e+05 1.869848e+05 2.764619e+05 1.290922e+05
37t 5.515773e+01 5.792185e+01 5.586359e+01 6.094979e+01 6.380094e+01
38t 2.451049e+05 1.752984e+05 2.888014e+05 2.140918e+05 1.606880e+05
39t 5.461563e+00 5.213054e+00 5.013812e+00 5.571402e+00 5.435359e+00
40t 4.437721e+01 7.769773e+01 9.187393e+01 7.149703e+01 9.456382e+02
41t 4.492828e+02 4.305324e+02 4.475118e+02 4.528567e+02 7.913868e+02
42t 3.297394e+02 3.244352e+02 5.252238e+02 3.402163e+02 4.263357e+02
43t 3.224730e+02 4.404364e+02 4.590208e+02 4.404578e+02 4.755262e+02
44t 9.296190e+02 9.313499e+02 9.386091e+02 5.965474e+02 9.312358e+02
45t 9.437687e+02 9.250094e+02 9.372121e+02 9.842090e+02 9.278634e+02
46t 9.262653e+02 9.357457e+02 1.009996e+03 9.317930e+02 9.315076e+02
47t 1.030301e+03 1.027494e+03 1.028053e+03 5.475517e+02 5.286737e+02
48t 9.650987e+02 9.752757e+02 1.006931e+03 9.888997e+02 1.289493e+03
49t 1.024166e+03 5.567144e+02 1.024788e+03 5.736297e+02 5.507141e+02
50t 9.013109e+02 8.998059e+02 9.311122e+02 1.018580e+03 1.250313e+03
              56           57           58           59           60
1t  1.561561e+00 9.742564e-01 1.629562e+00 7.049714e-01 6.928032e-01
2t  1.451672e+07 1.035544e+07 1.074550e+07 5.214405e+06 3.746226e+06
3t  2.356357e+06 1.644078e+06 2.849114e+06 1.065534e+06 9.019620e+05
4t  1.041500e+05 1.011007e+05 6.630721e+04 8.542186e+04 1.044261e+05
5t  4.648580e+01 4.656172e+01 1.307028e+01 3.407775e+01 5.000649e+01
6t  2.744306e+02 9.872118e+01 1.732360e+02 2.939317e+00 8.919335e+00
7t  5.033891e+03 6.325447e+03 5.509305e+03 3.199619e+04 1.821021e+04
8t  6.701424e+00 5.443501e+00 7.784266e+00 5.064756e+00 4.620328e+00
9t  2.815316e+02 2.922194e+02 2.691508e+02 3.010675e+02 4.174809e+02
10t 2.775689e+01 2.462791e+01 3.390105e+01 2.367786e+01 1.883355e+01
11t 2.532688e+02 2.889932e+02 2.806108e+02 3.193406e+02 3.780402e+02
12t 6.278271e+03 1.805330e+04 1.036030e+03 8.430771e+03 2.001943e+04
13t 1.743261e+00 1.854042e+01 2.016280e+00 2.035815e+01 2.059962e+01
14t 2.096555e+01 2.100019e+01 2.108137e+01 2.085391e+01 2.106198e+01
15t 5.893657e+02 4.134518e+02 6.552800e+02 1.265645e+02 1.246094e+02
16t 4.813150e+01 4.852488e+01 4.922671e+01 4.881886e+01 4.924339e+01
17t 1.203300e+00 1.889230e+00 1.023169e-01 2.389624e-02 2.630812e+02
18t 9.787631e-01 8.919871e-01 1.018906e+00 8.232442e-01 7.584077e-01
19t 4.312691e+02 5.030333e+02 3.708450e+02 2.200137e+03 2.762307e+03
20t 2.810991e+02 3.292532e+02 3.015660e+02 4.701820e+02 7.197966e+02
21t 2.672731e+04 2.719780e+04 2.797013e+04 2.938839e+04 3.566591e+04
22t 2.832277e+04 2.811258e+04 2.752309e+04 2.986907e+04 3.612987e+04
23t 4.172189e+01 5.153143e+01 4.686924e+01 6.802728e+01 7.824652e+01
24t 6.798421e-01 6.740116e-01 7.887292e-01 1.120079e+00 2.937654e+00
25t 5.324430e-01 8.724352e-01 4.343869e-01 8.779878e-01 6.091665e-01
26t 3.513728e-01 2.609296e-01 3.061460e-01 3.754456e-01 2.885858e-01
27t 6.676065e+01 7.853174e+01 8.259967e+01 8.965078e+01 5.491762e+01
28t 2.527130e+02 2.026564e+02 2.600068e+02 2.255465e+02 1.383496e+02
29t 2.777525e+02 2.885729e+02 2.588741e+02 3.898146e+02 4.363504e+02
30t 1.140540e+01 1.033398e+01 1.278605e+01 1.085511e+01 1.327586e+01
31t 1.657993e+02 1.679996e+02 1.788912e+02 2.874706e+02 1.117203e+02
32t 2.933025e+02 4.871822e+02 2.780844e+02 4.408939e+02 3.734320e+02
33t 1.011807e+02 9.150890e+01 9.062459e+01 1.177801e+02 1.439462e+02
34t 2.806329e+01 2.458157e+01 2.986981e+01 2.508184e+01 2.635637e+01
35t 1.249210e+04 1.264326e+04 1.264617e+04 1.421748e+04 1.468164e+04
36t 1.994815e+05 1.820596e+05 2.896856e+05 2.648532e+05 1.293849e+05
37t 5.757447e+01 5.886866e+01 5.709015e+01 5.574913e+01 6.434969e+01
38t 1.763199e+05 2.323373e+05 2.585547e+05 2.104224e+05 1.441710e+05
39t 5.871688e+00 5.501445e+00 6.105870e+00 5.042124e+00 4.703880e+00
40t 5.192563e+01 7.868027e+01 3.019486e+01 1.187540e+02 8.994999e+02
41t 4.500911e+02 4.471743e+02 4.517098e+02 7.915933e+02 4.447717e+02
42t 3.148370e+02 4.665690e+02 2.594392e+02 5.653406e+02 3.668814e+02
43t 3.566547e+02 4.004643e+02 2.883823e+02 5.753372e+02 4.843038e+02
44t 9.376381e+02 9.372900e+02 9.305832e+02 9.470395e+02 9.250337e+02
45t 9.270221e+02 9.382833e+02 9.291472e+02 9.311070e+02 9.268338e+02
46t 9.235916e+02 9.333049e+02 9.289949e+02 1.093496e+03 9.275343e+02
47t 1.029430e+03 5.314336e+02 1.027869e+03 1.046773e+03 5.251970e+02
48t 9.480543e+02 9.941614e+02 9.566989e+02 1.159074e+03 1.254112e+03
49t 1.024539e+03 1.020054e+03 1.025675e+03 5.499517e+02 1.214136e+03
50t 9.143905e+02 9.358001e+02 8.973949e+02 1.198663e+03 1.283212e+03
              61           62           63           64           65
1t  9.412018e-01 1.359303e+00 1.041549e+00 1.649269e+00 1.325908e+00
2t  1.586615e+07 1.446428e+07 1.769800e+07 1.466886e+07 1.674359e+07
3t  1.670569e+06 2.398519e+06 1.730146e+06 2.695519e+06 2.009016e+06
4t  1.084808e+05 1.114568e+05 9.062397e+04 9.320929e+04 1.030958e+05
5t  5.185028e+01 1.184001e+01 4.238080e+01 4.689524e+01 3.003504e+01
6t  8.216715e+01 1.395873e+02 1.516600e+02 2.197732e+02 3.180329e+02
7t  6.456718e+03 3.966376e+03 6.666108e+03 7.773767e+03 7.639084e+03
8t  5.351668e+00 6.529889e+00 5.097185e+00 6.610966e+00 6.275730e+00
9t  3.255325e+02 2.702217e+02 2.930355e+02 2.710395e+02 2.800395e+02
10t 2.506187e+01 3.071993e+01 2.683450e+01 3.118725e+01 2.931209e+01
11t 3.069565e+02 2.627908e+02 2.790375e+02 3.003117e+02 2.847110e+02
12t 2.720170e+04 1.920500e+02 4.970315e+03 1.355059e+04 1.291476e+04
13t 2.015931e+01 1.502527e+00 1.443352e+00 1.725386e+00 1.575905e+00
14t 2.091156e+01 2.111680e+01 2.098707e+01 2.102356e+01 2.099546e+01
15t 1.737127e+02 3.278129e+02 1.579081e+02 3.213496e+02 3.467860e+02
16t 4.264418e+01 8.329676e+01 9.681580e+01 1.104261e+02 4.905883e+01
17t 3.456085e+01 7.686360e-01 1.272342e+00 2.086204e+00 1.373252e+00
18t 8.771046e-01 9.735306e-01 9.406036e-01 9.859170e-01 9.702344e-01
19t 5.078198e+02 3.948671e+02 4.699132e+02 4.183474e+02 4.885918e+02
20t 4.589323e+02 2.730142e+02 3.064952e+02 3.368588e+02 3.391708e+02
21t 2.787307e+04 2.712722e+04 2.692114e+04 2.735372e+04 2.730620e+04
22t 2.822366e+04 2.840304e+04 2.775117e+04 2.805975e+04 2.806550e+04
23t 6.199875e+01 5.349695e+01 4.732656e+01 4.961569e+01 4.379395e+01
24t 6.430335e-01 6.773773e-01 6.769274e-01 7.273687e-01 5.273011e-01
25t 8.175269e-01 6.571254e-01 6.001885e-01 6.843054e-01 5.576593e-01
26t 3.576996e-01 2.697184e-01 3.498521e-01 3.757922e-01 2.792815e-01
27t 8.437071e+01 7.014988e+01 6.778005e+01 6.716110e+01 7.535292e+01
28t 3.249010e+02 2.445254e+02 2.972018e+02 2.681735e+02 2.422860e+02
29t 3.744879e+02 2.925218e+02 2.905013e+02 2.833189e+02 3.278525e+02
30t 1.100356e+01 1.136952e+01 1.152284e+01 1.396653e+01 1.092121e+01
31t 2.472274e+02 1.521354e+02 1.607114e+02 1.789329e+02 1.750430e+02
32t 8.143885e+02 3.896613e+02 4.311619e+02 3.138355e+02 2.622631e+02
33t 1.190889e+02 9.302814e+01 1.052067e+02 9.759668e+01 1.028669e+02
34t 3.247218e+01 2.704333e+01 2.671613e+01 2.469248e+01 2.658373e+01
35t 1.357558e+04 1.256196e+04 1.243441e+04 1.265908e+04 1.266338e+04
36t 1.562785e+05 1.902771e+05 1.982420e+05 1.822644e+05 1.794713e+05
37t 5.604263e+01 5.642666e+01 5.464659e+01 5.374410e+01 5.983205e+01
38t 2.730160e+05 2.744955e+05 2.378932e+05 2.269797e+05 2.282958e+05
39t 5.830836e+00 6.481586e+00 5.783800e+00 7.151857e+00 5.847863e+00
40t 2.391931e+02 3.622054e+01 4.592833e+01 6.864929e+01 3.974427e+01
41t 4.471537e+02 4.407951e+02 4.480639e+02 4.495616e+02 4.487962e+02
42t 4.273042e+02 2.731067e+02 3.253641e+02 4.293258e+02 2.977960e+02
43t 4.401326e+02 3.238723e+02 4.363791e+02 4.396690e+02 4.274233e+02
44t 9.360060e+02 9.335334e+02 9.301175e+02 9.305567e+02 9.310546e+02
45t 9.335665e+02 9.260187e+02 9.322012e+02 9.492644e+02 9.342449e+02
46t 9.351551e+02 9.300684e+02 9.333740e+02 9.238815e+02 9.229362e+02
47t 1.030117e+03 5.483598e+02 5.459106e+02 5.458101e+02 1.024529e+03
48t 1.017495e+03 9.694448e+02 9.973916e+02 1.035343e+03 9.558310e+02
49t 5.539105e+02 5.695558e+02 5.595243e+02 1.029128e+03 1.024226e+03
50t 1.009534e+03 8.909201e+02 9.165510e+02 9.360124e+02 9.024950e+02
              66           67           68           69           70
1t  1.486086e+00 2.780034e+00 3.490940e+00 1.584528e+00 1.522869e+00
2t  8.857223e+06 1.071953e+07 7.217014e+06 8.498833e+06 2.027383e+07
3t  2.163254e+06 5.641193e+06 5.342403e+06 2.871039e+06 2.532675e+06
4t  1.288215e+05 6.772181e+04 8.909860e+04 5.918598e+04 1.087608e+05
5t  5.643626e+01 6.546605e+00 1.361978e+01 1.340863e+01 1.417495e+01
6t  1.321512e+02 4.019717e+02 4.758531e+01 1.386565e+01 2.227574e+02
7t  8.461465e+03 2.349921e+03 2.582334e+03 2.742382e+03 4.323302e+03
8t  6.633117e+00 8.936942e+00 9.483692e+00 7.456403e+00 6.979097e+00
9t  3.632403e+02 2.774375e+02 1.546212e+02 3.086362e+02 2.699423e+02
10t 2.877455e+01 3.613157e+01 3.852997e+01 3.170264e+01 3.064417e+01
11t 3.548452e+02 2.132285e+02 1.327696e+02 3.066436e+02 2.482751e+02
12t 2.749429e+04 2.347328e+02 1.001774e+03 1.011587e+03 5.140135e+02
13t 2.020589e+01 2.036453e+00 2.377184e+00 1.930562e+01 1.609767e+00
14t 2.119595e+01 2.116668e+01 2.107628e+01 2.117460e+01 2.109950e+01
15t 2.229760e+02 3.615590e+02 4.253418e+02 1.255920e+03 6.120378e+02
16t 4.922002e+01 5.062766e+01 4.934384e+01 4.802264e+01 5.678563e+01
17t 4.632461e+02 9.850713e-01 1.100997e-01 5.119145e-02 1.585592e-01
18t 9.592208e-01 1.033201e+00 1.045355e+00 9.843331e-01 9.723840e-01
19t 1.209263e+03 4.095068e+02 3.860252e+02 7.171198e+02 4.536651e+02
20t 7.764829e+02 2.577639e+02 2.705165e+02 3.318328e+02 3.226627e+02
21t 3.537571e+04 2.841916e+04 3.115474e+04 2.842163e+04 2.725080e+04
22t 3.545024e+04 2.849505e+04 3.224101e+04 2.986955e+04 2.723855e+04
23t 7.101686e+01 4.571299e+01 4.028930e+01 5.970779e+01 4.936284e+01
24t 3.793668e+00 6.561062e-01 2.502819e+00 5.670143e-01 7.248732e-01
25t 5.657322e-01 5.023173e-01 5.695539e-01 4.154427e-01 5.297622e-01
26t 2.604239e-01 2.956890e-01 3.304939e-01 3.834215e-01 3.749412e-01
27t 4.610785e+01 7.437845e+01 7.447896e+01 9.794247e+01 7.785882e+01
28t 2.062871e+02 2.943226e+02 3.476533e+02 2.670759e+02 2.338942e+02
29t 4.534707e+02 2.808637e+02 3.014998e+02 3.536877e+02 2.970146e+02
30t 1.297405e+01 1.336637e+01 1.653536e+01 2.000550e+01 1.237387e+01
31t 1.175609e+02 1.579439e+02 1.552686e+02 2.755345e+02 1.628518e+02
32t 4.578577e+02 5.834130e+02 3.304886e+02 4.374302e+02 2.973906e+02
33t 1.332845e+02 1.000651e+02 9.198527e+01 1.255778e+02 1.063265e+02
34t 2.839657e+01 3.235899e+01 3.248589e+01 4.068638e+01 2.764696e+01
35t 1.353515e+04 1.275753e+04 1.266753e+04 1.330664e+04 1.258386e+04
36t 1.572456e+05 3.834896e+05 4.088205e+05 2.721001e+05 1.897341e+05
37t 6.650429e+01 6.128015e+01 6.072379e+01 6.144584e+01 5.757606e+01
38t 1.569621e+05 3.738113e+05 2.153289e+05 2.476209e+05 2.361051e+05
39t 5.603125e+00 1.111651e+01 6.072452e+00 5.798925e+00 5.336664e+00
40t 6.660747e+02 2.079696e+01 2.004585e+01 3.223241e+01 3.906266e+01
41t 4.503269e+02 4.540512e+02 4.565725e+02 6.431849e+02 4.491728e+02
42t 3.755050e+02 3.068741e+02 4.373372e+02 5.283849e+02 3.050698e+02
43t 3.773761e+02 2.951925e+02 4.332175e+02 4.026140e+02 4.395847e+02
44t 9.613764e+02 9.263166e+02 9.234301e+02 9.737699e+02 9.322974e+02
45t 9.519904e+02 9.232658e+02 7.191297e+02 9.369078e+02 9.236398e+02
46t 9.959036e+02 9.212771e+02 9.268965e+02 9.258917e+02 9.222433e+02
47t 5.511921e+02 1.022455e+03 6.221156e+02 5.661150e+02 1.024760e+03
48t 1.030400e+03 9.197645e+02 9.418211e+02 9.964681e+02 9.389734e+02
49t 5.722279e+02 1.022870e+03 6.401443e+02 9.274636e+02 1.022849e+03
50t 1.145855e+03 8.847517e+02 4.030367e+02 8.823322e+02 9.112053e+02
              71           72           73           74           75
1t  9.309599e-01 8.409385e-01 8.471937e-01 1.613479e+00 9.940541e-01
2t  1.319611e+07 7.374647e+06 1.506602e+07 1.182442e+07 2.094525e+07
3t  1.749760e+06 1.274834e+06 1.524324e+06 2.551100e+06 1.571673e+06
4t  1.099657e+05 9.607790e+04 1.198780e+05 1.216477e+05 1.083110e+05
5t  4.679302e+01 3.012931e+01 5.276657e+01 3.893138e+01 5.548013e+01
6t  5.582327e+01 8.345226e+00 2.762904e+02 2.902561e+02 8.693426e+01
7t  6.176932e+03 8.806638e+03 1.026414e+04 6.836813e+03 7.820319e+03
8t  5.682730e+00 4.766365e+00 5.143627e+00 7.167703e+00 5.428340e+00
9t  2.664741e+02 3.007640e+02 2.923336e+02 2.933047e+02 3.192540e+02
10t 2.764730e+01 2.504608e+01 2.441524e+01 3.058597e+01 2.671319e+01
11t 2.583840e+02 3.063364e+02 2.970305e+02 2.020412e+02 2.910741e+02
12t 1.401560e+04 1.435990e+04 2.006743e+04 9.332756e+03 6.040767e+03
13t 1.419951e+00 1.981159e+01 1.960005e+01 1.710477e+00 1.916039e+01
14t 2.092687e+01 2.093675e+01 2.097289e+01 2.117450e+01 2.098316e+01
15t 1.680989e+02 1.289008e+02 4.089421e+02 2.969236e+02 3.572968e+02
16t 4.815368e+01 4.708194e+01 8.826182e+01 4.892792e+01 4.868791e+01
17t 1.813424e+00 1.941351e-01 5.494140e+00 5.146368e-02 2.514536e+00
18t 8.782238e-01 8.497375e-01 8.346307e-01 9.767332e-01 9.009835e-01
19t 6.320439e+02 6.011523e+02 6.327089e+02 5.554386e+02 4.713070e+02
20t 3.253699e+02 3.739053e+02 3.466785e+02 4.106939e+02 3.421679e+02
21t 2.820946e+04 2.922967e+04 2.752914e+04 3.181879e+04 2.792203e+04
22t 2.865833e+04 2.867745e+04 2.855499e+04 3.482409e+04 2.830101e+04
23t 5.774866e+01 6.344089e+01 5.548603e+01 4.641767e+01 5.734258e+01
24t 8.174680e-01 4.534588e-01 8.902606e-01 3.659165e+00 5.268939e-01
25t 4.201332e-01 9.387978e-01 4.872253e-01 5.269633e-01 9.154094e-01
26t 3.428871e-01 3.333377e-01 3.558818e-01 3.161619e-01 2.778430e-01
27t 8.135894e+01 1.121093e+02 7.456885e+01 2.483906e+01 9.177811e+01
28t 3.208028e+02 2.283078e+02 1.867973e+02 2.420129e+02 2.056814e+02
29t 3.110278e+02 3.236220e+02 3.542071e+02 3.515477e+02 3.485490e+02
30t 1.098868e+01 1.176441e+01 1.166862e+01 1.197087e+01 1.711497e+01
31t 2.351655e+02 2.576851e+02 1.619658e+02 1.356029e+02 1.772305e+02
32t 6.179519e+02 3.808599e+02 2.925399e+02 2.792737e+02 6.537430e+02
33t 1.034354e+02 9.826699e+01 9.719047e+01 1.163981e+02 1.244311e+02
34t 2.391844e+01 3.021864e+01 2.228375e+01 2.563313e+01 2.093140e+01
35t 1.282542e+04 1.322225e+04 1.297215e+04 1.269031e+04 1.277011e+04
36t 1.928136e+05 1.572973e+05 1.664121e+05 1.819693e+05 1.339600e+05
37t 5.516438e+01 5.871714e+01 5.963994e+01 6.334752e+01 5.802548e+01
38t 2.948153e+05 1.552698e+05 1.979699e+05 1.771041e+05 1.958365e+05
39t 5.937280e+00 5.294882e+00 7.491650e+00 5.638507e+00 6.322785e+00
40t 6.125684e+01 1.005198e+02 1.359946e+02 8.889402e+01 9.308014e+01
41t 4.486963e+02 4.468776e+02 4.469580e+02 4.502622e+02 4.479910e+02
42t 3.124162e+02 4.009492e+02 4.275092e+02 3.319755e+02 4.280380e+02
43t 3.201315e+02 4.318070e+02 4.435136e+02 4.419269e+02 4.134939e+02
44t 9.324024e+02 9.301932e+02 9.347698e+02 9.774415e+02 9.349333e+02
45t 9.379585e+02 9.358881e+02 9.327634e+02 9.773741e+02 9.365515e+02
46t 9.228255e+02 9.341707e+02 9.297656e+02 9.955208e+02 9.368289e+02
47t 1.035701e+03 1.024134e+03 5.304534e+02 5.556818e+02 5.348916e+02
48t 1.008126e+03 1.128942e+03 1.027084e+03 1.020618e+03 9.860265e+02
49t 5.575407e+02 5.538947e+02 5.520437e+02 5.706204e+02 9.138398e+02
50t 9.295544e+02 9.439303e+02 1.009558e+03 1.159434e+03 9.779940e+02
              76           77           78           79           80
1t  1.424196e+00 1.279301e+00 1.972638e+00 7.094588e-01 1.254232e+00
2t  1.072608e+07 2.274889e+07 3.021278e+07 5.356166e+06 1.093288e+07
3t  2.509693e+06 1.470244e+06 3.088133e+06 1.305517e+06 2.106057e+06
4t  8.698005e+04 1.166724e+05 1.046399e+05 1.164848e+05 1.336644e+05
5t  1.799649e+01 4.798263e+01 1.204688e+01 4.210207e+01 4.598280e+01
6t  2.312014e+02 8.474390e+01 5.077146e+02 3.074578e+00 5.544884e+02
7t  3.571421e+03 5.601887e+03 3.451227e+03 7.985603e+03 1.028378e+04
8t  6.512919e+00 6.225580e+00 7.378793e+00 5.182447e+00 6.027421e+00
9t  2.777405e+02 2.761832e+02 2.031810e+02 3.385609e+02 2.879618e+02
10t 3.258039e+01 2.813598e+01 3.312892e+01 2.479865e+01 2.951306e+01
11t 2.545361e+02 2.869273e+02 2.622048e+02 3.217716e+02 2.977477e+02
12t 2.615202e+02 9.613307e+03 4.585673e+02 1.181926e+04 1.250807e+04
13t 1.651810e+00 1.496484e+00 1.810493e+00 1.984797e+01 1.976575e+01
14t 2.110869e+01 2.093847e+01 2.114248e+01 2.087830e+01 2.120304e+01
15t 2.390715e+02 4.942535e+02 5.497491e+02 1.311956e+02 2.049066e+02
16t 4.885385e+01 1.039010e+02 4.926281e+01 4.745878e+01 4.925568e+01
17t 1.551548e-01 5.062072e+00 1.002399e+00 2.204333e+00 4.911341e-02
18t 9.382846e-01 9.419006e-01 1.012966e+00 8.044834e-01 8.649531e-01
19t 3.532012e+02 6.056274e+02 4.181158e+02 1.133121e+03 8.937484e+02
20t 2.929072e+02 3.791754e+02 1.818415e+02 4.423442e+02 4.327105e+02
21t 2.723249e+04 2.770984e+04 2.740230e+04 2.798302e+04 3.210860e+04
22t 2.743382e+04 2.880828e+04 2.708720e+04 2.851744e+04 3.508875e+04
23t 4.796350e+01 5.459913e+01 4.649196e+01 6.088088e+01 5.062500e+01
24t 7.360462e-01 7.379583e-01 5.865054e-01 7.948630e-01 3.674071e+00
25t 4.924337e-01 8.563740e-01 4.524202e-01 7.677189e-01 5.005723e-01
26t 3.906927e-01 3.219291e-01 3.450614e-01 3.770511e-01 2.791127e-01
27t 8.086059e+01 8.092471e+01 6.602434e+01 1.079715e+02 7.964003e+01
28t 2.465679e+02 2.756835e+02 2.865630e+02 2.032184e+02 2.516211e+02
29t 2.631367e+02 3.540062e+02 3.294371e+02 3.406090e+02 4.059775e+02
30t 1.114783e+01 1.238775e+01 1.205658e+01 2.483958e+01 1.486615e+01
31t 1.882193e+02 1.886655e+02 1.555183e+02 2.213088e+02 1.306748e+02
32t 3.250814e+02 6.508472e+02 3.012610e+02 6.465517e+02 3.660875e+02
33t 1.056848e+02 1.015229e+02 1.102862e+02 1.349823e+02 1.184551e+02
34t 2.576608e+01 2.484469e+01 2.646333e+01 2.626215e+01 2.758532e+01
35t 1.269276e+04 1.277579e+04 1.241818e+04 1.454632e+04 1.269831e+04
36t 2.437412e+05 1.865933e+05 2.665272e+05 2.487179e+05 2.034197e+05
37t 6.098201e+01 5.736635e+01 6.074119e+01 5.700476e+01 6.244542e+01
38t 2.537650e+05 2.298969e+05 2.634583e+05 2.984895e+05 1.406264e+05
39t 6.418476e+00 5.266896e+00 5.430706e+00 5.461062e+00 5.670167e+00
40t 2.993932e+01 7.027616e+01 2.216700e+01 1.425840e+02 1.571514e+02
41t 4.501777e+02 4.489348e+02 4.509540e+02 6.668095e+02 4.488586e+02
42t 2.766917e+02 4.279476e+02 3.002776e+02 5.239167e+02 3.580164e+02
43t 3.527923e+02 3.556833e+02 3.518774e+02 6.910992e+02 4.079388e+02
44t 5.753892e+02 9.776416e+02 9.287130e+02 9.992744e+02 9.636682e+02
45t 9.369759e+02 9.409272e+02 9.217048e+02 1.005163e+03 9.716269e+02
46t 9.245819e+02 9.397023e+02 9.232323e+02 1.016829e+03 9.518785e+02
47t 1.021087e+03 1.024659e+03 1.022686e+03 5.289434e+02 5.452140e+02
48t 9.841575e+02 9.984297e+02 9.764739e+02 1.221160e+03 1.006719e+03
49t 1.022907e+03 9.155485e+02 1.023516e+03 9.070045e+02 5.743422e+02
50t 8.877048e+02 9.586525e+02 8.899802e+02 1.154125e+03 1.212544e+03
# 2025-12-18 12:16:13 -03: Finished testing
