# 2025-09-18 14:29:29 -03: Reading parameter file '/home/dianag/PruebasPablo/irace-test-executions/ACOTSP-withRanking/Scenarios-2/BL-45/Runs/BL-45_seed_500057/parameters.txt'.
# 2025-09-18 14:29:29 -03: 1 expression(s) specifying forbidden configurations read.
# 2025-09-18 14:29:29 -03: Initialization
# Elitist race
# Elitist new instances: 1
# Elitist limit: 2
# nbIterations: 5
# minNbSurvival: 5
# nbParameters: 11
# seed: 500057
# confidence level: 0.95
# budget: 2750
# mu: 5
# deterministic: FALSE

# 2025-09-18 14:29:29 -03: Iteration 1 of 5
# experimentsUsed: 0
# remainingBudget: 2750
# currentBudget: 550
# nbConfigurations: 45
# Markers:
     x No test is performed.
     c Configurations are discarded only due to capping.
     - The test is performed and some configurations are discarded.
     = The test is performed but no configuration is discarded.
     ! The test is performed and configurations could be discarded but elite configurations are preserved.
     . All alive configurations are elite and nothing is discarded.

+-+-----------+-----------+-----------+----------------+-----------+--------+-----+----+------+
| |   Instance|      Alive|       Best|       Mean best| Exp so far|  W time|  rho|KenW|  Qvar|
+-+-----------+-----------+-----------+----------------+-----------+--------+-----+----+------+
|x|          1|         45|         45|     32343578.00|         45|00:01:01|   NA|  NA|    NA|
|x|          2|         45|         29|     32611391.50|         90|00:01:00|+0.97|0.98|0.0008|
|x|          3|         45|         45|     32717826.33|        135|00:00:58|+0.97|0.98|0.0019|
|x|          4|         45|         29|     32691499.00|        180|00:01:02|+0.98|0.98|0.0015|
|-|          5|          3|         45|     32757740.00|        225|00:01:02|+0.70|0.76|0.2608|
+-+-----------+-----------+-----------+----------------+-----------+--------+-----+----+------+
Best-so-far configuration:          45    mean value:      32757740.00
Description of the best-so-far configuration:
   .ID. algorithm localsearch alpha beta  rho ants  q0 rasrank elitistants nnls
45   45       acs           3   4.7 7.15 0.43   43 0.3      NA          NA   17
   dlb .PARENT.
45   1       NA

# 2025-09-18 14:34:35 -03: Elite configurations (first number is the configuration ID; listed from best to worst according to the sum of ranks):
   algorithm localsearch alpha beta  rho ants   q0 rasrank elitistants nnls dlb
45       acs           3  4.70 7.15 0.43   43 0.30      NA          NA   17   1
29       acs           3  3.52 2.93 0.88   87 0.94      NA          NA    8   0
14       acs           2  3.99 8.86 0.60   18 0.47      NA          NA   15   0
# 2025-09-18 14:34:35 -03: Iteration 2 of 5
# experimentsUsed: 225
# remainingBudget: 2525
# currentBudget: 631
# nbConfigurations: 45
# Markers:
     x No test is performed.
     c Configurations are discarded only due to capping.
     - The test is performed and some configurations are discarded.
     = The test is performed but no configuration is discarded.
     ! The test is performed and configurations could be discarded but elite configurations are preserved.
     . All alive configurations are elite and nothing is discarded.

+-+-----------+-----------+-----------+----------------+-----------+--------+-----+----+------+
| |   Instance|      Alive|       Best|       Mean best| Exp so far|  W time|  rho|KenW|  Qvar|
+-+-----------+-----------+-----------+----------------+-----------+--------+-----+----+------+
|x|          6|         45|         29|     32882109.00|         45|00:00:55|   NA|  NA|    NA|
|x|          3|         45|         45|     32874301.00|         87|00:00:52|+0.92|0.96|0.0034|
|x|          4|         45|         29|     32808440.67|        129|00:00:53|+0.92|0.95|0.0035|
|x|          1|         45|         45|     32715478.25|        171|00:00:53|+0.93|0.95|0.0034|
|-|          2|          5|         29|     32729621.00|        213|00:00:52|+0.62|0.70|0.2341|
+-+-----------+-----------+-----------+----------------+-----------+--------+-----+----+------+
Best configuration for the instances in this race: 29
Best-so-far configuration:          45    mean value:      32784337.17
Description of the best-so-far configuration:
   .ID. algorithm localsearch alpha beta  rho ants  q0 rasrank elitistants nnls
45   45       acs           3   4.7 7.15 0.43   43 0.3      NA          NA   17
   dlb .PARENT.
45   1       NA

# 2025-09-18 14:39:02 -03: Elite configurations (first number is the configuration ID; listed from best to worst according to the sum of ranks):
   algorithm localsearch alpha beta  rho ants   q0 rasrank elitistants nnls dlb
45       acs           3  4.70 7.15 0.43   43 0.30      NA          NA   17   1
29       acs           3  3.52 2.93 0.88   87 0.94      NA          NA    8   0
14       acs           2  3.99 8.86 0.60   18 0.47      NA          NA   15   0
76       acs           3  4.05 8.05 0.39   28 0.44      NA          NA   36   0
71      mmas           3  3.00 2.44 0.42   68   NA      NA          NA   34   0
# 2025-09-18 14:39:02 -03: Iteration 3 of 5
# experimentsUsed: 438
# remainingBudget: 2312
# currentBudget: 770
# nbConfigurations: 45
# Markers:
     x No test is performed.
     c Configurations are discarded only due to capping.
     - The test is performed and some configurations are discarded.
     = The test is performed but no configuration is discarded.
     ! The test is performed and configurations could be discarded but elite configurations are preserved.
     . All alive configurations are elite and nothing is discarded.

+-+-----------+-----------+-----------+----------------+-----------+--------+-----+----+------+
| |   Instance|      Alive|       Best|       Mean best| Exp so far|  W time|  rho|KenW|  Qvar|
+-+-----------+-----------+-----------+----------------+-----------+--------+-----+----+------+
|x|          7|         45|        124|     32698700.00|         45|00:00:55|   NA|  NA|    NA|
|x|          3|         45|        108|     32786737.00|         85|00:00:51|+0.95|0.98|0.0009|
|x|          4|         45|        108|     32754561.00|        125|00:00:52|+0.95|0.96|0.0021|
|x|          5|         45|        108|     32781626.50|        167|00:00:58|+0.95|0.96|0.0023|
|-|          6|         10|        108|     32810720.60|        207|00:00:51|+0.43|0.54|0.3880|
|!|          2|         10|        108|     32813186.33|        212|00:00:10|+0.48|0.57|0.3657|
|-|          1|          5|        108|     32733487.57|        217|00:00:10|+0.06|0.19|0.7067|
+-+-----------+-----------+-----------+----------------+-----------+--------+-----+----+------+
Best configuration for the instances in this race: 108
Best-so-far configuration:         111    mean value:      32735104.14
Description of the best-so-far configuration:
    .ID. algorithm localsearch alpha beta  rho ants  q0 rasrank elitistants
111  111       acs           3  2.76 5.84 0.97   31 0.3      NA          NA
    nnls dlb .PARENT.
111   14   1       29

# 2025-09-18 14:43:52 -03: Elite configurations (first number is the configuration ID; listed from best to worst according to the sum of ranks):
    algorithm localsearch alpha beta  rho ants   q0 rasrank elitistants nnls
111       acs           3  2.76 5.84 0.97   31 0.30      NA          NA   14
108       acs           3  3.21 2.00 0.79   76 0.97      NA          NA    7
121       acs           3  2.88 1.78 0.61   57 0.64      NA          NA   14
109       acs           3  3.90 4.52 0.90   61 0.76      NA          NA   13
124       acs           3  3.55 4.07 0.94   70 0.58      NA          NA   18
    dlb
111   1
108   0
121   0
109   0
124   0
# 2025-09-18 14:43:52 -03: Iteration 4 of 5
# experimentsUsed: 655
# remainingBudget: 2095
# currentBudget: 1047
# nbConfigurations: 45
# Markers:
     x No test is performed.
     c Configurations are discarded only due to capping.
     - The test is performed and some configurations are discarded.
     = The test is performed but no configuration is discarded.
     ! The test is performed and configurations could be discarded but elite configurations are preserved.
     . All alive configurations are elite and nothing is discarded.

+-+-----------+-----------+-----------+----------------+-----------+--------+-----+----+------+
| |   Instance|      Alive|       Best|       Mean best| Exp so far|  W time|  rho|KenW|  Qvar|
+-+-----------+-----------+-----------+----------------+-----------+--------+-----+----+------+
|x|          8|         45|        108|     32936632.00|         45|00:00:52|   NA|  NA|    NA|
|x|          7|         45|        108|     32847469.00|         85|00:00:48|+0.74|0.87|0.0114|
|x|          1|         45|        108|     32650077.67|        125|00:00:48|+0.79|0.86|0.0119|
|x|          2|         45|        108|     32693937.00|        165|00:00:47|+0.82|0.87|0.0116|
|-|          6|         16|        108|     32740569.00|        205|00:00:47|+0.08|0.27|0.8851|
|=|          4|         16|        153|     32720770.50|        216|00:00:20|+0.05|0.21|0.9107|
|=|          5|         16|        153|     32736052.29|        227|00:00:20|+0.08|0.21|0.8775|
|=|          3|         16|        153|     32745872.50|        238|00:00:20|+0.07|0.19|0.8721|
|-|          9|         11|        153|     32713023.89|        254|00:00:20|-0.04|0.08|0.9436|
|=|         10|         11|        108|     32720744.10|        265|00:00:20|-0.01|0.09|0.9115|
|=|         11|         11|        153|     32679383.27|        276|00:00:20|-0.02|0.07|0.9135|
+-+-----------+-----------+-----------+----------------+-----------+--------+-----+----+------+
Best-so-far configuration:         153    mean value:      32679383.27
Description of the best-so-far configuration:
    .ID. algorithm localsearch alpha beta  rho ants   q0 rasrank elitistants
153  153       acs           3  2.19 5.43 0.76   33 0.28      NA          NA
    nnls dlb .PARENT.
153   18   1      111

# 2025-09-18 14:50:01 -03: Elite configurations (first number is the configuration ID; listed from best to worst according to the sum of ranks):
    algorithm localsearch alpha beta  rho ants   q0 rasrank elitistants nnls
153       acs           3  2.19 5.43 0.76   33 0.28      NA          NA   18
143       acs           3  2.18 5.69 0.87   48 0.48      NA          NA   11
108       acs           3  3.21 2.00 0.79   76 0.97      NA          NA    7
138       acs           3  1.31 3.78 0.89   12 0.29      NA          NA   11
148       acs           3  3.49 3.51 0.65   24 0.27      NA          NA   15
    dlb
153   1
143   1
108   0
138   1
148   1
# 2025-09-18 14:50:01 -03: Iteration 5 of 5
# experimentsUsed: 931
# remainingBudget: 1819
# currentBudget: 1819
# nbConfigurations: 45
# Markers:
     x No test is performed.
     c Configurations are discarded only due to capping.
     - The test is performed and some configurations are discarded.
     = The test is performed but no configuration is discarded.
     ! The test is performed and configurations could be discarded but elite configurations are preserved.
     . All alive configurations are elite and nothing is discarded.

+-+-----------+-----------+-----------+----------------+-----------+--------+-----+----+------+
| |   Instance|      Alive|       Best|       Mean best| Exp so far|  W time|  rho|KenW|  Qvar|
+-+-----------+-----------+-----------+----------------+-----------+--------+-----+----+------+
|x|         12|         45|        171|     32427991.00|         45|00:00:52|   NA|  NA|    NA|
|x|          9|         45|        196|     32415675.50|         85|00:00:50|+0.67|0.83|0.2679|
|x|          5|         45|        196|     32548831.00|        125|00:00:52|+0.71|0.81|0.1894|
|x|         10|         45|        196|     32586615.50|        165|00:00:49|+0.71|0.78|0.1541|
|-|          4|         15|        196|     32595975.80|        205|00:00:49|+0.04|0.23|0.9275|
|=|         11|         15|        196|     32546635.67|        215|00:00:10|+0.10|0.25|0.8696|
|=|          2|         15|        196|     32581016.86|        225|00:00:10|+0.09|0.22|0.8660|
|=|          6|         15|        196|     32612362.50|        235|00:00:10|+0.09|0.20|0.8530|
|=|          8|         15|        196|     32650618.67|        245|00:00:10|+0.08|0.18|0.8463|
|=|          1|         15|        196|     32612124.60|        255|00:00:10|+0.08|0.17|0.8452|
|-|          3|         11|        196|     32632259.36|        265|00:00:10|+0.10|0.18|0.8150|
|-|          7|          5|        196|     32637008.00|        271|00:00:10|+0.01|0.09|0.7705|
+-+-----------+-----------+-----------+----------------+-----------+--------+-----+----+------+
Best-so-far configuration:         196    mean value:      32637008.00
Description of the best-so-far configuration:
    .ID. algorithm localsearch alpha beta  rho ants   q0 rasrank elitistants
196  196       acs           3  1.88 5.54 0.86   51 0.41      NA          NA
    nnls dlb .PARENT.
196   13   1      143

# 2025-09-18 14:55:29 -03: Elite configurations (first number is the configuration ID; listed from best to worst according to the sum of ranks):
    algorithm localsearch alpha beta  rho ants   q0 rasrank elitistants nnls
196       acs           3  1.88 5.54 0.86   51 0.41      NA          NA   13
195       acs           3  1.73 5.25 0.93   42 0.43      NA          NA   13
193       acs           3  1.92 6.46 0.83   46 0.33      NA          NA   21
176       acs           3  1.12 5.04 0.79   25 0.33      NA          NA   12
143       acs           3  2.18 5.69 0.87   48 0.48      NA          NA   11
    dlb
196   1
195   1
193   1
176   1
143   1
# 2025-09-18 14:55:29 -03: Iteration 6 of 6
# experimentsUsed: 1202
# remainingBudget: 1548
# currentBudget: 1548
# nbConfigurations: 45
# Markers:
     x No test is performed.
     c Configurations are discarded only due to capping.
     - The test is performed and some configurations are discarded.
     = The test is performed but no configuration is discarded.
     ! The test is performed and configurations could be discarded but elite configurations are preserved.
     . All alive configurations are elite and nothing is discarded.

+-+-----------+-----------+-----------+----------------+-----------+--------+-----+----+------+
| |   Instance|      Alive|       Best|       Mean best| Exp so far|  W time|  rho|KenW|  Qvar|
+-+-----------+-----------+-----------+----------------+-----------+--------+-----+----+------+
|x|         13|         45|        238|     32616865.00|         45|00:00:52|   NA|  NA|    NA|
|x|          6|         45|        176|     32742673.50|         85|00:00:49|+0.59|0.79|0.0708|
|x|          5|         45|        210|     32770546.33|        125|00:00:47|+0.58|0.72|0.0675|
|x|         12|         45|        234|     32699837.75|        165|00:00:48|+0.51|0.63|0.0736|
|-|          7|         22|        234|     32699187.20|        205|00:00:46|-0.11|0.12|1.0561|
|=|         10|         22|        234|     32692546.83|        222|00:00:20|-0.05|0.13|0.9852|
|=|         11|         22|        234|     32634000.71|        239|00:00:20|-0.02|0.13|0.9608|
|=|          8|         22|        234|     32673531.00|        256|00:00:21|+0.01|0.13|0.9384|
|=|          1|         22|        234|     32632753.89|        273|00:00:21|+0.03|0.13|0.9283|
|=|          3|         22|        234|     32649861.90|        290|00:00:20|+0.03|0.13|0.9240|
|=|          2|         22|        222|     32662191.18|        307|00:00:20|+0.04|0.12|0.9196|
|-|          9|         16|        238|     32635791.17|        324|00:00:20|-0.04|0.05|0.9487|
|=|          4|         16|        238|     32635572.85|        335|00:00:20|-0.02|0.06|0.9325|
|=|         14|         16|        238|     32637638.86|        351|00:00:21|-0.02|0.06|0.9304|
+-+-----------+-----------+-----------+----------------+-----------+--------+-----+----+------+
Best-so-far configuration:         238    mean value:      32637638.86
Description of the best-so-far configuration:
    .ID. algorithm localsearch alpha beta  rho ants   q0 rasrank elitistants
238  238       acs           3  1.79 5.57 0.72   46 0.29      NA          NA
    nnls dlb .PARENT.
238   12   1      196

# 2025-09-18 15:02:43 -03: Elite configurations (first number is the configuration ID; listed from best to worst according to the sum of ranks):
    algorithm localsearch alpha beta  rho ants   q0 rasrank elitistants nnls
238       acs           3  1.79 5.57 0.72   46 0.29      NA          NA   12
234       acs           3  2.10 5.76 0.88   58 0.45      NA          NA   10
209       acs           3  2.01 6.63 0.83   43 0.42      NA          NA   16
222       acs           3  1.58 5.94 0.92   43 0.49      NA          NA   10
196       acs           3  1.88 5.54 0.86   51 0.41      NA          NA   13
    dlb
238   1
234   1
209   1
222   1
196   1
# 2025-09-18 15:02:43 -03: Iteration 7 of 7
# experimentsUsed: 1553
# remainingBudget: 1197
# currentBudget: 1197
# nbConfigurations: 45
# Markers:
     x No test is performed.
     c Configurations are discarded only due to capping.
     - The test is performed and some configurations are discarded.
     = The test is performed but no configuration is discarded.
     ! The test is performed and configurations could be discarded but elite configurations are preserved.
     . All alive configurations are elite and nothing is discarded.

+-+-----------+-----------+-----------+----------------+-----------+--------+-----+----+------+
| |   Instance|      Alive|       Best|       Mean best| Exp so far|  W time|  rho|KenW|  Qvar|
+-+-----------+-----------+-----------+----------------+-----------+--------+-----+----+------+
|x|         15|         45|        252|     32797279.00|         45|00:00:52|   NA|  NA|    NA|
|x|          7|         45|        278|     32753757.00|         85|00:00:41|+0.27|0.63|0.1304|
|x|          4|         45|        234|     32702092.67|        125|00:00:41|+0.24|0.50|0.1323|
|x|         13|         45|        209|     32698092.75|        165|00:00:41|+0.33|0.50|0.1198|
|-|          2|         22|        209|     32714428.60|        205|00:00:41|-0.11|0.11|1.0599|
|=|          8|         22|        209|     32756099.83|        222|00:00:20|-0.07|0.11|1.0185|
|=|         12|         22|        234|     32714975.71|        239|00:00:20|-0.07|0.09|1.0057|
|=|         10|         22|        234|     32708021.88|        256|00:00:20|-0.02|0.10|0.9643|
|=|          6|         22|        234|     32726147.44|        273|00:00:21|-0.03|0.09|0.9755|
|=|          3|         22|        234|     32733916.10|        290|00:00:20|-0.00|0.10|0.9513|
|=|          5|         22|        234|     32740770.45|        307|00:00:20|+0.02|0.11|0.9379|
|=|          9|         22|        256|     32709641.33|        324|00:00:21|+0.04|0.12|0.9183|
|-|         11|         15|        238|     32675947.08|        341|00:00:20|-0.00|0.07|0.9528|
|=|         14|         15|        256|     32670374.21|        351|00:00:10|+0.01|0.08|0.9364|
|=|          1|         15|        256|     32643317.40|        361|00:00:10|+0.01|0.08|0.9345|
|=|         16|         15|        256|     32655565.00|        376|00:00:20|+0.01|0.07|0.9382|
+-+-----------+-----------+-----------+----------------+-----------+--------+-----+----+------+
Best-so-far configuration:         256    mean value:      32655565.00
Description of the best-so-far configuration:
    .ID. algorithm localsearch alpha beta  rho ants   q0 rasrank elitistants
256  256       acs           3  1.53 4.49 0.74   35 0.26      NA          NA
    nnls dlb .PARENT.
256   13   1      238

# 2025-09-18 15:09:52 -03: Elite configurations (first number is the configuration ID; listed from best to worst according to the sum of ranks):
    algorithm localsearch alpha beta  rho ants   q0 rasrank elitistants nnls
256       acs           3  1.53 4.49 0.74   35 0.26      NA          NA   13
234       acs           3  2.10 5.76 0.88   58 0.45      NA          NA   10
209       acs           3  2.01 6.63 0.83   43 0.42      NA          NA   16
222       acs           3  1.58 5.94 0.92   43 0.49      NA          NA   10
269       acs           3  1.61 5.44 0.81   47 0.43      NA          NA   11
    dlb
256   1
234   1
209   1
222   1
269   1
# 2025-09-18 15:09:52 -03: Iteration 8 of 8
# experimentsUsed: 1929
# remainingBudget: 821
# currentBudget: 821
# nbConfigurations: 45
# Markers:
     x No test is performed.
     c Configurations are discarded only due to capping.
     - The test is performed and some configurations are discarded.
     = The test is performed but no configuration is discarded.
     ! The test is performed and configurations could be discarded but elite configurations are preserved.
     . All alive configurations are elite and nothing is discarded.

+-+-----------+-----------+-----------+----------------+-----------+--------+-----+----+------+
| |   Instance|      Alive|       Best|       Mean best| Exp so far|  W time|  rho|KenW|  Qvar|
+-+-----------+-----------+-----------+----------------+-----------+--------+-----+----+------+
|x|         17|         45|        234|     32358465.00|         45|00:00:52|   NA|  NA|    NA|
|x|          1|         45|        318|     32302927.50|         85|00:00:41|+0.44|0.72|0.2472|
|x|          9|         45|        310|     32339150.00|        125|00:00:41|+0.29|0.52|0.2703|
|x|         14|         45|        310|     32406200.75|        165|00:00:41|+0.34|0.51|0.2432|
|-|          3|         24|        310|     32483230.00|        205|00:00:41|-0.09|0.12|1.0724|
|=|          2|         24|        256|     32531705.00|        224|00:00:20|-0.10|0.09|1.0655|
|=|         15|         24|        310|     32579341.71|        243|00:00:20|-0.09|0.06|1.0601|
|=|         11|         24|        307|     32538371.62|        262|00:00:20|-0.07|0.06|1.0312|
|=|         16|         24|        326|     32572829.67|        281|00:00:21|-0.06|0.06|1.0293|
|=|          8|         24|        310|     32601840.00|        300|00:00:20|-0.03|0.07|0.9965|
|=|          6|         24|        310|     32626014.91|        319|00:00:20|-0.03|0.06|0.9936|
|=|          4|         24|        310|     32624152.25|        338|00:00:21|-0.02|0.07|0.9842|
|=|         13|         24|        310|     32629745.46|        357|00:00:20|-0.03|0.05|0.9854|
|=|         12|         24|        310|     32616483.36|        376|00:00:20|-0.02|0.06|0.9746|
|=|          5|         24|        310|     32628538.73|        395|00:00:20|-0.00|0.06|0.9657|
|=|          7|         24|        310|     32634063.25|        414|00:00:20|+0.01|0.07|0.9538|
|=|         10|         24|        234|     32637690.24|        433|00:00:20|+0.01|0.07|0.9512|
|=|         18|         24|        310|     32647194.56|        457|00:00:31|+0.02|0.07|0.9466|
+-+-----------+-----------+-----------+----------------+-----------+--------+-----+----+------+
Best-so-far configuration:         310    mean value:      32647194.56
Description of the best-so-far configuration:
    .ID. algorithm localsearch alpha beta rho ants   q0 rasrank elitistants
310  310       acs           3  1.47 4.38 0.7   33 0.24      NA          NA
    nnls dlb .PARENT.
310   12   1      256

# 2025-09-18 15:18:14 -03: Elite configurations (first number is the configuration ID; listed from best to worst according to the sum of ranks):
    algorithm localsearch alpha beta  rho ants   q0 rasrank elitistants nnls
310       acs           3  1.47 4.38 0.70   33 0.24      NA          NA   12
234       acs           3  2.10 5.76 0.88   58 0.45      NA          NA   10
256       acs           3  1.53 4.49 0.74   35 0.26      NA          NA   13
269       acs           3  1.61 5.44 0.81   47 0.43      NA          NA   11
222       acs           3  1.58 5.94 0.92   43 0.49      NA          NA   10
    dlb
310   1
234   1
256   1
269   1
222   1
# 2025-09-18 15:18:14 -03: Stopped because there is not enough budget to enforce the value of nbConfigurations.
# Iteration: 9
# nbIterations: 9
# experimentsUsed: 2386
# timeUsed: 0
# remainingBudget: 364
# currentBudget: 364
# number of elites: 5
# nbConfigurations: 23
# Total CPU user time: 25677.97, CPU sys time: 202.142, Wall-clock time: 2925.164
# 2025-09-18 15:18:14 -03: Starting post-selection:
# Configurations selected: 310, 234, 256, 269, 222, 209, 238, 196, 195, 193, 176, 143, 153, 108, 138, 148.
# Pending instances: 1, 1, 1, 1, 1, 1, 3, 3, 5, 5, 5, 5, 7, 7, 7, 7.
# 2025-09-18 15:18:14 -03: seed: 500057
# Configurations: 16
# Available experiments: 364
# minSurvival: 1
# Markers:
     x No test is performed.
     c Configurations are discarded only due to capping.
     - The test is performed and some configurations are discarded.
     = The test is performed but no configuration is discarded.
     ! The test is performed and configurations could be discarded but elite configurations are preserved.
     . All alive configurations are elite and nothing is discarded.

+-+-----------+-----------+-----------+----------------+-----------+--------+-----+----+------+
| |   Instance|      Alive|       Best|       Mean best| Exp so far|  W time|  rho|KenW|  Qvar|
+-+-----------+-----------+-----------+----------------+-----------+--------+-----+----+------+
|x|         13|         16|        238|     32616865.00|          4|00:00:10|   NA|  NA|    NA|
|.|          1|         16|        238|     32471541.00|          4|00:00:00|+0.30|0.65|0.6169|
|x|         14|         16|        108|     32518518.00|          8|00:00:10|+0.10|0.40|0.8005|
|.|          7|         16|        108|     32578465.00|          8|00:00:00|+0.18|0.38|0.7449|
|x|         17|         16|        176|     32529431.60|         18|00:00:10|+0.10|0.28|0.8087|
|.|          4|         16|        176|     32550795.67|         18|00:00:00|+0.14|0.28|0.7564|
|x|         15|         16|        234|     32581676.71|         26|00:00:10|+0.07|0.20|0.8452|
|x|         18|         16|        310|     32603712.25|         36|00:00:10|+0.02|0.14|0.8809|
|.|         11|         16|        310|     32569616.67|         36|00:00:00|+0.06|0.16|0.8406|
|.|          5|         16|        310|     32592386.40|         36|00:00:00|+0.09|0.18|0.8037|
|.|          2|         16|        310|     32615826.36|         36|00:00:00|+0.07|0.15|0.8373|
|.|         12|         16|        310|     32601513.83|         36|00:00:00|+0.08|0.16|0.8231|
|.|         10|         16|        310|     32613315.46|         36|00:00:00|+0.08|0.16|0.8209|
|.|          9|         16|        310|     32594588.21|         36|00:00:00|+0.10|0.16|0.8016|
|.|          8|         16|        310|     32617209.60|         36|00:00:00|+0.12|0.17|0.7858|
|x|         16|         16|        310|     32624399.44|         44|00:00:10|+0.11|0.17|0.7876|
|.|          6|         16|        310|     32638715.00|         44|00:00:00|+0.12|0.17|0.7798|
|.|          3|         16|        310|     32647194.56|         44|00:00:00|+0.12|0.17|0.7847|
|-|         19|         11|        256|     32654036.63|         60|00:00:20|-0.03|0.03|0.9331|
|=|         20|         11|        256|     32666903.20|         71|00:00:20|-0.03|0.02|0.9351|
|=|         21|         11|        256|     32671291.62|         82|00:00:20|-0.02|0.03|0.9272|
|=|         22|         11|        256|     32674836.82|         93|00:00:20|-0.01|0.03|0.9264|
|=|         23|         11|        256|     32655634.09|        104|00:00:20|-0.01|0.03|0.9268|
|=|         24|         11|        256|     32648750.88|        115|00:00:20|-0.01|0.03|0.9213|
|=|         25|         11|        256|     32651446.08|        126|00:00:20|-0.01|0.03|0.9209|
|=|         26|         11|        256|     32644088.19|        137|00:00:20|-0.01|0.03|0.9206|
|=|         27|         11|        256|     32644703.89|        148|00:00:20|-0.01|0.02|0.9218|
|=|         28|         11|        256|     32636767.43|        159|00:00:20|-0.01|0.03|0.9177|
|=|         29|         11|        234|     32637812.21|        170|00:00:20|-0.01|0.03|0.9159|
|=|         30|         11|        234|     32631413.77|        181|00:00:20|-0.01|0.03|0.9109|
|=|         31|         11|        234|     32640157.26|        192|00:00:20|-0.00|0.03|0.9041|
|=|         32|         11|        234|     32637361.91|        203|00:00:20|+0.01|0.04|0.8977|
|=|         33|         11|        234|     32654480.52|        214|00:00:20|+0.00|0.03|0.9020|
|=|         34|         11|        234|     32653287.32|        225|00:00:20|+0.00|0.03|0.9030|
|=|         35|         11|        234|     32648469.03|        236|00:00:20|+0.01|0.03|0.8969|
|=|         36|         11|        234|     32647360.39|        247|00:00:20|+0.00|0.03|0.8980|
|=|         37|         11|        234|     32645707.14|        258|00:00:20|+0.00|0.03|0.9019|
|=|         38|         11|        234|     32636205.05|        269|00:00:20|+0.01|0.03|0.8990|
|=|         39|         11|        234|     32627367.10|        280|00:00:20|+0.01|0.04|0.8966|
|=|         40|         11|        234|     32623884.90|        291|00:00:20|+0.02|0.04|0.8919|
|=|         41|         11|        310|     32624945.61|        302|00:00:20|+0.02|0.04|0.8878|
|-|         42|          6|        310|     32620453.88|        313|00:00:20|-0.01|0.01|0.8161|
|=|         43|          6|        310|     32621781.91|        319|00:00:10|-0.01|0.01|0.8178|
|=|         44|          6|        234|     32632297.95|        325|00:00:10|-0.01|0.01|0.8179|
|=|         45|          6|        310|     32623229.78|        331|00:00:10|-0.01|0.01|0.8225|
|=|         46|          6|        310|     32626608.70|        337|00:00:10|-0.01|0.01|0.8198|
|=|         47|          6|        234|     32632954.17|        343|00:00:10|-0.01|0.01|0.8197|
|=|         48|          6|        234|     32630489.98|        349|00:00:10|-0.01|0.01|0.8151|
|=|         49|          6|        234|     32632719.88|        355|00:00:10|-0.01|0.01|0.8160|
|=|         50|          6|        234|     32627804.18|        361|00:00:10|-0.01|0.01|0.8201|
+-+-----------+-----------+-----------+----------------+-----------+--------+-----+----+------+
Best-so-far configuration:         234    mean value:      32627804.18
Description of the best-so-far configuration:
    .ID. algorithm localsearch alpha beta  rho ants   q0 rasrank elitistants
234  234       acs           3   2.1 5.76 0.88   58 0.45      NA          NA
    nnls dlb .PARENT.
234   10   1      196

# 2025-09-18 15:29:00 -03: Elite configurations (first number is the configuration ID; listed from best to worst according to the sum of ranks):
    algorithm localsearch alpha beta  rho ants   q0 rasrank elitistants nnls
234       acs           3  2.10 5.76 0.88   58 0.45      NA          NA   10
310       acs           3  1.47 4.38 0.70   33 0.24      NA          NA   12
222       acs           3  1.58 5.94 0.92   43 0.49      NA          NA   10
256       acs           3  1.53 4.49 0.74   35 0.26      NA          NA   13
195       acs           3  1.73 5.25 0.93   42 0.43      NA          NA   13
    dlb
234   1
310   1
222   1
256   1
195   1
# Total CPU user time: 29419.17, CPU sys time: 234.325, Wall-clock time: 3571.181
    .ID. algorithm localsearch alpha beta  rho ants   q0 rasrank elitistants
234  234       acs           3  2.10 5.76 0.88   58 0.45      NA          NA
310  310       acs           3  1.47 4.38 0.70   33 0.24      NA          NA
222  222       acs           3  1.58 5.94 0.92   43 0.49      NA          NA
256  256       acs           3  1.53 4.49 0.74   35 0.26      NA          NA
195  195       acs           3  1.73 5.25 0.93   42 0.43      NA          NA
    nnls dlb .PARENT. .RANK.   .WEIGHT.
234   10   1      196    164 0.33333333
310   12   1      256    165 0.26666667
222   10   1      195    174 0.20000000
256   13   1      238    178 0.13333333
195   13   1      143    182 0.06666667
