# 2025-10-13 16:55:49 -03: Reading parameter file '/home/pestobar/Activities/irace-test-executions/PSO-X-withRanking/Scenarios/BH-64/Runs/BH-65_seed_600083/parameters.txt'.
# 2025-10-13 16:55:49 -03: 2 expression(s) specifying forbidden configurations read.
# 2025-10-13 16:55:49 -03: Initialization
# Elitist race
# Elitist new instances: 1
# Elitist limit: 2
# nbIterations: 5
# minNbSurvival: 5
# nbParameters: 8
# seed: 600083
# confidence level: 0.95
# budget: 4000
# mu: 5
# deterministic: FALSE

# 2025-10-13 16:55:49 -03: Iteration 1 of 5
# experimentsUsed: 0
# remainingBudget: 4000
# currentBudget: 800
# nbConfigurations: 65
# Markers:
     x No test is performed.
     c Configurations are discarded only due to capping.
     - The test is performed and some configurations are discarded.
     = The test is performed but no configuration is discarded.
     ! The test is performed and configurations could be discarded but elite configurations are preserved.
     . All alive configurations are elite and nothing is discarded.

+-+-----------+-----------+-----------+----------------+-----------+--------+-----+----+------+
| |   Instance|      Alive|       Best|       Mean best| Exp so far|  W time|  rho|KenW|  Qvar|
+-+-----------+-----------+-----------+----------------+-----------+--------+-----+----+------+
|x|          1|         64|         35|     5.321176428|         64|00:00:30|   NA|  NA|    NA|
|x|          2|         64|         35|     16.80783491|        128|00:01:46|+0.33|0.66|0.7160|
|x|          3|         64|         45|     52.87510572|        192|00:00:30|+0.46|0.64|0.4892|
|x|          4|         64|         45|     182.3791330|        256|00:03:22|+0.46|0.60|0.5114|
|-|          5|         32|         55|     19180.72549|        320|00:00:30|-0.03|0.18|0.9406|
|=|          6|         32|         45|     269820.4550|        352|00:00:04|+0.05|0.21|0.9190|
|=|          7|         32|         45|     231323.7833|        384|00:01:53|+0.05|0.19|0.8966|
+-+-----------+-----------+-----------+----------------+-----------+--------+-----+----+------+
Best-so-far configuration:          45    mean value:      231323.7833
Description of the best-so-far configuration:
   .ID. particles topology modInfluence branching tSchedule phi1 phi2 inertia
45   45        61        4            0        NA        NA 1.15 2.42    0.58
   .PARENT.
45       NA

# 2025-10-13 17:04:28 -03: Elite configurations (first number is the configuration ID; listed from best to worst according to the sum of ranks):
   particles topology modInfluence branching tSchedule phi1 phi2 inertia
45        61        4            0        NA        NA 1.15 2.42    0.58
4        107        4            2        NA        NA 0.88 1.13    0.71
26       138        4            1        NA        NA 2.36 1.37    0.79
41       185        4            2        NA        NA 1.46 2.11    0.47
35       172        5            0        NA         5 1.93 1.64    0.41
# 2025-10-13 17:04:28 -03: Iteration 2 of 5
# experimentsUsed: 384
# remainingBudget: 3616
# currentBudget: 904
# nbConfigurations: 65
# Markers:
     x No test is performed.
     c Configurations are discarded only due to capping.
     - The test is performed and some configurations are discarded.
     = The test is performed but no configuration is discarded.
     ! The test is performed and configurations could be discarded but elite configurations are preserved.
     . All alive configurations are elite and nothing is discarded.

+-+-----------+-----------+-----------+----------------+-----------+--------+-----+----+------+
| |   Instance|      Alive|       Best|       Mean best| Exp so far|  W time|  rho|KenW|  Qvar|
+-+-----------+-----------+-----------+----------------+-----------+--------+-----+----+------+
|x|          8|         65|        117|     44.36596396|         65|00:00:29|   NA|  NA|    NA|
|x|          6|         65|        115|     467978.2195|        125|00:00:28|+0.69|0.85|0.0859|
|x|          3|         65|        114|     622649.9366|        185|00:00:28|+0.41|0.60|0.3072|
|x|          4|         65|        114|     467125.6010|        245|00:03:18|+0.40|0.55|0.4267|
|-|          2|         17|        114|     373704.4943|        305|00:01:43|-0.05|0.16|0.9327|
|=|          1|         17|        114|     311421.5148|        317|00:00:02|-0.02|0.15|0.9454|
|=|          7|         17|        114|     266970.6745|        329|00:00:57|-0.04|0.11|0.9270|
|=|          5|         17|        114|     253864.7763|        341|00:00:02|-0.06|0.07|0.9332|
|=|          9|         17|        114|     225683.3182|        358|00:00:57|-0.02|0.10|0.9039|
+-+-----------+-----------+-----------+----------------+-----------+--------+-----+----+------+
Best-so-far configuration:         114    mean value:      225683.3182
Description of the best-so-far configuration:
    .ID. particles topology modInfluence branching tSchedule phi1 phi2 inertia
114  114       140        4            0        NA        NA 1.55 2.14    0.54
    .PARENT.
114       26

# 2025-10-13 17:12:55 -03: Elite configurations (first number is the configuration ID; listed from best to worst according to the sum of ranks):
    particles topology modInfluence branching tSchedule phi1 phi2 inertia
114       140        4            0        NA        NA 1.55 2.14    0.54
105       143        4            2        NA        NA 0.25 1.90    0.56
111       158        4            0        NA        NA 1.67 1.85    0.67
35        172        5            0        NA         5 1.93 1.64    0.41
71        160        1            0        NA        NA 0.73 2.09    0.55
# 2025-10-13 17:12:55 -03: Iteration 3 of 5
# experimentsUsed: 742
# remainingBudget: 3258
# currentBudget: 1086
# nbConfigurations: 65
# Markers:
     x No test is performed.
     c Configurations are discarded only due to capping.
     - The test is performed and some configurations are discarded.
     = The test is performed but no configuration is discarded.
     ! The test is performed and configurations could be discarded but elite configurations are preserved.
     . All alive configurations are elite and nothing is discarded.

+-+-----------+-----------+-----------+----------------+-----------+--------+-----+----+------+
| |   Instance|      Alive|       Best|       Mean best| Exp so far|  W time|  rho|KenW|  Qvar|
+-+-----------+-----------+-----------+----------------+-----------+--------+-----+----+------+
|x|         10|         65|        182|     2.922332650|         65|00:00:37|   NA|  NA|    NA|
|x|          5|         65|        133|     30833.48647|        125|00:00:38|+0.52|0.76|0.8693|
|x|          6|         65|        142|     551473.9804|        185|00:00:38|+0.49|0.66|0.6395|
|x|          3|         65|        135|     258773.1089|        245|00:00:37|+0.44|0.58|0.5879|
|-|          4|         27|        135|     207129.5576|        305|00:03:44|+0.04|0.24|1.0694|
|-|          1|         18|        135|     172608.8601|        327|00:00:09|+0.07|0.23|0.9820|
|=|          9|         18|        176|     166543.2256|        340|00:00:57|+0.00|0.14|0.9963|
|=|          7|         18|        135|     129529.8502|        353|00:00:57|-0.03|0.10|0.9928|
|=|          8|         18|        135|     115147.1477|        366|00:00:03|-0.06|0.06|0.9711|
|=|          2|         18|        135|     103634.9511|        379|00:00:27|-0.04|0.06|0.9418|
|=|         11|         18|        114|     184660.8171|        397|00:00:03|-0.02|0.08|0.9067|
+-+-----------+-----------+-----------+----------------+-----------+--------+-----+----+------+
Best-so-far configuration:         114    mean value:      184660.8171
Description of the best-so-far configuration:
    .ID. particles topology modInfluence branching tSchedule phi1 phi2 inertia
114  114       140        4            0        NA        NA 1.55 2.14    0.54
    .PARENT.
114       26

# 2025-10-13 17:21:50 -03: Elite configurations (first number is the configuration ID; listed from best to worst according to the sum of ranks):
    particles topology modInfluence branching tSchedule phi1 phi2 inertia
114       140        4            0        NA        NA 1.55 2.14    0.54
135       179        4            0        NA        NA 2.50 2.48    0.39
159       111        4            0        NA        NA 1.18 2.22    0.43
152        64        4            0        NA        NA 1.95 1.84    0.54
174       164        4            0        NA        NA 0.95 1.75    0.51
# 2025-10-13 17:21:50 -03: Iteration 4 of 5
# experimentsUsed: 1139
# remainingBudget: 2861
# currentBudget: 1430
# nbConfigurations: 65
# Markers:
     x No test is performed.
     c Configurations are discarded only due to capping.
     - The test is performed and some configurations are discarded.
     = The test is performed but no configuration is discarded.
     ! The test is performed and configurations could be discarded but elite configurations are preserved.
     . All alive configurations are elite and nothing is discarded.

+-+-----------+-----------+-----------+----------------+-----------+--------+-----+----+------+
| |   Instance|      Alive|       Best|       Mean best| Exp so far|  W time|  rho|KenW|  Qvar|
+-+-----------+-----------+-----------+----------------+-----------+--------+-----+----+------+
|x|         12|         65|        201|     1.350686653|         65|00:00:26|   NA|  NA|    NA|
|x|          6|         65|        217|     450093.9139|        125|00:00:27|+0.67|0.83|0.0225|
|x|          5|         65|        217|     327281.2196|        185|00:00:26|+0.17|0.45|0.1663|
|x|          4|         65|        207|     281792.7419|        245|00:03:12|+0.28|0.46|0.3095|
|-|          1|         32|        207|     225435.3689|        305|00:00:26|+0.04|0.23|1.0279|
|=|          7|         32|        202|     176822.1157|        332|00:01:26|-0.03|0.14|1.0180|
|=|          9|         32|        231|     154543.7625|        359|00:01:25|-0.05|0.10|1.0092|
|=|          2|         32|        228|     172543.3573|        386|00:00:41|-0.03|0.10|0.9747|
|=|          3|         32|        228|     153386.8508|        413|00:00:03|-0.01|0.10|0.9310|
|=|         10|         32|        228|     138048.5099|        440|00:00:03|-0.02|0.09|0.9531|
|=|          8|         32|        228|     125503.5723|        467|00:00:04|-0.00|0.09|0.9462|
|=|         11|         32|        228|     115050.8849|        494|00:00:03|+0.01|0.09|0.9203|
|=|         13|         32|        228|     106753.4666|        526|00:00:05|+0.03|0.10|0.8917|
+-+-----------+-----------+-----------+----------------+-----------+--------+-----+----+------+
Best-so-far configuration:         228    mean value:      106753.4666
Description of the best-so-far configuration:
    .ID. particles topology modInfluence branching tSchedule phi1 phi2 inertia
228  228       121        4            0        NA        NA 1.92 2.47    0.43
    .PARENT.
228      114

# 2025-10-13 17:30:43 -03: Elite configurations (first number is the configuration ID; listed from best to worst according to the sum of ranks):
    particles topology modInfluence branching tSchedule phi1 phi2 inertia
228       121        4            0        NA        NA 1.92 2.47    0.43
233       141        4            0        NA        NA 2.29 2.18    0.47
227       170        4            0        NA        NA 1.85 2.43    0.42
214       106        4            0        NA        NA 1.18 2.13    0.44
218       150        4            0        NA        NA 2.29 2.39    0.47
# 2025-10-13 17:30:43 -03: Iteration 5 of 5
# experimentsUsed: 1665
# remainingBudget: 2335
# currentBudget: 2335
# nbConfigurations: 65
# Markers:
     x No test is performed.
     c Configurations are discarded only due to capping.
     - The test is performed and some configurations are discarded.
     = The test is performed but no configuration is discarded.
     ! The test is performed and configurations could be discarded but elite configurations are preserved.
     . All alive configurations are elite and nothing is discarded.

+-+-----------+-----------+-----------+----------------+-----------+--------+-----+----+------+
| |   Instance|      Alive|       Best|       Mean best| Exp so far|  W time|  rho|KenW|  Qvar|
+-+-----------+-----------+-----------+----------------+-----------+--------+-----+----+------+
|x|         14|         65|        272|     11.96345066|         65|00:00:07|   NA|  NA|    NA|
|x|          1|         65|        296|     8.674435458|        125|00:00:06|+0.17|0.59|0.4285|
|x|          7|         65|        296|     99.03251539|        185|00:02:52|-0.04|0.31|0.6718|
|x|         10|         65|        296|     74.96384772|        245|00:00:06|+0.03|0.27|0.6654|
|=|          5|         65|        296|     25130.44855|        305|00:00:07|+0.02|0.22|0.7249|
|=|         12|         65|        296|     20945.00963|        365|00:00:06|+0.01|0.18|0.6421|
|-|          4|         25|        296|     18031.78668|        425|00:02:53|-0.03|0.12|0.9698|
|=|         13|         25|        296|     16727.31356|        445|00:00:02|-0.05|0.08|0.9917|
|=|          9|         25|        228|     12485.88944|        465|00:00:57|-0.06|0.06|1.0040|
|=|          6|         25|        256|     105787.2760|        485|00:00:02|-0.04|0.07|0.9767|
|=|          2|         25|        256|     96172.48334|        505|00:00:28|-0.03|0.07|0.9782|
|=|         11|         25|        228|     115634.9936|        525|00:00:02|-0.00|0.08|0.9550|
|=|          3|         25|        256|     81394.56457|        545|00:00:02|-0.00|0.07|0.9632|
|=|          8|         25|        228|     99129.20856|        565|00:00:02|+0.01|0.08|0.9561|
|=|         15|         25|        228|     92520.62349|        590|00:00:26|+0.01|0.08|0.9484|
+-+-----------+-----------+-----------+----------------+-----------+--------+-----+----+------+
Best-so-far configuration:         228    mean value:      92520.62349
Description of the best-so-far configuration:
    .ID. particles topology modInfluence branching tSchedule phi1 phi2 inertia
228  228       121        4            0        NA        NA 1.92 2.47    0.43
    .PARENT.
228      114

# 2025-10-13 17:39:09 -03: Elite configurations (first number is the configuration ID; listed from best to worst according to the sum of ranks):
    particles topology modInfluence branching tSchedule phi1 phi2 inertia
228       121        4            0        NA        NA 1.92 2.47    0.43
294       102        4            0        NA        NA 1.91 2.49    0.42
256       117        4            0        NA        NA 1.91 2.36    0.40
272       141        4            0        NA        NA 2.02 2.32    0.42
269       112        4            0        NA        NA 1.90 2.37    0.42
# 2025-10-13 17:39:09 -03: Iteration 6 of 6
# experimentsUsed: 2255
# remainingBudget: 1745
# currentBudget: 1745
# nbConfigurations: 65
# Markers:
     x No test is performed.
     c Configurations are discarded only due to capping.
     - The test is performed and some configurations are discarded.
     = The test is performed but no configuration is discarded.
     ! The test is performed and configurations could be discarded but elite configurations are preserved.
     . All alive configurations are elite and nothing is discarded.

+-+-----------+-----------+-----------+----------------+-----------+--------+-----+----+------+
| |   Instance|      Alive|       Best|       Mean best| Exp so far|  W time|  rho|KenW|  Qvar|
+-+-----------+-----------+-----------+----------------+-----------+--------+-----+----+------+
|x|         16|         65|        326|     908.6387582|         65|00:03:25|   NA|  NA|    NA|
|x|         15|         65|        316|     454.5988050|        125|00:00:54|-0.21|0.40|1.1699|
|x|         10|         65|        322|     304.3365327|        185|00:00:06|-0.08|0.28|1.0988|
|x|          9|         65|        322|     287.4980092|        245|00:02:54|-0.01|0.25|1.0144|
|=|         13|         65|        322|     1690.246267|        305|00:00:08|-0.02|0.19|1.0261|
|=|          6|         65|        322|     183907.0861|        365|00:00:06|+0.00|0.17|0.9954|
|=|          3|         65|        360|     105689.6173|        425|00:00:07|+0.01|0.15|0.9839|
|=|         12|         65|        360|     92480.56457|        485|00:00:06|+0.04|0.16|0.9504|
|-|          2|         35|        360|     82207.45372|        545|00:01:23|-0.05|0.06|1.0309|
|=|         14|         35|        360|     73987.92077|        575|00:00:03|-0.05|0.05|1.0286|
|=|         11|         35|        360|     67271.75196|        605|00:00:03|-0.03|0.06|1.0150|
|=|          7|         35|        360|     61694.43437|        635|00:01:26|-0.03|0.05|1.0121|
|=|          8|         35|        360|     56955.30154|        665|00:00:04|-0.03|0.05|1.0020|
|=|          5|         35|        360|     59418.94475|        695|00:00:03|-0.03|0.05|1.0022|
|=|          1|         35|        360|     55458.03057|        725|00:00:03|-0.03|0.04|1.0014|
|=|          4|         35|        360|     52026.44303|        755|00:01:27|-0.02|0.05|0.9903|
|=|         17|         35|        360|     48966.30873|        790|00:00:04|-0.01|0.05|0.9847|
+-+-----------+-----------+-----------+----------------+-----------+--------+-----+----+------+
Best-so-far configuration:         360    mean value:      48966.30873
Description of the best-so-far configuration:
    .ID. particles topology modInfluence branching tSchedule phi1 phi2 inertia
360  360       102        4            0        NA        NA 2.17 2.48    0.43
    .PARENT.
360      294

# 2025-10-13 17:51:39 -03: Elite configurations (first number is the configuration ID; listed from best to worst according to the sum of ranks):
    particles topology modInfluence branching tSchedule phi1 phi2 inertia
360       102        4            0        NA        NA 2.17 2.48    0.43
294       102        4            0        NA        NA 1.91 2.49    0.42
256       117        4            0        NA        NA 1.91 2.36    0.40
228       121        4            0        NA        NA 1.92 2.47    0.43
353        96        4            0        NA        NA 1.98 2.50    0.40
# 2025-10-13 17:51:39 -03: Stopped because there is not enough budget to enforce the value of nbConfigurations.
# Iteration: 7
# nbIterations: 7
# experimentsUsed: 3045
# timeUsed: 0
# remainingBudget: 955
# currentBudget: 955
# number of elites: 5
# nbConfigurations: 57
# Total CPU user time: 28360.01, CPU sys time: 138.09, Wall-clock time: 3350.455
# 2025-10-13 17:51:39 -03: Starting post-selection:
# Configurations selected: 360, 294, 256, 228, 353, 272, 269, 233, 227, 214, 218, 114, 135, 159, 152, 174.
# Pending instances: 1, 1, 1, 1, 1, 1, 1, 3, 3, 3, 3, 5, 5, 5, 5, 5.
# 2025-10-13 17:51:40 -03: seed: 600083
# Configurations: 16
# Available experiments: 955
# minSurvival: 1
# Markers:
     x No test is performed.
     c Configurations are discarded only due to capping.
     - The test is performed and some configurations are discarded.
     = The test is performed but no configuration is discarded.
     ! The test is performed and configurations could be discarded but elite configurations are preserved.
     . All alive configurations are elite and nothing is discarded.

+-+-----------+-----------+-----------+----------------+-----------+--------+-----+----+------+
| |   Instance|      Alive|       Best|       Mean best| Exp so far|  W time|  rho|KenW|  Qvar|
+-+-----------+-----------+-----------+----------------+-----------+--------+-----+----+------+
|.|          5|         16|        233|     83485.94799|          0|00:00:00|   NA|  NA|    NA|
|.|          1|         16|        233|     41746.02068|          0|00:00:00|+0.35|0.68|0.5990|
|.|          3|         16|        233|     27876.62114|          0|00:00:00|-0.14|0.24|1.0949|
|x|         15|         16|        360|     22898.19747|          5|00:00:08|-0.08|0.19|1.0497|
|.|          8|         16|        360|     18335.69950|          5|00:00:00|-0.06|0.15|1.0121|
|.|         10|         16|        360|     15280.29789|          5|00:00:00|+0.01|0.18|0.9312|
|.|          9|         16|        360|     13130.76836|          5|00:00:00|+0.02|0.16|0.9295|
|x|         17|         16|        228|     13055.04469|         14|00:00:01|+0.05|0.17|0.8887|
|.|         12|         16|        228|     11608.48485|         14|00:00:00|+0.07|0.17|0.8666|
|x|         14|         16|        353|     11364.24738|         19|00:00:01|+0.07|0.16|0.8549|
|.|         13|         16|        353|     11016.04909|         19|00:00:00|+0.05|0.14|0.8760|
|x|         16|         16|        294|     9965.334769|         28|00:00:29|+0.05|0.13|0.8732|
|.|         11|         16|        294|     9206.330884|         28|00:00:00|+0.06|0.13|0.8681|
|.|          6|         16|        294|     70330.84652|         28|00:00:00|+0.08|0.14|0.8484|
|.|          4|         16|        294|     65679.06378|         28|00:00:00|+0.09|0.16|0.8314|
|.|          7|         16|        294|     61602.01543|         28|00:00:00|+0.06|0.12|0.8718|
|.|          2|         16|        294|     57979.81815|         28|00:00:00|+0.06|0.12|0.8727|
|-|         18|         11|        294|     54761.15592|         44|00:00:02|-0.01|0.04|0.9057|
|=|         19|         11|        360|     43820.27359|         55|00:00:02|-0.02|0.03|0.9097|
|=|         20|         11|        360|     41674.74002|         66|00:00:57|-0.02|0.03|0.9102|
|=|         21|         11|        360|     39690.26950|         77|00:00:02|-0.01|0.04|0.9040|
|=|         22|         11|        228|     63194.31113|         88|00:00:56|-0.01|0.04|0.9042|
|=|         23|         11|        228|     60486.55726|         99|00:01:01|-0.01|0.03|0.9081|
|=|         24|         11|        228|     57966.34440|        110|00:00:02|-0.00|0.04|0.8983|
|=|         25|         11|        256|     42464.52520|        121|00:00:02|-0.01|0.03|0.9052|
|=|         26|         11|        256|     40864.64999|        132|00:00:33|-0.01|0.03|0.9049|
|=|         27|         11|        228|     51560.92059|        143|00:00:01|-0.01|0.03|0.9043|
|=|         28|         11|        228|     49720.45608|        154|00:00:02|-0.01|0.03|0.9085|
|=|         29|         11|        228|     48011.52935|        165|00:00:02|-0.01|0.03|0.9100|
|=|         30|         11|        228|     46429.12018|        176|00:00:56|+0.00|0.03|0.9014|
|=|         31|         11|        228|     894445.1545|        187|00:00:02|-0.00|0.03|0.9053|
|=|         32|         11|        228|     866496.4785|        198|00:00:03|+0.00|0.03|0.9019|
|=|         33|         11|        228|     840239.6444|        209|00:00:02|+0.00|0.03|0.9052|
|=|         34|         11|        228|     815533.6120|        220|00:00:02|+0.00|0.03|0.9033|
|=|         35|         11|        294|     521510.2253|        231|00:00:01|+0.01|0.03|0.8982|
|=|         36|         11|        228|     770280.0657|        242|00:00:03|-0.00|0.03|0.9047|
|=|         37|         11|        353|     615675.6183|        253|00:00:02|-0.01|0.02|0.9102|
|=|         38|         11|        353|     599479.4495|        264|00:00:02|-0.01|0.02|0.9123|
|=|         39|         11|        228|     712133.5642|        275|00:00:02|-0.01|0.02|0.9089|
|=|         40|         11|        228|     694720.7083|        286|00:00:03|-0.00|0.02|0.9077|
|=|         41|         11|        228|     677776.3141|        297|00:00:02|-0.01|0.02|0.9111|
|=|         42|         11|        228|     661668.0114|        308|00:00:01|-0.01|0.02|0.9104|
|=|         43|         11|        228|     646301.5316|        319|00:00:58|-0.00|0.02|0.9096|
|=|         44|         11|        228|     631616.0992|        330|00:00:03|-0.01|0.01|0.9132|
|=|         45|         11|        228|     617580.1982|        341|00:00:01|-0.00|0.02|0.9091|
|=|         46|         11|        228|     604154.5477|        352|00:00:02|-0.00|0.02|0.9071|
|=|         47|         11|        228|     591300.5254|        363|00:00:02|+0.00|0.02|0.9039|
|=|         48|         11|        228|     578982.4706|        374|00:00:26|-0.00|0.02|0.9085|
|=|         49|         11|        228|     567166.5040|        385|00:00:02|-0.00|0.02|0.9071|
|=|         50|         11|        228|     558393.8838|        396|00:00:02|-0.00|0.02|0.9087|
|=|         51|         11|        228|     547462.8110|        407|00:00:58|-0.00|0.02|0.9093|
|=|         52|         11|        228|     536937.0157|        418|00:00:02|-0.00|0.02|0.9084|
|=|         53|         11|        353|     432416.7927|        429|00:00:57|+0.00|0.02|0.9067|
|=|         54|         11|        228|     517093.9157|        440|00:00:01|+0.00|0.02|0.9075|
|=|         55|         11|        294|     335003.2594|        451|00:00:02|+0.00|0.02|0.9074|
|=|         56|         11|        294|     329036.5315|        462|00:00:34|+0.01|0.02|0.9050|
|=|         57|         11|        228|     490520.5618|        473|00:00:02|+0.01|0.03|0.9034|
|=|         58|         11|        228|     482063.8676|        484|00:00:25|+0.01|0.02|0.9032|
|=|         59|         11|        228|     473893.9333|        495|00:00:03|+0.01|0.02|0.9031|
|=|         60|         11|        228|     465995.7100|        506|00:00:17|+0.01|0.03|0.9018|
|=|         61|         11|        353|     376426.5141|        517|00:00:02|+0.01|0.03|0.9009|
|=|         62|         11|        353|     370356.3474|        528|00:00:02|+0.01|0.03|0.8993|
|=|         63|         11|        360|     267343.6463|        539|00:01:03|+0.01|0.02|0.9015|
|=|         64|         11|        228|     436890.3207|        550|00:00:03|+0.01|0.02|0.9017|
|=|         65|         11|        228|     430173.4188|        561|00:00:54|+0.01|0.02|0.9043|
|=|         66|         11|        228|     423657.6863|        572|00:00:02|+0.01|0.02|0.9049|
|=|         67|         11|        228|     417336.5102|        583|00:00:01|+0.01|0.02|0.9047|
|=|         68|         11|        294|     271586.8384|        594|00:00:02|+0.01|0.02|0.9050|
|=|         69|         11|        294|     267651.1518|        605|00:00:01|+0.01|0.03|0.9025|
|-|         70|          8|        294|     263827.5733|        616|00:00:01|-0.01|0.01|0.8797|
|=|         71|          8|        294|     260342.4929|        624|00:00:01|-0.00|0.01|0.8785|
|=|         72|          8|        294|     256726.6568|        632|00:00:01|-0.00|0.01|0.8779|
|=|         73|          8|        294|     253210.6067|        640|00:00:01|-0.00|0.01|0.8766|
|=|         74|          8|        294|     249788.9125|        648|00:00:01|-0.00|0.01|0.8759|
|=|         75|          8|        294|     246458.4114|        656|00:00:01|-0.00|0.01|0.8747|
|=|         76|          8|        294|     243221.9718|        664|00:00:28|-0.00|0.01|0.8763|
|=|         77|          8|        294|     240075.0826|        672|00:00:29|-0.00|0.01|0.8754|
|=|         78|          8|        294|     237004.1586|        680|00:00:29|-0.00|0.01|0.8754|
|=|         79|          8|        294|     234006.5022|        688|00:00:01|-0.00|0.01|0.8769|
|=|         80|          8|        353|     287295.7237|        696|00:00:00|-0.00|0.01|0.8755|
|=|         81|          8|        294|     228228.7587|        704|00:00:01|-0.00|0.01|0.8745|
|=|         82|          8|        294|     225445.6686|        712|00:00:01|+0.00|0.01|0.8737|
|=|         83|          8|        353|     287599.1845|        720|00:00:01|+0.00|0.01|0.8719|
|=|         84|          8|        294|     234199.2881|        728|00:00:01|+0.00|0.01|0.8715|
|=|         85|          8|        353|     281028.8222|        736|00:00:01|+0.00|0.02|0.8709|
|=|         86|          8|        353|     277761.3653|        744|00:00:01|+0.00|0.02|0.8707|
|=|         87|          8|        353|     274575.0899|        752|00:00:29|+0.00|0.02|0.8699|
|=|         88|          8|        353|     272687.4762|        760|00:00:01|+0.00|0.01|0.8706|
|=|         89|          8|        353|     271873.6028|        768|00:00:01|+0.00|0.01|0.8714|
|=|         90|          8|        228|     326468.1318|        776|00:00:01|+0.00|0.01|0.8731|
|=|         91|          8|        228|     322880.5746|        784|00:00:01|+0.00|0.01|0.8738|
|=|         92|          8|        353|     263009.0019|        792|00:00:13|-0.00|0.01|0.8736|
|=|         93|          8|        228|     316018.8913|        800|00:00:01|-0.00|0.01|0.8748|
|=|         94|          8|        294|     211656.7799|        808|00:00:01|-0.00|0.01|0.8747|
|=|         95|          8|        294|     209431.7106|        816|00:00:28|-0.00|0.01|0.8752|
|=|         96|          8|        294|     207250.1733|        824|00:00:01|-0.00|0.01|0.8752|
|=|         97|          8|        294|     205116.1197|        832|00:00:01|-0.00|0.01|0.8761|
|=|         98|          8|        360|     337496.0752|        840|00:00:01|-0.00|0.01|0.8759|
|=|         99|          8|        360|     334088.2150|        848|00:00:01|-0.00|0.01|0.8755|
|=|        100|          8|        360|     330747.3413|        856|00:00:01|-0.00|0.01|0.8746|
|=|        101|          8|        360|     327472.9816|        864|00:00:01|-0.00|0.01|0.8744|
|=|        102|          8|        360|     324262.6738|        872|00:00:01|+0.00|0.01|0.8739|
|=|        103|          8|        360|     321118.2697|        880|00:00:28|+0.00|0.01|0.8727|
|=|        104|          8|        360|     319428.9317|        888|00:00:01|+0.00|0.01|0.8733|
|=|        105|          8|        353|     350126.1157|        896|00:00:01|+0.00|0.01|0.8725|
|=|        106|          8|        360|     313402.0570|        904|00:00:01|+0.00|0.01|0.8722|
|=|        107|          8|        353|     343599.1909|        912|00:00:01|-0.00|0.01|0.8736|
|=|        108|          8|        353|     340418.1575|        920|00:00:01|+0.00|0.01|0.8724|
|=|        109|          8|        353|     337299.1431|        928|00:00:01|-0.00|0.01|0.8733|
|=|        110|          8|        353|     334241.0550|        936|00:00:30|+0.00|0.01|0.8724|
|=|        111|          8|        353|     331230.0071|        944|00:00:01|+0.00|0.01|0.8713|
|=|        112|          8|        353|     328274.9926|        952|00:00:28|+0.00|0.01|0.8714|
+-+-----------+-----------+-----------+----------------+-----------+--------+-----+----+------+
Best-so-far configuration:         353    mean value:      328274.9926
Description of the best-so-far configuration:
    .ID. particles topology modInfluence branching tSchedule phi1 phi2 inertia
353  353        96        4            0        NA        NA 1.98  2.5     0.4
    .PARENT.
353      294

# 2025-10-13 18:09:46 -03: Elite configurations (first number is the configuration ID; listed from best to worst according to the sum of ranks):
    particles topology modInfluence branching tSchedule phi1 phi2 inertia
353        96        4            0        NA        NA 1.98 2.50    0.40
228       121        4            0        NA        NA 1.92 2.47    0.43
360       102        4            0        NA        NA 2.17 2.48    0.43
294       102        4            0        NA        NA 1.91 2.49    0.42
272       141        4            0        NA        NA 2.02 2.32    0.42
# Total CPU user time: 35144.03, CPU sys time: 182.13, Wall-clock time: 4437.538
    .ID. particles topology modInfluence branching tSchedule phi1 phi2 inertia
353  353        96        4            0        NA        NA 1.98 2.50    0.40
228  228       121        4            0        NA        NA 1.92 2.47    0.43
360  360       102        4            0        NA        NA 2.17 2.48    0.43
294  294       102        4            0        NA        NA 1.91 2.49    0.42
272  272       141        4            0        NA        NA 2.02 2.32    0.42
    .PARENT. .RANK.   .WEIGHT.
353      294    470 0.33333333
228      114    481 0.26666667
360      294    489 0.20000000
294      228    498 0.13333333
272      228    501 0.06666667
