#------------------------------------------------------------------------------
# irace: An implementation in R of (Elitist) Iterated Racing
# Version: 4.2.0.9000.0eef3f1
# Copyright (C) 2010-2025
# Manuel Lopez-Ibanez     <manuel.lopez-ibanez@manchester.ac.uk>
# Jeremie Dubois-Lacoste
# Leslie Perez Caceres    <leslie.perez.caceres@ulb.ac.be>
#
# This is free software, and you are welcome to redistribute it under certain
# conditions.  See the GNU General Public License for details. There is NO
# WARRANTY; not even for MERCHANTABILITY or FITNESS FOR A PARTICULAR PURPOSE.
#
# irace builds upon previous code from the race package:
#     race: Racing methods for the selection of the best
#     Copyright (C) 2003 Mauro Birattari
#------------------------------------------------------------------------------
# installed at: /home/pestobar/R/x86_64-redhat-linux-gnu-library/4.5/irace
# called with: --only-test configurations.txt --scenario scenario.txt
# 2025-12-18 19:09:47 -03: Checking scenario.
# 2025-12-18 19:09:47 -03: Reading parameter file '/home/pestobar/Activities/irace-test-executions/PSO-X/Scenarios/Elites-3/Runs/Elites-3_seed_1200239/parameters.txt'.
# 2025-12-18 19:09:47 -03: 2 expression(s) specifying forbidden configurations read.
## irace scenario:
scenarioFile = "/home/pestobar/Activities/irace-test-executions/PSO-X/Scenarios/Elites-3/Runs/Elites-3_seed_1200239/scenario.txt"
execDir = "/home/pestobar/Activities/irace-test-executions/PSO-X/Scenarios/Elites-3/Runs/Elites-3_seed_1200239/Results"
parameterFile = "/home/pestobar/Activities/irace-test-executions/PSO-X/Scenarios/Elites-3/Runs/Elites-3_seed_1200239/parameters.txt"
parameters = <environment>
initConfigurations = NULL
configurationsFile = ""
logFile = "/home/pestobar/Activities/irace-test-executions/PSO-X/Scenarios/Elites-3/Runs/Elites-3_seed_1200239/Results/irace.Rdata"
recoveryFile = ""
instances = c("--competition 3 --problem 0 --dimensions 30", "--competition 3 --problem 1 --dimensions 30", "--competition 3 --problem 2 --dimensions 30", "--competition 3 --problem 3 --dimensions 30", "--competition 3 --problem 4 --dimensions 30", "--competition 3 --problem 5 --dimensions 30", "--competition 3 --problem 6 --dimensions 30", "--competition 3 --problem 7 --dimensions 30", "--competition 3 --problem 8 --dimensions 30", "--competition 3 --problem 9 --dimensions 30", "--competition 3 --problem 10 --dimensions 30", "--competition 3 --problem 11 --dimensions 30", "--competition 3 --problem 12 --dimensions 30", "--competition 3 --problem 13 --dimensions 30", "--competition 3 --problem 14 --dimensions 30", "--competition 3 --problem 15 --dimensions 30", "--competition 3 --problem 16 --dimensions 30", "--competition 3 --problem 17 --dimensions 30", "--competition 3 --problem 18 --dimensions 30", "--competition 3 --problem 19 --dimensions 30", "--competition 3 --problem 20 --dimensions 30", "--competition 3 --problem 21 --dimensions 30", "--competition 3 --problem 22 --dimensions 30", "--competition 3 --problem 23 --dimensions 30", "--competition 3 --problem 24 --dimensions 30", "--competition 3 --problem 25 --dimensions 30", "--competition 3 --problem 26 --dimensions 30", "--competition 3 --problem 27 --dimensions 30", "--competition 3 --problem 28 --dimensions 30", "--competition 3 --problem 29 --dimensions 30", "--competition 3 --problem 30 --dimensions 30", "--competition 3 --problem 31 --dimensions 30", "--competition 3 --problem 32 --dimensions 30", "--competition 3 --problem 33 --dimensions 30", "--competition 3 --problem 34 --dimensions 30", "--competition 3 --problem 35 --dimensions 30", "--competition 3 --problem 36 --dimensions 30", "--competition 3 --problem 37 --dimensions 30", "--competition 3 --problem 38 --dimensions 30", "--competition 3 --problem 39 --dimensions 30", "--competition 3 --problem 40 --dimensions 30", "--competition 3 --problem 41 --dimensions 30", "--competition 3 --problem 42 --dimensions 30", "--competition 3 --problem 43 --dimensions 30", "--competition 3 --problem 44 --dimensions 30", "--competition 3 --problem 45 --dimensions 30", "--competition 3 --problem 46 --dimensions 30", "--competition 3 --problem 47 --dimensions 30", "--competition 3 --problem 48 --dimensions 30", "--competition 3 --problem 49 --dimensions 30")
trainInstancesDir = ""
trainInstancesFile = "/home/pestobar/Activities/irace-test-executions/PSO-X/Instances/train_MIXTURE.txt"
sampleInstances = TRUE
testInstancesDir = ""
testInstancesFile = "/home/pestobar/Activities/irace-test-executions/PSO-X/TestingInstances/test_MIXTURE.txt"
testInstances = c("1t" = "--competition 3 --problem 0 --dimensions 50", "2t" = "--competition 3 --problem 1 --dimensions 50", "3t" = "--competition 3 --problem 2 --dimensions 50", "4t" = "--competition 3 --problem 3 --dimensions 50", "5t" = "--competition 3 --problem 4 --dimensions 50", "6t" = "--competition 3 --problem 5 --dimensions 50", "7t" = "--competition 3 --problem 6 --dimensions 50", "8t" = "--competition 3 --problem 7 --dimensions 50", "9t" = "--competition 3 --problem 8 --dimensions 50", "10t" = "--competition 3 --problem 9 --dimensions 50", "11t" = "--competition 3 --problem 10 --dimensions 50", "12t" = "--competition 3 --problem 11 --dimensions 50", "13t" = "--competition 3 --problem 12 --dimensions 50", "14t" = "--competition 3 --problem 13 --dimensions 50", "15t" = "--competition 3 --problem 14 --dimensions 50", "16t" = "--competition 3 --problem 15 --dimensions 50", "17t" = "--competition 3 --problem 16 --dimensions 50", "18t" = "--competition 3 --problem 17 --dimensions 50", "19t" = "--competition 3 --problem 18 --dimensions 50", "20t" = "--competition 3 --problem 19 --dimensions 50", "21t" = "--competition 3 --problem 20 --dimensions 50", "22t" = "--competition 3 --problem 21 --dimensions 50", "23t" = "--competition 3 --problem 22 --dimensions 50", "24t" = "--competition 3 --problem 23 --dimensions 50", "25t" = "--competition 3 --problem 24 --dimensions 50", "26t" = "--competition 3 --problem 25 --dimensions 50", "27t" = "--competition 3 --problem 26 --dimensions 50", "28t" = "--competition 3 --problem 27 --dimensions 50", "29t" = "--competition 3 --problem 28 --dimensions 50", "30t" = "--competition 3 --problem 29 --dimensions 50", "31t" = "--competition 3 --problem 30 --dimensions 50", "32t" = "--competition 3 --problem 31 --dimensions 50", "33t" = "--competition 3 --problem 32 --dimensions 50", "34t" = "--competition 3 --problem 33 --dimensions 50", "35t" = "--competition 3 --problem 34 --dimensions 50", "36t" = "--competition 3 --problem 35 --dimensions 50", "37t" = "--competition 3 --problem 36 --dimensions 50", "38t" = "--competition 3 --problem 37 --dimensions 50", "39t" = "--competition 3 --problem 38 --dimensions 50", "40t" = "--competition 3 --problem 39 --dimensions 50", "41t" = "--competition 3 --problem 40 --dimensions 50", "42t" = "--competition 3 --problem 41 --dimensions 50", "43t" = "--competition 3 --problem 42 --dimensions 50", "44t" = "--competition 3 --problem 43 --dimensions 50", "45t" = "--competition 3 --problem 44 --dimensions 50", "46t" = "--competition 3 --problem 45 --dimensions 50", "47t" = "--competition 3 --problem 46 --dimensions 50", "48t" = "--competition 3 --problem 47 --dimensions 50", "49t" = "--competition 3 --problem 48 --dimensions 50", "50t" = "--competition 3 --problem 49 --dimensions 50")
testNbElites = 1L
testIterationElites = FALSE
testType = "friedman"
firstTest = 5L
blockSize = 1L
eachTest = 1L
targetRunner = "/home/pestobar/Activities/irace-test-executions/PSO-X/Scenarios/Elites-3/Runs/Elites-3_seed_1200239/target-runner"
targetRunnerLauncher = ""
targetCmdline = "{configurationID} {instanceID} {seed} {instance} {bound} {targetRunnerArgs}"
targetRunnerRetries = 0L
targetRunnerTimeout = 0L
targetRunnerData = ""
targetRunnerParallel = NULL
targetEvaluator = NULL
deterministic = FALSE
maxExperiments = 5500L
minExperiments = NA_character_
maxTime = 0L
budgetEstimation = 0.05
minMeasurableTime = 0.01
parallel = 10L
loadBalancing = TRUE
mpi = FALSE
batchmode = "0"
quiet = FALSE
debugLevel = 0L
seed = 1200239L
softRestart = TRUE
softRestartThreshold = 1e-04
elitist = TRUE
elitistNewInstances = 1L
elitistLimit = 2L
repairConfiguration = NULL
capping = FALSE
cappingAfterFirstTest = FALSE
cappingType = "median"
boundType = "candidate"
boundMax = NULL
boundDigits = 0L
boundPar = 1L
boundAsTimeout = TRUE
postselection = TRUE
aclib = FALSE
nbIterations = 0L
nbExperimentsPerIteration = 0L
minNbSurvival = 0L
nbConfigurations = 0L
mu = 5L
confidence = 0.95
## end of irace scenario
# 2025-12-18 19:09:47 -03: Read 80 configuration(s) from file 'configurations.txt'
# 2025-12-18 19:09:47 -03: Testing configurations (in the order given as input): 
   particles topology modInfluence branching tSchedule phi1 phi2 inertia
1         21        4            0        NA        NA 1.89 2.36    0.38
2        134        4            0        NA        NA 2.09 2.30    0.53
3          9        1            0        NA        NA 1.54 2.48    0.26
4        142        4            0        NA        NA 1.27 2.48    0.50
5         67        4            0        NA        NA 1.58 2.49    0.41
6         66        1            1        NA        NA 2.05 1.48    0.59
7         90        4            0        NA        NA 1.94 2.40    0.65
8        162        4            2        NA        NA 0.44 2.37    0.81
9         85        4            0        NA        NA 2.15 2.28    0.55
10        45        4            0        NA        NA 1.79 2.42    0.50
11        82        4            0        NA        NA 1.24 2.44    0.35
12       106        4            0        NA        NA 1.91 2.36    0.46
13        77        4            0        NA        NA 1.28 2.47    0.42
14        57        4            0        NA        NA 0.59 2.22    0.56
15        20        0            1        NA        NA 2.46 2.08    0.31
16       108        4            0        NA        NA 2.14 2.28    0.67
17       142        4            0        NA        NA 2.03 2.45    0.37
18       101        4            0        NA        NA 2.28 2.16    0.50
19         6        5            0        NA         6 2.43 2.33    0.21
20        18        0            1        NA        NA 1.86 2.30    0.24
21       149        4            0        NA        NA 1.24 2.43    0.40
22        77        4            0        NA        NA 2.05 2.34    0.44
23        20        0            1        NA        NA 1.84 2.22    0.29
24       144        4            0        NA        NA 1.96 2.47    0.60
25        93        4            0        NA        NA 1.42 2.44    0.49
26        50        1            1        NA        NA 2.16 1.78    0.58
27        67        4            0        NA        NA 2.44 2.38    0.56
28        75        4            0        NA        NA 1.87 2.34    0.55
29       165        4            0        NA        NA 2.45 2.44    0.37
30        68        4            0        NA        NA 1.89 2.34    0.69
31        92        4            0        NA        NA 1.30 2.43    0.41
32        16        4            0        NA        NA 1.09 2.06    0.33
33        80        4            0        NA        NA 1.65 2.50    0.27
34        11        4            0        NA        NA 1.41 2.38    0.48
35        37        1            1        NA        NA 2.40 1.94    0.24
36       134        4            0        NA        NA 2.01 2.42    0.53
37       102        4            0        NA        NA 2.17 2.48    0.43
38       110        4            0        NA        NA 2.13 2.41    0.56
39       179        5            0        NA         6 0.86 2.44    0.29
40        21        0            1        NA        NA 2.25 2.32    0.22
41        38        4            0        NA        NA 2.21 1.60    0.53
42       150        4            0        NA        NA 1.95 2.33    0.58
43         4        4            2        NA        NA 1.77 2.47    0.41
44       105        4            0        NA        NA 0.43 2.38    0.25
45        75        4            0        NA        NA 2.17 2.11    0.61
46       115        1            1        NA        NA 2.36 2.43    0.66
47       115        4            0        NA        NA 2.26 2.13    0.74
48        83        4            0        NA        NA 2.38 2.39    0.11
49        38        4            0        NA        NA 2.46 1.83    0.67
50        83        4            0        NA        NA 1.42 2.41    0.70
51        79        4            0        NA        NA 1.02 2.39    0.45
52        83        4            0        NA        NA 2.35 2.47    0.44
53        25        1            0        NA        NA 1.69 2.28    0.33
54        89        4            2        NA        NA 2.41 2.46    0.72
55        25        1            2        NA        NA 2.11 2.38    0.30
56       103        4            0        NA        NA 0.96 2.24    0.45
57        84        4            0        NA        NA 2.11 2.48    0.32
58       103        4            0        NA        NA 0.50 2.49    0.48
59        28        0            0        NA        NA 1.99 1.81    0.13
60        22        1            1        NA        NA 2.31 2.37    0.25
61        48        1            0        NA        NA 1.53 2.12    0.18
62        85        4            0        NA        NA 2.11 2.33    0.54
63       104        4            0        NA        NA 2.27 2.39    0.41
64       107        4            0        NA        NA 0.30 2.33    0.20
65       129        4            0        NA        NA 1.28 2.45    0.40
66        68        1            2        NA        NA 0.38 2.48    0.53
67        62        1            0        NA        NA 1.72 2.22    0.69
68        69        4            2        NA        NA 0.21 2.15    0.81
69        98        0            0        NA        NA 1.95 2.00    0.67
70       117        4            0        NA        NA 1.52 2.26    0.52
71        68        4            0        NA        NA 0.99 2.49    0.28
72        34        4            0        NA        NA 2.31 2.40    0.33
73       107        4            0        NA        NA 2.02 2.32    0.19
74       163        4            2        NA        NA 1.30 2.44    0.68
75        84        4            0        NA        NA 1.29 2.49    0.24
76        90        4            0        NA        NA 1.66 2.30    0.57
77        84        4            0        NA        NA 0.78 2.24    0.29
78       135        4            0        NA        NA 1.32 2.29    0.57
79       102        0            0        NA        NA 1.96 2.40    0.23
80       200        4            2        NA        NA 2.48 2.31    0.64
# 2025-12-18 21:27:50 -03: Testing results (column number is configuration ID in no particular order):
         seeds            1            2            3            4            5
1t   742205327 9.244586e-01 1.457693e+00 8.435643e-01 1.577574e+00 1.196040e+00
2t   881510461 5.424234e+06 1.558349e+07 4.390184e+06 1.404825e+07 7.739872e+06
3t   284990863 1.268319e+06 3.008462e+06 1.161030e+06 2.780802e+06 1.709701e+06
4t  1020883877 7.904838e+04 1.277705e+05 6.428282e+04 1.118737e+05 1.070618e+05
5t   407060663 1.773859e+01 1.591775e+01 2.176808e+01 6.513819e+00 3.279488e+01
6t   344559847 5.959673e+00 5.623899e+02 2.808963e+00 5.180220e+02 4.844271e+01
7t  1032926090 5.893022e+03 3.914517e+03 4.430629e+03 2.971910e+03 4.463145e+03
8t  1671937575 5.126859e+00 5.230864e+00 5.049486e+00 6.505299e+00 5.290112e+00
9t   922390693 3.323818e+02 2.857023e+02 3.624040e+02 2.422806e+02 2.986762e+02
10t 1389506927 2.588090e+01 3.083737e+01 2.461489e+01 3.064530e+01 2.715542e+01
11t 1287146236 2.827736e+02 2.616629e+02 3.301977e+02 2.695758e+02 2.692313e+02
12t 1819416259 7.620521e+03 2.768394e+02 9.617443e+02 4.864483e+02 2.150613e+02
13t 1147183909 1.964830e+01 1.556571e+00 1.990786e+01 1.705956e+00 1.329463e+00
14t 1822133083 2.101321e+01 2.108845e+01 2.086240e+01 2.111192e+01 2.105331e+01
15t 1543118311 2.460718e+03 4.345605e+02 1.176433e+02 3.501176e+02 1.458899e+03
16t  301488504 9.842192e+01 4.867713e+01 4.921524e+01 4.906134e+01 4.661502e+01
17t 1024266607 1.434969e-01 1.125251e+00 7.386231e-02 5.107158e-01 3.289320e-01
18t 1739796319 8.100519e-01 9.767516e-01 8.357024e-01 1.006322e+00 9.331296e-01
19t 1402347012 5.805176e+02 5.157246e+02 6.478031e+02 4.597653e+02 5.247377e+02
20t  511467247 3.865613e+02 3.086546e+02 4.394984e+02 2.641774e+02 2.785733e+02
21t 1844356906 2.924126e+04 2.712242e+04 3.053034e+04 2.756955e+04 2.880675e+04
22t 1748595444 3.009182e+04 2.868894e+04 2.835724e+04 2.775169e+04 2.845948e+04
23t 1783779058 6.219134e+01 4.993329e+01 6.379143e+01 4.826070e+01 5.027381e+01
24t 1314184037 5.614097e-01 6.866818e-01 1.585330e+00 7.303936e-01 5.209368e-01
25t 2084745025 5.979653e-01 5.514219e-01 7.668185e-01 6.196182e-01 6.169775e-01
26t  228425431 3.470402e-01 3.236570e-01 3.605514e-01 2.868086e-01 3.522056e-01
27t   45853785 1.160168e+02 6.472824e+01 6.068253e+01 5.081024e+01 9.983822e+01
28t 1956523651 2.500473e+02 2.362679e+02 2.313972e+02 2.091032e+02 2.498423e+02
29t 1832915133 2.902188e+02 3.069074e+02 4.568275e+02 3.064481e+02 3.040292e+02
30t  362244015 1.090188e+01 1.017347e+01 1.089596e+01 1.354214e+01 1.083684e+01
31t  745203521 2.020441e+02 1.635893e+02 1.969233e+02 1.680566e+02 1.965868e+02
32t  651638347 3.695545e+02 3.468768e+02 4.869369e+02 2.487207e+02 7.057633e+02
33t 1781337734 1.456790e+02 1.068220e+02 1.562495e+02 9.849911e+01 1.190527e+02
34t 1404791712 1.824316e+01 2.836006e+01 3.248687e+01 2.643576e+01 2.295876e+01
35t 1431145505 1.331986e+04 1.242035e+04 1.379240e+04 1.254330e+04 1.286751e+04
36t 1042751185 2.514024e+05 1.964281e+05 2.489865e+05 2.272286e+05 1.578956e+05
37t 1970335254 5.912794e+01 5.947787e+01 6.430272e+01 6.025914e+01 5.711784e+01
38t  625522380 2.697952e+05 1.883910e+05 3.338236e+05 3.063433e+05 2.831569e+05
39t  917639587 5.233844e+00 6.564388e+00 6.849027e+00 5.417180e+00 6.747702e+00
40t 1791967199 7.166363e+01 3.861030e+01 4.121776e+01 3.076329e+01 6.759506e+01
41t  964826498 4.480273e+02 4.495714e+02 4.472745e+02 4.500663e+02 4.485111e+02
42t 1333007615 4.261211e+02 3.150786e+02 4.155887e+02 3.819519e+02 3.573007e+02
43t  352710549 3.700809e+02 3.683687e+02 4.990756e+02 2.958740e+02 3.143124e+02
44t 1394271274 9.862744e+02 9.295822e+02 9.243647e+02 9.247312e+02 9.301867e+02
45t   28278245 9.268770e+02 9.309588e+02 9.336754e+02 9.265147e+02 9.402559e+02
46t  536051691 9.359532e+02 9.273576e+02 9.974700e+02 9.207453e+02 9.331109e+02
47t 1418136541 8.983034e+02 1.028912e+03 8.889382e+02 1.026646e+03 5.421309e+02
48t  537012979 1.191225e+03 9.506218e+02 1.048872e+03 9.138010e+02 9.753448e+02
49t 1081692212 1.022943e+03 1.025432e+03 1.196513e+03 1.025251e+03 1.020012e+03
50t 1251660189 9.942672e+02 1.013171e+03 1.149038e+03 8.980145e+02 1.102711e+03
               6            7            8            9           10
1t  1.396458e+00 1.887123e+00 3.367508e+00 1.271449e+00 1.174810e+00
2t  6.807796e+06 9.591708e+06 9.534390e+06 9.682138e+06 5.169498e+06
3t  2.084013e+06 3.138485e+06 5.166017e+06 2.377503e+06 2.078408e+06
4t  1.217228e+05 7.760596e+04 9.226960e+04 1.059253e+05 1.031883e+05
5t  5.854128e+01 9.155233e+00 1.375842e+01 1.810983e+01 2.523718e+01
6t  1.384420e+02 1.765694e+02 2.609666e+02 1.924225e+02 2.852725e+01
7t  7.578803e+03 2.139805e+03 3.125504e+03 4.084226e+03 5.184827e+03
8t  6.613034e+00 7.788024e+00 9.672767e+00 6.750384e+00 6.231851e+00
9t  3.769759e+02 2.295649e+02 1.411542e+02 2.749970e+02 2.632787e+02
10t 2.717126e+01 3.351807e+01 4.005957e+01 2.930346e+01 2.845731e+01
11t 3.666480e+02 2.366524e+02 1.818913e+02 2.445357e+02 2.787043e+02
12t 2.784907e+04 2.163336e+02 1.620768e+03 3.045593e+02 1.880791e+02
13t 2.014230e+01 1.990114e+00 2.335927e+00 1.619813e+00 1.384632e+00
14t 2.115969e+01 2.095389e+01 2.119200e+01 2.113346e+01 2.108954e+01
15t 1.952426e+02 2.163737e+02 4.266169e+02 2.051129e+02 3.906441e+03
16t 4.924901e+01 4.863442e+01 4.739076e+01 4.797449e+01 1.038232e+02
17t 5.229622e+02 1.452906e-01 9.242433e-02 1.040636e+00 1.835893e-01
18t 9.066787e-01 1.018911e+00 1.048204e+00 9.731821e-01 9.332162e-01
19t 1.374108e+03 4.285977e+02 3.845291e+02 4.165753e+02 4.613452e+02
20t 6.339110e+02 2.798586e+02 2.636354e+02 2.563523e+02 2.668087e+02
21t 3.524722e+04 2.787920e+04 3.021005e+04 2.690894e+04 2.846936e+04
22t 3.432110e+04 2.772225e+04 3.115269e+04 2.774037e+04 2.833426e+04
23t 6.888618e+01 4.570200e+01 3.900406e+01 5.511050e+01 4.866334e+01
24t 3.258923e+00 8.332358e-01 3.336202e+00 7.900949e-01 7.970711e-01
25t 6.122003e-01 5.447075e-01 4.047726e-01 6.324051e-01 9.965441e-01
26t 2.796895e-01 3.624305e-01 2.666938e-01 3.311889e-01 3.327542e-01
27t 4.764980e+01 5.488772e+01 6.221407e+01 9.298516e+01 1.077923e+02
28t 1.823934e+02 3.017189e+02 3.608996e+02 2.407660e+02 2.386220e+02
29t 4.130135e+02 3.071370e+02 2.962312e+02 3.406421e+02 2.903184e+02
30t 1.524414e+01 1.344734e+01 1.635342e+01 1.123901e+01 1.075845e+01
31t 9.870647e+01 1.866034e+02 1.405098e+02 1.796444e+02 2.226465e+02
32t 3.937547e+02 5.005380e+02 3.119786e+02 3.464774e+02 3.317595e+02
33t 1.565780e+02 1.024813e+02 8.868058e+01 1.185437e+02 1.116443e+02
34t 2.792216e+01 2.679796e+01 3.231970e+01 2.753081e+01 2.448522e+01
35t 1.379894e+04 1.243307e+04 1.263198e+04 1.268356e+04 1.258541e+04
36t 1.568548e+05 2.292406e+05 3.957451e+05 1.944729e+05 1.755554e+05
37t 6.635655e+01 5.776022e+01 6.109828e+01 6.119335e+01 5.596322e+01
38t 1.298408e+05 4.016729e+05 2.234603e+05 4.329891e+05 3.268206e+05
39t 5.507733e+00 6.435221e+00 5.543772e+00 5.314748e+00 7.506182e+00
40t 8.854313e+02 2.900922e+01 2.068900e+01 3.419291e+01 7.741553e+01
41t 4.490719e+02 4.521146e+02 4.570488e+02 4.485959e+02 4.491524e+02
42t 3.433804e+02 3.004355e+02 2.971155e+02 2.951679e+02 3.089176e+02
43t 3.804755e+02 3.136354e+02 3.088961e+02 3.216900e+02 3.314238e+02
44t 9.440777e+02 9.274202e+02 9.233144e+02 9.302025e+02 9.957157e+02
45t 9.470037e+02 9.307468e+02 9.322515e+02 9.389912e+02 9.353818e+02
46t 9.509803e+02 9.311165e+02 9.282526e+02 9.253585e+02 9.342015e+02
47t 5.536366e+02 1.020503e+03 6.079867e+02 5.534131e+02 1.019855e+03
48t 1.208478e+03 9.214265e+02 9.334327e+02 9.621861e+02 1.008576e+03
49t 1.206451e+03 1.018278e+03 6.245585e+02 5.711857e+02 1.020015e+03
50t 1.250408e+03 9.043944e+02 9.843608e+02 9.353225e+02 1.142145e+03
              11           12           13           14           15
1t  1.018445e+00 1.216985e+00 1.215500e+00 2.029400e+00 5.842691e-01
2t  1.114860e+07 8.280791e+06 6.248464e+06 1.506128e+07 3.072726e+06
3t  1.910662e+06 1.851184e+06 2.047792e+06 2.912810e+06 9.349835e+05
4t  1.264149e+05 1.164508e+05 1.249179e+05 8.298190e+04 1.475834e+05
5t  3.243262e+01 2.123702e+01 2.565493e+01 1.872122e+01 4.088141e+01
6t  8.676691e+01 3.685177e+02 8.184401e+01 4.353302e+01 4.746443e+00
7t  6.498985e+03 3.671483e+03 4.552324e+03 4.524198e+03 3.605382e+04
8t  5.791397e+00 5.775796e+00 6.185617e+00 8.178705e+00 4.287418e+00
9t  2.813225e+02 2.351508e+02 2.929898e+02 2.806524e+02 3.228942e+02
10t 2.777278e+01 2.859150e+01 2.828477e+01 3.302075e+01 1.803223e+01
11t 2.885659e+02 2.672694e+02 2.727395e+02 2.587602e+02 3.001182e+02
12t 5.862436e+03 3.032943e+03 1.098650e+04 9.490878e+03 1.042898e+04
13t 1.432810e+00 1.475887e+00 1.472790e+00 1.917273e+00 1.972150e+01
14t 2.096945e+01 2.100299e+01 2.105543e+01 2.093363e+01 2.080372e+01
15t 1.741715e+02 2.220600e+02 1.834980e+03 2.861221e+02 1.062379e+02
16t 4.733832e+01 4.945868e+01 1.082795e+02 4.929117e+01 4.860930e+01
17t 3.325629e+00 1.454230e+00 7.771818e-01 9.330273e-02 1.692422e+02
18t 9.174364e-01 9.168068e-01 9.261002e-01 1.018068e+00 5.905015e-01
19t 5.897939e+02 4.694954e+02 5.884696e+02 4.087461e+02 4.408509e+03
20t 3.959858e+02 2.938941e+02 2.769704e+02 2.625478e+02 5.058776e+02
21t 2.797768e+04 2.780576e+04 2.819040e+04 2.740657e+04 2.877355e+04
22t 2.873713e+04 2.914041e+04 2.901468e+04 2.808138e+04 3.818713e+04
23t 5.226507e+01 5.260363e+01 5.563200e+01 5.292209e+01 8.609187e+01
24t 8.535223e-01 8.406235e-01 9.540029e-01 7.324947e-01 5.925527e+00
25t 5.068475e-01 6.097106e-01 5.446317e-01 5.719155e-01 5.786089e-01
26t 3.524095e-01 3.683236e-01 3.094897e-01 8.289259e-01 2.724884e-01
27t 9.752323e+01 7.771320e+01 8.847723e+01 9.961311e+01 5.660785e+01
28t 2.288600e+02 2.516644e+02 2.582279e+02 2.770520e+02 1.481069e+02
29t 3.456304e+02 3.279812e+02 3.099778e+02 2.604678e+02 4.399964e+02
30t 1.087289e+01 1.266897e+01 1.059981e+01 1.290801e+01 8.878589e+00
31t 1.622736e+02 1.515725e+02 1.863532e+02 2.155149e+02 1.105465e+02
32t 5.087974e+02 3.325786e+02 5.499220e+02 3.687181e+02 3.830803e+02
33t 9.868776e+01 1.039769e+02 1.246722e+02 1.033482e+02 1.990392e+02
34t 2.255561e+01 2.583785e+01 2.617240e+01 2.881347e+01 2.358174e+01
35t 1.283423e+04 1.255455e+04 1.271370e+04 1.243653e+04 1.857988e+04
36t 1.729784e+05 1.794822e+05 1.530661e+05 2.570767e+05 1.116110e+05
37t 5.662886e+01 5.870463e+01 5.642319e+01 5.745882e+01 5.727630e+01
38t 2.762235e+05 3.213750e+05 2.919981e+05 5.710041e+05 1.921406e+05
39t 6.938086e+00 6.932110e+00 6.094810e+00 6.185442e+00 4.901237e+00
40t 6.247965e+01 4.547637e+01 9.269976e+01 2.456872e+01 7.989530e+02
41t 4.481256e+02 4.489957e+02 4.486060e+02 4.512338e+02 4.435988e+02
42t 2.780043e+02 3.434730e+02 2.804047e+02 3.489381e+02 3.894548e+02
43t 3.243818e+02 3.687636e+02 2.984863e+02 3.298070e+02 4.879003e+02
44t 9.229813e+02 9.277929e+02 9.284971e+02 9.366042e+02 9.243544e+02
45t 9.431486e+02 9.280182e+02 9.337842e+02 9.360940e+02 9.242943e+02
46t 9.364922e+02 9.326053e+02 9.312830e+02 9.302461e+02 9.244764e+02
47t 5.376415e+02 1.025392e+03 5.435048e+02 1.027253e+03 1.259120e+03
48t 9.971164e+02 9.878839e+02 9.368874e+02 9.660597e+02 1.451665e+03
49t 5.612021e+02 1.019871e+03 1.025016e+03 1.021054e+03 1.214706e+03
50t 9.699005e+02 9.364258e+02 9.599788e+02 9.221181e+02 1.346010e+03
              16           17           18           19           20
1t  2.073753e+00 1.105712e+00 1.293968e+00 8.021626e-01 6.285730e-01
2t  1.278438e+07 1.660681e+07 1.410065e+07 4.055118e+06 2.505682e+06
3t  3.810522e+06 1.897942e+06 2.202563e+06 1.050182e+06 9.165009e+05
4t  1.030595e+05 1.153186e+05 1.105010e+05 5.274220e+04 1.454467e+05
5t  4.829365e+00 3.475304e+01 2.825141e+01 3.455025e+00 3.776237e+01
6t  5.480996e+02 4.238406e+02 2.606741e+02 2.674046e+00 3.204742e+00
7t  2.645743e+03 5.681989e+03 3.979758e+03 4.523298e+03 2.982193e+04
8t  7.360579e+00 5.435402e+00 6.340103e+00 3.421685e+06 1.226903e+02
9t  2.405154e+02 2.912161e+02 2.496669e+02 3.659021e+02 4.427686e+02
10t 3.308680e+01 2.773406e+01 2.887559e+01 2.493277e+01 1.791515e+01
11t 2.508903e+02 2.634233e+02 2.615312e+02 3.669848e+02 3.822935e+02
12t 2.594332e+02 9.094993e+03 7.319041e+03 4.891430e+03 1.128637e+04
13t 1.902567e+00 1.341417e+00 1.572954e+00 2.017582e+01 1.991033e+01
14t 2.118958e+01 2.107144e+01 2.115501e+01 2.119263e+01 2.061769e+01
15t 2.704238e+02 2.306311e+02 2.211627e+02 2.823621e+03 1.085110e+02
16t 4.831102e+01 5.739724e+01 5.774265e+01 4.409630e+01 4.889845e+01
17t 1.315222e+00 9.007453e-01 1.102450e+00 1.283512e-01 2.896560e+02
18t 1.030390e+00 9.543735e-01 9.338196e-01 7.924008e-01 6.244912e-01
19t 4.182106e+02 5.331260e+02 5.255659e+02 6.556808e+02 6.311318e+03
20t 2.311462e+02 3.207899e+02 2.999097e+02 6.184600e+02 5.407404e+02
21t 2.778267e+04 2.810661e+04 2.790557e+04 3.031645e+04 3.818548e+04
22t 2.820984e+04 2.837818e+04 2.858770e+04 2.991070e+04 3.823941e+04
23t 4.069156e+01 5.176535e+01 5.624505e+01 6.386363e+01 8.500460e+01
24t 7.985233e-01 7.783105e-01 1.069368e+00 1.044722e+00 3.943454e+00
25t 6.907866e-01 5.935627e-01 7.750425e-01 9.557639e-01 5.968740e-01
26t 3.227179e-01 2.689382e-01 3.050219e-01 3.139653e-01 2.791054e-01
27t 5.732086e+01 6.597162e+01 7.689044e+01 1.461272e+02 4.602709e+01
28t 3.037478e+02 2.226803e+02 2.343279e+02 3.144348e+02 1.420572e+02
29t 2.644847e+02 2.688516e+02 3.357504e+02 4.164487e+02 4.518784e+02
30t 1.301466e+01 9.949568e+00 1.046169e+01 1.743904e+01 8.206794e+00
31t 1.366357e+02 1.640376e+02 1.813972e+02 2.554802e+02 1.363924e+02
32t 2.922305e+02 3.189380e+02 2.879701e+02 5.438366e+02 2.228384e+02
33t 9.937968e+01 1.268491e+02 1.080192e+02 1.982639e+02 2.022019e+02
34t 2.816627e+01 2.539679e+01 2.632698e+01 2.581512e+01 2.730979e+01
35t 1.235924e+04 1.287181e+04 1.249821e+04 1.430565e+04 1.888646e+04
36t 2.301930e+05 1.826659e+05 2.072660e+05 2.002440e+05 1.073096e+05
37t 5.826821e+01 6.005742e+01 5.890845e+01 5.225512e+01 6.029035e+01
38t 2.902462e+05 2.691727e+05 2.382859e+05 5.532988e+05 2.010671e+05
39t 7.325093e+00 7.019821e+00 5.557985e+00 7.975356e+00 4.946897e+00
40t 2.565852e+01 6.976074e+01 1.103877e+02 5.857632e+01 7.613447e+02
41t 4.528574e+02 4.485816e+02 4.493408e+02 7.785429e+02 1.031441e+03
42t 2.861779e+02 3.480086e+02 3.057451e+02 4.495996e+02 3.874273e+02
43t 3.406623e+02 3.934422e+02 3.516802e+02 5.000950e+02 4.565427e+02
44t 9.238667e+02 9.296610e+02 9.264564e+02 9.297909e+02 9.216679e+02
45t 9.291594e+02 9.353974e+02 9.351739e+02 9.732839e+02 9.237773e+02
46t 9.217907e+02 9.410515e+02 9.408877e+02 1.195632e+03 9.256474e+02
47t 1.024260e+03 1.026154e+03 5.498215e+02 5.278400e+02 1.268114e+03
48t 9.226190e+02 9.903666e+02 9.454867e+02 1.163819e+03 1.379282e+03
49t 1.022946e+03 5.607918e+02 1.021447e+03 5.471277e+02 1.229465e+03
50t 8.985047e+02 1.159733e+03 1.001564e+03 1.064520e+03 1.326637e+03
              21           22           23           24           25
1t  1.317873e+00 1.107727e+00 6.274568e-01 1.822012e+00 1.433100e+00
2t  1.531586e+07 7.666485e+06 3.092705e+06 1.723195e+07 8.780488e+06
3t  2.247466e+06 1.950284e+06 8.726829e+05 3.198566e+06 2.124988e+06
4t  1.132463e+05 1.351466e+05 1.443131e+05 1.062119e+05 1.148378e+05
5t  2.313214e+01 2.571898e+01 4.051669e+01 1.122291e+01 1.458016e+01
6t  6.477123e+02 9.774195e+01 3.185319e+00 7.733205e+02 3.037692e+02
7t  5.548582e+03 4.943183e+03 3.135751e+04 3.269077e+03 3.761750e+03
8t  6.256159e+00 5.367935e+00 4.081255e+00 6.706932e+00 6.269384e+00
9t  2.387610e+02 2.901278e+02 4.434169e+02 2.346261e+02 2.402175e+02
10t 2.865444e+01 2.661385e+01 1.788884e+01 3.264457e+01 2.983653e+01
11t 2.679428e+02 2.391352e+02 3.122636e+02 2.145664e+02 2.265479e+02
12t 6.616931e+02 4.871665e+02 1.109828e+04 2.676868e+02 1.034649e+04
13t 1.490782e+00 1.404823e+00 1.974722e+01 1.839936e+00 1.522050e+00
14t 2.104848e+01 2.104407e+01 2.066682e+01 2.114419e+01 2.107861e+01
15t 4.078034e+02 1.753789e+02 1.066385e+02 2.963415e+02 4.271482e+02
16t 4.913632e+01 5.354310e+01 4.864851e+01 4.852854e+01 4.531503e+01
17t 2.188844e+00 9.868982e-01 2.878882e+02 8.003188e-01 1.258466e-01
18t 9.647124e-01 9.072731e-01 6.392581e-01 9.952586e-01 9.599683e-01
19t 4.725260e+02 5.323991e+02 4.231594e+03 4.662439e+02 4.042138e+02
20t 2.780121e+02 3.026419e+02 4.999321e+02 1.627580e+02 3.615671e+02
21t 2.789524e+04 2.809173e+04 3.897779e+04 2.719138e+04 2.740337e+04
22t 2.881820e+04 2.769802e+04 3.957444e+04 2.859593e+04 2.859748e+04
23t 5.474556e+01 5.601667e+01 8.270594e+01 4.437378e+01 4.427134e+01
24t 8.427483e-01 6.219478e-01 2.407483e+00 6.184965e-01 7.112070e-01
25t 5.773777e-01 4.913410e-01 5.938859e-01 5.676112e-01 4.457823e-01
26t 3.003775e-01 3.568971e-01 2.740968e-01 2.873454e-01 3.078372e-01
27t 8.050857e+01 8.533617e+01 5.463847e+01 7.969222e+01 8.015236e+01
28t 2.304143e+02 2.448729e+02 1.257688e+02 2.554080e+02 2.579319e+02
29t 2.910157e+02 3.047468e+02 4.419561e+02 2.632054e+02 3.406970e+02
30t 1.367146e+01 1.251528e+01 1.073813e+01 1.286334e+01 1.028087e+01
31t 1.532092e+02 1.828054e+02 1.054274e+02 1.558462e+02 1.751366e+02
32t 5.154082e+02 4.907923e+02 3.664348e+02 3.185838e+02 3.527178e+02
33t 1.130957e+02 1.051197e+02 1.949288e+02 1.110517e+02 9.575291e+01
34t 2.630458e+01 2.454241e+01 2.452683e+01 2.795593e+01 2.433333e+01
35t 1.281566e+04 1.265167e+04 1.856997e+04 1.243623e+04 1.289046e+04
36t 1.529635e+05 1.654788e+05 1.106550e+05 1.867461e+05 2.075295e+05
37t 5.686552e+01 5.880781e+01 5.617229e+01 6.129649e+01 5.929975e+01
38t 1.820249e+05 2.644198e+05 1.930742e+05 2.882464e+05 3.049950e+05
39t 5.451206e+00 5.059487e+00 4.973234e+00 5.804856e+00 6.893820e+00
40t 4.172426e+01 7.983450e+01 8.148974e+02 2.321546e+01 2.867743e+01
41t 4.497840e+02 4.479349e+02 9.309299e+02 4.511120e+02 4.491105e+02
42t 3.188692e+02 3.185786e+02 3.877133e+02 3.030545e+02 3.497952e+02
43t 3.755831e+02 3.463889e+02 6.312180e+02 3.280025e+02 3.343334e+02
44t 9.330648e+02 9.276722e+02 9.252835e+02 9.251504e+02 9.262342e+02
45t 9.466677e+02 9.285903e+02 9.249248e+02 9.320153e+02 9.371165e+02
46t 9.296374e+02 9.390878e+02 9.232831e+02 9.383422e+02 9.231653e+02
47t 5.494958e+02 5.442190e+02 1.241028e+03 1.024757e+03 1.026614e+03
48t 9.850608e+02 1.008892e+03 1.394925e+03 9.274860e+02 9.772590e+02
49t 5.753974e+02 1.020668e+03 1.267236e+03 1.021160e+03 1.027832e+03
50t 1.023851e+03 9.976055e+02 1.335560e+03 9.200331e+02 9.656320e+02
              26           27           28           29           30
1t  1.202572e+00 1.368491e+00 1.349007e+00 1.068391e+00 2.213718e+00
2t  5.327799e+06 1.069622e+07 7.692502e+06 8.482753e+06 1.416505e+07
3t  1.834395e+06 2.128287e+06 1.840515e+06 1.982591e+06 3.698463e+06
4t  1.449157e+05 1.168231e+05 1.168386e+05 1.194213e+05 1.134337e+05
5t  5.377610e+01 7.747691e+00 2.084619e+01 3.049804e+01 7.403800e+00
6t  8.540784e+01 6.679138e+01 1.219481e+02 6.603039e+02 1.529548e+02
7t  1.160477e+04 2.697951e+03 3.224790e+03 4.585932e+03 2.364087e+03
8t  5.975416e+00 6.649462e+00 6.674525e+00 5.334597e+00 8.063966e+00
9t  3.693340e+02 2.835788e+02 2.558588e+02 2.463128e+02 2.169540e+02
10t 2.909054e+01 2.663527e+01 3.099859e+01 2.647529e+01 3.383783e+01
11t 3.584101e+02 2.490889e+02 2.387242e+02 2.455893e+02 1.894192e+02
12t 2.437155e+04 2.246462e+02 2.134006e+02 1.182434e+04 2.403779e+02
13t 2.031356e+01 1.609625e+00 1.617267e+00 1.444115e+00 2.022058e+00
14t 2.110097e+01 2.110091e+01 2.109169e+01 2.113684e+01 2.101855e+01
15t 1.700408e+02 1.841823e+02 2.201173e+02 2.785673e+02 4.839960e+02
16t 1.029241e+02 4.876816e+01 4.735787e+01 8.367264e+01 4.924870e+01
17t 2.932988e+02 7.838950e-02 2.586519e-01 1.863812e+00 5.496846e-01
18t 9.272143e-01 9.817183e-01 9.426332e-01 9.472917e-01 1.027800e+00
19t 1.570155e+03 4.460731e+02 4.445437e+02 5.669999e+02 3.863420e+02
20t 7.371933e+02 2.899813e+02 1.993994e+02 3.345393e+02 2.055300e+02
21t 3.372821e+04 2.775733e+04 2.822225e+04 2.764563e+04 2.784703e+04
22t 3.567313e+04 3.009112e+04 2.878551e+04 2.857834e+04 2.861769e+04
23t 6.969146e+01 4.439005e+01 4.955143e+01 5.329119e+01 4.588899e+01
24t 3.321463e+00 6.174606e-01 6.892598e-01 7.981551e-01 4.369604e-01
25t 5.473198e-01 5.927198e-01 5.801098e-01 4.280477e-01 4.130130e-01
26t 3.072327e-01 2.788134e-01 3.545483e-01 3.564571e-01 3.785789e-01
27t 5.297096e+01 8.311432e+01 8.015067e+01 8.340670e+01 8.968636e+01
28t 1.757539e+02 2.161697e+02 2.530719e+02 3.021124e+02 2.827658e+02
29t 4.459458e+02 3.096958e+02 2.719143e+02 3.603839e+02 2.676318e+02
30t 1.325489e+01 1.169677e+01 1.075152e+01 1.064231e+01 1.337200e+01
31t 1.170978e+02 1.704302e+02 1.773123e+02 1.639270e+02 1.935972e+02
32t 3.445105e+02 5.206983e+02 3.346921e+02 3.243444e+02 3.849848e+02
33t 1.497342e+02 1.107663e+02 1.056752e+02 1.150514e+02 1.002389e+02
34t 2.533575e+01 2.344396e+01 2.548505e+01 2.439847e+01 2.725496e+01
35t 1.380238e+04 1.262487e+04 1.256207e+04 1.257113e+04 1.256237e+04
36t 1.430013e+05 2.487542e+05 2.225025e+05 1.692908e+05 3.263408e+05
37t 6.352836e+01 5.953901e+01 5.988958e+01 6.057752e+01 5.773219e+01
38t 1.648389e+05 3.594528e+05 2.639245e+05 2.530292e+05 3.152264e+05
39t 5.764064e+00 6.937438e+00 5.513068e+00 6.726490e+00 6.901237e+00
40t 7.080149e+02 3.418589e+01 6.232994e+01 7.712296e+01 1.943867e+01
41t 4.483957e+02 4.492261e+02 4.491629e+02 4.477487e+02 4.533963e+02
42t 3.639873e+02 3.156132e+02 2.744560e+02 3.605988e+02 3.081157e+02
43t 4.346013e+02 3.269556e+02 3.514450e+02 4.242314e+02 2.933159e+02
44t 9.465271e+02 9.252025e+02 9.254328e+02 9.322324e+02 9.242561e+02
45t 9.471786e+02 9.304493e+02 9.305431e+02 9.397498e+02 9.230382e+02
46t 9.465964e+02 9.316781e+02 9.315981e+02 9.270598e+02 9.312621e+02
47t 5.482115e+02 9.139013e+02 1.025128e+03 5.372452e+02 1.020526e+03
48t 1.140618e+03 9.581169e+02 9.776248e+02 9.710831e+02 9.368465e+02
49t 5.711273e+02 1.020024e+03 1.017240e+03 1.022068e+03 1.016453e+03
50t 1.242919e+03 9.321212e+02 9.371538e+02 1.162095e+03 8.974141e+02
              31           32           33           34           35
1t  1.259501e+00 9.096936e-01 9.074948e-01 1.011928e+00 7.451781e-01
2t  7.089165e+06 5.342494e+06 1.178569e+07 3.655082e+06 3.514341e+06
3t  1.982859e+06 1.650710e+06 1.494405e+06 1.688165e+06 1.092190e+06
4t  1.062424e+05 5.379506e+04 1.288776e+05 3.404665e+04 1.389696e+05
5t  3.161423e+01 8.549869e+00 3.773468e+01 9.537752e+00 5.463986e+01
6t  1.352397e+02 4.711162e+00 9.787093e+01 3.907052e+00 3.473035e+01
7t  3.513623e+03 5.411403e+03 7.041090e+03 3.214664e+03 1.608333e+04
8t  6.270869e+00 5.518720e+00 5.246411e+00 5.944794e+00 4.863164e+00
9t  2.853706e+02 3.050592e+02 3.080480e+02 3.245470e+02 3.889507e+02
10t 2.704703e+01 2.686427e+01 2.690397e+01 2.795296e+01 2.277381e+01
11t 2.783889e+02 3.155248e+02 2.510358e+02 3.038721e+02 3.675074e+02
12t 4.578906e+02 4.485443e+03 1.368489e+04 3.077935e+02 2.514462e+04
13t 1.518132e+00 1.992388e+01 1.308747e+00 2.010205e+01 2.031463e+01
14t 2.108949e+01 2.101597e+01 2.093867e+01 2.113587e+01 2.118837e+01
15t 1.714913e+02 1.485943e+02 1.546458e+02 1.546100e+02 1.173171e+02
16t 4.911200e+01 4.454060e+01 4.865112e+01 4.549702e+01 4.889872e+01
17t 1.140505e+00 1.382167e-01 1.840351e+00 1.729237e-01 6.463062e+02
18t 9.348379e-01 9.315042e-01 8.789512e-01 8.996158e-01 8.152931e-01
19t 4.688962e+02 6.899711e+02 5.724461e+02 5.691908e+02 2.078722e+03
20t 3.166280e+02 5.252225e+02 3.320862e+02 3.352420e+02 7.264203e+02
21t 2.885805e+04 2.745336e+04 2.866043e+04 2.907603e+04 3.511040e+04
22t 2.820305e+04 2.877178e+04 2.895772e+04 2.903886e+04 3.531207e+04
23t 5.405207e+01 5.579432e+01 4.964521e+01 6.562529e+01 7.208365e+01
24t 5.615370e-01 5.953993e-01 1.023660e+00 3.723386e-01 3.516823e+00
25t 7.868332e-01 5.956142e-01 5.860195e-01 7.735960e-01 5.910013e-01
26t 3.028374e-01 2.572020e-01 2.859234e-01 3.233461e-01 2.812818e-01
27t 7.460756e+01 1.084844e+02 9.056181e+01 1.256476e+02 5.210619e+01
28t 2.318073e+02 2.329200e+02 2.057017e+02 3.184343e+02 1.543989e+02
29t 3.068603e+02 3.390858e+02 3.722156e+02 4.074853e+02 4.587838e+02
30t 1.199664e+01 1.050674e+01 1.197097e+01 1.106427e+01 2.998010e+01
31t 1.931115e+02 2.185007e+02 1.841663e+02 2.912802e+02 8.703916e+01
32t 2.791634e+02 4.808198e+02 3.651806e+02 6.950269e+02 1.659868e+02
33t 1.004137e+02 1.664502e+02 1.247075e+02 1.771082e+02 1.590301e+02
34t 2.498013e+01 2.637387e+01 2.531060e+01 2.702713e+01 2.385339e+01
35t 1.261286e+04 1.290585e+04 1.302223e+04 1.292426e+04 1.528797e+04
36t 1.845392e+05 1.726650e+05 1.597842e+05 2.326232e+05 1.229360e+05
37t 5.895294e+01 6.207810e+01 5.542728e+01 5.447518e+01 6.939605e+01
38t 2.206114e+05 2.944370e+05 1.994922e+05 2.765384e+05 1.384281e+05
39t 7.169099e+00 6.427573e+00 7.133104e+00 6.120880e+00 5.075802e+00
40t 4.281270e+01 3.802340e+01 1.180826e+02 2.386412e+01 1.517987e+03
41t 4.489308e+02 4.480439e+02 4.476390e+02 4.489349e+02 4.451903e+02
42t 4.288379e+02 4.202495e+02 4.227404e+02 3.587153e+02 3.630813e+02
43t 3.418257e+02 3.701591e+02 3.233952e+02 3.652126e+02 4.086970e+02
44t 9.317642e+02 9.377244e+02 9.368301e+02 9.411948e+02 9.242914e+02
45t 9.352271e+02 9.369607e+02 9.419881e+02 9.329742e+02 9.287414e+02
46t 9.442611e+02 9.388221e+02 9.377504e+02 9.415830e+02 9.269679e+02
47t 5.436435e+02 1.038917e+03 5.328206e+02 9.032969e+02 5.305074e+02
48t 9.567775e+02 1.060200e+03 1.040527e+03 1.056704e+03 1.362877e+03
49t 5.594172e+02 5.574550e+02 5.512169e+02 5.633850e+02 1.222724e+03
50t 1.003155e+03 9.361518e+02 1.044248e+03 9.454349e+02 1.323810e+03
              36           37           38           39           40
1t  1.346493e+00 1.069112e+00 1.579277e+00 1.076154e+00 6.129394e-01
2t  2.196705e+07 1.631914e+07 1.183717e+07 1.736520e+07 2.511823e+06
3t  2.476081e+06 1.511888e+06 2.515371e+06 1.854749e+06 8.651539e+05
4t  1.085174e+05 1.238921e+05 9.003843e+04 1.210955e+05 1.403623e+05
5t  1.481645e+01 2.934375e+01 1.473144e+01 4.459498e+01 4.104404e+01
6t  4.684766e+02 2.275703e+02 4.527960e+02 2.806716e+01 3.658729e+00
7t  4.397236e+03 4.744789e+03 3.299232e+03 1.161205e+04 2.784125e+04
8t  6.311680e+00 5.317889e+00 6.881739e+00 5.828915e+00 3.979276e+00
9t  2.836152e+02 2.536110e+02 2.636235e+02 3.123201e+02 4.303169e+02
10t 2.826338e+01 2.780188e+01 2.938392e+01 2.787749e+01 1.915527e+01
11t 2.458734e+02 2.264554e+02 2.525632e+02 2.966800e+02 3.202588e+02
12t 3.461921e+02 9.566543e+03 2.389811e+02 1.918626e+04 1.351436e+04
13t 1.536090e+00 1.489966e+00 1.518781e+00 1.939412e+01 1.980282e+01
14t 2.110499e+01 2.108717e+01 2.109880e+01 2.091181e+01 2.066734e+01
15t 2.076609e+02 1.645179e+02 2.067647e+02 8.114080e+03 1.055792e+02
16t 4.800069e+01 5.371463e+01 4.781587e+01 5.017343e+01 4.876166e+01
17t 1.689454e-01 3.621129e-01 4.769386e-01 5.122404e+01 3.270109e+02
18t 9.942225e-01 8.746145e-01 9.834222e-01 8.898131e-01 6.414747e-01
19t 4.410887e+02 5.235728e+02 3.481174e+02 6.649832e+02 4.963772e+03
20t 3.291986e+02 2.859076e+02 2.446872e+02 4.316325e+02 5.039259e+02
21t 2.781316e+04 2.769149e+04 2.767844e+04 2.914170e+04 3.712507e+04
22t 2.777595e+04 2.800210e+04 2.867021e+04 2.910676e+04 3.896342e+04
23t 4.837426e+01 5.359019e+01 4.576992e+01 6.370282e+01 8.751450e+01
24t 7.105895e-01 7.769903e-01 6.329320e-01 4.692330e-01 5.716434e+00
25t 5.954954e-01 5.250227e-01 5.614049e-01 7.841549e-01 5.871221e-01
26t 3.225248e-01 2.905685e-01 3.488067e-01 3.883545e-01 2.657857e-01
27t 7.195732e+01 7.904634e+01 9.264547e+01 1.508768e+02 5.881002e+01
28t 2.412684e+02 2.078134e+02 2.573645e+02 2.839597e+04 1.418969e+02
29t 2.588315e+02 3.352399e+02 2.605236e+02 3.047042e+02 4.649192e+02
30t 1.149585e+01 1.057723e+01 1.095713e+01 1.567999e+01 7.110042e+00
31t 1.779979e+02 1.853301e+02 1.622545e+02 1.782257e+02 8.897090e+01
32t 3.273826e+02 3.556721e+02 4.444513e+02 6.368739e+02 3.286015e+02
33t 1.120103e+02 1.123385e+02 1.005731e+02 1.240546e+02 1.979331e+02
34t 2.663064e+01 2.424911e+01 2.632133e+01 3.514021e+01 2.726027e+01
35t 1.263002e+04 1.258894e+04 1.244226e+04 1.291144e+04 1.970301e+04
36t 2.096191e+05 1.709146e+05 2.146821e+05 2.049764e+05 1.059957e+05
37t 6.177178e+01 5.932051e+01 5.959963e+01 5.145854e+01 5.499867e+01
38t 2.185543e+05 2.113104e+05 2.782120e+05 2.728305e+05 1.884393e+05
39t 5.718469e+00 5.277268e+00 6.463391e+00 6.890634e+00 4.725224e+00
40t 3.427134e+01 4.648448e+01 3.765758e+01 1.049107e+02 9.094895e+02
41t 4.495589e+02 4.480982e+02 4.495069e+02 4.477458e+02 9.786075e+02
42t 3.428581e+02 3.867353e+02 3.007235e+02 4.278720e+02 4.493607e+02
43t 3.738896e+02 3.219573e+02 3.411190e+02 3.359388e+02 5.836621e+02
44t 9.322595e+02 9.325336e+02 9.237082e+02 9.420441e+02 9.240253e+02
45t 9.282774e+02 9.379847e+02 9.316267e+02 1.013956e+03 9.250006e+02
46t 9.315887e+02 9.257306e+02 9.241050e+02 9.934945e+02 9.243154e+02
47t 1.023188e+03 9.044723e+02 1.021879e+03 5.368077e+02 1.239749e+03
48t 9.285077e+02 9.818412e+02 9.542837e+02 9.933768e+02 1.441685e+03
49t 1.020133e+03 5.532213e+02 1.022939e+03 1.198502e+03 1.313378e+03
50t 9.987709e+02 1.081659e+03 9.594254e+02 1.084822e+03 1.363001e+03
              41           42           43           44           45
1t  1.238408e+00 1.885185e+00 8.114749e-01 1.513323e+00 1.464722e+00
2t  1.035103e+07 1.632582e+07 3.328040e+06 1.027039e+07 1.294826e+07
3t  2.018977e+06 3.256933e+06 1.129223e+06 2.521407e+06 2.496053e+06
4t  1.164079e+05 1.132676e+05 5.243040e+04 9.252095e+04 1.340497e+05
5t  2.212505e+01 9.439495e+00 8.417307e+00 4.775162e+01 5.800870e+00
6t  3.081499e+01 4.683815e+02 2.519549e+00 2.014885e+02 2.460283e+02
7t  5.508415e+03 3.947574e+03 5.707031e+04 5.079077e+03 2.579368e+03
8t  6.241964e+00 7.128635e+00 4.615044e+00 6.612228e+00 6.614381e+00
9t  3.031723e+02 2.641861e+02 3.775528e+02 2.902827e+02 2.822998e+02
10t 2.653281e+01 3.197835e+01 2.293599e+01 3.050797e+01 3.181513e+01
11t 2.954145e+02 2.335676e+02 3.492351e+02 2.825804e+02 2.580407e+02
12t 1.207904e+04 3.228359e+02 1.740283e+02 1.514874e+04 2.104914e+02
13t 1.911420e+01 1.677793e+00 2.013243e+01 1.725237e+00 1.733300e+00
14t 2.116141e+01 2.113222e+01 2.082881e+01 2.097247e+01 2.108618e+01
15t 1.982234e+02 4.181943e+02 1.221296e+02 5.428326e+02 2.188291e+02
16t 4.753761e+01 4.945993e+01 4.901933e+01 6.220735e+01 6.683970e+01
17t 2.767874e+00 1.490450e+00 2.521332e-02 2.219188e+00 4.672758e-01
18t 9.688988e-01 1.001455e+00 7.936383e-01 9.683786e-01 9.952579e-01
19t 4.754375e+02 3.964310e+02 2.248533e+03 5.231990e+02 4.326607e+02
20t 2.573171e+02 2.546883e+02 1.109806e+03 3.483174e+02 2.736597e+02
21t 2.907890e+04 2.612898e+04 3.949710e+04 2.928573e+04 2.742048e+04
22t 2.937012e+04 2.872258e+04 3.135340e+04 2.895704e+04 2.877275e+04
23t 5.993652e+01 4.897410e+01 7.763078e+01 5.535074e+01 5.028502e+01
24t 1.432941e+00 7.390953e-01 1.830403e+00 7.341939e-01 8.627160e-01
25t 8.807705e-01 5.896043e-01 7.174763e-01 7.543857e-01 6.739912e-01
26t 8.523232e-01 2.745355e-01 3.431929e-01 3.633410e-01 3.568053e-01
27t 1.206666e+02 6.861579e+01 9.077926e+01 1.054671e+02 8.956528e+01
28t 2.845077e+02 2.979209e+02 1.721205e+02 2.706817e+02 2.474977e+02
29t 2.519510e+02 2.816188e+02 5.154165e+02 2.704226e+02 3.177575e+02
30t 1.167024e+01 1.290761e+01 9.501773e+02 1.354997e+01 1.153885e+01
31t 1.952507e+02 1.303788e+02 1.463211e+02 1.590273e+02 1.537746e+02
32t 5.442047e+02 3.276401e+02 2.870887e+02 7.893254e+02 3.653130e+02
33t 1.118682e+02 1.077443e+02 2.031707e+02 1.017367e+02 1.087581e+02
34t 2.352197e+01 2.757386e+01 4.306269e+01 2.627238e+01 2.594003e+01
35t 1.304263e+04 1.259320e+04 1.425206e+04 1.262920e+04 1.263138e+04
36t 1.938875e+05 2.064419e+05 1.758764e+05 2.312186e+05 2.124900e+05
37t 6.174155e+01 6.112384e+01 5.975485e+01 5.681948e+01 6.046256e+01
38t 3.993980e+05 3.102532e+05 3.437998e+05 2.408226e+05 3.818856e+05
39t 5.536240e+00 6.250790e+00 4.287373e+00 6.723182e+00 6.672117e+00
40t 7.227877e+01 2.654014e+01 9.570980e+01 5.726808e+01 5.292645e+01
41t 4.491602e+02 4.507909e+02 4.465707e+02 4.489684e+02 4.507533e+02
42t 3.429117e+02 3.200536e+02 5.020118e+02 3.572011e+02 2.886777e+02
43t 3.035873e+02 3.585626e+02 4.063026e+02 3.148719e+02 3.391346e+02
44t 9.314398e+02 9.267548e+02 1.177769e+03 9.347718e+02 9.226868e+02
45t 9.368713e+02 9.287441e+02 9.434756e+02 9.344008e+02 9.275767e+02
46t 9.534563e+02 9.258058e+02 1.141946e+03 9.319664e+02 9.210604e+02
47t 1.033597e+03 1.022113e+03 5.289308e+02 1.033567e+03 1.023001e+03
48t 1.000332e+03 9.195397e+02 1.216058e+03 9.794923e+02 9.701751e+02
49t 5.738557e+02 1.020801e+03 5.472949e+02 1.030505e+03 1.019174e+03
50t 9.123025e+02 9.637701e+02 1.231357e+03 1.035404e+03 9.186851e+02
              46           47           48           49           50
1t  1.518059e+00 3.512443e+00 8.138353e-01 1.986493e+00 2.512315e+00
2t  7.960793e+06 1.836385e+07 8.284484e+06 8.382228e+06 1.757140e+07
3t  2.290060e+06 6.803267e+06 1.410832e+06 2.750520e+06 4.285950e+06
4t  1.306390e+05 1.096641e+05 1.237700e+05 9.925814e+04 1.240252e+05
5t  5.844613e+01 5.180197e+00 5.128884e+01 1.832346e+01 5.262991e+00
6t  3.429191e+02 4.426862e+02 1.791089e+02 6.060394e+01 4.001006e+02
7t  7.533500e+03 3.112841e+03 6.374369e+03 3.692401e+03 2.908153e+03
8t  6.527508e+00 9.520531e+00 4.639352e+00 6.670028e+00 7.978506e+00
9t  3.525179e+02 1.576567e+02 3.051142e+02 2.573224e+02 1.626945e+02
10t 3.002268e+01 3.814568e+01 2.105906e+01 3.302483e+01 3.655840e+01
11t 3.530769e+02 1.653219e+02 2.910776e+02 2.562883e+02 1.613478e+02
12t 2.640514e+04 2.654107e+02 1.524911e+04 2.056660e+02 2.588073e+02
13t 2.005196e+01 2.315276e+00 1.687553e+01 1.757582e+00 2.177534e+00
14t 2.117022e+01 2.112838e+01 2.096415e+01 2.110086e+01 2.116475e+01
15t 1.986060e+02 5.552073e+02 1.350594e+02 5.804707e+02 4.263630e+02
16t 4.924034e+01 4.904921e+01 4.917086e+01 4.783820e+01 4.883128e+01
17t 9.905105e+01 1.032504e+00 1.663116e+01 1.932241e-01 5.052688e-01
18t 9.751160e-01 1.061776e+00 6.729688e-01 1.001420e+00 1.032794e+00
19t 1.124095e+03 4.398267e+02 5.354569e+02 4.337855e+02 4.072436e+02
20t 5.605923e+02 2.127906e+02 3.629852e+02 2.506080e+02 2.320413e+02
21t 3.427468e+04 2.821239e+04 2.776924e+04 2.760744e+04 2.793836e+04
22t 3.542440e+04 2.872574e+04 2.834804e+04 2.822850e+04 2.889099e+04
23t 5.903068e+01 3.953638e+01 5.819598e+01 4.858515e+01 5.062033e+01
24t 3.142176e+00 9.285350e-01 7.646748e-01 5.982024e-01 8.249591e-01
25t 5.866580e-01 5.408239e-01 8.311362e-01 6.902380e-01 5.313373e-01
26t 2.921771e-01 3.084291e-01 3.326578e-01 2.982879e-01 2.886551e-01
27t 4.250535e+01 6.357538e+01 9.051351e+01 8.445390e+01 9.436864e+01
28t 2.160380e+02 3.639690e+02 1.914782e+02 2.946612e+02 2.970482e+02
29t 3.807716e+02 2.563010e+02 3.565047e+02 3.107022e+02 2.774888e+02
30t 1.394347e+01 1.454590e+01 9.690083e+00 1.222730e+01 1.324122e+01
31t 1.117957e+02 1.234463e+02 1.708217e+02 2.401566e+02 1.922149e+02
32t 3.813916e+02 3.508814e+02 1.019485e+04 3.511916e+02 3.320148e+02
33t 1.339218e+02 1.083264e+02 1.160618e+02 1.040752e+02 1.053674e+02
34t 2.897595e+01 3.163237e+01 2.257347e+01 3.326466e+01 2.887809e+01
35t 1.355287e+04 1.268100e+04 1.301010e+04 1.291728e+04 1.260376e+04
36t 2.387976e+05 3.609894e+05 1.627396e+05 2.643592e+05 3.012765e+05
37t 6.350432e+01 6.074000e+01 6.021218e+01 5.947137e+01 6.129799e+01
38t 1.597434e+05 3.432710e+05 2.100758e+05 4.111163e+05 4.318575e+05
39t 5.222861e+00 9.280504e+00 7.163289e+00 5.914093e+00 7.160214e+00
40t 4.999883e+02 1.792267e+01 1.482793e+02 2.912122e+01 2.025089e+01
41t 4.498453e+02 4.563877e+02 4.456092e+02 4.520510e+02 4.539680e+02
42t 3.146322e+02 3.085098e+02 3.713178e+02 3.069078e+02 2.538004e+02
43t 4.009239e+02 3.204148e+02 4.003953e+02 3.755350e+02 3.061537e+02
44t 9.486094e+02 9.248848e+02 9.294389e+02 9.370424e+02 9.248589e+02
45t 9.769468e+02 9.227980e+02 9.340031e+02 9.243411e+02 9.224900e+02
46t 9.597217e+02 9.230870e+02 9.303499e+02 9.234288e+02 9.210784e+02
47t 5.548552e+02 1.022767e+03 5.294979e+02 9.267030e+02 1.020224e+03
48t 1.093719e+03 9.150484e+02 9.898594e+02 1.005119e+03 9.184000e+02
49t 5.875439e+02 1.016287e+03 5.480456e+02 1.029853e+03 1.020567e+03
50t 1.249319e+03 9.026969e+02 1.141591e+03 9.308268e+02 9.220321e+02
              51           52           53           54           55
1t  1.413032e+00 9.742614e-01 1.039918e+00 1.685112e+00 8.445758e-01
2t  5.594744e+06 4.751062e+06 8.812214e+06 6.936289e+06 3.628723e+06
3t  2.122607e+06 1.792653e+06 1.608965e+06 2.708514e+06 1.133073e+06
4t  1.130060e+05 1.272888e+05 1.034466e+05 1.182722e+05 1.194724e+05
5t  2.837488e+01 1.789955e+01 3.427234e+01 2.540247e+01 5.125230e+01
6t  7.692968e+01 2.070323e+02 1.015584e+01 1.603653e+02 1.354378e+01
7t  4.629105e+03 3.844882e+03 5.625476e+03 6.347392e+03 1.615118e+04
8t  6.300085e+00 5.875315e+00 5.370059e+00 7.050729e+00 8.221006e+01
9t  2.705025e+02 2.720573e+02 3.093872e+02 2.513519e+02 4.165412e+02
10t 2.926383e+01 2.709669e+01 2.565784e+01 3.078349e+01 2.233992e+01
11t 2.714750e+02 2.667500e+02 3.001507e+02 2.766115e+02 3.706782e+02
12t 9.890821e+02 2.960141e+02 8.944396e+03 3.232975e+03 2.026314e+04
13t 1.647428e+00 1.315264e+00 2.004406e+01 1.773129e+00 2.046632e+01
14t 2.099163e+01 2.100459e+01 2.099243e+01 2.112686e+01 2.108825e+01
15t 2.035658e+02 1.669689e+02 1.486297e+02 2.437924e+02 1.229548e+02
16t 4.921515e+01 4.888668e+01 4.517089e+01 4.929911e+01 4.892383e+01
17t 1.164522e+00 4.541681e-01 1.068630e+00 5.060301e-02 5.191400e+02
18t 9.695580e-01 9.207197e-01 9.211599e-01 9.732321e-01 7.589887e-01
19t 5.051356e+02 5.510841e+02 5.919883e+02 5.601831e+02 2.454316e+03
20t 2.500685e+02 3.530894e+02 4.186958e+02 3.696061e+02 7.991508e+02
21t 2.842972e+04 2.677381e+04 2.868804e+04 3.243875e+04 3.540617e+04
22t 2.863749e+04 2.825340e+04 2.865606e+04 3.174548e+04 3.615946e+04
23t 5.083534e+01 5.045235e+01 5.463723e+01 5.855758e+01 7.929185e+01
24t 5.709707e-01 6.643892e-01 7.026910e-01 3.489371e+00 3.182398e+00
25t 5.181966e-01 6.579563e-01 9.099858e-01 5.135155e-01 6.298741e-01
26t 2.929036e-01 3.661476e-01 3.164337e-01 2.732680e-01 3.075643e-01
27t 9.370325e+01 7.720172e+01 1.014609e+02 7.977007e+01 7.047242e+01
28t 2.636333e+02 2.319876e+02 2.248788e+02 2.349502e+02 1.609836e+02
29t 2.749635e+02 3.180951e+02 3.469182e+02 3.639768e+02 4.757701e+02
30t 1.043795e+01 1.004510e+01 9.582080e+00 1.513904e+01 1.300648e+02
31t 1.895054e+02 1.778589e+02 1.884532e+02 1.567683e+02 9.405231e+01
32t 3.625890e+02 3.348747e+02 4.943170e+02 3.180711e+02 4.104455e+02
33t 1.095041e+02 1.053460e+02 1.458160e+02 1.047981e+02 1.859484e+02
34t 2.821606e+01 2.297981e+01 2.369139e+01 2.620667e+01 2.636764e+01
35t 1.255252e+04 1.268001e+04 1.324951e+04 1.274003e+04 1.469515e+04
36t 1.996732e+05 1.715262e+05 1.766030e+05 2.477710e+05 1.172382e+05
37t 5.832344e+01 5.649600e+01 5.639108e+01 6.007376e+01 6.535914e+01
38t 3.384800e+05 2.744826e+05 1.746380e+05 2.198666e+05 1.770628e+05
39t 5.981715e+00 6.339378e+00 7.209208e+00 5.317373e+00 6.071015e+00
40t 4.321448e+01 5.566799e+01 9.448095e+01 8.218260e+01 1.002430e+03
41t 4.493970e+02 4.469730e+02 4.480037e+02 4.509381e+02 4.454502e+02
42t 4.299861e+02 3.233654e+02 5.128713e+02 3.400311e+02 3.554227e+02
43t 3.356684e+02 3.602413e+02 4.404278e+02 3.405108e+02 3.758285e+02
44t 9.242362e+02 9.337850e+02 9.291096e+02 9.895348e+02 9.332347e+02
45t 9.403723e+02 9.386322e+02 9.337328e+02 9.341007e+02 9.343601e+02
46t 9.333001e+02 9.343078e+02 9.397466e+02 9.290341e+02 9.309356e+02
47t 1.023554e+03 5.391861e+02 5.351763e+02 5.617207e+02 1.204173e+03
48t 9.217210e+02 9.403984e+02 9.757578e+02 9.895506e+02 1.291968e+03
49t 5.674331e+02 5.572281e+02 5.554582e+02 5.673293e+02 1.213747e+03
50t 9.383180e+02 1.110827e+03 9.876412e+02 1.158384e+03 1.304585e+03
              56           57           58           59           60
1t  1.485441e+00 1.027898e+00 1.919004e+00 7.460712e-01 6.473980e-01
2t  1.122744e+07 8.102077e+06 9.629390e+06 3.054642e+06 3.031883e+06
3t  2.495837e+06 1.623476e+06 3.164323e+06 1.075936e+06 1.120711e+06
4t  9.799832e+04 1.327860e+05 8.079555e+04 8.659697e+04 1.240668e+05
5t  2.066332e+01 3.308938e+01 1.599764e+01 2.568125e+01 4.426681e+01
6t  2.576180e+02 1.668848e+02 1.672253e+02 2.441595e+00 6.865071e+00
7t  4.994804e+03 8.800094e+03 4.845910e+03 3.036376e+04 1.674056e+04
8t  7.138679e+00 5.356910e+00 6.943825e+00 4.694886e+00 1.900640e+01
9t  2.947856e+02 2.889536e+02 2.578340e+02 3.171605e+02 3.882506e+02
10t 3.004777e+01 2.635626e+01 3.355081e+01 2.181045e+01 2.105218e+01
11t 2.586265e+02 2.591234e+02 2.790769e+02 2.830646e+02 3.875248e+02
12t 1.259950e+04 1.169773e+04 4.318028e+02 5.331852e+03 1.765840e+04
13t 1.680339e+00 1.918435e+01 1.886971e+00 1.949343e+01 2.044481e+01
14t 2.102239e+01 2.092089e+01 2.083946e+01 2.093082e+01 2.114204e+01
15t 3.555344e+02 4.934726e+02 3.449098e+03 1.196134e+02 1.229632e+02
16t 5.018732e+01 1.014483e+02 4.923586e+01 4.867772e+01 4.883625e+01
17t 1.988091e-01 1.549968e+00 1.549056e-01 7.062232e-02 3.566797e+02
18t 9.250422e-01 9.039757e-01 1.011086e+00 7.999790e-01 6.972732e-01
19t 4.330934e+02 5.426062e+02 4.154237e+02 1.669689e+03 2.595202e+03
20t 3.279791e+02 3.511121e+02 2.655235e+02 3.637866e+02 7.007343e+02
21t 2.798694e+04 2.752544e+04 2.812281e+04 2.881311e+04 3.451036e+04
22t 2.900372e+04 2.827940e+04 2.794646e+04 3.077744e+04 3.487055e+04
23t 4.389971e+01 5.277253e+01 4.644364e+01 6.882476e+01 7.600201e+01
24t 8.004719e-01 6.263642e-01 6.600720e-01 9.755275e-01 3.026301e+00
25t 5.982777e-01 7.906710e-01 3.952445e-01 7.222513e-01 6.282295e-01
26t 3.458427e-01 3.130797e-01 3.324407e-01 4.418206e-01 2.889648e-01
27t 8.359602e+01 1.020083e+02 7.689472e+01 1.234893e+02 5.744197e+01
28t 2.850446e+02 2.517583e+02 2.649036e+02 2.348533e+02 1.373550e+02
29t 2.458133e+02 3.703429e+02 2.557127e+02 3.694918e+02 4.708583e+02
30t 1.149579e+01 9.037986e+00 1.204266e+01 1.604650e+01 1.290600e+01
31t 1.845342e+02 1.831148e+02 1.830730e+02 2.799770e+02 9.207749e+01
32t 2.906458e+02 3.214535e+02 3.258373e+02 5.417681e+02 3.327678e+02
33t 1.145222e+02 1.233873e+02 1.087238e+02 1.477096e+02 1.510532e+02
34t 2.898511e+01 2.345104e+01 2.874967e+01 2.156844e+01 2.274708e+01
35t 1.269082e+04 1.255139e+04 1.246099e+04 1.427713e+04 1.509643e+04
36t 2.145274e+05 1.577190e+05 2.526800e+05 2.204305e+05 1.104896e+05
37t 5.871521e+01 5.652779e+01 5.769592e+01 5.933395e+01 6.779537e+01
38t 2.398490e+05 1.997568e+05 1.949082e+05 2.047234e+05 1.703183e+05
39t 5.916745e+00 6.917367e+00 4.626287e+00 8.135702e+00 5.368172e+00
40t 4.198296e+01 9.682564e+01 2.185653e+01 1.012564e+02 9.147760e+02
41t 4.497139e+02 4.473426e+02 4.502983e+02 4.457285e+02 4.455556e+02
42t 3.077640e+02 3.179905e+02 2.704201e+02 3.721812e+02 4.005533e+02
43t 3.126368e+02 3.237918e+02 3.164656e+02 5.139531e+02 3.919287e+02
44t 9.217938e+02 9.292957e+02 9.250118e+02 1.022799e+03 9.296796e+02
45t 9.335953e+02 9.354256e+02 9.247572e+02 9.485418e+02 9.278669e+02
46t 9.283056e+02 9.314640e+02 9.259751e+02 1.090543e+03 9.245148e+02
47t 1.026626e+03 5.294673e+02 1.027027e+03 1.214392e+03 1.210149e+03
48t 9.806807e+02 9.801777e+02 9.232787e+02 1.402495e+03 1.336144e+03
49t 1.027755e+03 5.536595e+02 1.023062e+03 1.206519e+03 1.223533e+03
50t 9.505566e+02 1.033178e+03 9.530389e+02 1.253286e+03 1.291351e+03
              61           62           63           64           65
1t  9.084846e-01 1.445637e+00 1.025804e+00 1.615564e+00 1.285470e+00
2t  1.270064e+07 1.286820e+07 9.379440e+06 1.612707e+07 1.329309e+07
3t  1.562241e+06 2.063124e+06 1.866436e+06 3.186333e+06 1.955453e+06
4t  1.351298e+05 1.203049e+05 1.174032e+05 6.760736e+04 1.195664e+05
5t  4.675436e+01 1.701790e+01 2.453037e+01 5.055759e+01 2.448304e+01
6t  1.138342e+02 2.518969e+02 2.789865e+02 3.800302e+02 3.810912e+02
7t  8.586439e+03 3.052249e+03 4.397791e+03 7.737010e+03 4.181421e+03
8t  5.387761e+00 6.367027e+00 5.872672e+00 6.726319e+00 5.979095e+00
9t  3.077743e+02 2.424838e+02 2.665998e+02 2.798188e+02 2.505762e+02
10t 2.605694e+01 2.739848e+01 2.819311e+01 3.225817e+01 2.836791e+01
11t 2.955156e+02 2.706686e+02 2.525565e+02 2.868442e+02 2.601651e+02
12t 7.351073e+02 2.297757e+02 1.143525e+03 1.572813e+04 1.565894e+03
13t 1.964415e+01 1.530903e+00 1.368862e+00 1.661640e+00 1.523654e+00
14t 2.091184e+01 2.103178e+01 2.106640e+01 2.096197e+01 2.104126e+01
15t 1.504490e+02 2.067397e+02 5.464599e+02 5.322382e+02 2.343171e+02
16t 9.992365e+01 4.812548e+01 9.309581e+01 6.211721e+01 4.683546e+01
17t 2.409697e+01 1.257863e+00 1.239829e+00 5.855216e+00 5.067072e-01
18t 8.479312e-01 9.553294e-01 8.716591e-01 9.992847e-01 9.572064e-01
19t 6.619688e+02 3.942784e+02 5.830084e+02 4.834855e+02 4.744438e+02
20t 4.175846e+02 2.821332e+02 3.620092e+02 3.984221e+02 2.792819e+02
21t 2.864156e+04 2.684815e+04 2.812660e+04 2.792734e+04 2.819735e+04
22t 2.926328e+04 2.850469e+04 2.871324e+04 2.887852e+04 2.818162e+04
23t 5.525496e+01 4.866462e+01 5.077367e+01 5.966409e+01 4.237812e+01
24t 4.635696e-01 7.152624e-01 6.920552e-01 7.000171e-01 9.117383e-01
25t 7.974978e-01 4.277590e-01 6.634288e-01 6.266759e-01 5.774354e-01
26t 3.510585e-01 3.605030e-01 3.268381e-01 3.520919e-01 3.217334e-01
27t 1.033550e+02 8.068469e+01 7.124133e+01 9.009332e+01 8.491823e+01
28t 5.571037e+02 2.352252e+02 2.071021e+02 2.911739e+02 2.392582e+02
29t 3.679704e+02 2.916879e+02 2.802797e+02 2.141294e+02 2.789048e+02
30t 9.140740e+00 1.036202e+01 1.410806e+01 1.250625e+01 1.054084e+01
31t 1.804015e+02 1.339657e+02 1.815990e+02 1.222450e+02 1.670161e+02
32t 5.520536e+02 3.269781e+02 3.740914e+02 4.200539e+02 3.185950e+02
33t 1.422068e+02 1.116980e+02 9.969682e+01 1.121819e+02 1.134482e+02
34t 2.385921e+01 2.366604e+01 2.433038e+01 2.579948e+01 2.501108e+01
35t 1.340593e+04 1.245870e+04 1.268403e+04 1.273567e+04 1.258172e+04
36t 1.698234e+05 1.834218e+05 1.922061e+05 1.579498e+05 2.010032e+05
37t 5.787544e+01 5.901519e+01 5.744086e+01 5.682735e+01 5.824597e+01
38t 2.238021e+05 3.038050e+05 3.386816e+05 2.852550e+05 2.788466e+05
39t 6.006922e+00 5.081081e+00 5.391064e+00 5.478313e+00 6.395054e+00
40t 1.600999e+02 5.899789e+01 8.367317e+01 5.985638e+01 7.407881e+01
41t 4.463763e+02 4.500914e+02 4.487134e+02 4.488503e+02 4.485941e+02
42t 4.532807e+02 3.114814e+02 4.282566e+02 3.308241e+02 3.246067e+02
43t 3.018068e+02 3.556240e+02 3.715363e+02 3.391013e+02 3.310017e+02
44t 9.356984e+02 9.253448e+02 9.219748e+02 9.326026e+02 9.381068e+02
45t 9.337826e+02 9.285425e+02 9.265473e+02 9.396085e+02 9.350134e+02
46t 9.404257e+02 9.289182e+02 9.200295e+02 9.277327e+02 9.401323e+02
47t 5.342216e+02 5.412952e+02 1.029680e+03 5.486509e+02 1.027838e+03
48t 1.021270e+03 9.520130e+02 9.896253e+02 9.665919e+02 9.421804e+02
49t 5.526496e+02 9.231904e+02 1.024693e+03 1.029484e+03 5.626175e+02
50t 1.119662e+03 9.511573e+02 1.048567e+03 1.029962e+03 9.298378e+02
              66           67           68           69           70
1t  1.404486e+00 2.608345e+00 3.538341e+00 1.771730e+00 1.545834e+00
2t  6.977494e+06 1.426162e+07 4.647063e+06 4.787466e+06 1.066180e+07
3t  2.344935e+06 4.372080e+06 5.260795e+06 2.874800e+06 2.557060e+06
4t  1.314992e+05 1.039840e+05 1.134348e+05 7.900822e+04 1.048039e+05
5t  5.515843e+01 8.200546e+00 7.389385e+00 2.151283e+01 1.513882e+01
6t  1.070695e+02 5.849996e+02 7.764276e+01 1.270391e+01 4.348570e+02
7t  1.121869e+04 3.713905e+03 1.771726e+03 4.074962e+03 4.084294e+03
8t  6.580837e+00 7.970174e+00 9.648694e+00 7.632625e+00 6.360773e+00
9t  3.839525e+02 2.390527e+02 1.712986e+02 3.141069e+02 2.899176e+02
10t 2.930700e+01 3.487625e+01 3.988974e+01 3.072452e+01 2.985941e+01
11t 3.693647e+02 2.372074e+02 1.677371e+02 3.065598e+02 2.471844e+02
12t 2.379687e+04 2.495092e+02 8.854492e+02 8.867039e+02 3.657114e+02
13t 2.040513e+01 2.120724e+00 2.385764e+00 1.885163e+01 1.679958e+00
14t 2.112887e+01 2.102135e+01 2.122459e+01 2.114723e+01 2.105263e+01
15t 2.095394e+02 3.703347e+03 8.888288e+02 2.520976e+02 2.744136e+02
16t 1.034154e+02 4.980011e+01 4.895305e+01 4.885249e+01 4.925622e+01
17t 5.370510e+02 1.558833e+00 1.071230e-01 5.940335e-02 1.217776e+00
18t 9.476581e-01 1.040424e+00 1.053416e+00 1.005551e+00 9.699644e-01
19t 1.091339e+03 4.789673e+02 4.015200e+02 5.205491e+02 4.699503e+02
20t 7.274832e+02 2.200183e+02 2.920471e+02 3.425536e+02 3.408369e+02
21t 3.559839e+04 2.782372e+04 2.719260e+04 2.883064e+04 2.799637e+04
22t 3.542902e+04 2.848241e+04 3.136236e+04 3.002510e+04 2.814952e+04
23t 6.959889e+01 5.452823e+01 5.020108e+01 4.951625e+01 4.950285e+01
24t 3.577847e+00 7.377878e-01 3.729912e+00 4.148718e-01 6.570317e-01
25t 5.787761e-01 5.406185e-01 5.567612e-01 9.722498e-01 4.946416e-01
26t 2.586958e-01 2.981632e-01 3.282764e-01 4.348997e-01 3.118468e-01
27t 5.545904e+01 8.035903e+01 8.631981e+01 1.253091e+02 8.402111e+01
28t 2.271385e+02 3.304504e+02 4.137279e+02 2.669301e+02 2.272753e+02
29t 4.419863e+02 2.981911e+02 2.889099e+02 2.841619e+02 2.421507e+02
30t 1.415899e+01 1.429015e+01 1.628325e+01 2.951270e+01 1.137464e+01
31t 1.281273e+02 2.247500e+02 1.490625e+02 2.909218e+02 1.831978e+02
32t 4.903940e+02 3.671857e+02 3.753694e+02 1.755063e+03 3.538095e+02
33t 1.430184e+02 1.075028e+02 1.068814e+02 1.343582e+02 9.805052e+01
34t 2.845549e+01 3.021756e+01 3.352285e+01 2.730940e+01 2.360814e+01
35t 1.362479e+04 1.247873e+04 1.272707e+04 1.282924e+04 1.255062e+04
36t 1.361637e+05 3.295891e+05 2.972414e+05 4.031438e+05 2.118586e+05
37t 6.480494e+01 6.153534e+01 6.088296e+01 5.751037e+01 5.958531e+01
38t 1.553909e+05 3.492291e+05 2.176970e+05 4.259161e+05 2.535654e+05
39t 5.487336e+00 6.732936e+00 5.687748e+00 6.770054e+00 7.656035e+00
40t 6.360735e+02 2.000299e+01 1.525854e+01 3.324692e+01 6.200483e+01
41t 4.502067e+02 4.538187e+02 4.553281e+02 4.520149e+02 4.499056e+02
42t 3.312120e+02 2.781938e+02 2.815112e+02 3.720996e+02 3.211745e+02
43t 3.435334e+02 3.129506e+02 2.918485e+02 4.963870e+02 3.692824e+02
44t 9.579183e+02 9.221423e+02 9.314489e+02 9.304545e+02 9.285227e+02
45t 9.585436e+02 9.314641e+02 9.282456e+02 9.342267e+02 9.318168e+02
46t 9.585878e+02 9.290690e+02 9.318220e+02 9.774904e+02 9.234985e+02
47t 5.542089e+02 1.020830e+03 6.226417e+02 1.032858e+03 1.025225e+03
48t 1.062648e+03 9.334888e+02 9.287281e+02 1.063580e+03 9.289949e+02
49t 5.791007e+02 1.020657e+03 6.364467e+02 5.692032e+02 1.027434e+03
50t 1.201044e+03 9.008194e+02 4.508332e+02 9.435356e+02 1.046856e+03
              71           72           73           74           75
1t  9.870227e-01 8.222403e-01 8.132169e-01 1.400692e+00 9.477883e-01
2t  8.419263e+06 4.329096e+06 2.543536e+07 9.584865e+06 1.015778e+07
3t  1.782646e+06 1.451939e+06 1.660078e+06 2.046928e+06 1.734627e+06
4t  1.123548e+05 1.249771e+05 1.029604e+05 1.344959e+05 1.350599e+05
5t  2.791847e+01 3.801538e+01 4.311243e+01 3.179145e+01 3.751126e+01
6t  6.872725e+01 1.204967e+01 2.962518e+02 2.327004e+02 1.077637e+02
7t  4.607766e+03 8.321817e+03 7.422855e+03 7.176529e+03 8.897556e+03
8t  5.596865e+00 5.280959e+00 4.980714e+00 7.099336e+00 5.662701e+00
9t  3.009400e+02 2.903690e+02 3.053603e+02 2.875454e+02 2.827526e+02
10t 2.440932e+01 2.568420e+01 2.170156e+01 3.149144e+01 2.593516e+01
11t 2.794912e+02 2.817591e+02 2.867156e+02 2.617364e+02 2.473938e+02
12t 1.285636e+04 6.086007e+03 1.796385e+04 7.914864e+03 1.793389e+04
13t 1.393330e+00 1.898801e+01 1.501879e+01 1.703582e+00 1.577249e+01
14t 2.097590e+01 2.095495e+01 2.096159e+01 2.115536e+01 2.092153e+01
15t 8.798290e+02 3.772467e+02 1.102015e+03 4.854511e+02 1.575962e+02
16t 4.842100e+01 4.918440e+01 4.936740e+01 4.928935e+01 6.876995e+01
17t 1.481248e+00 3.220844e-01 8.499371e+00 6.698450e-02 8.707102e+00
18t 8.703338e-01 8.330953e-01 8.940196e-01 9.763301e-01 9.056815e-01
19t 5.122465e+02 5.145199e+02 6.090127e+02 5.967634e+02 5.797850e+02
20t 2.606252e+02 3.420918e+02 3.987606e+02 4.004885e+02 3.719961e+02
21t 2.813840e+04 2.867103e+04 2.800057e+04 3.374385e+04 2.849784e+04
22t 2.872311e+04 2.956586e+04 2.853426e+04 3.423374e+04 2.869982e+04
23t 5.474918e+01 5.994159e+01 6.176541e+01 6.035782e+01 5.815575e+01
24t 8.025502e-01 5.719099e-01 1.147767e+00 3.717610e+00 6.315532e-01
25t 5.869826e-01 6.264266e-01 6.592793e-01 5.318146e-01 9.015528e-01
26t 3.949471e-01 8.085898e-01 3.297146e-01 3.017824e-01 2.785585e-01
27t 9.172496e+01 1.368454e+02 7.692330e+01 6.113396e+01 1.016802e+02
28t 2.442384e+02 2.512835e+02 2.074307e+02 2.352022e+02 2.117521e+02
29t 3.286784e+02 3.318189e+02 3.561498e+02 3.301736e+02 3.582714e+02
30t 1.347898e+01 1.056186e+01 1.065988e+01 1.249135e+01 9.897405e+00
31t 1.768476e+02 2.101222e+02 1.516567e+02 1.374501e+02 1.688485e+02
32t 5.076034e+02 4.326097e+02 2.885501e+02 3.080046e+02 2.851138e+02
33t 1.012488e+02 1.364777e+02 9.608150e+01 1.196254e+02 1.193195e+02
34t 2.200542e+01 2.428511e+01 2.167539e+01 2.751323e+01 2.088323e+01
35t 1.284309e+04 1.314183e+04 1.303291e+04 1.268104e+04 1.319851e+04
36t 2.135289e+05 1.872897e+05 1.515314e+05 2.278863e+05 1.592503e+05
37t 5.495669e+01 5.714392e+01 5.608478e+01 6.296448e+01 5.690452e+01
38t 2.669191e+05 2.422074e+05 1.819548e+05 1.860120e+05 2.796009e+05
39t 5.564509e+00 7.224572e+00 5.740146e+00 6.077527e+00 5.915745e+00
40t 6.557721e+01 9.935948e+01 3.012147e+02 9.509042e+01 1.361911e+02
41t 4.484784e+02 4.460627e+02 4.468024e+02 4.502118e+02 4.458638e+02
42t 3.990790e+02 3.539352e+02 3.682371e+02 3.640117e+02 3.216583e+02
43t 3.058525e+02 3.780897e+02 4.464258e+02 3.457317e+02 3.501602e+02
44t 9.340702e+02 9.800156e+02 9.303412e+02 9.338447e+02 9.341874e+02
45t 9.434802e+02 9.378371e+02 9.341380e+02 9.212162e+02 9.335198e+02
46t 9.420172e+02 9.359535e+02 9.307169e+02 9.304712e+02 9.283017e+02
47t 9.007568e+02 5.342111e+02 1.025541e+03 5.566563e+02 5.390826e+02
48t 9.664161e+02 1.105396e+03 1.038729e+03 9.967820e+02 9.913746e+02
49t 1.023911e+03 5.473055e+02 5.543020e+02 5.703057e+02 5.559551e+02
50t 9.843890e+02 1.019224e+03 1.182184e+03 1.219733e+03 1.044690e+03
              76           77           78           79           80
1t  1.580659e+00 1.257708e+00 1.849191e+00 7.970440e-01 1.230086e+00
2t  1.613156e+07 9.083774e+06 1.547737e+07 3.889323e+06 1.039351e+07
3t  2.601683e+06 1.972422e+06 2.911936e+06 1.143358e+06 1.971818e+06
4t  1.077889e+05 1.384761e+05 1.013414e+05 1.198864e+05 1.528136e+05
5t  2.021962e+01 4.404765e+01 1.288664e+01 3.929346e+01 4.261336e+01
6t  1.793784e+02 1.012292e+02 3.158012e+02 4.795554e+00 5.470399e+02
7t  3.157773e+03 6.936315e+03 4.173955e+03 1.705908e+04 5.949948e+03
8t  7.086841e+00 6.128283e+00 7.417671e+00 4.485624e+00 5.588325e+00
9t  2.854202e+02 3.107414e+02 2.526650e+02 3.102493e+02 2.891267e+02
10t 3.113052e+01 2.835793e+01 3.238132e+01 2.437932e+01 3.009983e+01
11t 2.502083e+02 2.714732e+02 2.565710e+02 3.226301e+02 2.882100e+02
12t 2.286829e+02 1.266733e+04 3.962206e+02 1.420684e+04 1.386714e+04
13t 1.782707e+00 1.570670e+00 1.863428e+00 1.956065e+01 1.871474e+01
14t 2.105244e+01 2.097979e+01 2.103727e+01 2.085716e+01 2.114004e+01
15t 1.653807e+03 6.353303e+02 2.935758e+02 1.332683e+02 1.811103e+02
16t 4.849732e+01 1.780606e+02 4.929670e+01 1.036663e+02 4.904243e+01
17t 1.052036e+00 8.418142e+00 1.041113e+00 4.525247e+00 5.475194e-02
18t 9.826828e-01 9.538048e-01 1.007860e+00 7.876739e-01 9.475420e-01
19t 3.742593e+02 6.072693e+02 4.469730e+02 1.123301e+03 6.007385e+02
20t 2.764187e+02 4.417763e+02 2.562396e+02 4.453320e+02 5.618525e+02
21t 2.767262e+04 2.779646e+04 2.795103e+04 2.775393e+04 3.226295e+04
22t 2.889053e+04 2.927166e+04 2.890586e+04 2.782145e+04 3.497666e+04
23t 5.180863e+01 5.210595e+01 3.802718e+01 6.297167e+01 5.472634e+01
24t 6.000195e-01 1.051289e+00 7.095734e-01 5.311101e-01 3.460264e+00
25t 6.820378e-01 6.159870e-01 5.963000e-01 5.641474e-01 4.433063e-01
26t 3.586773e-01 3.486112e-01 3.565558e-01 3.951945e-01 3.205550e-01
27t 1.095028e+02 9.471726e+01 7.967180e+01 1.238184e+02 7.734435e+01
28t 2.582679e+02 9.397701e+02 3.176642e+02 2.197970e+02 2.220173e+02
29t 2.973699e+02 3.004070e+02 2.993387e+02 2.869148e+02 3.491113e+02
30t 1.201732e+01 1.141305e+01 1.164024e+01 1.920619e+01 1.229512e+01
31t 1.712893e+02 1.975255e+02 1.769754e+02 1.920634e+02 1.386128e+02
32t 5.944754e+02 3.132958e+02 3.576106e+02 3.250806e+02 5.076271e+02
33t 1.145550e+02 8.518688e+01 1.004187e+02 1.134929e+02 1.202264e+02
34t 2.885818e+01 2.361728e+01 2.792563e+01 2.405846e+01 2.291250e+01
35t 1.245676e+04 1.287662e+04 1.265661e+04 1.430720e+04 1.289256e+04
36t 1.883360e+05 1.943786e+05 1.937079e+05 2.102951e+05 2.346891e+05
37t 5.550467e+01 5.746897e+01 5.633198e+01 5.092502e+01 6.210486e+01
38t 3.426892e+05 2.325437e+05 2.681229e+05 3.150694e+05 1.601777e+05
39t 5.896085e+00 7.075673e+00 6.934449e+00 7.421734e+00 5.132601e+00
40t 3.253317e+01 6.430488e+01 3.881706e+01 1.600128e+02 1.579944e+02
41t 4.504666e+02 4.490310e+02 4.510486e+02 4.458577e+02 4.496076e+02
42t 3.039014e+02 3.147790e+02 2.991935e+02 4.553646e+02 3.519093e+02
43t 3.322837e+02 3.471935e+02 3.209616e+02 5.686795e+02 4.244747e+02
44t 9.320781e+02 9.296843e+02 9.237447e+02 9.663680e+02 9.551375e+02
45t 9.273099e+02 9.388518e+02 9.272460e+02 9.588553e+02 9.417900e+02
46t 9.264095e+02 9.436993e+02 9.276656e+02 1.101779e+03 9.451341e+02
47t 1.020460e+03 5.511853e+02 1.025708e+03 1.192951e+03 5.442270e+02
48t 9.330566e+02 9.901295e+02 9.225889e+02 1.399356e+03 9.909260e+02
49t 1.016537e+03 5.579348e+02 1.023740e+03 1.205553e+03 5.608082e+02
50t 8.985692e+02 1.033221e+03 9.469591e+02 1.307586e+03 1.270813e+03
# 2025-12-18 21:27:50 -03: Finished testing
