# 2025-09-19 00:54:26 -03: Reading parameter file '/home/dianag/PruebasPablo/irace-test-executions/ACOTSP-withRanking/Scenarios-2/BH-90/Runs/BH-90_seed_400031/parameters.txt'.
# 2025-09-19 00:54:26 -03: 1 expression(s) specifying forbidden configurations read.
# 2025-09-19 00:54:26 -03: Initialization
# Elitist race
# Elitist new instances: 1
# Elitist limit: 2
# nbIterations: 5
# minNbSurvival: 5
# nbParameters: 11
# seed: 400031
# confidence level: 0.95
# budget: 5500
# mu: 5
# deterministic: FALSE

# 2025-09-19 00:54:27 -03: Iteration 1 of 5
# experimentsUsed: 0
# remainingBudget: 5500
# currentBudget: 1100
# nbConfigurations: 90
# Markers:
     x No test is performed.
     c Configurations are discarded only due to capping.
     - The test is performed and some configurations are discarded.
     = The test is performed but no configuration is discarded.
     ! The test is performed and configurations could be discarded but elite configurations are preserved.
     . All alive configurations are elite and nothing is discarded.

+-+-----------+-----------+-----------+----------------+-----------+--------+-----+----+------+
| |   Instance|      Alive|       Best|       Mean best| Exp so far|  W time|  rho|KenW|  Qvar|
+-+-----------+-----------+-----------+----------------+-----------+--------+-----+----+------+
|x|          1|         90|         46|     32751188.00|         90|00:01:58|   NA|  NA|    NA|
|x|          2|         90|         17|     32762029.50|        180|00:01:54|+0.97|0.99|0.0025|
|x|          3|         90|         17|     32769450.00|        270|00:01:56|+0.97|0.98|0.0034|
|x|          4|         90|         17|     32839095.50|        360|00:01:55|+0.98|0.98|0.0031|
|-|          5|          5|         46|     32761276.00|        450|00:01:55|+0.34|0.47|0.4869|
+-+-----------+-----------+-----------+----------------+-----------+--------+-----+----+------+
Best-so-far configuration:          46    mean value:      32761276.00
Description of the best-so-far configuration:
   .ID. algorithm localsearch alpha beta  rho ants   q0 rasrank elitistants
46   46       acs           3  4.59 7.08 0.25   39 0.01      NA          NA
   nnls dlb .PARENT.
46   25   0       NA

# 2025-09-19 01:04:08 -03: Elite configurations (first number is the configuration ID; listed from best to worst according to the sum of ranks):
   algorithm localsearch alpha beta  rho ants   q0 rasrank elitistants nnls dlb
46       acs           3  4.59 7.08 0.25   39 0.01      NA          NA   25   0
17       ras           3  2.32 0.05 0.64   26   NA      39          NA   38   0
85      mmas           3  2.13 3.09 0.12   18   NA      NA          NA   10   1
36       ras           3  3.65 1.45 0.81   21   NA       9          NA   33   0
14       eas           3  1.54 9.11 0.17    5   NA      NA         541   20   1
# 2025-09-19 01:04:08 -03: Iteration 2 of 5
# experimentsUsed: 450
# remainingBudget: 5050
# currentBudget: 1262
# nbConfigurations: 90
# Markers:
     x No test is performed.
     c Configurations are discarded only due to capping.
     - The test is performed and some configurations are discarded.
     = The test is performed but no configuration is discarded.
     ! The test is performed and configurations could be discarded but elite configurations are preserved.
     . All alive configurations are elite and nothing is discarded.

+-+-----------+-----------+-----------+----------------+-----------+--------+-----+----+------+
| |   Instance|      Alive|       Best|       Mean best| Exp so far|  W time|  rho|KenW|  Qvar|
+-+-----------+-----------+-----------+----------------+-----------+--------+-----+----+------+
|x|          6|         90|        131|     32870488.00|         90|00:02:21|   NA|  NA|    NA|
|x|          4|         90|        131|     32946477.00|        175|00:02:17|+0.96|0.98|0.0022|
|x|          1|         90|        131|     32871709.67|        260|00:02:18|+0.97|0.98|0.0028|
|x|          3|         90|        131|     32843838.00|        345|00:02:20|+0.97|0.98|0.0025|
|-|          2|          9|        131|     32808157.00|        430|00:02:22|+0.23|0.39|0.5888|
|-|          5|          6|        131|     32747230.33|        434|00:00:15|+0.05|0.21|0.6996|
|=|          7|          6|        131|     32728905.14|        440|00:00:24|+0.01|0.15|0.7655|
|=|          8|          6|        131|     32690118.50|        446|00:00:26|+0.10|0.21|0.6983|
+-+-----------+-----------+-----------+----------------+-----------+--------+-----+----+------+
Best-so-far configuration:         131    mean value:      32690118.50
Description of the best-so-far configuration:
    .ID. algorithm localsearch alpha beta  rho ants   q0 rasrank elitistants
131  131       acs           3  3.88 4.83 0.09   24 0.02      NA          NA
    nnls dlb .PARENT.
131   17   1       46

# 2025-09-19 01:16:55 -03: Elite configurations (first number is the configuration ID; listed from best to worst according to the sum of ranks):
    algorithm localsearch alpha beta  rho ants   q0 rasrank elitistants nnls
131       acs           3  3.88 4.83 0.09   24 0.02      NA          NA   17
46        acs           3  4.59 7.08 0.25   39 0.01      NA          NA   25
85       mmas           3  2.13 3.09 0.12   18   NA      NA          NA   10
17        ras           3  2.32 0.05 0.64   26   NA      39          NA   38
167       acs           3  4.78 9.82 0.32   24 0.68      NA          NA   26
    dlb
131   1
46    0
85    1
17    0
167   1
# 2025-09-19 01:16:55 -03: Iteration 3 of 5
# experimentsUsed: 896
# remainingBudget: 4604
# currentBudget: 1534
# nbConfigurations: 90
# Markers:
     x No test is performed.
     c Configurations are discarded only due to capping.
     - The test is performed and some configurations are discarded.
     = The test is performed but no configuration is discarded.
     ! The test is performed and configurations could be discarded but elite configurations are preserved.
     . All alive configurations are elite and nothing is discarded.

+-+-----------+-----------+-----------+----------------+-----------+--------+-----+----+------+
| |   Instance|      Alive|       Best|       Mean best| Exp so far|  W time|  rho|KenW|  Qvar|
+-+-----------+-----------+-----------+----------------+-----------+--------+-----+----+------+
|x|          9|         90|        223|     32134507.00|         90|00:02:27|   NA|  NA|    NA|
|x|          2|         90|        235|     32416570.00|        175|00:02:20|+0.92|0.96|0.0009|
|x|          5|         90|        228|     32428640.33|        260|00:02:21|+0.92|0.95|0.0014|
|x|          6|         90|        196|     32543071.00|        345|00:02:23|+0.92|0.94|0.0014|
|-|          4|         14|        196|     32634785.00|        430|00:02:15|+0.29|0.43|0.5810|
|-|          3|         13|        196|     32641305.17|        439|00:00:17|+0.26|0.39|0.6131|
|!|          1|         13|        193|     32647001.71|        447|00:00:15|+0.33|0.43|0.5585|
|!|          7|         13|        193|     32634656.75|        455|00:00:14|+0.27|0.36|0.6383|
|-|          8|          8|        193|     32615215.33|        463|00:00:17|-0.03|0.08|0.8991|
|=|         10|          8|        193|     32648469.90|        471|00:00:10|-0.02|0.08|0.8809|
|=|         11|          8|        193|     32635728.27|        479|00:00:10|+0.00|0.09|0.8526|
+-+-----------+-----------+-----------+----------------+-----------+--------+-----+----+------+
Best-so-far configuration:         193    mean value:      32635728.27
Description of the best-so-far configuration:
    .ID. algorithm localsearch alpha beta  rho ants   q0 rasrank elitistants
193  193       acs           3  2.87 2.71 0.35   42 0.21      NA          NA
    nnls dlb .PARENT.
193   27   1      131

# 2025-09-19 01:30:10 -03: Elite configurations (first number is the configuration ID; listed from best to worst according to the sum of ranks):
    algorithm localsearch alpha beta  rho ants   q0 rasrank elitistants nnls
193       acs           3  2.87 2.71 0.35   42 0.21      NA          NA   27
228       acs           3  3.40 1.39 0.36    5 0.27      NA          NA   16
196       acs           3  1.51 5.29 0.18   33 0.42      NA          NA   10
235       acs           3  3.47 4.40 0.27   16 0.12      NA          NA   28
254       acs           3  3.32 5.76 0.18   31 0.54      NA          NA   23
    dlb
193   1
228   1
196   1
235   1
254   1
# 2025-09-19 01:30:10 -03: Iteration 4 of 5
# experimentsUsed: 1375
# remainingBudget: 4125
# currentBudget: 2062
# nbConfigurations: 90
# Markers:
     x No test is performed.
     c Configurations are discarded only due to capping.
     - The test is performed and some configurations are discarded.
     = The test is performed but no configuration is discarded.
     ! The test is performed and configurations could be discarded but elite configurations are preserved.
     . All alive configurations are elite and nothing is discarded.

+-+-----------+-----------+-----------+----------------+-----------+--------+-----+----+------+
| |   Instance|      Alive|       Best|       Mean best| Exp so far|  W time|  rho|KenW|  Qvar|
+-+-----------+-----------+-----------+----------------+-----------+--------+-----+----+------+
|x|         12|         90|        304|     32569676.00|         90|00:01:47|   NA|  NA|    NA|
|x|         10|         90|        304|     32731220.50|        175|00:01:39|+0.83|0.91|0.0015|
|x|          4|         90|        304|     32813474.67|        260|00:01:38|+0.83|0.89|0.0011|
|x|          3|         90|        314|     32781739.25|        345|00:01:40|+0.82|0.86|0.0020|
|-|          9|         17|        314|     32643066.60|        430|00:01:37|-0.04|0.17|0.9780|
|=|          5|         17|        292|     32609120.00|        442|00:00:20|+0.02|0.18|0.9295|
|=|          7|         17|        314|     32586776.29|        454|00:00:20|+0.08|0.21|0.8720|
|-|          1|         13|        314|     32593289.12|        466|00:00:20|+0.12|0.23|0.8324|
|-|          8|         12|        314|     32574232.33|        474|00:00:10|+0.15|0.24|0.8101|
|!|          2|         12|        314|     32581407.10|        481|00:00:10|+0.17|0.25|0.7892|
|-|         11|         10|        282|     32581767.18|        488|00:00:10|+0.23|0.30|0.7076|
|-|          6|          5|        282|     32600845.00|        493|00:00:10|+0.04|0.12|0.7766|
+-+-----------+-----------+-----------+----------------+-----------+--------+-----+----+------+
Best configuration for the instances in this race: 282
Best-so-far configuration:         314    mean value:      32591211.50
Description of the best-so-far configuration:
    .ID. algorithm localsearch alpha beta rho ants   q0 rasrank elitistants
314  314       acs           3  2.54  3.1 0.5   43 0.12      NA          NA
    nnls dlb .PARENT.
314   22   1      193

# 2025-09-19 01:40:18 -03: Elite configurations (first number is the configuration ID; listed from best to worst according to the sum of ranks):
    algorithm localsearch alpha beta  rho ants   q0 rasrank elitistants nnls
314       acs           3  2.54 3.10 0.50   43 0.12      NA          NA   22
282       acs           3  2.33 4.86 0.38   51 0.40      NA          NA   21
311       acs           3  3.10 6.34 0.15   42 0.21      NA          NA   10
292       acs           3  2.44 5.02 0.10   43 0.54      NA          NA   16
278       acs           3  2.11 3.97 0.33   19 0.19      NA          NA   16
    dlb
314   1
282   1
311   1
292   1
278   1
# 2025-09-19 01:40:18 -03: Iteration 5 of 5
# experimentsUsed: 1868
# remainingBudget: 3632
# currentBudget: 3632
# nbConfigurations: 90
# Markers:
     x No test is performed.
     c Configurations are discarded only due to capping.
     - The test is performed and some configurations are discarded.
     = The test is performed but no configuration is discarded.
     ! The test is performed and configurations could be discarded but elite configurations are preserved.
     . All alive configurations are elite and nothing is discarded.

+-+-----------+-----------+-----------+----------------+-----------+--------+-----+----+------+
| |   Instance|      Alive|       Best|       Mean best| Exp so far|  W time|  rho|KenW|  Qvar|
+-+-----------+-----------+-----------+----------------+-----------+--------+-----+----+------+
|x|         13|         90|        394|     32555492.00|         90|00:01:33|   NA|  NA|    NA|
|x|          2|         90|        357|     32608274.00|        175|00:01:33|+0.76|0.88|0.0042|
|x|          9|         90|        314|     32440256.67|        260|00:01:33|+0.70|0.80|0.0042|
|x|          4|         90|        357|     32583729.25|        345|00:01:33|+0.71|0.78|0.0077|
|-|          3|         25|        367|     32589583.80|        430|00:01:33|-0.04|0.17|1.0115|
|=|          8|         25|        363|     32561395.67|        450|00:00:20|-0.01|0.16|0.9764|
|=|         11|         25|        363|     32545369.43|        470|00:00:20|+0.03|0.16|0.9524|
|=|         10|         25|        363|     32586989.25|        490|00:00:20|+0.05|0.17|0.9247|
|=|         12|         25|        348|     32595733.33|        510|00:00:21|+0.05|0.16|0.9304|
|-|          7|         18|        314|     32580138.30|        530|00:00:20|-0.00|0.10|0.9530|
|=|          1|         18|        314|     32585478.36|        543|00:00:20|-0.01|0.08|0.9559|
|=|          6|         18|        314|     32603394.83|        556|00:00:20|-0.00|0.08|0.9550|
|=|          5|         18|        314|     32590842.46|        569|00:00:20|-0.02|0.06|0.9642|
|=|         14|         18|        314|     32592335.86|        587|00:00:21|-0.01|0.06|0.9454|
+-+-----------+-----------+-----------+----------------+-----------+--------+-----+----+------+
Best-so-far configuration:         314    mean value:      32592335.86
Description of the best-so-far configuration:
    .ID. algorithm localsearch alpha beta rho ants   q0 rasrank elitistants
314  314       acs           3  2.54  3.1 0.5   43 0.12      NA          NA
    nnls dlb .PARENT.
314   22   1      193

# 2025-09-19 01:51:15 -03: Elite configurations (first number is the configuration ID; listed from best to worst according to the sum of ranks):
    algorithm localsearch alpha beta  rho ants   q0 rasrank elitistants nnls
314       acs           3  2.54 3.10 0.50   43 0.12      NA          NA   22
363       acs           3  2.17 5.85 0.17   45 0.65      NA          NA   10
364       acs           3  2.77 7.11 0.13   34 0.27      NA          NA   14
367       acs           3  2.87 6.55 0.15   41 0.26      NA          NA   12
282       acs           3  2.33 4.86 0.38   51 0.40      NA          NA   21
    dlb
314   1
363   1
364   1
367   1
282   1
# 2025-09-19 01:51:15 -03: Iteration 6 of 6
# experimentsUsed: 2455
# remainingBudget: 3045
# currentBudget: 3045
# nbConfigurations: 90
# Markers:
     x No test is performed.
     c Configurations are discarded only due to capping.
     - The test is performed and some configurations are discarded.
     = The test is performed but no configuration is discarded.
     ! The test is performed and configurations could be discarded but elite configurations are preserved.
     . All alive configurations are elite and nothing is discarded.

+-+-----------+-----------+-----------+----------------+-----------+--------+-----+----+------+
| |   Instance|      Alive|       Best|       Mean best| Exp so far|  W time|  rho|KenW|  Qvar|
+-+-----------+-----------+-----------+----------------+-----------+--------+-----+----+------+
|x|         15|         90|        475|     32674539.00|         90|00:01:33|   NA|  NA|    NA|
|x|          2|         90|        462|     32667146.00|        175|00:01:33|+0.43|0.72|0.1501|
|x|          7|         90|        436|     32609875.00|        260|00:01:33|+0.40|0.60|0.1539|
|x|          3|         90|        314|     32620734.25|        345|00:01:33|+0.39|0.54|0.1475|
|-|         11|         43|        439|     32592057.20|        430|00:01:33|-0.11|0.11|1.0804|
|=|          9|         43|        282|     32505888.17|        468|00:00:41|-0.08|0.10|1.0549|
|=|         14|         43|        314|     32523293.43|        506|00:00:41|-0.03|0.12|1.0012|
|=|         10|         43|        314|     32566338.25|        544|00:00:41|-0.01|0.11|0.9898|
|=|          1|         43|        314|     32574398.33|        582|00:00:41|+0.01|0.12|0.9729|
|=|          6|         43|        314|     32597006.10|        620|00:00:41|+0.03|0.13|0.9571|
|=|          8|         43|        314|     32581076.27|        658|00:00:41|+0.03|0.12|0.9582|
|=|          5|         43|        314|     32569337.75|        696|00:00:41|+0.03|0.11|0.9543|
|-|          4|         26|        314|     32602937.15|        734|00:00:41|-0.03|0.05|0.9911|
|=|         12|         26|        471|     32604106.29|        755|00:00:30|-0.02|0.05|0.9879|
|=|         13|         26|        314|     32601820.07|        776|00:00:31|-0.02|0.05|0.9845|
|=|         16|         26|        314|     32598916.50|        802|00:00:31|-0.02|0.05|0.9820|
+-+-----------+-----------+-----------+----------------+-----------+--------+-----+----+------+
Best-so-far configuration:         314    mean value:      32598916.50
Description of the best-so-far configuration:
    .ID. algorithm localsearch alpha beta rho ants   q0 rasrank elitistants
314  314       acs           3  2.54  3.1 0.5   43 0.12      NA          NA
    nnls dlb .PARENT.
314   22   1      193

# 2025-09-19 02:06:10 -03: Elite configurations (first number is the configuration ID; listed from best to worst according to the sum of ranks):
    algorithm localsearch alpha beta  rho ants   q0 rasrank elitistants nnls
314       acs           3  2.54 3.10 0.50   43 0.12      NA          NA   22
485       acs           3  3.12 7.95 0.12   34 0.31      NA          NA   13
471       acs           3  2.78 5.02 0.39   53 0.33      NA          NA   25
282       acs           3  2.33 4.86 0.38   51 0.40      NA          NA   21
363       acs           3  2.17 5.85 0.17   45 0.65      NA          NA   10
    dlb
314   1
485   1
471   1
282   1
363   1
# 2025-09-19 02:06:10 -03: Iteration 7 of 7
# experimentsUsed: 3257
# remainingBudget: 2243
# currentBudget: 2243
# nbConfigurations: 90
# Markers:
     x No test is performed.
     c Configurations are discarded only due to capping.
     - The test is performed and some configurations are discarded.
     = The test is performed but no configuration is discarded.
     ! The test is performed and configurations could be discarded but elite configurations are preserved.
     . All alive configurations are elite and nothing is discarded.

+-+-----------+-----------+-----------+----------------+-----------+--------+-----+----+------+
| |   Instance|      Alive|       Best|       Mean best| Exp so far|  W time|  rho|KenW|  Qvar|
+-+-----------+-----------+-----------+----------------+-----------+--------+-----+----+------+
|x|         17|         90|        538|     32300311.00|         90|00:01:34|   NA|  NA|    NA|
|x|         14|         90|        471|     32478548.50|        175|00:01:33|+0.30|0.65|0.3735|
|x|         15|         90|        538|     32550078.33|        260|00:01:33|+0.36|0.57|0.3343|
|x|          9|         90|        538|     32438336.50|        345|00:01:33|+0.34|0.51|0.3791|
|-|          7|         30|        538|     32451455.60|        430|00:01:33|-0.04|0.17|1.0506|
|=|         10|         30|        538|     32527211.17|        455|00:00:31|-0.04|0.13|1.0272|
|=|         13|         30|        538|     32536954.86|        480|00:00:31|-0.00|0.14|0.9890|
|=|          4|         30|        538|     32593668.38|        505|00:00:31|+0.01|0.13|0.9619|
|=|          2|         30|        314|     32602750.56|        530|00:00:31|+0.04|0.15|0.9342|
|-|          1|         18|        538|     32605206.00|        555|00:00:31|-0.05|0.06|0.9955|
|=|          5|         18|        548|     32585812.09|        568|00:00:20|-0.03|0.07|0.9718|
|=|          3|         18|        538|     32588740.08|        581|00:00:20|-0.03|0.06|0.9678|
|=|         16|         18|        314|     32593052.46|        594|00:00:20|-0.04|0.04|0.9789|
|=|         12|         18|        485|     32587471.93|        607|00:00:20|-0.03|0.04|0.9765|
|=|          8|         18|        314|     32582277.60|        620|00:00:20|-0.02|0.04|0.9694|
|=|          6|         18|        314|     32595915.00|        633|00:00:20|-0.01|0.05|0.9608|
|=|         11|         18|        314|     32589095.94|        646|00:00:20|-0.01|0.05|0.9552|
|=|         18|         18|        471|     32591824.11|        664|00:00:21|+0.00|0.06|0.9461|
+-+-----------+-----------+-----------+----------------+-----------+--------+-----+----+------+
Best-so-far configuration:         471    mean value:      32591824.11
Description of the best-so-far configuration:
    .ID. algorithm localsearch alpha beta  rho ants   q0 rasrank elitistants
471  471       acs           3  2.78 5.02 0.39   53 0.33      NA          NA
    nnls dlb .PARENT.
471   25   1      282

# 2025-09-19 02:19:22 -03: Elite configurations (first number is the configuration ID; listed from best to worst according to the sum of ranks):
    algorithm localsearch alpha beta  rho ants   q0 rasrank elitistants nnls
471       acs           3  2.78 5.02 0.39   53 0.33      NA          NA   25
314       acs           3  2.54 3.10 0.50   43 0.12      NA          NA   22
538       acs           3  2.82 6.90 0.13   36 0.35      NA          NA   15
558       acs           3  3.24 7.92 0.08   37 0.32      NA          NA   13
594       acs           3  2.56 4.81 0.39   49 0.40      NA          NA   19
    dlb
471   1
314   1
538   1
558   1
594   1
# 2025-09-19 02:19:22 -03: Stopped because there is not enough budget to enforce the value of nbConfigurations.
# Iteration: 8
# nbIterations: 8
# experimentsUsed: 3921
# timeUsed: 0
# remainingBudget: 1579
# currentBudget: 1579
# number of elites: 5
# nbConfigurations: 87
# Total CPU user time: 44837.45, CPU sys time: 330.675, Wall-clock time: 5095.739
# 2025-09-19 02:19:22 -03: Starting post-selection:
# Configurations selected: 471, 314, 538, 558, 594, 485, 282, 363, 364, 367, 311, 292, 278, 193, 228, 196.
# Pending instances: 1, 1, 1, 1, 1, 1, 1, 1, 3, 3, 5, 5, 5, 7, 7, 7.
# 2025-09-19 02:19:22 -03: seed: 400031
# Configurations: 16
# Available experiments: 1579
# minSurvival: 1
# Markers:
     x No test is performed.
     c Configurations are discarded only due to capping.
     - The test is performed and some configurations are discarded.
     = The test is performed but no configuration is discarded.
     ! The test is performed and configurations could be discarded but elite configurations are preserved.
     . All alive configurations are elite and nothing is discarded.

+-+-----------+-----------+-----------+----------------+-----------+--------+-----+----+------+
| |   Instance|      Alive|       Best|       Mean best| Exp so far|  W time|  rho|KenW|  Qvar|
+-+-----------+-----------+-----------+----------------+-----------+--------+-----+----+------+
|.|          2|         16|        485|     32618594.00|          0|00:00:00|   NA|  NA|    NA|
|x|         16|         16|        363|     32601424.50|          6|00:00:10|+0.11|0.56|0.7749|
|.|          6|         16|        363|     32698588.33|          6|00:00:00|+0.20|0.46|0.7380|
|x|         14|         16|        314|     32653392.25|          9|00:00:10|+0.10|0.33|0.8101|
|.|          4|         16|        314|     32723939.80|          9|00:00:00|+0.16|0.33|0.7623|
|.|          7|         16|        314|     32678597.67|          9|00:00:00|+0.17|0.31|0.7591|
|x|         18|         16|        471|     32678925.57|         17|00:00:10|+0.11|0.23|0.8067|
|.|         12|         16|        471|     32665656.75|         17|00:00:00|+0.13|0.24|0.7861|
|.|          9|         16|        471|     32605982.44|         17|00:00:00|+0.17|0.26|0.7513|
|x|         15|         16|        314|     32622528.90|         23|00:00:10|+0.17|0.25|0.7268|
|.|          3|         16|        314|     32625069.09|         23|00:00:00|+0.18|0.25|0.7334|
|x|         13|         16|        314|     32621847.83|         26|00:00:10|+0.19|0.26|0.7222|
|x|         17|         16|        367|     32594894.23|         34|00:00:10|+0.20|0.26|0.7281|
|.|         10|         16|        367|     32615977.86|         34|00:00:00|+0.16|0.22|0.7598|
|.|         11|         16|        367|     32607888.20|         34|00:00:00|+0.15|0.20|0.7791|
|.|          1|         16|        367|     32612059.31|         34|00:00:00|+0.14|0.19|0.7903|
|.|          5|         16|        367|     32603218.35|         34|00:00:00|+0.13|0.18|0.7991|
|.|          8|         16|        367|     32598624.72|         34|00:00:00|+0.15|0.19|0.7873|
|-|         19|         10|        471|     32591753.32|         50|00:00:20|-0.04|0.01|0.9379|
|=|         20|         10|        538|     32600957.35|         60|00:00:10|-0.03|0.02|0.9329|
|=|         21|         10|        538|     32590618.71|         70|00:00:10|-0.03|0.02|0.9283|
|=|         22|         10|        538|     32594741.18|         80|00:00:10|-0.03|0.02|0.9235|
|=|         23|         10|        363|     32602045.78|         90|00:00:10|-0.03|0.02|0.9214|
|=|         24|         10|        363|     32599358.88|        100|00:00:10|-0.02|0.02|0.9193|
|=|         25|         10|        558|     32593522.92|        110|00:00:10|-0.02|0.02|0.9187|
|=|         26|         10|        558|     32605217.65|        120|00:00:10|-0.03|0.01|0.9213|
|=|         27|         10|        363|     32605825.74|        130|00:00:10|-0.03|0.01|0.9229|
|=|         28|         10|        363|     32621018.64|        140|00:00:10|-0.02|0.02|0.9162|
|=|         29|         10|        558|     32619753.59|        150|00:00:10|-0.01|0.02|0.9121|
|=|         30|         10|        363|     32625249.90|        160|00:00:10|-0.02|0.02|0.9141|
|=|         31|         10|        538|     32612953.61|        170|00:00:10|-0.02|0.02|0.9115|
|=|         32|         10|        363|     32616176.94|        180|00:00:10|-0.01|0.02|0.9062|
|=|         33|         10|        558|     32612782.18|        190|00:00:10|-0.01|0.02|0.9087|
|=|         34|         10|        363|     32622180.38|        200|00:00:10|-0.01|0.02|0.9053|
|=|         35|         10|        363|     32614120.83|        210|00:00:10|-0.00|0.02|0.9045|
|=|         36|         10|        363|     32610040.44|        220|00:00:10|-0.00|0.03|0.9033|
|=|         37|         10|        363|     32603797.27|        230|00:00:10|+0.00|0.03|0.9006|
|=|         38|         10|        363|     32599309.47|        240|00:00:10|+0.00|0.03|0.8974|
|=|         39|         10|        363|     32604170.62|        250|00:00:10|+0.00|0.03|0.8995|
|=|         40|         10|        363|     32606377.38|        260|00:00:10|+0.00|0.03|0.9023|
|=|         41|         10|        363|     32603852.24|        270|00:00:10|+0.01|0.03|0.8978|
|=|         42|         10|        363|     32596860.17|        280|00:00:10|+0.01|0.03|0.8946|
|=|         43|         10|        363|     32587141.84|        290|00:00:10|+0.01|0.03|0.8942|
|=|         44|         10|        363|     32587216.82|        300|00:00:10|+0.01|0.03|0.8948|
|=|         45|         10|        363|     32583573.11|        310|00:00:10|+0.01|0.03|0.8946|
|=|         46|         10|        363|     32580686.93|        320|00:00:10|+0.01|0.03|0.8924|
|=|         47|         10|        363|     32578119.43|        330|00:00:10|+0.01|0.03|0.8905|
|=|         48|         10|        363|     32579012.38|        340|00:00:10|+0.01|0.03|0.8878|
|=|         49|         10|        363|     32572614.29|        350|00:00:10|+0.01|0.03|0.8869|
|=|         50|         10|        363|     32574512.66|        360|00:00:10|+0.01|0.03|0.8875|
|=|         51|         10|        363|     32579941.61|        370|00:00:10|+0.01|0.03|0.8875|
|=|         52|         10|        363|     32589861.33|        380|00:00:10|+0.01|0.03|0.8880|
|=|         53|         10|        363|     32591878.60|        390|00:00:10|+0.01|0.03|0.8887|
|=|         54|         10|        363|     32588601.15|        400|00:00:10|+0.01|0.02|0.8914|
|=|         55|         10|        363|     32584111.47|        410|00:00:10|+0.01|0.02|0.8906|
|=|         56|         10|        363|     32581895.18|        420|00:00:10|+0.01|0.02|0.8910|
|=|         57|         10|        363|     32582124.47|        430|00:00:10|+0.00|0.02|0.8918|
|=|         58|         10|        558|     32577760.24|        440|00:00:10|+0.00|0.02|0.8924|
|=|         59|         10|        363|     32581365.73|        450|00:00:10|+0.00|0.02|0.8921|
|=|         60|         10|        558|     32576201.05|        460|00:00:10|+0.00|0.02|0.8917|
|=|         61|         10|        363|     32580979.28|        470|00:00:10|+0.01|0.02|0.8894|
|=|         62|         10|        558|     32581813.08|        480|00:00:10|+0.01|0.02|0.8882|
|=|         63|         10|        558|     32582001.19|        490|00:00:10|+0.01|0.03|0.8868|
|=|         64|         10|        558|     32580155.38|        500|00:00:10|+0.01|0.03|0.8859|
|=|         65|         10|        558|     32580418.54|        510|00:00:10|+0.01|0.03|0.8862|
|-|         66|          7|        558|     32575971.21|        520|00:00:10|-0.01|0.01|0.8621|
|=|         67|          7|        558|     32574775.49|        527|00:00:10|-0.01|0.01|0.8602|
|=|         68|          7|        558|     32576419.16|        534|00:00:10|-0.00|0.01|0.8588|
|=|         69|          7|        558|     32574211.20|        541|00:00:10|-0.00|0.01|0.8573|
|=|         70|          7|        558|     32572068.07|        548|00:00:10|-0.00|0.01|0.8576|
|=|         71|          7|        558|     32573545.23|        555|00:00:10|-0.00|0.01|0.8598|
|=|         72|          7|        558|     32578413.25|        562|00:00:10|-0.00|0.01|0.8582|
|=|         73|          7|        558|     32582236.59|        569|00:00:10|-0.00|0.01|0.8570|
|=|         74|          7|        558|     32583598.14|        576|00:00:10|+0.00|0.01|0.8554|
|=|         75|          7|        558|     32583283.81|        583|00:00:10|-0.00|0.01|0.8560|
|=|         76|          7|        558|     32585485.87|        590|00:00:10|+0.00|0.01|0.8557|
|=|         77|          7|        558|     32586800.55|        597|00:00:10|+0.00|0.01|0.8562|
|=|         78|          7|        558|     32592379.46|        604|00:00:10|-0.00|0.01|0.8577|
|=|         79|          7|        363|     32597035.91|        611|00:00:10|-0.00|0.01|0.8581|
|=|         80|          7|        558|     32598710.45|        618|00:00:10|-0.00|0.01|0.8586|
|=|         81|          7|        363|     32599946.17|        625|00:00:10|-0.00|0.01|0.8572|
|=|         82|          7|        363|     32597328.32|        632|00:00:10|+0.00|0.01|0.8559|
|=|         83|          7|        363|     32598972.77|        639|00:00:10|+0.00|0.01|0.8549|
|=|         84|          7|        363|     32595675.31|        646|00:00:10|+0.00|0.01|0.8545|
|=|         85|          7|        363|     32599996.08|        653|00:00:10|+0.00|0.01|0.8549|
|=|         86|          7|        363|     32601275.64|        660|00:00:10|+0.00|0.01|0.8544|
|=|         87|          7|        558|     32598924.48|        667|00:00:10|+0.00|0.01|0.8548|
|=|         88|          7|        558|     32597549.15|        674|00:00:10|+0.00|0.01|0.8551|
|=|         89|          7|        558|     32598276.26|        681|00:00:10|+0.00|0.01|0.8543|
|=|         90|          7|        558|     32595646.01|        688|00:00:10|+0.00|0.01|0.8557|
|=|         91|          7|        558|     32594973.77|        695|00:00:10|+0.00|0.01|0.8558|
|=|         92|          7|        558|     32595684.52|        702|00:00:10|+0.00|0.01|0.8558|
|=|         93|          7|        558|     32592238.45|        709|00:00:10|+0.00|0.01|0.8566|
|=|         94|          7|        558|     32592709.96|        716|00:00:10|+0.00|0.01|0.8575|
|=|         95|          7|        558|     32593266.09|        723|00:00:10|+0.00|0.01|0.8564|
|=|         96|          7|        558|     32597034.69|        730|00:00:10|+0.00|0.01|0.8572|
|=|         97|          7|        558|     32595102.64|        737|00:00:10|+0.00|0.01|0.8557|
|=|         98|          7|        558|     32589279.36|        744|00:00:10|+0.00|0.01|0.8551|
|=|         99|          7|        367|     32588780.22|        751|00:00:10|+0.00|0.01|0.8548|
|=|        100|          7|        558|     32588224.78|        758|00:00:10|+0.00|0.01|0.8546|
|=|        101|          7|        558|     32588227.35|        765|00:00:10|+0.00|0.01|0.8542|
|=|        102|          7|        367|     32586957.80|        772|00:00:10|+0.01|0.01|0.8537|
|=|        103|          7|        367|     32585626.16|        779|00:00:10|+0.00|0.01|0.8546|
|=|        104|          7|        367|     32587529.04|        786|00:00:10|+0.00|0.01|0.8546|
|=|        105|          7|        367|     32587343.62|        793|00:00:10|+0.00|0.01|0.8538|
|=|        106|          7|        367|     32590640.01|        800|00:00:10|+0.01|0.01|0.8528|
|=|        107|          7|        367|     32593164.48|        807|00:00:10|+0.01|0.02|0.8521|
|=|        108|          7|        367|     32591578.74|        814|00:00:10|+0.00|0.01|0.8537|
|=|        109|          7|        367|     32587565.80|        821|00:00:10|+0.01|0.01|0.8525|
|=|        110|          7|        367|     32586134.37|        828|00:00:10|+0.01|0.02|0.8517|
|=|        111|          7|        367|     32586663.65|        835|00:00:10|+0.01|0.01|0.8522|
|=|        112|          7|        558|     32586742.16|        842|00:00:10|+0.01|0.01|0.8532|
|=|        113|          7|        367|     32584678.25|        849|00:00:10|+0.01|0.01|0.8530|
|=|        114|          7|        367|     32582498.61|        856|00:00:10|+0.00|0.01|0.8546|
|=|        115|          7|        367|     32579853.45|        863|00:00:10|+0.00|0.01|0.8545|
|=|        116|          7|        367|     32577794.47|        870|00:00:10|+0.00|0.01|0.8548|
|=|        117|          7|        367|     32577353.37|        877|00:00:10|+0.00|0.01|0.8546|
|=|        118|          7|        367|     32578843.56|        884|00:00:10|+0.01|0.01|0.8535|
|=|        119|          7|        558|     32580787.64|        891|00:00:10|+0.01|0.01|0.8527|
|=|        120|          7|        367|     32580089.82|        898|00:00:10|+0.01|0.02|0.8517|
|=|        121|          7|        367|     32578735.47|        905|00:00:10|+0.01|0.02|0.8510|
|-|        122|          5|        367|     32577702.55|        912|00:00:10|+0.00|0.01|0.7992|
|=|        123|          5|        367|     32577604.08|        917|00:00:10|+0.00|0.01|0.8000|
|=|        124|          5|        367|     32579641.08|        922|00:00:10|+0.00|0.01|0.7995|
|=|        125|          5|        367|     32579564.97|        927|00:00:10|-0.00|0.01|0.8006|
|=|        126|          5|        367|     32580344.02|        932|00:00:10|+0.00|0.01|0.7998|
|=|        127|          5|        367|     32578053.52|        937|00:00:10|+0.00|0.01|0.7991|
|=|        128|          5|        367|     32576478.25|        942|00:00:10|+0.00|0.01|0.7998|
|=|        129|          5|        367|     32578005.12|        947|00:00:10|+0.00|0.01|0.8002|
|=|        130|          5|        558|     32578474.94|        952|00:00:10|+0.00|0.01|0.8001|
|=|        131|          5|        367|     32574040.31|        957|00:00:10|+0.00|0.01|0.7996|
|=|        132|          5|        367|     32572027.79|        962|00:00:10|+0.00|0.01|0.7996|
|=|        133|          5|        367|     32574515.53|        967|00:00:10|+0.00|0.01|0.7993|
|=|        134|          5|        367|     32575219.01|        972|00:00:10|+0.00|0.01|0.7995|
|=|        135|          5|        367|     32576169.67|        977|00:00:10|+0.00|0.01|0.8000|
|=|        136|          5|        367|     32577814.61|        982|00:00:10|+0.00|0.01|0.8004|
|=|        137|          5|        367|     32576944.62|        987|00:00:10|+0.00|0.01|0.7998|
|=|        138|          5|        367|     32577602.75|        992|00:00:10|+0.00|0.01|0.7997|
|=|        139|          5|        367|     32576391.94|        997|00:00:10|+0.00|0.01|0.7992|
|=|        140|          5|        367|     32576044.59|       1002|00:00:10|+0.00|0.01|0.7990|
|=|        141|          5|        367|     32576539.10|       1007|00:00:10|+0.00|0.01|0.7993|
|=|        142|          5|        367|     32573973.49|       1012|00:00:10|+0.00|0.01|0.7984|
|=|        143|          5|        367|     32574380.45|       1017|00:00:10|+0.00|0.01|0.7994|
|=|        144|          5|        367|     32573871.87|       1022|00:00:10|+0.00|0.01|0.7991|
|=|        145|          5|        367|     32571883.24|       1027|00:00:10|-0.00|0.01|0.7999|
|=|        146|          5|        367|     32569961.04|       1032|00:00:10|-0.00|0.01|0.8002|
|=|        147|          5|        367|     32569917.61|       1037|00:00:10|-0.00|0.01|0.8008|
|=|        148|          5|        558|     32569929.27|       1042|00:00:10|-0.00|0.01|0.8000|
|=|        149|          5|        558|     32567714.66|       1047|00:00:10|+0.00|0.01|0.7994|
|=|        150|          5|        558|     32565672.95|       1052|00:00:10|-0.00|0.01|0.7999|
|=|        151|          5|        367|     32565291.87|       1057|00:00:10|-0.00|0.01|0.8001|
|=|        152|          5|        558|     32568714.91|       1062|00:00:10|-0.00|0.00|0.8008|
|=|        153|          5|        558|     32569388.10|       1067|00:00:10|-0.00|0.00|0.8009|
|=|        154|          5|        558|     32571012.10|       1072|00:00:10|-0.00|0.00|0.8010|
|=|        155|          5|        558|     32567590.84|       1077|00:00:10|-0.00|0.00|0.8013|
|=|        156|          5|        558|     32565810.60|       1082|00:00:10|-0.00|0.00|0.8013|
|=|        157|          5|        558|     32566754.08|       1087|00:00:10|-0.00|0.00|0.8019|
|=|        158|          5|        558|     32564746.34|       1092|00:00:10|-0.00|0.00|0.8019|
|=|        159|          5|        558|     32564954.70|       1097|00:00:10|-0.00|0.00|0.8022|
|=|        160|          5|        367|     32564318.08|       1102|00:00:10|-0.00|0.00|0.8023|
|=|        161|          5|        363|     32565684.11|       1107|00:00:10|-0.00|0.00|0.8027|
|=|        162|          5|        367|     32563406.10|       1112|00:00:10|-0.00|0.00|0.8026|
|=|        163|          5|        367|     32563154.29|       1117|00:00:10|-0.00|0.00|0.8025|
|=|        164|          5|        367|     32564590.31|       1122|00:00:10|-0.00|0.00|0.8025|
|=|        165|          5|        367|     32564188.13|       1127|00:00:10|-0.00|0.00|0.8023|
|=|        166|          5|        363|     32566030.64|       1132|00:00:10|-0.00|0.00|0.8024|
|=|        167|          5|        367|     32560928.49|       1137|00:00:10|-0.00|0.01|0.8022|
|=|        168|          5|        363|     32564303.82|       1142|00:00:10|-0.00|0.01|0.8019|
|=|        169|          5|        363|     32562862.61|       1147|00:00:10|-0.00|0.01|0.8015|
|=|        170|          5|        363|     32563079.89|       1152|00:00:10|-0.00|0.00|0.8020|
|=|        171|          5|        363|     32562728.99|       1157|00:00:10|-0.00|0.01|0.8018|
|=|        172|          5|        558|     32563257.93|       1162|00:00:10|-0.00|0.01|0.8016|
|=|        173|          5|        367|     32561223.57|       1167|00:00:10|-0.00|0.01|0.8017|
|=|        174|          5|        367|     32561533.03|       1172|00:00:10|-0.00|0.01|0.8016|
|=|        175|          5|        367|     32560874.97|       1177|00:00:10|-0.00|0.00|0.8019|
|=|        176|          5|        367|     32560415.18|       1182|00:00:10|-0.00|0.01|0.8015|
|=|        177|          5|        367|     32560626.51|       1187|00:00:10|-0.00|0.01|0.8013|
|=|        178|          5|        558|     32562330.02|       1192|00:00:10|-0.00|0.01|0.8015|
|=|        179|          5|        367|     32558845.04|       1197|00:00:10|-0.00|0.01|0.8013|
|=|        180|          5|        367|     32558820.26|       1202|00:00:10|+0.00|0.01|0.8009|
|=|        181|          5|        367|     32558638.93|       1207|00:00:10|+0.00|0.01|0.8009|
|=|        182|          5|        558|     32560224.75|       1212|00:00:10|+0.00|0.01|0.8007|
|=|        183|          5|        558|     32560165.30|       1217|00:00:10|+0.00|0.01|0.8008|
|=|        184|          5|        558|     32560337.71|       1222|00:00:10|-0.00|0.01|0.8008|
|=|        185|          5|        558|     32562489.41|       1227|00:00:10|-0.00|0.01|0.8009|
|=|        186|          5|        558|     32563634.71|       1232|00:00:10|-0.00|0.00|0.8010|
|=|        187|          5|        558|     32564323.25|       1237|00:00:10|-0.00|0.00|0.8009|
|=|        188|          5|        558|     32563871.63|       1242|00:00:10|-0.00|0.01|0.8007|
|=|        189|          5|        558|     32561496.62|       1247|00:00:10|+0.00|0.01|0.8007|
|=|        190|          5|        558|     32561510.41|       1252|00:00:10|+0.00|0.01|0.8005|
|=|        191|          5|        558|     32562137.63|       1257|00:00:10|-0.00|0.01|0.8008|
|=|        192|          5|        558|     32563594.59|       1262|00:00:10|-0.00|0.00|0.8010|
|=|        193|          5|        558|     32565192.19|       1267|00:00:10|-0.00|0.00|0.8009|
|=|        194|          5|        558|     32565817.77|       1272|00:00:10|-0.00|0.00|0.8010|
|=|        195|          5|        558|     32564098.96|       1277|00:00:10|-0.00|0.00|0.8008|
|=|        196|          5|        558|     32565291.87|       1282|00:00:10|-0.00|0.00|0.8006|
|=|        197|          5|        558|     32565030.74|       1287|00:00:10|-0.00|0.00|0.8006|
|=|        198|          5|        558|     32563605.37|       1292|00:00:10|-0.00|0.00|0.8007|
|=|        199|          5|        558|     32563197.96|       1297|00:00:10|-0.00|0.00|0.8007|
|=|        200|          5|        558|     32563594.25|       1302|00:00:10|+0.00|0.01|0.8002|
|=|        201|          5|        558|     32563211.35|       1307|00:00:10|+0.00|0.01|0.8005|
|=|        202|          5|        558|     32561670.73|       1312|00:00:10|+0.00|0.01|0.8001|
|=|        203|          5|        558|     32560412.85|       1317|00:00:10|+0.00|0.01|0.8000|
|=|        204|          5|        558|     32561026.14|       1322|00:00:10|+0.00|0.01|0.8003|
|=|        205|          5|        558|     32561119.35|       1327|00:00:10|+0.00|0.01|0.8003|
|=|        206|          5|        558|     32560345.29|       1332|00:00:10|+0.00|0.01|0.8000|
|=|        207|          5|        558|     32559465.92|       1337|00:00:10|+0.00|0.01|0.7998|
|=|        208|          5|        558|     32558466.45|       1342|00:00:10|+0.00|0.01|0.7997|
|=|        209|          5|        367|     32559011.84|       1347|00:00:10|+0.00|0.01|0.7992|
|=|        210|          5|        367|     32558981.48|       1352|00:00:10|+0.00|0.01|0.7995|
|=|        211|          5|        367|     32558580.82|       1357|00:00:10|+0.00|0.01|0.8000|
|=|        212|          5|        367|     32557898.46|       1362|00:00:10|+0.00|0.01|0.8000|
|=|        213|          5|        367|     32559233.76|       1367|00:00:10|+0.00|0.01|0.7997|
|=|        214|          5|        558|     32560308.26|       1372|00:00:10|+0.00|0.01|0.7993|
|=|        215|          5|        558|     32559719.34|       1377|00:00:10|+0.00|0.01|0.7993|
|=|        216|          5|        558|     32561154.75|       1382|00:00:10|+0.00|0.01|0.7994|
|=|        217|          5|        558|     32561939.12|       1387|00:00:10|+0.00|0.01|0.7990|
|=|        218|          5|        558|     32561249.21|       1392|00:00:10|+0.00|0.01|0.7986|
|=|        219|          5|        558|     32562299.43|       1397|00:00:10|+0.00|0.01|0.7986|
|=|        220|          5|        558|     32562473.40|       1402|00:00:10|+0.00|0.01|0.7991|
|=|        221|          5|        558|     32563106.78|       1407|00:00:10|+0.00|0.01|0.7989|
|=|        222|          5|        558|     32560944.97|       1412|00:00:10|+0.00|0.01|0.7990|
|=|        223|          5|        558|     32561011.19|       1417|00:00:10|+0.00|0.01|0.7993|
|=|        224|          5|        558|     32562046.38|       1422|00:00:10|+0.00|0.01|0.7994|
|=|        225|          5|        558|     32562283.69|       1427|00:00:10|+0.00|0.01|0.7992|
|=|        226|          5|        558|     32561460.77|       1432|00:00:10|+0.00|0.01|0.7991|
|=|        227|          5|        558|     32561985.83|       1437|00:00:10|+0.00|0.01|0.7991|
|=|        228|          5|        558|     32561476.51|       1442|00:00:10|+0.00|0.01|0.7989|
|=|        229|          5|        558|     32560974.27|       1447|00:00:10|+0.00|0.01|0.7990|
|=|        230|          5|        558|     32561212.23|       1452|00:00:10|+0.00|0.01|0.7986|
|=|        231|          5|        558|     32559185.69|       1457|00:00:10|+0.00|0.01|0.7984|
|=|        232|          5|        558|     32559268.66|       1462|00:00:10|+0.00|0.01|0.7981|
|=|        233|          5|        558|     32558448.76|       1467|00:00:10|+0.00|0.01|0.7976|
|=|        234|          5|        558|     32557290.56|       1472|00:00:10|+0.00|0.01|0.7973|
|=|        235|          5|        558|     32558475.87|       1477|00:00:10|+0.00|0.01|0.7976|
|=|        236|          5|        558|     32558304.26|       1482|00:00:10|+0.00|0.01|0.7977|
|=|        237|          5|        558|     32558978.72|       1487|00:00:10|+0.00|0.01|0.7978|
|=|        238|          5|        558|     32560678.49|       1492|00:00:10|+0.00|0.01|0.7973|
|=|        239|          5|        558|     32561984.85|       1497|00:00:10|+0.00|0.01|0.7974|
|=|        240|          5|        558|     32560912.12|       1502|00:00:10|+0.00|0.01|0.7979|
|=|        241|          5|        558|     32561025.06|       1507|00:00:10|+0.00|0.01|0.7981|
|=|        242|          5|        558|     32559851.13|       1512|00:00:10|+0.00|0.01|0.7978|
|=|        243|          5|        558|     32560368.36|       1517|00:00:10|+0.00|0.01|0.7974|
|=|        244|          5|        558|     32559807.84|       1522|00:00:10|+0.00|0.01|0.7973|
|=|        245|          5|        558|     32559716.90|       1527|00:00:10|+0.00|0.01|0.7971|
|=|        246|          5|        558|     32559284.38|       1532|00:00:10|+0.00|0.01|0.7969|
|=|        247|          5|        558|     32559191.87|       1537|00:00:10|+0.00|0.01|0.7972|
|=|        248|          5|        558|     32559642.23|       1542|00:00:10|+0.00|0.01|0.7968|
|=|        249|          5|        558|     32559819.25|       1547|00:00:10|+0.00|0.01|0.7967|
|=|        250|          5|        558|     32559460.79|       1552|00:00:10|+0.00|0.01|0.7963|
|=|        251|          5|        558|     32558955.04|       1557|00:00:10|+0.00|0.01|0.7965|
|=|        252|          5|        558|     32559205.19|       1562|00:00:10|+0.00|0.01|0.7964|
|=|        253|          5|        558|     32558742.46|       1567|00:00:10|+0.00|0.01|0.7962|
|=|        254|          5|        558|     32559281.47|       1572|00:00:10|+0.00|0.01|0.7961|
|=|        255|          5|        558|     32560369.94|       1577|00:00:10|+0.00|0.01|0.7957|
+-+-----------+-----------+-----------+----------------+-----------+--------+-----+----+------+
Best-so-far configuration:         558    mean value:      32560369.94
Description of the best-so-far configuration:
    .ID. algorithm localsearch alpha beta  rho ants   q0 rasrank elitistants
558  558       acs           3  3.24 7.92 0.08   37 0.32      NA          NA
    nnls dlb .PARENT.
558   13   1      485

# 2025-09-19 03:02:11 -03: Elite configurations (first number is the configuration ID; listed from best to worst according to the sum of ranks):
    algorithm localsearch alpha beta  rho ants   q0 rasrank elitistants nnls
558       acs           3  3.24 7.92 0.08   37 0.32      NA          NA   13
367       acs           3  2.87 6.55 0.15   41 0.26      NA          NA   12
363       acs           3  2.17 5.85 0.17   45 0.65      NA          NA   10
282       acs           3  2.33 4.86 0.38   51 0.40      NA          NA   21
538       acs           3  2.82 6.90 0.13   36 0.35      NA          NA   15
    dlb
558   1
367   1
363   1
282   1
538   1
# Total CPU user time: 61105.77, CPU sys time: 466.827, Wall-clock time: 7665.069
    .ID. algorithm localsearch alpha beta  rho ants   q0 rasrank elitistants
558  558       acs           3  3.24 7.92 0.08   37 0.32      NA          NA
367  367       acs           3  2.87 6.55 0.15   41 0.26      NA          NA
363  363       acs           3  2.17 5.85 0.17   45 0.65      NA          NA
282  282       acs           3  2.33 4.86 0.38   51 0.40      NA          NA
538  538       acs           3  2.82 6.90 0.13   36 0.35      NA          NA
    nnls dlb .PARENT. .RANK.   .WEIGHT.
558   13   1      485    715 0.33333333
367   12   1      311    739 0.26666667
363   10   1      292    781 0.20000000
282   21   1      193    783 0.13333333
538   15   1      485    807 0.06666667
