# 2025-09-08 23:41:11 -03: Reading parameter file '/home/dianag/PruebasPablo/irace-test-executions/ACOTSP-withRanking/Scenarios/BH-45/Runs/BH-45_seed_2314/parameters.txt'.
# 2025-09-08 23:41:11 -03: 1 expression(s) specifying forbidden configurations read.
# 2025-09-08 23:41:12 -03: Initialization
# Elitist race
# Elitist new instances: 1
# Elitist limit: 2
# nbIterations: 5
# minNbSurvival: 5
# nbParameters: 11
# seed: 2314
# confidence level: 0.95
# budget: 5500
# mu: 5
# deterministic: FALSE

# 2025-09-08 23:41:12 -03: Iteration 1 of 5
# experimentsUsed: 0
# remainingBudget: 5500
# currentBudget: 1100
# nbConfigurations: 45
# Markers:
     x No test is performed.
     c Configurations are discarded only due to capping.
     - The test is performed and some configurations are discarded.
     = The test is performed but no configuration is discarded.
     ! The test is performed and configurations could be discarded but elite configurations are preserved.
     . All alive configurations are elite and nothing is discarded.

+-+-----------+-----------+-----------+----------------+-----------+--------+-----+----+------+
| |   Instance|      Alive|       Best|       Mean best| Exp so far|  W time|  rho|KenW|  Qvar|
+-+-----------+-----------+-----------+----------------+-----------+--------+-----+----+------+
|x|          1|         45|         23|     32769421.00|         45|00:00:54|   NA|  NA|    NA|
|x|          2|         45|         23|     32784113.50|         90|00:01:01|+0.99|0.99|0.0015|
|x|          3|         45|         23|     32869545.67|        135|00:00:56|+0.99|0.99|0.0009|
|x|          4|         45|         23|     32826541.00|        180|00:01:00|+0.98|0.99|0.0008|
|-|          5|          2|         23|     32737472.60|        225|00:01:01|+1.00|1.00|0.0000|
+-+-----------+-----------+-----------+----------------+-----------+--------+-----+----+------+
Best-so-far configuration:          23    mean value:      32737472.60
Description of the best-so-far configuration:
   .ID. algorithm localsearch alpha beta  rho ants   q0 rasrank elitistants
23   23       acs           3  4.36 3.31 0.56   22 0.75      NA          NA
   nnls dlb .PARENT.
23   11   1       NA

# 2025-09-08 23:46:07 -03: Elite configurations (first number is the configuration ID; listed from best to worst according to the sum of ranks):
   algorithm localsearch alpha beta  rho ants   q0 rasrank elitistants nnls dlb
23       acs           3  4.36 3.31 0.56   22 0.75      NA          NA   11   1
35        as           3  3.18 2.53 0.70   68   NA      NA          NA   32   1
# 2025-09-08 23:46:07 -03: Iteration 2 of 5
# experimentsUsed: 225
# remainingBudget: 5275
# currentBudget: 1318
# nbConfigurations: 45
# Markers:
     x No test is performed.
     c Configurations are discarded only due to capping.
     - The test is performed and some configurations are discarded.
     = The test is performed but no configuration is discarded.
     ! The test is performed and configurations could be discarded but elite configurations are preserved.
     . All alive configurations are elite and nothing is discarded.

+-+-----------+-----------+-----------+----------------+-----------+--------+-----+----+------+
| |   Instance|      Alive|       Best|       Mean best| Exp so far|  W time|  rho|KenW|  Qvar|
+-+-----------+-----------+-----------+----------------+-----------+--------+-----+----+------+
|x|          6|         45|         64|     32743394.00|         45|00:01:06|   NA|  NA|    NA|
|x|          4|         45|         64|     32694898.50|         88|00:01:05|+0.95|0.97|0.0011|
|x|          5|         45|         64|     32570233.33|        131|00:01:05|+0.96|0.97|0.0015|
|x|          1|         45|         64|     32600704.50|        174|00:01:05|+0.96|0.97|0.0022|
|-|          3|          4|         64|     32690912.00|        217|00:01:05|+0.64|0.71|0.1957|
+-+-----------+-----------+-----------+----------------+-----------+--------+-----+----+------+
Best configuration for the instances in this race: 64
Best-so-far configuration:          23    mean value:      32755032.00
Description of the best-so-far configuration:
   .ID. algorithm localsearch alpha beta  rho ants   q0 rasrank elitistants
23   23       acs           3  4.36 3.31 0.56   22 0.75      NA          NA
   nnls dlb .PARENT.
23   11   1       NA

# 2025-09-08 23:51:35 -03: Elite configurations (first number is the configuration ID; listed from best to worst according to the sum of ranks):
   algorithm localsearch alpha beta  rho ants   q0 rasrank elitistants nnls dlb
23       acs           3  4.36 3.31 0.56   22 0.75      NA          NA   11   1
35        as           3  3.18 2.53 0.70   68   NA      NA          NA   32   1
64       acs           3  2.80 0.34 0.56   22 0.71      NA          NA   16   1
76      mmas           3  4.31 5.45 0.24   61   NA      NA          NA   21   1
# 2025-09-08 23:51:35 -03: Iteration 3 of 5
# experimentsUsed: 442
# remainingBudget: 5058
# currentBudget: 1686
# nbConfigurations: 45
# Markers:
     x No test is performed.
     c Configurations are discarded only due to capping.
     - The test is performed and some configurations are discarded.
     = The test is performed but no configuration is discarded.
     ! The test is performed and configurations could be discarded but elite configurations are preserved.
     . All alive configurations are elite and nothing is discarded.

+-+-----------+-----------+-----------+----------------+-----------+--------+-----+----+------+
| |   Instance|      Alive|       Best|       Mean best| Exp so far|  W time|  rho|KenW|  Qvar|
+-+-----------+-----------+-----------+----------------+-----------+--------+-----+----+------+
|x|          7|         45|         64|     32742395.00|         45|00:00:53|   NA|  NA|    NA|
|x|          6|         45|         64|     32742894.50|         86|00:00:52|+0.92|0.96|0.0016|
|x|          3|         45|         64|     32845843.67|        127|00:00:51|+0.91|0.94|0.0016|
|x|          1|         45|         64|     32807412.25|        168|00:00:51|+0.91|0.93|0.0020|
|-|          4|          9|         64|     32775210.40|        209|00:00:52|+0.42|0.54|0.4896|
|-|          5|          7|         64|     32699492.50|        214|00:00:10|+0.39|0.49|0.3698|
|-|          2|          5|         64|     32709759.71|        219|00:00:10|-0.08|0.07|0.7672|
+-+-----------+-----------+-----------+----------------+-----------+--------+-----+----+------+
Best-so-far configuration:          64    mean value:      32709759.71
Description of the best-so-far configuration:
   .ID. algorithm localsearch alpha beta  rho ants   q0 rasrank elitistants
64   64       acs           3   2.8 0.34 0.56   22 0.71      NA          NA
   nnls dlb .PARENT.
64   16   1       23

# 2025-09-08 23:56:18 -03: Elite configurations (first number is the configuration ID; listed from best to worst according to the sum of ranks):
    algorithm localsearch alpha beta  rho ants   q0 rasrank elitistants nnls
64        acs           3  2.80 0.34 0.56   22 0.71      NA          NA   16
124       acs           3  3.26 3.18 0.63   21 0.65      NA          NA   24
127       acs           3  3.57 3.16 0.85   62 0.58      NA          NA   26
76       mmas           3  4.31 5.45 0.24   61   NA      NA          NA   21
115       acs           3  3.25 0.35 0.35   25 0.69      NA          NA   13
    dlb
64    1
124   1
127   1
76    1
115   0
# 2025-09-08 23:56:18 -03: Iteration 4 of 5
# experimentsUsed: 661
# remainingBudget: 4839
# currentBudget: 2419
# nbConfigurations: 45
# Markers:
     x No test is performed.
     c Configurations are discarded only due to capping.
     - The test is performed and some configurations are discarded.
     = The test is performed but no configuration is discarded.
     ! The test is performed and configurations could be discarded but elite configurations are preserved.
     . All alive configurations are elite and nothing is discarded.

+-+-----------+-----------+-----------+----------------+-----------+--------+-----+----+------+
| |   Instance|      Alive|       Best|       Mean best| Exp so far|  W time|  rho|KenW|  Qvar|
+-+-----------+-----------+-----------+----------------+-----------+--------+-----+----+------+
|x|          8|         45|        141|     32532134.00|         45|00:00:59|   NA|  NA|    NA|
|x|          3|         45|        156|     32767516.50|         85|00:00:56|+0.59|0.80|0.0154|
|x|          2|         45|        156|     32727127.67|        125|00:01:00|+0.67|0.78|0.0113|
|x|          5|         45|        156|     32622661.75|        165|00:00:54|+0.72|0.79|0.0090|
|-|          4|         14|        153|     32610234.20|        205|00:00:57|+0.37|0.49|0.5889|
|-|          6|         12|        153|     32617847.83|        214|00:00:10|+0.37|0.47|0.5799|
|!|          7|         12|        153|     32636472.71|        221|00:00:10|+0.32|0.42|0.6333|
|-|          1|          6|        153|     32640105.62|        228|00:00:10|-0.03|0.10|0.8722|
|=|          9|          6|        153|     32640876.11|        234|00:00:10|-0.03|0.09|0.8496|
|=|         10|          6|        153|     32646372.70|        240|00:00:10|-0.02|0.08|0.8465|
+-+-----------+-----------+-----------+----------------+-----------+--------+-----+----+------+
Best-so-far configuration:         153    mean value:      32646372.70
Description of the best-so-far configuration:
    .ID. algorithm localsearch alpha beta  rho ants   q0 rasrank elitistants
153  153       acs           3   2.1 3.17 0.93    9 0.86      NA          NA
    nnls dlb .PARENT.
153   15   1       64

# 2025-09-09 00:01:59 -03: Elite configurations (first number is the configuration ID; listed from best to worst according to the sum of ranks):
    algorithm localsearch alpha beta  rho ants   q0 rasrank elitistants nnls
153       acs           3  2.10 3.17 0.93    9 0.86      NA          NA   15
137       acs           3  2.80 8.31 0.15   37 0.24      NA          NA   23
136       acs           3  2.55 1.44 0.82   53 0.44      NA          NA   24
156       acs           3  1.62 3.41 0.66   57 0.89      NA          NA   24
157       acs           3  2.46 0.97 0.37   31 0.62      NA          NA   16
    dlb
153   1
137   1
136   1
156   1
157   1
# 2025-09-09 00:01:59 -03: Iteration 5 of 5
# experimentsUsed: 901
# remainingBudget: 4599
# currentBudget: 4599
# nbConfigurations: 45
# Markers:
     x No test is performed.
     c Configurations are discarded only due to capping.
     - The test is performed and some configurations are discarded.
     = The test is performed but no configuration is discarded.
     ! The test is performed and configurations could be discarded but elite configurations are preserved.
     . All alive configurations are elite and nothing is discarded.

+-+-----------+-----------+-----------+----------------+-----------+--------+-----+----+------+
| |   Instance|      Alive|       Best|       Mean best| Exp so far|  W time|  rho|KenW|  Qvar|
+-+-----------+-----------+-----------+----------------+-----------+--------+-----+----+------+
|x|         11|         45|        188|     32529966.00|         45|00:00:56|   NA|  NA|    NA|
|x|         10|         45|        192|     32573982.50|         85|00:00:46|+0.69|0.85|0.0037|
|x|          2|         45|        192|     32604295.33|        125|00:00:47|+0.64|0.76|0.0036|
|x|          6|         45|        192|     32637705.00|        165|00:00:46|+0.66|0.74|0.0034|
|-|          8|         16|        188|     32628775.80|        205|00:00:44|-0.07|0.14|0.9952|
|=|          3|         16|        188|     32689360.17|        216|00:00:20|-0.04|0.13|0.9764|
|=|          9|         16|        191|     32678638.57|        227|00:00:20|-0.00|0.14|0.9166|
|=|          5|         16|        188|     32632267.50|        238|00:00:20|-0.00|0.12|0.9298|
|=|          7|         16|        188|     32647233.11|        249|00:00:20|+0.01|0.12|0.9199|
|=|          1|         16|        188|     32650466.30|        260|00:00:20|+0.05|0.15|0.8847|
|-|          4|          9|        188|     32640498.73|        271|00:00:20|-0.02|0.07|0.8845|
|=|         12|          9|        188|     32640894.42|        280|00:00:10|+0.01|0.10|0.8552|
|=|         13|          9|        188|     32672867.00|        289|00:00:10|+0.01|0.09|0.8755|
+-+-----------+-----------+-----------+----------------+-----------+--------+-----+----+------+
Best-so-far configuration:         188    mean value:      32672867.00
Description of the best-so-far configuration:
    .ID. algorithm localsearch alpha beta  rho ants   q0 rasrank elitistants
188  188       acs           3  2.54 1.53 0.71   60 0.58      NA          NA
    nnls dlb .PARENT.
188   17   1      136

# 2025-09-09 00:08:26 -03: Elite configurations (first number is the configuration ID; listed from best to worst according to the sum of ranks):
    algorithm localsearch alpha beta  rho ants   q0 rasrank elitistants nnls
188       acs           3  2.54 1.53 0.71   60 0.58      NA          NA   17
136       acs           3  2.55 1.44 0.82   53 0.44      NA          NA   24
153       acs           3  2.10 3.17 0.93    9 0.86      NA          NA   15
137       acs           3  2.80 8.31 0.15   37 0.24      NA          NA   23
157       acs           3  2.46 0.97 0.37   31 0.62      NA          NA   16
    dlb
188   1
136   1
153   1
137   1
157   1
# 2025-09-09 00:08:26 -03: Iteration 6 of 6
# experimentsUsed: 1190
# remainingBudget: 4310
# currentBudget: 4310
# nbConfigurations: 45
# Markers:
     x No test is performed.
     c Configurations are discarded only due to capping.
     - The test is performed and some configurations are discarded.
     = The test is performed but no configuration is discarded.
     ! The test is performed and configurations could be discarded but elite configurations are preserved.
     . All alive configurations are elite and nothing is discarded.

+-+-----------+-----------+-----------+----------------+-----------+--------+-----+----+------+
| |   Instance|      Alive|       Best|       Mean best| Exp so far|  W time|  rho|KenW|  Qvar|
+-+-----------+-----------+-----------+----------------+-----------+--------+-----+----+------+
|x|         14|         45|        238|     32341185.00|         45|00:00:52|   NA|  NA|    NA|
|x|         10|         45|        238|     32467292.00|         85|00:00:45|+0.41|0.71|0.1035|
|x|          4|         45|        238|     32489277.33|        125|00:00:46|+0.50|0.66|0.1113|
|x|         11|         45|        238|     32515601.00|        165|00:00:46|+0.51|0.64|0.1043|
|-|          6|         18|        238|     32550062.60|        205|00:00:46|-0.07|0.14|1.0306|
|=|          3|         18|        238|     32625350.33|        218|00:00:20|-0.08|0.10|1.0421|
|=|         12|         18|        238|     32627033.43|        231|00:00:20|-0.04|0.11|0.9909|
|=|          7|         18|        221|     32654213.75|        244|00:00:20|-0.06|0.07|1.0048|
|=|          1|         18|        238|     32654075.44|        257|00:00:20|-0.03|0.09|0.9741|
|=|          5|         18|        238|     32616196.50|        270|00:00:20|-0.00|0.10|0.9450|
|=|         13|         18|        247|     32667318.45|        283|00:00:20|+0.00|0.09|0.9312|
|=|          8|         18|        247|     32656984.92|        296|00:00:20|+0.01|0.10|0.9193|
|=|          2|         18|        247|     32654578.85|        309|00:00:20|+0.02|0.10|0.9227|
|=|          9|         18|        247|     32649629.36|        322|00:00:20|+0.04|0.11|0.9032|
|-|         15|          7|        247|     32625356.87|        340|00:00:20|-0.01|0.05|0.8800|
|=|         16|          7|        247|     32630430.75|        347|00:00:10|-0.02|0.05|0.8819|
|=|         17|          7|        247|     32643329.35|        354|00:00:10|-0.02|0.04|0.8791|
+-+-----------+-----------+-----------+----------------+-----------+--------+-----+----+------+
Best-so-far configuration:         247    mean value:      32643329.35
Description of the best-so-far configuration:
    .ID. algorithm localsearch alpha beta  rho ants   q0 rasrank elitistants
247  247       acs           3  2.31  0.3 0.87   50 0.63      NA          NA
    nnls dlb .PARENT.
247   17   1      136

# 2025-09-09 00:16:11 -03: Elite configurations (first number is the configuration ID; listed from best to worst according to the sum of ranks):
    algorithm localsearch alpha beta  rho ants   q0 rasrank elitistants nnls
247       acs           3  2.31 0.30 0.87   50 0.63      NA          NA   17
136       acs           3  2.55 1.44 0.82   53 0.44      NA          NA   24
238       acs           3  2.75 0.57 0.70   53 0.51      NA          NA   12
221       acs           3  2.49 2.54 0.69   60 0.51      NA          NA   19
188       acs           3  2.54 1.53 0.71   60 0.58      NA          NA   17
    dlb
247   1
136   1
238   1
221   1
188   1
# 2025-09-09 00:16:11 -03: Iteration 7 of 7
# experimentsUsed: 1544
# remainingBudget: 3956
# currentBudget: 3956
# nbConfigurations: 45
# Markers:
     x No test is performed.
     c Configurations are discarded only due to capping.
     - The test is performed and some configurations are discarded.
     = The test is performed but no configuration is discarded.
     ! The test is performed and configurations could be discarded but elite configurations are preserved.
     . All alive configurations are elite and nothing is discarded.

+-+-----------+-----------+-----------+----------------+-----------+--------+-----+----+------+
| |   Instance|      Alive|       Best|       Mean best| Exp so far|  W time|  rho|KenW|  Qvar|
+-+-----------+-----------+-----------+----------------+-----------+--------+-----+----+------+
|x|         18|         45|        259|     32151994.00|         45|00:00:52|   NA|  NA|    NA|
|x|          9|         45|        259|     32393528.00|         85|00:00:41|+0.23|0.61|0.5839|
|x|         16|         45|        259|     32485123.00|        125|00:00:41|+0.32|0.55|0.4436|
|x|         14|         45|        269|     32463049.25|        165|00:00:41|+0.33|0.50|0.4743|
|-|          6|         20|        261|     32507721.20|        205|00:00:42|-0.09|0.13|1.0537|
|=|          8|         20|        261|     32510587.83|        220|00:00:20|-0.06|0.12|1.0222|
|=|         11|         20|        261|     32518501.43|        235|00:00:20|-0.04|0.11|1.0161|
|=|         15|         20|        261|     32485000.75|        250|00:00:20|-0.02|0.10|0.9857|
|=|         12|         20|        261|     32508609.33|        265|00:00:20|-0.05|0.07|1.0092|
|=|          2|         20|        261|     32529577.50|        280|00:00:20|-0.05|0.06|1.0022|
|=|          1|         20|        261|     32541345.91|        295|00:00:20|-0.03|0.06|0.9882|
|=|         10|         20|        261|     32552226.17|        310|00:00:20|-0.04|0.05|0.9916|
|=|          7|         20|        261|     32569228.46|        325|00:00:20|-0.02|0.05|0.9796|
|=|         13|         20|        269|     32606515.29|        340|00:00:20|-0.01|0.06|0.9689|
|=|          4|         20|        269|     32604504.47|        355|00:00:20|-0.01|0.06|0.9667|
|=|          3|         20|        269|     32625588.12|        370|00:00:20|-0.01|0.06|0.9664|
|=|         17|         20|        269|     32639488.82|        385|00:00:21|-0.00|0.06|0.9635|
|=|          5|         20|        261|     32617987.67|        400|00:00:20|-0.00|0.05|0.9620|
|=|         19|         20|        261|     32615106.11|        420|00:00:20|-0.00|0.05|0.9587|
+-+-----------+-----------+-----------+----------------+-----------+--------+-----+----+------+
Best-so-far configuration:         261    mean value:      32615106.11
Description of the best-so-far configuration:
    .ID. algorithm localsearch alpha beta  rho ants   q0 rasrank elitistants
261  261       acs           3  2.93 0.12 0.72   60 0.66      NA          NA
    nnls dlb .PARENT.
261    8   1      238

# 2025-09-09 00:24:43 -03: Elite configurations (first number is the configuration ID; listed from best to worst according to the sum of ranks):
    algorithm localsearch alpha beta  rho ants   q0 rasrank elitistants nnls
261       acs           3  2.93 0.12 0.72   60 0.66      NA          NA    8
247       acs           3  2.31 0.30 0.87   50 0.63      NA          NA   17
273       acs           3  2.24 1.01 0.84   49 0.44      NA          NA   17
238       acs           3  2.75 0.57 0.70   53 0.51      NA          NA   12
250       acs           3  2.34 1.21 0.77   48 0.36      NA          NA   15
    dlb
261   1
247   1
273   1
238   1
250   1
# 2025-09-09 00:24:43 -03: Iteration 8 of 8
# experimentsUsed: 1964
# remainingBudget: 3536
# currentBudget: 3536
# nbConfigurations: 45
# Markers:
     x No test is performed.
     c Configurations are discarded only due to capping.
     - The test is performed and some configurations are discarded.
     = The test is performed but no configuration is discarded.
     ! The test is performed and configurations could be discarded but elite configurations are preserved.
     . All alive configurations are elite and nothing is discarded.

+-+-----------+-----------+-----------+----------------+-----------+--------+-----+----+------+
| |   Instance|      Alive|       Best|       Mean best| Exp so far|  W time|  rho|KenW|  Qvar|
+-+-----------+-----------+-----------+----------------+-----------+--------+-----+----+------+
|x|         20|         45|        310|     32704615.00|         45|00:00:51|   NA|  NA|    NA|
|x|          2|         45|        310|     32686159.50|         85|00:00:41|+0.21|0.60|0.7204|
|x|         17|         45|        327|     32751369.67|        125|00:00:41|+0.09|0.39|0.8042|
|x|         12|         45|        315|     32722895.50|        165|00:00:41|+0.16|0.37|0.7512|
|-|         10|         30|        315|     32704792.60|        205|00:00:41|-0.10|0.12|1.0715|
|=|          8|         30|        315|     32679567.00|        230|00:00:31|-0.11|0.08|1.0742|
|=|          9|         30|        300|     32670542.14|        255|00:00:31|-0.08|0.08|1.0430|
|=|          3|         30|        300|     32705176.88|        280|00:00:31|-0.08|0.05|1.0408|
|=|         11|         30|        300|     32694536.78|        305|00:00:31|-0.06|0.06|1.0202|
|=|         19|         30|        300|     32689068.70|        330|00:00:31|-0.04|0.07|1.0007|
|=|          4|         30|        247|     32676890.82|        355|00:00:31|-0.04|0.06|1.0010|
|=|         14|         30|        247|     32655251.08|        380|00:00:31|-0.02|0.07|0.9827|
|=|          7|         30|        300|     32658806.85|        405|00:00:31|-0.01|0.07|0.9759|
|=|         16|         30|        247|     32663837.86|        430|00:00:31|-0.01|0.07|0.9679|
|=|          5|         30|        247|     32637534.93|        455|00:00:31|+0.00|0.07|0.9590|
|=|          6|         30|        327|     32643058.50|        480|00:00:31|+0.01|0.07|0.9521|
|=|         13|         30|        327|     32664502.82|        505|00:00:31|+0.02|0.08|0.9436|
|=|         15|         30|        327|     32645066.89|        530|00:00:31|+0.02|0.07|0.9433|
|=|          1|         30|        327|     32646047.42|        555|00:00:31|+0.01|0.07|0.9441|
|=|         18|         30|        327|     32622040.50|        580|00:00:31|+0.01|0.06|0.9493|
|=|         21|         30|        327|     32622940.10|        610|00:00:31|+0.02|0.07|0.9399|
+-+-----------+-----------+-----------+----------------+-----------+--------+-----+----+------+
Best-so-far configuration:         327    mean value:      32622940.10
Description of the best-so-far configuration:
    .ID. algorithm localsearch alpha beta  rho ants   q0 rasrank elitistants
327  327       acs           3  2.32  0.1 0.86   53 0.64      NA          NA
    nnls dlb .PARENT.
327   14   1      247

# 2025-09-09 00:36:43 -03: Elite configurations (first number is the configuration ID; listed from best to worst according to the sum of ranks):
    algorithm localsearch alpha beta  rho ants   q0 rasrank elitistants nnls
327       acs           3  2.32 0.10 0.86   53 0.64      NA          NA   14
273       acs           3  2.24 1.01 0.84   49 0.44      NA          NA   17
250       acs           3  2.34 1.21 0.77   48 0.36      NA          NA   15
261       acs           3  2.93 0.12 0.72   60 0.66      NA          NA    8
300       acs           3  3.29 0.29 0.78   59 0.45      NA          NA   10
    dlb
327   1
273   1
250   1
261   1
300   1
# 2025-09-09 00:36:43 -03: Iteration 9 of 9
# experimentsUsed: 2574
# remainingBudget: 2926
# currentBudget: 2926
# nbConfigurations: 45
# Markers:
     x No test is performed.
     c Configurations are discarded only due to capping.
     - The test is performed and some configurations are discarded.
     = The test is performed but no configuration is discarded.
     ! The test is performed and configurations could be discarded but elite configurations are preserved.
     . All alive configurations are elite and nothing is discarded.

+-+-----------+-----------+-----------+----------------+-----------+--------+-----+----+------+
| |   Instance|      Alive|       Best|       Mean best| Exp so far|  W time|  rho|KenW|  Qvar|
+-+-----------+-----------+-----------+----------------+-----------+--------+-----+----+------+
|x|         22|         45|        273|     32549395.00|         45|00:00:52|   NA|  NA|    NA|
|x|         21|         45|        273|     32569022.50|         85|00:00:41|-0.02|0.49|1.0334|
|x|         18|         45|        346|     32443704.33|        125|00:00:41|+0.08|0.39|0.9174|
|x|          1|         45|        273|     32494292.50|        165|00:00:41|+0.11|0.33|0.8739|
|-|          6|         24|        273|     32538270.80|        205|00:00:41|-0.06|0.15|1.0380|
|=|          7|         24|        273|     32568241.00|        224|00:00:21|+0.00|0.17|0.9723|
|=|         15|         24|        273|     32526188.57|        243|00:00:20|-0.04|0.11|0.9955|
|=|         20|         24|        273|     32556702.00|        262|00:00:20|-0.05|0.09|1.0057|
|=|         10|         24|        327|     32571777.00|        281|00:00:20|-0.04|0.08|1.0013|
|=|         13|         24|        327|     32615360.50|        300|00:00:20|-0.01|0.09|0.9818|
|=|          3|         24|        273|     32654513.09|        319|00:00:21|+0.00|0.09|0.9688|
|=|          2|         24|        273|     32654076.25|        338|00:00:21|-0.02|0.07|0.9811|
|=|          4|         24|        273|     32643048.54|        357|00:00:21|-0.01|0.06|0.9756|
|=|          9|         24|        273|     32644390.50|        376|00:00:20|-0.02|0.06|0.9743|
|=|          8|         24|        273|     32636425.20|        395|00:00:21|-0.01|0.05|0.9726|
|=|         19|         24|        273|     32635026.81|        414|00:00:20|-0.01|0.05|0.9688|
|=|         14|         24|        273|     32622656.41|        433|00:00:20|-0.01|0.05|0.9702|
|=|         11|         24|        273|     32621011.89|        452|00:00:21|-0.01|0.04|0.9672|
|=|         17|         24|        273|     32633556.63|        471|00:00:21|-0.00|0.05|0.9566|
|=|         16|         24|        273|     32637891.35|        490|00:00:21|+0.00|0.05|0.9510|
|=|         12|         24|        273|     32638028.38|        509|00:00:21|+0.01|0.05|0.9494|
|=|          5|         24|        273|     32622697.77|        528|00:00:20|+0.01|0.06|0.9458|
|=|         23|         24|        327|     32630212.35|        552|00:00:31|+0.01|0.05|0.9515|
+-+-----------+-----------+-----------+----------------+-----------+--------+-----+----+------+
Best-so-far configuration:         327    mean value:      32630212.35
Description of the best-so-far configuration:
    .ID. algorithm localsearch alpha beta  rho ants   q0 rasrank elitistants
327  327       acs           3  2.32  0.1 0.86   53 0.64      NA          NA
    nnls dlb .PARENT.
327   14   1      247

# 2025-09-09 00:46:51 -03: Elite configurations (first number is the configuration ID; listed from best to worst according to the sum of ranks):
    algorithm localsearch alpha beta  rho ants   q0 rasrank elitistants nnls
327       acs           3  2.32 0.10 0.86   53 0.64      NA          NA   14
273       acs           3  2.24 1.01 0.84   49 0.44      NA          NA   17
300       acs           3  3.29 0.29 0.78   59 0.45      NA          NA   10
344       acs           3  2.30 0.97 0.81   48 0.31      NA          NA   16
343       acs           3  2.85 0.87 0.71   62 0.70      NA          NA    9
    dlb
327   1
273   1
300   1
344   1
343   1
# 2025-09-09 00:46:51 -03: Iteration 10 of 10
# experimentsUsed: 3126
# remainingBudget: 2374
# currentBudget: 2374
# nbConfigurations: 45
# Markers:
     x No test is performed.
     c Configurations are discarded only due to capping.
     - The test is performed and some configurations are discarded.
     = The test is performed but no configuration is discarded.
     ! The test is performed and configurations could be discarded but elite configurations are preserved.
     . All alive configurations are elite and nothing is discarded.

+-+-----------+-----------+-----------+----------------+-----------+--------+-----+----+------+
| |   Instance|      Alive|       Best|       Mean best| Exp so far|  W time|  rho|KenW|  Qvar|
+-+-----------+-----------+-----------+----------------+-----------+--------+-----+----+------+
|x|         24|         45|        394|     32350440.00|         45|00:00:52|   NA|  NA|    NA|
|x|          9|         45|        372|     32480356.50|         85|00:00:41|-0.13|0.44|1.0737|
|x|         18|         45|        372|     32375935.67|        125|00:00:41|-0.06|0.29|1.0007|
|x|          7|         45|        372|     32461209.75|        165|00:00:41|-0.01|0.24|0.9439|
|=|          8|         45|        405|     32480959.40|        205|00:00:41|-0.04|0.17|0.9889|
|=|          1|         45|        378|     32510070.83|        245|00:00:41|-0.03|0.15|0.9893|
|=|         10|         45|        378|     32523164.14|        285|00:00:41|-0.00|0.14|0.9752|
|=|         15|         45|        395|     32497769.62|        325|00:00:41|+0.01|0.13|0.9665|
|=|         21|         45|        395|     32516425.22|        365|00:00:41|-0.02|0.10|0.9951|
|=|         23|         45|        395|     32550130.20|        405|00:00:41|-0.02|0.08|0.9986|
|=|         17|         45|        327|     32577304.45|        445|00:00:42|-0.02|0.07|0.9913|
|=|         14|         45|        327|     32559082.92|        485|00:00:41|+0.00|0.08|0.9728|
|=|         22|         45|        327|     32562812.62|        525|00:00:42|-0.00|0.08|0.9712|
|=|         13|         45|        327|     32594584.00|        565|00:00:41|+0.01|0.08|0.9631|
|=|         16|         45|        327|     32599996.33|        605|00:00:41|+0.01|0.08|0.9592|
|=|          5|         45|        327|     32578680.75|        645|00:00:41|+0.01|0.07|0.9600|
|=|         20|         45|        327|     32588576.65|        685|00:00:41|+0.01|0.07|0.9611|
|=|         19|         45|        327|     32589468.11|        725|00:00:41|+0.01|0.06|0.9640|
|=|         12|         45|        327|     32594236.42|        765|00:00:41|+0.01|0.06|0.9621|
|=|         11|         45|        327|     32593313.50|        805|00:00:41|+0.01|0.06|0.9591|
|=|          3|         45|        327|     32614986.33|        845|00:00:41|+0.01|0.06|0.9591|
|=|          4|         45|        395|     32612255.32|        885|00:00:41|+0.01|0.05|0.9644|
|=|          2|         45|        327|     32619319.43|        925|00:00:41|+0.01|0.05|0.9650|
|=|          6|         45|        327|     32621351.88|        965|00:00:41|+0.01|0.05|0.9618|
|=|         25|         45|        327|     32596185.36|       1010|00:00:52|+0.01|0.05|0.9622|
+-+-----------+-----------+-----------+----------------+-----------+--------+-----+----+------+
Best-so-far configuration:         327    mean value:      32596185.36
Description of the best-so-far configuration:
    .ID. algorithm localsearch alpha beta  rho ants   q0 rasrank elitistants
327  327       acs           3  2.32  0.1 0.86   53 0.64      NA          NA
    nnls dlb .PARENT.
327   14   1      247

# 2025-09-09 01:04:38 -03: Elite configurations (first number is the configuration ID; listed from best to worst according to the sum of ranks):
    algorithm localsearch alpha beta  rho ants   q0 rasrank elitistants nnls
327       acs           3  2.32 0.10 0.86   53 0.64      NA          NA   14
395       acs           3  3.23 0.77 0.77   63 0.55      NA          NA   10
394       acs           3  2.40 0.32 0.85   53 0.66      NA          NA   13
393       acs           3  2.42 0.06 0.85   53 0.60      NA          NA   12
273       acs           3  2.24 1.01 0.84   49 0.44      NA          NA   17
    dlb
327   1
395   1
394   1
393   1
273   1
# 2025-09-09 01:04:38 -03: Iteration 11 of 11
# experimentsUsed: 4136
# remainingBudget: 1364
# currentBudget: 1364
# nbConfigurations: 45
# Markers:
     x No test is performed.
     c Configurations are discarded only due to capping.
     - The test is performed and some configurations are discarded.
     = The test is performed but no configuration is discarded.
     ! The test is performed and configurations could be discarded but elite configurations are preserved.
     . All alive configurations are elite and nothing is discarded.

+-+-----------+-----------+-----------+----------------+-----------+--------+-----+----+------+
| |   Instance|      Alive|       Best|       Mean best| Exp so far|  W time|  rho|KenW|  Qvar|
+-+-----------+-----------+-----------+----------------+-----------+--------+-----+----+------+
|x|         26|         45|        415|     32143569.00|         45|00:00:52|   NA|  NA|    NA|
|x|          1|         45|        429|     32397968.50|         85|00:00:41|+0.16|0.58|0.8194|
|x|         12|         45|        415|     32481842.67|        125|00:00:41|+0.15|0.43|0.8660|
|x|         19|         45|        429|     32510882.50|        165|00:00:41|+0.09|0.32|0.9106|
|=|         24|         45|        429|     32485525.20|        205|00:00:41|+0.07|0.25|0.9217|
|=|         16|         45|        395|     32522325.17|        245|00:00:41|+0.06|0.21|0.9256|
|=|         23|         45|        395|     32569632.29|        285|00:00:41|+0.02|0.16|0.9537|
|=|         13|         45|        445|     32628869.50|        325|00:00:41|+0.01|0.14|0.9627|
|=|          3|         45|        445|     32671479.33|        365|00:00:41|+0.01|0.12|0.9638|
|=|          2|         45|        445|     32672523.50|        405|00:00:41|-0.00|0.10|0.9795|
|=|         17|         45|        413|     32694048.27|        445|00:00:41|+0.01|0.10|0.9609|
|=|         25|         45|        393|     32638840.50|        485|00:00:41|+0.01|0.09|0.9665|
|=|         14|         45|        394|     32612255.00|        525|00:00:41|+0.02|0.09|0.9620|
|=|         15|         45|        394|     32586848.00|        565|00:00:41|+0.02|0.09|0.9602|
|=|         22|         45|        394|     32586504.40|        605|00:00:41|+0.02|0.08|0.9613|
|=|          9|         45|        413|     32596485.94|        645|00:00:42|+0.01|0.07|0.9664|
|=|         10|         45|        413|     32600554.12|        685|00:00:41|+0.01|0.07|0.9625|
|=|          4|         45|        413|     32600181.50|        725|00:00:41|+0.01|0.06|0.9706|
|=|         11|         45|        393|     32595281.79|        765|00:00:41|+0.01|0.06|0.9684|
|=|          6|         45|        413|     32601817.30|        805|00:00:41|+0.01|0.06|0.9669|
|=|          7|         45|        413|     32605983.57|        845|00:00:41|+0.01|0.06|0.9642|
|=|         21|         45|        413|     32608895.73|        885|00:00:41|+0.02|0.06|0.9616|
|-|          8|         32|        413|     32606607.04|        925|00:00:41|-0.01|0.03|0.9763|
|=|         20|         32|        413|     32612831.46|        952|00:00:31|-0.01|0.03|0.9751|
|=|         18|         32|        327|     32594152.36|        979|00:00:31|-0.01|0.03|0.9710|
|=|          5|         32|        327|     32581259.85|       1006|00:00:31|-0.00|0.04|0.9691|
|=|         27|         32|        327|     32577414.78|       1038|00:00:41|-0.00|0.04|0.9662|
+-+-----------+-----------+-----------+----------------+-----------+--------+-----+----+------+
Best-so-far configuration:         327    mean value:      32577414.78
Description of the best-so-far configuration:
    .ID. algorithm localsearch alpha beta  rho ants   q0 rasrank elitistants
327  327       acs           3  2.32  0.1 0.86   53 0.64      NA          NA
    nnls dlb .PARENT.
327   14   1      247

# 2025-09-09 01:23:05 -03: Elite configurations (first number is the configuration ID; listed from best to worst according to the sum of ranks):
    algorithm localsearch alpha beta  rho ants   q0 rasrank elitistants nnls
327       acs           3  2.32 0.10 0.86   53 0.64      NA          NA   14
413       acs           3  2.41 0.13 0.88   51 0.64      NA          NA   13
395       acs           3  3.23 0.77 0.77   63 0.55      NA          NA   10
440       acs           3  3.19 0.63 0.78   63 0.57      NA          NA   10
394       acs           3  2.40 0.32 0.85   53 0.66      NA          NA   13
    dlb
327   1
413   1
395   1
440   1
394   1
# 2025-09-09 01:23:05 -03: Stopped because there is not enough budget to enforce the value of nbConfigurations.
# Iteration: 12
# nbIterations: 12
# experimentsUsed: 5174
# timeUsed: 0
# remainingBudget: 326
# currentBudget: 326
# number of elites: 5
# nbConfigurations: 16
# Total CPU user time: 54369.48, CPU sys time: 433.671, Wall-clock time: 6113.866
# 2025-09-09 01:23:05 -03: Starting post-selection:
# Configurations selected: 327, 413, 395, 440, 394, 393, 273, 300, 344, 343, 250, 261, 247, 238, 136, 221.
# Pending instances: 1, 1, 1, 1, 1, 1, 1, 3, 3, 3, 5, 5, 7, 7, 9, 9.
# 2025-09-09 01:23:06 -03: seed: 2314
# Configurations: 16
# Available experiments: 326
# minSurvival: 1
# Markers:
     x No test is performed.
     c Configurations are discarded only due to capping.
     - The test is performed and some configurations are discarded.
     = The test is performed but no configuration is discarded.
     ! The test is performed and configurations could be discarded but elite configurations are preserved.
     . All alive configurations are elite and nothing is discarded.

+-+-----------+-----------+-----------+----------------+-----------+--------+-----+----+------+
| |   Instance|      Alive|       Best|       Mean best| Exp so far|  W time|  rho|KenW|  Qvar|
+-+-----------+-----------+-----------+----------------+-----------+--------+-----+----+------+
|x|         22|         16|        273|     32549395.00|          4|00:00:10|   NA|  NA|    NA|
|.|         11|         16|        273|     32571225.00|          4|00:00:00|+0.19|0.59|0.8237|
|.|         18|         16|        273|     32446310.00|          4|00:00:00|+0.09|0.39|0.8979|
|.|          9|         16|        273|     32500191.50|          4|00:00:00|+0.03|0.28|0.9237|
|x|         24|         16|        395|     32468013.80|         10|00:00:10|+0.11|0.29|0.8522|
|.|          3|         16|        395|     32552620.00|         10|00:00:00|+0.04|0.20|0.9025|
|.|          7|         16|        395|     32581019.86|         10|00:00:00|+0.04|0.18|0.9029|
|.|          5|         16|        395|     32548947.75|         10|00:00:00|+0.03|0.15|0.9128|
|x|         25|         16|        413|     32485840.44|         16|00:00:10|+0.02|0.13|0.9234|
|.|         12|         16|        413|     32503566.00|         16|00:00:00|+0.01|0.10|0.9278|
|.|         19|         16|        413|     32520165.64|         16|00:00:00|-0.01|0.08|0.9468|
|.|         14|         16|        413|     32508340.33|         16|00:00:00|-0.01|0.07|0.9431|
|.|         13|         16|        413|     32552156.77|         16|00:00:00|-0.00|0.07|0.9384|
|.|          1|         16|        413|     32560055.71|         16|00:00:00|-0.02|0.05|0.9552|
|x|         23|         16|        327|     32569432.07|         20|00:00:10|-0.00|0.06|0.9438|
|.|          6|         16|        327|     32575598.69|         20|00:00:00|-0.02|0.05|0.9534|
|x|         26|         16|        327|     32553982.41|         29|00:00:10|-0.01|0.05|0.9514|
|x|         20|         16|        327|     32564700.67|         31|00:00:10|-0.00|0.05|0.9437|
|.|         10|         16|        327|     32568744.32|         31|00:00:00|+0.00|0.05|0.9361|
|.|         16|         16|        327|     32574095.55|         31|00:00:00|-0.00|0.05|0.9418|
|x|         21|         16|        327|     32577278.24|         33|00:00:10|-0.00|0.05|0.9390|
|.|          4|         16|        327|     32580204.45|         33|00:00:00|-0.01|0.03|0.9456|
|.|         15|         16|        327|     32568658.87|         33|00:00:00|-0.01|0.03|0.9456|
|x|         27|         16|        327|     32564858.21|         42|00:00:10|-0.01|0.03|0.9442|
|.|         17|         16|        327|     32575032.64|         42|00:00:00|-0.01|0.03|0.9446|
|.|          8|         16|        327|     32573162.31|         42|00:00:00|-0.01|0.03|0.9375|
|.|          2|         16|        327|     32577414.78|         42|00:00:00|-0.01|0.03|0.9382|
|=|         28|         16|        327|     32568365.68|         58|00:00:20|-0.01|0.03|0.9403|
|=|         29|         16|        327|     32572770.79|         74|00:00:20|-0.01|0.03|0.9385|
|=|         30|         16|        327|     32574449.73|         90|00:00:21|-0.00|0.03|0.9373|
|=|         31|         16|        327|     32589363.65|        106|00:00:20|-0.00|0.03|0.9375|
|=|         32|         16|        327|     32586300.12|        122|00:00:21|-0.00|0.03|0.9375|
|=|         33|         16|        327|     32584897.82|        138|00:00:20|+0.00|0.03|0.9348|
|=|         34|         16|        327|     32580528.32|        154|00:00:20|+0.00|0.03|0.9318|
|=|         35|         16|        327|     32569907.11|        170|00:00:20|+0.00|0.03|0.9330|
|=|         36|         16|        327|     32576415.11|        186|00:00:20|+0.00|0.03|0.9314|
|=|         37|         16|        327|     32574389.14|        202|00:00:20|+0.00|0.03|0.9311|
|=|         38|         16|        327|     32571866.87|        218|00:00:20|+0.01|0.03|0.9276|
|=|         39|         16|        327|     32571460.59|        234|00:00:20|+0.01|0.04|0.9240|
|=|         40|         16|        327|     32569427.57|        250|00:00:20|+0.01|0.03|0.9270|
|=|         41|         16|        327|     32567262.05|        266|00:00:20|+0.01|0.03|0.9270|
|=|         42|         16|        327|     32562201.12|        282|00:00:20|+0.01|0.03|0.9251|
|=|         43|         16|        327|     32560782.72|        298|00:00:20|+0.01|0.03|0.9278|
|=|         44|         16|        327|     32566851.57|        314|00:00:21|+0.01|0.04|0.9236|
+-+-----------+-----------+-----------+----------------+-----------+--------+-----+----+------+
Best-so-far configuration:         327    mean value:      32566851.57
Description of the best-so-far configuration:
    .ID. algorithm localsearch alpha beta  rho ants   q0 rasrank elitistants
327  327       acs           3  2.32  0.1 0.86   53 0.64      NA          NA
    nnls dlb .PARENT.
327   14   1      247

# 2025-09-09 01:30:25 -03: Elite configurations (first number is the configuration ID; listed from best to worst according to the sum of ranks):
    algorithm localsearch alpha beta  rho ants   q0 rasrank elitistants nnls
327       acs           3  2.32 0.10 0.86   53 0.64      NA          NA   14
300       acs           3  3.29 0.29 0.78   59 0.45      NA          NA   10
413       acs           3  2.41 0.13 0.88   51 0.64      NA          NA   13
394       acs           3  2.40 0.32 0.85   53 0.66      NA          NA   13
393       acs           3  2.42 0.06 0.85   53 0.60      NA          NA   12
    dlb
327   1
300   1
413   1
394   1
393   1
# Total CPU user time: 57610.08, CPU sys time: 460.69, Wall-clock time: 6553.433
    .ID. algorithm localsearch alpha beta  rho ants   q0 rasrank elitistants
327  327       acs           3  2.32 0.10 0.86   53 0.64      NA          NA
300  300       acs           3  3.29 0.29 0.78   59 0.45      NA          NA
413  413       acs           3  2.41 0.13 0.88   51 0.64      NA          NA
394  394       acs           3  2.40 0.32 0.85   53 0.66      NA          NA
393  393       acs           3  2.42 0.06 0.85   53 0.60      NA          NA
    nnls dlb .PARENT. .RANK.   .WEIGHT.
327   14   1      247    329 0.33333333
300   10   1      261    333 0.26666667
413   13   1      327    333 0.20000000
394   13   1      327    344 0.13333333
393   12   1      327    352 0.06666667
