# 2025-09-19 04:46:28 -03: Reading parameter file '/home/dianag/PruebasPablo/irace-test-executions/ACOTSP-withRanking/Scenarios-2/BH-90/Runs/BH-90_seed_700099/parameters.txt'.
# 2025-09-19 04:46:28 -03: 1 expression(s) specifying forbidden configurations read.
# 2025-09-19 04:46:28 -03: Initialization
# Elitist race
# Elitist new instances: 1
# Elitist limit: 2
# nbIterations: 5
# minNbSurvival: 5
# nbParameters: 11
# seed: 700099
# confidence level: 0.95
# budget: 5500
# mu: 5
# deterministic: FALSE

# 2025-09-19 04:46:28 -03: Iteration 1 of 5
# experimentsUsed: 0
# remainingBudget: 5500
# currentBudget: 1100
# nbConfigurations: 90
# Markers:
     x No test is performed.
     c Configurations are discarded only due to capping.
     - The test is performed and some configurations are discarded.
     = The test is performed but no configuration is discarded.
     ! The test is performed and configurations could be discarded but elite configurations are preserved.
     . All alive configurations are elite and nothing is discarded.

+-+-----------+-----------+-----------+----------------+-----------+--------+-----+----+------+
| |   Instance|      Alive|       Best|       Mean best| Exp so far|  W time|  rho|KenW|  Qvar|
+-+-----------+-----------+-----------+----------------+-----------+--------+-----+----+------+
|x|          1|         90|         45|     32755392.00|         90|00:02:01|   NA|  NA|    NA|
|x|          2|         90|         12|     32751602.50|        180|00:02:00|+0.98|0.99|0.0012|
|x|          3|         90|         12|     32742681.00|        270|00:02:01|+0.98|0.99|0.0015|
|x|          4|         90|         12|     32768358.25|        360|00:02:00|+0.98|0.99|0.0013|
|-|          5|          5|         12|     32763269.40|        450|00:02:01|+0.05|0.24|0.7562|
+-+-----------+-----------+-----------+----------------+-----------+--------+-----+----+------+
Best-so-far configuration:          12    mean value:      32763269.40
Description of the best-so-far configuration:
   .ID. algorithm localsearch alpha beta  rho ants   q0 rasrank elitistants
12   12       acs           2  2.85 5.07 0.92   57 0.32      NA          NA
   nnls dlb .PARENT.
12   37   0       NA

# 2025-09-19 04:56:33 -03: Elite configurations (first number is the configuration ID; listed from best to worst according to the sum of ranks):
   algorithm localsearch alpha beta  rho ants   q0 rasrank elitistants nnls dlb
12       acs           2  2.85 5.07 0.92   57 0.32      NA          NA   37   0
45      mmas           3  3.86 6.79 0.41   53   NA      NA          NA   45   0
22       ras           3  3.63 7.26 0.34    6   NA      18          NA   24   0
85      mmas           3  2.18 8.27 0.53    9   NA      NA          NA   47   1
59      mmas           3  1.52 4.60 0.69   20   NA      NA          NA   35   1
# 2025-09-19 04:56:33 -03: Iteration 2 of 5
# experimentsUsed: 450
# remainingBudget: 5050
# currentBudget: 1262
# nbConfigurations: 90
# Markers:
     x No test is performed.
     c Configurations are discarded only due to capping.
     - The test is performed and some configurations are discarded.
     = The test is performed but no configuration is discarded.
     ! The test is performed and configurations could be discarded but elite configurations are preserved.
     . All alive configurations are elite and nothing is discarded.

+-+-----------+-----------+-----------+----------------+-----------+--------+-----+----+------+
| |   Instance|      Alive|       Best|       Mean best| Exp so far|  W time|  rho|KenW|  Qvar|
+-+-----------+-----------+-----------+----------------+-----------+--------+-----+----+------+
|x|          6|         90|        156|     32580616.00|         90|00:02:11|   NA|  NA|    NA|
|x|          5|         90|        138|     32634380.50|        175|00:02:08|+0.96|0.98|0.0013|
|x|          2|         90|        156|     32610311.67|        260|00:02:07|+0.96|0.97|0.0012|
|x|          1|         90|        138|     32655141.25|        345|00:02:06|+0.96|0.97|0.0013|
|-|          3|         10|        138|     32663344.20|        430|00:02:06|+0.55|0.64|0.4315|
|-|          4|          4|        138|     32686119.67|        435|00:00:17|+0.37|0.48|0.5004|
+-+-----------+-----------+-----------+----------------+-----------+--------+-----+----+------+
Best configuration for the instances in this race: 138
Best-so-far configuration:         110    mean value:      32687124.50
Description of the best-so-far configuration:
    .ID. algorithm localsearch alpha beta  rho ants   q0 rasrank elitistants
110  110       acs           3  4.02 4.05 0.15   34 0.28      NA          NA
    nnls dlb .PARENT.
110   38   1       85

# 2025-09-19 05:07:31 -03: Elite configurations (first number is the configuration ID; listed from best to worst according to the sum of ranks):
    algorithm localsearch alpha beta  rho ants   q0 rasrank elitistants nnls
110       acs           3  4.02 4.05 0.15   34 0.28      NA          NA   38
138       acs           3  3.74 2.93 0.02   14 0.45      NA          NA   23
156       acs           3  2.13 2.29 0.82   39 0.25      NA          NA   43
160      mmas           3  4.48 4.89 0.28   66   NA      NA          NA   40
    dlb
110   1
138   0
156   0
160   0
# 2025-09-19 05:07:31 -03: Iteration 3 of 5
# experimentsUsed: 885
# remainingBudget: 4615
# currentBudget: 1538
# nbConfigurations: 90
# Markers:
     x No test is performed.
     c Configurations are discarded only due to capping.
     - The test is performed and some configurations are discarded.
     = The test is performed but no configuration is discarded.
     ! The test is performed and configurations could be discarded but elite configurations are preserved.
     . All alive configurations are elite and nothing is discarded.

+-+-----------+-----------+-----------+----------------+-----------+--------+-----+----+------+
| |   Instance|      Alive|       Best|       Mean best| Exp so far|  W time|  rho|KenW|  Qvar|
+-+-----------+-----------+-----------+----------------+-----------+--------+-----+----+------+
|x|          7|         90|        255|     32246569.00|         90|00:02:21|   NA|  NA|    NA|
|x|          3|         90|        255|     32413677.50|        176|00:02:08|+0.93|0.97|0.0031|
|x|          2|         90|        185|     32479771.00|        262|00:02:12|+0.93|0.95|0.0021|
|x|          1|         90|        185|     32534272.00|        348|00:02:11|+0.93|0.94|0.0019|
|-|          4|         17|        200|     32585559.40|        434|00:02:07|+0.18|0.34|0.7639|
|-|          6|         14|        230|     32591521.83|        447|00:00:21|+0.17|0.31|0.7544|
|-|          5|          9|        185|     32595616.71|        457|00:00:12|-0.03|0.12|0.8826|
|=|          8|          9|        200|     32635936.75|        466|00:00:11|+0.03|0.15|0.8366|
|=|          9|          9|        200|     32638983.11|        475|00:00:10|+0.10|0.20|0.7718|
+-+-----------+-----------+-----------+----------------+-----------+--------+-----+----+------+
Best-so-far configuration:         200    mean value:      32638983.11
Description of the best-so-far configuration:
    .ID. algorithm localsearch alpha beta  rho ants   q0 rasrank elitistants
200  200       acs           3  3.38 4.36 0.13   14 0.42      NA          NA
    nnls dlb .PARENT.
200   15   1      138

# 2025-09-19 05:19:28 -03: Elite configurations (first number is the configuration ID; listed from best to worst according to the sum of ranks):
    algorithm localsearch alpha beta  rho ants   q0 rasrank elitistants nnls
200       acs           3  3.38 4.36 0.13   14 0.42      NA          NA   15
185       acs           3  1.86 4.89 0.03    5 0.40      NA          NA   18
230       acs           3  1.89 0.96 0.11   18 0.92      NA          NA   33
188       acs           3  4.57 7.70 0.19   47 0.74      NA          NA   26
255       acs           3  4.68 8.05 0.04   29 0.11      NA          NA   32
    dlb
200   1
185   1
230   1
188   1
255   1
# 2025-09-19 05:19:28 -03: Iteration 4 of 5
# experimentsUsed: 1360
# remainingBudget: 4140
# currentBudget: 2070
# nbConfigurations: 90
# Markers:
     x No test is performed.
     c Configurations are discarded only due to capping.
     - The test is performed and some configurations are discarded.
     = The test is performed but no configuration is discarded.
     ! The test is performed and configurations could be discarded but elite configurations are preserved.
     . All alive configurations are elite and nothing is discarded.

+-+-----------+-----------+-----------+----------------+-----------+--------+-----+----+------+
| |   Instance|      Alive|       Best|       Mean best| Exp so far|  W time|  rho|KenW|  Qvar|
+-+-----------+-----------+-----------+----------------+-----------+--------+-----+----+------+
|x|         10|         90|        337|     32769301.00|         90|00:01:59|   NA|  NA|    NA|
|x|          1|         90|        337|     32707736.50|        175|00:01:55|+0.85|0.93|0.0005|
|x|          8|         90|        337|     32767793.00|        260|00:02:02|+0.82|0.88|0.0015|
|x|          7|         90|        306|     32653418.75|        345|00:02:09|+0.81|0.86|0.0017|
|-|          3|         27|        306|     32657016.40|        430|00:02:06|-0.11|0.11|1.0757|
|=|          2|         27|        327|     32644866.83|        452|00:00:30|-0.07|0.10|1.0480|
|=|          6|         27|        337|     32633517.14|        474|00:00:31|-0.04|0.10|1.0187|
|=|          5|         27|        337|     32630296.25|        496|00:00:31|-0.05|0.08|1.0244|
|=|          9|         27|        337|     32630242.44|        518|00:00:31|-0.03|0.09|0.9968|
|=|          4|         27|        306|     32638217.90|        540|00:00:31|-0.01|0.09|0.9755|
|=|         11|         27|        337|     32662901.36|        567|00:00:31|+0.01|0.10|0.9600|
+-+-----------+-----------+-----------+----------------+-----------+--------+-----+----+------+
Best-so-far configuration:         337    mean value:      32662901.36
Description of the best-so-far configuration:
    .ID. algorithm localsearch alpha beta  rho ants   q0 rasrank elitistants
337  337       acs           3  1.85 4.81 0.14   27 0.29      NA          NA
    nnls dlb .PARENT.
337   21   1      185

# 2025-09-19 05:32:49 -03: Elite configurations (first number is the configuration ID; listed from best to worst according to the sum of ranks):
    algorithm localsearch alpha beta  rho ants   q0 rasrank elitistants nnls
337       acs           3  1.85 4.81 0.14   27 0.29      NA          NA   21
306       acs           3  1.89 5.28 0.04   13 0.71      NA          NA   12
327       acs           3  2.11 8.18 0.07    9 0.21      NA          NA   10
346       acs           3  2.08 5.16 0.13   22 0.42      NA          NA   10
321       acs           3  2.42 5.80 0.12   16 0.48      NA          NA   18
    dlb
337   1
306   1
327   1
346   1
321   1
# 2025-09-19 05:32:49 -03: Iteration 5 of 5
# experimentsUsed: 1927
# remainingBudget: 3573
# currentBudget: 3573
# nbConfigurations: 90
# Markers:
     x No test is performed.
     c Configurations are discarded only due to capping.
     - The test is performed and some configurations are discarded.
     = The test is performed but no configuration is discarded.
     ! The test is performed and configurations could be discarded but elite configurations are preserved.
     . All alive configurations are elite and nothing is discarded.

+-+-----------+-----------+-----------+----------------+-----------+--------+-----+----+------+
| |   Instance|      Alive|       Best|       Mean best| Exp so far|  W time|  rho|KenW|  Qvar|
+-+-----------+-----------+-----------+----------------+-----------+--------+-----+----+------+
|x|         12|         90|        427|     32492040.00|         90|00:01:46|   NA|  NA|    NA|
|x|          9|         90|        378|     32547678.50|        175|00:01:35|+0.68|0.84|0.0044|
|x|          1|         90|        378|     32574276.67|        260|00:01:36|+0.71|0.80|0.0040|
|x|          7|         90|        427|     32511366.25|        345|00:01:37|+0.71|0.78|0.0044|
|-|         11|         28|        427|     32576412.40|        430|00:01:36|-0.12|0.11|1.0681|
|=|          4|         28|        427|     32591007.67|        453|00:00:31|-0.08|0.10|1.0286|
|=|          2|         28|        378|     32587083.43|        476|00:00:31|-0.05|0.10|1.0078|
|=|          8|         28|        378|     32631696.12|        499|00:00:31|-0.05|0.08|1.0017|
|=|          3|         28|        427|     32620539.22|        522|00:00:31|-0.02|0.09|0.9730|
|=|          5|         28|        378|     32624311.80|        545|00:00:31|-0.01|0.09|0.9663|
|=|          6|         28|        378|     32621287.18|        568|00:00:31|-0.01|0.08|0.9648|
|=|         10|         28|        378|     32633662.33|        591|00:00:31|-0.01|0.08|0.9613|
|=|         13|         28|        378|     32638340.85|        619|00:00:31|+0.01|0.09|0.9409|
+-+-----------+-----------+-----------+----------------+-----------+--------+-----+----+------+
Best-so-far configuration:         378    mean value:      32638340.85
Description of the best-so-far configuration:
    .ID. algorithm localsearch alpha beta  rho ants   q0 rasrank elitistants
378  378       acs           3  2.32 3.47 0.15   29 0.32      NA          NA
    nnls dlb .PARENT.
378   16   1      346

# 2025-09-19 05:45:11 -03: Elite configurations (first number is the configuration ID; listed from best to worst according to the sum of ranks):
    algorithm localsearch alpha beta  rho ants   q0 rasrank elitistants nnls
378       acs           3  2.32 3.47 0.15   29 0.32      NA          NA   16
427       acs           3  2.06 5.50 0.05   24 0.77      NA          NA   14
417       acs           3  2.38 5.22 0.12   38 0.25      NA          NA   20
426       acs           3  1.77 4.54 0.12   19 0.70      NA          NA   13
420       acs           3  2.20 4.47 0.20   30 0.26      NA          NA   14
    dlb
378   1
427   1
417   1
426   1
420   1
# 2025-09-19 05:45:11 -03: Iteration 6 of 6
# experimentsUsed: 2546
# remainingBudget: 2954
# currentBudget: 2954
# nbConfigurations: 90
# Markers:
     x No test is performed.
     c Configurations are discarded only due to capping.
     - The test is performed and some configurations are discarded.
     = The test is performed but no configuration is discarded.
     ! The test is performed and configurations could be discarded but elite configurations are preserved.
     . All alive configurations are elite and nothing is discarded.

+-+-----------+-----------+-----------+----------------+-----------+--------+-----+----+------+
| |   Instance|      Alive|       Best|       Mean best| Exp so far|  W time|  rho|KenW|  Qvar|
+-+-----------+-----------+-----------+----------------+-----------+--------+-----+----+------+
|x|         14|         90|        489|     32518420.00|         90|00:01:37|   NA|  NA|    NA|
|x|          1|         90|        472|     32571348.00|        175|00:01:33|+0.45|0.73|0.0016|
|x|          7|         90|        486|     32495803.00|        260|00:01:33|+0.46|0.64|0.0018|
|x|          4|         90|        486|     32551510.00|        345|00:01:34|+0.46|0.59|0.0020|
|-|          5|         47|        486|     32562635.40|        430|00:01:33|-0.13|0.09|1.1051|
|=|         11|         47|        486|     32603519.67|        472|00:00:51|-0.08|0.10|1.0613|
|=|          2|         47|        486|     32589802.43|        514|00:00:51|-0.04|0.11|1.0190|
|=|         13|         47|        486|     32606099.00|        556|00:00:51|-0.02|0.11|1.0050|
|=|          6|         47|        486|     32601702.89|        598|00:00:51|+0.00|0.11|0.9753|
|=|          9|         47|        513|     32606116.60|        640|00:00:51|+0.00|0.10|0.9725|
|=|          3|         47|        378|     32603981.82|        682|00:00:52|+0.01|0.10|0.9643|
|=|         10|         47|        378|     32617799.08|        724|00:00:51|-0.00|0.08|0.9705|
|=|         12|         47|        378|     32609761.38|        766|00:00:51|+0.01|0.08|0.9635|
|=|          8|         47|        427|     32630290.57|        808|00:00:51|+0.02|0.09|0.9477|
|=|         15|         47|        427|     32623542.87|        855|00:00:52|+0.02|0.09|0.9450|
+-+-----------+-----------+-----------+----------------+-----------+--------+-----+----+------+
Best-so-far configuration:         427    mean value:      32623542.87
Description of the best-so-far configuration:
    .ID. algorithm localsearch alpha beta  rho ants   q0 rasrank elitistants
427  427       acs           3  2.06  5.5 0.05   24 0.77      NA          NA
    nnls dlb .PARENT.
427   14   1      306

# 2025-09-19 06:01:43 -03: Elite configurations (first number is the configuration ID; listed from best to worst according to the sum of ranks):
    algorithm localsearch alpha beta  rho ants   q0 rasrank elitistants nnls
427       acs           3  2.06 5.50 0.05   24 0.77      NA          NA   14
378       acs           3  2.32 3.47 0.15   29 0.32      NA          NA   16
494       acs           3  2.03 3.43 0.13   24 0.28      NA          NA   16
447       acs           3  2.63 5.65 0.02   18 0.74      NA          NA   12
486       acs           3  1.94 4.30 0.11   33 0.36      NA          NA   11
    dlb
427   1
378   1
494   1
447   1
486   1
# 2025-09-19 06:01:43 -03: Iteration 7 of 7
# experimentsUsed: 3401
# remainingBudget: 2099
# currentBudget: 2099
# nbConfigurations: 90
# Markers:
     x No test is performed.
     c Configurations are discarded only due to capping.
     - The test is performed and some configurations are discarded.
     = The test is performed but no configuration is discarded.
     ! The test is performed and configurations could be discarded but elite configurations are preserved.
     . All alive configurations are elite and nothing is discarded.

+-+-----------+-----------+-----------+----------------+-----------+--------+-----+----+------+
| |   Instance|      Alive|       Best|       Mean best| Exp so far|  W time|  rho|KenW|  Qvar|
+-+-----------+-----------+-----------+----------------+-----------+--------+-----+----+------+
|x|         16|         90|        591|     32371292.00|         90|00:01:33|   NA|  NA|    NA|
|x|         15|         90|        546|     32434244.50|        175|00:01:33|+0.18|0.59|0.2826|
|x|          3|         90|        532|     32494131.33|        260|00:01:33|+0.16|0.44|0.3075|
|x|         12|         90|        560|     32504955.00|        345|00:01:33|+0.19|0.40|0.2954|
|-|          1|         40|        560|     32537284.00|        430|00:01:33|-0.11|0.11|1.0883|
|=|          4|         40|        530|     32569477.67|        465|00:00:41|-0.05|0.12|1.0270|
|=|         10|         40|        378|     32600675.29|        500|00:00:41|-0.01|0.13|0.9827|
|=|          9|         40|        378|     32598346.88|        535|00:00:41|+0.02|0.14|0.9598|
|=|          5|         40|        378|     32598296.33|        570|00:00:41|-0.01|0.10|0.9825|
|=|          7|         40|        378|     32571680.60|        605|00:00:41|+0.00|0.10|0.9735|
|=|          2|         40|        378|     32565075.73|        640|00:00:41|+0.01|0.10|0.9632|
|=|          6|         40|        378|     32567239.50|        675|00:00:41|+0.02|0.10|0.9560|
|=|          8|         40|        532|     32594417.46|        710|00:00:41|+0.02|0.09|0.9522|
|=|         11|         40|        378|     32613447.71|        745|00:00:41|+0.02|0.09|0.9494|
|=|         14|         40|        546|     32608164.67|        780|00:00:41|+0.01|0.08|0.9510|
|=|         13|         40|        378|     32615950.19|        815|00:00:41|+0.01|0.08|0.9509|
|=|         17|         40|        378|     32601981.82|        855|00:00:42|+0.02|0.08|0.9470|
+-+-----------+-----------+-----------+----------------+-----------+--------+-----+----+------+
Best-so-far configuration:         378    mean value:      32601981.82
Description of the best-so-far configuration:
    .ID. algorithm localsearch alpha beta  rho ants   q0 rasrank elitistants
378  378       acs           3  2.32 3.47 0.15   29 0.32      NA          NA
    nnls dlb .PARENT.
378   16   1      346

# 2025-09-19 06:17:52 -03: Elite configurations (first number is the configuration ID; listed from best to worst according to the sum of ranks):
    algorithm localsearch alpha beta  rho ants   q0 rasrank elitistants nnls
378       acs           3  2.32 3.47 0.15   29 0.32      NA          NA   16
427       acs           3  2.06 5.50 0.05   24 0.77      NA          NA   14
546       acs           3  2.32 3.77 0.10   34 0.37      NA          NA   13
560       acs           3  1.95 4.84 0.10   33 0.36      NA          NA   14
534       acs           3  1.75 5.10 0.10   24 0.82      NA          NA   10
    dlb
378   1
427   1
546   1
560   1
534   1
# 2025-09-19 06:17:52 -03: Stopped because there is not enough budget to enforce the value of nbConfigurations.
# Iteration: 8
# nbIterations: 8
# experimentsUsed: 4256
# timeUsed: 0
# remainingBudget: 1244
# currentBudget: 1244
# number of elites: 5
# nbConfigurations: 73
# Total CPU user time: 48638.21, CPU sys time: 359.071, Wall-clock time: 5484.029
# 2025-09-19 06:17:52 -03: Starting post-selection:
# Configurations selected: 378, 427, 546, 560, 534, 494, 447, 486, 417, 426, 420, 337, 306, 327, 346, 321.
# Pending instances: 1, 1, 1, 1, 1, 1, 1, 1, 3, 3, 3, 5, 5, 5, 5, 5.
# 2025-09-19 06:17:52 -03: seed: 700099
# Configurations: 16
# Available experiments: 1244
# minSurvival: 1
# Markers:
     x No test is performed.
     c Configurations are discarded only due to capping.
     - The test is performed and some configurations are discarded.
     = The test is performed but no configuration is discarded.
     ! The test is performed and configurations could be discarded but elite configurations are preserved.
     . All alive configurations are elite and nothing is discarded.

+-+-----------+-----------+-----------+----------------+-----------+--------+-----+----+------+
| |   Instance|      Alive|       Best|       Mean best| Exp so far|  W time|  rho|KenW|  Qvar|
+-+-----------+-----------+-----------+----------------+-----------+--------+-----+----+------+
|.|          1|         16|        378|     32627473.00|          0|00:00:00|   NA|  NA|    NA|
|.|         13|         16|        378|     32660978.00|          0|00:00:00|+0.37|0.68|0.6391|
|x|         15|         16|        337|     32623995.00|          5|00:00:10|-0.15|0.23|1.0419|
|x|         14|         16|        534|     32607033.50|         10|00:00:10|-0.12|0.16|1.0283|
|.|          6|         16|        534|     32601501.60|         10|00:00:00|-0.10|0.12|0.9796|
|.|          2|         16|        534|     32586558.67|         10|00:00:00|-0.01|0.16|0.9138|
|.|          7|         16|        534|     32553820.57|         10|00:00:00|-0.07|0.08|0.9968|
|.|          3|         16|        534|     32560175.50|         10|00:00:00|-0.05|0.08|0.9709|
|.|          8|         16|        534|     32597389.44|         10|00:00:00|-0.03|0.09|0.9435|
|.|          5|         16|        534|     32596350.60|         10|00:00:00|-0.03|0.07|0.9613|
|x|         16|         16|        546|     32564719.27|         18|00:00:10|-0.03|0.06|0.9584|
|.|          4|         16|        546|     32579980.67|         18|00:00:00|-0.04|0.05|0.9613|
|.|          9|         16|        546|     32585261.77|         18|00:00:00|-0.03|0.05|0.9486|
|.|         11|         16|        546|     32603971.07|         18|00:00:00|-0.03|0.04|0.9612|
|x|         17|         16|        534|     32595010.87|         26|00:00:10|-0.01|0.05|0.9403|
|.|         12|         16|        534|     32594800.19|         26|00:00:00|-0.01|0.05|0.9349|
|.|         10|         16|        534|     32608504.65|         26|00:00:00|+0.00|0.06|0.9228|
|=|         18|         16|        378|     32608698.39|         42|00:00:20|-0.00|0.05|0.9271|
|=|         19|         16|        378|     32618685.63|         58|00:00:20|+0.01|0.06|0.9201|
|=|         20|         16|        378|     32616404.70|         74|00:00:20|+0.00|0.05|0.9228|
|=|         21|         16|        378|     32608565.95|         90|00:00:20|+0.01|0.05|0.9230|
|=|         22|         16|        427|     32592805.09|        106|00:00:20|+0.00|0.05|0.9267|
|=|         23|         16|        427|     32595793.78|        122|00:00:20|+0.00|0.05|0.9260|
|=|         24|         16|        427|     32588602.21|        138|00:00:20|+0.00|0.05|0.9272|
|=|         25|         16|        427|     32589738.36|        154|00:00:20|+0.01|0.05|0.9219|
|=|         26|         16|        427|     32601857.35|        170|00:00:20|+0.00|0.04|0.9244|
|=|         27|         16|        560|     32614805.11|        186|00:00:20|+0.00|0.04|0.9279|
|=|         28|         16|        560|     32607348.96|        202|00:00:20|+0.01|0.04|0.9239|
|=|         29|         16|        560|     32601618.28|        218|00:00:21|+0.01|0.04|0.9236|
|=|         30|         16|        447|     32601056.97|        234|00:00:20|+0.01|0.04|0.9244|
|=|         31|         16|        447|     32595107.94|        250|00:00:20|+0.01|0.04|0.9242|
|=|         32|         16|        447|     32581807.53|        266|00:00:20|+0.01|0.04|0.9249|
|=|         33|         16|        560|     32579309.64|        282|00:00:21|+0.01|0.04|0.9243|
|=|         34|         16|        447|     32569548.47|        298|00:00:21|+0.01|0.04|0.9264|
|=|         35|         16|        447|     32561681.31|        314|00:00:20|+0.01|0.04|0.9216|
|=|         36|         16|        447|     32571917.64|        330|00:00:20|+0.01|0.04|0.9263|
|=|         37|         16|        447|     32568106.81|        346|00:00:20|+0.01|0.04|0.9233|
|=|         38|         16|        560|     32573861.82|        362|00:00:20|+0.01|0.04|0.9282|
|=|         39|         16|        560|     32574551.03|        378|00:00:20|+0.01|0.04|0.9271|
|=|         40|         16|        560|     32561060.50|        394|00:00:20|+0.01|0.04|0.9253|
|=|         41|         16|        560|     32564337.12|        410|00:00:20|+0.01|0.03|0.9276|
|=|         42|         16|        560|     32572743.67|        426|00:00:20|+0.01|0.03|0.9306|
|=|         43|         16|        447|     32572187.44|        442|00:00:20|+0.01|0.03|0.9316|
|=|         44|         16|        447|     32577610.68|        458|00:00:20|+0.01|0.03|0.9309|
|=|         45|         16|        560|     32582468.53|        474|00:00:20|+0.01|0.03|0.9321|
|=|         46|         16|        560|     32585764.30|        490|00:00:20|+0.01|0.03|0.9335|
|=|         47|         16|        560|     32588709.72|        506|00:00:20|+0.01|0.03|0.9325|
|=|         48|         16|        560|     32587495.52|        522|00:00:20|+0.01|0.03|0.9327|
|=|         49|         16|        560|     32590660.96|        538|00:00:21|+0.01|0.03|0.9291|
|=|         50|         16|        560|     32581599.64|        554|00:00:20|+0.01|0.03|0.9277|
|=|         51|         16|        560|     32581180.67|        570|00:00:20|+0.01|0.03|0.9290|
|=|         52|         16|        560|     32580374.25|        586|00:00:20|+0.01|0.03|0.9299|
|=|         53|         16|        560|     32576319.68|        602|00:00:20|+0.01|0.03|0.9293|
|=|         54|         16|        560|     32574429.41|        618|00:00:20|+0.01|0.02|0.9296|
|=|         55|         16|        560|     32574115.25|        634|00:00:20|+0.00|0.02|0.9314|
|=|         56|         16|        560|     32572512.14|        650|00:00:20|+0.01|0.02|0.9300|
|=|         57|         16|        560|     32567616.65|        666|00:00:20|+0.01|0.03|0.9272|
|=|         58|         16|        560|     32567991.47|        682|00:00:21|+0.01|0.03|0.9258|
|=|         59|         16|        560|     32563953.56|        698|00:00:20|+0.01|0.03|0.9254|
|-|         60|         11|        546|     32561042.02|        714|00:00:20|+0.00|0.02|0.9032|
|=|         61|         11|        560|     32557056.07|        725|00:00:20|+0.00|0.02|0.9028|
|=|         62|         11|        560|     32554154.35|        736|00:00:20|+0.01|0.02|0.9015|
|=|         63|         11|        560|     32554401.27|        747|00:00:20|+0.01|0.02|0.8998|
|=|         64|         11|        560|     32554610.59|        758|00:00:20|+0.01|0.02|0.8985|
|=|         65|         11|        560|     32552642.15|        769|00:00:20|+0.01|0.02|0.8972|
|=|         66|         11|        560|     32549144.86|        780|00:00:20|+0.01|0.02|0.8986|
|=|         67|         11|        560|     32549725.21|        791|00:00:20|+0.01|0.02|0.8993|
|=|         68|         11|        560|     32543218.41|        802|00:00:20|+0.01|0.02|0.8965|
|=|         69|         11|        560|     32542605.19|        813|00:00:20|+0.01|0.03|0.8945|
|=|         70|         11|        560|     32546021.09|        824|00:00:20|+0.01|0.03|0.8954|
|-|         71|          5|        560|     32543185.77|        835|00:00:20|-0.01|0.00|0.8094|
|=|         72|          5|        560|     32549910.62|        840|00:00:10|-0.01|0.00|0.8097|
|=|         73|          5|        560|     32550488.66|        845|00:00:10|-0.01|0.00|0.8091|
|=|         74|          5|        560|     32549195.38|        850|00:00:10|-0.01|0.00|0.8085|
|=|         75|          5|        560|     32551324.05|        855|00:00:10|-0.01|0.00|0.8081|
|=|         76|          5|        560|     32554224.54|        860|00:00:10|-0.01|0.00|0.8080|
|=|         77|          5|        560|     32555944.47|        865|00:00:10|-0.01|0.00|0.8080|
|=|         78|          5|        560|     32553698.47|        870|00:00:10|-0.01|0.00|0.8077|
|=|         79|          5|        560|     32551878.78|        875|00:00:10|-0.01|0.00|0.8076|
|=|         80|          5|        486|     32553970.54|        880|00:00:10|-0.01|0.00|0.8066|
|=|         81|          5|        546|     32551876.54|        885|00:00:10|-0.01|0.00|0.8056|
|=|         82|          5|        546|     32552114.55|        890|00:00:10|-0.01|0.00|0.8054|
|=|         83|          5|        546|     32548088.48|        895|00:00:10|-0.01|0.00|0.8048|
|=|         84|          5|        546|     32548914.36|        900|00:00:10|-0.01|0.00|0.8061|
|=|         85|          5|        546|     32549221.88|        905|00:00:10|-0.01|0.00|0.8057|
|=|         86|          5|        546|     32548566.93|        910|00:00:10|-0.01|0.00|0.8057|
|=|         87|          5|        546|     32544607.74|        915|00:00:10|-0.01|0.00|0.8061|
|=|         88|          5|        546|     32550038.44|        920|00:00:10|-0.01|0.00|0.8065|
|=|         89|          5|        546|     32548067.38|        925|00:00:10|-0.01|0.00|0.8056|
|=|         90|          5|        546|     32546093.83|        930|00:00:10|-0.01|0.00|0.8046|
|=|         91|          5|        546|     32549278.85|        935|00:00:10|-0.01|0.00|0.8036|
|=|         92|          5|        546|     32545984.77|        940|00:00:10|-0.01|0.00|0.8025|
|=|         93|          5|        546|     32548978.77|        945|00:00:10|-0.01|0.00|0.8018|
|=|         94|          5|        546|     32551624.43|        950|00:00:10|-0.01|0.00|0.8009|
|=|         95|          5|        546|     32551856.48|        955|00:00:10|-0.01|0.00|0.8003|
|=|         96|          5|        546|     32552133.38|        960|00:00:10|-0.01|0.00|0.8015|
|=|         97|          5|        546|     32548824.82|        965|00:00:10|-0.01|0.00|0.8023|
|=|         98|          5|        546|     32551299.87|        970|00:00:10|-0.01|0.00|0.8031|
|=|         99|          5|        546|     32550872.99|        975|00:00:10|-0.01|0.00|0.8028|
|=|        100|          5|        546|     32549462.57|        980|00:00:10|-0.01|0.00|0.8020|
|=|        101|          5|        546|     32549355.30|        985|00:00:10|-0.01|0.00|0.8014|
|=|        102|          5|        546|     32550146.56|        990|00:00:10|-0.01|0.00|0.8014|
|=|        103|          5|        546|     32549098.52|        995|00:00:10|-0.01|0.00|0.8003|
|=|        104|          5|        546|     32546427.75|       1000|00:00:10|-0.01|0.00|0.8000|
|=|        105|          5|        546|     32545854.40|       1005|00:00:10|-0.01|0.00|0.8000|
|=|        106|          5|        546|     32547339.35|       1010|00:00:10|-0.01|0.00|0.7996|
|=|        107|          5|        546|     32545903.60|       1015|00:00:10|-0.00|0.01|0.7993|
|=|        108|          5|        546|     32549741.37|       1020|00:00:10|-0.00|0.01|0.7987|
|=|        109|          5|        546|     32552503.90|       1025|00:00:10|-0.00|0.01|0.7984|
|=|        110|          5|        546|     32551507.45|       1030|00:00:10|-0.00|0.01|0.7970|
|=|        111|          5|        546|     32548373.20|       1035|00:00:10|-0.00|0.01|0.7977|
|=|        112|          5|        546|     32546972.93|       1040|00:00:10|-0.00|0.01|0.7979|
|=|        113|          5|        546|     32545453.42|       1045|00:00:10|-0.00|0.01|0.7972|
|=|        114|          5|        546|     32545585.61|       1050|00:00:10|-0.00|0.01|0.7969|
|=|        115|          5|        546|     32545164.77|       1055|00:00:10|-0.00|0.01|0.7958|
|=|        116|          5|        546|     32544111.76|       1060|00:00:10|-0.00|0.01|0.7961|
|=|        117|          5|        546|     32546617.16|       1065|00:00:10|-0.00|0.01|0.7965|
|=|        118|          5|        546|     32546687.10|       1070|00:00:10|-0.00|0.00|0.7975|
|=|        119|          5|        546|     32548423.18|       1075|00:00:10|-0.00|0.00|0.7980|
|=|        120|          5|        546|     32545798.34|       1080|00:00:10|-0.00|0.01|0.7968|
|=|        121|          5|        546|     32544341.01|       1085|00:00:10|-0.00|0.01|0.7969|
|=|        122|          5|        546|     32544120.87|       1090|00:00:10|-0.00|0.01|0.7963|
|=|        123|          5|        546|     32544351.94|       1095|00:00:10|-0.00|0.01|0.7954|
|=|        124|          5|        546|     32542089.00|       1100|00:00:10|-0.00|0.01|0.7957|
|=|        125|          5|        546|     32542828.62|       1105|00:00:10|-0.00|0.01|0.7948|
|=|        126|          5|        546|     32542176.02|       1110|00:00:10|-0.00|0.01|0.7937|
|=|        127|          5|        546|     32541579.22|       1115|00:00:10|-0.00|0.01|0.7939|
|=|        128|          5|        546|     32539796.55|       1120|00:00:10|-0.00|0.01|0.7952|
|=|        129|          5|        546|     32538256.73|       1125|00:00:10|-0.00|0.01|0.7946|
|=|        130|          5|        546|     32539945.05|       1130|00:00:10|-0.00|0.01|0.7936|
|=|        131|          5|        546|     32538327.16|       1135|00:00:10|-0.00|0.01|0.7937|
|=|        132|          5|        546|     32538459.23|       1140|00:00:10|-0.00|0.01|0.7947|
|=|        133|          5|        546|     32538417.69|       1145|00:00:10|-0.00|0.01|0.7939|
|=|        134|          5|        546|     32537939.16|       1150|00:00:10|+0.00|0.01|0.7932|
|=|        135|          5|        546|     32537408.12|       1155|00:00:10|+0.00|0.01|0.7934|
|=|        136|          5|        546|     32537335.90|       1160|00:00:10|+0.00|0.01|0.7934|
|=|        137|          5|        546|     32538656.89|       1165|00:00:10|+0.00|0.01|0.7933|
|=|        138|          5|        546|     32539413.74|       1170|00:00:10|+0.00|0.01|0.7930|
|=|        139|          5|        546|     32537641.66|       1175|00:00:10|+0.00|0.01|0.7935|
|=|        140|          5|        546|     32537719.68|       1180|00:00:10|+0.00|0.01|0.7936|
|=|        141|          5|        546|     32541479.99|       1185|00:00:10|+0.00|0.01|0.7939|
|=|        142|          5|        546|     32541796.13|       1190|00:00:10|+0.00|0.01|0.7943|
|=|        143|          5|        546|     32542982.90|       1195|00:00:10|-0.00|0.01|0.7944|
|=|        144|          5|        546|     32544361.96|       1200|00:00:10|-0.00|0.01|0.7954|
|=|        145|          5|        546|     32544298.59|       1205|00:00:10|-0.00|0.01|0.7955|
|=|        146|          5|        546|     32547334.18|       1210|00:00:10|-0.00|0.01|0.7966|
|=|        147|          5|        546|     32547218.25|       1215|00:00:10|-0.00|0.00|0.7973|
|=|        148|          5|        546|     32548210.88|       1220|00:00:10|-0.00|0.01|0.7968|
|=|        149|          5|        546|     32549276.73|       1225|00:00:10|-0.00|0.01|0.7966|
|=|        150|          5|        546|     32547628.87|       1230|00:00:10|-0.00|0.01|0.7959|
|=|        151|          5|        546|     32549974.03|       1235|00:00:10|-0.00|0.01|0.7959|
|=|        152|          5|        546|     32549772.72|       1240|00:00:10|+0.00|0.01|0.7954|
+-+-----------+-----------+-----------+----------------+-----------+--------+-----+----+------+
Best-so-far configuration:         546    mean value:      32549772.72
Description of the best-so-far configuration:
    .ID. algorithm localsearch alpha beta rho ants   q0 rasrank elitistants
546  546       acs           3  2.32 3.77 0.1   34 0.37      NA          NA
    nnls dlb .PARENT.
546   13   1      486

# 2025-09-19 06:51:35 -03: Elite configurations (first number is the configuration ID; listed from best to worst according to the sum of ranks):
    algorithm localsearch alpha beta  rho ants   q0 rasrank elitistants nnls
546       acs           3  2.32 3.77 0.10   34 0.37      NA          NA   13
486       acs           3  1.94 4.30 0.11   33 0.36      NA          NA   11
427       acs           3  2.06 5.50 0.05   24 0.77      NA          NA   14
447       acs           3  2.63 5.65 0.02   18 0.74      NA          NA   12
560       acs           3  1.95 4.84 0.10   33 0.36      NA          NA   14
    dlb
546   1
486   1
427   1
447   1
560   1
# Total CPU user time: 61447.12, CPU sys time: 464.69, Wall-clock time: 7506.971
    .ID. algorithm localsearch alpha beta  rho ants   q0 rasrank elitistants
546  546       acs           3  2.32 3.77 0.10   34 0.37      NA          NA
486  486       acs           3  1.94 4.30 0.11   33 0.36      NA          NA
427  427       acs           3  2.06 5.50 0.05   24 0.77      NA          NA
447  447       acs           3  2.63 5.65 0.02   18 0.74      NA          NA
560  560       acs           3  1.95 4.84 0.10   33 0.36      NA          NA
    nnls dlb .PARENT. .RANK.   .WEIGHT.
546   13   1      486    437 0.33333333
486   11   1      420    446 0.26666667
427   14   1      306    447 0.20000000
447   12   1      427    463 0.13333333
560   14   1      486    487 0.06666667
