# 2025-10-13 17:11:02 -03: Reading parameter file '/home/pestobar/Activities/irace-test-executions/PSO-X-withRanking/Scenarios/BH-64/Runs/BH-65_seed_700099/parameters.txt'.
# 2025-10-13 17:11:02 -03: 2 expression(s) specifying forbidden configurations read.
# 2025-10-13 17:11:02 -03: Initialization
# Elitist race
# Elitist new instances: 1
# Elitist limit: 2
# nbIterations: 5
# minNbSurvival: 5
# nbParameters: 8
# seed: 700099
# confidence level: 0.95
# budget: 4000
# mu: 5
# deterministic: FALSE

# 2025-10-13 17:11:02 -03: Iteration 1 of 5
# experimentsUsed: 0
# remainingBudget: 4000
# currentBudget: 800
# nbConfigurations: 65
# Markers:
     x No test is performed.
     c Configurations are discarded only due to capping.
     - The test is performed and some configurations are discarded.
     = The test is performed but no configuration is discarded.
     ! The test is performed and configurations could be discarded but elite configurations are preserved.
     . All alive configurations are elite and nothing is discarded.

+-+-----------+-----------+-----------+----------------+-----------+--------+-----+----+------+
| |   Instance|      Alive|       Best|       Mean best| Exp so far|  W time|  rho|KenW|  Qvar|
+-+-----------+-----------+-----------+----------------+-----------+--------+-----+----+------+
|x|          1|         65|         19|     30.00248946|         65|00:02:03|   NA|  NA|    NA|
|x|          2|         65|         19|     28.57880690|        130|00:02:06|+0.48|0.74|0.5314|
|x|          3|         65|         36|     5682.061724|        195|00:00:43|+0.56|0.71|0.4483|
|x|          4|         65|         36|     6065.627138|        260|00:00:41|+0.58|0.68|0.4486|
|-|          5|         12|         36|     4855.361811|        325|00:00:39|+0.08|0.27|0.8925|
|=|          6|         12|         36|     4141.502930|        337|00:00:57|+0.09|0.24|0.8681|
|=|          7|         12|         36|     3550.003958|        349|00:00:02|+0.01|0.15|0.8577|
+-+-----------+-----------+-----------+----------------+-----------+--------+-----+----+------+
Best-so-far configuration:          36    mean value:      3550.003958
Description of the best-so-far configuration:
   .ID. particles topology modInfluence branching tSchedule phi1 phi2 inertia
36   36       187        4            0        NA        NA  1.4 2.41    0.59
   .PARENT.
36       NA

# 2025-10-13 17:18:17 -03: Elite configurations (first number is the configuration ID; listed from best to worst according to the sum of ranks):
   particles topology modInfluence branching tSchedule phi1 phi2 inertia
36       187        4            0        NA        NA 1.40 2.41    0.59
39       150        4            0        NA        NA 2.49 2.25    0.65
65        65        4            0        NA        NA 2.24 2.39    0.36
41       100        5            0        NA         5 0.61 1.62    0.43
19       191        0            0        NA        NA 0.81 2.29    0.30
# 2025-10-13 17:18:17 -03: Iteration 2 of 5
# experimentsUsed: 349
# remainingBudget: 3651
# currentBudget: 912
# nbConfigurations: 65
# Markers:
     x No test is performed.
     c Configurations are discarded only due to capping.
     - The test is performed and some configurations are discarded.
     = The test is performed but no configuration is discarded.
     ! The test is performed and configurations could be discarded but elite configurations are preserved.
     . All alive configurations are elite and nothing is discarded.

+-+-----------+-----------+-----------+----------------+-----------+--------+-----+----+------+
| |   Instance|      Alive|       Best|       Mean best| Exp so far|  W time|  rho|KenW|  Qvar|
+-+-----------+-----------+-----------+----------------+-----------+--------+-----+----+------+
|x|          8|         65|         76|     909.3987262|         65|00:03:41|   NA|  NA|    NA|
|x|          7|         65|         82|     455.0291044|        125|00:00:29|+0.74|0.87|0.4381|
|x|          3|         65|         74|     5921.848289|        185|00:00:32|+0.66|0.77|0.4323|
|x|          4|         65|         39|     6221.938119|        245|00:00:31|+0.72|0.79|0.3656|
|-|          5|         20|        106|     4993.703568|        305|00:00:31|+0.01|0.21|0.8933|
|=|          6|         20|        106|     4251.930269|        320|00:00:57|+0.01|0.17|0.8807|
|=|          2|         20|        106|     3648.274150|        335|00:00:27|+0.04|0.18|0.8440|
|=|          1|         20|        106|     3195.992754|        350|00:00:26|+0.01|0.13|0.8912|
|=|          9|         20|         36|     2862.195410|        370|00:00:02|-0.03|0.09|0.9267|
+-+-----------+-----------+-----------+----------------+-----------+--------+-----+----+------+
Best-so-far configuration:          36    mean value:      2862.195410
Description of the best-so-far configuration:
   .ID. particles topology modInfluence branching tSchedule phi1 phi2 inertia
36   36       187        4            0        NA        NA  1.4 2.41    0.59
   .PARENT.
36       NA

# 2025-10-13 17:25:58 -03: Elite configurations (first number is the configuration ID; listed from best to worst according to the sum of ranks):
    particles topology modInfluence branching tSchedule phi1 phi2 inertia
36        187        4            0        NA        NA 1.40 2.41    0.59
106       121        4            0        NA        NA 2.13 2.32    0.43
39        150        4            0        NA        NA 2.49 2.25    0.65
69         33        4            0        NA        NA 2.07 1.46    0.67
81        136        4            0        NA        NA 1.98 2.11    0.63
# 2025-10-13 17:25:58 -03: Iteration 3 of 5
# experimentsUsed: 719
# remainingBudget: 3281
# currentBudget: 1093
# nbConfigurations: 65
# Markers:
     x No test is performed.
     c Configurations are discarded only due to capping.
     - The test is performed and some configurations are discarded.
     = The test is performed but no configuration is discarded.
     ! The test is performed and configurations could be discarded but elite configurations are preserved.
     . All alive configurations are elite and nothing is discarded.

+-+-----------+-----------+-----------+----------------+-----------+--------+-----+----+------+
| |   Instance|      Alive|       Best|       Mean best| Exp so far|  W time|  rho|KenW|  Qvar|
+-+-----------+-----------+-----------+----------------+-----------+--------+-----+----+------+
|x|         10|         65|        160|    0.5067718204|         65|00:00:07|   NA|  NA|    NA|
|x|          5|         65|        184|     6.808642869|        125|00:00:08|+0.57|0.79|0.0830|
|x|          1|         65|        106|     14.68733330|        185|00:01:20|+0.24|0.49|0.4285|
|x|          3|         65|        106|     4177.987946|        245|00:00:11|+0.21|0.41|0.5244|
|-|          9|         27|        146|     3269.256716|        305|00:00:08|-0.08|0.14|1.0334|
|=|          7|         27|        139|     2761.336980|        327|00:00:03|-0.05|0.12|0.9889|
|=|          8|         27|        139|     2496.939099|        349|00:01:27|-0.07|0.08|0.9621|
|=|          6|         27|        139|     2252.850132|        371|00:01:25|-0.03|0.10|0.9655|
|=|          4|         27|        139|     2841.518827|        393|00:00:04|-0.05|0.07|0.9488|
|=|          2|         27|        139|     2559.749182|        415|00:00:41|-0.05|0.06|0.9254|
|=|         11|         27|        126|     2302.658776|        442|00:00:03|-0.04|0.05|0.8934|
+-+-----------+-----------+-----------+----------------+-----------+--------+-----+----+------+
Best-so-far configuration:         126    mean value:      2302.658776
Description of the best-so-far configuration:
    .ID. particles topology modInfluence branching tSchedule phi1 phi2 inertia
126  126       108        4            0        NA        NA 2.12 2.33    0.62
    .PARENT.
126       39

# 2025-10-13 17:31:39 -03: Elite configurations (first number is the configuration ID; listed from best to worst according to the sum of ranks):
    particles topology modInfluence branching tSchedule phi1 phi2 inertia
126       108        4            0        NA        NA 2.12 2.33    0.62
139       112        4            0        NA        NA 2.11 1.94    0.47
106       121        4            0        NA        NA 2.13 2.32    0.43
161       112        4            0        NA        NA 2.37 2.24    0.48
146       131        4            0        NA        NA 1.52 2.17    0.37
# 2025-10-13 17:31:39 -03: Iteration 4 of 5
# experimentsUsed: 1161
# remainingBudget: 2839
# currentBudget: 1419
# nbConfigurations: 65
# Markers:
     x No test is performed.
     c Configurations are discarded only due to capping.
     - The test is performed and some configurations are discarded.
     = The test is performed but no configuration is discarded.
     ! The test is performed and configurations could be discarded but elite configurations are preserved.
     . All alive configurations are elite and nothing is discarded.

+-+-----------+-----------+-----------+----------------+-----------+--------+-----+----+------+
| |   Instance|      Alive|       Best|       Mean best| Exp so far|  W time|  rho|KenW|  Qvar|
+-+-----------+-----------+-----------+----------------+-----------+--------+-----+----+------+
|x|         12|         65|        186|     544.9950120|         65|00:00:16|   NA|  NA|    NA|
|x|          5|         65|        207|     602.8292683|        125|00:00:16|-0.19|0.40|0.3090|
|x|          7|         65|        207|     401.9058579|        185|00:00:16|+0.14|0.42|0.2077|
|x|          8|         65|        240|     423.4695846|        245|00:03:09|+0.22|0.42|0.1776|
|-|          4|         43|        240|     1829.274271|        305|00:00:16|-0.08|0.13|0.9592|
|=|          6|         43|        219|     1711.515697|        343|00:01:55|-0.08|0.10|0.8817|
|=|          9|         43|        219|     1467.050920|        381|00:00:05|-0.06|0.09|0.9056|
|=|          2|         43|        219|     1287.030194|        419|00:00:55|-0.05|0.08|0.9197|
|=|          1|         43|        219|     1147.653742|        457|00:00:52|-0.03|0.09|0.9060|
|=|         10|         43|        219|     1032.959286|        495|00:00:04|-0.02|0.08|0.9255|
|=|         11|         43|        219|     939.8347919|        533|00:00:04|-0.02|0.08|0.8974|
|=|          3|         43|        219|     2235.290135|        571|00:00:06|+0.00|0.09|0.8743|
|=|         13|         43|        231|     1984.495151|        614|00:00:09|+0.02|0.09|0.8388|
+-+-----------+-----------+-----------+----------------+-----------+--------+-----+----+------+
Best-so-far configuration:         231    mean value:      1984.495151
Description of the best-so-far configuration:
    .ID. particles topology modInfluence branching tSchedule phi1 phi2 inertia
231  231        98        4            0        NA        NA 1.88 2.48    0.62
    .PARENT.
231      106

# 2025-10-13 17:40:11 -03: Elite configurations (first number is the configuration ID; listed from best to worst according to the sum of ranks):
    particles topology modInfluence branching tSchedule phi1 phi2 inertia
231        98        4            0        NA        NA 1.88 2.48    0.62
242       140        4            0        NA        NA 2.44 2.45    0.48
219        84        4            0        NA        NA 1.87 2.41    0.43
126       108        4            0        NA        NA 2.12 2.33    0.62
195       114        4            0        NA        NA 2.48 2.22    0.56
# 2025-10-13 17:40:11 -03: Iteration 5 of 5
# experimentsUsed: 1775
# remainingBudget: 2225
# currentBudget: 2225
# nbConfigurations: 65
# Markers:
     x No test is performed.
     c Configurations are discarded only due to capping.
     - The test is performed and some configurations are discarded.
     = The test is performed but no configuration is discarded.
     ! The test is performed and configurations could be discarded but elite configurations are preserved.
     . All alive configurations are elite and nothing is discarded.

+-+-----------+-----------+-----------+----------------+-----------+--------+-----+----+------+
| |   Instance|      Alive|       Best|       Mean best| Exp so far|  W time|  rho|KenW|  Qvar|
+-+-----------+-----------+-----------+----------------+-----------+--------+-----+----+------+
|x|         14|         65|        273|     141.5380105|         65|00:00:10|   NA|  NA|    NA|
|x|         13|         65|        252|     95.13681667|        125|00:00:12|-0.26|0.37|0.0691|
|x|          3|         65|        231|     5452.309408|        185|00:00:10|+0.04|0.36|0.2067|
|x|          6|         65|        270|     4320.388633|        245|00:02:53|-0.04|0.22|0.2616|
|=|         10|         65|        242|     3414.551372|        305|00:00:06|+0.02|0.22|0.2098|
|=|         12|         65|        270|     3028.961553|        365|00:00:06|+0.01|0.18|0.1744|
|=|          1|         65|        270|     2600.868405|        425|00:01:19|+0.04|0.18|0.2493|
|-|          4|         61|        231|     3128.107860|        485|00:00:08|-0.07|0.07|0.9775|
|=|          8|         61|        231|     2881.580176|        541|00:02:56|-0.05|0.07|0.9722|
|=|          7|         61|        242|     2795.971527|        597|00:00:06|-0.03|0.07|0.9605|
|=|          5|         61|        251|     2464.232421|        653|00:00:07|-0.03|0.06|0.9504|
|=|          2|         61|        242|     2332.790160|        709|00:01:22|-0.03|0.05|0.9613|
|=|          9|         61|        242|     2153.364488|        765|00:00:07|-0.03|0.05|0.9669|
|=|         11|         61|        297|     1886.865506|        821|00:00:06|-0.02|0.05|0.9568|
|=|         15|         61|        297|     1766.031695|        882|00:00:07|-0.01|0.06|0.9532|
+-+-----------+-----------+-----------+----------------+-----------+--------+-----+----+------+
Best-so-far configuration:         297    mean value:      1766.031695
Description of the best-so-far configuration:
    .ID. particles topology modInfluence branching tSchedule phi1 phi2 inertia
297  297       103        4            0        NA        NA 1.92 2.27    0.57
    .PARENT.
297      231

# 2025-10-13 17:50:14 -03: Elite configurations (first number is the configuration ID; listed from best to worst according to the sum of ranks):
    particles topology modInfluence branching tSchedule phi1 phi2 inertia
297       103        4            0        NA        NA 1.92 2.27    0.57
242       140        4            0        NA        NA 2.44 2.45    0.48
126       108        4            0        NA        NA 2.12 2.33    0.62
300       122        4            0        NA        NA 2.14 2.29    0.57
252        96        4            0        NA        NA 2.13 2.33    0.64
# 2025-10-13 17:50:14 -03: Iteration 6 of 6
# experimentsUsed: 2657
# remainingBudget: 1343
# currentBudget: 1343
# nbConfigurations: 65
# Markers:
     x No test is performed.
     c Configurations are discarded only due to capping.
     - The test is performed and some configurations are discarded.
     = The test is performed but no configuration is discarded.
     ! The test is performed and configurations could be discarded but elite configurations are preserved.
     . All alive configurations are elite and nothing is discarded.

+-+-----------+-----------+-----------+----------------+-----------+--------+-----+----+------+
| |   Instance|      Alive|       Best|       Mean best| Exp so far|  W time|  rho|KenW|  Qvar|
+-+-----------+-----------+-----------+----------------+-----------+--------+-----+----+------+
|x|         16|         65|        324|     5.543415727|         65|00:00:08|   NA|  NA|    NA|
|x|          8|         65|        322|     459.7807792|        125|00:02:57|-0.05|0.47|0.9398|
|x|         14|         65|        322|     359.9841795|        185|00:00:09|-0.12|0.26|1.0621|
|x|          4|         65|        300|     2094.827444|        245|00:00:08|-0.09|0.18|1.0598|
|=|          1|         65|        242|     1720.950374|        305|00:01:18|-0.06|0.15|1.0321|
|=|         13|         65|        300|     1405.334167|        365|00:00:11|-0.04|0.13|1.0153|
|=|         11|         65|        126|     1203.971329|        425|00:00:05|+0.00|0.14|0.9878|
|=|          5|         65|        327|     1055.817897|        485|00:00:06|-0.02|0.11|1.0045|
|=|          3|         65|        322|     2752.225066|        545|00:00:10|-0.00|0.11|0.9956|
|=|         15|         65|        327|     2498.281976|        605|00:00:07|+0.00|0.10|0.9894|
|=|          7|         65|        322|     2260.278256|        665|00:00:06|+0.01|0.10|0.9800|
|=|         12|         65|        322|     2116.720234|        725|00:00:05|+0.02|0.10|0.9739|
|=|         10|         65|        322|     1953.961896|        785|00:00:05|+0.01|0.08|0.9843|
|=|          9|         65|        322|     1814.417063|        845|00:00:06|-0.00|0.07|0.9841|
|=|          2|         65|        322|     1695.243804|        905|00:01:23|+0.00|0.07|0.9807|
|=|          6|         65|        322|     1623.690677|        965|00:02:53|-0.00|0.06|0.9760|
|=|         17|         65|        322|     1535.205564|       1030|00:00:11|-0.00|0.06|0.9735|
+-+-----------+-----------+-----------+----------------+-----------+--------+-----+----+------+
Best-so-far configuration:         322    mean value:      1535.205564
Description of the best-so-far configuration:
    .ID. particles topology modInfluence branching tSchedule phi1 phi2 inertia
322  322       110        4            0        NA        NA 2.13 2.41    0.56
    .PARENT.
322      297

# 2025-10-13 18:00:31 -03: Elite configurations (first number is the configuration ID; listed from best to worst according to the sum of ranks):
    particles topology modInfluence branching tSchedule phi1 phi2 inertia
322       110        4            0        NA        NA 2.13 2.41    0.56
344       111        4            0        NA        NA 1.88 2.36    0.56
300       122        4            0        NA        NA 2.14 2.29    0.57
327       104        4            0        NA        NA 1.77 2.24    0.62
242       140        4            0        NA        NA 2.44 2.45    0.48
# 2025-10-13 18:00:31 -03: Stopped because there is not enough budget to enforce the value of nbConfigurations.
# Iteration: 7
# nbIterations: 7
# experimentsUsed: 3687
# timeUsed: 0
# remainingBudget: 313
# currentBudget: 313
# number of elites: 5
# nbConfigurations: 22
# Total CPU user time: 25687.09, CPU sys time: 157.583, Wall-clock time: 2969.283
# 2025-10-13 18:00:31 -03: Starting post-selection:
# Configurations selected: 322, 344, 300, 327, 242, 297, 126, 252, 231, 219, 195, 139, 106, 161, 146, 36.
# Pending instances: 1, 1, 1, 1, 1, 1, 1, 1, 3, 3, 3, 5, 5, 5, 5, 7.
# 2025-10-13 18:00:31 -03: seed: 700099
# Configurations: 16
# Available experiments: 313
# minSurvival: 1
# Markers:
     x No test is performed.
     c Configurations are discarded only due to capping.
     - The test is performed and some configurations are discarded.
     = The test is performed but no configuration is discarded.
     ! The test is performed and configurations could be discarded but elite configurations are preserved.
     . All alive configurations are elite and nothing is discarded.

+-+-----------+-----------+-----------+----------------+-----------+--------+-----+----+------+
| |   Instance|      Alive|       Best|       Mean best| Exp so far|  W time|  rho|KenW|  Qvar|
+-+-----------+-----------+-----------+----------------+-----------+--------+-----+----+------+
|.|          8|         16|        327|     908.3067925|          0|00:00:00|   NA|  NA|    NA|
|x|         15|         16|        327|     492.7015452|          5|00:00:01|+0.45|0.73|0.2377|
|.|          1|         16|        327|     339.3076812|          5|00:00:00|+0.02|0.35|0.8766|
|x|         12|         16|        297|     417.9149736|          6|00:00:00|+0.14|0.35|0.8010|
|x|         16|         16|        322|     316.5840933|         14|00:00:01|+0.06|0.25|0.8778|
|x|         17|         16|        344|     289.0459582|         22|00:00:01|+0.16|0.30|0.8079|
|.|          3|         16|        344|     2581.547936|         22|00:00:00|+0.17|0.29|0.8156|
|.|         10|         16|        344|     2258.961435|         22|00:00:00|+0.10|0.21|0.8760|
|x|         13|         16|        344|     2009.838606|         23|00:00:01|+0.11|0.21|0.8437|
|x|         14|         16|        322|     1802.755723|         28|00:00:01|+0.11|0.20|0.8760|
|.|          2|         16|        322|     1641.306855|         28|00:00:00|+0.11|0.19|0.8661|
|.|         11|         16|        322|     1504.575573|         28|00:00:00|+0.13|0.21|0.8299|
|.|          6|         16|        322|     1431.176972|         28|00:00:00|+0.09|0.16|0.8703|
|.|          9|         16|        322|     1328.973919|         28|00:00:00|+0.06|0.13|0.8893|
|.|          5|         16|        322|     1241.251074|         28|00:00:00|+0.03|0.10|0.9096|
|.|          7|         16|        322|     1163.677016|         28|00:00:00|+0.04|0.10|0.8961|
|.|          4|         16|        322|     1535.205564|         28|00:00:00|+0.03|0.09|0.9016|
|=|         18|         16|        322|     5495.543705|         44|00:00:02|+0.02|0.08|0.9069|
|=|         19|         16|        242|     5461.236855|         60|00:00:58|+0.04|0.09|0.8968|
|=|         20|         16|        242|     5216.105695|         76|00:00:57|+0.03|0.08|0.9028|
|=|         21|         16|        242|     4974.577116|         92|00:00:02|+0.02|0.07|0.9079|
|=|         22|         16|        322|     4569.801120|        108|00:00:02|+0.02|0.07|0.9027|
|-|         23|          8|        242|     4547.117702|        124|00:00:02|+0.02|0.06|0.8645|
|=|         24|          8|        322|     4194.526621|        132|00:00:01|+0.02|0.06|0.8627|
|=|         25|          8|        322|     4063.113755|        140|00:00:29|+0.02|0.05|0.8686|
|=|         26|          8|        322|     3915.226807|        148|00:00:28|+0.01|0.05|0.8683|
|=|         27|          8|        322|     3787.876298|        156|00:00:28|+0.02|0.06|0.8667|
|=|         28|          8|        322|     3653.203837|        164|00:00:01|+0.03|0.07|0.8570|
|-|         29|          3|        322|     3535.260904|        172|00:00:01|+0.02|0.06|0.6557|
|=|         30|          3|        322|     3420.839669|        175|00:00:01|+0.03|0.06|0.6502|
|=|         31|          3|        322|     697866.0759|        178|00:00:01|+0.01|0.04|0.6615|
|=|         32|          3|        322|     676064.3363|        181|00:00:01|+0.03|0.06|0.6536|
|=|         33|          3|        322|     655579.5139|        184|00:00:01|+0.03|0.06|0.6501|
|=|         34|          3|        322|     636297.8670|        187|00:00:00|+0.03|0.06|0.6472|
|=|         35|          3|        322|     618119.3938|        190|00:00:01|+0.04|0.07|0.6394|
|=|         36|          3|        322|     600950.7594|        193|00:00:01|+0.05|0.08|0.6343|
|=|         37|          3|        322|     584708.8673|        196|00:00:08|+0.04|0.06|0.6437|
|=|         38|          3|        322|     569345.3305|        199|00:00:16|+0.02|0.05|0.6504|
|=|         39|          3|        322|     554746.7751|        202|00:00:01|+0.03|0.06|0.6466|
|=|         40|          3|        322|     540878.6304|        205|00:00:01|+0.02|0.04|0.6548|
|=|         41|          3|        322|     532237.1142|        208|00:00:01|+0.01|0.04|0.6549|
|=|         42|          3|        322|     519571.8649|        211|00:00:28|+0.01|0.03|0.6615|
|=|         43|          3|        322|     507488.8086|        214|00:00:01|+0.00|0.02|0.6666|
|=|         44|          3|        322|     522861.0242|        217|00:00:01|-0.01|0.02|0.6693|
|=|         45|          3|        322|     511242.7611|        220|00:00:00|-0.00|0.02|0.6705|
|=|         46|          3|        322|     500128.8788|        223|00:00:01|+0.00|0.02|0.6668|
|=|         47|          3|        322|     490357.3679|        226|00:00:01|+0.00|0.03|0.6668|
|=|         48|          3|        322|     480142.1167|        229|00:00:01|+0.01|0.03|0.6630|
|=|         49|          3|        322|     470361.7466|        232|00:00:31|+0.01|0.03|0.6640|
|=|         50|          3|        322|     461279.3400|        235|00:00:01|+0.01|0.03|0.6672|
|=|         51|          3|        322|     484816.2163|        238|00:00:01|+0.00|0.02|0.6681|
|=|         52|          3|        322|     475493.4381|        241|00:00:13|+0.00|0.02|0.6667|
|=|         53|          3|        322|     466521.8814|        244|00:00:01|-0.00|0.02|0.6698|
|=|         54|          3|        322|     460537.1923|        247|00:00:01|-0.01|0.01|0.6726|
|=|         55|          3|        322|     452163.8014|        250|00:00:00|-0.00|0.02|0.6716|
|=|         56|          3|        322|     444089.8212|        253|00:00:01|-0.00|0.02|0.6716|
|=|         57|          3|        322|     436298.8426|        256|00:00:01|+0.00|0.02|0.6697|
|=|         58|          3|        322|     428776.4614|        259|00:00:00|+0.01|0.02|0.6675|
|=|         59|          3|        322|     421526.6474|        262|00:00:00|+0.01|0.02|0.6679|
|=|         60|          3|        322|     414516.4602|        265|00:00:31|+0.01|0.02|0.6684|
|=|         61|          3|        322|     407721.1338|        268|00:00:01|+0.00|0.02|0.6682|
|=|         62|          3|        322|     403725.4202|        271|00:00:01|+0.00|0.02|0.6707|
|=|         63|          3|        322|     397317.3122|        274|00:00:01|-0.00|0.01|0.6722|
|=|         64|          3|        322|     391109.6821|        277|00:00:01|-0.00|0.01|0.6727|
|=|         65|          3|        322|     385093.0486|        280|00:00:01|-0.01|0.01|0.6740|
|=|         66|          3|        322|     379258.3895|        283|00:00:01|-0.00|0.01|0.6725|
|=|         67|          3|        322|     373601.0068|        286|00:00:01|-0.00|0.01|0.6728|
|=|         68|          3|        322|     368108.6904|        289|00:00:01|-0.00|0.01|0.6718|
|=|         69|          3|        322|     362786.9419|        292|00:00:28|+0.00|0.02|0.6704|
|=|         70|          3|        322|     357827.9650|        295|00:00:01|+0.00|0.02|0.6685|
|=|         71|          3|        322|     352796.9530|        298|00:00:00|+0.00|0.02|0.6697|
|=|         72|          3|        322|     347897.2858|        301|00:00:01|+0.00|0.02|0.6689|
|=|         73|          3|        322|     343133.0945|        304|00:00:01|+0.00|0.01|0.6707|
|=|         74|          3|        322|     338497.8715|        307|00:00:01|-0.00|0.01|0.6722|
|=|         75|          3|        322|     333984.5715|        310|00:00:01|+0.00|0.01|0.6713|
|=|         76|          3|        322|     329591.8671|        313|00:00:01|-0.00|0.01|0.6726|
+-+-----------+-----------+-----------+----------------+-----------+--------+-----+----+------+
Best-so-far configuration:         322    mean value:      329591.8671
Description of the best-so-far configuration:
    .ID. particles topology modInfluence branching tSchedule phi1 phi2 inertia
322  322       110        4            0        NA        NA 2.13 2.41    0.56
    .PARENT.
322      297

# 2025-10-13 18:07:42 -03: Elite configurations (first number is the configuration ID; listed from best to worst according to the sum of ranks):
    particles topology modInfluence branching tSchedule phi1 phi2 inertia
322       110        4            0        NA        NA 2.13 2.41    0.56
344       111        4            0        NA        NA 1.88 2.36    0.56
242       140        4            0        NA        NA 2.44 2.45    0.48
# Total CPU user time: 28031.62, CPU sys time: 172.09, Wall-clock time: 3400.39
    .ID. particles topology modInfluence branching tSchedule phi1 phi2 inertia
322  322       110        4            0        NA        NA 2.13 2.41    0.56
344  344       111        4            0        NA        NA 1.88 2.36    0.56
242  242       140        4            0        NA        NA 2.44 2.45    0.48
    .PARENT. .RANK.  .WEIGHT.
322      297    143 0.5000000
344      297    156 0.3333333
242      126    157 0.1666667
