# 2025-09-19 15:08:52 -03: Reading parameter file '/home/dianag/PruebasPablo/irace-test-executions/ACOTSP-withRanking/Scenarios-2/BH-90/Runs/BH-90_seed_1800371/parameters.txt'.
# 2025-09-19 15:08:52 -03: 1 expression(s) specifying forbidden configurations read.
# 2025-09-19 15:08:52 -03: Initialization
# Elitist race
# Elitist new instances: 1
# Elitist limit: 2
# nbIterations: 5
# minNbSurvival: 5
# nbParameters: 11
# seed: 1800371
# confidence level: 0.95
# budget: 5500
# mu: 5
# deterministic: FALSE

# 2025-09-19 15:08:52 -03: Iteration 1 of 5
# experimentsUsed: 0
# remainingBudget: 5500
# currentBudget: 1100
# nbConfigurations: 90
# Markers:
     x No test is performed.
     c Configurations are discarded only due to capping.
     - The test is performed and some configurations are discarded.
     = The test is performed but no configuration is discarded.
     ! The test is performed and configurations could be discarded but elite configurations are preserved.
     . All alive configurations are elite and nothing is discarded.

+-+-----------+-----------+-----------+----------------+-----------+--------+-----+----+------+
| |   Instance|      Alive|       Best|       Mean best| Exp so far|  W time|  rho|KenW|  Qvar|
+-+-----------+-----------+-----------+----------------+-----------+--------+-----+----+------+
|x|          1|         90|         47|     32737075.00|         90|00:01:58|   NA|  NA|    NA|
|x|          2|         90|         47|     32491377.00|        180|00:01:58|+0.98|0.99|0.0025|
|x|          3|         90|         47|     32482107.33|        270|00:01:58|+0.98|0.99|0.0020|
|x|          4|         90|         47|     32533275.00|        360|00:01:56|+0.98|0.99|0.0016|
|-|          5|          6|         47|     32528853.40|        450|00:01:57|+0.24|0.39|0.5513|
|=|          6|          6|         47|     32561447.50|        456|00:00:30|+0.24|0.37|0.5301|
|-|          7|          3|         47|     32592479.00|        462|00:00:28|+0.05|0.18|0.6154|
+-+-----------+-----------+-----------+----------------+-----------+--------+-----+----+------+
Best-so-far configuration:          47    mean value:      32592479.00
Description of the best-so-far configuration:
   .ID. algorithm localsearch alpha beta  rho ants   q0 rasrank elitistants
47   47       acs           3  4.86 0.23 0.93   70 0.26      NA          NA
   nnls dlb .PARENT.
47   40   1       NA

# 2025-09-19 15:19:42 -03: Elite configurations (first number is the configuration ID; listed from best to worst according to the sum of ranks):
   algorithm localsearch alpha beta  rho ants   q0 rasrank elitistants nnls dlb
47       acs           3  4.86 0.23 0.93   70 0.26      NA          NA   40   1
15      mmas           3  4.16 5.07 0.14   38   NA      NA          NA   28   1
84       acs           3  3.11 3.74 0.44   24 0.15      NA          NA   43   0
# 2025-09-19 15:19:42 -03: Iteration 2 of 5
# experimentsUsed: 462
# remainingBudget: 5038
# currentBudget: 1259
# nbConfigurations: 90
# Markers:
     x No test is performed.
     c Configurations are discarded only due to capping.
     - The test is performed and some configurations are discarded.
     = The test is performed but no configuration is discarded.
     ! The test is performed and configurations could be discarded but elite configurations are preserved.
     . All alive configurations are elite and nothing is discarded.

+-+-----------+-----------+-----------+----------------+-----------+--------+-----+----+------+
| |   Instance|      Alive|       Best|       Mean best| Exp so far|  W time|  rho|KenW|  Qvar|
+-+-----------+-----------+-----------+----------------+-----------+--------+-----+----+------+
|x|          8|         90|         15|     32716175.00|         90|00:02:14|   NA|  NA|    NA|
|x|          7|         90|        132|     32726915.50|        177|00:02:13|+0.95|0.98|0.0013|
|x|          5|         90|        132|     32617806.67|        264|00:02:16|+0.96|0.97|0.0011|
|x|          3|         90|        132|     32581372.25|        351|00:02:16|+0.96|0.97|0.0013|
|-|          1|          8|        132|     32613258.00|        438|00:02:11|+0.13|0.30|0.7451|
|=|          6|          8|        132|     32621828.33|        443|00:00:12|+0.15|0.29|0.7427|
|=|          4|          8|        132|     32625224.14|        448|00:00:12|+0.15|0.27|0.7542|
|-|          2|          1|        132|     32573811.75|        453|00:00:12|   NA|  NA|    NA|
+-+-----------+-----------+-----------+----------------+-----------+--------+-----+----+------+
Best-so-far configuration:         132    mean value:      32573811.75
Description of the best-so-far configuration:
    .ID. algorithm localsearch alpha beta  rho ants   q0 rasrank elitistants
132  132       acs           3  4.35 4.99 0.04   34 0.15      NA          NA
    nnls dlb .PARENT.
132   30   1       47

# 2025-09-19 15:31:31 -03: Elite configurations (first number is the configuration ID; listed from best to worst according to the sum of ranks):
    algorithm localsearch alpha beta  rho ants   q0 rasrank elitistants nnls
132       acs           3  4.35 4.99 0.04   34 0.15      NA          NA   30
    dlb
132   1
# 2025-09-19 15:31:31 -03: Iteration 3 of 5
# experimentsUsed: 915
# remainingBudget: 4585
# currentBudget: 1528
# nbConfigurations: 90
# Markers:
     x No test is performed.
     c Configurations are discarded only due to capping.
     - The test is performed and some configurations are discarded.
     = The test is performed but no configuration is discarded.
     ! The test is performed and configurations could be discarded but elite configurations are preserved.
     . All alive configurations are elite and nothing is discarded.

+-+-----------+-----------+-----------+----------------+-----------+--------+-----+----+------+
| |   Instance|      Alive|       Best|       Mean best| Exp so far|  W time|  rho|KenW|  Qvar|
+-+-----------+-----------+-----------+----------------+-----------+--------+-----+----+------+
|x|          9|         90|        238|     32701530.00|         90|00:01:55|   NA|  NA|    NA|
|x|          1|         90|        238|     32704801.00|        179|00:01:55|+0.90|0.95|0.0061|
|x|          3|         90|        220|     32623193.33|        268|00:01:57|+0.91|0.94|0.0084|
|x|          7|         90|        215|     32641853.00|        357|00:01:56|+0.92|0.94|0.0097|
|-|          6|         15|        243|     32658332.60|        446|00:01:54|-0.02|0.19|0.9383|
|=|          8|         15|        215|     32673509.33|        460|00:00:20|+0.07|0.22|0.8592|
|=|          5|         15|        132|     32636788.71|        474|00:00:20|+0.10|0.23|0.8203|
|-|          4|          7|        215|     32640085.50|        488|00:00:20|+0.04|0.16|0.8223|
|=|          2|          7|        243|     32589116.44|        494|00:00:10|+0.10|0.20|0.7597|
|=|         10|          7|        243|     32600184.00|        501|00:00:10|+0.09|0.18|0.7523|
+-+-----------+-----------+-----------+----------------+-----------+--------+-----+----+------+
Best-so-far configuration:         243    mean value:      32600184.00
Description of the best-so-far configuration:
    .ID. algorithm localsearch alpha beta  rho ants   q0 rasrank elitistants
243  243       acs           3  4.87  4.5 0.05   47 0.29      NA          NA
    nnls dlb .PARENT.
243   19   1      132

# 2025-09-19 15:42:34 -03: Elite configurations (first number is the configuration ID; listed from best to worst according to the sum of ranks):
    algorithm localsearch alpha beta  rho ants   q0 rasrank elitistants nnls
243       acs           3  4.87 4.50 0.05   47 0.29      NA          NA   19
215       acs           3  3.17 8.06 0.50   59 0.12      NA          NA   18
236       acs           3  3.24 5.07 0.11   38 0.32      NA          NA   24
238       acs           3  4.23 3.55 0.07    9 0.10      NA          NA   23
132       acs           3  4.35 4.99 0.04   34 0.15      NA          NA   30
    dlb
243   1
215   1
236   1
238   1
132   1
# 2025-09-19 15:42:34 -03: Iteration 4 of 5
# experimentsUsed: 1416
# remainingBudget: 4084
# currentBudget: 2042
# nbConfigurations: 90
# Markers:
     x No test is performed.
     c Configurations are discarded only due to capping.
     - The test is performed and some configurations are discarded.
     = The test is performed but no configuration is discarded.
     ! The test is performed and configurations could be discarded but elite configurations are preserved.
     . All alive configurations are elite and nothing is discarded.

+-+-----------+-----------+-----------+----------------+-----------+--------+-----+----+------+
| |   Instance|      Alive|       Best|       Mean best| Exp so far|  W time|  rho|KenW|  Qvar|
+-+-----------+-----------+-----------+----------------+-----------+--------+-----+----+------+
|x|         11|         90|        291|     32876726.00|         90|00:01:43|   NA|  NA|    NA|
|x|          6|         90|        306|     32761679.50|        175|00:01:33|+0.81|0.90|0.0057|
|x|          9|         90|        291|     32739808.67|        260|00:01:33|+0.82|0.88|0.0091|
|x|          7|         90|        291|     32713223.75|        345|00:01:33|+0.82|0.87|0.0075|
|-|          8|         17|        291|     32709095.80|        430|00:01:33|+0.05|0.24|0.8156|
|=|          5|         17|        291|     32655868.33|        442|00:00:20|+0.08|0.23|0.7880|
|=|         10|         17|        291|     32655770.43|        454|00:00:20|+0.05|0.18|0.8535|
|=|          3|         17|        291|     32625863.00|        466|00:00:20|+0.04|0.16|0.8646|
|=|          1|         17|        291|     32632646.89|        478|00:00:20|+0.04|0.15|0.8732|
|=|          2|         17|        291|     32585871.70|        490|00:00:20|+0.07|0.16|0.8540|
|=|          4|         17|        291|     32586282.91|        502|00:00:20|+0.06|0.14|0.8620|
|=|         12|         17|        291|     32570058.42|        519|00:00:20|+0.05|0.13|0.8779|
+-+-----------+-----------+-----------+----------------+-----------+--------+-----+----+------+
Best-so-far configuration:         291    mean value:      32570058.42
Description of the best-so-far configuration:
    .ID. algorithm localsearch alpha beta  rho ants   q0 rasrank elitistants
291  291       acs           3  4.69 6.47 0.16   55 0.17      NA          NA
    nnls dlb .PARENT.
291   11   1      243

# 2025-09-19 15:52:59 -03: Elite configurations (first number is the configuration ID; listed from best to worst according to the sum of ranks):
    algorithm localsearch alpha beta  rho ants   q0 rasrank elitistants nnls
291       acs           3  4.69 6.47 0.16   55 0.17      NA          NA   11
311       acs           3  2.88 6.82 0.69   60 0.23      NA          NA   11
322       acs           3  4.28 4.78 0.23   57 0.25      NA          NA   17
323       acs           3  3.48 7.55 0.67   64 0.34      NA          NA   14
305       acs           3  2.97 3.27 0.04   30 0.26      NA          NA   19
    dlb
291   1
311   1
322   1
323   1
305   1
# 2025-09-19 15:52:59 -03: Iteration 5 of 5
# experimentsUsed: 1935
# remainingBudget: 3565
# currentBudget: 3565
# nbConfigurations: 90
# Markers:
     x No test is performed.
     c Configurations are discarded only due to capping.
     - The test is performed and some configurations are discarded.
     = The test is performed but no configuration is discarded.
     ! The test is performed and configurations could be discarded but elite configurations are preserved.
     . All alive configurations are elite and nothing is discarded.

+-+-----------+-----------+-----------+----------------+-----------+--------+-----+----+------+
| |   Instance|      Alive|       Best|       Mean best| Exp so far|  W time|  rho|KenW|  Qvar|
+-+-----------+-----------+-----------+----------------+-----------+--------+-----+----+------+
|x|         13|         90|        355|     32971928.00|         90|00:01:34|   NA|  NA|    NA|
|x|          4|         90|        366|     32796149.50|        175|00:01:33|+0.75|0.88|0.0074|
|x|          2|         90|        362|     32583639.33|        260|00:01:33|+0.71|0.80|0.0081|
|x|          5|         90|        398|     32538659.00|        345|00:01:33|+0.73|0.80|0.0071|
|-|         12|         19|        362|     32505280.80|        430|00:01:33|-0.12|0.10|1.0374|
|=|          9|         19|        362|     32532628.17|        444|00:00:20|-0.04|0.13|0.9848|
|=|          8|         19|        362|     32563353.57|        458|00:00:20|-0.02|0.12|0.9574|
|=|          6|         19|        398|     32572896.25|        472|00:00:20|-0.00|0.12|0.9452|
|=|          3|         19|        398|     32554406.22|        486|00:00:20|-0.01|0.10|0.9528|
|=|         11|         19|        398|     32593712.90|        500|00:00:20|-0.00|0.10|0.9469|
|=|          1|         19|        291|     32601416.27|        514|00:00:20|-0.02|0.07|0.9710|
|=|         10|         19|        291|     32605896.83|        528|00:00:20|-0.03|0.06|0.9755|
|=|          7|         19|        291|     32608017.77|        542|00:00:20|-0.02|0.06|0.9588|
|=|         14|         19|        291|     32583836.57|        561|00:00:21|-0.00|0.07|0.9455|
+-+-----------+-----------+-----------+----------------+-----------+--------+-----+----+------+
Best-so-far configuration:         291    mean value:      32583836.57
Description of the best-so-far configuration:
    .ID. algorithm localsearch alpha beta  rho ants   q0 rasrank elitistants
291  291       acs           3  4.69 6.47 0.16   55 0.17      NA          NA
    nnls dlb .PARENT.
291   11   1      243

# 2025-09-19 16:03:56 -03: Elite configurations (first number is the configuration ID; listed from best to worst according to the sum of ranks):
    algorithm localsearch alpha beta  rho ants   q0 rasrank elitistants nnls
291       acs           3  4.69 6.47 0.16   55 0.17      NA          NA   11
362       acs           3  3.61 5.79 0.18   52 0.18      NA          NA   10
382       acs           3  4.82 5.74 0.17   55 0.18      NA          NA   12
366       acs           3  4.94 5.99 0.17   54 0.06      NA          NA   14
378       acs           3  3.24 5.07 0.03   35 0.42      NA          NA   13
    dlb
291   1
362   1
382   1
366   1
378   1
# 2025-09-19 16:03:56 -03: Iteration 6 of 6
# experimentsUsed: 2496
# remainingBudget: 3004
# currentBudget: 3004
# nbConfigurations: 90
# Markers:
     x No test is performed.
     c Configurations are discarded only due to capping.
     - The test is performed and some configurations are discarded.
     = The test is performed but no configuration is discarded.
     ! The test is performed and configurations could be discarded but elite configurations are preserved.
     . All alive configurations are elite and nothing is discarded.

+-+-----------+-----------+-----------+----------------+-----------+--------+-----+----+------+
| |   Instance|      Alive|       Best|       Mean best| Exp so far|  W time|  rho|KenW|  Qvar|
+-+-----------+-----------+-----------+----------------+-----------+--------+-----+----+------+
|x|         15|         90|        492|     32384008.00|         90|00:01:33|   NA|  NA|    NA|
|x|          6|         90|        441|     32506129.50|        175|00:01:33|+0.54|0.77|0.2091|
|x|          5|         90|        441|     32477371.33|        260|00:01:33|+0.48|0.66|0.2235|
|x|         12|         90|        441|     32459208.25|        345|00:01:33|+0.52|0.64|0.2005|
|-|          8|         30|        291|     32509634.60|        430|00:01:33|-0.09|0.12|1.0495|
|=|         11|         30|        291|     32570816.50|        455|00:00:31|-0.01|0.15|0.9727|
|=|          7|         30|        291|     32579766.86|        480|00:00:31|-0.01|0.14|0.9742|
|=|          4|         30|        291|     32581095.38|        505|00:00:31|+0.02|0.14|0.9488|
|=|          1|         30|        291|     32592853.44|        530|00:00:31|+0.02|0.13|0.9445|
|=|          2|         30|        291|     32550057.60|        555|00:00:31|+0.02|0.11|0.9418|
|=|         14|         30|        291|     32524550.64|        580|00:00:31|+0.03|0.12|0.9266|
|=|         13|         30|        291|     32569465.58|        605|00:00:31|+0.03|0.11|0.9339|
|=|          3|         30|        291|     32557699.85|        630|00:00:31|+0.01|0.09|0.9466|
|=|         10|         30|        291|     32564662.93|        655|00:00:31|+0.01|0.08|0.9511|
|=|          9|         30|        291|     32572429.60|        680|00:00:31|+0.02|0.09|0.9461|
|=|         16|         30|        291|     32590055.94|        710|00:00:31|+0.03|0.09|0.9389|
+-+-----------+-----------+-----------+----------------+-----------+--------+-----+----+------+
Best-so-far configuration:         291    mean value:      32590055.94
Description of the best-so-far configuration:
    .ID. algorithm localsearch alpha beta  rho ants   q0 rasrank elitistants
291  291       acs           3  4.69 6.47 0.16   55 0.17      NA          NA
    nnls dlb .PARENT.
291   11   1      243

# 2025-09-19 16:17:29 -03: Elite configurations (first number is the configuration ID; listed from best to worst according to the sum of ranks):
    algorithm localsearch alpha beta  rho ants   q0 rasrank elitistants nnls
291       acs           3  4.69 6.47 0.16   55 0.17      NA          NA   11
463       acs           3  4.94 7.06 0.15   56 0.06      NA          NA   12
488       acs           3  3.40 5.55 0.24   54 0.23      NA          NA   12
362       acs           3  3.61 5.79 0.18   52 0.18      NA          NA   10
366       acs           3  4.94 5.99 0.17   54 0.06      NA          NA   14
    dlb
291   1
463   1
488   1
362   1
366   1
# 2025-09-19 16:17:29 -03: Iteration 7 of 7
# experimentsUsed: 3206
# remainingBudget: 2294
# currentBudget: 2294
# nbConfigurations: 90
# Markers:
     x No test is performed.
     c Configurations are discarded only due to capping.
     - The test is performed and some configurations are discarded.
     = The test is performed but no configuration is discarded.
     ! The test is performed and configurations could be discarded but elite configurations are preserved.
     . All alive configurations are elite and nothing is discarded.

+-+-----------+-----------+-----------+----------------+-----------+--------+-----+----+------+
| |   Instance|      Alive|       Best|       Mean best| Exp so far|  W time|  rho|KenW|  Qvar|
+-+-----------+-----------+-----------+----------------+-----------+--------+-----+----+------+
|x|         17|         90|        488|     32804326.00|         90|00:01:33|   NA|  NA|    NA|
|x|          5|         90|        584|     32599699.50|        175|00:01:33|+0.48|0.74|0.4990|
|x|         13|         90|        539|     32741572.67|        260|00:01:33|+0.41|0.61|0.5036|
|x|          3|         90|        366|     32651437.00|        345|00:01:33|+0.38|0.53|0.5223|
|-|         16|         39|        366|     32695349.40|        430|00:01:34|-0.11|0.11|1.0923|
|=|          2|         39|        366|     32610986.00|        464|00:00:41|-0.06|0.12|1.0322|
|=|          1|         39|        592|     32621587.86|        498|00:00:41|-0.02|0.13|1.0042|
|=|         11|         39|        584|     32653618.25|        532|00:00:41|+0.00|0.13|0.9853|
|=|         10|         39|        366|     32657989.22|        566|00:00:41|-0.02|0.09|1.0007|
|=|          6|         39|        488|     32658329.90|        600|00:00:41|-0.04|0.07|1.0118|
|=|          8|         39|        291|     32663776.27|        634|00:00:41|-0.02|0.07|0.9980|
|=|         15|         39|        291|     32642855.92|        668|00:00:41|-0.01|0.07|0.9881|
|=|          4|         39|        291|     32638820.46|        702|00:00:41|-0.01|0.07|0.9829|
|=|          9|         39|        291|     32641844.93|        736|00:00:41|-0.00|0.07|0.9793|
|=|          7|         39|        291|     32641286.53|        770|00:00:41|+0.00|0.07|0.9788|
|=|         14|         39|        291|     32618048.69|        804|00:00:41|+0.02|0.08|0.9659|
|=|         12|         39|        291|     32604727.53|        838|00:00:41|+0.02|0.07|0.9636|
|=|         18|         39|        291|     32615105.78|        877|00:00:41|+0.01|0.06|0.9694|
+-+-----------+-----------+-----------+----------------+-----------+--------+-----+----+------+
Best-so-far configuration:         291    mean value:      32615105.78
Description of the best-so-far configuration:
    .ID. algorithm localsearch alpha beta  rho ants   q0 rasrank elitistants
291  291       acs           3  4.69 6.47 0.16   55 0.17      NA          NA
    nnls dlb .PARENT.
291   11   1      243

# 2025-09-19 16:34:21 -03: Elite configurations (first number is the configuration ID; listed from best to worst according to the sum of ranks):
    algorithm localsearch alpha beta  rho ants   q0 rasrank elitistants nnls
291       acs           3  4.69 6.47 0.16   55 0.17      NA          NA   11
597       acs           3  4.93 7.45 0.19   57 0.13      NA          NA   12
558       acs           3  3.57 6.26 0.15   47 0.12      NA          NA   12
488       acs           3  3.40 5.55 0.24   54 0.23      NA          NA   12
592       acs           3  4.84 6.73 0.14   50 0.28      NA          NA   12
    dlb
291   1
597   1
558   1
488   1
592   1
# 2025-09-19 16:34:21 -03: Stopped because there is not enough budget to enforce the value of nbConfigurations.
# Iteration: 8
# nbIterations: 8
# experimentsUsed: 4083
# timeUsed: 0
# remainingBudget: 1417
# currentBudget: 1417
# number of elites: 5
# nbConfigurations: 79
# Total CPU user time: 45121.26, CPU sys time: 345.053, Wall-clock time: 5129.011
# 2025-09-19 16:34:21 -03: Starting post-selection:
# Configurations selected: 291, 597, 558, 488, 592, 463, 362, 366, 382, 378, 311, 322, 323, 305, 243, 215.
# Pending instances: 1, 1, 1, 1, 1, 1, 1, 1, 3, 3, 5, 5, 5, 5, 7, 7.
# 2025-09-19 16:34:22 -03: seed: 1800371
# Configurations: 16
# Available experiments: 1417
# minSurvival: 1
# Markers:
     x No test is performed.
     c Configurations are discarded only due to capping.
     - The test is performed and some configurations are discarded.
     = The test is performed but no configuration is discarded.
     ! The test is performed and configurations could be discarded but elite configurations are preserved.
     . All alive configurations are elite and nothing is discarded.

+-+-----------+-----------+-----------+----------------+-----------+--------+-----+----+------+
| |   Instance|      Alive|       Best|       Mean best| Exp so far|  W time|  rho|KenW|  Qvar|
+-+-----------+-----------+-----------+----------------+-----------+--------+-----+----+------+
|.|          8|         16|        597|     32642471.00|          0|00:00:00|   NA|  NA|    NA|
|.|          6|         16|        597|     32641760.50|          0|00:00:00|+0.34|0.67|0.6423|
|.|          4|         16|        597|     32631254.00|          0|00:00:00|+0.08|0.38|0.8981|
|.|          5|         16|        597|     32579301.25|          0|00:00:00|+0.06|0.30|0.8558|
|x|         14|         16|        382|     32518880.80|          2|00:00:10|+0.12|0.30|0.7993|
|.|         12|         16|        382|     32503721.33|          2|00:00:00|+0.05|0.21|0.8687|
|x|         17|         16|        558|     32547190.86|         10|00:00:10|+0.10|0.23|0.8233|
|.|          3|         16|        558|     32533659.25|         10|00:00:00|+0.05|0.17|0.8682|
|.|          2|         16|        558|     32493122.44|         10|00:00:00|+0.09|0.19|0.8475|
|.|         11|         16|        558|     32535929.30|         10|00:00:00|+0.08|0.17|0.8498|
|x|         13|         16|        597|     32570812.09|         12|00:00:10|+0.06|0.15|0.8592|
|.|          9|         16|        597|     32579817.50|         12|00:00:00|+0.08|0.16|0.8379|
|x|         15|         16|        558|     32572928.38|         18|00:00:10|+0.11|0.17|0.8249|
|x|         16|         16|        558|     32594880.93|         24|00:00:10|+0.11|0.17|0.8184|
|.|          7|         16|        558|     32599193.47|         24|00:00:00|+0.11|0.17|0.8121|
|.|          1|         16|        558|     32602687.38|         24|00:00:00|+0.12|0.18|0.8057|
|x|         18|         16|        291|     32612748.29|         32|00:00:10|+0.10|0.15|0.8338|
|.|         10|         16|        291|     32615105.78|         32|00:00:00|+0.08|0.13|0.8571|
|-|         19|          9|        291|     32597105.89|         48|00:00:20|-0.02|0.04|0.8816|
|=|         20|          9|        291|     32570181.35|         57|00:00:10|-0.02|0.04|0.8846|
|=|         21|          9|        291|     32567040.33|         66|00:00:10|-0.00|0.04|0.8740|
|=|         22|          9|        291|     32583131.32|         75|00:00:10|+0.00|0.05|0.8690|
|=|         23|          9|        291|     32579604.39|         84|00:00:10|+0.01|0.05|0.8654|
|=|         24|          9|        291|     32592567.46|         93|00:00:10|+0.01|0.05|0.8645|
|=|         25|          9|        291|     32585987.76|        102|00:00:10|+0.01|0.05|0.8709|
|=|         26|          9|        291|     32597339.50|        111|00:00:10|-0.00|0.04|0.8805|
|=|         27|          9|        597|     32587405.48|        120|00:00:10|-0.00|0.04|0.8786|
|=|         28|          9|        597|     32586392.96|        129|00:00:10|+0.00|0.04|0.8766|
|=|         29|          9|        597|     32588916.28|        138|00:00:10|-0.01|0.03|0.8878|
|=|         30|          9|        597|     32584488.07|        147|00:00:10|-0.01|0.02|0.8919|
|=|         31|          9|        597|     32582561.35|        156|00:00:10|-0.02|0.01|0.8981|
|=|         32|          9|        597|     32578892.34|        165|00:00:10|-0.02|0.01|0.8998|
|=|         33|          9|        291|     32581726.64|        174|00:00:10|-0.02|0.01|0.9023|
|=|         34|          9|        597|     32570112.09|        183|00:00:10|-0.02|0.01|0.9008|
|=|         35|          9|        597|     32577126.80|        192|00:00:10|-0.02|0.01|0.8968|
|=|         36|          9|        597|     32581730.25|        201|00:00:10|-0.02|0.01|0.8995|
|=|         37|          9|        597|     32579656.89|        210|00:00:10|-0.01|0.01|0.8971|
|=|         38|          9|        597|     32578103.71|        219|00:00:10|-0.01|0.01|0.8955|
|=|         39|          9|        597|     32570897.59|        228|00:00:10|-0.01|0.01|0.8966|
|=|         40|          9|        597|     32571995.30|        237|00:00:10|-0.01|0.01|0.8963|
|=|         41|          9|        597|     32575829.34|        246|00:00:10|-0.01|0.01|0.8978|
|=|         42|          9|        597|     32570335.14|        255|00:00:10|-0.01|0.01|0.8984|
|=|         43|          9|        597|     32563331.02|        264|00:00:10|-0.01|0.01|0.8993|
|=|         44|          9|        597|     32565173.61|        273|00:00:10|-0.01|0.01|0.8959|
|=|         45|          9|        597|     32564308.02|        282|00:00:10|-0.01|0.02|0.8933|
|=|         46|          9|        597|     32565999.48|        291|00:00:10|-0.01|0.01|0.8940|
|=|         47|          9|        597|     32571907.64|        300|00:00:10|-0.01|0.01|0.8927|
|=|         48|          9|        597|     32565812.75|        309|00:00:10|-0.01|0.01|0.8924|
|=|         49|          9|        597|     32563720.04|        318|00:00:10|-0.01|0.01|0.8950|
|=|         50|          9|        597|     32557165.32|        327|00:00:10|-0.01|0.01|0.8942|
|=|         51|          9|        597|     32558031.35|        336|00:00:10|-0.01|0.01|0.8919|
|=|         52|          9|        597|     32554558.77|        345|00:00:10|-0.01|0.01|0.8931|
|=|         53|          9|        597|     32554911.70|        354|00:00:10|-0.00|0.01|0.8929|
|=|         54|          9|        597|     32554660.24|        363|00:00:10|-0.00|0.01|0.8910|
|=|         55|          9|        597|     32557533.75|        372|00:00:10|-0.00|0.02|0.8897|
|=|         56|          9|        597|     32550380.62|        381|00:00:10|-0.00|0.02|0.8874|
|=|         57|          9|        597|     32553998.75|        390|00:00:10|+0.00|0.02|0.8861|
|=|         58|          9|        597|     32550414.02|        399|00:00:10|+0.00|0.02|0.8861|
|=|         59|          9|        597|     32555210.17|        408|00:00:10|-0.00|0.02|0.8891|
|=|         60|          9|        597|     32556025.82|        417|00:00:10|+0.00|0.02|0.8873|
|=|         61|          9|        597|     32549619.85|        426|00:00:10|+0.00|0.02|0.8869|
|=|         62|          9|        597|     32548462.35|        435|00:00:10|+0.00|0.02|0.8862|
|=|         63|          9|        597|     32545026.97|        444|00:00:10|+0.00|0.02|0.8848|
|=|         64|          9|        597|     32543833.05|        453|00:00:10|+0.01|0.02|0.8835|
|=|         65|          9|        597|     32539523.85|        462|00:00:10|+0.00|0.02|0.8842|
|=|         66|          9|        597|     32543773.32|        471|00:00:10|+0.01|0.02|0.8835|
|=|         67|          9|        597|     32547391.16|        480|00:00:10|+0.01|0.02|0.8814|
|=|         68|          9|        597|     32546788.07|        489|00:00:10|+0.01|0.02|0.8800|
|=|         69|          9|        597|     32548770.14|        498|00:00:10|+0.01|0.02|0.8808|
|=|         70|          9|        597|     32548919.69|        507|00:00:10|+0.01|0.02|0.8807|
|=|         71|          9|        597|     32549698.72|        516|00:00:10|+0.01|0.02|0.8825|
|=|         72|          9|        597|     32547591.36|        525|00:00:10|+0.01|0.02|0.8826|
|=|         73|          9|        597|     32544393.23|        534|00:00:10|+0.01|0.02|0.8825|
|=|         74|          9|        597|     32547556.22|        543|00:00:10|+0.01|0.02|0.8823|
|=|         75|          9|        597|     32549214.28|        552|00:00:10|+0.01|0.02|0.8822|
|=|         76|          9|        597|     32546736.11|        561|00:00:10|+0.01|0.02|0.8837|
|=|         77|          9|        597|     32546831.99|        570|00:00:10|+0.00|0.02|0.8861|
|=|         78|          9|        597|     32547054.92|        579|00:00:10|+0.00|0.02|0.8851|
|=|         79|          9|        597|     32546508.66|        588|00:00:10|+0.00|0.02|0.8854|
|=|         80|          9|        597|     32548191.77|        597|00:00:10|+0.00|0.02|0.8844|
|=|         81|          9|        597|     32549837.80|        606|00:00:10|+0.01|0.02|0.8827|
|=|         82|          9|        597|     32548778.70|        615|00:00:10|+0.01|0.02|0.8816|
|=|         83|          9|        597|     32551197.54|        624|00:00:10|+0.01|0.02|0.8829|
|=|         84|          9|        597|     32556377.43|        633|00:00:10|+0.01|0.02|0.8838|
|=|         85|          9|        597|     32560018.18|        642|00:00:10|+0.01|0.02|0.8818|
|=|         86|          9|        597|     32560770.24|        651|00:00:10|+0.01|0.02|0.8815|
|=|         87|          9|        597|     32562794.60|        660|00:00:10|+0.01|0.02|0.8829|
|=|         88|          9|        597|     32564295.43|        669|00:00:10|+0.01|0.02|0.8832|
|=|         89|          9|        597|     32566385.93|        678|00:00:10|+0.01|0.02|0.8829|
|=|         90|          9|        597|     32563006.94|        687|00:00:10|+0.01|0.02|0.8827|
|=|         91|          9|        597|     32559239.55|        696|00:00:10|+0.01|0.02|0.8826|
|=|         92|          9|        597|     32559480.32|        705|00:00:10|+0.01|0.02|0.8831|
|=|         93|          9|        597|     32562061.70|        714|00:00:10|+0.00|0.02|0.8849|
|=|         94|          9|        597|     32562826.03|        723|00:00:10|+0.00|0.01|0.8858|
|=|         95|          9|        597|     32562098.69|        732|00:00:10|+0.00|0.01|0.8867|
|=|         96|          9|        597|     32564695.68|        741|00:00:10|+0.00|0.01|0.8867|
|=|         97|          9|        597|     32564853.96|        750|00:00:10|+0.00|0.01|0.8856|
|=|         98|          9|        597|     32569261.90|        759|00:00:10|+0.00|0.01|0.8855|
|=|         99|          9|        597|     32571788.31|        768|00:00:10|+0.00|0.01|0.8868|
|=|        100|          9|        597|     32571522.07|        777|00:00:10|+0.00|0.01|0.8867|
|=|        101|          9|        597|     32570890.14|        786|00:00:10|+0.00|0.01|0.8871|
|=|        102|          9|        597|     32567432.00|        795|00:00:10|+0.00|0.01|0.8865|
|=|        103|          9|        366|     32569623.18|        804|00:00:10|+0.00|0.01|0.8859|
|=|        104|          9|        366|     32569559.71|        813|00:00:10|+0.00|0.01|0.8867|
|=|        105|          9|        366|     32569489.15|        822|00:00:10|+0.00|0.01|0.8857|
|=|        106|          9|        366|     32573230.99|        831|00:00:10|+0.00|0.01|0.8857|
|=|        107|          9|        366|     32573616.69|        840|00:00:10|+0.01|0.01|0.8848|
|=|        108|          9|        366|     32574248.51|        849|00:00:10|+0.00|0.01|0.8862|
|=|        109|          9|        366|     32576032.86|        858|00:00:10|+0.00|0.01|0.8868|
|=|        110|          9|        366|     32576745.86|        867|00:00:10|+0.00|0.01|0.8863|
|=|        111|          9|        366|     32575210.12|        876|00:00:10|+0.00|0.01|0.8866|
|=|        112|          9|        366|     32576259.09|        885|00:00:10|+0.00|0.01|0.8873|
|=|        113|          9|        366|     32573504.45|        894|00:00:10|+0.00|0.01|0.8879|
|=|        114|          9|        366|     32577186.39|        903|00:00:10|+0.00|0.01|0.8887|
|=|        115|          9|        366|     32579888.99|        912|00:00:10|+0.00|0.01|0.8893|
|=|        116|          9|        366|     32579269.80|        921|00:00:10|+0.00|0.01|0.8890|
|=|        117|          9|        366|     32579154.93|        930|00:00:10|+0.00|0.01|0.8886|
|=|        118|          9|        366|     32578187.69|        939|00:00:10|+0.00|0.01|0.8889|
|=|        119|          9|        366|     32576331.32|        948|00:00:10|+0.00|0.01|0.8889|
|=|        120|          9|        366|     32577185.34|        957|00:00:10|+0.00|0.01|0.8887|
|=|        121|          9|        366|     32575246.85|        966|00:00:10|+0.00|0.01|0.8884|
|=|        122|          9|        366|     32577589.85|        975|00:00:10|+0.00|0.01|0.8879|
|=|        123|          9|        366|     32577768.26|        984|00:00:10|+0.00|0.01|0.8886|
|=|        124|          9|        366|     32576652.77|        993|00:00:10|+0.00|0.01|0.8884|
|=|        125|          9|        366|     32577820.36|       1002|00:00:10|+0.00|0.01|0.8892|
|=|        126|          9|        366|     32579476.67|       1011|00:00:10|-0.00|0.01|0.8897|
|=|        127|          9|        366|     32578230.84|       1020|00:00:10|+0.00|0.01|0.8889|
|=|        128|          9|        366|     32579751.80|       1029|00:00:10|+0.00|0.01|0.8895|
|=|        129|          9|        366|     32579120.53|       1038|00:00:10|+0.00|0.01|0.8894|
|=|        130|          9|        366|     32579242.68|       1047|00:00:10|-0.00|0.01|0.8899|
|=|        131|          9|        366|     32577231.06|       1056|00:00:10|-0.00|0.01|0.8904|
|=|        132|          9|        366|     32574744.72|       1065|00:00:10|-0.00|0.01|0.8908|
|=|        133|          9|        366|     32574293.83|       1074|00:00:10|-0.00|0.01|0.8912|
|=|        134|          9|        366|     32571854.43|       1083|00:00:10|-0.00|0.01|0.8913|
|=|        135|          9|        366|     32574234.63|       1092|00:00:10|-0.00|0.01|0.8916|
|=|        136|          9|        366|     32574071.99|       1101|00:00:10|-0.00|0.00|0.8920|
|=|        137|          9|        366|     32573448.57|       1110|00:00:10|-0.00|0.00|0.8921|
|=|        138|          9|        366|     32571206.86|       1119|00:00:10|-0.00|0.00|0.8919|
|=|        139|          9|        366|     32570097.42|       1128|00:00:10|-0.00|0.00|0.8919|
|=|        140|          9|        366|     32570133.71|       1137|00:00:10|-0.00|0.00|0.8922|
|=|        141|          9|        366|     32568014.74|       1146|00:00:10|-0.00|0.00|0.8917|
|=|        142|          9|        366|     32568629.68|       1155|00:00:10|-0.00|0.00|0.8920|
|=|        143|          9|        366|     32568213.71|       1164|00:00:10|-0.00|0.01|0.8914|
|=|        144|          9|        366|     32569835.29|       1173|00:00:10|-0.00|0.00|0.8915|
|=|        145|          9|        366|     32568998.03|       1182|00:00:10|-0.00|0.00|0.8915|
|=|        146|          9|        366|     32568437.42|       1191|00:00:10|-0.00|0.01|0.8914|
|=|        147|          9|        366|     32569504.80|       1200|00:00:10|-0.00|0.01|0.8911|
|=|        148|          9|        366|     32570748.84|       1209|00:00:10|-0.00|0.00|0.8909|
|=|        149|          9|        366|     32567296.23|       1218|00:00:10|-0.00|0.01|0.8908|
|=|        150|          9|        366|     32569104.45|       1227|00:00:10|-0.00|0.00|0.8910|
|=|        151|          9|        366|     32570337.72|       1236|00:00:10|-0.00|0.00|0.8911|
|=|        152|          9|        366|     32569905.09|       1245|00:00:10|-0.00|0.00|0.8912|
|=|        153|          9|        366|     32568857.89|       1254|00:00:10|-0.00|0.01|0.8911|
|=|        154|          9|        366|     32567439.92|       1263|00:00:10|-0.00|0.00|0.8914|
|=|        155|          9|        366|     32567990.74|       1272|00:00:10|-0.00|0.00|0.8914|
|=|        156|          9|        366|     32567675.25|       1281|00:00:10|-0.00|0.00|0.8914|
|=|        157|          9|        366|     32565747.79|       1290|00:00:10|-0.00|0.00|0.8913|
|=|        158|          9|        366|     32567009.79|       1299|00:00:10|-0.00|0.00|0.8911|
|=|        159|          9|        366|     32566642.71|       1308|00:00:10|-0.00|0.01|0.8906|
|=|        160|          9|        366|     32567426.48|       1317|00:00:10|-0.00|0.00|0.8909|
|=|        161|          9|        366|     32569051.36|       1326|00:00:10|-0.00|0.00|0.8910|
|=|        162|          9|        366|     32567057.95|       1335|00:00:10|-0.00|0.00|0.8908|
|=|        163|          9|        366|     32566301.64|       1344|00:00:10|-0.00|0.01|0.8906|
|=|        164|          9|        366|     32567891.14|       1353|00:00:10|-0.00|0.00|0.8908|
|=|        165|          9|        366|     32566490.36|       1362|00:00:10|-0.00|0.00|0.8909|
|=|        166|          9|        366|     32565693.79|       1371|00:00:10|-0.00|0.00|0.8905|
|=|        167|          9|        366|     32564621.78|       1380|00:00:10|-0.00|0.00|0.8901|
|=|        168|          9|        366|     32565716.92|       1389|00:00:10|-0.00|0.00|0.8899|
|=|        169|          9|        366|     32566876.99|       1398|00:00:10|-0.00|0.01|0.8895|
|=|        170|          9|        366|     32566202.24|       1407|00:00:10|-0.00|0.01|0.8894|
|=|        171|          9|        366|     32565681.30|       1416|00:00:10|-0.00|0.00|0.8895|
+-+-----------+-----------+-----------+----------------+-----------+--------+-----+----+------+
Best-so-far configuration:         366    mean value:      32565681.30
Description of the best-so-far configuration:
    .ID. algorithm localsearch alpha beta  rho ants   q0 rasrank elitistants
366  366       acs           3  4.94 5.99 0.17   54 0.06      NA          NA
    nnls dlb .PARENT.
366   14   1      291

# 2025-09-19 17:02:28 -03: Elite configurations (first number is the configuration ID; listed from best to worst according to the sum of ranks):
    algorithm localsearch alpha beta  rho ants   q0 rasrank elitistants nnls
366       acs           3  4.94 5.99 0.17   54 0.06      NA          NA   14
382       acs           3  4.82 5.74 0.17   55 0.18      NA          NA   12
463       acs           3  4.94 7.06 0.15   56 0.06      NA          NA   12
362       acs           3  3.61 5.79 0.18   52 0.18      NA          NA   10
597       acs           3  4.93 7.45 0.19   57 0.13      NA          NA   12
    dlb
366   1
382   1
463   1
362   1
597   1
# Total CPU user time: 59735.27, CPU sys time: 471.344, Wall-clock time: 6815.431
    .ID. algorithm localsearch alpha beta  rho ants   q0 rasrank elitistants
366  366       acs           3  4.94 5.99 0.17   54 0.06      NA          NA
382  382       acs           3  4.82 5.74 0.17   55 0.18      NA          NA
463  463       acs           3  4.94 7.06 0.15   56 0.06      NA          NA
362  362       acs           3  3.61 5.79 0.18   52 0.18      NA          NA
597  597       acs           3  4.93 7.45 0.19   57 0.13      NA          NA
    nnls dlb .PARENT. .RANK.   .WEIGHT.
366   14   1      291    809 0.33333333
382   12   1      291    836 0.26666667
463   12   1      291    838 0.20000000
362   10   1      322    847 0.13333333
597   12   1      463    847 0.06666667
