#------------------------------------------------------------------------------
# irace: An implementation in R of (Elitist) Iterated Racing
# Version: 4.2.0.9000.0eef3f1
# Copyright (C) 2010-2025
# Manuel Lopez-Ibanez     <manuel.lopez-ibanez@manchester.ac.uk>
# Jeremie Dubois-Lacoste
# Leslie Perez Caceres    <leslie.perez.caceres@ulb.ac.be>
#
# This is free software, and you are welcome to redistribute it under certain
# conditions.  See the GNU General Public License for details. There is NO
# WARRANTY; not even for MERCHANTABILITY or FITNESS FOR A PARTICULAR PURPOSE.
#
# irace builds upon previous code from the race package:
#     race: Racing methods for the selection of the best
#     Copyright (C) 2003 Mauro Birattari
#------------------------------------------------------------------------------
# installed at: /home/pestobar/R/x86_64-redhat-linux-gnu-library/4.5/irace
# called with: --only-test configurations.txt --scenario scenario.txt
# 2025-12-18 09:58:19 -03: Checking scenario.
# 2025-12-18 09:58:19 -03: Reading parameter file '/home/pestobar/Activities/irace-test-executions/PSO-X/Scenarios/Elites-3/Runs/Elites-3_seed_300017/parameters.txt'.
# 2025-12-18 09:58:19 -03: 2 expression(s) specifying forbidden configurations read.
## irace scenario:
scenarioFile = "/home/pestobar/Activities/irace-test-executions/PSO-X/Scenarios/Elites-3/Runs/Elites-3_seed_300017/scenario.txt"
execDir = "/home/pestobar/Activities/irace-test-executions/PSO-X/Scenarios/Elites-3/Runs/Elites-3_seed_300017/Results"
parameterFile = "/home/pestobar/Activities/irace-test-executions/PSO-X/Scenarios/Elites-3/Runs/Elites-3_seed_300017/parameters.txt"
parameters = <environment>
initConfigurations = NULL
configurationsFile = ""
logFile = "/home/pestobar/Activities/irace-test-executions/PSO-X/Scenarios/Elites-3/Runs/Elites-3_seed_300017/Results/irace.Rdata"
recoveryFile = ""
instances = c("--competition 3 --problem 0 --dimensions 30", "--competition 3 --problem 1 --dimensions 30", "--competition 3 --problem 2 --dimensions 30", "--competition 3 --problem 3 --dimensions 30", "--competition 3 --problem 4 --dimensions 30", "--competition 3 --problem 5 --dimensions 30", "--competition 3 --problem 6 --dimensions 30", "--competition 3 --problem 7 --dimensions 30", "--competition 3 --problem 8 --dimensions 30", "--competition 3 --problem 9 --dimensions 30", "--competition 3 --problem 10 --dimensions 30", "--competition 3 --problem 11 --dimensions 30", "--competition 3 --problem 12 --dimensions 30", "--competition 3 --problem 13 --dimensions 30", "--competition 3 --problem 14 --dimensions 30", "--competition 3 --problem 15 --dimensions 30", "--competition 3 --problem 16 --dimensions 30", "--competition 3 --problem 17 --dimensions 30", "--competition 3 --problem 18 --dimensions 30", "--competition 3 --problem 19 --dimensions 30", "--competition 3 --problem 20 --dimensions 30", "--competition 3 --problem 21 --dimensions 30", "--competition 3 --problem 22 --dimensions 30", "--competition 3 --problem 23 --dimensions 30", "--competition 3 --problem 24 --dimensions 30", "--competition 3 --problem 25 --dimensions 30", "--competition 3 --problem 26 --dimensions 30", "--competition 3 --problem 27 --dimensions 30", "--competition 3 --problem 28 --dimensions 30", "--competition 3 --problem 29 --dimensions 30", "--competition 3 --problem 30 --dimensions 30", "--competition 3 --problem 31 --dimensions 30", "--competition 3 --problem 32 --dimensions 30", "--competition 3 --problem 33 --dimensions 30", "--competition 3 --problem 34 --dimensions 30", "--competition 3 --problem 35 --dimensions 30", "--competition 3 --problem 36 --dimensions 30", "--competition 3 --problem 37 --dimensions 30", "--competition 3 --problem 38 --dimensions 30", "--competition 3 --problem 39 --dimensions 30", "--competition 3 --problem 40 --dimensions 30", "--competition 3 --problem 41 --dimensions 30", "--competition 3 --problem 42 --dimensions 30", "--competition 3 --problem 43 --dimensions 30", "--competition 3 --problem 44 --dimensions 30", "--competition 3 --problem 45 --dimensions 30", "--competition 3 --problem 46 --dimensions 30", "--competition 3 --problem 47 --dimensions 30", "--competition 3 --problem 48 --dimensions 30", "--competition 3 --problem 49 --dimensions 30")
trainInstancesDir = ""
trainInstancesFile = "/home/pestobar/Activities/irace-test-executions/PSO-X/Instances/train_MIXTURE.txt"
sampleInstances = TRUE
testInstancesDir = ""
testInstancesFile = "/home/pestobar/Activities/irace-test-executions/PSO-X/TestingInstances/test_MIXTURE.txt"
testInstances = c("1t" = "--competition 3 --problem 0 --dimensions 50", "2t" = "--competition 3 --problem 1 --dimensions 50", "3t" = "--competition 3 --problem 2 --dimensions 50", "4t" = "--competition 3 --problem 3 --dimensions 50", "5t" = "--competition 3 --problem 4 --dimensions 50", "6t" = "--competition 3 --problem 5 --dimensions 50", "7t" = "--competition 3 --problem 6 --dimensions 50", "8t" = "--competition 3 --problem 7 --dimensions 50", "9t" = "--competition 3 --problem 8 --dimensions 50", "10t" = "--competition 3 --problem 9 --dimensions 50", "11t" = "--competition 3 --problem 10 --dimensions 50", "12t" = "--competition 3 --problem 11 --dimensions 50", "13t" = "--competition 3 --problem 12 --dimensions 50", "14t" = "--competition 3 --problem 13 --dimensions 50", "15t" = "--competition 3 --problem 14 --dimensions 50", "16t" = "--competition 3 --problem 15 --dimensions 50", "17t" = "--competition 3 --problem 16 --dimensions 50", "18t" = "--competition 3 --problem 17 --dimensions 50", "19t" = "--competition 3 --problem 18 --dimensions 50", "20t" = "--competition 3 --problem 19 --dimensions 50", "21t" = "--competition 3 --problem 20 --dimensions 50", "22t" = "--competition 3 --problem 21 --dimensions 50", "23t" = "--competition 3 --problem 22 --dimensions 50", "24t" = "--competition 3 --problem 23 --dimensions 50", "25t" = "--competition 3 --problem 24 --dimensions 50", "26t" = "--competition 3 --problem 25 --dimensions 50", "27t" = "--competition 3 --problem 26 --dimensions 50", "28t" = "--competition 3 --problem 27 --dimensions 50", "29t" = "--competition 3 --problem 28 --dimensions 50", "30t" = "--competition 3 --problem 29 --dimensions 50", "31t" = "--competition 3 --problem 30 --dimensions 50", "32t" = "--competition 3 --problem 31 --dimensions 50", "33t" = "--competition 3 --problem 32 --dimensions 50", "34t" = "--competition 3 --problem 33 --dimensions 50", "35t" = "--competition 3 --problem 34 --dimensions 50", "36t" = "--competition 3 --problem 35 --dimensions 50", "37t" = "--competition 3 --problem 36 --dimensions 50", "38t" = "--competition 3 --problem 37 --dimensions 50", "39t" = "--competition 3 --problem 38 --dimensions 50", "40t" = "--competition 3 --problem 39 --dimensions 50", "41t" = "--competition 3 --problem 40 --dimensions 50", "42t" = "--competition 3 --problem 41 --dimensions 50", "43t" = "--competition 3 --problem 42 --dimensions 50", "44t" = "--competition 3 --problem 43 --dimensions 50", "45t" = "--competition 3 --problem 44 --dimensions 50", "46t" = "--competition 3 --problem 45 --dimensions 50", "47t" = "--competition 3 --problem 46 --dimensions 50", "48t" = "--competition 3 --problem 47 --dimensions 50", "49t" = "--competition 3 --problem 48 --dimensions 50", "50t" = "--competition 3 --problem 49 --dimensions 50")
testNbElites = 1L
testIterationElites = FALSE
testType = "friedman"
firstTest = 5L
blockSize = 1L
eachTest = 1L
targetRunner = "/home/pestobar/Activities/irace-test-executions/PSO-X/Scenarios/Elites-3/Runs/Elites-3_seed_300017/target-runner"
targetRunnerLauncher = ""
targetCmdline = "{configurationID} {instanceID} {seed} {instance} {bound} {targetRunnerArgs}"
targetRunnerRetries = 0L
targetRunnerTimeout = 0L
targetRunnerData = ""
targetRunnerParallel = NULL
targetEvaluator = NULL
deterministic = FALSE
maxExperiments = 5500L
minExperiments = NA_character_
maxTime = 0L
budgetEstimation = 0.05
minMeasurableTime = 0.01
parallel = 10L
loadBalancing = TRUE
mpi = FALSE
batchmode = "0"
quiet = FALSE
debugLevel = 0L
seed = 300017L
softRestart = TRUE
softRestartThreshold = 1e-04
elitist = TRUE
elitistNewInstances = 1L
elitistLimit = 2L
repairConfiguration = NULL
capping = FALSE
cappingAfterFirstTest = FALSE
cappingType = "median"
boundType = "candidate"
boundMax = NULL
boundDigits = 0L
boundPar = 1L
boundAsTimeout = TRUE
postselection = TRUE
aclib = FALSE
nbIterations = 0L
nbExperimentsPerIteration = 0L
minNbSurvival = 0L
nbConfigurations = 0L
mu = 5L
confidence = 0.95
## end of irace scenario
# 2025-12-18 09:58:19 -03: Read 80 configuration(s) from file 'configurations.txt'
# 2025-12-18 09:58:19 -03: Testing configurations (in the order given as input): 
   particles topology modInfluence branching tSchedule phi1 phi2 inertia
1         21        4            0        NA        NA 1.89 2.36    0.38
2        134        4            0        NA        NA 2.09 2.30    0.53
3          9        1            0        NA        NA 1.54 2.48    0.26
4        142        4            0        NA        NA 1.27 2.48    0.50
5         67        4            0        NA        NA 1.58 2.49    0.41
6         66        1            1        NA        NA 2.05 1.48    0.59
7         90        4            0        NA        NA 1.94 2.40    0.65
8        162        4            2        NA        NA 0.44 2.37    0.81
9         85        4            0        NA        NA 2.15 2.28    0.55
10        45        4            0        NA        NA 1.79 2.42    0.50
11        82        4            0        NA        NA 1.24 2.44    0.35
12       106        4            0        NA        NA 1.91 2.36    0.46
13        77        4            0        NA        NA 1.28 2.47    0.42
14        57        4            0        NA        NA 0.59 2.22    0.56
15        20        0            1        NA        NA 2.46 2.08    0.31
16       108        4            0        NA        NA 2.14 2.28    0.67
17       142        4            0        NA        NA 2.03 2.45    0.37
18       101        4            0        NA        NA 2.28 2.16    0.50
19         6        5            0        NA         6 2.43 2.33    0.21
20        18        0            1        NA        NA 1.86 2.30    0.24
21       149        4            0        NA        NA 1.24 2.43    0.40
22        77        4            0        NA        NA 2.05 2.34    0.44
23        20        0            1        NA        NA 1.84 2.22    0.29
24       144        4            0        NA        NA 1.96 2.47    0.60
25        93        4            0        NA        NA 1.42 2.44    0.49
26        50        1            1        NA        NA 2.16 1.78    0.58
27        67        4            0        NA        NA 2.44 2.38    0.56
28        75        4            0        NA        NA 1.87 2.34    0.55
29       165        4            0        NA        NA 2.45 2.44    0.37
30        68        4            0        NA        NA 1.89 2.34    0.69
31        92        4            0        NA        NA 1.30 2.43    0.41
32        16        4            0        NA        NA 1.09 2.06    0.33
33        80        4            0        NA        NA 1.65 2.50    0.27
34        11        4            0        NA        NA 1.41 2.38    0.48
35        37        1            1        NA        NA 2.40 1.94    0.24
36       134        4            0        NA        NA 2.01 2.42    0.53
37       102        4            0        NA        NA 2.17 2.48    0.43
38       110        4            0        NA        NA 2.13 2.41    0.56
39       179        5            0        NA         6 0.86 2.44    0.29
40        21        0            1        NA        NA 2.25 2.32    0.22
41        38        4            0        NA        NA 2.21 1.60    0.53
42       150        4            0        NA        NA 1.95 2.33    0.58
43         4        4            2        NA        NA 1.77 2.47    0.41
44       105        4            0        NA        NA 0.43 2.38    0.25
45        75        4            0        NA        NA 2.17 2.11    0.61
46       115        1            1        NA        NA 2.36 2.43    0.66
47       115        4            0        NA        NA 2.26 2.13    0.74
48        83        4            0        NA        NA 2.38 2.39    0.11
49        38        4            0        NA        NA 2.46 1.83    0.67
50        83        4            0        NA        NA 1.42 2.41    0.70
51        79        4            0        NA        NA 1.02 2.39    0.45
52        83        4            0        NA        NA 2.35 2.47    0.44
53        25        1            0        NA        NA 1.69 2.28    0.33
54        89        4            2        NA        NA 2.41 2.46    0.72
55        25        1            2        NA        NA 2.11 2.38    0.30
56       103        4            0        NA        NA 0.96 2.24    0.45
57        84        4            0        NA        NA 2.11 2.48    0.32
58       103        4            0        NA        NA 0.50 2.49    0.48
59        28        0            0        NA        NA 1.99 1.81    0.13
60        22        1            1        NA        NA 2.31 2.37    0.25
61        48        1            0        NA        NA 1.53 2.12    0.18
62        85        4            0        NA        NA 2.11 2.33    0.54
63       104        4            0        NA        NA 2.27 2.39    0.41
64       107        4            0        NA        NA 0.30 2.33    0.20
65       129        4            0        NA        NA 1.28 2.45    0.40
66        68        1            2        NA        NA 0.38 2.48    0.53
67        62        1            0        NA        NA 1.72 2.22    0.69
68        69        4            2        NA        NA 0.21 2.15    0.81
69        98        0            0        NA        NA 1.95 2.00    0.67
70       117        4            0        NA        NA 1.52 2.26    0.52
71        68        4            0        NA        NA 0.99 2.49    0.28
72        34        4            0        NA        NA 2.31 2.40    0.33
73       107        4            0        NA        NA 2.02 2.32    0.19
74       163        4            2        NA        NA 1.30 2.44    0.68
75        84        4            0        NA        NA 1.29 2.49    0.24
76        90        4            0        NA        NA 1.66 2.30    0.57
77        84        4            0        NA        NA 0.78 2.24    0.29
78       135        4            0        NA        NA 1.32 2.29    0.57
79       102        0            0        NA        NA 1.96 2.40    0.23
80       200        4            2        NA        NA 2.48 2.31    0.64
# 2025-12-18 12:16:00 -03: Testing results (column number is configuration ID in no particular order):
         seeds            1            2            3            4            5
1t  1784367892 9.284901e-01 1.433125e+00 8.765327e-01 1.628422e+00 1.137023e+00
2t  1904736008 3.392969e+06 1.120104e+07 4.726456e+06 8.609976e+06 9.092426e+06
3t  1773014621 1.400870e+06 2.312025e+06 1.285627e+06 2.717220e+06 1.612825e+06
4t    66771823 9.212566e+04 1.377966e+05 5.924328e+04 1.254644e+05 1.109755e+05
5t   563868528 2.866127e+01 2.178772e+01 6.619877e+00 1.308069e+01 2.478692e+01
6t   511121737 5.544580e+00 2.571794e+02 3.109098e+00 3.256788e+02 4.763025e+01
7t  1018478200 5.237769e+03 5.621968e+03 2.420026e+03 5.443652e+03 4.062550e+03
8t   958735500 5.345243e+00 6.377996e+00 5.291596e+00 6.326744e+00 5.690240e+00
9t  1377221725 3.174631e+02 1.715053e+02 3.487963e+02 2.823820e+02 2.869098e+02
10t 1470028631 2.566600e+01 3.045636e+01 2.552425e+01 3.063090e+01 2.608487e+01
11t  624303459 3.088785e+02 2.615327e+02 3.116011e+02 2.678008e+02 2.653044e+02
12t 1961394279 9.195712e+03 2.925106e+02 5.735592e+03 2.906225e+02 4.368354e+03
13t  807366298 1.972648e+01 1.458705e+00 2.016617e+01 1.809824e+00 1.314416e+00
14t  316060605 2.095694e+01 2.113262e+01 2.093057e+01 2.098928e+01 2.103993e+01
15t  328371899 1.417347e+02 2.288373e+02 1.336267e+02 2.294058e+02 1.766267e+02
16t 1284694725 1.023303e+02 4.908264e+01 4.925533e+01 4.787553e+01 1.021101e+02
17t  711611560 3.841969e-02 1.064328e+00 2.597929e-02 2.717853e-01 1.063185e-01
18t  654365699 8.920007e-01 9.862782e-01 8.008426e-01 9.904099e-01 8.879685e-01
19t 2006448511 5.579741e+02 4.274064e+02 5.453937e+02 4.360174e+02 4.554248e+02
20t 1298248925 3.302537e+02 2.653400e+02 5.286549e+02 2.636662e+02 2.819052e+02
21t 1233520160 2.801547e+04 2.700682e+04 2.989543e+04 2.791559e+04 2.761918e+04
22t 2049886320 2.906752e+04 2.828418e+04 3.058888e+04 2.857873e+04 2.953478e+04
23t 2118569321 5.292874e+01 4.823652e+01 5.774580e+01 4.489288e+01 5.516107e+01
24t  772533650 7.971627e-01 6.080798e-01 6.542754e-01 6.935929e-01 4.643021e-01
25t  356223885 7.188796e-01 5.220178e-01 7.157620e-01 5.643994e-01 5.798838e-01
26t   38072801 2.573031e-01 3.200789e-01 2.998283e-01 3.198633e-01 3.019096e-01
27t 1668337620 1.037995e+02 8.052445e+01 1.202856e+02 7.588225e+01 7.714713e+01
28t  587064130 2.213049e+02 2.382960e+02 2.037050e+02 2.193003e+02 2.534801e+02
29t 1586983927 3.228683e+02 3.328669e+02 4.571498e+02 2.720074e+02 3.263597e+02
30t 1920135198 1.003965e+01 1.156877e+01 8.996237e+00 1.219621e+01 1.031328e+01
31t 1619574974 2.847495e+02 1.756494e+02 2.832038e+02 1.526809e+02 2.088937e+02
32t 1095283003 5.607165e+02 3.540020e+02 4.391695e+02 3.506780e+02 4.629546e+02
33t  694251210 1.276504e+02 1.144725e+02 1.527900e+02 1.027583e+02 1.162719e+02
34t  868516743 2.809083e+01 2.521538e+01 3.023402e+01 2.744569e+01 2.791150e+01
35t 1525112917 1.341990e+04 1.265599e+04 1.374140e+04 1.265530e+04 1.262664e+04
36t 1556626000 2.093519e+05 1.922867e+05 2.441215e+05 1.980758e+05 2.136331e+05
37t  366989721 5.636629e+01 6.187821e+01 6.972796e+01 5.909772e+01 5.846996e+01
38t 1589838809 2.144590e+05 2.737180e+05 3.812859e+05 2.497730e+05 2.085310e+05
39t 1187550897 5.731869e+00 5.379526e+00 4.773698e+00 5.664399e+00 6.435773e+00
40t  731757389 6.525286e+01 4.880299e+01 5.307993e+01 3.189561e+01 8.234072e+01
41t  387970445 6.473704e+02 4.321760e+02 6.696978e+02 4.507969e+02 4.218250e+02
42t  335824400 4.279678e+02 3.174575e+02 3.740768e+02 2.741172e+02 4.285498e+02
43t  433909286 4.317188e+02 3.876606e+02 4.307614e+02 3.394192e+02 4.358635e+02
44t   17207708 9.381684e+02 9.210043e+02 9.368354e+02 9.288206e+02 9.313405e+02
45t 2138576512 9.351982e+02 9.310270e+02 9.345014e+02 9.368883e+02 9.384753e+02
46t 1586632080 9.399537e+02 9.315902e+02 9.350176e+02 9.230182e+02 9.216528e+02
47t  336801658 1.200103e+03 1.024214e+03 8.904813e+02 1.024365e+03 1.025718e+03
48t  120400004 1.031798e+03 9.987917e+02 1.119009e+03 9.590939e+02 1.020589e+03
49t 1158278507 5.539348e+02 5.716643e+02 1.193250e+03 1.020229e+03 1.021528e+03
50t  461856017 1.272057e+03 1.297322e+03 1.338366e+03 1.297423e+03 1.285805e+03
               6            7            8            9           10
1t  1.323236e+00 1.912826e+00 3.394018e+00 1.373036e+00 1.217609e+00
2t  6.076544e+06 2.009485e+07 5.989825e+06 1.211752e+07 8.145852e+06
3t  1.741774e+06 3.541475e+06 4.686653e+06 2.155197e+06 1.949393e+06
4t  1.239181e+05 9.311771e+04 1.174938e+05 1.228067e+05 8.675526e+04
5t  6.147805e+01 1.563687e+00 4.847651e+00 2.214937e+01 3.368607e+01
6t  1.140465e+02 1.755498e+02 2.363416e+02 1.437767e+02 2.641247e+01
7t  1.005182e+04 3.504422e+03 2.617312e+03 4.534316e+03 4.184723e+03
8t  6.325045e+00 7.133916e+00 9.808768e+00 6.246202e+00 5.623522e+00
9t  3.910408e+02 1.950464e+02 5.703144e+01 2.804919e+02 2.742321e+02
10t 2.935854e+01 3.449813e+01 3.992875e+01 2.970924e+01 2.819401e+01
11t 3.726063e+02 2.010626e+02 5.499463e+01 2.049233e+02 2.755149e+02
12t 2.842848e+04 2.636398e+02 1.835797e+03 4.192162e+02 9.690152e+03
13t 2.015241e+01 1.904756e+00 2.337171e+00 1.587402e+00 1.430102e+00
14t 2.114962e+01 2.111940e+01 2.117040e+01 2.113262e+01 2.094492e+01
15t 1.895364e+02 6.702314e+02 4.428873e+02 2.010811e+02 1.834619e+02
16t 4.927586e+01 4.931633e+01 4.920749e+01 4.269984e+01 4.929171e+01
17t 4.215367e+02 5.168368e-01 1.110375e-01 1.157620e-01 1.044319e-01
18t 9.445495e-01 1.008224e+00 1.048192e+00 9.463724e-01 8.671194e-01
19t 1.371197e+03 3.629346e+02 3.900965e+02 4.086801e+02 4.362536e+02
20t 6.290611e+02 2.216750e+02 2.719258e+02 2.581480e+02 3.104859e+02
21t 3.505290e+04 2.687983e+04 3.115500e+04 2.793912e+04 2.778981e+04
22t 3.568055e+04 2.774048e+04 3.228752e+04 2.816352e+04 2.900813e+04
23t 6.403805e+01 4.359013e+01 4.431457e+01 4.448084e+01 4.417131e+01
24t 3.351642e+00 6.574776e-01 3.244557e+00 5.167194e-01 6.184552e-01
25t 5.940420e-01 4.075359e-01 4.010233e-01 5.724308e-01 9.191503e-01
26t 2.646772e-01 3.582585e-01 3.146547e-01 3.745452e-01 3.229828e-01
27t 4.417773e+01 4.425175e+01 2.485708e+01 8.526411e+01 8.500510e+01
28t 1.582513e+02 2.789290e+02 3.580050e+02 2.627242e+02 2.393987e+02
29t 4.494508e+02 2.644805e+02 3.087233e+02 3.429232e+02 2.393155e+02
30t 1.519655e+01 1.323139e+01 1.585832e+01 1.078507e+01 1.263043e+01
31t 1.022168e+02 1.528500e+02 1.339806e+02 1.890319e+02 2.134269e+02
32t 3.075871e+02 4.718269e+02 3.224375e+02 3.590045e+02 3.533239e+02
33t 1.394744e+02 1.124877e+02 1.083487e+02 1.075777e+02 1.113405e+02
34t 2.973089e+01 2.962117e+01 3.314753e+01 2.710657e+01 2.833099e+01
35t 1.395245e+04 1.266458e+04 1.240808e+04 1.243428e+04 1.303504e+04
36t 1.649092e+05 2.154454e+05 3.958625e+05 1.959488e+05 2.234722e+05
37t 6.655108e+01 6.012491e+01 5.918612e+01 6.065056e+01 5.820039e+01
38t 1.368594e+05 2.876651e+05 2.023741e+05 2.177266e+05 2.192049e+05
39t 5.120813e+00 5.817551e+00 6.112064e+00 5.978440e+00 6.017646e+00
40t 9.130025e+02 2.862972e+01 2.241877e+01 4.641974e+01 7.165921e+01
41t 4.501621e+02 4.519097e+02 4.590337e+02 4.487744e+02 4.706112e+02
42t 4.195907e+02 3.118968e+02 2.465654e+02 3.175499e+02 2.995789e+02
43t 4.390538e+02 3.764556e+02 2.996469e+02 4.400479e+02 3.465343e+02
44t 9.483322e+02 9.290086e+02 9.310832e+02 9.281457e+02 9.395752e+02
45t 9.495896e+02 9.248845e+02 9.311197e+02 9.313725e+02 9.304825e+02
46t 9.562431e+02 9.266849e+02 9.261664e+02 9.274574e+02 9.323038e+02
47t 5.442274e+02 1.021153e+03 1.023739e+03 1.028661e+03 1.029517e+03
48t 1.166654e+03 9.785363e+02 9.209739e+02 9.733432e+02 1.060115e+03
49t 6.671699e+02 1.023972e+03 6.308723e+02 1.023037e+03 5.663705e+02
50t 1.357621e+03 1.259081e+03 1.246758e+03 1.277874e+03 1.262201e+03
              11           12           13           14           15
1t  1.029426e+00 1.201800e+00 1.221313e+00 2.043181e+00 6.412931e-01
2t  1.300700e+07 1.260464e+07 6.410071e+06 5.732823e+06 2.068815e+06
3t  1.709226e+06 1.763725e+06 1.852432e+06 2.714746e+06 8.960494e+05
4t  1.208041e+05 1.408190e+05 1.169608e+05 6.883362e+04 1.907024e+05
5t  3.544618e+01 2.399962e+01 2.970098e+01 1.023705e+01 4.605752e+01
6t  9.948240e+01 2.003861e+02 7.362101e+01 3.497433e+01 4.314111e+00
7t  6.965511e+03 5.786717e+03 5.211998e+03 4.945223e+03 3.260441e+04
8t  5.652047e+00 6.209926e+00 5.853941e+00 8.123329e+00 4.388725e+00
9t  2.879577e+02 2.825152e+02 2.576570e+02 2.734990e+02 4.361529e+02
10t 2.780462e+01 2.791089e+01 2.955615e+01 2.954822e+01 2.032345e+01
11t 2.890586e+02 2.707969e+02 2.727142e+02 2.899235e+02 4.357978e+02
12t 7.138790e+03 2.357782e+02 5.968722e+03 2.220880e+02 1.488136e+04
13t 1.379323e+00 1.536800e+00 1.492848e+00 1.900014e+00 1.993280e+01
14t 2.096083e+01 2.110394e+01 2.102751e+01 2.105879e+01 2.071173e+01
15t 1.955819e+02 1.774875e+02 1.754480e+02 2.775921e+02 1.062277e+02
16t 4.913075e+01 1.055943e+02 4.881310e+01 4.879916e+01 4.923730e+01
17t 1.852061e-01 4.935806e-01 5.616569e-01 1.416595e-01 2.664408e+02
18t 9.061682e-01 9.483944e-01 9.714622e-01 1.022602e+00 6.896053e-01
19t 5.216541e+02 4.927209e+02 4.936602e+02 4.236418e+02 4.969915e+03
20t 3.005484e+02 3.525914e+02 2.948231e+02 2.919896e+02 5.039593e+02
21t 2.770107e+04 2.775585e+04 2.794718e+04 2.750423e+04 3.759294e+04
22t 2.855341e+04 2.855741e+04 2.843408e+04 2.820141e+04 3.631561e+04
23t 5.753463e+01 4.801763e+01 5.647310e+01 4.206739e+01 7.643114e+01
24t 7.871080e-01 9.423523e-01 6.197413e-01 5.555001e-01 9.310730e-01
25t 5.758784e-01 5.239108e-01 5.017212e-01 5.467841e-01 5.515068e-01
26t 3.040259e-01 3.211721e-01 2.644500e-01 2.357925e-01 2.449027e-01
27t 8.507040e+01 9.458960e+01 1.030754e+02 8.469898e+01 5.638149e+01
28t 2.308139e+02 2.197873e+02 2.401307e+02 3.224577e+02 1.428246e+02
29t 3.489491e+02 3.186488e+02 2.593274e+02 2.766112e+02 4.413273e+02
30t 1.171501e+01 1.097295e+01 1.289701e+01 1.680633e+01 1.340302e+01
31t 1.595767e+02 1.663867e+02 2.195814e+02 2.184156e+02 1.322021e+02
32t 2.947465e+02 3.004619e+02 7.470799e+02 2.965488e+03 4.510474e+02
33t 9.900801e+01 1.235987e+02 1.104997e+02 1.085887e+02 1.822687e+02
34t 2.546828e+01 2.588792e+01 2.798940e+01 2.989929e+01 2.962854e+01
35t 1.296453e+04 1.272711e+04 1.274099e+04 1.252346e+04 1.818550e+04
36t 1.444363e+05 1.637507e+05 2.195512e+05 2.722070e+05 1.303068e+05
37t 5.524967e+01 5.646872e+01 5.813152e+01 5.513045e+01 5.563315e+01
38t 2.032876e+05 2.416342e+05 2.408206e+05 2.188832e+05 1.382730e+05
39t 5.809715e+00 5.266181e+00 7.073780e+00 5.669009e+00 5.451152e+00
40t 6.358482e+01 7.069402e+01 5.421367e+01 1.879114e+01 7.600690e+02
41t 4.650956e+02 3.842394e+02 4.682131e+02 4.523906e+02 1.026257e+03
42t 3.285120e+02 3.061266e+02 2.724905e+02 2.664877e+02 4.079103e+02
43t 4.339776e+02 4.033610e+02 4.488085e+02 3.115381e+02 6.305899e+02
44t 9.359508e+02 9.225260e+02 9.249571e+02 9.364225e+02 9.242999e+02
45t 9.311686e+02 9.369943e+02 9.357986e+02 9.322919e+02 9.252923e+02
46t 9.268252e+02 9.389773e+02 9.258320e+02 9.290635e+02 9.237516e+02
47t 1.025024e+03 5.419538e+02 1.024766e+03 1.025171e+03 1.235167e+03
48t 9.972482e+02 9.753200e+02 9.728759e+02 9.665818e+02 1.392792e+03
49t 1.021907e+03 5.647784e+02 1.024326e+03 1.021332e+03 1.245311e+03
50t 1.310892e+03 1.331089e+03 1.295157e+03 1.173878e+03 1.389436e+03
              16           17           18           19           20
1t  1.945309e+00 1.249913e+00 1.393178e+00 7.461028e-01 6.192916e-01
2t  1.661336e+07 1.244519e+07 1.590187e+07 2.614281e+06 2.518505e+06
3t  3.396285e+06 1.884102e+06 2.254749e+06 1.141366e+06 9.541593e+05
4t  1.320363e+05 1.384942e+05 1.291497e+05 4.473815e+04 2.099520e+05
5t  8.485262e+00 3.470378e+01 3.304775e+01 3.027616e-01 4.507962e+01
6t  2.101032e+02 4.576411e+02 2.508832e+02 2.525224e+00 3.298534e+00
7t  4.089101e+03 5.699001e+03 8.313406e+03 1.006946e+04 8.663403e+04
8t  7.681455e+00 5.523972e+00 6.270841e+00 4.829193e+00 4.325687e+00
9t  2.073648e+02 2.894488e+02 2.746363e+02 3.596438e+02 4.511892e+02
10t 3.506436e+01 2.714640e+01 2.748107e+01 2.285623e+01 1.737822e+01
11t 2.328875e+02 2.844159e+02 2.606168e+02 3.380855e+02 4.339297e+02
12t 2.445519e+02 8.930600e+03 3.536623e+02 1.429511e+02 1.406829e+04
13t 1.998348e+00 1.366066e+00 1.525133e+00 2.018430e+01 1.999269e+01
14t 2.105802e+01 2.105826e+01 2.105949e+01 2.085475e+01 2.070429e+01
15t 3.792944e+02 2.518829e+02 1.982910e+02 1.272154e+02 1.026788e+02
16t 4.856986e+01 4.906243e+01 4.925800e+01 4.707639e+01 4.919000e+01
17t 1.062820e+00 1.114972e+00 1.199109e+00 1.596909e-01 3.447476e+02
18t 1.023571e+00 8.856288e-01 9.596824e-01 8.360481e-01 6.058285e-01
19t 3.915178e+02 5.648488e+02 4.829702e+02 6.830852e+02 5.772507e+03
20t 2.145122e+02 2.761035e+02 2.410415e+02 5.000653e+02 5.636765e+02
21t 2.721994e+04 2.814469e+04 2.820606e+04 2.948013e+04 3.706408e+04
22t 2.894947e+04 2.745050e+04 2.807280e+04 2.947734e+04 3.724737e+04
23t 3.600296e+01 5.148858e+01 5.213956e+01 6.148025e+01 7.959892e+01
24t 9.150345e-01 9.281291e-01 9.873020e-01 3.107109e-01 4.546105e+00
25t 5.891676e-01 5.090153e-01 5.382835e-01 8.637224e-01 6.162581e-01
26t 3.285591e-01 3.329231e-01 3.676374e-01 3.082524e-01 2.409785e-01
27t 5.974021e+01 7.880668e+01 8.846574e+01 1.116805e+02 5.735468e+01
28t 2.916572e+02 2.264565e+02 2.098875e+02 2.509738e+02 1.403714e+02
29t 2.687449e+02 3.083276e+02 3.298462e+02 5.943252e+02 4.406122e+02
30t 1.360915e+01 1.283020e+01 1.288307e+01 8.968873e+00 1.226762e+01
31t 1.488583e+02 1.406917e+02 1.541332e+02 2.727688e+02 1.230167e+02
32t 3.692717e+02 3.107854e+02 3.911073e+02 5.147824e+02 4.005801e+02
33t 1.087262e+02 1.174906e+02 1.165939e+02 1.842153e+02 1.974635e+02
34t 3.095041e+01 2.853080e+01 2.628550e+01 3.920737e+01 2.388518e+01
35t 1.255031e+04 1.271169e+04 1.257938e+04 1.389643e+04 1.831648e+04
36t 1.979943e+05 1.830379e+05 1.811602e+05 2.262892e+05 1.309500e+05
37t 6.029425e+01 5.962100e+01 6.222317e+01 6.569853e+01 5.652559e+01
38t 2.914361e+05 1.943865e+05 1.720846e+05 2.276367e+05 1.168906e+05
39t 6.303133e+00 5.127939e+00 5.709026e+00 5.862988e+00 5.704318e+00
40t 2.033791e+01 7.009229e+01 8.790029e+01 6.738628e+01 7.494727e+02
41t 4.524135e+02 4.481640e+02 4.160628e+02 8.823959e+02 9.731012e+02
42t 2.884480e+02 3.565787e+02 3.428519e+02 3.587431e+02 4.336443e+02
43t 3.522779e+02 4.070785e+02 4.071598e+02 4.292013e+02 5.448579e+02
44t 9.294735e+02 9.294773e+02 9.347450e+02 9.314049e+02 9.255874e+02
45t 9.325560e+02 9.414109e+02 9.373678e+02 9.657648e+02 9.243294e+02
46t 9.225687e+02 9.297010e+02 9.230902e+02 1.211301e+03 9.236710e+02
47t 1.023757e+03 1.022606e+03 5.417634e+02 5.270346e+02 1.298281e+03
48t 9.736816e+02 9.940975e+02 9.845206e+02 1.351545e+03 1.383396e+03
49t 1.017970e+03 1.018388e+03 1.024589e+03 1.222031e+03 1.236367e+03
50t 1.214905e+03 1.330821e+03 1.303890e+03 1.205636e+03 1.440511e+03
              21           22           23           24           25
1t  1.360379e+00 1.069798e+00 6.064718e-01 2.001578e+00 1.113142e+00
2t  9.052771e+06 1.206202e+07 2.008491e+06 1.471865e+07 1.075034e+07
3t  2.065059e+06 1.740612e+06 8.289005e+05 3.175018e+06 1.763743e+06
4t  1.422693e+05 1.210996e+05 2.068368e+05 1.219306e+05 1.141146e+05
5t  4.239315e+01 2.705548e+01 4.556697e+01 6.195851e+00 2.558599e+01
6t  6.414507e+02 8.552982e+01 3.597701e+00 4.667899e+02 1.052562e+02
7t  4.680876e+03 5.175110e+03 3.313036e+04 4.333394e+03 2.692804e+03
8t  6.114054e+00 5.783652e+00 4.342833e+00 6.989585e+00 6.612586e+00
9t  2.698480e+02 2.881411e+02 3.331417e+02 2.049311e+02 2.878512e+02
10t 2.858174e+01 2.603774e+01 1.882238e+01 3.157822e+01 3.081319e+01
11t 2.765591e+02 2.850961e+02 4.382885e+02 2.229607e+02 2.690823e+02
12t 2.190148e+03 7.014083e+03 1.525708e+04 2.927058e+02 3.392273e+02
13t 1.500756e+00 1.429138e+00 1.997660e+01 1.835354e+00 1.413149e+00
14t 2.095208e+01 2.103498e+01 2.071595e+01 2.113236e+01 2.105971e+01
15t 1.379528e+03 1.808755e+02 1.084963e+02 3.991024e+02 1.916188e+02
16t 4.912420e+01 1.080515e+02 4.919744e+01 4.929584e+01 4.844402e+01
17t 9.190641e-01 1.391001e+00 4.053489e+02 7.396314e-01 8.666906e-02
18t 9.753606e-01 9.130521e-01 6.387245e-01 1.011943e+00 9.664778e-01
19t 5.450905e+02 4.281929e+02 5.264110e+03 3.962488e+02 4.766846e+02
20t 2.725375e+02 3.332607e+02 5.407459e+02 2.479626e+02 2.722370e+02
21t 2.817730e+04 2.807435e+04 3.763799e+04 2.770293e+04 2.826157e+04
22t 2.867900e+04 2.801442e+04 3.721221e+04 2.759864e+04 2.756206e+04
23t 5.071834e+01 4.221464e+01 8.049483e+01 4.423903e+01 5.266030e+01
24t 9.299056e-01 7.892915e-01 4.511701e+00 8.960960e-01 8.742070e-01
25t 5.140603e-01 6.648147e-01 5.994165e-01 5.436430e-01 5.631479e-01
26t 3.063590e-01 2.981178e-01 2.390163e-01 2.575114e-01 3.165493e-01
27t 6.602769e+01 9.586315e+01 5.882071e+01 6.566809e+01 9.195426e+01
28t 2.489489e+02 2.342441e+02 1.397067e+02 2.620612e+02 2.756210e+02
29t 2.942878e+02 3.199576e+02 4.471149e+02 2.803002e+02 2.745509e+02
30t 1.184259e+01 1.222747e+01 2.064212e+01 1.339028e+01 1.087317e+01
31t 1.722066e+02 1.971381e+02 1.274319e+02 1.792765e+02 1.828140e+02
32t 2.958372e+02 3.260145e+02 4.246815e+02 3.785157e+02 3.072761e+02
33t 9.792524e+01 1.092334e+02 2.039397e+02 1.139310e+02 1.129239e+02
34t 2.745629e+01 2.557065e+01 2.513969e+01 2.598578e+01 2.476065e+01
35t 1.270538e+04 1.278889e+04 1.824905e+04 1.261181e+04 1.268576e+04
36t 1.633631e+05 2.162175e+05 1.284136e+05 2.494452e+05 1.801794e+05
37t 5.868318e+01 5.940705e+01 5.968067e+01 6.152366e+01 5.945180e+01
38t 1.801339e+05 2.153380e+05 1.201888e+05 2.497181e+05 3.527717e+05
39t 5.626504e+00 5.729676e+00 4.835045e+00 5.675228e+00 5.243154e+00
40t 4.521538e+01 7.543855e+01 7.417915e+02 3.069291e+01 4.296137e+01
41t 4.491774e+02 5.972503e+02 1.084743e+03 4.514503e+02 3.808521e+02
42t 3.330023e+02 3.189406e+02 4.348592e+02 2.861927e+02 2.704781e+02
43t 4.010498e+02 4.387106e+02 5.131008e+02 3.611763e+02 3.817301e+02
44t 9.327390e+02 9.280767e+02 9.231021e+02 9.252421e+02 9.262059e+02
45t 9.441058e+02 9.371781e+02 9.260712e+02 9.356614e+02 9.270128e+02
46t 9.255846e+02 9.429074e+02 9.259245e+02 9.227673e+02 9.268274e+02
47t 1.027769e+03 5.357924e+02 1.283333e+03 1.024468e+03 1.026462e+03
48t 9.809929e+02 9.896388e+02 1.404207e+03 9.476305e+02 9.525530e+02
49t 1.022469e+03 5.597068e+02 1.223129e+03 1.021076e+03 1.022366e+03
50t 1.315167e+03 1.320206e+03 1.393435e+03 1.261319e+03 1.302505e+03
              26           27           28           29           30
1t  1.330079e+00 1.353489e+00 1.276679e+00 1.057359e+00 1.888666e+00
2t  4.791197e+06 8.083454e+06 9.722822e+06 9.015659e+06 1.708652e+07
3t  1.566137e+06 2.162280e+06 2.386029e+06 1.949275e+06 3.227789e+06
4t  1.280531e+05 1.053134e+05 1.086436e+05 1.395640e+05 8.915448e+04
5t  5.403698e+01 2.167322e+01 1.657800e+01 4.558568e+01 2.150467e+00
6t  7.340878e+01 7.500120e+01 1.055619e+02 6.800916e+02 1.308611e+02
7t  8.242368e+03 5.371296e+03 5.045997e+03 7.088701e+03 3.094395e+03
8t  6.024206e+00 6.228775e+00 6.593957e+00 5.721905e+00 8.353185e+00
9t  3.897044e+02 2.664078e+02 2.934846e+02 2.824814e+02 2.534446e+02
10t 2.699630e+01 2.975780e+01 2.884992e+01 2.753185e+01 3.544804e+01
11t 3.673652e+02 2.819838e+02 2.779275e+02 2.930362e+02 2.323959e+02
12t 2.556437e+04 2.048130e+02 2.711386e+02 1.229454e+03 1.881948e+02
13t 2.044589e+01 1.587653e+00 1.645097e+00 1.446399e+00 2.104904e+00
14t 2.117948e+01 2.108598e+01 2.110475e+01 2.109067e+01 2.106353e+01
15t 1.745462e+02 1.918450e+02 7.038421e+02 1.656713e+02 2.991158e+02
16t 4.920687e+01 4.887561e+01 4.882773e+01 5.493952e+01 4.847253e+01
17t 2.883147e+02 8.855573e-02 1.118036e-01 1.131130e+00 1.029752e-01
18t 9.031401e-01 9.261488e-01 9.583443e-01 9.863745e-01 1.021582e+00
19t 1.538555e+03 4.412742e+02 3.604187e+02 5.324983e+02 4.011624e+02
20t 6.432004e+02 2.478608e+02 2.829108e+02 2.897538e+02 2.298692e+02
21t 3.427048e+04 2.788981e+04 2.763262e+04 2.747689e+04 2.745394e+04
22t 3.460772e+04 2.787052e+04 2.927648e+04 2.841819e+04 2.801162e+04
23t 6.844789e+01 5.023931e+01 4.810270e+01 4.555916e+01 4.130110e+01
24t 3.200554e+00 6.418128e-01 9.234101e-01 1.059265e+00 9.819726e-01
25t 5.548449e-01 6.556694e-01 6.163533e-01 5.428456e-01 4.599649e-01
26t 2.628290e-01 3.090729e-01 3.006000e-01 3.074958e-01 2.948337e-01
27t 5.146927e+01 6.616519e+01 9.845434e+01 7.819794e+01 8.545060e+01
28t 1.820937e+02 2.127259e+02 2.378649e+02 2.205859e+02 3.281356e+02
29t 4.224750e+02 3.109093e+02 3.239522e+02 3.105960e+02 2.730514e+02
30t 1.396694e+01 1.098952e+01 1.103843e+01 1.311596e+01 1.316764e+01
31t 1.029331e+02 1.914430e+02 1.512013e+02 1.566000e+02 1.418297e+02
32t 3.877958e+02 3.193044e+02 3.930627e+02 3.023391e+02 3.452005e+02
33t 1.215825e+02 1.194662e+02 8.889956e+01 1.228091e+02 9.665349e+01
34t 2.930659e+01 2.786501e+01 2.358778e+01 2.355378e+01 3.240562e+01
35t 1.396889e+04 1.270761e+04 1.293676e+04 1.277468e+04 1.277690e+04
36t 1.581068e+05 1.980347e+05 1.753484e+05 1.631824e+05 2.937165e+05
37t 6.452617e+01 6.170125e+01 5.444259e+01 6.103842e+01 5.950257e+01
38t 1.369224e+05 2.511456e+05 2.976520e+05 2.330851e+05 2.814925e+05
39t 4.930303e+00 5.044639e+00 5.020520e+00 5.637949e+00 5.762283e+00
40t 7.293288e+02 6.940088e+01 5.079067e+01 6.913772e+01 1.913421e+01
41t 5.516092e+02 4.495655e+02 5.141725e+02 4.487361e+02 4.138160e+02
42t 3.326453e+02 2.800867e+02 3.732704e+02 3.558848e+02 3.068732e+02
43t 4.362048e+02 3.469089e+02 3.473880e+02 4.727140e+02 3.809203e+02
44t 9.469593e+02 9.329927e+02 9.252668e+02 9.372304e+02 9.273503e+02
45t 9.455505e+02 9.225833e+02 9.386249e+02 9.296922e+02 9.351572e+02
46t 9.442320e+02 9.245199e+02 9.350613e+02 9.289216e+02 9.206341e+02
47t 5.461189e+02 1.023558e+03 5.509223e+02 1.025087e+03 1.022412e+03
48t 1.196862e+03 9.618370e+02 9.840160e+02 9.884277e+02 9.611410e+02
49t 1.199954e+03 1.027575e+03 1.020660e+03 5.637605e+02 1.018534e+03
50t 1.337327e+03 1.271911e+03 1.189474e+03 1.323323e+03 1.014655e+03
              31           32           33           34           35
1t  1.228295e+00 1.036740e+00 1.001829e+00 1.035216e+00 7.837477e-01
2t  9.217512e+06 2.840778e+06 6.189027e+06 3.538531e+06 2.810897e+06
3t  1.847389e+06 1.625383e+06 1.519103e+06 1.425368e+06 1.020084e+06
4t  1.263517e+05 5.317022e+04 1.391169e+05 7.061320e+04 1.433913e+05
5t  3.295405e+01 1.380753e+01 3.201514e+01 3.484002e-01 5.950521e+01
6t  1.374997e+02 3.756517e+00 1.445846e+02 4.221952e+00 2.949615e+01
7t  3.394125e+03 3.029789e+03 7.216656e+03 2.634976e+03 1.046425e+04
8t  6.072866e+00 5.412311e+00 5.186543e+00 5.596261e+00 4.991472e+00
9t  2.976682e+02 3.596270e+02 2.996636e+02 3.312344e+02 3.844874e+02
10t 2.673475e+01 2.800217e+01 2.610441e+01 2.889067e+01 2.192717e+01
11t 2.648326e+02 3.176599e+02 2.925073e+02 3.009446e+02 3.854761e+02
12t 5.824292e+02 7.127050e+03 1.582630e+04 5.008625e+03 2.641903e+04
13t 1.466141e+00 2.002708e+01 1.811748e+01 2.033312e+01 2.054774e+01
14t 2.099724e+01 2.095464e+01 2.097325e+01 2.096303e+01 2.118196e+01
15t 2.128621e+02 1.513911e+02 1.511980e+02 1.599503e+02 1.237247e+02
16t 5.038762e+01 4.917182e+01 1.104001e+02 1.006392e+02 4.925140e+01
17t 1.830631e-01 1.242402e-01 3.198173e-01 5.488390e-02 6.801908e+02
18t 9.540993e-01 9.091399e-01 8.575450e-01 9.183248e-01 7.206923e-01
19t 5.634880e+02 6.486899e+02 6.314523e+02 5.225484e+02 2.080655e+03
20t 2.866046e+02 3.868565e+02 3.613257e+02 4.396611e+02 8.222335e+02
21t 2.802195e+04 2.954847e+04 2.856343e+04 2.966308e+04 3.534301e+04
22t 2.887833e+04 2.914300e+04 2.880267e+04 3.076410e+04 3.500912e+04
23t 5.190651e+01 5.495355e+01 5.194596e+01 6.055547e+01 6.729472e+01
24t 8.884677e-01 8.739464e-01 5.902250e-01 1.300969e+00 3.604378e+00
25t 6.577073e-01 7.383571e-01 5.990838e-01 7.920533e-01 6.286856e-01
26t 2.844443e-01 2.858517e-01 2.963494e-01 3.138950e-01 2.547252e-01
27t 9.421085e+01 9.385576e+01 9.149691e+01 1.003955e+02 4.166163e+01
28t 2.425456e+02 2.589902e+02 2.384552e+02 2.719445e+02 1.474720e+02
29t 3.364219e+02 3.346432e+02 3.851076e+02 3.579647e+02 4.467512e+02
30t 1.187891e+01 1.199574e+01 1.038282e+01 1.256038e+01 1.867161e+01
31t 1.709715e+02 2.416129e+02 1.878528e+02 2.060982e+02 1.094380e+02
32t 3.554161e+02 1.698778e+03 3.064297e+02 3.583803e+02 3.509724e+02
33t 1.147167e+02 1.268954e+02 1.036151e+02 1.302528e+02 1.659673e+02
34t 2.423358e+01 3.079344e+01 2.631643e+01 3.753636e+01 2.764914e+01
35t 1.272162e+04 1.308549e+04 1.291242e+04 1.379078e+04 1.507164e+04
36t 1.525084e+05 2.171396e+05 1.565741e+05 3.428214e+05 1.180677e+05
37t 5.764528e+01 5.946942e+01 5.719204e+01 6.163901e+01 6.398366e+01
38t 2.313537e+05 2.872946e+05 1.642218e+05 2.791811e+05 1.164472e+05
39t 5.420157e+00 6.010599e+00 6.611637e+00 6.545217e+00 4.765987e+00
40t 6.162972e+01 4.219744e+01 1.362349e+02 3.332562e+01 1.394234e+03
41t 4.433899e+02 6.655359e+02 4.474651e+02 6.039607e+02 4.471223e+02
42t 3.309047e+02 3.275807e+02 3.400203e+02 4.309809e+02 3.613325e+02
43t 3.715344e+02 4.028680e+02 4.354798e+02 4.330256e+02 4.330635e+02
44t 9.310383e+02 9.381896e+02 9.303731e+02 9.293501e+02 9.286769e+02
45t 9.397086e+02 9.417893e+02 9.314740e+02 9.362354e+02 9.269810e+02
46t 9.371693e+02 9.321941e+02 9.276872e+02 9.322003e+02 9.283421e+02
47t 1.022677e+03 5.405657e+02 5.337964e+02 9.066428e+02 1.217468e+03
48t 9.775725e+02 1.071817e+03 9.937189e+02 9.951489e+02 1.281144e+03
49t 5.603403e+02 5.583215e+02 1.021555e+03 1.200256e+03 1.220880e+03
50t 1.300933e+03 1.294001e+03 1.320124e+03 1.190947e+03 1.407837e+03
              36           37           38           39           40
1t  1.461534e+00 1.221877e+00 1.616606e+00 9.731297e-01 6.293006e-01
2t  2.731480e+07 1.187868e+07 1.039896e+07 1.539996e+07 2.045588e+06
3t  2.456967e+06 1.758118e+06 2.532351e+06 1.402310e+06 8.488761e+05
4t  1.217144e+05 1.200705e+05 1.129456e+05 9.656218e+04 1.988110e+05
5t  1.981108e+01 2.092401e+01 1.132514e+01 5.082913e+01 4.234405e+01
6t  3.586445e+02 2.468571e+02 2.321479e+02 3.122197e+01 4.943235e+00
7t  5.657391e+03 4.625191e+03 3.017499e+03 8.986598e+03 5.090851e+04
8t  6.568105e+00 5.664333e+00 6.775162e+00 5.424462e+00 4.356677e+00
9t  2.800442e+02 2.981599e+02 2.596890e+02 3.100792e+02 3.330695e+02
10t 2.968475e+01 2.613193e+01 3.093261e+01 2.585202e+01 1.930899e+01
11t 2.380861e+02 2.421989e+02 2.263633e+02 3.159638e+02 4.233226e+02
12t 2.629968e+02 6.687626e+03 3.183445e+02 1.929294e+04 1.580436e+04
13t 1.611908e+00 1.435857e+00 1.704168e+00 1.975790e+01 1.993522e+01
14t 2.116967e+01 2.092276e+01 2.108293e+01 2.092158e+01 2.080280e+01
15t 2.205621e+02 1.926212e+02 1.912535e+02 2.798254e+02 9.803475e+01
16t 4.928029e+01 4.954193e+01 4.913260e+01 5.024479e+01 4.922997e+01
17t 3.519005e-01 1.588123e-01 2.826841e-01 2.901914e+01 3.817405e+02
18t 9.997391e-01 9.097413e-01 9.752538e-01 8.987966e-01 6.583663e-01
19t 4.061879e+02 4.564129e+02 4.810327e+02 7.223330e+02 5.103217e+03
20t 2.177627e+02 2.984663e+02 2.463051e+02 4.834034e+02 9.996707e+02
21t 2.848299e+04 2.786243e+04 2.703499e+04 2.927603e+04 3.767666e+04
22t 2.834165e+04 2.863499e+04 2.850103e+04 2.952011e+04 3.621048e+04
23t 4.829438e+01 5.551226e+01 4.533688e+01 4.454198e+01 7.432413e+01
24t 1.007277e+00 7.806975e-01 8.546584e-01 8.308186e-01 5.128401e+00
25t 4.175764e-01 5.333451e-01 5.457639e-01 7.692171e-01 5.865414e-01
26t 3.272458e-01 2.892019e-01 3.504150e-01 3.331427e-01 2.496467e-01
27t 7.613278e+01 8.443786e+01 6.247024e+01 1.206485e+02 5.073410e+01
28t 2.566110e+02 2.579204e+02 2.439631e+02 2.607610e+02 1.302718e+02
29t 3.253400e+02 3.230229e+02 3.043597e+02 3.020564e+02 4.589690e+02
30t 1.248913e+01 9.734154e+00 1.227888e+01 1.539803e+01 2.490880e+02
31t 1.688763e+02 1.610619e+02 1.489585e+02 2.397639e+02 1.207757e+02
32t 2.906884e+02 3.265804e+02 4.805304e+02 7.642934e+02 3.884678e+02
33t 1.170960e+02 1.123403e+02 1.114475e+02 1.292167e+02 2.159181e+02
34t 2.721343e+01 2.346817e+01 2.829017e+01 3.133485e+01 2.433959e+01
35t 1.250510e+04 1.285888e+04 1.261553e+04 1.281718e+04 1.907372e+04
36t 1.894738e+05 1.700840e+05 2.080653e+05 1.661294e+05 1.185323e+05
37t 6.064838e+01 6.007852e+01 5.930384e+01 6.158617e+01 6.282787e+01
38t 2.603421e+05 2.031138e+05 2.489220e+05 1.539394e+05 1.282318e+05
39t 5.760777e+00 6.895349e+00 5.365467e+00 5.607759e+00 4.911549e+00
40t 4.162123e+01 5.951793e+01 4.560521e+01 1.009601e+02 8.952630e+02
41t 4.501614e+02 3.947009e+02 4.504078e+02 6.782148e+02 1.073952e+03
42t 3.064620e+02 3.444492e+02 3.074342e+02 3.307657e+02 4.637923e+02
43t 3.782007e+02 4.393168e+02 3.307442e+02 4.922838e+02 5.480728e+02
44t 9.327088e+02 9.329495e+02 9.223980e+02 1.015162e+03 9.212224e+02
45t 9.311299e+02 9.360041e+02 9.366182e+02 9.357400e+02 9.240592e+02
46t 9.308019e+02 9.303535e+02 9.339793e+02 9.337233e+02 9.230825e+02
47t 1.018657e+03 1.030356e+03 5.658030e+02 5.363684e+02 1.236221e+03
48t 9.784307e+02 1.017643e+03 9.925472e+02 1.007719e+03 1.363850e+03
49t 1.019145e+03 1.021517e+03 1.018817e+03 5.565303e+02 1.250796e+03
50t 1.292880e+03 1.318680e+03 1.219629e+03 1.263807e+03 1.451773e+03
              41           42           43           44           45
1t  1.355676e+00 1.705042e+00 7.637363e-01 1.254554e+00 1.657224e+00
2t  6.127035e+06 1.580605e+07 2.169028e+06 1.000713e+07 8.596002e+06
3t  2.198968e+06 3.877150e+06 1.219476e+06 2.245890e+06 2.974700e+06
4t  1.254792e+05 1.299368e+05 9.112374e+04 1.010857e+05 1.064386e+05
5t  3.490140e+01 1.272294e+01 1.814684e+01 4.186552e+01 1.375480e+01
6t  2.407859e+01 6.282485e+02 2.036765e+00 2.024235e+02 1.859405e+02
7t  4.379765e+03 4.682198e+03 6.986311e+04 4.268654e+03 3.382037e+03
8t  6.188468e+00 6.770853e+00 2.181322e+03 6.367434e+00 7.205219e+00
9t  2.955586e+02 2.244482e+02 3.636468e+02 2.834707e+02 2.679559e+02
10t 2.974270e+01 3.151848e+01 2.357345e+01 2.966624e+01 3.134543e+01
11t 3.052852e+02 2.517686e+02 3.578734e+02 2.893968e+02 2.167392e+02
12t 2.107249e+02 3.551785e+02 1.348234e+02 1.864863e+04 2.227798e+02
13t 1.929852e+01 1.675174e+00 2.012985e+01 1.627763e+00 1.642904e+00
14t 2.115187e+01 2.102761e+01 2.079698e+01 2.101931e+01 2.109766e+01
15t 1.995506e+02 3.847679e+02 1.239757e+02 4.700994e+02 3.699667e+02
16t 1.024942e+02 4.857697e+01 4.924544e+01 1.097814e+02 1.100250e+02
17t 9.571126e-01 1.057924e+00 4.846506e-02 5.577790e-01 5.152286e-01
18t 9.315853e-01 9.982066e-01 8.243857e-01 9.930317e-01 9.955047e-01
19t 5.727136e+02 4.187040e+02 1.966119e+03 4.411243e+02 4.239739e+02
20t 4.148035e+02 2.144527e+02 9.009824e+02 3.356753e+02 2.997794e+02
21t 2.861039e+04 2.777918e+04 3.820237e+04 2.779598e+04 2.775242e+04
22t 2.868985e+04 2.855644e+04 2.984462e+04 2.867600e+04 2.924411e+04
23t 5.516880e+01 4.397376e+01 7.863229e+01 5.575298e+01 4.565562e+01
24t 9.224273e-01 8.249064e-01 1.082256e+00 5.412165e-01 7.126111e-01
25t 7.935031e-01 4.394537e-01 6.156397e-01 6.874433e-01 6.047600e-01
26t 2.972213e-01 3.517800e-01 2.768378e-01 3.710049e-01 3.153500e-01
27t 1.010369e+02 7.061695e+01 7.033067e+01 7.747639e+01 8.166833e+01
28t 2.711862e+02 2.677124e+02 1.864309e+02 2.884029e+02 2.381490e+02
29t 3.780129e+02 3.066988e+02 6.027111e+02 3.254363e+02 2.633331e+02
30t 1.097162e+01 1.228841e+01 2.147118e+04 1.115743e+01 1.145797e+01
31t 2.516895e+02 1.126085e+02 1.678469e+02 1.579508e+02 2.309117e+02
32t 4.613683e+02 3.577814e+02 3.289732e+02 5.627661e+02 3.714272e+03
33t 1.151650e+02 9.894059e+01 2.126393e+02 1.177502e+02 1.094336e+02
34t 2.919820e+01 2.591239e+01 3.401170e+01 2.666056e+01 2.626765e+01
35t 1.335709e+04 1.253573e+04 1.415069e+04 1.298403e+04 1.256712e+04
36t 2.049401e+05 2.331814e+05 1.510719e+05 1.896149e+05 2.417972e+05
37t 5.968446e+01 6.091913e+01 7.309344e+01 5.674184e+01 6.014641e+01
38t 2.341871e+05 2.322650e+05 2.491232e+05 2.219419e+05 2.627569e+05
39t 5.527460e+00 6.250136e+00 4.943710e+00 6.663057e+00 5.505797e+00
40t 5.713692e+01 3.435269e+01 1.079156e+02 8.316287e+01 4.420079e+01
41t 6.152275e+02 4.508764e+02 7.884649e+02 4.879835e+02 4.917499e+02
42t 3.601331e+02 3.111504e+02 3.723858e+02 2.668647e+02 3.488400e+02
43t 4.357169e+02 3.851296e+02 4.297386e+02 4.381481e+02 4.406529e+02
44t 9.476953e+02 9.341387e+02 1.018865e+03 9.378052e+02 9.263054e+02
45t 9.474406e+02 9.283225e+02 9.849825e+02 9.447840e+02 9.263922e+02
46t 9.532556e+02 9.300776e+02 1.197386e+03 9.325728e+02 9.345737e+02
47t 1.024420e+03 1.024011e+03 5.315166e+02 5.518597e+02 5.643981e+02
48t 1.012855e+03 9.697364e+02 1.407173e+03 9.896742e+02 9.703862e+02
49t 5.677227e+02 1.021556e+03 1.205434e+03 5.716522e+02 1.020838e+03
50t 1.215131e+03 1.284006e+03 1.327713e+03 1.294851e+03 1.252367e+03
              46           47           48           49           50
1t  1.441402e+00 3.236369e+00 7.233906e-01 1.934728e+00 2.490193e+00
2t  6.522538e+06 3.737299e+07 1.044874e+07 5.451051e+06 1.181903e+07
3t  2.296355e+06 6.202348e+06 1.129229e+06 2.868195e+06 4.915976e+06
4t  1.493241e+05 1.089908e+05 1.343431e+05 8.544656e+04 9.370985e+04
5t  5.784700e+01 3.715177e+00 6.000322e+01 1.272606e+01 5.357910e+00
6t  2.751947e+02 6.334680e+02 1.415239e+02 3.372904e+01 2.509880e+02
7t  9.168814e+03 3.958026e+03 8.233404e+03 3.257552e+03 2.471054e+03
8t  6.198381e+00 1.006752e+01 4.956380e+00 7.873352e+00 8.728525e+00
9t  3.492072e+02 2.217168e+02 3.133581e+02 2.845282e+02 2.088954e+02
10t 3.060909e+01 3.535177e+01 2.381824e+01 3.192858e+01 3.684712e+01
11t 3.479315e+02 2.277694e+02 2.953716e+02 2.379654e+02 2.061825e+02
12t 2.809249e+04 2.743527e+02 1.670131e+04 6.087251e+03 2.904852e+02
13t 2.015861e+01 2.313217e+00 1.987307e+01 1.864237e+00 2.095459e+00
14t 2.115632e+01 2.119423e+01 2.092658e+01 2.115026e+01 2.110853e+01
15t 2.048711e+02 7.392273e+02 1.558324e+02 2.110327e+02 3.861696e+02
16t 4.930637e+01 4.893595e+01 1.198796e+02 4.934624e+01 4.919241e+01
17t 6.529003e+01 9.974834e-01 1.693998e+00 9.019998e-02 3.551303e-01
18t 9.681945e-01 1.053381e+00 8.594554e-01 9.855932e-01 1.004858e+00
19t 1.131620e+03 3.961596e+02 7.548631e+02 4.741486e+02 3.935783e+02
20t 5.322704e+02 2.103276e+02 3.371110e+02 2.862795e+02 1.342012e+02
21t 3.356169e+04 2.719293e+04 2.733329e+04 2.696568e+04 2.711826e+04
22t 3.582828e+04 2.849118e+04 2.907325e+04 2.779353e+04 2.849057e+04
23t 6.128493e+01 3.768791e+01 5.384295e+01 4.947637e+01 4.356915e+01
24t 2.990690e+00 8.888183e-01 1.661480e+00 7.322406e-01 5.259016e-01
25t 6.073624e-01 5.555212e-01 5.619559e-01 6.672553e-01 3.277715e-01
26t 2.899699e-01 3.362765e-01 2.884320e-01 2.763016e-01 3.835261e-01
27t 5.160884e+01 5.987903e+01 9.108813e+01 9.657400e+01 6.912255e+01
28t 1.986596e+02 4.322794e+02 2.140681e+02 3.069844e+02 3.433972e+02
29t 4.131929e+02 2.381205e+02 3.068778e+02 3.035103e+02 2.921830e+02
30t 1.609703e+01 1.583603e+01 1.405780e+01 1.147352e+01 1.408039e+01
31t 1.112677e+02 1.552917e+02 1.902917e+02 2.538164e+02 1.617278e+02
32t 2.698203e+02 3.795059e+02 4.644966e+02 4.355378e+02 5.009800e+02
33t 1.231319e+02 1.127746e+02 1.247327e+02 1.096121e+02 1.004716e+02
34t 2.882010e+01 2.830204e+01 2.158062e+01 2.791592e+01 3.146758e+01
35t 1.348517e+04 1.232815e+04 1.300345e+04 1.284783e+04 1.247876e+04
36t 2.971474e+05 2.758387e+05 1.320058e+05 3.047678e+05 2.421904e+05
37t 6.500318e+01 6.200391e+01 5.838905e+01 5.582250e+01 5.634163e+01
38t 1.625176e+05 3.356450e+05 1.711064e+05 3.580301e+05 3.062381e+05
39t 5.329856e+00 6.306188e+00 5.535711e+00 7.364679e+00 6.812393e+00
40t 5.061295e+02 2.227535e+01 1.898534e+02 3.132230e+01 2.276882e+01
41t 4.514480e+02 4.552181e+02 4.185074e+02 5.578005e+02 4.725418e+02
42t 3.603091e+02 2.818605e+02 3.992834e+02 3.287156e+02 2.825337e+02
43t 3.808816e+02 3.062063e+02 4.377334e+02 4.076045e+02 3.204369e+02
44t 9.974349e+02 9.225117e+02 9.343908e+02 9.279527e+02 9.221790e+02
45t 9.655948e+02 9.304019e+02 9.303569e+02 9.298643e+02 9.218425e+02
46t 9.861560e+02 9.231120e+02 9.317849e+02 9.227881e+02 9.216459e+02
47t 5.490738e+02 1.023815e+03 5.296653e+02 1.020801e+03 1.021809e+03
48t 1.118484e+03 9.788318e+02 1.121845e+03 9.596093e+02 9.252827e+02
49t 5.800004e+02 1.018590e+03 5.446615e+02 5.903642e+02 1.018348e+03
50t 1.348647e+03 1.252328e+03 1.353994e+03 1.118967e+03 1.168527e+03
              51           52           53           54           55
1t  1.324239e+00 1.110214e+00 9.868460e-01 1.617104e+00 7.220622e-01
2t  5.037838e+06 7.878128e+06 3.569107e+06 6.855556e+06 2.724308e+06
3t  2.049070e+06 1.783145e+06 1.443259e+06 2.347726e+06 1.290531e+06
4t  1.133823e+05 1.315968e+05 1.047784e+05 1.312504e+05 1.737467e+05
5t  3.096551e+01 3.818803e+01 3.685227e+01 3.428622e+01 5.341959e+01
6t  8.574885e+01 1.272628e+02 1.165533e+01 1.222787e+02 1.297571e+01
7t  5.687488e+03 5.862711e+03 6.155141e+03 6.851702e+03 9.665887e+03
8t  6.574198e+00 5.633641e+00 5.325352e+00 6.524594e+00 4.880499e+00
9t  2.811729e+02 2.889241e+02 3.267245e+02 2.942831e+02 4.045325e+02
10t 2.734678e+01 2.776541e+01 2.511035e+01 3.191495e+01 2.311043e+01
11t 2.724846e+02 2.738803e+02 3.280602e+02 3.015346e+02 3.846050e+02
12t 4.088052e+03 1.170539e+04 1.007832e+04 1.784754e+03 2.213767e+04
13t 1.584078e+00 1.385972e+00 1.999731e+01 1.730096e+00 2.054586e+01
14t 2.105334e+01 2.111382e+01 2.097077e+01 2.118138e+01 2.115392e+01
15t 2.339644e+02 1.781743e+02 1.536702e+02 2.268034e+02 1.245220e+02
16t 1.639600e+02 4.932854e+01 4.925503e+01 4.913609e+01 4.924662e+01
17t 8.889354e-02 2.963437e-01 1.590237e+00 5.289497e-02 5.743743e+02
18t 9.634143e-01 9.035060e-01 9.236132e-01 9.790149e-01 7.062848e-01
19t 5.809068e+02 5.051590e+02 5.799257e+02 6.688155e+02 2.353506e+03
20t 3.297176e+02 2.426606e+02 4.525143e+02 3.837454e+02 7.164217e+02
21t 2.863365e+04 2.859120e+04 2.812491e+04 3.248484e+04 3.645870e+04
22t 2.819372e+04 2.842172e+04 2.785491e+04 3.456833e+04 3.509367e+04
23t 4.818681e+01 4.503425e+01 5.414767e+01 4.901552e+01 7.434457e+01
24t 4.695385e-01 5.245042e-01 6.699423e-01 3.666595e+00 3.606248e+00
25t 5.062176e-01 4.735728e-01 7.797151e-01 5.951579e-01 6.173247e-01
26t 3.323327e-01 3.015736e-01 2.367703e-01 3.205531e-01 2.490238e-01
27t 7.907509e+01 8.321618e+01 1.339501e+02 6.877752e+01 6.137988e+01
28t 2.232965e+02 2.178954e+02 2.127593e+02 2.308386e+02 1.521133e+02
29t 2.857852e+02 2.937240e+02 3.432761e+02 3.387244e+02 4.450979e+02
30t 1.076281e+01 1.316529e+01 1.146304e+01 1.339869e+01 4.304211e+01
31t 2.067340e+02 1.944984e+02 2.229262e+02 1.507784e+02 1.405545e+02
32t 3.077447e+02 3.772333e+02 4.991490e+02 2.988303e+02 2.306782e+02
33t 1.130032e+02 1.229753e+02 1.324235e+02 1.115783e+02 1.715654e+02
34t 2.389858e+01 2.515113e+01 2.687689e+01 2.871008e+01 2.808087e+01
35t 1.310660e+04 1.282314e+04 1.345762e+04 1.251945e+04 1.451355e+04
36t 1.717844e+05 2.109367e+05 2.431904e+05 2.165037e+05 1.219364e+05
37t 5.830558e+01 5.521958e+01 5.692695e+01 6.231571e+01 6.687036e+01
38t 3.448353e+05 1.712194e+05 1.746679e+05 1.327589e+05 1.471242e+05
39t 5.978986e+00 5.449779e+00 7.397503e+00 5.302069e+00 4.314558e+00
40t 4.098426e+01 8.259175e+01 7.601539e+01 7.606919e+01 8.744534e+02
41t 4.712315e+02 3.720643e+02 6.399709e+02 4.076373e+02 4.927871e+02
42t 3.127767e+02 3.142993e+02 4.280445e+02 3.417606e+02 3.609415e+02
43t 3.866196e+02 4.394112e+02 4.731147e+02 4.401869e+02 4.543483e+02
44t 9.408008e+02 9.293547e+02 9.353011e+02 9.509128e+02 9.325174e+02
45t 9.239627e+02 9.328207e+02 9.493160e+02 9.727458e+02 9.272963e+02
46t 9.311442e+02 9.260913e+02 9.396115e+02 1.001596e+03 9.318682e+02
47t 1.029228e+03 1.028542e+03 5.318663e+02 5.455661e+02 1.212402e+03
48t 9.701071e+02 9.860040e+02 1.062671e+03 9.993767e+02 1.324476e+03
49t 1.029247e+03 5.600393e+02 5.562147e+02 5.724932e+02 1.214719e+03
50t 1.268349e+03 1.311961e+03 1.220183e+03 1.317224e+03 1.383951e+03
              56           57           58           59           60
1t  1.569863e+00 9.868441e-01 1.921191e+00 7.283868e-01 6.486576e-01
2t  1.052784e+07 8.600207e+06 1.168272e+07 1.878864e+06 2.489996e+06
3t  2.330576e+06 1.680032e+06 3.025601e+06 1.058022e+06 1.092545e+06
4t  1.391336e+05 1.307021e+05 9.117406e+04 8.687730e+04 1.703349e+05
5t  2.681447e+01 4.087711e+01 3.153759e+01 3.095436e+01 5.241026e+01
6t  1.960579e+02 9.065539e+01 4.111235e+02 3.512438e+00 8.680010e+00
7t  5.723529e+03 6.125752e+03 3.694595e+03 1.955963e+04 1.727116e+04
8t  6.785858e+00 5.174134e+00 7.868015e+00 4.931480e+00 4.826022e+00
9t  2.937791e+02 3.060469e+02 2.795004e+02 3.188753e+02 4.091298e+02
10t 3.079747e+01 2.608163e+01 3.434155e+01 2.491708e+01 2.347472e+01
11t 2.749044e+02 2.776295e+02 2.723072e+02 3.151139e+02 3.993372e+02
12t 7.685963e+02 1.302182e+04 7.048026e+02 1.080512e+04 2.011238e+04
13t 1.753125e+00 1.951645e+01 1.813211e+00 2.009840e+01 2.056268e+01
14t 2.086541e+01 2.098455e+01 2.101930e+01 2.088604e+01 2.113358e+01
15t 2.551409e+03 1.528482e+02 2.681848e+02 1.254229e+02 1.104872e+02
16t 4.930670e+01 4.923626e+01 4.849253e+01 9.900824e+01 4.912678e+01
17t 1.242224e-01 2.056784e+00 1.489516e-01 8.369045e-02 4.966188e+02
18t 9.745892e-01 9.029688e-01 1.014117e+00 8.118678e-01 7.372055e-01
19t 5.331603e+02 5.774499e+02 4.650586e+02 1.929671e+03 2.742592e+03
20t 2.901391e+02 2.885202e+02 3.033982e+02 3.846557e+02 6.334458e+02
21t 2.633187e+04 2.821418e+04 2.817075e+04 2.864962e+04 3.576435e+04
22t 2.927144e+04 2.903000e+04 2.831638e+04 2.937641e+04 3.502972e+04
23t 4.760365e+01 5.845304e+01 4.374466e+01 6.251892e+01 6.910768e+01
24t 6.437265e-01 5.693117e-01 8.252186e-01 1.005042e+00 3.584062e+00
25t 4.369459e-01 6.406378e-01 4.299699e-01 7.007061e-01 6.071914e-01
26t 3.304516e-01 3.101114e-01 3.028456e-01 3.300708e-01 2.499541e-01
27t 8.363277e+01 1.033614e+02 7.962120e+01 1.063714e+02 5.769110e+01
28t 2.786171e+02 1.881642e+02 2.629744e+02 2.525178e+02 1.381652e+02
29t 2.644755e+02 3.250736e+02 2.740676e+02 3.196124e+02 4.292654e+02
30t 1.135381e+01 1.110508e+01 1.295463e+01 1.544746e+01 1.638382e+01
31t 1.794810e+02 1.999030e+02 1.798660e+02 2.806722e+02 1.277135e+02
32t 3.736630e+02 3.572985e+02 3.424713e+02 4.529677e+02 3.720881e+02
33t 1.214675e+02 1.193880e+02 9.704937e+01 1.369869e+02 1.529583e+02
34t 2.610443e+01 2.445270e+01 2.663863e+01 2.464278e+01 2.650924e+01
35t 1.259197e+04 1.278834e+04 1.241768e+04 1.416463e+04 1.458997e+04
36t 2.049348e+05 1.615666e+05 2.198074e+05 1.908295e+05 1.277613e+05
37t 5.944890e+01 5.851747e+01 6.077743e+01 5.684767e+01 6.493465e+01
38t 2.339168e+05 2.171200e+05 2.923270e+05 1.817407e+05 1.427693e+05
39t 5.646238e+00 6.939770e+00 5.681541e+00 7.201556e+00 4.822108e+00
40t 4.195987e+01 1.019661e+02 2.533660e+01 1.059746e+02 9.299358e+02
41t 4.501772e+02 4.473864e+02 5.535451e+02 6.980381e+02 7.945674e+02
42t 4.299821e+02 4.275448e+02 2.975242e+02 5.958746e+02 3.191240e+02
43t 4.399627e+02 4.379102e+02 3.149814e+02 4.285561e+02 4.259057e+02
44t 9.329924e+02 9.377794e+02 9.239567e+02 9.365973e+02 9.233795e+02
45t 9.399037e+02 9.359638e+02 9.361418e+02 1.148771e+03 9.277746e+02
46t 9.227035e+02 9.288940e+02 9.274192e+02 9.998615e+02 9.287867e+02
47t 1.025436e+03 5.398416e+02 1.024865e+03 5.295722e+02 1.210145e+03
48t 9.821377e+02 1.006242e+03 9.306949e+02 1.092326e+03 1.313840e+03
49t 1.023069e+03 5.524723e+02 1.023009e+03 5.486639e+02 1.224577e+03
50t 1.267168e+03 1.313324e+03 1.253677e+03 1.355647e+03 1.381518e+03
              61           62           63           64           65
1t  9.324322e-01 1.344784e+00 1.131204e+00 1.527526e+00 1.018582e+00
2t  6.214136e+06 8.791531e+06 1.725115e+07 8.531518e+06 1.827553e+07
3t  1.420025e+06 2.160166e+06 1.780024e+06 2.518770e+06 2.225786e+06
4t  1.358678e+05 1.093010e+05 1.356764e+05 1.100648e+05 1.159252e+05
5t  5.409703e+01 1.840665e+01 4.402378e+01 4.947823e+01 3.757059e+01
6t  1.112978e+02 1.514244e+02 2.098706e+02 2.974933e+02 2.789300e+02
7t  9.229973e+03 4.065388e+03 6.486174e+03 8.770325e+03 5.673008e+03
8t  5.431735e+00 6.572687e+00 5.676785e+00 6.707646e+00 6.187794e+00
9t  3.350482e+02 2.555659e+02 2.853079e+02 2.948835e+02 2.823199e+02
10t 2.603431e+01 2.862730e+01 2.734688e+01 3.198120e+01 3.011985e+01
11t 2.977520e+02 2.406101e+02 2.735396e+02 2.808730e+02 2.649435e+02
12t 2.054418e+04 2.050688e+02 1.272413e+04 1.972582e+04 1.094073e+04
13t 1.992686e+01 1.441048e+00 1.313476e+00 1.967554e+01 1.490101e+00
14t 2.092057e+01 2.110942e+01 2.113368e+01 2.093976e+01 2.100567e+01
15t 1.757336e+02 1.979291e+02 1.467770e+02 3.243501e+02 2.644405e+02
16t 1.068092e+02 4.908888e+01 6.759065e+01 1.645471e+02 4.831430e+01
17t 2.383785e+00 4.812797e-01 1.338152e-01 4.830216e+00 5.462516e-01
18t 9.190071e-01 9.538648e-01 9.066234e-01 9.937871e-01 9.782791e-01
19t 5.807044e+02 4.521897e+02 4.864075e+02 4.842522e+02 5.343537e+02
20t 4.258337e+02 3.087210e+02 3.117816e+02 3.953708e+02 3.387028e+02
21t 2.824480e+04 2.771547e+04 2.601684e+04 2.924421e+04 2.794311e+04
22t 2.906471e+04 2.811502e+04 2.803995e+04 2.892329e+04 2.904235e+04
23t 5.297369e+01 4.443596e+01 5.453683e+01 4.762053e+01 4.989516e+01
24t 5.780171e-01 8.074045e-01 6.279370e-01 5.301072e-01 4.962164e-01
25t 7.856987e-01 5.280398e-01 5.143976e-01 5.306218e-01 4.454196e-01
26t 2.956906e-01 3.718944e-01 3.032797e-01 2.841574e-01 3.093348e-01
27t 1.060894e+02 8.141141e+01 8.373920e+01 6.162766e+01 6.155104e+01
28t 2.266057e+03 2.522654e+02 2.271748e+02 2.525509e+02 9.235109e+02
29t 3.610591e+02 2.771849e+02 3.068233e+02 3.451926e+02 2.560448e+02
30t 1.867984e+01 1.270054e+01 1.132937e+01 1.718087e+01 1.013192e+01
31t 2.319496e+02 1.814687e+02 1.336192e+02 1.853481e+02 1.590349e+02
32t 3.914490e+02 3.377779e+02 2.828682e+02 5.538465e+02 2.772452e+02
33t 1.134606e+02 1.065223e+02 1.117242e+02 1.298373e+02 1.031751e+02
34t 2.714138e+01 2.489333e+01 2.158818e+01 2.994731e+01 2.621549e+01
35t 1.310080e+04 1.252693e+04 1.270485e+04 1.295196e+04 1.253573e+04
36t 1.723812e+05 1.690228e+05 1.455994e+05 1.825951e+05 2.033212e+05
37t 5.776496e+01 6.123739e+01 5.950649e+01 5.721691e+01 5.860258e+01
38t 1.783409e+05 3.302550e+05 3.161625e+05 2.238998e+05 2.422814e+05
39t 7.165518e+00 5.775451e+00 5.408699e+00 5.690840e+00 5.285013e+00
40t 2.090870e+02 4.369842e+01 7.879670e+01 7.032675e+01 4.781841e+01
41t 4.476332e+02 4.499878e+02 4.447527e+02 4.233869e+02 4.495396e+02
42t 4.115344e+02 3.785167e+02 3.810486e+02 2.768852e+02 3.232882e+02
43t 4.335816e+02 4.248427e+02 4.387910e+02 3.368721e+02 4.307372e+02
44t 9.373337e+02 9.326022e+02 9.378239e+02 9.303928e+02 9.276433e+02
45t 9.352453e+02 9.383311e+02 9.396928e+02 9.385478e+02 9.489127e+02
46t 9.336030e+02 9.296037e+02 9.298028e+02 9.326161e+02 9.319435e+02
47t 5.282586e+02 1.020157e+03 5.374898e+02 5.518199e+02 1.028606e+03
48t 1.011136e+03 9.691733e+02 9.854789e+02 1.002076e+03 1.005937e+03
49t 5.538213e+02 1.018497e+03 5.609969e+02 5.686487e+02 1.024599e+03
50t 1.293975e+03 1.291201e+03 1.294477e+03 1.276471e+03 1.315420e+03
              66           67           68           69           70
1t  1.681081e+00 2.739248e+00 3.083968e+00 1.819188e+00 1.638822e+00
2t  6.625093e+06 2.210453e+07 6.894424e+06 2.997463e+06 1.314102e+07
3t  2.262405e+06 3.519741e+06 5.744550e+06 2.849623e+06 2.896228e+06
4t  1.315519e+05 1.003852e+05 1.108735e+05 7.621493e+04 1.182327e+05
5t  5.681829e+01 9.459818e+00 3.863021e+00 1.262677e+01 2.798181e+01
6t  1.385858e+02 2.595301e+02 5.967657e+01 9.099454e+00 2.268561e+02
7t  8.569284e+03 3.686098e+03 3.390727e+03 4.148879e+03 5.200650e+03
8t  6.557090e+00 8.248921e+00 9.727620e+00 7.253765e+00 6.415036e+00
9t  3.993691e+02 2.717119e+02 8.537451e+01 3.154712e+02 2.390845e+02
10t 2.976921e+01 3.593480e+01 4.048992e+01 3.155022e+01 3.301840e+01
11t 3.619920e+02 2.549495e+02 2.388712e+02 3.119657e+02 2.917761e+02
12t 2.746104e+04 2.136841e+02 4.801350e+02 4.422783e+02 2.395218e+02
13t 2.041454e+01 2.003059e+00 2.355202e+00 1.793372e+01 1.614766e+00
14t 2.113735e+01 2.110632e+01 2.109821e+01 2.110681e+01 2.106602e+01
15t 2.144918e+02 1.472603e+04 4.210132e+02 1.998946e+02 2.439471e+02
16t 1.031375e+02 4.863499e+01 4.942752e+01 4.925018e+01 4.916259e+01
17t 5.195073e+02 1.227012e+00 1.018410e-01 6.920872e-02 6.020152e-01
18t 9.508671e-01 1.047310e+00 1.049743e+00 1.012750e+00 9.851529e-01
19t 1.176762e+03 4.609721e+02 3.696129e+02 5.581084e+02 3.715249e+02
20t 7.403378e+02 1.814849e+02 2.212998e+02 3.836526e+02 2.996315e+02
21t 3.389616e+04 2.705505e+04 3.151646e+04 2.840265e+04 2.828488e+04
22t 3.564766e+04 2.826344e+04 3.107056e+04 2.861595e+04 2.790552e+04
23t 6.684176e+01 4.191023e+01 4.929367e+01 3.591157e+01 4.386349e+01
24t 3.654748e+00 1.005400e+00 3.380519e+00 6.863446e-01 9.210919e-01
25t 5.942937e-01 6.736672e-01 4.934284e-01 4.418698e-01 5.226427e-01
26t 2.490882e-01 3.041876e-01 2.634943e-01 8.211386e-01 3.073946e-01
27t 5.612786e+01 8.605503e+01 6.724744e+01 1.271492e+02 9.882161e+01
28t 2.218486e+02 3.356591e+02 3.915324e+02 4.329929e+02 2.163854e+02
29t 4.332570e+02 2.986987e+02 2.734847e+02 3.458136e+02 2.883045e+02
30t 1.226771e+01 1.421320e+01 1.535580e+01 1.440971e+01 1.209685e+01
31t 1.126169e+02 1.866458e+02 1.467473e+02 1.988068e+02 1.594369e+02
32t 3.841811e+02 5.865484e+02 3.173420e+02 4.582319e+02 3.267114e+02
33t 1.513588e+02 1.083095e+02 1.017660e+02 1.225232e+02 1.232099e+02
34t 3.295444e+01 2.838060e+01 3.397542e+01 4.570122e+01 2.846171e+01
35t 1.351465e+04 1.251695e+04 1.245863e+04 1.277948e+04 1.274290e+04
36t 1.746953e+05 2.593672e+05 3.565945e+05 2.875500e+05 1.732074e+05
37t 6.327293e+01 6.059239e+01 6.223890e+01 6.489428e+01 5.906994e+01
38t 1.394194e+05 3.272186e+05 2.414757e+05 3.034406e+05 2.172393e+05
39t 5.144507e+00 8.500516e+00 6.428888e+00 5.886585e+00 5.379176e+00
40t 6.668110e+02 3.500377e+01 1.395478e+01 2.559013e+01 3.855231e+01
41t 4.930949e+02 4.233905e+02 5.889769e+02 6.582911e+02 4.501016e+02
42t 3.200279e+02 3.286847e+02 2.586838e+02 4.211085e+02 3.061559e+02
43t 4.379302e+02 3.731027e+02 2.916788e+02 4.844082e+02 3.582630e+02
44t 9.557197e+02 9.233061e+02 9.313241e+02 9.345664e+02 9.301780e+02
45t 9.582960e+02 9.292124e+02 9.306419e+02 9.360294e+02 9.366045e+02
46t 9.418522e+02 9.208763e+02 9.289665e+02 9.335275e+02 9.311010e+02
47t 5.527105e+02 1.022253e+03 6.103178e+02 1.023435e+03 1.021563e+03
48t 1.030543e+03 9.531443e+02 9.655714e+02 1.107867e+03 9.759536e+02
49t 5.699424e+02 1.019184e+03 6.313699e+02 5.850590e+02 1.024101e+03
50t 1.336245e+03 1.226714e+03 1.193447e+03 1.283931e+03 1.274746e+03
              71           72           73           74           75
1t  1.074588e+00 8.679454e-01 9.255322e-01 1.451738e+00 1.060597e+00
2t  7.821526e+06 6.241256e+06 1.513102e+07 6.212809e+06 8.959513e+06
3t  1.716289e+06 1.466949e+06 1.533283e+06 2.311747e+06 1.152332e+06
4t  1.232988e+05 1.039841e+05 1.341643e+05 1.506097e+05 1.051765e+05
5t  4.509964e+01 4.290352e+01 4.875916e+01 3.308132e+01 4.588791e+01
6t  4.784113e+01 9.943752e+00 2.543419e+02 2.698371e+02 7.679382e+01
7t  6.999604e+03 3.355445e+03 8.426194e+03 6.015535e+03 8.578088e+03
8t  5.666855e+00 4.660383e+00 5.013566e+00 6.921412e+00 5.501588e+00
9t  2.837499e+02 3.031021e+02 3.025295e+02 2.720065e+02 3.166037e+02
10t 2.896251e+01 2.683108e+01 2.318380e+01 2.974782e+01 2.591004e+01
11t 2.783469e+02 3.009183e+02 2.952531e+02 2.756834e+02 2.908590e+02
12t 1.865183e+04 1.441549e+04 1.799382e+04 5.540858e+03 1.474511e+04
13t 1.363105e+00 1.962412e+01 1.777081e+01 1.712676e+00 1.673483e+01
14t 2.087455e+01 2.116810e+01 2.099549e+01 2.119761e+01 2.084270e+01
15t 1.820364e+02 1.308287e+02 1.584994e+02 2.272782e+02 1.477645e+02
16t 8.279421e+01 4.925752e+01 1.234879e+02 4.899269e+01 1.030654e+02
17t 1.079363e+00 1.312158e+00 8.638360e+00 4.397019e-02 2.268848e+00
18t 9.372970e-01 8.717229e-01 8.969167e-01 9.568207e-01 8.912739e-01
19t 5.492653e+02 5.686707e+02 5.989812e+02 4.499657e+02 5.677501e+02
20t 3.133893e+02 3.628215e+02 3.579602e+02 3.726449e+02 3.531018e+02
21t 2.896570e+04 2.940166e+04 2.813355e+04 3.357106e+04 2.837380e+04
22t 2.928722e+04 2.847485e+04 2.873329e+04 3.445748e+04 2.893317e+04
23t 5.136654e+01 5.368870e+01 5.911443e+01 4.895693e+01 5.914224e+01
24t 7.241234e-01 7.064806e-01 7.072341e-01 3.202137e+00 6.960968e-01
25t 6.671217e-01 7.857494e-01 5.959378e-01 5.225709e-01 7.224118e-01
26t 2.530310e-01 2.871241e-01 2.820937e-01 2.487010e-01 2.767122e-01
27t 7.666530e+01 1.157336e+02 6.723232e+01 7.478123e+01 1.007896e+02
28t 2.341944e+02 2.027512e+02 2.142152e+02 2.519030e+02 2.433787e+02
29t 3.458895e+02 3.348098e+02 3.646714e+02 3.723101e+02 3.099693e+02
30t 1.093060e+01 8.228250e+00 1.292016e+01 1.267846e+01 1.144539e+01
31t 2.112053e+02 2.550059e+02 1.603764e+02 1.454290e+02 2.042768e+02
32t 3.297840e+02 3.585024e+02 5.185910e+02 3.296002e+02 2.726477e+02
33t 1.260505e+02 1.236609e+02 1.225325e+02 1.222528e+02 1.176100e+02
34t 2.617959e+01 2.258995e+01 2.483179e+01 2.716347e+01 2.366609e+01
35t 1.299369e+04 1.351353e+04 1.328361e+04 1.276631e+04 1.284976e+04
36t 2.054202e+05 1.692780e+05 1.703635e+05 1.430401e+05 1.769734e+05
37t 5.790415e+01 5.558927e+01 5.770102e+01 6.349566e+01 5.407458e+01
38t 1.458844e+05 3.016181e+05 1.960091e+05 1.554841e+05 1.470675e+05
39t 5.436392e+00 6.739393e+00 5.669507e+00 5.541082e+00 6.267027e+00
40t 5.782033e+01 8.075295e+01 1.619658e+02 1.371750e+02 1.027715e+02
41t 4.642917e+02 6.326390e+02 3.625308e+02 4.541840e+02 4.476260e+02
42t 4.274174e+02 3.647688e+02 3.723467e+02 3.306056e+02 4.278254e+02
43t 4.348305e+02 4.305453e+02 4.096022e+02 3.546385e+02 4.368743e+02
44t 9.416270e+02 9.947168e+02 9.304166e+02 9.414946e+02 9.334682e+02
45t 9.413766e+02 9.339328e+02 9.363264e+02 9.807480e+02 9.334506e+02
46t 9.246613e+02 9.339842e+02 9.309543e+02 9.897054e+02 9.279208e+02
47t 5.345791e+02 5.321713e+02 5.323900e+02 5.511542e+02 5.326839e+02
48t 1.014792e+03 1.096630e+03 1.016331e+03 9.892683e+02 1.063076e+03
49t 5.593767e+02 1.194863e+03 5.511408e+02 5.619394e+02 5.541304e+02
50t 1.291596e+03 1.281465e+03 1.347493e+03 1.344531e+03 1.332117e+03
              76           77           78           79           80
1t  1.677645e+00 1.376940e+00 1.782470e+00 7.380980e-01 1.330336e+00
2t  5.618160e+06 9.305874e+06 1.097724e+07 3.264756e+06 7.456968e+06
3t  2.573922e+06 1.927223e+06 2.234479e+06 1.122564e+06 1.647293e+06
4t  1.043163e+05 9.516522e+04 1.237971e+05 1.061958e+05 1.356609e+05
5t  1.768802e+01 4.238205e+01 1.557764e+01 3.772161e+01 4.185179e+01
6t  1.744098e+02 5.097222e+01 5.363631e+02 4.967705e+00 5.527325e+02
7t  3.357312e+03 9.375721e+03 4.232432e+03 1.653203e+04 7.788283e+03
8t  6.228298e+00 6.129776e+00 7.669656e+00 5.170167e+00 6.068904e+00
9t  2.728368e+02 2.985122e+02 1.783634e+02 2.937668e+02 2.963511e+02
10t 3.002735e+01 2.769879e+01 3.249143e+01 2.445629e+01 2.663963e+01
11t 2.059353e+02 2.791865e+02 2.399208e+02 2.984498e+02 2.997215e+02
12t 2.529253e+02 2.581934e+02 2.651990e+02 1.570588e+04 1.466292e+04
13t 1.642205e+00 1.963655e+01 1.786538e+00 1.926468e+01 2.006117e+01
14t 2.108439e+01 2.098414e+01 2.118033e+01 2.089474e+01 2.118204e+01
15t 2.620854e+02 1.903731e+02 7.439800e+02 1.366192e+02 2.144633e+02
16t 4.848284e+01 9.967125e+01 4.922341e+01 4.834626e+01 4.902245e+01
17t 1.356349e-01 3.015566e+00 1.082005e+00 5.374579e+00 5.496997e-02
18t 9.907981e-01 9.702752e-01 9.929493e-01 8.094349e-01 9.173202e-01
19t 4.458744e+02 5.412626e+02 3.842445e+02 1.437074e+03 8.281922e+02
20t 2.857919e+02 3.274945e+02 2.912112e+02 3.736809e+02 3.904903e+02
21t 2.810645e+04 2.818186e+04 2.743360e+04 2.777593e+04 3.298546e+04
22t 2.886816e+04 2.861139e+04 2.801543e+04 2.915147e+04 3.436690e+04
23t 4.490328e+01 5.310171e+01 4.966894e+01 5.441365e+01 5.452248e+01
24t 8.329450e-01 7.172122e-01 8.867125e-01 7.214264e-01 3.082149e+00
25t 5.394282e-01 5.879190e-01 4.284838e-01 6.038200e-01 6.938663e-01
26t 3.523788e-01 2.763503e-01 3.000222e-01 4.298433e-01 2.578368e-01
27t 7.849986e+01 9.276897e+01 7.290788e+01 9.811778e+01 7.168550e+01
28t 3.250689e+02 1.967101e+02 2.789306e+02 4.350719e+02 2.109321e+02
29t 2.852099e+02 3.634873e+02 2.864912e+02 3.828378e+02 3.881231e+02
30t 1.286445e+01 1.201728e+01 1.157207e+01 1.111931e+01 1.272788e+01
31t 1.666121e+02 1.924830e+02 1.567492e+02 2.699573e+02 1.660541e+02
32t 3.436779e+02 2.816575e+02 3.544536e+02 2.513925e+03 3.517412e+02
33t 1.082451e+02 1.284596e+02 1.057942e+02 1.298518e+02 1.214279e+02
34t 2.625869e+01 2.676285e+01 2.750169e+01 2.952117e+01 2.477099e+01
35t 1.260071e+04 1.297126e+04 1.256945e+04 1.418329e+04 1.283735e+04
36t 2.322167e+05 1.637536e+05 2.058595e+05 1.584039e+05 1.757164e+05
37t 5.931399e+01 5.793016e+01 5.854533e+01 5.794437e+01 6.152213e+01
38t 2.452937e+05 2.210197e+05 2.538520e+05 2.279473e+05 1.594075e+05
39t 5.332410e+00 7.415388e+00 5.304641e+00 6.859570e+00 5.049806e+00
40t 3.236409e+01 4.960305e+01 2.870966e+01 1.355322e+02 1.827727e+02
41t 4.499731e+02 4.486487e+02 4.411888e+02 7.231588e+02 4.492913e+02
42t 3.086838e+02 4.290059e+02 2.796442e+02 5.101963e+02 3.475072e+02
43t 4.247829e+02 4.361021e+02 3.402635e+02 4.300115e+02 3.743141e+02
44t 9.311060e+02 9.348875e+02 9.344004e+02 9.345511e+02 9.510199e+02
45t 9.346405e+02 9.392725e+02 9.318192e+02 1.051133e+03 9.452077e+02
46t 9.336877e+02 9.293120e+02 9.245959e+02 9.341023e+02 9.610475e+02
47t 1.020537e+03 5.453892e+02 1.023575e+03 5.304055e+02 5.323747e+02
48t 9.833160e+02 9.927025e+02 9.663110e+02 1.251410e+03 1.022009e+03
49t 1.022385e+03 5.671991e+02 1.022444e+03 5.480108e+02 5.644599e+02
50t 1.272324e+03 1.295780e+03 1.272370e+03 1.339848e+03 1.375605e+03
# 2025-12-18 12:16:00 -03: Finished testing
