#------------------------------------------------------------------------------
# irace: An implementation in R of (Elitist) Iterated Racing
# Version: 4.2.0.9000.0eef3f1
# Copyright (C) 2010-2025
# Manuel Lopez-Ibanez     <manuel.lopez-ibanez@manchester.ac.uk>
# Jeremie Dubois-Lacoste
# Leslie Perez Caceres    <leslie.perez.caceres@ulb.ac.be>
#
# This is free software, and you are welcome to redistribute it under certain
# conditions.  See the GNU General Public License for details. There is NO
# WARRANTY; not even for MERCHANTABILITY or FITNESS FOR A PARTICULAR PURPOSE.
#
# irace builds upon previous code from the race package:
#     race: Racing methods for the selection of the best
#     Copyright (C) 2003 Mauro Birattari
#------------------------------------------------------------------------------
# installed at: /home/pestobar/R/x86_64-redhat-linux-gnu-library/4.5/irace
# called with: --only-test configurations.txt --scenario scenario.txt
# 2025-12-18 12:16:00 -03: Checking scenario.
# 2025-12-18 12:16:00 -03: Reading parameter file '/home/pestobar/Activities/irace-test-executions/PSO-X/Scenarios/Elites-3/Runs/Elites-3_seed_500057/parameters.txt'.
# 2025-12-18 12:16:00 -03: 2 expression(s) specifying forbidden configurations read.
## irace scenario:
scenarioFile = "/home/pestobar/Activities/irace-test-executions/PSO-X/Scenarios/Elites-3/Runs/Elites-3_seed_500057/scenario.txt"
execDir = "/home/pestobar/Activities/irace-test-executions/PSO-X/Scenarios/Elites-3/Runs/Elites-3_seed_500057/Results"
parameterFile = "/home/pestobar/Activities/irace-test-executions/PSO-X/Scenarios/Elites-3/Runs/Elites-3_seed_500057/parameters.txt"
parameters = <environment>
initConfigurations = NULL
configurationsFile = ""
logFile = "/home/pestobar/Activities/irace-test-executions/PSO-X/Scenarios/Elites-3/Runs/Elites-3_seed_500057/Results/irace.Rdata"
recoveryFile = ""
instances = c("--competition 3 --problem 0 --dimensions 30", "--competition 3 --problem 1 --dimensions 30", "--competition 3 --problem 2 --dimensions 30", "--competition 3 --problem 3 --dimensions 30", "--competition 3 --problem 4 --dimensions 30", "--competition 3 --problem 5 --dimensions 30", "--competition 3 --problem 6 --dimensions 30", "--competition 3 --problem 7 --dimensions 30", "--competition 3 --problem 8 --dimensions 30", "--competition 3 --problem 9 --dimensions 30", "--competition 3 --problem 10 --dimensions 30", "--competition 3 --problem 11 --dimensions 30", "--competition 3 --problem 12 --dimensions 30", "--competition 3 --problem 13 --dimensions 30", "--competition 3 --problem 14 --dimensions 30", "--competition 3 --problem 15 --dimensions 30", "--competition 3 --problem 16 --dimensions 30", "--competition 3 --problem 17 --dimensions 30", "--competition 3 --problem 18 --dimensions 30", "--competition 3 --problem 19 --dimensions 30", "--competition 3 --problem 20 --dimensions 30", "--competition 3 --problem 21 --dimensions 30", "--competition 3 --problem 22 --dimensions 30", "--competition 3 --problem 23 --dimensions 30", "--competition 3 --problem 24 --dimensions 30", "--competition 3 --problem 25 --dimensions 30", "--competition 3 --problem 26 --dimensions 30", "--competition 3 --problem 27 --dimensions 30", "--competition 3 --problem 28 --dimensions 30", "--competition 3 --problem 29 --dimensions 30", "--competition 3 --problem 30 --dimensions 30", "--competition 3 --problem 31 --dimensions 30", "--competition 3 --problem 32 --dimensions 30", "--competition 3 --problem 33 --dimensions 30", "--competition 3 --problem 34 --dimensions 30", "--competition 3 --problem 35 --dimensions 30", "--competition 3 --problem 36 --dimensions 30", "--competition 3 --problem 37 --dimensions 30", "--competition 3 --problem 38 --dimensions 30", "--competition 3 --problem 39 --dimensions 30", "--competition 3 --problem 40 --dimensions 30", "--competition 3 --problem 41 --dimensions 30", "--competition 3 --problem 42 --dimensions 30", "--competition 3 --problem 43 --dimensions 30", "--competition 3 --problem 44 --dimensions 30", "--competition 3 --problem 45 --dimensions 30", "--competition 3 --problem 46 --dimensions 30", "--competition 3 --problem 47 --dimensions 30", "--competition 3 --problem 48 --dimensions 30", "--competition 3 --problem 49 --dimensions 30")
trainInstancesDir = ""
trainInstancesFile = "/home/pestobar/Activities/irace-test-executions/PSO-X/Instances/train_MIXTURE.txt"
sampleInstances = TRUE
testInstancesDir = ""
testInstancesFile = "/home/pestobar/Activities/irace-test-executions/PSO-X/TestingInstances/test_MIXTURE.txt"
testInstances = c("1t" = "--competition 3 --problem 0 --dimensions 50", "2t" = "--competition 3 --problem 1 --dimensions 50", "3t" = "--competition 3 --problem 2 --dimensions 50", "4t" = "--competition 3 --problem 3 --dimensions 50", "5t" = "--competition 3 --problem 4 --dimensions 50", "6t" = "--competition 3 --problem 5 --dimensions 50", "7t" = "--competition 3 --problem 6 --dimensions 50", "8t" = "--competition 3 --problem 7 --dimensions 50", "9t" = "--competition 3 --problem 8 --dimensions 50", "10t" = "--competition 3 --problem 9 --dimensions 50", "11t" = "--competition 3 --problem 10 --dimensions 50", "12t" = "--competition 3 --problem 11 --dimensions 50", "13t" = "--competition 3 --problem 12 --dimensions 50", "14t" = "--competition 3 --problem 13 --dimensions 50", "15t" = "--competition 3 --problem 14 --dimensions 50", "16t" = "--competition 3 --problem 15 --dimensions 50", "17t" = "--competition 3 --problem 16 --dimensions 50", "18t" = "--competition 3 --problem 17 --dimensions 50", "19t" = "--competition 3 --problem 18 --dimensions 50", "20t" = "--competition 3 --problem 19 --dimensions 50", "21t" = "--competition 3 --problem 20 --dimensions 50", "22t" = "--competition 3 --problem 21 --dimensions 50", "23t" = "--competition 3 --problem 22 --dimensions 50", "24t" = "--competition 3 --problem 23 --dimensions 50", "25t" = "--competition 3 --problem 24 --dimensions 50", "26t" = "--competition 3 --problem 25 --dimensions 50", "27t" = "--competition 3 --problem 26 --dimensions 50", "28t" = "--competition 3 --problem 27 --dimensions 50", "29t" = "--competition 3 --problem 28 --dimensions 50", "30t" = "--competition 3 --problem 29 --dimensions 50", "31t" = "--competition 3 --problem 30 --dimensions 50", "32t" = "--competition 3 --problem 31 --dimensions 50", "33t" = "--competition 3 --problem 32 --dimensions 50", "34t" = "--competition 3 --problem 33 --dimensions 50", "35t" = "--competition 3 --problem 34 --dimensions 50", "36t" = "--competition 3 --problem 35 --dimensions 50", "37t" = "--competition 3 --problem 36 --dimensions 50", "38t" = "--competition 3 --problem 37 --dimensions 50", "39t" = "--competition 3 --problem 38 --dimensions 50", "40t" = "--competition 3 --problem 39 --dimensions 50", "41t" = "--competition 3 --problem 40 --dimensions 50", "42t" = "--competition 3 --problem 41 --dimensions 50", "43t" = "--competition 3 --problem 42 --dimensions 50", "44t" = "--competition 3 --problem 43 --dimensions 50", "45t" = "--competition 3 --problem 44 --dimensions 50", "46t" = "--competition 3 --problem 45 --dimensions 50", "47t" = "--competition 3 --problem 46 --dimensions 50", "48t" = "--competition 3 --problem 47 --dimensions 50", "49t" = "--competition 3 --problem 48 --dimensions 50", "50t" = "--competition 3 --problem 49 --dimensions 50")
testNbElites = 1L
testIterationElites = FALSE
testType = "friedman"
firstTest = 5L
blockSize = 1L
eachTest = 1L
targetRunner = "/home/pestobar/Activities/irace-test-executions/PSO-X/Scenarios/Elites-3/Runs/Elites-3_seed_500057/target-runner"
targetRunnerLauncher = ""
targetCmdline = "{configurationID} {instanceID} {seed} {instance} {bound} {targetRunnerArgs}"
targetRunnerRetries = 0L
targetRunnerTimeout = 0L
targetRunnerData = ""
targetRunnerParallel = NULL
targetEvaluator = NULL
deterministic = FALSE
maxExperiments = 5500L
minExperiments = NA_character_
maxTime = 0L
budgetEstimation = 0.05
minMeasurableTime = 0.01
parallel = 10L
loadBalancing = TRUE
mpi = FALSE
batchmode = "0"
quiet = FALSE
debugLevel = 0L
seed = 500057L
softRestart = TRUE
softRestartThreshold = 1e-04
elitist = TRUE
elitistNewInstances = 1L
elitistLimit = 2L
repairConfiguration = NULL
capping = FALSE
cappingAfterFirstTest = FALSE
cappingType = "median"
boundType = "candidate"
boundMax = NULL
boundDigits = 0L
boundPar = 1L
boundAsTimeout = TRUE
postselection = TRUE
aclib = FALSE
nbIterations = 0L
nbExperimentsPerIteration = 0L
minNbSurvival = 0L
nbConfigurations = 0L
mu = 5L
confidence = 0.95
## end of irace scenario
# 2025-12-18 12:16:00 -03: Read 80 configuration(s) from file 'configurations.txt'
# 2025-12-18 12:16:00 -03: Testing configurations (in the order given as input): 
   particles topology modInfluence branching tSchedule phi1 phi2 inertia
1         21        4            0        NA        NA 1.89 2.36    0.38
2        134        4            0        NA        NA 2.09 2.30    0.53
3          9        1            0        NA        NA 1.54 2.48    0.26
4        142        4            0        NA        NA 1.27 2.48    0.50
5         67        4            0        NA        NA 1.58 2.49    0.41
6         66        1            1        NA        NA 2.05 1.48    0.59
7         90        4            0        NA        NA 1.94 2.40    0.65
8        162        4            2        NA        NA 0.44 2.37    0.81
9         85        4            0        NA        NA 2.15 2.28    0.55
10        45        4            0        NA        NA 1.79 2.42    0.50
11        82        4            0        NA        NA 1.24 2.44    0.35
12       106        4            0        NA        NA 1.91 2.36    0.46
13        77        4            0        NA        NA 1.28 2.47    0.42
14        57        4            0        NA        NA 0.59 2.22    0.56
15        20        0            1        NA        NA 2.46 2.08    0.31
16       108        4            0        NA        NA 2.14 2.28    0.67
17       142        4            0        NA        NA 2.03 2.45    0.37
18       101        4            0        NA        NA 2.28 2.16    0.50
19         6        5            0        NA         6 2.43 2.33    0.21
20        18        0            1        NA        NA 1.86 2.30    0.24
21       149        4            0        NA        NA 1.24 2.43    0.40
22        77        4            0        NA        NA 2.05 2.34    0.44
23        20        0            1        NA        NA 1.84 2.22    0.29
24       144        4            0        NA        NA 1.96 2.47    0.60
25        93        4            0        NA        NA 1.42 2.44    0.49
26        50        1            1        NA        NA 2.16 1.78    0.58
27        67        4            0        NA        NA 2.44 2.38    0.56
28        75        4            0        NA        NA 1.87 2.34    0.55
29       165        4            0        NA        NA 2.45 2.44    0.37
30        68        4            0        NA        NA 1.89 2.34    0.69
31        92        4            0        NA        NA 1.30 2.43    0.41
32        16        4            0        NA        NA 1.09 2.06    0.33
33        80        4            0        NA        NA 1.65 2.50    0.27
34        11        4            0        NA        NA 1.41 2.38    0.48
35        37        1            1        NA        NA 2.40 1.94    0.24
36       134        4            0        NA        NA 2.01 2.42    0.53
37       102        4            0        NA        NA 2.17 2.48    0.43
38       110        4            0        NA        NA 2.13 2.41    0.56
39       179        5            0        NA         6 0.86 2.44    0.29
40        21        0            1        NA        NA 2.25 2.32    0.22
41        38        4            0        NA        NA 2.21 1.60    0.53
42       150        4            0        NA        NA 1.95 2.33    0.58
43         4        4            2        NA        NA 1.77 2.47    0.41
44       105        4            0        NA        NA 0.43 2.38    0.25
45        75        4            0        NA        NA 2.17 2.11    0.61
46       115        1            1        NA        NA 2.36 2.43    0.66
47       115        4            0        NA        NA 2.26 2.13    0.74
48        83        4            0        NA        NA 2.38 2.39    0.11
49        38        4            0        NA        NA 2.46 1.83    0.67
50        83        4            0        NA        NA 1.42 2.41    0.70
51        79        4            0        NA        NA 1.02 2.39    0.45
52        83        4            0        NA        NA 2.35 2.47    0.44
53        25        1            0        NA        NA 1.69 2.28    0.33
54        89        4            2        NA        NA 2.41 2.46    0.72
55        25        1            2        NA        NA 2.11 2.38    0.30
56       103        4            0        NA        NA 0.96 2.24    0.45
57        84        4            0        NA        NA 2.11 2.48    0.32
58       103        4            0        NA        NA 0.50 2.49    0.48
59        28        0            0        NA        NA 1.99 1.81    0.13
60        22        1            1        NA        NA 2.31 2.37    0.25
61        48        1            0        NA        NA 1.53 2.12    0.18
62        85        4            0        NA        NA 2.11 2.33    0.54
63       104        4            0        NA        NA 2.27 2.39    0.41
64       107        4            0        NA        NA 0.30 2.33    0.20
65       129        4            0        NA        NA 1.28 2.45    0.40
66        68        1            2        NA        NA 0.38 2.48    0.53
67        62        1            0        NA        NA 1.72 2.22    0.69
68        69        4            2        NA        NA 0.21 2.15    0.81
69        98        0            0        NA        NA 1.95 2.00    0.67
70       117        4            0        NA        NA 1.52 2.26    0.52
71        68        4            0        NA        NA 0.99 2.49    0.28
72        34        4            0        NA        NA 2.31 2.40    0.33
73       107        4            0        NA        NA 2.02 2.32    0.19
74       163        4            2        NA        NA 1.30 2.44    0.68
75        84        4            0        NA        NA 1.29 2.49    0.24
76        90        4            0        NA        NA 1.66 2.30    0.57
77        84        4            0        NA        NA 0.78 2.24    0.29
78       135        4            0        NA        NA 1.32 2.29    0.57
79       102        0            0        NA        NA 1.96 2.40    0.23
80       200        4            2        NA        NA 2.48 2.31    0.64
# 2025-12-18 14:33:29 -03: Testing results (column number is configuration ID in no particular order):
         seeds            1            2            3            4            5
1t   380953398 9.597237e-01 1.253286e+00 8.669264e-01 1.634901e+00 1.121803e+00
2t   916786518 3.699151e+06 2.617382e+07 3.173262e+06 1.343381e+07 5.887654e+06
3t   641147732 1.472830e+06 2.431377e+06 1.283637e+06 2.696120e+06 1.660348e+06
4t   274048999 8.619304e+04 1.436851e+05 4.877846e+04 1.386477e+05 1.341257e+05
5t  1794200617 1.226533e+01 1.883811e+01 1.866905e+01 1.982746e+01 3.629599e+01
6t  1261306239 3.664733e+00 5.079816e+02 4.264761e+00 7.344314e+02 6.139436e+01
7t  1438563151 4.800976e+03 4.608037e+03 2.737348e+03 4.414271e+03 3.865352e+03
8t   784815590 4.986100e+00 6.660965e+00 5.081174e+00 6.736335e+00 5.871539e+00
9t  2051759729 3.230993e+02 2.570355e+02 3.407289e+02 2.408155e+02 2.674648e+02
10t  797469055 2.277716e+01 2.733923e+01 2.428781e+01 3.037146e+01 2.824195e+01
11t 1166726536 3.139695e+02 2.754322e+02 3.656975e+02 1.936072e+02 3.002698e+02
12t 1687925556 7.800137e+03 3.805521e+02 6.899958e+03 4.356033e+02 2.925498e+02
13t 1000963108 2.017482e+01 1.547971e+00 2.018495e+01 1.757271e+00 1.370814e+00
14t 2031868533 2.106988e+01 2.111562e+01 2.120508e+01 2.102556e+01 2.092961e+01
15t 1637075455 1.508872e+02 4.397001e+03 1.396243e+02 3.653894e+02 1.036751e+03
16t 1213131655 4.719969e+01 4.848128e+01 4.708312e+01 4.859018e+01 4.871661e+01
17t  707916629 2.344842e-01 9.071766e-01 2.315759e-01 6.673558e-01 9.667153e-01
18t  136278871 8.664387e-01 9.952506e-01 7.749816e-01 1.002861e+00 9.013591e-01
19t 1996458729 5.664442e+02 4.675474e+02 7.979648e+02 4.287479e+02 4.153593e+02
20t 1119910073 4.027122e+02 2.623159e+02 5.827892e+02 2.775208e+02 3.473036e+02
21t 1592339660 2.916196e+04 2.790447e+04 2.919566e+04 2.886103e+04 2.897524e+04
22t 1432959449 2.929093e+04 2.839329e+04 2.886125e+04 2.839347e+04 2.871879e+04
23t 1246668687 5.999448e+01 4.275558e+01 7.118418e+01 3.759598e+01 5.531349e+01
24t 2143668334 7.797266e-01 6.549471e-01 1.150064e+00 9.030959e-01 6.280504e-01
25t  329707315 4.741565e-01 5.547619e-01 6.473312e-01 5.905346e-01 7.117692e-01
26t 1293133189 3.065632e-01 3.387090e-01 2.665060e-01 3.418570e-01 3.434394e-01
27t 1414486525 1.082199e+02 6.577840e+01 1.335364e+02 5.220290e+01 8.697161e+01
28t 2108133112 2.441006e+02 2.274645e+02 2.172012e+02 2.184968e+02 2.289783e+02
29t 1194586278 2.797843e+02 3.147456e+02 4.743313e+02 3.022843e+02 3.230342e+02
30t 1015321209 1.281521e+01 1.169506e+01 1.222480e+01 1.212678e+01 1.037243e+01
31t 1063491594 2.156109e+02 1.619877e+02 2.082022e+02 1.502814e+02 1.798312e+02
32t  223282552 3.803999e+02 3.007122e+02 5.661630e+02 2.948938e+02 3.109774e+02
33t  480952508 1.196004e+02 9.335839e+01 1.517431e+02 9.270132e+01 8.564331e+01
34t 2097209195 3.918223e+01 2.656057e+01 3.950326e+01 2.806467e+01 2.575722e+01
35t  543492512 1.318299e+04 1.288399e+04 1.312142e+04 1.273337e+04 1.280193e+04
36t 1124278854 1.873100e+05 1.801614e+05 2.308620e+05 2.088246e+05 1.639082e+05
37t 1173199071 5.703591e+01 5.920839e+01 5.795520e+01 6.009924e+01 5.659982e+01
38t 1866702258 4.889070e+05 3.144534e+05 3.067710e+05 2.811608e+05 2.609579e+05
39t  490576492 5.787697e+00 6.355523e+00 5.534553e+00 5.304531e+00 5.449297e+00
40t 1965226716 5.487580e+01 6.001269e+01 6.322755e+01 2.638361e+01 7.055430e+01
41t  181310459 6.604180e+02 3.928017e+02 6.990264e+02 4.501460e+02 4.923868e+02
42t  924173324 4.278523e+02 2.931415e+02 5.247244e+02 3.076792e+02 3.051143e+02
43t  722997378 4.316634e+02 3.564521e+02 4.314955e+02 3.590093e+02 3.297890e+02
44t   29035360 9.383419e+02 9.375165e+02 9.317395e+02 9.325648e+02 9.293054e+02
45t 1157652606 9.229951e+02 9.393431e+02 9.278748e+02 9.268611e+02 9.362846e+02
46t  848258126 9.391113e+02 9.349245e+02 9.358641e+02 9.256582e+02 9.304629e+02
47t 1336648177 1.192776e+03 1.022027e+03 1.198133e+03 1.026860e+03 5.336085e+02
48t  284209792 1.067178e+03 9.284326e+02 1.096033e+03 9.628490e+02 9.833721e+02
49t  293450021 5.515531e+02 1.019827e+03 1.194200e+03 1.023566e+03 5.644523e+02
50t  816856340 9.425650e+02 9.717594e+02 1.162439e+03 9.255855e+02 1.094101e+03
               6            7            8            9           10
1t  1.302027e+00 2.063782e+00 3.164144e+00 1.483704e+00 1.164425e+00
2t  6.235494e+06 2.500261e+07 6.994617e+06 9.155066e+06 5.933259e+06
3t  1.716945e+06 2.866648e+06 4.501284e+06 1.776789e+06 1.949496e+06
4t  1.342724e+05 1.224929e+05 1.471656e+05 1.235139e+05 1.004021e+05
5t  5.874910e+01 4.534579e+00 1.369557e+01 9.684914e+00 2.507067e+01
6t  1.599161e+02 2.685592e+02 3.011454e+02 1.244621e+02 1.918083e+01
7t  7.276622e+03 3.116094e+03 2.915208e+03 3.314307e+03 2.353533e+03
8t  6.437645e+00 7.520006e+00 1.004886e+01 6.224973e+00 6.265842e+00
9t  3.487824e+02 2.275913e+02 4.963635e+01 2.481849e+02 2.854196e+02
10t 2.888004e+01 3.379068e+01 3.964766e+01 2.799882e+01 2.802515e+01
11t 3.738760e+02 2.167513e+02 4.474449e+01 2.675591e+02 2.791038e+02
12t 2.850453e+04 2.387844e+02 1.222643e+03 2.936142e+02 7.089291e+03
13t 2.053935e+01 1.880621e+00 2.078062e+00 1.527421e+00 1.478802e+00
14t 2.116965e+01 2.116308e+01 2.119166e+01 2.092637e+01 2.098363e+01
15t 1.925671e+02 2.848289e+02 4.755145e+02 2.213824e+02 1.840877e+03
16t 4.921630e+01 4.832319e+01 4.884437e+01 4.785153e+01 4.925333e+01
17t 4.783694e+02 1.385564e-01 9.763081e-02 2.244653e-01 3.565179e-01
18t 9.307246e-01 1.017807e+00 1.048199e+00 9.817186e-01 9.394429e-01
19t 1.561248e+03 4.382987e+02 3.725023e+02 4.335096e+02 5.074682e+02
20t 6.213516e+02 2.485168e+02 2.185059e+02 2.798687e+02 3.463977e+02
21t 3.543206e+04 2.826382e+04 2.901847e+04 2.733047e+04 2.766529e+04
22t 3.574457e+04 2.839891e+04 3.327148e+04 2.849939e+04 2.821464e+04
23t 6.887293e+01 4.177900e+01 3.690175e+01 5.384070e+01 5.646103e+01
24t 2.177734e+00 6.167152e-01 3.711467e+00 8.340252e-01 2.926752e-01
25t 6.357204e-01 5.655066e-01 4.119972e-01 4.548359e-01 5.976813e-01
26t 2.589483e-01 3.011134e-01 2.835884e-01 3.168661e-01 3.306039e-01
27t 4.113505e+01 7.958947e+01 6.285771e+01 8.801166e+01 1.287619e+02
28t 1.650005e+02 2.795786e+02 3.602116e+02 2.218299e+02 2.635933e+02
29t 4.595347e+02 2.573716e+02 2.990126e+02 3.029593e+02 3.095428e+02
30t 1.872157e+01 1.291053e+01 1.498841e+01 1.119872e+01 1.169884e+01
31t 9.707791e+01 1.204086e+02 1.178434e+02 1.700387e+02 1.907858e+02
32t 3.927991e+02 3.432895e+02 3.138601e+02 2.686355e+02 3.213521e+02
33t 1.279510e+02 9.967459e+01 1.089585e+02 9.799361e+01 9.872748e+01
34t 2.649611e+01 2.904663e+01 3.071861e+01 2.727262e+01 2.571785e+01
35t 1.398696e+04 1.262845e+04 1.246555e+04 1.255481e+04 1.326015e+04
36t 1.820400e+05 2.711706e+05 4.439593e+05 2.464842e+05 2.348962e+05
37t 6.322086e+01 5.760942e+01 5.902563e+01 6.150759e+01 5.803933e+01
38t 1.575470e+05 3.636464e+05 1.809005e+05 3.532827e+05 2.139175e+05
39t 5.254866e+00 5.720928e+00 6.175311e+00 5.789384e+00 6.205966e+00
40t 8.373196e+02 4.038905e+01 2.437388e+01 6.284909e+01 7.403644e+01
41t 4.489201e+02 4.523892e+02 4.571402e+02 4.495984e+02 4.931320e+02
42t 3.342088e+02 2.955649e+02 2.614762e+02 3.355009e+02 4.286555e+02
43t 4.187943e+02 3.088925e+02 3.334749e+02 3.324519e+02 4.355174e+02
44t 9.500566e+02 9.243400e+02 9.312111e+02 9.226007e+02 9.340187e+02
45t 9.481562e+02 9.234457e+02 9.325231e+02 9.307688e+02 9.339886e+02
46t 9.464579e+02 9.212608e+02 9.333809e+02 9.375632e+02 9.243224e+02
47t 5.513692e+02 1.022428e+03 6.048969e+02 1.020806e+03 5.385850e+02
48t 1.159434e+03 9.412049e+02 9.426567e+02 9.233336e+02 1.014243e+03
49t 1.206544e+03 1.020284e+03 6.242785e+02 1.022093e+03 5.661877e+02
50t 1.256811e+03 9.094429e+02 4.133754e+02 9.246472e+02 9.478117e+02
              11           12           13           14           15
1t  1.035014e+00 1.170103e+00 1.261374e+00 2.069328e+00 6.203335e-01
2t  1.039674e+07 8.660278e+06 7.280460e+06 6.050730e+06 2.376325e+06
3t  1.708440e+06 1.896776e+06 1.911748e+06 3.281213e+06 9.626273e+05
4t  1.198737e+05 1.307651e+05 1.196990e+05 9.715204e+04 1.675564e+05
5t  3.763965e+01 1.953850e+01 3.776040e+01 2.087940e+01 3.943414e+01
6t  8.874947e+01 2.398096e+02 7.579586e+01 2.289067e+01 3.279555e+00
7t  3.977598e+03 3.982210e+03 4.715661e+03 2.233143e+03 2.009283e+04
8t  5.699724e+00 5.539213e+00 6.031405e+00 7.846091e+00 2.006767e+02
9t  2.802559e+02 2.825173e+02 2.610182e+02 2.335829e+02 4.406440e+02
10t 2.731813e+01 2.689254e+01 2.933132e+01 3.361250e+01 1.939703e+01
11t 2.948540e+02 2.927641e+02 2.506476e+02 2.732241e+02 3.423239e+02
12t 1.488720e+04 1.140266e+04 1.454013e+04 1.230685e+03 1.360751e+04
13t 1.411381e+00 1.475081e+00 1.401134e+00 2.016354e+00 1.998648e+01
14t 2.094197e+01 2.096926e+01 2.097897e+01 2.110156e+01 2.104988e+01
15t 1.754316e+02 2.468403e+02 1.875639e+02 2.948918e+02 1.046980e+02
16t 4.683116e+01 4.906367e+01 4.912615e+01 4.905739e+01 4.924136e+01
17t 2.250963e+00 1.086430e+00 1.144541e+00 8.150234e-02 1.638287e+02
18t 9.418728e-01 8.888857e-01 9.320139e-01 1.003452e+00 6.710943e-01
19t 4.686927e+02 3.892640e+02 4.676074e+02 4.420864e+02 5.426507e+03
20t 3.570266e+02 2.779413e+02 3.155225e+02 2.427423e+02 8.870846e+02
21t 2.781404e+04 2.806659e+04 2.799404e+04 2.876075e+04 3.790920e+04
22t 2.960665e+04 2.933134e+04 2.871184e+04 2.752833e+04 3.810709e+04
23t 5.071692e+01 4.756858e+01 5.034279e+01 4.420046e+01 8.495849e+01
24t 8.727889e-01 6.509982e-01 8.134046e-01 5.608710e-01 3.504822e+00
25t 6.380716e-01 3.719391e-01 6.020839e-01 4.275454e-01 6.365347e-01
26t 2.697329e-01 3.090503e-01 2.666495e-01 2.744051e-01 2.706898e-01
27t 9.095257e+01 7.428968e+01 9.142862e+01 1.042734e+02 5.951849e+01
28t 2.337957e+02 2.300030e+02 2.526030e+02 2.928072e+02 1.343796e+02
29t 2.820490e+02 3.069871e+02 2.716995e+02 2.852402e+02 4.442360e+02
30t 1.155757e+01 1.030310e+01 1.760146e+01 1.379322e+01 1.292519e+01
31t 1.908967e+02 1.890414e+02 1.643624e+02 2.156695e+02 9.938836e+01
32t 2.972688e+02 2.891696e+02 2.902963e+02 4.131316e+02 3.721482e+02
33t 1.120434e+02 1.192531e+02 7.923447e+01 9.164249e+01 1.968931e+02
34t 2.443204e+01 2.555170e+01 2.487885e+01 2.666005e+01 2.839114e+01
35t 1.253224e+04 1.250174e+04 1.284873e+04 1.274157e+04 1.813236e+04
36t 1.980377e+05 2.213531e+05 1.847136e+05 2.519988e+05 1.231159e+05
37t 5.619251e+01 5.894967e+01 5.546398e+01 5.679242e+01 6.007437e+01
38t 2.063984e+05 2.145389e+05 3.211251e+05 3.554469e+05 2.230612e+05
39t 5.296120e+00 5.805502e+00 5.580126e+00 5.898206e+00 5.465309e+00
40t 7.129302e+01 4.247555e+01 5.916177e+01 2.228234e+01 7.824616e+02
41t 4.483861e+02 4.491799e+02 4.477879e+02 5.977621e+02 8.366099e+02
42t 3.629418e+02 3.032775e+02 3.451053e+02 2.858110e+02 4.262598e+02
43t 3.207090e+02 4.242382e+02 3.399510e+02 4.406222e+02 4.279767e+02
44t 9.382946e+02 9.326854e+02 9.374217e+02 9.213561e+02 9.257540e+02
45t 9.344580e+02 9.267315e+02 9.221776e+02 9.325385e+02 9.252521e+02
46t 9.307583e+02 9.295798e+02 9.382549e+02 9.310072e+02 9.250208e+02
47t 1.034444e+03 1.027139e+03 1.030552e+03 1.021987e+03 1.255504e+03
48t 1.017560e+03 9.888576e+02 9.480782e+02 9.830005e+02 1.408750e+03
49t 1.034032e+03 5.611959e+02 1.022483e+03 1.020674e+03 1.230304e+03
50t 9.051602e+02 9.530524e+02 1.006758e+03 9.051166e+02 1.328127e+03
              16           17           18           19           20
1t  2.458609e+00 1.131867e+00 1.316201e+00 7.244325e-01 6.072273e-01
2t  2.209344e+07 1.053881e+07 1.367860e+07 3.632703e+06 1.888046e+06
3t  3.528014e+06 1.808727e+06 2.155494e+06 9.874716e+05 9.266098e+05
4t  1.244764e+05 1.523383e+05 1.487700e+05 6.179041e+04 1.903163e+05
5t  3.258378e+00 3.359187e+01 1.769552e+01 1.587051e+01 3.424035e+01
6t  6.131359e+02 5.959869e+02 2.784585e+02 3.236667e+00 3.833989e+00
7t  2.369420e+03 5.018776e+03 2.888685e+03 4.144054e+03 1.762433e+04
8t  7.822696e+00 5.521906e+00 6.412826e+00 4.816899e+00 4.617300e+00
9t  2.489771e+02 2.790665e+02 2.705971e+02 3.885676e+02 4.602033e+02
10t 3.437967e+01 2.798145e+01 2.884289e+01 2.499286e+01 1.766315e+01
11t 2.016090e+02 2.934678e+02 2.613271e+02 3.577926e+02 4.421851e+02
12t 2.808611e+02 9.065804e+03 2.327528e+02 2.319905e+03 1.253467e+04
13t 2.019750e+00 1.548565e+00 1.476080e+00 2.025724e+01 1.997790e+01
14t 2.113338e+01 2.106199e+01 2.104674e+01 2.078790e+01 2.079986e+01
15t 3.338444e+02 2.035839e+02 2.160591e+02 1.312969e+02 1.029869e+02
16t 5.116352e+01 4.868765e+01 4.825292e+01 4.880439e+01 4.918281e+01
17t 7.646448e-01 1.092080e+00 2.321232e-01 5.226168e-02 3.292281e+02
18t 1.029950e+00 9.387304e-01 9.085163e-01 7.646196e-01 6.301454e-01
19t 4.026376e+02 4.380345e+02 4.128155e+02 7.384680e+02 5.045025e+03
20t 2.379536e+02 3.314832e+02 3.206715e+02 7.607942e+02 5.427319e+02
21t 2.663061e+04 2.758920e+04 2.766979e+04 2.984875e+04 3.783404e+04
22t 2.777702e+04 2.819608e+04 2.901636e+04 3.113089e+04 3.845944e+04
23t 4.308203e+01 5.064189e+01 5.126740e+01 7.102395e+01 8.226736e+01
24t 8.528090e-01 7.899674e-01 8.698871e-01 7.866484e-01 6.422587e+00
25t 4.752742e-01 5.389733e-01 5.940661e-01 6.364624e-01 5.628634e-01
26t 3.488310e-01 3.320364e-01 3.717338e-01 3.144630e-01 2.946868e-01
27t 8.939127e+01 7.941549e+01 6.695600e+01 9.293963e+01 5.640876e+01
28t 2.867292e+02 2.302604e+02 2.513605e+02 1.942095e+02 1.409683e+02
29t 3.028590e+02 3.046350e+02 3.245930e+02 4.660146e+02 4.247564e+02
30t 1.165295e+01 9.826106e+00 1.211421e+01 2.244766e+01 1.229169e+01
31t 1.387927e+02 1.298914e+02 1.669473e+02 2.770895e+02 9.897471e+01
32t 3.188956e+02 3.056552e+02 3.338117e+02 6.652432e+02 4.106422e+02
33t 1.008275e+02 1.158067e+02 1.038242e+02 1.797199e+02 1.900966e+02
34t 3.122712e+01 2.306565e+01 2.787441e+01 4.264708e+01 2.223490e+01
35t 1.243437e+04 1.277579e+04 1.264181e+04 1.372270e+04 1.894821e+04
36t 3.193184e+05 1.389497e+05 2.365854e+05 3.642259e+05 1.256116e+05
37t 5.756777e+01 6.146874e+01 5.973967e+01 5.506814e+01 5.399004e+01
38t 2.205150e+05 2.112011e+05 2.511449e+05 3.974145e+05 2.916992e+05
39t 5.931229e+00 5.699086e+00 5.218591e+00 6.410575e+00 5.504516e+00
40t 3.396219e+01 6.978805e+01 6.269512e+01 7.745744e+01 7.199825e+02
41t 4.524570e+02 4.482798e+02 3.912702e+02 7.858864e+02 7.426228e+02
42t 2.869411e+02 3.043722e+02 3.096595e+02 5.238119e+02 4.090576e+02
43t 3.419439e+02 4.434171e+02 3.642177e+02 5.530515e+02 4.908377e+02
44t 9.284538e+02 9.376938e+02 9.287413e+02 9.461655e+02 9.249846e+02
45t 9.311115e+02 9.280221e+02 9.347031e+02 1.002163e+03 9.229707e+02
46t 9.207861e+02 9.246735e+02 9.416685e+02 9.593663e+02 9.205330e+02
47t 1.020018e+03 1.030600e+03 1.020081e+03 8.915566e+02 1.252617e+03
48t 9.255703e+02 9.961580e+02 9.971822e+02 1.096349e+03 1.504975e+03
49t 1.019692e+03 1.028729e+03 1.023830e+03 5.501393e+02 1.220685e+03
50t 8.890777e+02 1.045647e+03 9.533731e+02 1.057217e+03 1.333222e+03
              21           22           23           24           25
1t  1.305861e+00 1.114737e+00 6.232541e-01 2.115004e+00 1.097452e+00
2t  1.458764e+07 6.027686e+06 2.180743e+06 2.007648e+07 1.159602e+07
3t  2.238527e+06 1.943255e+06 8.872716e+05 2.782778e+06 1.866201e+06
4t  1.420009e+05 1.136100e+05 1.795049e+05 1.285440e+05 1.209354e+05
5t  3.078197e+01 4.045053e+01 3.842466e+01 7.658074e+00 2.767898e+01
6t  5.703508e+02 1.158074e+02 3.718255e+00 5.176978e+02 1.947528e+02
7t  5.463648e+03 2.730727e+03 2.465083e+04 2.911277e+03 3.586229e+03
8t  5.974424e+00 5.923865e+00 2.906688e+02 7.235188e+00 5.923837e+00
9t  2.770589e+02 2.701682e+02 4.388336e+02 2.288090e+02 2.613846e+02
10t 2.929429e+01 2.699546e+01 1.927816e+01 3.203744e+01 3.041783e+01
11t 2.065038e+02 2.732315e+02 3.329809e+02 2.379315e+02 2.682709e+02
12t 9.822546e+03 3.073703e+02 1.422527e+04 2.422061e+02 4.148485e+02
13t 1.550739e+00 1.454363e+00 1.999661e+01 1.774808e+00 1.513359e+00
14t 2.092923e+01 2.112456e+01 2.073187e+01 2.108983e+01 2.102087e+01
15t 2.050602e+02 1.711651e+02 1.093174e+02 3.503385e+02 1.957299e+02
16t 1.053160e+02 4.870432e+01 4.921095e+01 4.928400e+01 9.288064e+01
17t 2.012691e+00 8.350782e-01 2.918137e+02 9.471728e-01 1.896571e-01
18t 9.396428e-01 9.225209e-01 6.659433e-01 1.023857e+00 9.454972e-01
19t 4.970040e+02 5.113395e+02 5.122669e+03 4.391125e+02 4.647312e+02
20t 1.952950e+02 3.015599e+02 4.959885e+02 2.369948e+02 3.188776e+02
21t 2.813640e+04 2.781633e+04 3.830012e+04 2.802857e+04 2.864454e+04
22t 2.854443e+04 2.833522e+04 3.846867e+04 2.897314e+04 2.792940e+04
23t 4.892981e+01 4.625097e+01 7.793871e+01 4.241981e+01 5.248807e+01
24t 9.021873e-01 4.959095e-01 5.880053e+00 7.253947e-01 7.892785e-01
25t 5.891622e-01 6.775990e-01 6.252317e-01 4.909277e-01 5.520855e-01
26t 2.912953e-01 2.630916e-01 2.821018e-01 3.470254e-01 3.199174e-01
27t 7.971556e+01 1.006405e+02 5.366544e+01 8.492678e+01 7.957017e+01
28t 2.110064e+02 2.444729e+02 1.341884e+02 1.993061e+02 2.318086e+02
29t 3.231955e+02 3.167790e+02 4.504678e+02 3.049281e+02 2.511723e+02
30t 1.203612e+01 1.336634e+01 1.393295e+01 1.230329e+01 1.310594e+01
31t 1.318804e+02 1.699609e+02 9.782824e+01 1.183391e+02 1.446061e+02
32t 2.646567e+02 3.921129e+02 4.237453e+02 3.677681e+02 3.927212e+02
33t 1.028846e+02 1.072675e+02 1.812945e+02 1.009063e+02 1.056158e+02
34t 2.795334e+01 2.261940e+01 2.539586e+01 3.012758e+01 2.645502e+01
35t 1.251523e+04 1.261489e+04 1.868979e+04 1.263413e+04 1.279955e+04
36t 2.183707e+05 2.034023e+05 1.210394e+05 2.382113e+05 1.976078e+05
37t 5.986485e+01 5.828775e+01 5.366318e+01 5.954554e+01 5.673673e+01
38t 1.737285e+05 2.767626e+05 2.467929e+05 2.806599e+05 2.293958e+05
39t 5.521487e+00 5.836552e+00 5.549655e+00 5.577892e+00 5.645159e+00
40t 4.925928e+01 1.006254e+02 7.844651e+02 2.737476e+01 3.319289e+01
41t 4.488552e+02 4.477035e+02 8.236180e+02 4.496912e+02 4.002642e+02
42t 3.022653e+02 3.058347e+02 4.260492e+02 3.140478e+02 3.107075e+02
43t 4.145683e+02 3.602066e+02 4.274152e+02 3.578702e+02 3.689724e+02
44t 9.316038e+02 9.355124e+02 9.242495e+02 9.246990e+02 9.377759e+02
45t 9.327708e+02 9.252378e+02 9.259422e+02 9.261644e+02 9.305680e+02
46t 9.254355e+02 9.397670e+02 9.247947e+02 9.259986e+02 9.305723e+02
47t 1.029822e+03 1.032685e+03 1.252581e+03 1.021984e+03 1.022453e+03
48t 9.697018e+02 9.898979e+02 1.451185e+03 9.339574e+02 9.945222e+02
49t 5.712990e+02 1.022051e+03 1.253182e+03 1.020802e+03 1.021844e+03
50t 1.093484e+03 9.594785e+02 1.320676e+03 8.980010e+02 9.342727e+02
              26           27           28           29           30
1t  1.053376e+00 1.548098e+00 1.485319e+00 1.213220e+00 2.051717e+00
2t  3.763496e+06 1.066523e+07 1.093593e+07 1.215399e+07 1.659611e+07
3t  1.516671e+06 2.253682e+06 2.188985e+06 2.121297e+06 3.455016e+06
4t  1.388775e+05 1.006215e+05 1.081952e+05 1.497347e+05 9.274018e+04
5t  5.587188e+01 1.542051e+01 1.308676e+01 3.371961e+01 7.201970e+00
6t  5.826341e+01 8.262171e+01 1.295892e+02 5.845981e+02 8.235901e+01
7t  5.991344e+03 4.741003e+03 3.344678e+03 5.675119e+03 2.100117e+03
8t  5.998483e+00 6.374864e+00 6.440132e+00 5.594915e+00 7.915196e+00
9t  3.674030e+02 2.331701e+02 2.323437e+02 2.747491e+02 2.361786e+02
10t 2.728471e+01 3.027147e+01 3.113080e+01 2.850123e+01 3.669337e+01
11t 3.689548e+02 2.473149e+02 2.607213e+02 2.855432e+02 2.177769e+02
12t 2.685445e+04 1.908010e+02 2.173154e+02 1.043593e+04 2.369226e+02
13t 2.035215e+01 1.626532e+00 1.673384e+00 1.432941e+00 2.048160e+00
14t 2.118404e+01 2.119211e+01 2.116675e+01 2.112619e+01 2.104250e+01
15t 1.596838e+02 1.782812e+02 2.142284e+02 1.960668e+02 3.208588e+02
16t 4.926426e+01 4.755268e+01 1.121125e+02 4.885602e+01 4.589313e+01
17t 2.979502e+02 1.597925e-01 2.643476e-01 1.171446e+00 1.232182e-01
18t 9.493100e-01 9.762658e-01 9.721654e-01 9.514318e-01 1.021784e+00
19t 1.549550e+03 4.039619e+02 5.039415e+02 6.021893e+02 3.777704e+02
20t 6.475827e+02 2.301988e+02 2.355878e+02 3.297229e+02 1.447748e+02
21t 3.541394e+04 2.780949e+04 2.733047e+04 2.801469e+04 2.783026e+04
22t 3.550353e+04 2.816270e+04 2.769780e+04 2.833780e+04 2.794884e+04
23t 6.868988e+01 4.451241e+01 5.018171e+01 4.854948e+01 3.702330e+01
24t 3.674739e+00 6.540762e-01 1.001776e+00 8.004263e-01 5.849378e-01
25t 6.421547e-01 5.209122e-01 6.146480e-01 4.497372e-01 4.308910e-01
26t 2.605046e-01 3.386991e-01 3.170860e-01 3.246986e-01 3.348744e-01
27t 4.950800e+01 9.901403e+01 1.053666e+02 5.809039e+01 8.232478e+01
28t 1.827160e+02 2.540596e+02 2.407405e+02 2.256974e+02 2.974652e+02
29t 4.214974e+02 2.773120e+02 2.774580e+02 3.095173e+02 2.499567e+02
30t 1.402077e+01 1.083141e+01 1.277620e+01 1.447147e+01 1.272409e+01
31t 1.106106e+02 1.961787e+02 1.841317e+02 1.490461e+02 1.831001e+02
32t 3.748110e+02 3.296432e+02 3.432687e+02 2.875371e+02 3.079151e+02
33t 1.378943e+02 1.096484e+02 1.060100e+02 9.941988e+01 1.012875e+02
34t 2.759912e+01 2.618497e+01 2.673677e+01 2.407163e+01 2.964061e+01
35t 1.395115e+04 1.252569e+04 1.277707e+04 1.255246e+04 1.289301e+04
36t 1.455928e+05 2.016800e+05 2.386544e+05 1.747210e+05 3.127570e+05
37t 6.278240e+01 6.194773e+01 6.072510e+01 6.089265e+01 5.963956e+01
38t 1.873568e+05 1.988311e+05 3.085885e+05 1.974148e+05 2.567753e+05
39t 5.042848e+00 5.656959e+00 5.718620e+00 6.251102e+00 5.421285e+00
40t 6.443828e+02 5.897201e+01 6.167806e+01 8.783834e+01 2.919164e+01
41t 4.493795e+02 5.043134e+02 4.620079e+02 4.477892e+02 4.147130e+02
42t 3.307835e+02 3.012819e+02 3.610371e+02 3.632070e+02 2.914914e+02
43t 4.186323e+02 3.411499e+02 3.386742e+02 4.251870e+02 3.448313e+02
44t 9.446918e+02 9.304939e+02 9.338401e+02 9.362035e+02 9.308612e+02
45t 9.993972e+02 9.302372e+02 9.321503e+02 9.334554e+02 9.202059e+02
46t 9.480673e+02 9.284742e+02 9.306796e+02 9.363064e+02 9.275608e+02
47t 1.196207e+03 1.021290e+03 1.023718e+03 5.379036e+02 1.019455e+03
48t 1.185531e+03 9.817186e+02 9.309021e+02 9.838728e+02 9.219985e+02
49t 1.204469e+03 5.717300e+02 1.020348e+03 5.577255e+02 5.934198e+02
50t 1.231250e+03 9.114961e+02 9.420640e+02 1.171827e+03 8.940318e+02
              31           32           33           34           35
1t  1.279663e+00 9.593607e-01 9.272776e-01 1.028328e+00 7.642013e-01
2t  7.482367e+06 2.642806e+06 8.776223e+06 2.808186e+06 3.146061e+06
3t  2.089544e+06 1.533289e+06 1.359023e+06 1.533442e+06 1.036996e+06
4t  1.080769e+05 5.837889e+04 1.378151e+05 4.076334e+04 1.422461e+05
5t  3.308375e+01 1.135432e+01 4.497604e+01 4.766622e+00 5.363294e+01
6t  1.103642e+02 5.792344e+00 1.159670e+02 4.009131e+00 2.976189e+01
7t  3.797551e+03 4.637607e+03 5.502098e+03 2.031085e+03 9.541218e+03
8t  6.040343e+00 5.628154e+00 5.405653e+00 5.724611e+00 4.906733e+00
9t  2.733924e+02 3.261770e+02 2.978899e+02 3.141787e+02 4.157595e+02
10t 2.974881e+01 2.744879e+01 2.325339e+01 2.668219e+01 2.284068e+01
11t 3.015770e+02 3.204196e+02 3.030304e+02 3.227027e+02 3.905309e+02
12t 1.293997e+04 7.617925e+03 1.406283e+04 1.587518e+02 2.763899e+04
13t 1.491405e+00 2.016193e+01 1.992568e+01 2.000692e+01 2.070663e+01
14t 2.097412e+01 2.093721e+01 2.097641e+01 2.092311e+01 2.112150e+01
15t 2.103091e+03 1.421998e+02 1.330021e+02 1.642551e+02 1.218143e+02
16t 4.819475e+01 4.711740e+01 4.807270e+01 4.728921e+01 4.922602e+01
17t 9.477087e-01 1.567059e-01 3.930246e+00 5.888223e-02 6.802443e+02
18t 9.569459e-01 8.990280e-01 8.785694e-01 9.304211e-01 7.227755e-01
19t 4.517743e+02 6.577428e+02 5.082070e+02 6.151328e+02 2.331946e+03
20t 3.745001e+02 5.252223e+02 3.390509e+02 4.954783e+02 7.157139e+02
21t 2.868520e+04 2.927290e+04 2.887056e+04 2.899287e+04 3.633891e+04
22t 2.806387e+04 2.949946e+04 2.807208e+04 2.912103e+04 3.600287e+04
23t 5.555861e+01 5.682760e+01 5.496278e+01 5.264777e+01 7.448355e+01
24t 9.348254e-01 8.024526e-01 8.167214e-01 1.256449e+00 3.294874e+00
25t 4.661914e-01 5.913112e-01 5.219496e-01 7.545653e-01 5.923167e-01
26t 3.318251e-01 3.381078e-01 3.104239e-01 8.813726e-01 2.705739e-01
27t 8.277378e+01 1.082651e+02 1.182929e+02 1.021104e+02 4.181772e+01
28t 2.410547e+02 2.844697e+02 2.265408e+02 2.492687e+02 1.466175e+02
29t 3.259011e+02 3.926078e+02 3.201362e+02 3.763621e+02 4.307717e+02
30t 1.047852e+01 1.372610e+01 1.105721e+01 1.228685e+01 2.010449e+01
31t 1.721552e+02 2.454229e+02 1.860980e+02 2.340809e+02 9.722959e+01
32t 4.358132e+02 7.269333e+02 3.183470e+02 3.752507e+02 3.700190e+02
33t 9.686046e+01 1.727136e+02 1.226141e+02 1.641086e+02 1.518991e+02
34t 2.244505e+01 2.990104e+01 2.590459e+01 3.168674e+01 2.318034e+01
35t 1.290231e+04 1.285548e+04 1.291958e+04 1.328670e+04 1.511486e+04
36t 1.960943e+05 2.988452e+05 1.698532e+05 2.871251e+05 1.286110e+05
37t 5.788051e+01 5.583515e+01 5.567038e+01 5.818902e+01 6.587499e+01
38t 1.695413e+05 3.292041e+05 1.875884e+05 3.378216e+05 1.578306e+05
39t 6.298082e+00 5.672479e+00 5.146884e+00 5.932141e+00 4.843293e+00
40t 5.364508e+01 3.841813e+01 1.138634e+02 2.787586e+01 1.364928e+03
41t 4.487781e+02 5.650710e+02 4.453861e+02 7.540390e+02 4.183169e+02
42t 3.404829e+02 4.283081e+02 3.130130e+02 5.262165e+02 4.266211e+02
43t 3.604178e+02 3.813603e+02 3.765859e+02 4.321729e+02 4.512868e+02
44t 9.318073e+02 9.411947e+02 9.311297e+02 9.405006e+02 9.301889e+02
45t 9.331517e+02 9.405961e+02 9.314023e+02 9.223944e+02 9.273729e+02
46t 9.272946e+02 9.390199e+02 9.327309e+02 9.370554e+02 9.235817e+02
47t 5.447259e+02 5.336753e+02 5.334828e+02 5.366203e+02 1.207755e+03
48t 9.670049e+02 1.062534e+03 1.048437e+03 1.035390e+03 1.385059e+03
49t 1.025677e+03 1.199534e+03 5.554724e+02 1.203638e+03 1.212046e+03
50t 9.081599e+02 9.762371e+02 1.049301e+03 9.586281e+02 1.322506e+03
              36           37           38           39           40
1t  1.515798e+00 9.474661e-01 1.345745e+00 8.677889e-01 5.558923e-01
2t  2.033966e+07 1.153363e+07 1.064571e+07 1.303259e+07 2.238894e+06
3t  2.317927e+06 1.839951e+06 2.657461e+06 1.544060e+06 7.632751e+05
4t  1.428745e+05 1.438089e+05 1.384958e+05 1.434906e+05 1.664984e+05
5t  2.682883e+01 2.672186e+01 1.839184e+01 5.482465e+01 3.930732e+01
6t  4.143134e+02 1.698339e+02 2.966236e+02 2.596206e+01 4.206514e+00
7t  4.619797e+03 5.469901e+03 2.845813e+03 1.219773e+04 2.651263e+04
8t  6.208148e+00 5.901877e+00 6.326814e+00 5.512830e+00 4.251828e+00
9t  2.659878e+02 2.627930e+02 2.583013e+02 3.527290e+02 4.399059e+02
10t 3.089532e+01 2.658759e+01 3.164122e+01 2.400608e+01 1.758064e+01
11t 2.021391e+02 2.642302e+02 2.632452e+02 3.119088e+02 4.283185e+02
12t 4.205268e+02 3.771925e+02 2.389805e+02 2.022455e+04 1.418977e+04
13t 1.680401e+00 1.425273e+00 1.711121e+00 1.980326e+01 1.998278e+01
14t 2.105933e+01 2.102817e+01 2.119420e+01 2.094545e+01 2.108512e+01
15t 2.437101e+02 1.586792e+02 2.223167e+02 3.888944e+02 1.106582e+02
16t 4.808333e+01 5.986400e+01 4.911862e+01 8.191021e+01 4.922517e+01
17t 2.241847e-01 2.957062e-01 1.098536e-01 1.227095e+01 3.291809e+02
18t 9.881264e-01 9.049688e-01 9.924658e-01 9.207193e-01 6.329080e-01
19t 4.874974e+02 5.046969e+02 3.826754e+02 6.804449e+02 5.460086e+03
20t 2.919187e+02 2.826227e+02 2.478460e+02 3.110864e+02 5.148087e+02
21t 2.750685e+04 2.727600e+04 2.834105e+04 2.876528e+04 3.853637e+04
22t 2.888270e+04 2.870918e+04 2.843809e+04 3.098833e+04 3.782010e+04
23t 4.945922e+01 5.167849e+01 4.779551e+01 4.955774e+01 8.047689e+01
24t 7.653430e-01 5.192809e-01 8.988279e-01 3.810553e-01 4.385514e+00
25t 4.222098e-01 5.212325e-01 6.054269e-01 6.829507e-01 6.129808e-01
26t 3.234162e-01 3.403285e-01 3.463896e-01 8.281897e-01 2.809419e-01
27t 7.882716e+01 6.960135e+01 6.683054e+01 9.710117e+01 5.225804e+01
28t 2.462512e+02 2.240827e+02 2.655492e+02 2.307491e+02 1.371860e+02
29t 3.024838e+02 2.727560e+02 3.045198e+02 3.695817e+02 3.867105e+02
30t 1.072557e+01 1.321645e+01 1.181287e+01 1.567504e+01 1.545396e+01
31t 1.421195e+02 1.411253e+02 1.617978e+02 1.927251e+02 9.941256e+01
32t 2.862444e+02 4.572424e+02 2.933945e+02 4.446241e+02 3.588161e+02
33t 1.149171e+02 1.073050e+02 9.096339e+01 1.339343e+02 1.687649e+02
34t 2.809486e+01 2.488784e+01 2.502703e+01 3.964630e+01 2.723484e+01
35t 1.246221e+04 1.257159e+04 1.266423e+04 1.308216e+04 1.924801e+04
36t 2.123739e+05 2.269050e+05 2.484858e+05 3.008636e+05 1.325751e+05
37t 5.678188e+01 5.856191e+01 6.077892e+01 6.547983e+01 6.384363e+01
38t 2.730435e+05 2.511910e+05 3.255025e+05 4.084432e+05 2.453252e+05
39t 6.697196e+00 6.456423e+00 5.927558e+00 6.736264e+00 4.559194e+00
40t 4.296344e+01 9.021071e+01 4.311390e+01 9.481119e+01 8.935632e+02
41t 4.065391e+02 4.490366e+02 4.503765e+02 5.383355e+02 6.853025e+02
42t 2.861655e+02 3.653872e+02 3.126791e+02 3.939581e+02 4.259221e+02
43t 3.829470e+02 3.719132e+02 3.206812e+02 4.174998e+02 5.549028e+02
44t 9.212029e+02 9.331177e+02 9.415850e+02 9.929561e+02 9.251729e+02
45t 9.292633e+02 9.309051e+02 9.249510e+02 9.782714e+02 9.239385e+02
46t 9.333970e+02 9.376065e+02 9.324099e+02 9.423047e+02 9.261795e+02
47t 1.022148e+03 5.419054e+02 1.022086e+03 5.398616e+02 1.221574e+03
48t 9.213785e+02 1.006191e+03 9.451736e+02 1.009611e+03 1.445163e+03
49t 1.020681e+03 5.620995e+02 1.020052e+03 5.558640e+02 1.228415e+03
50t 9.226899e+02 9.482788e+02 8.961192e+02 1.038465e+03 1.332026e+03
              41           42           43           44           45
1t  1.424124e+00 1.635753e+00 8.097352e-01 1.225468e+00 1.609167e+00
2t  5.684896e+06 1.953607e+07 2.476678e+06 1.619927e+07 6.913122e+06
3t  1.999649e+06 5.972989e+06 1.122150e+06 2.307219e+06 2.608253e+06
4t  1.086925e+05 1.494064e+05 6.199235e+04 1.000183e+05 1.137694e+05
5t  4.340511e+01 1.887527e+01 1.292824e+01 3.990915e+01 1.384145e+01
6t  3.066386e+01 8.002587e+02 2.166266e+00 1.274746e+02 1.242940e+02
7t  4.238619e+03 3.608838e+03 1.899533e+04 2.966391e+03 3.490056e+03
8t  6.618125e+00 6.715856e+00 4.728260e+00 6.109108e+00 7.280245e+00
9t  3.100919e+02 2.328428e+02 3.671972e+02 2.807133e+02 2.426935e+02
10t 3.189218e+01 3.221285e+01 2.380156e+01 3.051253e+01 3.090389e+01
11t 2.997108e+02 2.155793e+02 3.817481e+02 2.802075e+02 2.610195e+02
12t 1.393138e+04 3.736861e+02 2.020717e+02 2.169132e+04 2.925973e+02
13t 1.873249e+01 1.812205e+00 2.027254e+01 2.004795e+01 1.684807e+00
14t 2.114244e+01 2.105301e+01 2.080562e+01 2.100056e+01 2.114106e+01
15t 1.251242e+03 2.865537e+02 1.326074e+02 3.073421e+02 2.450860e+02
16t 4.824103e+01 4.905316e+01 4.902509e+01 4.925024e+01 4.825709e+01
17t 1.424298e-01 1.132919e+00 2.443760e-02 1.265330e+00 1.897327e-01
18t 9.661241e-01 9.793214e-01 8.231579e-01 9.756648e-01 9.434309e-01
19t 4.845895e+02 4.055089e+02 2.223714e+03 4.471511e+02 4.494179e+02
20t 3.865536e+02 2.638959e+02 7.747411e+02 3.546608e+02 2.463647e+02
21t 2.795158e+04 2.787482e+04 3.064715e+04 2.712012e+04 2.859750e+04
22t 2.851448e+04 2.843056e+04 2.983079e+04 2.779534e+04 2.835903e+04
23t 5.553064e+01 4.362788e+01 7.755867e+01 5.028728e+01 4.749581e+01
24t 8.527112e-01 6.813259e-01 5.229204e+00 6.061900e-01 9.293793e-01
25t 7.132905e-01 4.472161e-01 5.967172e-01 6.847477e-01 5.266403e-01
26t 2.895139e-01 3.007993e-01 3.556658e-01 3.650052e-01 3.608746e-01
27t 1.081480e+02 6.392751e+01 8.692374e+01 7.425045e+01 5.208720e+01
28t 2.790441e+02 2.713686e+02 2.016095e+02 8.773667e+02 2.612097e+02
29t 3.294147e+02 3.113196e+02 5.210245e+02 2.520944e+02 2.876528e+02
30t 1.306498e+01 1.091236e+01 2.103907e+01 1.297804e+01 1.222954e+01
31t 2.122114e+02 1.740052e+02 1.797150e+02 1.896949e+02 1.892425e+02
32t 3.139996e+02 3.401643e+02 1.212816e+03 4.686072e+02 3.277301e+02
33t 1.130443e+02 1.108264e+02 1.995707e+02 1.314040e+02 1.002494e+02
34t 2.697567e+01 2.860807e+01 3.931411e+01 3.044903e+01 2.610820e+01
35t 1.315129e+04 1.260812e+04 1.427768e+04 1.243553e+04 1.253291e+04
36t 2.409815e+05 2.161763e+05 2.058936e+05 1.901436e+05 2.807357e+05
37t 6.157522e+01 6.039784e+01 7.836390e+01 5.488895e+01 6.011439e+01
38t 2.862407e+05 2.582016e+05 4.071649e+05 2.521646e+05 2.615243e+05
39t 7.506427e+00 5.565358e+00 5.776290e+00 5.956564e+00 5.250899e+00
40t 7.630283e+01 4.681756e+01 8.451831e+01 9.168201e+01 4.226236e+01
41t 4.818645e+02 4.511353e+02 7.975760e+02 4.494439e+02 4.514126e+02
42t 4.296474e+02 3.122357e+02 5.239613e+02 2.923830e+02 3.012643e+02
43t 3.573456e+02 3.512581e+02 4.523296e+02 4.393167e+02 3.329066e+02
44t 9.514467e+02 9.240451e+02 1.023880e+03 9.599416e+02 9.282746e+02
45t 9.368305e+02 9.262890e+02 9.337415e+02 9.268888e+02 9.309333e+02
46t 9.254143e+02 9.301786e+02 1.100790e+03 9.322638e+02 9.261061e+02
47t 5.503989e+02 1.024319e+03 5.308039e+02 1.030443e+03 1.023158e+03
48t 1.043783e+03 9.325654e+02 1.207068e+03 1.025883e+03 9.867049e+02
49t 5.687767e+02 1.020374e+03 5.442035e+02 1.025787e+03 1.015985e+03
50t 9.507092e+02 9.171157e+02 1.244632e+03 9.609376e+02 9.036937e+02
              46           47           48           49           50
1t  1.348655e+00 3.643495e+00 7.129570e-01 1.809117e+00 2.626246e+00
2t  7.468036e+06 1.145129e+07 1.161543e+07 5.585933e+06 1.308814e+07
3t  2.285213e+06 6.017484e+06 1.304009e+06 3.086787e+06 3.773788e+06
4t  1.514104e+05 1.225785e+05 1.405959e+05 8.970539e+04 1.192560e+05
5t  5.730888e+01 6.389527e+00 5.146467e+01 1.130030e+01 3.596108e+00
6t  3.525213e+02 5.474741e+02 9.704560e+01 3.694156e+01 1.845341e+02
7t  6.490538e+03 2.716890e+03 4.165523e+03 2.283494e+03 1.974575e+03
8t  6.639966e+00 8.746419e+00 4.885553e+00 7.273518e+00 8.641992e+00
9t  3.377358e+02 2.150859e+02 3.034368e+02 2.759818e+02 1.919449e+02
10t 3.094303e+01 3.559258e+01 2.266388e+01 3.231312e+01 3.608550e+01
11t 3.455296e+02 1.682376e+02 2.991524e+02 2.874565e+02 2.161023e+02
12t 2.820743e+04 2.820792e+02 2.776442e+04 2.151259e+02 2.670025e+02
13t 2.043666e+01 2.207071e+00 1.995198e+01 1.874757e+00 2.093816e+00
14t 2.112384e+01 2.109662e+01 2.087167e+01 2.116619e+01 2.108304e+01
15t 2.076558e+02 6.329719e+02 7.136047e+02 2.610656e+02 3.291514e+02
16t 4.924465e+01 4.928345e+01 1.013161e+02 4.932393e+01 4.978671e+01
17t 9.119597e+01 1.049516e+00 1.345442e+00 1.214627e-01 3.406337e-01
18t 9.406341e-01 1.051935e+00 8.173896e-01 1.017508e+00 1.016910e+00
19t 1.360393e+03 4.258555e+02 5.711229e+02 4.406852e+02 4.002080e+02
20t 5.358132e+02 1.716641e+02 3.403018e+02 2.883866e+02 2.391841e+02
21t 3.427927e+04 2.683350e+04 2.764244e+04 2.801945e+04 2.808389e+04
22t 3.539886e+04 2.851622e+04 2.844381e+04 2.890801e+04 2.872116e+04
23t 5.603928e+01 4.370076e+01 5.848960e+01 4.970661e+01 4.474626e+01
24t 3.102397e+00 8.071723e-01 1.285120e+00 1.025770e+00 7.597752e-01
25t 5.005277e-01 4.402802e-01 6.255608e-01 6.434287e-01 4.471475e-01
26t 2.708391e-01 3.479766e-01 2.988207e-01 3.685631e-01 3.121064e-01
27t 5.469055e+01 7.073071e+01 9.956022e+01 1.229468e+02 6.669982e+01
28t 1.827334e+02 3.494748e+02 1.966232e+02 2.948387e+02 3.441731e+02
29t 4.001874e+02 2.685245e+02 3.525575e+02 2.888568e+02 2.789478e+02
30t 1.351682e+01 1.437454e+01 1.170765e+01 1.483194e+01 1.441617e+01
31t 1.299545e+02 1.500908e+02 1.817691e+02 2.225427e+02 1.575533e+02
32t 2.369261e+02 4.138002e+02 4.486078e+02 4.316041e+02 4.168775e+02
33t 1.288470e+02 1.094944e+02 1.098514e+02 9.367316e+01 1.096359e+02
34t 2.830811e+01 3.279272e+01 1.986554e+01 2.824899e+01 3.237029e+01
35t 1.358016e+04 1.233515e+04 1.352163e+04 1.265562e+04 1.236835e+04
36t 2.426339e+05 3.137428e+05 1.475593e+05 2.590060e+05 2.943586e+05
37t 6.525811e+01 6.127891e+01 5.624430e+01 6.096633e+01 5.970050e+01
38t 1.639730e+05 3.289197e+05 1.695180e+05 2.361105e+05 3.461005e+05
39t 5.465694e+00 5.755942e+00 6.849191e+00 6.166652e+00 6.464569e+00
40t 4.927657e+02 2.220848e+01 2.981314e+02 3.655976e+01 1.491126e+01
41t 4.500308e+02 4.545332e+02 4.476538e+02 4.926807e+02 4.234037e+02
42t 3.590457e+02 2.783549e+02 4.081233e+02 4.318075e+02 2.800164e+02
43t 4.169334e+02 3.095720e+02 4.064571e+02 3.238223e+02 3.119712e+02
44t 9.696262e+02 9.240694e+02 9.335323e+02 9.914835e+02 9.343468e+02
45t 9.877591e+02 9.231406e+02 9.346177e+02 9.358291e+02 9.248094e+02
46t 9.596380e+02 9.221306e+02 9.332837e+02 9.294749e+02 9.288501e+02
47t 5.549183e+02 1.026021e+03 8.930066e+02 5.631369e+02 1.021190e+03
48t 1.138041e+03 9.111624e+02 1.083634e+03 9.524554e+02 9.180546e+02
49t 5.677807e+02 1.021137e+03 5.472547e+02 1.020201e+03 1.023413e+03
50t 1.231089e+03 8.893530e+02 1.079962e+03 8.905032e+02 9.029356e+02
              51           52           53           54           55
1t  1.332339e+00 1.098016e+00 9.817845e-01 1.616301e+00 7.941077e-01
2t  6.329506e+06 1.079710e+07 5.735658e+06 4.675296e+06 2.503905e+06
3t  2.163491e+06 1.592932e+06 1.687405e+06 2.475616e+06 1.253238e+06
4t  1.025276e+05 1.237882e+05 1.043797e+05 1.382408e+05 1.379955e+05
5t  2.774649e+01 2.532911e+01 1.747078e+01 2.833793e+01 5.137556e+01
6t  8.163309e+01 1.308155e+02 9.735016e+00 1.263145e+02 1.241948e+01
7t  2.553150e+03 3.299400e+03 3.596564e+03 4.219932e+03 1.100368e+04
8t  6.510883e+00 5.916132e+00 5.427410e+00 6.958382e+00 4.827817e+00
9t  2.211248e+02 2.781575e+02 3.262533e+02 2.508230e+02 4.101903e+02
10t 2.853404e+01 2.783321e+01 2.485533e+01 3.115888e+01 2.278402e+01
11t 2.453751e+02 2.908908e+02 3.335046e+02 2.423503e+02 3.758103e+02
12t 1.521661e+04 1.112942e+04 5.457917e+03 5.071742e+03 2.229219e+04
13t 1.600345e+00 1.383024e+00 2.001660e+01 1.702811e+00 2.064895e+01
14t 2.105097e+01 2.103703e+01 2.100704e+01 2.117822e+01 2.107397e+01
15t 1.903611e+02 1.690912e+02 1.569445e+02 6.044858e+02 1.217942e+02
16t 4.713854e+01 4.846544e+01 4.773459e+01 4.929928e+01 4.923203e+01
17t 1.350953e-01 4.370365e-01 1.774556e+00 6.457537e-02 5.547484e+02
18t 9.576848e-01 9.157937e-01 9.061449e-01 9.124209e-01 8.001261e-01
19t 5.376364e+02 4.957866e+02 6.062019e+02 5.338627e+02 2.708373e+03
20t 3.534094e+02 2.845401e+02 4.625931e+02 2.686593e+02 7.385003e+02
21t 2.898061e+04 2.850479e+04 2.872531e+04 3.025086e+04 3.584316e+04
22t 2.755567e+04 2.888259e+04 2.893280e+04 3.316643e+04 3.612085e+04
23t 5.376863e+01 4.857303e+01 5.800318e+01 5.538331e+01 7.612343e+01
24t 5.968243e-01 7.950407e-01 7.321165e-01 2.917981e+00 2.655049e+00
25t 6.655830e-01 7.363784e-01 5.917823e-01 6.349901e-01 5.755085e-01
26t 3.058615e-01 3.296446e-01 2.549414e-01 3.289627e-01 2.646891e-01
27t 1.002676e+02 9.396766e+01 8.839770e+01 6.153165e+01 5.788060e+01
28t 2.385247e+02 2.173562e+02 2.473804e+02 2.499797e+02 1.506571e+02
29t 2.696330e+02 3.275525e+02 3.459468e+02 3.542259e+02 4.499213e+02
30t 1.140039e+01 1.032669e+01 1.026960e+01 1.193667e+01 4.642047e+01
31t 2.033535e+02 1.591136e+02 3.104643e+02 1.406722e+02 1.103257e+02
32t 3.052653e+02 3.021087e+02 6.581060e+02 3.010561e+02 4.425498e+02
33t 1.102149e+02 9.666436e+01 1.297669e+02 9.474930e+01 1.754349e+02
34t 2.587407e+01 2.726079e+01 2.696869e+01 2.744714e+01 2.694575e+01
35t 1.250780e+04 1.273010e+04 1.328766e+04 1.289616e+04 1.451068e+04
36t 1.875138e+05 1.670096e+05 2.651179e+05 2.955873e+05 1.249841e+05
37t 5.736602e+01 5.868444e+01 5.579108e+01 5.995829e+01 6.558009e+01
38t 2.943288e+05 2.521048e+05 2.288100e+05 1.870860e+05 2.142185e+05
39t 6.428136e+00 6.090405e+00 6.313920e+00 5.558569e+00 5.755495e+00
40t 3.882971e+01 8.323285e+01 8.077660e+01 7.676388e+01 9.456143e+02
41t 5.160214e+02 4.491880e+02 5.552896e+02 5.834507e+02 4.497032e+02
42t 3.552669e+02 3.329668e+02 4.274180e+02 3.272020e+02 3.789463e+02
43t 3.831783e+02 4.027736e+02 4.314429e+02 3.584060e+02 3.825302e+02
44t 9.405059e+02 9.403254e+02 9.420253e+02 9.338103e+02 9.299144e+02
45t 9.261141e+02 9.439801e+02 9.367352e+02 9.312450e+02 9.287666e+02
46t 9.305569e+02 9.410908e+02 9.371941e+02 9.938118e+02 9.277491e+02
47t 1.031306e+03 5.363162e+02 1.193571e+03 5.577809e+02 1.199191e+03
48t 9.905183e+02 9.879457e+02 1.050676e+03 9.858066e+02 1.322218e+03
49t 1.024637e+03 1.024739e+03 5.535279e+02 9.339919e+02 1.218831e+03
50t 9.247342e+02 9.392809e+02 9.642099e+02 1.155954e+03 1.283220e+03
              56           57           58           59           60
1t  1.524707e+00 9.722017e-01 1.956024e+00 8.158005e-01 6.874803e-01
2t  1.302807e+07 8.146019e+06 7.548949e+06 2.192341e+06 3.193303e+06
3t  2.535927e+06 1.485170e+06 3.090833e+06 1.234123e+06 9.733805e+05
4t  1.175888e+05 1.221453e+05 8.972626e+04 6.926360e+04 1.591705e+05
5t  2.941086e+01 4.642878e+01 2.153389e+01 2.908622e+01 5.101594e+01
6t  2.597173e+02 1.114762e+02 1.556809e+02 2.819331e+00 8.200485e+00
7t  3.671412e+03 4.203108e+03 2.968087e+03 1.580913e+04 1.218126e+04
8t  6.280952e+00 5.286711e+00 7.328212e+00 4.848055e+00 4.793687e+00
9t  2.370403e+02 2.375650e+02 2.403437e+02 3.367001e+02 4.104445e+02
10t 3.013973e+01 2.516889e+01 3.365001e+01 2.593807e+01 1.899377e+01
11t 2.726143e+02 3.165441e+02 2.865120e+02 3.310680e+02 4.311947e+02
12t 8.248494e+03 1.077030e+04 3.207806e+02 7.987536e+03 1.962243e+04
13t 1.697443e+00 1.953746e+01 1.837654e+00 1.988144e+01 2.049324e+01
14t 2.105673e+01 2.105420e+01 2.104289e+01 2.084481e+01 2.117579e+01
15t 3.901524e+02 1.544789e+02 2.567000e+02 1.171223e+02 2.055119e+02
16t 4.937448e+01 1.115549e+02 4.814126e+01 4.851705e+01 4.920528e+01
17t 8.068924e-01 1.886802e+00 3.084609e-01 4.471245e-02 3.673665e+02
18t 9.825122e-01 8.797563e-01 1.019130e+00 7.509260e-01 7.716882e-01
19t 4.990103e+02 4.954061e+02 4.441834e+02 2.100678e+03 2.792231e+03
20t 2.693615e+02 3.416642e+02 2.953632e+02 4.851543e+02 7.122060e+02
21t 2.755166e+04 2.771704e+04 2.775414e+04 2.919921e+04 3.454461e+04
22t 2.860407e+04 2.778447e+04 2.886203e+04 3.048455e+04 3.386488e+04
23t 3.387463e+01 5.919619e+01 4.428971e+01 6.594450e+01 7.540258e+01
24t 7.722007e-01 7.364267e-01 7.642274e-01 1.820396e+00 3.216805e+00
25t 4.468003e-01 5.584654e-01 4.269916e-01 5.360633e-01 5.979242e-01
26t 3.492190e-01 3.064781e-01 3.321155e-01 4.065356e-01 2.763682e-01
27t 8.058863e+01 7.381274e+01 6.564451e+01 1.292080e+02 5.353676e+01
28t 2.629446e+02 2.003321e+02 2.927650e+02 2.206923e+02 1.549666e+02
29t 3.030433e+02 3.276473e+02 3.149202e+02 3.353008e+02 4.193207e+02
30t 1.227597e+01 1.180331e+01 1.327142e+01 1.022685e+01 1.686559e+01
31t 1.808593e+02 1.993580e+02 1.812867e+02 2.774690e+02 1.078234e+02
32t 3.463498e+02 2.845206e+02 3.231980e+02 4.458895e+02 4.114692e+02
33t 1.102303e+02 1.273032e+02 9.049396e+01 1.138016e+02 1.350367e+02
34t 2.574935e+01 2.090746e+01 3.305132e+01 2.421634e+01 2.670241e+01
35t 1.267287e+04 1.264037e+04 1.241422e+04 1.432058e+04 1.489806e+04
36t 1.984784e+05 1.636083e+05 2.524292e+05 1.900845e+05 1.314414e+05
37t 5.772714e+01 5.925874e+01 5.916824e+01 5.573799e+01 6.488805e+01
38t 3.040507e+05 2.994924e+05 2.868844e+05 2.309681e+05 1.845518e+05
39t 5.637990e+00 5.442723e+00 5.751505e+00 6.117525e+00 5.662030e+00
40t 3.854785e+01 1.971511e+02 2.476707e+01 1.204849e+02 8.897668e+02
41t 4.499256e+02 3.726855e+02 4.519640e+02 7.859053e+02 8.967755e+02
42t 3.206089e+02 3.050242e+02 4.318826e+02 5.238961e+02 4.266544e+02
43t 4.408145e+02 4.198182e+02 2.818645e+02 5.337286e+02 4.285545e+02
44t 9.366873e+02 9.365843e+02 9.271251e+02 1.030065e+03 9.280615e+02
45t 9.269984e+02 9.370885e+02 9.235289e+02 1.015282e+03 9.281312e+02
46t 9.332115e+02 9.368082e+02 9.244783e+02 9.406599e+02 9.264821e+02
47t 1.027536e+03 1.031426e+03 1.034400e+03 1.226211e+03 1.218563e+03
48t 9.801624e+02 1.037082e+03 9.748041e+02 1.157030e+03 1.430848e+03
49t 1.019725e+03 5.533455e+02 1.028051e+03 1.208620e+03 1.205906e+03
50t 9.140870e+02 1.041933e+03 9.293594e+02 9.729728e+02 1.283926e+03
              61           62           63           64           65
1t  9.648263e-01 1.485791e+00 1.070400e+00 1.684589e+00 1.223765e+00
2t  7.667823e+06 7.479145e+06 1.805138e+07 1.959293e+07 2.578805e+07
3t  1.832159e+06 1.995481e+06 1.955958e+06 1.655576e+06 2.040947e+06
4t  1.150982e+05 1.020299e+05 1.261939e+05 1.341900e+05 1.296122e+05
5t  4.000917e+01 1.225276e+01 3.562781e+01 4.550560e+01 2.049453e+01
6t  6.737133e+01 1.732791e+02 3.585797e+02 3.859874e+02 4.049175e+02
7t  7.257429e+03 4.231460e+03 4.250433e+03 7.723625e+03 3.377138e+03
8t  5.195375e+00 6.528111e+00 5.635729e+00 6.392980e+00 6.183696e+00
9t  3.166144e+02 2.585828e+02 2.866886e+02 3.134626e+02 2.944710e+02
10t 2.464939e+01 2.860190e+01 2.697278e+01 3.050049e+01 2.949172e+01
11t 3.114287e+02 2.817561e+02 2.910083e+02 2.638524e+02 2.821792e+02
12t 2.400237e+04 1.851112e+02 6.953786e+03 1.503481e+04 1.222950e+04
13t 2.018071e+01 1.586981e+00 1.279278e+00 1.966730e+01 1.485654e+00
14t 2.090329e+01 2.113601e+01 2.102940e+01 2.092512e+01 2.102616e+01
15t 1.911006e+02 4.196134e+02 1.737748e+02 3.500205e+05 3.495048e+02
16t 4.865177e+01 4.809754e+01 4.709727e+01 1.085435e+02 4.885321e+01
17t 4.407013e+01 1.310519e-01 1.503648e-01 3.283356e+00 9.171853e-01
18t 9.036029e-01 9.678531e-01 9.340621e-01 9.935814e-01 9.464877e-01
19t 7.281190e+02 4.055665e+02 5.355869e+02 4.268967e+02 5.044429e+02
20t 4.197346e+02 2.634125e+02 2.309495e+02 3.596261e+02 2.568908e+02
21t 2.798763e+04 2.770378e+04 2.736726e+04 2.769244e+04 2.822933e+04
22t 2.895324e+04 2.854570e+04 2.914178e+04 2.883501e+04 2.844949e+04
23t 6.086279e+01 5.098423e+01 5.030321e+01 4.994909e+01 5.271473e+01
24t 5.087291e-01 5.869323e-01 7.371606e-01 9.321693e-01 6.698340e-01
25t 7.951551e-01 6.284077e-01 5.935363e-01 5.644410e-01 5.890266e-01
26t 3.280804e-01 3.567104e-01 3.273417e-01 3.517929e-01 3.464352e-01
27t 1.183673e+02 7.097624e+01 6.503271e+01 8.985146e+01 9.211767e+01
28t 2.465838e+02 2.385657e+02 2.111051e+02 1.319887e+05 2.478095e+02
29t 3.818484e+02 2.711170e+02 3.188304e+02 2.823356e+02 2.432494e+02
30t 1.276827e+01 1.136918e+01 1.077900e+01 1.338171e+01 1.432981e+01
31t 2.055506e+02 1.957963e+02 1.746578e+02 1.684800e+02 1.715225e+02
32t 3.699136e+03 3.028269e+02 2.855645e+02 3.312824e+02 7.324539e+02
33t 1.477406e+02 1.035907e+02 1.025108e+02 8.509512e+01 1.049393e+02
34t 2.244840e+01 2.469635e+01 2.780984e+01 2.506566e+01 2.620213e+01
35t 1.381215e+04 1.259515e+04 1.257179e+04 1.260134e+04 1.266870e+04
36t 1.928577e+05 1.884235e+05 1.821260e+05 1.766306e+05 2.051793e+05
37t 5.869250e+01 6.050195e+01 5.844243e+01 5.806804e+01 5.741382e+01
38t 2.732054e+05 3.236996e+05 2.199684e+05 2.356712e+05 2.330263e+05
39t 5.293028e+00 5.775287e+00 5.713738e+00 5.773206e+00 5.969679e+00
40t 2.491472e+02 6.081996e+01 9.648887e+01 7.803473e+01 4.988986e+01
41t 4.473596e+02 4.498075e+02 4.479378e+02 4.496403e+02 4.493212e+02
42t 4.275362e+02 3.266054e+02 3.717514e+02 2.815953e+02 2.830316e+02
43t 5.138872e+02 3.395375e+02 4.466237e+02 3.583971e+02 3.721068e+02
44t 9.365647e+02 9.318235e+02 9.406839e+02 9.452529e+02 9.471601e+02
45t 9.323860e+02 9.202683e+02 9.254051e+02 9.366592e+02 9.337913e+02
46t 9.394147e+02 9.370278e+02 9.393445e+02 9.360067e+02 9.328243e+02
47t 5.325737e+02 1.021333e+03 1.021398e+03 1.033734e+03 1.024057e+03
48t 1.087542e+03 9.890529e+02 9.661238e+02 9.979993e+02 9.788094e+02
49t 5.590400e+02 1.020234e+03 1.022767e+03 5.760021e+02 1.026168e+03
50t 1.118171e+03 9.152276e+02 9.842790e+02 9.966703e+02 9.140501e+02
              66           67           68           69           70
1t  1.588594e+00 2.108174e+00 3.233023e+00 1.749907e+00 1.628918e+00
2t  6.149030e+06 3.669549e+07 4.742557e+06 5.381887e+06 1.075675e+07
3t  2.486480e+06 3.844535e+06 4.714820e+06 2.762826e+06 2.642550e+06
4t  1.520082e+05 1.101292e+05 1.251194e+05 8.482685e+04 1.502511e+05
5t  5.543672e+01 7.470682e+00 5.737533e+00 1.568376e+01 1.565383e+01
6t  1.031226e+02 2.026374e+02 6.348074e+01 1.172278e+01 2.761089e+02
7t  6.075251e+03 2.670272e+03 1.535731e+03 5.264398e+03 4.251730e+03
8t  6.928542e+00 8.257999e+00 9.839334e+00 7.449763e+00 6.766787e+00
9t  3.668710e+02 1.916092e+02 1.883918e+02 3.077422e+02 2.503266e+02
10t 2.948831e+01 3.579445e+01 3.777831e+01 3.272784e+01 2.923114e+01
11t 3.638740e+02 2.592812e+02 1.590402e+02 3.246433e+02 2.689479e+02
12t 2.647676e+04 2.948523e+02 5.241651e+02 2.250494e+03 3.660905e+02
13t 2.056338e+01 2.058230e+00 2.456079e+00 2.043885e+01 1.772752e+00
14t 2.109949e+01 2.090903e+01 2.113276e+01 2.104636e+01 2.103295e+01
15t 2.208073e+02 4.497880e+02 4.241284e+02 2.470617e+02 2.127844e+02
16t 4.925201e+01 4.822388e+01 4.913733e+01 1.009990e+02 4.842469e+01
17t 4.707587e+02 1.285863e+00 1.047744e-01 5.327938e-02 9.004043e-01
18t 9.626553e-01 1.045848e+00 1.033318e+00 9.903114e-01 9.648839e-01
19t 1.400771e+03 4.193523e+02 3.644468e+02 5.376174e+02 4.412104e+02
20t 7.482684e+02 2.107921e+02 1.646179e+02 4.185680e+02 2.421837e+02
21t 3.512148e+04 2.823248e+04 3.252378e+04 2.951044e+04 2.832749e+04
22t 3.582414e+04 2.918145e+04 3.365506e+04 2.973842e+04 2.777007e+04
23t 7.040995e+01 4.674218e+01 4.579028e+01 4.724963e+01 4.221247e+01
24t 3.256314e+00 7.154191e-01 3.080321e+00 5.110245e-01 7.794142e-01
25t 6.319842e-01 4.945257e-01 4.501779e-01 6.784433e-01 5.171876e-01
26t 2.662592e-01 3.708496e-01 3.139248e-01 6.606394e-01 3.119188e-01
27t 4.542462e+01 1.055443e+02 7.856683e+01 1.070034e+02 8.901721e+01
28t 1.909821e+02 4.002233e+02 3.756161e+02 3.029318e+02 2.496340e+02
29t 4.177952e+02 2.826313e+02 2.835142e+02 3.196806e+02 3.092873e+02
30t 1.379365e+01 1.365797e+01 1.631067e+01 1.659317e+01 1.409945e+01
31t 1.268206e+02 1.958511e+02 1.549229e+02 2.734326e+02 1.509379e+02
32t 2.733610e+02 3.293075e+02 3.580301e+02 4.057080e+02 3.086255e+02
33t 1.373408e+02 1.116518e+02 8.318924e+01 1.233031e+02 1.023538e+02
34t 2.855230e+01 3.009294e+01 3.364801e+01 3.429765e+01 2.542356e+01
35t 1.340522e+04 1.245174e+04 1.252834e+04 1.271204e+04 1.235834e+04
36t 1.839870e+05 2.332194e+05 3.069915e+05 4.239260e+05 2.370240e+05
37t 6.538514e+01 6.011867e+01 5.739162e+01 6.507022e+01 6.017099e+01
38t 1.613154e+05 2.666004e+05 2.235784e+05 3.247164e+05 2.413189e+05
39t 5.093736e+00 5.648736e+00 6.489338e+00 8.052422e+00 5.844377e+00
40t 5.616838e+02 3.290767e+01 1.846232e+01 2.728504e+01 4.297101e+01
41t 4.505371e+02 4.210640e+02 4.560742e+02 7.711092e+02 4.493466e+02
42t 3.675856e+02 2.935783e+02 2.649333e+02 3.814907e+02 2.993583e+02
43t 3.708967e+02 3.112388e+02 3.771515e+02 4.060120e+02 4.401557e+02
44t 9.528086e+02 9.252435e+02 9.319567e+02 1.006062e+03 9.231182e+02
45t 9.513930e+02 9.224568e+02 9.307152e+02 9.375775e+02 9.301061e+02
46t 9.636056e+02 9.242760e+02 9.259551e+02 9.349941e+02 9.300008e+02
47t 5.718492e+02 1.021831e+03 5.967351e+02 1.023475e+03 1.030051e+03
48t 1.039461e+03 9.321408e+02 9.570631e+02 1.025082e+03 9.492095e+02
49t 5.757293e+02 1.021420e+03 6.184389e+02 1.018976e+03 1.022333e+03
50t 1.204326e+03 9.056262e+02 4.161734e+02 9.174772e+02 9.446204e+02
              71           72           73           74           75
1t  1.095003e+00 9.111806e-01 9.597093e-01 1.562367e+00 1.061250e+00
2t  5.469338e+06 1.954647e+06 1.304299e+07 5.603794e+06 1.101078e+07
3t  1.643192e+06 1.349738e+06 1.482641e+06 2.142944e+06 1.603608e+06
4t  9.946744e+04 1.022268e+05 1.325858e+05 1.522387e+05 1.253896e+05
5t  4.093027e+01 3.586055e+01 5.108496e+01 3.544845e+01 4.616698e+01
6t  5.045638e+01 1.127126e+01 3.373819e+02 2.598812e+02 9.443505e+01
7t  3.064627e+03 5.675971e+03 7.455025e+03 5.359579e+03 3.975100e+03
8t  5.563054e+00 5.221067e+00 5.038435e+00 6.941783e+00 5.346293e+00
9t  2.989993e+02 3.113005e+02 3.030375e+02 2.527788e+02 2.926615e+02
10t 2.534944e+01 2.371752e+01 2.584885e+01 2.977265e+01 2.478439e+01
11t 2.576012e+02 3.177247e+02 3.066629e+02 2.564825e+02 3.010211e+02
12t 1.920799e+04 2.235786e+04 3.018244e+04 9.453036e+03 2.228244e+04
13t 1.933048e+01 2.002471e+01 1.976018e+01 1.666125e+00 1.657359e+01
14t 2.099510e+01 2.097221e+01 2.100610e+01 2.118884e+01 2.088423e+01
15t 1.663071e+02 1.375473e+02 2.994585e+04 2.072110e+02 1.845416e+02
16t 4.854863e+01 4.787415e+01 1.557113e+02 4.893206e+01 4.940685e+01
17t 2.282477e+00 3.354310e-01 6.742253e+00 5.793030e-02 6.805735e+00
18t 9.030985e-01 8.485840e-01 8.948648e-01 9.754342e-01 8.972823e-01
19t 4.421507e+02 5.446479e+02 4.915806e+02 5.642106e+02 4.973373e+02
20t 3.116944e+02 3.907993e+02 3.641560e+02 4.097270e+02 1.970934e+02
21t 2.872430e+04 2.818951e+04 2.837983e+04 3.312076e+04 2.684642e+04
22t 2.757145e+04 2.762315e+04 2.843499e+04 3.504004e+04 2.900592e+04
23t 5.864469e+01 5.816097e+01 5.511185e+01 4.865609e+01 5.523910e+01
24t 1.136778e+00 8.440105e-01 3.744909e-01 3.376451e+00 5.899286e-01
25t 6.509747e-01 7.430691e-01 5.766728e-01 5.472048e-01 6.927344e-01
26t 3.007460e-01 3.251666e-01 3.633491e-01 2.755116e-01 3.243153e-01
27t 1.154730e+02 1.146734e+02 8.891841e+01 7.640894e+01 1.012317e+02
28t 2.593934e+02 2.275737e+02 1.430321e+04 2.658771e+02 2.231738e+02
29t 3.368870e+02 3.125548e+02 3.435325e+02 3.673578e+02 2.726293e+02
30t 9.964208e+00 1.079998e+01 1.515505e+01 1.235926e+01 1.029183e+01
31t 1.783758e+02 2.180133e+02 1.386944e+02 1.395821e+02 1.766504e+02
32t 3.667787e+02 3.428235e+02 3.112089e+02 3.052362e+02 3.200099e+02
33t 1.049210e+02 1.185100e+02 1.193497e+02 1.109602e+02 1.061093e+02
34t 2.181022e+01 2.189750e+01 2.391262e+01 2.834811e+01 2.150626e+01
35t 1.280453e+04 1.348827e+04 1.313368e+04 1.285387e+04 1.284628e+04
36t 1.632549e+05 2.313917e+05 1.846934e+05 2.161966e+05 1.413710e+05
37t 5.611106e+01 5.988224e+01 6.012047e+01 6.169799e+01 5.826974e+01
38t 2.228485e+05 2.047155e+05 2.139336e+05 1.929674e+05 2.683798e+05
39t 5.125821e+00 5.455933e+00 5.911440e+00 5.216004e+00 5.304444e+00
40t 6.979111e+01 8.389091e+01 2.280040e+02 9.032923e+01 8.281987e+01
41t 5.317435e+02 4.631085e+02 4.455514e+02 4.500749e+02 3.791243e+02
42t 2.924250e+02 4.272216e+02 3.728021e+02 3.150832e+02 3.604488e+02
43t 3.691733e+02 4.314562e+02 4.438008e+02 3.539619e+02 4.134593e+02
44t 9.444701e+02 9.390899e+02 9.312971e+02 9.977705e+02 9.469825e+02
45t 9.347492e+02 9.349941e+02 9.322835e+02 9.289720e+02 9.319800e+02
46t 9.361043e+02 9.358064e+02 9.352354e+02 9.308899e+02 9.359911e+02
47t 1.029450e+03 5.352438e+02 5.300602e+02 5.482061e+02 5.353133e+02
48t 1.027577e+03 1.072780e+03 1.028187e+03 1.002634e+03 1.045475e+03
49t 5.573782e+02 1.020649e+03 5.492821e+02 5.733625e+02 1.024408e+03
50t 9.533363e+02 9.662699e+02 1.105933e+03 1.200139e+03 1.056801e+03
              76           77           78           79           80
1t  1.515869e+00 1.150844e+00 1.914485e+00 7.754201e-01 1.349293e+00
2t  1.059332e+07 1.238542e+07 1.125152e+07 1.676149e+06 1.135901e+07
3t  2.449212e+06 1.846755e+06 2.899050e+06 1.235363e+06 1.903402e+06
4t  1.353778e+05 1.259775e+05 1.229231e+05 1.219022e+05 1.584773e+05
5t  1.576064e+01 3.269791e+01 8.745343e+00 4.347330e+01 4.198669e+01
6t  2.803118e+02 7.171612e+01 4.923321e+02 5.549974e+00 4.118091e+02
7t  3.139527e+03 4.276304e+03 3.468591e+03 1.168398e+04 6.924749e+03
8t  6.932006e+00 5.755659e+00 7.265783e+00 5.414321e+00 5.954623e+00
9t  2.883250e+02 2.610579e+02 2.582300e+02 3.345732e+02 2.941659e+02
10t 2.984273e+01 3.035810e+01 3.341920e+01 2.504622e+01 2.815622e+01
11t 2.548622e+02 3.088556e+02 2.440408e+02 3.342126e+02 3.064448e+02
12t 2.401217e+02 1.528003e+04 4.720209e+02 1.531506e+04 7.308099e+03
13t 1.610131e+00 2.002092e+01 1.877560e+00 2.002236e+01 1.953550e+01
14t 2.103067e+01 2.101582e+01 2.105503e+01 2.088151e+01 2.117380e+01
15t 2.602963e+02 4.751292e+02 3.453977e+02 1.190908e+02 1.678318e+02
16t 4.805895e+01 9.502013e+01 5.403403e+01 4.920455e+01 4.915746e+01
17t 1.679813e-01 2.579277e+00 8.391523e-01 8.637270e+00 4.575998e-02
18t 9.942803e-01 9.776831e-01 1.014874e+00 8.181315e-01 9.124459e-01
19t 3.691146e+02 5.031430e+02 3.997235e+02 1.265252e+03 5.379736e+02
20t 2.644303e+02 3.681801e+02 2.638530e+02 4.852842e+02 4.758822e+02
21t 2.806073e+04 2.752691e+04 2.880614e+04 2.793972e+04 3.165768e+04
22t 2.837844e+04 2.885252e+04 2.884072e+04 2.859522e+04 3.427035e+04
23t 5.127002e+01 5.616947e+01 4.645452e+01 5.855470e+01 5.604021e+01
24t 1.244773e+00 7.205884e-01 5.758098e-01 6.490510e-01 3.549635e+00
25t 5.624974e-01 6.477062e-01 4.218921e-01 7.247714e-01 6.015192e-01
26t 3.418627e-01 3.124941e-01 2.627525e-01 7.690026e-01 2.637416e-01
27t 8.617587e+01 9.259152e+01 7.290879e+01 1.474321e+02 5.180148e+01
28t 2.827481e+02 2.600034e+02 5.518536e+02 2.378932e+02 2.323935e+02
29t 2.768867e+02 3.218638e+02 3.155135e+02 3.733468e+02 3.620025e+02
30t 1.239078e+01 1.264864e+01 1.282916e+01 2.768763e+01 1.294079e+01
31t 1.570965e+02 1.864362e+02 1.647209e+02 2.268180e+02 1.386671e+02
32t 2.842498e+02 2.964058e+02 3.494594e+02 3.902292e+02 2.563315e+02
33t 9.837610e+01 1.099244e+02 9.805081e+01 9.961888e+01 1.133424e+02
34t 3.167491e+01 2.609516e+01 2.843304e+01 3.014167e+01 2.455383e+01
35t 1.234387e+04 1.265834e+04 1.251536e+04 1.445648e+04 1.285206e+04
36t 2.541077e+05 1.790457e+05 2.325582e+05 1.916160e+05 1.791948e+05
37t 6.142948e+01 5.652439e+01 5.985770e+01 5.405136e+01 6.241471e+01
38t 3.309382e+05 2.560309e+05 2.774612e+05 2.160375e+05 1.646740e+05
39t 5.468304e+00 5.681408e+00 5.318799e+00 7.675074e+00 5.167692e+00
40t 4.375039e+01 8.104644e+01 3.583734e+01 8.966890e+01 2.065134e+02
41t 4.495534e+02 4.489073e+02 4.520055e+02 6.942483e+02 4.497033e+02
42t 3.043506e+02 3.274982e+02 2.829693e+02 3.715968e+02 3.459929e+02
43t 3.046734e+02 3.775951e+02 3.892182e+02 5.221695e+02 4.480537e+02
44t 9.450295e+02 9.408876e+02 9.301708e+02 1.052549e+03 9.623704e+02
45t 9.211014e+02 9.421609e+02 9.355128e+02 1.013511e+03 9.490884e+02
46t 9.341294e+02 9.386903e+02 9.274661e+02 9.393478e+02 9.566989e+02
47t 1.021657e+03 5.419627e+02 1.022034e+03 5.308113e+02 5.481387e+02
48t 9.524328e+02 1.012635e+03 9.162148e+02 1.237353e+03 1.095372e+03
49t 1.019281e+03 1.026564e+03 1.020160e+03 5.463731e+02 5.734370e+02
50t 9.209233e+02 9.868699e+02 9.123496e+02 1.358428e+03 1.259512e+03
# 2025-12-18 14:33:29 -03: Finished testing
