# 2025-09-19 07:17:11 -03: Reading parameter file '/home/dianag/PruebasPablo/irace-test-executions/ACOTSP-withRanking/Scenarios-2/BH-90/Runs/BH-90_seed_1000193/parameters.txt'.
# 2025-09-19 07:17:11 -03: 1 expression(s) specifying forbidden configurations read.
# 2025-09-19 07:17:11 -03: Initialization
# Elitist race
# Elitist new instances: 1
# Elitist limit: 2
# nbIterations: 5
# minNbSurvival: 5
# nbParameters: 11
# seed: 1000193
# confidence level: 0.95
# budget: 5500
# mu: 5
# deterministic: FALSE

# 2025-09-19 07:17:11 -03: Iteration 1 of 5
# experimentsUsed: 0
# remainingBudget: 5500
# currentBudget: 1100
# nbConfigurations: 90
# Markers:
     x No test is performed.
     c Configurations are discarded only due to capping.
     - The test is performed and some configurations are discarded.
     = The test is performed but no configuration is discarded.
     ! The test is performed and configurations could be discarded but elite configurations are preserved.
     . All alive configurations are elite and nothing is discarded.

+-+-----------+-----------+-----------+----------------+-----------+--------+-----+----+------+
| |   Instance|      Alive|       Best|       Mean best| Exp so far|  W time|  rho|KenW|  Qvar|
+-+-----------+-----------+-----------+----------------+-----------+--------+-----+----+------+
|x|          1|         90|         21|     32456579.00|         90|00:02:07|   NA|  NA|    NA|
|x|          2|         90|         46|     32531640.00|        180|00:02:05|+0.97|0.99|0.0030|
|x|          3|         90|         70|     32610109.33|        270|00:02:03|+0.98|0.99|0.0020|
|x|          4|         90|         46|     32585355.00|        360|00:02:06|+0.98|0.98|0.0018|
|-|          5|          4|         46|     32585549.80|        450|00:02:06|+0.32|0.46|0.3233|
+-+-----------+-----------+-----------+----------------+-----------+--------+-----+----+------+
Best-so-far configuration:          46    mean value:      32585549.80
Description of the best-so-far configuration:
   .ID. algorithm localsearch alpha beta  rho ants   q0 rasrank elitistants
46   46       acs           3  2.39 2.22 0.92   32 0.41      NA          NA
   nnls dlb .PARENT.
46   24   1       NA

# 2025-09-19 07:27:40 -03: Elite configurations (first number is the configuration ID; listed from best to worst according to the sum of ranks):
   algorithm localsearch alpha beta  rho ants   q0 rasrank elitistants nnls dlb
46       acs           3  2.39 2.22 0.92   32 0.41      NA          NA   24   1
70       acs           3  1.73 6.20 0.86   45 0.70      NA          NA   12   1
21       acs           3  3.57 1.12 0.53   39 0.17      NA          NA   18   1
13       acs           2  4.03 7.06 0.81   66 0.64      NA          NA   23   1
# 2025-09-19 07:27:40 -03: Iteration 2 of 5
# experimentsUsed: 450
# remainingBudget: 5050
# currentBudget: 1262
# nbConfigurations: 90
# Markers:
     x No test is performed.
     c Configurations are discarded only due to capping.
     - The test is performed and some configurations are discarded.
     = The test is performed but no configuration is discarded.
     ! The test is performed and configurations could be discarded but elite configurations are preserved.
     . All alive configurations are elite and nothing is discarded.

+-+-----------+-----------+-----------+----------------+-----------+--------+-----+----+------+
| |   Instance|      Alive|       Best|       Mean best| Exp so far|  W time|  rho|KenW|  Qvar|
+-+-----------+-----------+-----------+----------------+-----------+--------+-----+----+------+
|x|          6|         90|         21|     32465312.00|         90|00:02:04|   NA|  NA|    NA|
|x|          5|         90|         21|     32488443.50|        176|00:02:03|+0.97|0.98|0.0010|
|x|          4|         90|         21|     32487439.33|        262|00:02:00|+0.95|0.97|0.0012|
|x|          2|         90|         70|     32519858.75|        348|00:02:01|+0.95|0.97|0.0015|
|-|          3|         10|         70|     32577146.80|        434|00:01:59|+0.32|0.46|0.5301|
|-|          1|          6|        146|     32564621.50|        440|00:00:10|-0.06|0.11|0.8101|
|=|          7|          6|        146|     32567557.29|        446|00:00:10|-0.01|0.13|0.7780|
|=|          8|          6|         70|     32556611.62|        452|00:00:10|+0.04|0.16|0.7387|
+-+-----------+-----------+-----------+----------------+-----------+--------+-----+----+------+
Best-so-far configuration:          70    mean value:      32556611.62
Description of the best-so-far configuration:
   .ID. algorithm localsearch alpha beta  rho ants  q0 rasrank elitistants nnls
70   70       acs           3  1.73  6.2 0.86   45 0.7      NA          NA   12
   dlb .PARENT.
70   1       NA

# 2025-09-19 07:38:21 -03: Elite configurations (first number is the configuration ID; listed from best to worst according to the sum of ranks):
    algorithm localsearch alpha beta  rho ants   q0 rasrank elitistants nnls
70        acs           3  1.73 6.20 0.86   45 0.70      NA          NA   12
133       acs           3  2.95 2.50 0.73   70 0.75      NA          NA   17
146       acs           3  1.50 4.16 0.85   65 0.96      NA          NA   28
21        acs           3  3.57 1.12 0.53   39 0.17      NA          NA   18
46        acs           3  2.39 2.22 0.92   32 0.41      NA          NA   24
    dlb
70    1
133   1
146   1
21    1
46    1
# 2025-09-19 07:38:21 -03: Iteration 3 of 5
# experimentsUsed: 902
# remainingBudget: 4598
# currentBudget: 1532
# nbConfigurations: 90
# Markers:
     x No test is performed.
     c Configurations are discarded only due to capping.
     - The test is performed and some configurations are discarded.
     = The test is performed but no configuration is discarded.
     ! The test is performed and configurations could be discarded but elite configurations are preserved.
     . All alive configurations are elite and nothing is discarded.

+-+-----------+-----------+-----------+----------------+-----------+--------+-----+----+------+
| |   Instance|      Alive|       Best|       Mean best| Exp so far|  W time|  rho|KenW|  Qvar|
+-+-----------+-----------+-----------+----------------+-----------+--------+-----+----+------+
|x|          9|         90|        254|     32753418.00|         90|00:01:50|   NA|  NA|    NA|
|x|          2|         90|        254|     32651769.50|        175|00:01:47|+0.95|0.98|0.0007|
|x|          4|         90|        254|     32581065.00|        260|00:01:45|+0.96|0.97|0.0010|
|x|          1|         90|        254|     32559032.50|        345|00:01:45|+0.96|0.97|0.0014|
|-|          5|         11|        254|     32545334.00|        430|00:01:45|-0.07|0.14|0.9564|
|=|          7|         11|        254|     32548848.83|        436|00:00:10|+0.04|0.20|0.8716|
|=|          6|         11|        254|     32532520.86|        442|00:00:10|+0.07|0.21|0.8416|
|=|          3|         11|        254|     32560535.12|        448|00:00:10|+0.07|0.19|0.8530|
|=|          8|         11|        254|     32555725.22|        454|00:00:10|+0.10|0.20|0.8194|
|=|         10|         11|        254|     32543782.70|        465|00:00:20|+0.09|0.18|0.8106|
+-+-----------+-----------+-----------+----------------+-----------+--------+-----+----+------+
Best-so-far configuration:         254    mean value:      32543782.70
Description of the best-so-far configuration:
    .ID. algorithm localsearch alpha beta  rho ants   q0 rasrank elitistants
254  254       acs           3  3.02 1.13 0.31   53 0.71      NA          NA
    nnls dlb .PARENT.
254   15   1      133

# 2025-09-19 07:48:18 -03: Elite configurations (first number is the configuration ID; listed from best to worst according to the sum of ranks):
    algorithm localsearch alpha beta  rho ants   q0 rasrank elitistants nnls
254       acs           3  3.02 1.13 0.31   53 0.71      NA          NA   15
228       acs           3  3.74 2.56 0.58   78 0.89      NA          NA   14
133       acs           3  2.95 2.50 0.73   70 0.75      NA          NA   17
230       acs           3  1.51 8.75 0.72   33 0.62      NA          NA   10
70        acs           3  1.73 6.20 0.86   45 0.70      NA          NA   12
    dlb
254   1
228   1
133   1
230   1
70    1
# 2025-09-19 07:48:18 -03: Iteration 4 of 5
# experimentsUsed: 1367
# remainingBudget: 4133
# currentBudget: 2066
# nbConfigurations: 90
# Markers:
     x No test is performed.
     c Configurations are discarded only due to capping.
     - The test is performed and some configurations are discarded.
     = The test is performed but no configuration is discarded.
     ! The test is performed and configurations could be discarded but elite configurations are preserved.
     . All alive configurations are elite and nothing is discarded.

+-+-----------+-----------+-----------+----------------+-----------+--------+-----+----+------+
| |   Instance|      Alive|       Best|       Mean best| Exp so far|  W time|  rho|KenW|  Qvar|
+-+-----------+-----------+-----------+----------------+-----------+--------+-----+----+------+
|x|         11|         90|        133|     32787653.00|         90|00:01:41|   NA|  NA|    NA|
|x|          9|         90|        254|     32794504.00|        175|00:01:37|+0.88|0.94|0.0021|
|x|          8|         90|        254|     32702084.67|        260|00:01:37|+0.88|0.92|0.0023|
|x|         10|         90|        254|     32635638.50|        345|00:01:39|+0.88|0.91|0.0022|
|-|          5|         14|        254|     32606618.80|        430|00:01:37|+0.03|0.22|0.8397|
|=|          3|         14|        336|     32631738.17|        439|00:00:10|+0.04|0.20|0.8500|
|=|          6|         14|        254|     32603468.86|        448|00:00:10|+0.04|0.17|0.8728|
|=|          2|         14|        254|     32596800.38|        457|00:00:10|+0.06|0.18|0.8537|
|=|          1|         14|        254|     32585259.78|        466|00:00:10|+0.02|0.13|0.8916|
|=|          7|         14|        254|     32583376.10|        475|00:00:10|+0.02|0.11|0.9076|
|=|          4|         14|        254|     32570310.64|        484|00:00:10|+0.05|0.13|0.8803|
|=|         12|         14|        254|     32571292.58|        498|00:00:20|+0.04|0.12|0.8826|
+-+-----------+-----------+-----------+----------------+-----------+--------+-----+----+------+
Best-so-far configuration:         254    mean value:      32571292.58
Description of the best-so-far configuration:
    .ID. algorithm localsearch alpha beta  rho ants   q0 rasrank elitistants
254  254       acs           3  3.02 1.13 0.31   53 0.71      NA          NA
    nnls dlb .PARENT.
254   15   1      133

# 2025-09-19 07:57:55 -03: Elite configurations (first number is the configuration ID; listed from best to worst according to the sum of ranks):
    algorithm localsearch alpha beta  rho ants   q0 rasrank elitistants nnls
254       acs           3  3.02 1.13 0.31   53 0.71      NA          NA   15
312       acs           3  2.72 3.75 0.80   66 0.68      NA          NA   15
336       acs           3  3.36 2.84 0.79   75 0.82      NA          NA   14
228       acs           3  3.74 2.56 0.58   78 0.89      NA          NA   14
273       acs           3  4.30 1.25 0.30   57 0.57      NA          NA   13
    dlb
254   1
312   1
336   1
228   1
273   1
# 2025-09-19 07:57:55 -03: Iteration 5 of 5
# experimentsUsed: 1865
# remainingBudget: 3635
# currentBudget: 3635
# nbConfigurations: 90
# Markers:
     x No test is performed.
     c Configurations are discarded only due to capping.
     - The test is performed and some configurations are discarded.
     = The test is performed but no configuration is discarded.
     ! The test is performed and configurations could be discarded but elite configurations are preserved.
     . All alive configurations are elite and nothing is discarded.

+-+-----------+-----------+-----------+----------------+-----------+--------+-----+----+------+
| |   Instance|      Alive|       Best|       Mean best| Exp so far|  W time|  rho|KenW|  Qvar|
+-+-----------+-----------+-----------+----------------+-----------+--------+-----+----+------+
|x|         13|         90|        358|     32945906.00|         90|00:01:35|   NA|  NA|    NA|
|x|          2|         90|        336|     32749942.50|        175|00:01:33|+0.73|0.87|0.1257|
|x|         10|         90|        336|     32636743.33|        260|00:01:33|+0.64|0.76|0.1800|
|x|          4|         90|        254|     32598317.00|        345|00:01:33|+0.67|0.75|0.1715|
|-|          1|         23|        312|     32566665.40|        430|00:01:33|-0.04|0.17|1.0240|
|=|          9|         23|        312|     32606762.17|        448|00:00:20|+0.05|0.21|0.9453|
|=|          5|         23|        254|     32590023.00|        466|00:00:20|+0.03|0.17|0.9453|
|=|          7|         23|        254|     32587073.00|        484|00:00:21|+0.02|0.14|0.9556|
|=|         11|         23|        254|     32614686.00|        502|00:00:20|+0.01|0.12|0.9534|
|=|          6|         23|        254|     32596672.70|        520|00:00:20|+0.03|0.13|0.9377|
|=|         12|         23|        254|     32595347.36|        538|00:00:20|+0.02|0.11|0.9471|
|=|          8|         23|        254|     32588838.92|        556|00:00:20|+0.03|0.11|0.9284|
|=|          3|         23|        254|     32601746.31|        574|00:00:20|+0.03|0.11|0.9253|
|-|         14|          6|        254|     32589881.93|        597|00:00:31|+0.03|0.10|0.8401|
|=|         15|          6|        254|     32579466.60|        603|00:00:10|+0.05|0.11|0.8187|
|=|         16|          6|        254|     32575403.12|        609|00:00:10|+0.05|0.11|0.8204|
+-+-----------+-----------+-----------+----------------+-----------+--------+-----+----+------+
Best-so-far configuration:         254    mean value:      32575403.12
Description of the best-so-far configuration:
    .ID. algorithm localsearch alpha beta  rho ants   q0 rasrank elitistants
254  254       acs           3  3.02 1.13 0.31   53 0.71      NA          NA
    nnls dlb .PARENT.
254   15   1      133

# 2025-09-19 08:09:25 -03: Elite configurations (first number is the configuration ID; listed from best to worst according to the sum of ranks):
    algorithm localsearch alpha beta  rho ants   q0 rasrank elitistants nnls
254       acs           3  3.02 1.13 0.31   53 0.71      NA          NA   15
336       acs           3  3.36 2.84 0.79   75 0.82      NA          NA   14
312       acs           3  2.72 3.75 0.80   66 0.68      NA          NA   15
399       acs           3  2.73 3.74 0.61   64 0.49      NA          NA   15
228       acs           3  3.74 2.56 0.58   78 0.89      NA          NA   14
    dlb
254   1
336   1
312   1
399   1
228   1
# 2025-09-19 08:09:25 -03: Iteration 6 of 6
# experimentsUsed: 2474
# remainingBudget: 3026
# currentBudget: 3026
# nbConfigurations: 90
# Markers:
     x No test is performed.
     c Configurations are discarded only due to capping.
     - The test is performed and some configurations are discarded.
     = The test is performed but no configuration is discarded.
     ! The test is performed and configurations could be discarded but elite configurations are preserved.
     . All alive configurations are elite and nothing is discarded.

+-+-----------+-----------+-----------+----------------+-----------+--------+-----+----+------+
| |   Instance|      Alive|       Best|       Mean best| Exp so far|  W time|  rho|KenW|  Qvar|
+-+-----------+-----------+-----------+----------------+-----------+--------+-----+----+------+
|x|         17|         90|        445|     33002360.00|         90|00:01:33|   NA|  NA|    NA|
|x|          7|         90|        433|     32772814.00|        175|00:01:33|+0.29|0.64|0.0042|
|x|         10|         90|        512|     32665298.33|        260|00:01:33|+0.39|0.59|0.0040|
|x|         12|         90|        482|     32654595.50|        345|00:01:33|+0.35|0.51|0.0040|
|-|          8|         47|        482|     32624415.60|        430|00:01:33|-0.10|0.12|1.0751|
|=|          1|         47|        512|     32592073.33|        472|00:00:52|-0.07|0.11|1.0534|
|=|         13|         47|        512|     32647834.29|        514|00:00:52|-0.03|0.12|1.0152|
|=|          6|         47|        512|     32626203.12|        556|00:00:52|-0.03|0.10|1.0079|
|=|         14|         47|        512|     32602858.89|        598|00:00:52|-0.03|0.09|1.0053|
|=|         16|         47|        336|     32594015.10|        640|00:00:51|-0.02|0.08|0.9935|
|=|         15|         47|        312|     32584787.91|        682|00:00:52|-0.01|0.09|0.9811|
|=|          3|         47|        254|     32599969.08|        724|00:00:52|-0.00|0.08|0.9798|
|=|         11|         47|        254|     32618093.77|        766|00:00:52|+0.01|0.08|0.9733|
|=|          5|         47|        254|     32608982.79|        808|00:00:52|+0.01|0.08|0.9662|
|=|          2|         47|        254|     32605058.67|        850|00:00:52|+0.02|0.08|0.9609|
|-|          9|         27|        254|     32614331.12|        892|00:00:51|-0.03|0.03|0.9971|
|=|          4|         27|        254|     32604056.12|        914|00:00:31|-0.04|0.02|0.9976|
|=|         18|         27|        254|     32619330.28|        941|00:00:31|-0.04|0.02|1.0006|
+-+-----------+-----------+-----------+----------------+-----------+--------+-----+----+------+
Best-so-far configuration:         254    mean value:      32619330.28
Description of the best-so-far configuration:
    .ID. algorithm localsearch alpha beta  rho ants   q0 rasrank elitistants
254  254       acs           3  3.02 1.13 0.31   53 0.71      NA          NA
    nnls dlb .PARENT.
254   15   1      133

# 2025-09-19 08:27:49 -03: Elite configurations (first number is the configuration ID; listed from best to worst according to the sum of ranks):
    algorithm localsearch alpha beta  rho ants   q0 rasrank elitistants nnls
254       acs           3  3.02 1.13 0.31   53 0.71      NA          NA   15
312       acs           3  2.72 3.75 0.80   66 0.68      NA          NA   15
336       acs           3  3.36 2.84 0.79   75 0.82      NA          NA   14
502       acs           3  3.18 3.09 0.75   62 0.72      NA          NA   13
486       acs           3  2.81 3.03 0.78   64 0.75      NA          NA   13
    dlb
254   1
312   1
336   1
502   1
486   1
# 2025-09-19 08:27:49 -03: Iteration 7 of 7
# experimentsUsed: 3415
# remainingBudget: 2085
# currentBudget: 2085
# nbConfigurations: 90
# Markers:
     x No test is performed.
     c Configurations are discarded only due to capping.
     - The test is performed and some configurations are discarded.
     = The test is performed but no configuration is discarded.
     ! The test is performed and configurations could be discarded but elite configurations are preserved.
     . All alive configurations are elite and nothing is discarded.

+-+-----------+-----------+-----------+----------------+-----------+--------+-----+----+------+
| |   Instance|      Alive|       Best|       Mean best| Exp so far|  W time|  rho|KenW|  Qvar|
+-+-----------+-----------+-----------+----------------+-----------+--------+-----+----+------+
|x|         19|         90|        520|     32454802.00|         90|00:01:33|   NA|  NA|    NA|
|x|          9|         90|        520|     32618299.00|        175|00:01:33|+0.22|0.61|0.7577|
|x|          6|         90|        528|     32567836.00|        260|00:01:34|+0.20|0.47|0.7458|
|x|         14|         90|        535|     32528535.00|        345|00:01:33|+0.16|0.37|0.8086|
|-|         13|         37|        312|     32621643.00|        430|00:01:33|-0.04|0.17|1.0100|
|=|          2|         37|        312|     32613491.00|        462|00:00:41|-0.01|0.16|0.9872|
|=|          5|         37|        254|     32597332.57|        494|00:00:41|+0.01|0.15|0.9651|
|=|         11|         37|        254|     32627114.75|        526|00:00:41|+0.02|0.14|0.9643|
|=|          1|         37|        312|     32604433.67|        558|00:00:41|-0.02|0.09|0.9976|
|=|          7|         37|        312|     32599497.00|        590|00:00:41|-0.02|0.08|0.9928|
|=|          8|         37|        312|     32595229.09|        622|00:00:41|-0.02|0.07|0.9965|
|=|         18|         37|        312|     32608089.92|        654|00:00:41|-0.02|0.06|0.9978|
|=|          4|         37|        312|     32596072.46|        686|00:00:41|-0.00|0.08|0.9785|
|=|         12|         37|        312|     32599470.21|        718|00:00:41|+0.00|0.07|0.9722|
|=|         16|         37|        312|     32592479.13|        750|00:00:41|-0.00|0.06|0.9731|
|=|         15|         37|        312|     32583021.75|        782|00:00:41|+0.01|0.07|0.9606|
|=|          3|         37|        312|     32596598.82|        814|00:00:41|+0.02|0.08|0.9548|
|=|         17|         37|        535|     32620787.78|        846|00:00:41|+0.02|0.08|0.9490|
|-|         10|         23|        535|     32612467.53|        878|00:00:41|-0.02|0.04|0.9710|
|=|         20|         23|        254|     32626747.35|        901|00:00:31|-0.02|0.03|0.9693|
|=|         21|         23|        254|     32618152.24|        924|00:00:31|-0.01|0.04|0.9603|
+-+-----------+-----------+-----------+----------------+-----------+--------+-----+----+------+
Best-so-far configuration:         254    mean value:      32618152.24
Description of the best-so-far configuration:
    .ID. algorithm localsearch alpha beta  rho ants   q0 rasrank elitistants
254  254       acs           3  3.02 1.13 0.31   53 0.71      NA          NA
    nnls dlb .PARENT.
254   15   1      133

# 2025-09-19 08:46:24 -03: Elite configurations (first number is the configuration ID; listed from best to worst according to the sum of ranks):
    algorithm localsearch alpha beta  rho ants   q0 rasrank elitistants nnls
254       acs           3  3.02 1.13 0.31   53 0.71      NA          NA   15
520       acs           3  2.67 4.05 0.72   66 0.70      NA          NA   15
535       acs           3  2.86 1.13 0.31   52 0.71      NA          NA   17
336       acs           3  3.36 2.84 0.79   75 0.82      NA          NA   14
312       acs           3  2.72 3.75 0.80   66 0.68      NA          NA   15
    dlb
254   1
520   1
535   1
336   1
312   1
# 2025-09-19 08:46:24 -03: Stopped because there is not enough budget to enforce the value of nbConfigurations.
# Iteration: 8
# nbIterations: 8
# experimentsUsed: 4339
# timeUsed: 0
# remainingBudget: 1161
# currentBudget: 1161
# number of elites: 5
# nbConfigurations: 57
# Total CPU user time: 47074.28, CPU sys time: 365.05, Wall-clock time: 5353.379
# 2025-09-19 08:46:24 -03: Starting post-selection:
# Configurations selected: 254, 520, 535, 336, 312, 502, 486, 399, 228, 273, 133, 230, 70, 146, 21, 46.
# Pending instances: 1, 1, 1, 1, 1, 1, 1, 4, 4, 8, 10, 10, 10, 12, 12, 12.
# 2025-09-19 08:46:24 -03: seed: 1000193
# Configurations: 16
# Available experiments: 1161
# minSurvival: 1
# Markers:
     x No test is performed.
     c Configurations are discarded only due to capping.
     - The test is performed and some configurations are discarded.
     = The test is performed but no configuration is discarded.
     ! The test is performed and configurations could be discarded but elite configurations are preserved.
     . All alive configurations are elite and nothing is discarded.

+-+-----------+-----------+-----------+----------------+-----------+--------+-----+----+------+
| |   Instance|      Alive|       Best|       Mean best| Exp so far|  W time|  rho|KenW|  Qvar|
+-+-----------+-----------+-----------+----------------+-----------+--------+-----+----+------+
|x|         17|         16|        273|     32961547.00|          7|00:00:10|   NA|  NA|    NA|
|.|          3|         16|        273|     32932392.00|          7|00:00:00|-0.08|0.46|1.2232|
|x|         21|         16|        520|     32747241.00|         16|00:00:10|-0.12|0.25|1.0793|
|x|         13|         16|        520|     32796156.00|         22|00:00:10|+0.02|0.26|0.9394|
|.|          1|         16|        520|     32727033.00|         22|00:00:00|-0.04|0.17|0.9862|
|.|          9|         16|        520|     32736160.17|         22|00:00:00|+0.06|0.22|0.9174|
|x|         15|         16|        520|     32693984.43|         29|00:00:10|+0.09|0.22|0.8838|
|x|         12|         16|        520|     32682080.38|         32|00:00:10|+0.12|0.23|0.8546|
|x|         19|         16|        520|     32656827.22|         41|00:00:10|+0.15|0.24|0.8208|
|x|         11|         16|        520|     32678198.40|         44|00:00:10|+0.11|0.20|0.8455|
|.|         10|         16|        520|     32659856.45|         44|00:00:00|+0.13|0.21|0.8239|
|x|         18|         16|        520|     32672236.00|         51|00:00:10|+0.11|0.18|0.8380|
|.|          4|         16|        520|     32656399.46|         51|00:00:00|+0.13|0.19|0.8230|
|x|         20|         16|        520|     32666996.43|         60|00:00:10|+0.14|0.20|0.8141|
|.|          8|         16|        520|     32661845.80|         60|00:00:00|+0.14|0.20|0.8085|
|x|         14|         16|        312|     32644602.94|         66|00:00:10|+0.16|0.21|0.7953|
|.|          6|         16|        312|     32633270.41|         66|00:00:00|+0.16|0.21|0.7937|
|.|          5|         16|        312|     32628805.33|         66|00:00:00|+0.16|0.21|0.7822|
|.|          2|         16|        312|     32625854.05|         66|00:00:00|+0.17|0.21|0.7786|
|x|         16|         16|        336|     32620038.25|         73|00:00:10|+0.17|0.21|0.7714|
|.|          7|         16|        336|     32620159.62|         73|00:00:00|+0.17|0.21|0.7712|
|-|         22|         11|        336|     32605198.45|         89|00:00:20|-0.03|0.02|0.9346|
|=|         23|         11|        336|     32591704.96|        100|00:00:20|-0.02|0.03|0.9283|
|=|         24|         11|        336|     32591584.04|        111|00:00:20|-0.01|0.03|0.9209|
|=|         25|         11|        336|     32584272.92|        122|00:00:20|-0.01|0.03|0.9184|
|=|         26|         11|        336|     32582252.81|        133|00:00:20|-0.00|0.03|0.9154|
|=|         27|         11|        336|     32585905.41|        144|00:00:20|-0.01|0.02|0.9208|
|=|         28|         11|        336|     32596159.00|        155|00:00:20|-0.01|0.03|0.9211|
|=|         29|         11|        520|     32603209.93|        166|00:00:20|-0.01|0.03|0.9163|
|=|         30|         11|        312|     32607406.63|        177|00:00:20|-0.00|0.03|0.9138|
|=|         31|         11|        312|     32604959.00|        188|00:00:20|+0.00|0.03|0.9102|
|=|         32|         11|        535|     32606123.88|        199|00:00:20|-0.00|0.03|0.9142|
|=|         33|         11|        336|     32620359.30|        210|00:00:20|-0.00|0.03|0.9142|
|=|         34|         11|        520|     32606812.68|        221|00:00:20|+0.00|0.03|0.9074|
|=|         35|         11|        312|     32593708.34|        232|00:00:20|+0.00|0.03|0.9072|
|=|         36|         11|        535|     32592539.67|        243|00:00:20|+0.00|0.03|0.9077|
|=|         37|         11|        520|     32597837.81|        254|00:00:20|+0.00|0.03|0.9049|
|=|         38|         11|        520|     32593664.84|        265|00:00:20|+0.00|0.03|0.9041|
|=|         39|         11|        312|     32598121.62|        276|00:00:20|+0.01|0.03|0.8989|
|=|         40|         11|        312|     32596891.32|        287|00:00:20|+0.01|0.03|0.8985|
|=|         41|         11|        312|     32594943.27|        298|00:00:20|+0.00|0.03|0.9036|
|=|         42|         11|        312|     32598701.31|        309|00:00:20|+0.00|0.03|0.9028|
|=|         43|         11|        312|     32599767.12|        320|00:00:20|+0.00|0.03|0.9025|
|=|         44|         11|        312|     32591041.91|        331|00:00:20|+0.00|0.03|0.9025|
|=|         45|         11|        312|     32598785.51|        342|00:00:20|+0.01|0.03|0.9027|
|=|         46|         11|        312|     32604158.11|        353|00:00:20|+0.01|0.03|0.9013|
|=|         47|         11|        312|     32602419.66|        364|00:00:20|+0.01|0.03|0.9002|
|=|         48|         11|        312|     32605318.52|        375|00:00:20|+0.01|0.03|0.8997|
|=|         49|         11|        312|     32602600.08|        386|00:00:20|+0.01|0.03|0.9008|
|=|         50|         11|        312|     32602433.38|        397|00:00:20|+0.01|0.03|0.9002|
|=|         51|         11|        312|     32594053.45|        408|00:00:20|+0.01|0.03|0.8962|
|=|         52|         11|        312|     32588734.25|        419|00:00:20|+0.01|0.03|0.8953|
|=|         53|         11|        535|     32583965.66|        430|00:00:20|+0.01|0.03|0.8927|
|=|         54|         11|        535|     32592023.78|        441|00:00:20|+0.01|0.03|0.8964|
|=|         55|         11|        535|     32589251.69|        452|00:00:20|+0.01|0.03|0.8971|
|-|         56|          6|        535|     32585834.61|        463|00:00:20|-0.01|0.01|0.8414|
|=|         57|          6|        312|     32585175.63|        469|00:00:10|-0.01|0.01|0.8405|
|=|         58|          6|        312|     32583723.24|        475|00:00:10|-0.01|0.01|0.8401|
|=|         59|          6|        312|     32588734.39|        481|00:00:10|-0.01|0.01|0.8399|
|=|         60|          6|        312|     32586955.92|        487|00:00:10|-0.01|0.01|0.8392|
|=|         61|          6|        312|     32585775.82|        493|00:00:10|-0.01|0.01|0.8407|
|=|         62|          6|        312|     32584568.48|        499|00:00:10|-0.01|0.01|0.8394|
|=|         63|          6|        312|     32584804.40|        505|00:00:10|-0.01|0.01|0.8387|
|=|         64|          6|        312|     32582810.89|        511|00:00:10|-0.01|0.01|0.8398|
|=|         65|          6|        312|     32574479.65|        517|00:00:10|-0.01|0.01|0.8391|
|=|         66|          6|        312|     32570773.12|        523|00:00:10|-0.01|0.01|0.8380|
|=|         67|          6|        312|     32569402.39|        529|00:00:10|-0.01|0.01|0.8361|
|=|         68|          6|        312|     32572254.53|        535|00:00:10|-0.01|0.01|0.8369|
|=|         69|          6|        312|     32576233.78|        541|00:00:10|-0.01|0.01|0.8363|
|=|         70|          6|        312|     32577711.19|        547|00:00:10|-0.01|0.01|0.8355|
|=|         71|          6|        312|     32572602.97|        553|00:00:10|-0.01|0.01|0.8355|
|=|         72|          6|        312|     32570037.40|        559|00:00:10|-0.01|0.01|0.8350|
|=|         73|          6|        312|     32571061.52|        565|00:00:10|-0.01|0.01|0.8356|
|=|         74|          6|        312|     32568228.69|        571|00:00:10|-0.01|0.01|0.8368|
|=|         75|          6|        312|     32566770.65|        577|00:00:10|-0.01|0.01|0.8369|
|=|         76|          6|        312|     32567499.47|        583|00:00:10|-0.01|0.01|0.8371|
|=|         77|          6|        312|     32568558.42|        589|00:00:10|-0.01|0.01|0.8360|
|=|         78|          6|        312|     32570391.27|        595|00:00:10|-0.01|0.01|0.8362|
|=|         79|          6|        312|     32569316.29|        601|00:00:10|-0.01|0.01|0.8353|
|=|         80|          6|        312|     32570101.56|        607|00:00:10|-0.00|0.01|0.8348|
|=|         81|          6|        312|     32568312.30|        613|00:00:10|-0.00|0.01|0.8333|
|=|         82|          6|        312|     32563237.18|        619|00:00:10|-0.00|0.01|0.8336|
|=|         83|          6|        312|     32562041.52|        625|00:00:10|-0.01|0.01|0.8353|
|=|         84|          6|        312|     32562616.36|        631|00:00:10|-0.01|0.01|0.8367|
|=|         85|          6|        312|     32560160.41|        637|00:00:10|-0.00|0.01|0.8361|
|=|         86|          6|        312|     32561265.66|        643|00:00:10|-0.00|0.01|0.8350|
|=|         87|          6|        312|     32558333.53|        649|00:00:10|-0.00|0.01|0.8354|
|=|         88|          6|        312|     32562221.28|        655|00:00:10|-0.00|0.01|0.8362|
|=|         89|          6|        312|     32563898.53|        661|00:00:10|-0.00|0.01|0.8353|
|=|         90|          6|        312|     32562378.82|        667|00:00:10|-0.00|0.01|0.8345|
|=|         91|          6|        312|     32566200.84|        673|00:00:10|-0.00|0.01|0.8333|
|=|         92|          6|        312|     32564573.73|        679|00:00:10|-0.00|0.01|0.8341|
|=|         93|          6|        312|     32562160.61|        685|00:00:10|-0.00|0.01|0.8331|
|=|         94|          6|        312|     32558312.59|        691|00:00:10|-0.00|0.01|0.8323|
|=|         95|          6|        312|     32557535.66|        697|00:00:10|-0.00|0.01|0.8317|
|=|         96|          6|        312|     32554169.72|        703|00:00:10|-0.00|0.01|0.8316|
|=|         97|          6|        312|     32556346.51|        709|00:00:10|-0.00|0.01|0.8308|
|=|         98|          6|        312|     32556389.90|        715|00:00:10|+0.00|0.01|0.8302|
|=|         99|          6|        312|     32555708.26|        721|00:00:10|+0.00|0.01|0.8303|
|=|        100|          6|        312|     32554640.02|        727|00:00:10|+0.00|0.01|0.8300|
|=|        101|          6|        312|     32555687.13|        733|00:00:10|+0.00|0.01|0.8301|
|=|        102|          6|        312|     32557972.81|        739|00:00:10|+0.00|0.01|0.8298|
|=|        103|          6|        312|     32555921.07|        745|00:00:10|+0.00|0.01|0.8300|
|=|        104|          6|        312|     32556656.49|        751|00:00:10|+0.00|0.01|0.8311|
|=|        105|          6|        312|     32555909.31|        757|00:00:10|-0.00|0.01|0.8322|
|=|        106|          6|        312|     32555900.97|        763|00:00:10|-0.00|0.01|0.8328|
|=|        107|          6|        312|     32559462.20|        769|00:00:10|-0.00|0.01|0.8343|
|=|        108|          6|        312|     32559277.65|        775|00:00:10|-0.00|0.01|0.8338|
|=|        109|          6|        312|     32558858.83|        781|00:00:10|-0.00|0.01|0.8341|
|=|        110|          6|        312|     32560298.68|        787|00:00:10|-0.00|0.01|0.8334|
|=|        111|          6|        312|     32559487.38|        793|00:00:10|-0.00|0.01|0.8335|
|=|        112|          6|        312|     32556859.96|        799|00:00:10|-0.00|0.01|0.8327|
|=|        113|          6|        312|     32556929.62|        805|00:00:10|-0.00|0.01|0.8336|
|=|        114|          6|        312|     32556127.33|        811|00:00:10|-0.00|0.01|0.8346|
|=|        115|          6|        312|     32555599.23|        817|00:00:10|-0.00|0.01|0.8342|
|=|        116|          6|        312|     32555523.73|        823|00:00:10|-0.00|0.01|0.8339|
|=|        117|          6|        312|     32554292.68|        829|00:00:10|-0.00|0.01|0.8345|
|=|        118|          6|        312|     32554938.48|        835|00:00:10|-0.00|0.01|0.8343|
|=|        119|          6|        312|     32553629.25|        841|00:00:10|-0.00|0.01|0.8351|
|=|        120|          6|        312|     32556915.62|        847|00:00:10|-0.00|0.00|0.8360|
|=|        121|          6|        312|     32560701.41|        853|00:00:10|-0.00|0.00|0.8363|
|=|        122|          6|        312|     32560831.21|        859|00:00:10|-0.00|0.00|0.8370|
|=|        123|          6|        312|     32562222.59|        865|00:00:10|-0.00|0.00|0.8369|
|=|        124|          6|        312|     32560360.52|        871|00:00:10|-0.01|0.00|0.8373|
|=|        125|          6|        312|     32558601.92|        877|00:00:10|-0.01|0.00|0.8379|
|=|        126|          6|        312|     32557534.11|        883|00:00:10|-0.01|0.00|0.8378|
|=|        127|          6|        312|     32559792.31|        889|00:00:10|-0.01|0.00|0.8380|
|=|        128|          6|        312|     32559307.88|        895|00:00:10|-0.01|0.00|0.8380|
|=|        129|          6|        312|     32557252.33|        901|00:00:10|-0.00|0.00|0.8374|
|=|        130|          6|        312|     32552983.22|        907|00:00:10|-0.00|0.00|0.8368|
|=|        131|          6|        312|     32549649.78|        913|00:00:10|-0.00|0.00|0.8371|
|=|        132|          6|        312|     32549761.02|        919|00:00:10|-0.01|0.00|0.8374|
|=|        133|          6|        312|     32547217.51|        925|00:00:10|-0.00|0.00|0.8371|
|=|        134|          6|        312|     32550072.93|        931|00:00:10|-0.00|0.00|0.8366|
|=|        135|          6|        312|     32549329.87|        937|00:00:10|-0.00|0.00|0.8361|
|=|        136|          6|        312|     32550083.59|        943|00:00:10|-0.00|0.00|0.8364|
|=|        137|          6|        312|     32548269.93|        949|00:00:10|-0.00|0.00|0.8366|
|=|        138|          6|        312|     32548918.60|        955|00:00:10|-0.00|0.00|0.8369|
|=|        139|          6|        312|     32550860.44|        961|00:00:10|-0.00|0.00|0.8367|
|=|        140|          6|        312|     32552446.81|        967|00:00:10|-0.00|0.00|0.8364|
|=|        141|          6|        312|     32551834.95|        973|00:00:10|-0.00|0.00|0.8365|
|=|        142|          6|        312|     32549985.70|        979|00:00:10|-0.00|0.00|0.8361|
|=|        143|          6|        312|     32548583.59|        985|00:00:10|-0.00|0.00|0.8362|
|=|        144|          6|        312|     32550137.59|        991|00:00:10|-0.00|0.00|0.8367|
|=|        145|          6|        312|     32550242.48|        997|00:00:10|-0.00|0.00|0.8367|
|=|        146|          6|        312|     32550887.56|       1003|00:00:10|-0.00|0.00|0.8364|
|=|        147|          6|        312|     32548757.27|       1009|00:00:10|-0.00|0.00|0.8367|
|=|        148|          6|        312|     32547139.61|       1015|00:00:10|-0.00|0.00|0.8366|
|=|        149|          6|        312|     32547464.60|       1021|00:00:10|-0.00|0.00|0.8363|
|=|        150|          6|        312|     32548270.44|       1027|00:00:10|-0.00|0.00|0.8360|
|=|        151|          6|        312|     32547838.29|       1033|00:00:10|-0.00|0.00|0.8360|
|=|        152|          6|        312|     32549449.09|       1039|00:00:10|-0.00|0.00|0.8355|
|=|        153|          6|        312|     32551027.65|       1045|00:00:10|-0.00|0.00|0.8353|
|=|        154|          6|        312|     32550457.32|       1051|00:00:10|-0.00|0.01|0.8349|
|=|        155|          6|        312|     32549324.85|       1057|00:00:10|-0.00|0.01|0.8345|
|=|        156|          6|        312|     32551348.21|       1063|00:00:10|-0.00|0.01|0.8346|
|=|        157|          6|        312|     32548555.10|       1069|00:00:10|+0.00|0.01|0.8340|
|=|        158|          6|        312|     32548400.10|       1075|00:00:10|-0.00|0.01|0.8346|
|=|        159|          6|        312|     32547719.75|       1081|00:00:10|+0.00|0.01|0.8343|
|=|        160|          6|        312|     32548124.81|       1087|00:00:10|+0.00|0.01|0.8342|
|=|        161|          6|        312|     32550399.97|       1093|00:00:10|+0.00|0.01|0.8336|
|=|        162|          6|        312|     32550537.64|       1099|00:00:10|+0.00|0.01|0.8342|
|=|        163|          6|        312|     32551455.68|       1105|00:00:10|-0.00|0.01|0.8346|
|=|        164|          6|        312|     32551798.82|       1111|00:00:10|-0.00|0.01|0.8350|
|=|        165|          6|        312|     32552053.87|       1117|00:00:10|-0.00|0.01|0.8348|
|=|        166|          6|        312|     32555316.65|       1123|00:00:10|+0.00|0.01|0.8348|
|=|        167|          6|        312|     32554952.32|       1129|00:00:10|+0.00|0.01|0.8344|
|=|        168|          6|        312|     32556702.38|       1135|00:00:10|+0.00|0.01|0.8347|
|=|        169|          6|        336|     32558208.80|       1141|00:00:10|+0.00|0.01|0.8344|
|=|        170|          6|        312|     32554657.24|       1147|00:00:10|+0.00|0.01|0.8341|
|=|        171|          6|        312|     32556731.73|       1153|00:00:10|+0.00|0.01|0.8345|
|=|        172|          6|        336|     32559978.19|       1159|00:00:10|+0.00|0.01|0.8341|
+-+-----------+-----------+-----------+----------------+-----------+--------+-----+----+------+
Best-so-far configuration:         336    mean value:      32559978.19
Description of the best-so-far configuration:
    .ID. algorithm localsearch alpha beta  rho ants   q0 rasrank elitistants
336  336       acs           3  3.36 2.84 0.79   75 0.82      NA          NA
    nnls dlb .PARENT.
336   14   1      228

# 2025-09-19 09:20:48 -03: Elite configurations (first number is the configuration ID; listed from best to worst according to the sum of ranks):
    algorithm localsearch alpha beta  rho ants   q0 rasrank elitistants nnls
336       acs           3  3.36 2.84 0.79   75 0.82      NA          NA   14
312       acs           3  2.72 3.75 0.80   66 0.68      NA          NA   15
535       acs           3  2.86 1.13 0.31   52 0.71      NA          NA   17
520       acs           3  2.67 4.05 0.72   66 0.70      NA          NA   15
254       acs           3  3.02 1.13 0.31   53 0.71      NA          NA   15
    dlb
336   1
312   1
535   1
520   1
254   1
# Total CPU user time: 59049.23, CPU sys time: 468.639, Wall-clock time: 7417.008
    .ID. algorithm localsearch alpha beta  rho ants   q0 rasrank elitistants
336  336       acs           3  3.36 2.84 0.79   75 0.82      NA          NA
312  312       acs           3  2.72 3.75 0.80   66 0.68      NA          NA
535  535       acs           3  2.86 1.13 0.31   52 0.71      NA          NA
520  520       acs           3  2.67 4.05 0.72   66 0.70      NA          NA
254  254       acs           3  3.02 1.13 0.31   53 0.71      NA          NA
    nnls dlb .PARENT. .RANK.   .WEIGHT.
336   14   1      228    576 0.33333333
312   15   1      133    578 0.26666667
535   17   1      254    594 0.20000000
520   15   1      312    601 0.13333333
254   15   1      133    620 0.06666667
