#------------------------------------------------------------------------------
# irace: An implementation in R of (Elitist) Iterated Racing
# Version: 4.2.0.9000.0eef3f1
# Copyright (C) 2010-2025
# Manuel Lopez-Ibanez     <manuel.lopez-ibanez@manchester.ac.uk>
# Jeremie Dubois-Lacoste
# Leslie Perez Caceres    <leslie.perez.caceres@ulb.ac.be>
#
# This is free software, and you are welcome to redistribute it under certain
# conditions.  See the GNU General Public License for details. There is NO
# WARRANTY; not even for MERCHANTABILITY or FITNESS FOR A PARTICULAR PURPOSE.
#
# irace builds upon previous code from the race package:
#     race: Racing methods for the selection of the best
#     Copyright (C) 2003 Mauro Birattari
#------------------------------------------------------------------------------
# installed at: /home/pestobar/R/x86_64-redhat-linux-gnu-library/4.5/irace
# called with: --only-test configurations.txt --scenario scenario.txt
# 2025-12-18 16:51:21 -03: Checking scenario.
# 2025-12-18 16:51:21 -03: Reading parameter file '/home/pestobar/Activities/irace-test-executions/PSO-X/Scenarios/Elites-3/Runs/Elites-3_seed_900149/parameters.txt'.
# 2025-12-18 16:51:21 -03: 2 expression(s) specifying forbidden configurations read.
## irace scenario:
scenarioFile = "/home/pestobar/Activities/irace-test-executions/PSO-X/Scenarios/Elites-3/Runs/Elites-3_seed_900149/scenario.txt"
execDir = "/home/pestobar/Activities/irace-test-executions/PSO-X/Scenarios/Elites-3/Runs/Elites-3_seed_900149/Results"
parameterFile = "/home/pestobar/Activities/irace-test-executions/PSO-X/Scenarios/Elites-3/Runs/Elites-3_seed_900149/parameters.txt"
parameters = <environment>
initConfigurations = NULL
configurationsFile = ""
logFile = "/home/pestobar/Activities/irace-test-executions/PSO-X/Scenarios/Elites-3/Runs/Elites-3_seed_900149/Results/irace.Rdata"
recoveryFile = ""
instances = c("--competition 3 --problem 0 --dimensions 30", "--competition 3 --problem 1 --dimensions 30", "--competition 3 --problem 2 --dimensions 30", "--competition 3 --problem 3 --dimensions 30", "--competition 3 --problem 4 --dimensions 30", "--competition 3 --problem 5 --dimensions 30", "--competition 3 --problem 6 --dimensions 30", "--competition 3 --problem 7 --dimensions 30", "--competition 3 --problem 8 --dimensions 30", "--competition 3 --problem 9 --dimensions 30", "--competition 3 --problem 10 --dimensions 30", "--competition 3 --problem 11 --dimensions 30", "--competition 3 --problem 12 --dimensions 30", "--competition 3 --problem 13 --dimensions 30", "--competition 3 --problem 14 --dimensions 30", "--competition 3 --problem 15 --dimensions 30", "--competition 3 --problem 16 --dimensions 30", "--competition 3 --problem 17 --dimensions 30", "--competition 3 --problem 18 --dimensions 30", "--competition 3 --problem 19 --dimensions 30", "--competition 3 --problem 20 --dimensions 30", "--competition 3 --problem 21 --dimensions 30", "--competition 3 --problem 22 --dimensions 30", "--competition 3 --problem 23 --dimensions 30", "--competition 3 --problem 24 --dimensions 30", "--competition 3 --problem 25 --dimensions 30", "--competition 3 --problem 26 --dimensions 30", "--competition 3 --problem 27 --dimensions 30", "--competition 3 --problem 28 --dimensions 30", "--competition 3 --problem 29 --dimensions 30", "--competition 3 --problem 30 --dimensions 30", "--competition 3 --problem 31 --dimensions 30", "--competition 3 --problem 32 --dimensions 30", "--competition 3 --problem 33 --dimensions 30", "--competition 3 --problem 34 --dimensions 30", "--competition 3 --problem 35 --dimensions 30", "--competition 3 --problem 36 --dimensions 30", "--competition 3 --problem 37 --dimensions 30", "--competition 3 --problem 38 --dimensions 30", "--competition 3 --problem 39 --dimensions 30", "--competition 3 --problem 40 --dimensions 30", "--competition 3 --problem 41 --dimensions 30", "--competition 3 --problem 42 --dimensions 30", "--competition 3 --problem 43 --dimensions 30", "--competition 3 --problem 44 --dimensions 30", "--competition 3 --problem 45 --dimensions 30", "--competition 3 --problem 46 --dimensions 30", "--competition 3 --problem 47 --dimensions 30", "--competition 3 --problem 48 --dimensions 30", "--competition 3 --problem 49 --dimensions 30")
trainInstancesDir = ""
trainInstancesFile = "/home/pestobar/Activities/irace-test-executions/PSO-X/Instances/train_MIXTURE.txt"
sampleInstances = TRUE
testInstancesDir = ""
testInstancesFile = "/home/pestobar/Activities/irace-test-executions/PSO-X/TestingInstances/test_MIXTURE.txt"
testInstances = c("1t" = "--competition 3 --problem 0 --dimensions 50", "2t" = "--competition 3 --problem 1 --dimensions 50", "3t" = "--competition 3 --problem 2 --dimensions 50", "4t" = "--competition 3 --problem 3 --dimensions 50", "5t" = "--competition 3 --problem 4 --dimensions 50", "6t" = "--competition 3 --problem 5 --dimensions 50", "7t" = "--competition 3 --problem 6 --dimensions 50", "8t" = "--competition 3 --problem 7 --dimensions 50", "9t" = "--competition 3 --problem 8 --dimensions 50", "10t" = "--competition 3 --problem 9 --dimensions 50", "11t" = "--competition 3 --problem 10 --dimensions 50", "12t" = "--competition 3 --problem 11 --dimensions 50", "13t" = "--competition 3 --problem 12 --dimensions 50", "14t" = "--competition 3 --problem 13 --dimensions 50", "15t" = "--competition 3 --problem 14 --dimensions 50", "16t" = "--competition 3 --problem 15 --dimensions 50", "17t" = "--competition 3 --problem 16 --dimensions 50", "18t" = "--competition 3 --problem 17 --dimensions 50", "19t" = "--competition 3 --problem 18 --dimensions 50", "20t" = "--competition 3 --problem 19 --dimensions 50", "21t" = "--competition 3 --problem 20 --dimensions 50", "22t" = "--competition 3 --problem 21 --dimensions 50", "23t" = "--competition 3 --problem 22 --dimensions 50", "24t" = "--competition 3 --problem 23 --dimensions 50", "25t" = "--competition 3 --problem 24 --dimensions 50", "26t" = "--competition 3 --problem 25 --dimensions 50", "27t" = "--competition 3 --problem 26 --dimensions 50", "28t" = "--competition 3 --problem 27 --dimensions 50", "29t" = "--competition 3 --problem 28 --dimensions 50", "30t" = "--competition 3 --problem 29 --dimensions 50", "31t" = "--competition 3 --problem 30 --dimensions 50", "32t" = "--competition 3 --problem 31 --dimensions 50", "33t" = "--competition 3 --problem 32 --dimensions 50", "34t" = "--competition 3 --problem 33 --dimensions 50", "35t" = "--competition 3 --problem 34 --dimensions 50", "36t" = "--competition 3 --problem 35 --dimensions 50", "37t" = "--competition 3 --problem 36 --dimensions 50", "38t" = "--competition 3 --problem 37 --dimensions 50", "39t" = "--competition 3 --problem 38 --dimensions 50", "40t" = "--competition 3 --problem 39 --dimensions 50", "41t" = "--competition 3 --problem 40 --dimensions 50", "42t" = "--competition 3 --problem 41 --dimensions 50", "43t" = "--competition 3 --problem 42 --dimensions 50", "44t" = "--competition 3 --problem 43 --dimensions 50", "45t" = "--competition 3 --problem 44 --dimensions 50", "46t" = "--competition 3 --problem 45 --dimensions 50", "47t" = "--competition 3 --problem 46 --dimensions 50", "48t" = "--competition 3 --problem 47 --dimensions 50", "49t" = "--competition 3 --problem 48 --dimensions 50", "50t" = "--competition 3 --problem 49 --dimensions 50")
testNbElites = 1L
testIterationElites = FALSE
testType = "friedman"
firstTest = 5L
blockSize = 1L
eachTest = 1L
targetRunner = "/home/pestobar/Activities/irace-test-executions/PSO-X/Scenarios/Elites-3/Runs/Elites-3_seed_900149/target-runner"
targetRunnerLauncher = ""
targetCmdline = "{configurationID} {instanceID} {seed} {instance} {bound} {targetRunnerArgs}"
targetRunnerRetries = 0L
targetRunnerTimeout = 0L
targetRunnerData = ""
targetRunnerParallel = NULL
targetEvaluator = NULL
deterministic = FALSE
maxExperiments = 5500L
minExperiments = NA_character_
maxTime = 0L
budgetEstimation = 0.05
minMeasurableTime = 0.01
parallel = 10L
loadBalancing = TRUE
mpi = FALSE
batchmode = "0"
quiet = FALSE
debugLevel = 0L
seed = 900149L
softRestart = TRUE
softRestartThreshold = 1e-04
elitist = TRUE
elitistNewInstances = 1L
elitistLimit = 2L
repairConfiguration = NULL
capping = FALSE
cappingAfterFirstTest = FALSE
cappingType = "median"
boundType = "candidate"
boundMax = NULL
boundDigits = 0L
boundPar = 1L
boundAsTimeout = TRUE
postselection = TRUE
aclib = FALSE
nbIterations = 0L
nbExperimentsPerIteration = 0L
minNbSurvival = 0L
nbConfigurations = 0L
mu = 5L
confidence = 0.95
## end of irace scenario
# 2025-12-18 16:51:21 -03: Read 80 configuration(s) from file 'configurations.txt'
# 2025-12-18 16:51:21 -03: Testing configurations (in the order given as input): 
   particles topology modInfluence branching tSchedule phi1 phi2 inertia
1         21        4            0        NA        NA 1.89 2.36    0.38
2        134        4            0        NA        NA 2.09 2.30    0.53
3          9        1            0        NA        NA 1.54 2.48    0.26
4        142        4            0        NA        NA 1.27 2.48    0.50
5         67        4            0        NA        NA 1.58 2.49    0.41
6         66        1            1        NA        NA 2.05 1.48    0.59
7         90        4            0        NA        NA 1.94 2.40    0.65
8        162        4            2        NA        NA 0.44 2.37    0.81
9         85        4            0        NA        NA 2.15 2.28    0.55
10        45        4            0        NA        NA 1.79 2.42    0.50
11        82        4            0        NA        NA 1.24 2.44    0.35
12       106        4            0        NA        NA 1.91 2.36    0.46
13        77        4            0        NA        NA 1.28 2.47    0.42
14        57        4            0        NA        NA 0.59 2.22    0.56
15        20        0            1        NA        NA 2.46 2.08    0.31
16       108        4            0        NA        NA 2.14 2.28    0.67
17       142        4            0        NA        NA 2.03 2.45    0.37
18       101        4            0        NA        NA 2.28 2.16    0.50
19         6        5            0        NA         6 2.43 2.33    0.21
20        18        0            1        NA        NA 1.86 2.30    0.24
21       149        4            0        NA        NA 1.24 2.43    0.40
22        77        4            0        NA        NA 2.05 2.34    0.44
23        20        0            1        NA        NA 1.84 2.22    0.29
24       144        4            0        NA        NA 1.96 2.47    0.60
25        93        4            0        NA        NA 1.42 2.44    0.49
26        50        1            1        NA        NA 2.16 1.78    0.58
27        67        4            0        NA        NA 2.44 2.38    0.56
28        75        4            0        NA        NA 1.87 2.34    0.55
29       165        4            0        NA        NA 2.45 2.44    0.37
30        68        4            0        NA        NA 1.89 2.34    0.69
31        92        4            0        NA        NA 1.30 2.43    0.41
32        16        4            0        NA        NA 1.09 2.06    0.33
33        80        4            0        NA        NA 1.65 2.50    0.27
34        11        4            0        NA        NA 1.41 2.38    0.48
35        37        1            1        NA        NA 2.40 1.94    0.24
36       134        4            0        NA        NA 2.01 2.42    0.53
37       102        4            0        NA        NA 2.17 2.48    0.43
38       110        4            0        NA        NA 2.13 2.41    0.56
39       179        5            0        NA         6 0.86 2.44    0.29
40        21        0            1        NA        NA 2.25 2.32    0.22
41        38        4            0        NA        NA 2.21 1.60    0.53
42       150        4            0        NA        NA 1.95 2.33    0.58
43         4        4            2        NA        NA 1.77 2.47    0.41
44       105        4            0        NA        NA 0.43 2.38    0.25
45        75        4            0        NA        NA 2.17 2.11    0.61
46       115        1            1        NA        NA 2.36 2.43    0.66
47       115        4            0        NA        NA 2.26 2.13    0.74
48        83        4            0        NA        NA 2.38 2.39    0.11
49        38        4            0        NA        NA 2.46 1.83    0.67
50        83        4            0        NA        NA 1.42 2.41    0.70
51        79        4            0        NA        NA 1.02 2.39    0.45
52        83        4            0        NA        NA 2.35 2.47    0.44
53        25        1            0        NA        NA 1.69 2.28    0.33
54        89        4            2        NA        NA 2.41 2.46    0.72
55        25        1            2        NA        NA 2.11 2.38    0.30
56       103        4            0        NA        NA 0.96 2.24    0.45
57        84        4            0        NA        NA 2.11 2.48    0.32
58       103        4            0        NA        NA 0.50 2.49    0.48
59        28        0            0        NA        NA 1.99 1.81    0.13
60        22        1            1        NA        NA 2.31 2.37    0.25
61        48        1            0        NA        NA 1.53 2.12    0.18
62        85        4            0        NA        NA 2.11 2.33    0.54
63       104        4            0        NA        NA 2.27 2.39    0.41
64       107        4            0        NA        NA 0.30 2.33    0.20
65       129        4            0        NA        NA 1.28 2.45    0.40
66        68        1            2        NA        NA 0.38 2.48    0.53
67        62        1            0        NA        NA 1.72 2.22    0.69
68        69        4            2        NA        NA 0.21 2.15    0.81
69        98        0            0        NA        NA 1.95 2.00    0.67
70       117        4            0        NA        NA 1.52 2.26    0.52
71        68        4            0        NA        NA 0.99 2.49    0.28
72        34        4            0        NA        NA 2.31 2.40    0.33
73       107        4            0        NA        NA 2.02 2.32    0.19
74       163        4            2        NA        NA 1.30 2.44    0.68
75        84        4            0        NA        NA 1.29 2.49    0.24
76        90        4            0        NA        NA 1.66 2.30    0.57
77        84        4            0        NA        NA 0.78 2.24    0.29
78       135        4            0        NA        NA 1.32 2.29    0.57
79       102        0            0        NA        NA 1.96 2.40    0.23
80       200        4            2        NA        NA 2.48 2.31    0.64
# 2025-12-18 19:09:14 -03: Testing results (column number is configuration ID in no particular order):
         seeds            1            2            3            4            5
1t  1781196338 8.191654e-01 1.512987e+00 8.748191e-01 1.458801e+00 1.115777e+00
2t   438812615 3.738428e+06 3.186372e+07 4.400639e+06 2.999402e+07 6.255149e+06
3t  1916527090 1.123618e+06 2.437377e+06 1.311360e+06 2.579014e+06 1.789963e+06
4t   869815904 8.591170e+04 1.350455e+05 5.732474e+04 1.265959e+05 1.070890e+05
5t    86597678 2.709437e+01 2.220302e+01 1.231586e+00 3.215801e+01 3.507035e+01
6t   621499670 4.588784e+00 4.643536e+02 3.457300e+00 2.824038e+02 3.775869e+01
7t  1973094629 4.906552e+03 3.755991e+03 4.981814e+03 3.888785e+03 5.000419e+03
8t  2110619924 5.374252e+00 6.590517e+00 5.513867e+00 6.446536e+00 5.745982e+00
9t  1045381715 3.290517e+02 2.820420e+02 3.293439e+02 2.727914e+02 2.600454e+02
10t 1461675625 2.562392e+01 3.105223e+01 2.404703e+01 2.982268e+01 2.780558e+01
11t 1709717794 2.945780e+02 2.800013e+02 3.385275e+02 2.559002e+02 2.766425e+02
12t 1893915384 1.018447e+04 2.769958e+02 4.118392e+02 5.201086e+03 7.353329e+03
13t  863397452 1.997644e+01 1.623623e+00 2.008102e+01 1.559096e+00 1.375242e+00
14t 1628720455 2.094964e+01 2.111421e+01 2.089885e+01 2.109801e+01 2.101479e+01
15t 1955754462 1.466061e+02 2.616883e+02 1.251831e+02 2.404326e+02 3.572766e+02
16t  506350038 1.032904e+02 4.983244e+01 4.911386e+01 4.844894e+01 1.027808e+02
17t 1761148785 6.070116e-01 3.502382e-01 1.264056e-01 9.810473e-01 8.244179e-02
18t  258394327 8.577253e-01 9.655429e-01 8.054188e-01 9.794862e-01 9.392302e-01
19t 1947342223 5.895969e+02 4.749730e+02 6.610545e+02 4.096020e+02 4.780187e+02
20t 1633608049 3.898483e+02 3.133755e+02 5.300403e+02 2.568330e+02 3.402670e+02
21t  664391413 2.833091e+04 2.725834e+04 2.942983e+04 2.777520e+04 2.828696e+04
22t 1171541998 2.973959e+04 2.886313e+04 2.918608e+04 2.830350e+04 2.816559e+04
23t  567746265 5.907438e+01 4.552592e+01 6.295030e+01 4.705227e+01 4.859425e+01
24t  387040033 4.783173e-01 7.061751e-01 6.967649e-01 9.079155e-01 5.199162e-01
25t 1602117242 8.897250e-01 5.507854e-01 9.238139e-01 5.565433e-01 6.192785e-01
26t 1426588139 3.391491e-01 3.214464e-01 3.224290e-01 2.881603e-01 3.142296e-01
27t  331365799 1.245213e+02 7.673605e+01 1.154901e+02 6.705841e+01 1.014285e+02
28t  414020245 2.237406e+02 2.362482e+02 2.656475e+02 2.397771e+02 3.011573e+02
29t 2008925916 3.853388e+02 3.488224e+02 5.266590e+02 3.165613e+02 3.329141e+02
30t  388459246 9.281709e+00 1.329441e+01 1.322546e+01 1.152129e+01 1.217767e+01
31t 2076799867 1.735573e+02 1.098788e+02 1.799878e+02 1.147823e+02 1.948273e+02
32t 1897602266 4.816942e+02 3.250049e+02 4.105076e+02 3.590394e+02 3.431966e+02
33t   31146438 1.446290e+02 9.664469e+01 2.093392e+02 1.031218e+02 1.167317e+02
34t 2101079470 2.352594e+01 2.605903e+01 2.838249e+01 2.895029e+01 2.375943e+01
35t  765611654 1.327780e+04 1.275687e+04 1.319948e+04 1.247733e+04 1.270110e+04
36t 1064411694 1.681864e+05 2.026656e+05 2.283807e+05 2.009026e+05 2.121087e+05
37t 1837420405 6.115015e+01 5.949129e+01 5.534348e+01 5.759276e+01 5.652207e+01
38t 1985396070 2.482112e+05 2.765796e+05 2.331854e+05 1.994294e+05 2.365481e+05
39t  344342317 6.198735e+00 5.869811e+00 7.232307e+00 6.416455e+00 5.237380e+00
40t  613063872 7.047611e+01 3.293632e+01 5.953475e+01 3.340618e+01 6.803700e+01
41t  860791278 5.474514e+02 3.955118e+02 4.470311e+02 4.491433e+02 4.480480e+02
42t  453008305 3.613105e+02 3.124933e+02 4.272860e+02 2.574101e+02 2.716704e+02
43t 1487552976 4.421273e+02 3.233020e+02 4.299897e+02 3.998265e+02 3.885763e+02
44t  221702607 9.465492e+02 9.280237e+02 9.352475e+02 9.386866e+02 9.297760e+02
45t 2107754001 9.279083e+02 9.282354e+02 9.308855e+02 9.349720e+02 9.361721e+02
46t  892579237 9.409957e+02 9.343590e+02 9.500693e+02 9.305303e+02 9.293169e+02
47t 1704547756 9.015514e+02 9.139398e+02 5.319413e+02 9.162168e+02 8.990050e+02
48t 1984869442 1.068363e+03 9.854199e+02 1.161304e+03 9.519109e+02 9.995273e+02
49t  954176120 5.512420e+02 1.019665e+03 5.534969e+02 1.022543e+03 1.024326e+03
50t 1283970124 1.222858e+03 1.091108e+03 1.159316e+03 1.187772e+03 1.011109e+03
               6            7            8            9           10
1t  1.271393e+00 2.130558e+00 3.143506e+00 1.487225e+00 1.243824e+00
2t  6.842190e+06 1.822146e+07 9.144573e+06 1.225053e+07 8.414194e+06
3t  2.154523e+06 3.237313e+06 5.188418e+06 2.293103e+06 1.842715e+06
4t  1.235600e+05 1.000424e+05 1.343671e+05 8.776313e+04 1.006875e+05
5t  5.925721e+01 5.076990e+00 2.078653e+01 1.037805e+01 2.916543e+01
6t  1.382917e+02 2.494599e+02 2.182862e+02 1.197871e+02 1.967639e+01
7t  7.292525e+03 2.444900e+03 3.929408e+03 4.583805e+03 3.496788e+03
8t  6.339660e+00 7.516467e+00 9.602979e+00 6.496980e+00 5.660595e+00
9t  3.740907e+02 1.630896e+02 4.347246e+01 2.370159e+02 2.840959e+02
10t 2.898535e+01 3.283227e+01 3.732689e+01 3.026924e+01 2.937310e+01
11t 3.760709e+02 2.143006e+02 4.272315e+01 2.642687e+02 2.883689e+02
12t 2.931438e+04 2.597206e+02 1.090514e+03 2.930274e+02 1.826213e+02
13t 2.032563e+01 1.828375e+00 2.292494e+00 1.522959e+00 1.453227e+00
14t 2.119974e+01 2.108942e+01 2.121215e+01 2.109358e+01 2.102670e+01
15t 2.026146e+02 2.743883e+02 4.320087e+02 1.927317e+02 7.596347e+03
16t 4.918940e+01 6.715283e+01 4.916751e+01 4.919003e+01 4.914318e+01
17t 4.363944e+02 1.453398e-01 1.210140e-01 8.944000e-02 1.707222e-01
18t 9.492099e-01 9.992795e-01 1.050711e+00 9.632662e-01 9.208304e-01
19t 1.520434e+03 3.860815e+02 4.088239e+02 3.530902e+02 5.360618e+02
20t 6.343232e+02 2.595972e+02 2.742217e+02 2.566638e+02 2.488379e+02
21t 3.491629e+04 2.702814e+04 3.054616e+04 2.668489e+04 2.755728e+04
22t 3.568538e+04 2.740584e+04 3.276317e+04 2.850869e+04 2.893378e+04
23t 6.408531e+01 4.390732e+01 4.000447e+01 4.231404e+01 5.155762e+01
24t 3.077266e+00 7.483955e-01 3.592084e+00 7.155941e-01 5.680681e-01
25t 6.195140e-01 5.751847e-01 4.523883e-01 5.425943e-01 7.129477e-01
26t 2.782279e-01 3.127066e-01 3.073635e-01 3.566958e-01 3.171693e-01
27t 5.156191e+01 6.492047e+01 5.968109e+01 7.673431e+01 9.670564e+01
28t 1.787950e+02 2.962377e+02 3.089905e+02 2.431191e+02 2.328000e+02
29t 4.599433e+02 2.973602e+02 2.921648e+02 3.075259e+02 2.908584e+02
30t 1.373688e+01 1.149120e+01 1.711229e+01 1.281782e+01 1.506185e+01
31t 1.028000e+02 2.181509e+02 1.434129e+02 2.044471e+02 2.505440e+02
32t 3.468597e+02 3.968015e+02 3.275857e+02 2.948699e+02 3.360291e+02
33t 1.222166e+02 1.068836e+02 1.021436e+02 9.321910e+01 1.166622e+02
34t 2.865729e+01 2.952011e+01 3.274538e+01 2.662400e+01 2.680985e+01
35t 1.405446e+04 1.270478e+04 1.262002e+04 1.233658e+04 1.256442e+04
36t 2.012298e+05 2.819196e+05 3.831535e+05 2.476922e+05 1.785704e+05
37t 6.174154e+01 6.000564e+01 5.904565e+01 6.199301e+01 5.702850e+01
38t 1.248589e+05 2.233962e+05 2.169926e+05 3.163996e+05 2.696008e+05
39t 5.347678e+00 5.817114e+00 6.394786e+00 5.657581e+00 5.339495e+00
40t 8.987506e+02 3.198978e+01 1.910916e+01 4.260631e+01 5.698174e+01
41t 4.496432e+02 4.788139e+02 4.586609e+02 4.737287e+02 4.488852e+02
42t 3.112913e+02 2.774193e+02 2.794562e+02 3.090015e+02 3.054594e+02
43t 4.438195e+02 3.290476e+02 3.032830e+02 3.834987e+02 3.894740e+02
44t 9.493644e+02 9.314646e+02 9.297773e+02 9.367028e+02 9.363046e+02
45t 9.455590e+02 9.351622e+02 9.316133e+02 9.230563e+02 9.326752e+02
46t 9.463312e+02 9.369219e+02 9.326966e+02 9.334086e+02 9.210444e+02
47t 5.565613e+02 1.022348e+03 6.091667e+02 9.169684e+02 9.102129e+02
48t 1.194846e+03 9.344524e+02 9.591874e+02 9.378935e+02 9.740865e+02
49t 5.755312e+02 1.020564e+03 6.270028e+02 1.019347e+03 1.035212e+03
50t 1.288640e+03 9.379925e+02 1.143742e+03 1.014754e+03 9.843352e+02
              11           12           13           14           15
1t  9.606959e-01 1.249960e+00 1.174794e+00 1.879820e+00 6.305832e-01
2t  1.888192e+07 9.111817e+06 6.254881e+06 7.285302e+06 2.970432e+06
3t  1.803871e+06 1.915261e+06 1.897432e+06 3.022241e+06 8.973390e+05
4t  1.136588e+05 1.240715e+05 9.378130e+04 6.887433e+04 1.224877e+05
5t  4.290081e+01 3.623996e+01 2.042388e+01 2.424429e+01 3.814253e+01
6t  1.165842e+02 2.003117e+02 7.579337e+01 3.004772e+01 3.935662e+00
7t  3.883720e+03 3.292337e+03 3.857977e+03 4.268781e+03 3.166416e+04
8t  5.756628e+00 5.982141e+00 6.200141e+00 8.079671e+00 4.029528e+00
9t  2.832408e+02 2.816494e+02 2.916129e+02 2.815303e+02 3.180975e+02
10t 2.628445e+01 2.723186e+01 2.666298e+01 3.442823e+01 1.936950e+01
11t 2.705571e+02 2.695239e+02 2.794519e+02 2.373502e+02 4.154336e+02
12t 5.351076e+03 2.711045e+02 1.095850e+04 2.835035e+02 1.389973e+04
13t 1.420533e+00 1.513278e+00 1.432801e+00 1.944211e+00 1.981492e+01
14t 2.092752e+01 2.102759e+01 2.098407e+01 2.102782e+01 2.068544e+01
15t 1.661706e+02 2.801381e+02 1.578947e+03 3.897346e+03 9.800610e+01
16t 4.764831e+01 4.902390e+01 4.590970e+01 4.925319e+01 4.914621e+01
17t 6.744846e-01 3.783538e-01 6.854313e-01 1.339256e-01 1.413899e+02
18t 9.288655e-01 9.567328e-01 9.577638e-01 1.017382e+00 6.880398e-01
19t 5.120569e+02 4.918522e+02 4.521060e+02 4.031644e+02 4.743050e+03
20t 2.865478e+02 3.245584e+02 3.138180e+02 2.998839e+02 5.069140e+02
21t 2.794732e+04 2.742505e+04 2.756708e+04 2.807553e+04 3.706101e+04
22t 2.936210e+04 2.860855e+04 2.860056e+04 2.905306e+04 3.742506e+04
23t 5.760696e+01 4.990405e+01 5.482697e+01 4.551812e+01 8.419763e+01
24t 6.773886e-01 6.999943e-01 7.855000e-01 8.264595e-01 7.285757e+00
25t 6.675776e-01 7.413778e-01 6.005786e-01 6.296607e-01 6.517863e-01
26t 3.378820e-01 3.130533e-01 3.255718e-01 3.160266e-01 3.051153e-01
27t 8.653673e+01 7.856832e+01 8.481616e+01 8.279029e+01 6.060139e+01
28t 2.389185e+02 2.355053e+02 3.886981e+02 2.871618e+02 1.239935e+02
29t 3.308533e+02 3.635821e+02 2.847814e+02 2.377565e+02 4.668423e+02
30t 9.547841e+00 9.920747e+00 1.067988e+01 1.368370e+01 1.289116e+01
31t 1.910895e+02 1.489546e+02 1.964377e+02 2.248553e+02 1.120489e+02
32t 2.716730e+02 3.219783e+02 3.468241e+02 3.431890e+02 4.212002e+02
33t 1.170285e+02 1.062612e+02 1.211985e+02 1.142193e+02 1.671586e+02
34t 2.474294e+01 2.405139e+01 2.618429e+01 2.848409e+01 2.727007e+01
35t 1.278708e+04 1.274764e+04 1.275358e+04 1.261338e+04 1.789337e+04
36t 1.670348e+05 2.240181e+05 2.092394e+05 2.860712e+05 1.196801e+05
37t 5.329671e+01 5.945346e+01 5.822735e+01 6.126063e+01 5.517479e+01
38t 2.191091e+05 2.154831e+05 3.008249e+05 3.189757e+05 2.040893e+05
39t 5.631057e+00 5.766704e+00 6.223630e+00 5.976900e+00 4.876856e+00
40t 6.407379e+01 6.125508e+01 8.494781e+01 1.983048e+01 7.101908e+02
41t 4.474325e+02 4.486130e+02 4.707132e+02 5.543099e+02 9.717835e+02
42t 4.280283e+02 3.621944e+02 3.107873e+02 2.806006e+02 4.193181e+02
43t 4.735265e+02 4.229415e+02 4.177903e+02 3.874912e+02 5.607109e+02
44t 9.792828e+02 9.294824e+02 9.286944e+02 9.297108e+02 9.226481e+02
45t 9.359217e+02 9.424952e+02 9.291547e+02 9.318651e+02 9.239405e+02
46t 9.366497e+02 9.312642e+02 9.349373e+02 9.294162e+02 9.250113e+02
47t 9.008990e+02 5.414259e+02 5.509391e+02 1.029319e+03 1.213380e+03
48t 9.953046e+02 9.386922e+02 9.894029e+02 9.500540e+02 1.487983e+03
49t 1.021782e+03 1.023789e+03 1.022200e+03 1.019099e+03 1.258407e+03
50t 1.142715e+03 1.129827e+03 1.198808e+03 9.965860e+02 1.371591e+03
              16           17           18           19           20
1t  2.149433e+00 1.102954e+00 1.323862e+00 7.691570e-01 5.598379e-01
2t  2.138523e+07 1.051506e+07 2.206085e+07 3.404630e+06 3.156224e+06
3t  4.010552e+06 1.777893e+06 2.302002e+06 1.192047e+06 8.829928e+05
4t  1.182313e+05 1.393617e+05 1.293888e+05 4.378012e+04 1.220585e+05
5t  5.665996e+00 4.087610e+01 2.777865e+01 1.722917e+01 3.954695e+01
6t  4.018447e+02 3.963092e+02 2.803854e+02 3.182681e+00 3.037005e+00
7t  2.891598e+03 5.405723e+03 3.846428e+03 5.016296e+03 2.520707e+04
8t  7.846655e+00 5.798176e+00 5.742067e+00 1.647783e+02 1.314607e+02
9t  2.532733e+02 2.767595e+02 2.675223e+02 3.593963e+02 4.394875e+02
10t 3.252854e+01 2.578789e+01 2.650856e+01 2.157118e+01 1.979530e+01
11t 2.023636e+02 2.946899e+02 2.653331e+02 3.694786e+02 4.346372e+02
12t 2.722577e+02 1.733700e+04 1.998214e+03 2.738935e+03 1.469408e+04
13t 1.863179e+00 1.409513e+00 1.493007e+00 2.021106e+01 1.988731e+01
14t 2.117828e+01 2.097273e+01 2.116113e+01 2.114545e+01 2.108492e+01
15t 3.355381e+02 1.951144e+02 4.493869e+02 1.205887e+02 1.090257e+02
16t 4.841052e+01 6.881170e+01 4.931093e+01 4.708582e+01 4.899527e+01
17t 1.040591e+00 1.209442e+00 1.082196e+00 6.368131e-02 2.328743e+02
18t 1.029854e+00 9.571543e-01 8.970030e-01 7.816287e-01 6.463628e-01
19t 3.914721e+02 5.186670e+02 5.380572e+02 7.731035e+02 5.273296e+03
20t 1.957521e+02 3.036756e+02 3.045698e+02 5.398865e+02 5.238288e+02
21t 2.711630e+04 2.804444e+04 2.706262e+04 2.793875e+04 3.682627e+04
22t 2.838382e+04 2.888328e+04 2.920599e+04 2.948656e+04 3.888826e+04
23t 4.833002e+01 5.821264e+01 4.898733e+01 7.346321e+01 8.518624e+01
24t 7.499075e-01 4.751336e-01 5.017161e-01 9.988597e-01 3.727606e+00
25t 6.876411e-01 4.503276e-01 6.443483e-01 9.671553e-01 6.444682e-01
26t 3.449310e-01 3.130453e-01 3.404580e-01 2.826008e-01 2.992225e-01
27t 8.988034e+01 6.901199e+01 7.735027e+01 9.855079e+01 5.375722e+01
28t 3.031425e+02 2.022417e+02 2.242165e+02 2.638958e+02 1.151899e+02
29t 3.164853e+02 3.022218e+02 2.653432e+02 5.553293e+02 4.992852e+02
30t 1.367424e+01 9.962463e+00 1.309325e+01 1.286717e+01 1.160688e+01
31t 1.027984e+02 1.484890e+02 1.588774e+02 2.077585e+02 1.283561e+02
32t 5.126983e+02 3.413602e+02 2.902027e+02 1.031724e+03 3.919900e+02
33t 1.010007e+02 1.036390e+02 1.122082e+02 1.718615e+02 1.988874e+02
34t 2.826279e+01 2.559250e+01 2.227427e+01 3.140010e+01 2.359226e+01
35t 1.256921e+04 1.270260e+04 1.251498e+04 1.434655e+04 1.827590e+04
36t 2.282097e+05 1.789278e+05 1.849224e+05 1.920921e+05 1.236549e+05
37t 6.061191e+01 5.523280e+01 5.766440e+01 6.037793e+01 6.759732e+01
38t 2.299026e+05 2.098325e+05 1.468047e+05 2.584658e+05 1.911231e+05
39t 5.871927e+00 5.577208e+00 5.931039e+00 7.027289e+00 4.978435e+00
40t 2.334926e+01 5.764848e+01 5.734459e+01 5.781095e+01 6.997059e+02
41t 4.839830e+02 4.039458e+02 4.454085e+02 8.731071e+02 8.815000e+02
42t 2.973104e+02 3.277004e+02 3.392362e+02 4.269497e+02 4.261373e+02
43t 3.379899e+02 4.142725e+02 4.286771e+02 4.303887e+02 5.416300e+02
44t 9.301369e+02 9.419332e+02 9.391580e+02 9.312986e+02 9.246161e+02
45t 9.313747e+02 9.363123e+02 9.329624e+02 1.042777e+03 9.236344e+02
46t 9.217696e+02 9.333114e+02 9.321561e+02 9.539374e+02 9.223409e+02
47t 5.688397e+02 5.471730e+02 1.028862e+03 5.287490e+02 1.213063e+03
48t 9.153807e+02 9.869617e+02 9.649852e+02 1.127107e+03 1.410230e+03
49t 1.020473e+03 5.539591e+02 1.021494e+03 9.011207e+02 1.267812e+03
50t 9.316846e+02 1.218310e+03 1.109247e+03 1.208155e+03 1.351021e+03
              21           22           23           24           25
1t  1.502993e+00 1.160218e+00 5.722395e-01 1.908600e+00 1.467889e+00
2t  1.542272e+07 1.626885e+07 3.022375e+06 1.485741e+07 1.761719e+07
3t  2.304740e+06 1.366531e+06 9.609689e+05 3.421051e+06 1.756778e+06
4t  1.165683e+05 1.152002e+05 1.211259e+05 1.329767e+05 1.154118e+05
5t  3.067066e+01 2.638555e+01 3.929567e+01 1.333284e+01 2.254348e+01
6t  5.448710e+02 9.938410e+01 4.388851e+00 2.924018e+02 2.172199e+02
7t  5.214679e+03 4.043892e+03 2.906304e+04 3.185133e+03 4.869159e+03
8t  6.395886e+00 5.560798e+00 4.599688e+00 7.147924e+00 6.224583e+00
9t  2.651785e+02 2.979500e+02 4.328219e+02 2.601221e+02 2.683974e+02
10t 2.969919e+01 2.743617e+01 1.840053e+01 3.140803e+01 2.926717e+01
11t 2.477777e+02 2.739033e+02 4.382984e+02 2.306922e+02 2.504890e+02
12t 1.495484e+04 6.928433e+03 1.468755e+04 2.781879e+02 3.043841e+02
13t 1.542682e+00 1.402781e+00 1.985820e+01 1.779899e+00 1.629411e+00
14t 2.103845e+01 2.099625e+01 2.105931e+01 2.119366e+01 2.108090e+01
15t 4.826236e+02 1.720169e+02 1.055160e+02 3.331003e+02 7.948333e+03
16t 5.545086e+01 4.891328e+01 4.918785e+01 4.901730e+01 4.774683e+01
17t 8.611725e-01 1.463562e+00 2.584280e+02 7.783838e-01 1.745628e-01
18t 9.903622e-01 9.346163e-01 6.113505e-01 1.008563e+00 9.024619e-01
19t 4.844682e+02 5.610581e+02 5.148209e+03 4.209895e+02 4.382957e+02
20t 2.908218e+02 2.262918e+02 9.279062e+02 1.470592e+02 2.836722e+02
21t 2.692510e+04 2.708856e+04 3.752871e+04 2.744467e+04 2.716988e+04
22t 2.856696e+04 2.823593e+04 3.850357e+04 2.857427e+04 2.856908e+04
23t 5.720309e+01 5.335783e+01 8.623559e+01 4.105833e+01 4.924791e+01
24t 6.991792e-01 9.537480e-01 6.008125e+00 6.638027e-01 7.007460e-01
25t 6.665762e-01 6.399790e-01 6.508712e-01 6.069821e-01 7.431077e-01
26t 3.469075e-01 2.949116e-01 2.936289e-01 3.027886e-01 3.278041e-01
27t 7.625476e+01 8.245002e+01 5.574399e+01 7.000965e+01 7.539406e+01
28t 3.169048e+02 2.135358e+02 1.307481e+02 2.658427e+02 1.947239e+02
29t 3.122162e+02 3.333904e+02 5.183230e+02 3.027437e+02 3.093208e+02
30t 1.212420e+01 9.612516e+00 1.275113e+01 1.276094e+01 1.035031e+01
31t 1.473833e+02 1.786440e+02 1.013428e+02 1.258536e+02 1.868884e+02
32t 3.314756e+02 1.121851e+03 4.179174e+02 3.439463e+02 5.657902e+02
33t 1.122718e+02 1.133274e+02 1.684013e+02 9.204165e+01 1.149814e+02
34t 2.599293e+01 2.532548e+01 2.726691e+01 2.958449e+01 2.618642e+01
35t 1.288972e+04 1.276358e+04 1.800898e+04 1.241278e+04 1.276046e+04
36t 2.236991e+05 2.152291e+05 1.072695e+05 2.504170e+05 2.458092e+05
37t 5.839681e+01 5.603175e+01 5.514598e+01 5.947065e+01 5.881103e+01
38t 2.711256e+05 2.669701e+05 1.864463e+05 2.749008e+05 2.537657e+05
39t 6.065790e+00 5.070564e+00 5.275098e+00 6.818654e+00 5.685336e+00
40t 4.307078e+01 9.398221e+01 7.478862e+02 2.464980e+01 4.090654e+01
41t 4.494046e+02 4.484684e+02 1.035971e+03 4.297470e+02 4.493266e+02
42t 3.547845e+02 3.125679e+02 3.949056e+02 2.708704e+02 2.827832e+02
43t 3.722404e+02 4.296005e+02 5.345845e+02 3.348246e+02 4.267361e+02
44t 9.316272e+02 9.289349e+02 9.266271e+02 9.302726e+02 9.257681e+02
45t 9.418886e+02 9.387806e+02 9.242458e+02 9.302031e+02 9.289103e+02
46t 9.297267e+02 9.314347e+02 9.251577e+02 9.207953e+02 9.304655e+02
47t 1.024213e+03 9.074654e+02 1.210854e+03 5.837684e+02 9.031342e+02
48t 9.795194e+02 1.020183e+03 1.456878e+03 9.240569e+02 9.880214e+02
49t 1.026353e+03 1.019102e+03 1.277372e+03 1.024399e+03 1.022888e+03
50t 1.197532e+03 1.208648e+03 1.363275e+03 9.908751e+02 1.170907e+03
              26           27           28           29           30
1t  1.140534e+00 1.246449e+00 1.477035e+00 1.141598e+00 2.414159e+00
2t  4.507016e+06 7.650024e+06 7.420173e+06 1.336451e+07 1.247284e+07
3t  1.740653e+06 2.274536e+06 2.392892e+06 1.960566e+06 2.793063e+06
4t  1.057244e+05 8.556365e+04 1.265404e+05 1.291410e+05 6.910337e+04
5t  5.595680e+01 1.465084e+01 1.717103e+01 4.055528e+01 8.001169e+00
6t  5.892852e+01 7.241560e+01 9.400083e+01 4.476705e+02 8.597912e+01
7t  7.109118e+03 2.506012e+03 3.144166e+03 7.013988e+03 3.634958e+03
8t  6.079178e+00 6.732488e+00 6.542568e+00 5.533096e+00 8.218878e+00
9t  3.853011e+02 2.672534e+02 2.567787e+02 2.763047e+02 7.202313e+01
10t 2.586455e+01 2.765489e+01 3.087951e+01 2.698568e+01 3.085587e+01
11t 3.723679e+02 2.566661e+02 2.308879e+02 2.740655e+02 2.413647e+02
12t 2.600088e+04 8.033097e+03 2.220953e+02 8.675348e+03 2.350631e+02
13t 2.046853e+01 1.648551e+00 1.633644e+00 1.330354e+00 2.048731e+00
14t 2.115988e+01 2.107202e+01 2.099255e+01 2.106631e+01 2.118350e+01
15t 1.614543e+02 3.984882e+02 2.320999e+02 1.692351e+02 2.939498e+02
16t 4.912144e+01 1.024391e+02 4.849064e+01 1.075851e+02 4.896379e+01
17t 3.016917e+02 7.314696e-02 6.890410e-02 8.988583e-01 1.241217e-01
18t 8.728610e-01 9.358210e-01 9.663980e-01 9.310741e-01 1.026410e+00
19t 1.576445e+03 5.007978e+02 4.735791e+02 5.286986e+02 4.264686e+02
20t 6.775712e+02 2.403637e+02 2.531998e+02 2.906971e+02 2.192344e+02
21t 3.451534e+04 2.795122e+04 2.795507e+04 2.797126e+04 2.661454e+04
22t 3.607457e+04 2.767125e+04 2.812857e+04 2.856714e+04 2.797927e+04
23t 6.780253e+01 5.172389e+01 5.126191e+01 5.067266e+01 4.851037e+01
24t 3.196299e+00 9.299110e-01 8.540629e-01 7.644592e-01 5.141634e-01
25t 6.212614e-01 6.219232e-01 6.459749e-01 6.035617e-01 6.329111e-01
26t 2.624483e-01 3.274558e-01 3.290331e-01 3.139230e-01 3.009477e-01
27t 5.674602e+01 9.147399e+01 1.098257e+02 7.061351e+01 7.573923e+01
28t 1.623967e+02 2.336330e+02 2.371330e+02 2.164199e+02 3.171092e+02
29t 4.528930e+02 3.262431e+02 3.232198e+02 3.424524e+02 3.108824e+02
30t 1.247355e+01 1.153491e+01 1.224824e+01 1.380513e+01 1.330362e+01
31t 1.189220e+02 1.960271e+02 1.512961e+02 1.556034e+02 1.821052e+02
32t 3.743173e+02 3.117018e+02 3.506446e+02 5.337254e+02 3.596215e+02
33t 1.238199e+02 1.118524e+02 1.123050e+02 1.149267e+02 1.063667e+02
34t 2.761587e+01 2.699886e+01 2.519940e+01 2.512679e+01 3.026307e+01
35t 1.375413e+04 1.239454e+04 1.243254e+04 1.274586e+04 1.249888e+04
36t 1.543623e+05 2.329342e+05 2.622868e+05 1.895715e+05 3.356464e+05
37t 6.485248e+01 5.787290e+01 5.439974e+01 6.104704e+01 6.189309e+01
38t 1.821367e+05 3.366745e+05 2.519164e+05 2.918005e+05 3.080287e+05
39t 5.085758e+00 5.372523e+00 5.681188e+00 5.623268e+00 5.757856e+00
40t 6.560534e+02 4.095693e+01 3.948907e+01 7.579726e+01 2.252785e+01
41t 4.476147e+02 4.499066e+02 5.512146e+02 3.908841e+02 4.069673e+02
42t 3.198748e+02 2.836997e+02 2.872550e+02 3.238814e+02 2.927698e+02
43t 4.369539e+02 4.072529e+02 4.172026e+02 3.724016e+02 3.801406e+02
44t 9.451658e+02 9.260381e+02 9.315682e+02 9.357979e+02 9.371870e+02
45t 9.452122e+02 9.374367e+02 9.451228e+02 9.361533e+02 9.282350e+02
46t 9.458715e+02 9.211941e+02 9.307325e+02 9.242319e+02 9.346415e+02
47t 1.204552e+03 1.025932e+03 9.108670e+02 5.403055e+02 1.021879e+03
48t 1.168466e+03 9.579921e+02 9.860377e+02 1.018704e+03 9.325886e+02
49t 5.610198e+02 1.026790e+03 1.020030e+03 5.608435e+02 1.020026e+03
50t 1.275080e+03 9.817213e+02 1.115449e+03 1.155219e+03 9.277495e+02
              31           32           33           34           35
1t  1.276038e+00 9.874207e-01 8.243254e-01 9.456119e-01 6.903675e-01
2t  1.682167e+07 3.872010e+06 1.956230e+07 4.310824e+06 4.959452e+06
3t  1.784618e+06 1.756670e+06 1.584156e+06 1.991810e+06 1.132976e+06
4t  1.185423e+05 4.792417e+04 1.006005e+05 3.062707e+04 1.201142e+05
5t  2.615995e+01 1.638141e+01 4.324949e+01 6.589174e-01 5.533489e+01
6t  1.730768e+02 3.264796e+00 6.385663e+01 4.379624e+00 2.286825e+01
7t  3.552964e+03 3.597051e+03 6.531558e+03 1.285544e+03 1.206147e+04
8t  6.001177e+00 6.056834e+00 5.299627e+00 5.874576e+00 4.858336e+00
9t  2.624507e+02 3.085345e+02 2.869110e+02 2.777290e+02 3.929384e+02
10t 2.923048e+01 2.677136e+01 2.639322e+01 2.834650e+01 2.296251e+01
11t 2.775618e+02 3.090504e+02 2.736666e+02 2.992221e+02 3.953675e+02
12t 3.996110e+02 5.861915e+03 1.909428e+04 2.555427e+03 2.606067e+04
13t 1.165120e+00 2.005499e+01 1.963528e+01 2.004789e+01 2.045424e+01
14t 2.095319e+01 2.091670e+01 2.091009e+01 2.099924e+01 2.111561e+01
15t 2.054765e+02 1.455786e+02 4.198268e+02 1.611282e+02 1.093971e+02
16t 4.879592e+01 4.888071e+01 4.916767e+01 4.709997e+01 4.910249e+01
17t 6.178492e-01 3.363721e-02 1.488171e+00 5.803364e-02 6.640235e+02
18t 9.511580e-01 9.029879e-01 8.363982e-01 8.422264e-01 7.837612e-01
19t 3.946411e+02 6.245727e+02 5.736818e+02 5.863536e+02 2.399878e+03
20t 3.484919e+02 4.574960e+02 2.804438e+02 4.098174e+02 7.721182e+02
21t 2.759704e+04 2.786233e+04 2.836675e+04 2.829439e+04 3.506800e+04
22t 2.832736e+04 3.013123e+04 2.841823e+04 2.877022e+04 3.591664e+04
23t 5.241048e+01 6.573434e+01 5.050266e+01 5.641400e+01 7.462513e+01
24t 5.109017e-01 6.420959e-01 8.999283e-01 6.985585e-01 2.972583e+00
25t 5.777197e-01 8.581738e-01 6.583071e-01 1.062292e+00 6.672418e-01
26t 3.561913e-01 3.518769e-01 2.681179e-01 4.354686e-01 2.654728e-01
27t 8.616025e+01 1.164548e+02 1.067441e+02 1.203555e+02 4.784061e+01
28t 2.197648e+02 2.530305e+02 2.177787e+02 3.647617e+02 1.293456e+02
29t 3.352142e+02 4.543479e+02 3.614723e+02 3.985763e+02 4.887627e+02
30t 1.101175e+01 1.120078e+01 8.606843e+00 1.097302e+01 2.497007e+01
31t 1.786791e+02 2.137670e+02 1.955697e+02 2.754019e+02 9.465298e+01
32t 3.080628e+02 1.147662e+03 3.989066e+02 5.133191e+02 3.502083e+02
33t 1.140823e+02 1.434134e+02 1.249616e+02 1.692362e+02 1.419846e+02
34t 2.448392e+01 2.840272e+01 2.317224e+01 2.859551e+01 2.586154e+01
35t 1.257872e+04 1.320016e+04 1.314698e+04 1.330632e+04 1.499155e+04
36t 2.108983e+05 2.001416e+05 1.560426e+05 2.424874e+05 1.197121e+05
37t 5.694871e+01 5.953634e+01 5.743203e+01 5.888028e+01 6.302673e+01
38t 2.720672e+05 3.130869e+05 2.253142e+05 2.746224e+05 1.445764e+05
39t 6.148966e+00 5.888450e+00 5.905715e+00 6.200417e+00 5.606988e+00
40t 7.404918e+01 3.494053e+01 1.111427e+02 3.637148e+01 1.366888e+03
41t 4.514335e+02 7.237815e+02 4.470465e+02 5.493659e+02 8.430434e+02
42t 3.160551e+02 3.537243e+02 4.273858e+02 4.289951e+02 3.948185e+02
43t 3.913126e+02 4.836240e+02 4.512105e+02 4.353416e+02 5.229740e+02
44t 9.264807e+02 9.427589e+02 9.288840e+02 9.256522e+02 9.248632e+02
45t 9.363798e+02 9.413218e+02 9.426771e+02 9.353629e+02 9.285088e+02
46t 9.325751e+02 1.002628e+03 9.478994e+02 9.906589e+02 9.277996e+02
47t 9.073721e+02 1.050572e+03 5.364950e+02 9.069893e+02 1.202707e+03
48t 9.822693e+02 1.034815e+03 9.980720e+02 1.085064e+03 1.397429e+03
49t 1.022182e+03 1.036417e+03 5.516367e+02 1.030345e+03 5.635076e+02
50t 1.179918e+03 1.028318e+03 1.191794e+03 1.114745e+03 1.341694e+03
              36           37           38           39           40
1t  1.348526e+00 1.137204e+00 1.568474e+00 1.095469e+00 6.178776e-01
2t  1.058673e+07 2.050278e+07 1.800236e+07 2.241582e+07 2.892868e+06
3t  2.331205e+06 1.854535e+06 2.411519e+06 1.473010e+06 9.411301e+05
4t  1.239918e+05 1.397653e+05 1.022906e+05 1.329827e+05 1.310179e+05
5t  1.444431e+01 3.425252e+01 9.626683e+00 5.465883e+01 4.050229e+01
6t  3.792231e+02 1.866507e+02 2.247893e+02 2.329589e+01 3.479796e+00
7t  3.450039e+03 4.074443e+03 3.526479e+03 1.466254e+04 3.276124e+04
8t  6.445166e+00 5.845653e+00 6.794086e+00 5.520717e+00 1.287561e+02
9t  2.540617e+02 2.724320e+02 2.580307e+02 3.659305e+02 4.317325e+02
10t 3.000546e+01 2.658458e+01 3.110936e+01 2.742427e+01 1.861326e+01
11t 2.756851e+02 2.704981e+02 2.750629e+02 3.094385e+02 4.335175e+02
12t 3.566521e+02 2.126231e+02 2.109904e+02 2.249199e+04 1.586736e+04
13t 1.662305e+00 1.397333e+00 1.658728e+00 1.967920e+01 1.993248e+01
14t 2.105826e+01 2.105521e+01 2.108595e+01 2.079819e+01 2.064343e+01
15t 2.363962e+02 1.557280e+02 2.155012e+02 2.158556e+02 1.052510e+02
16t 4.935769e+01 4.923156e+01 4.772122e+01 1.235664e+02 4.907597e+01
17t 9.149814e-01 1.315916e-01 5.301631e-01 5.877277e+01 2.956258e+02
18t 9.866513e-01 8.752425e-01 9.578121e-01 9.396940e-01 6.170771e-01
19t 3.991907e+02 5.450746e+02 4.284462e+02 8.331753e+02 5.462365e+03
20t 3.058177e+02 2.836904e+02 3.044390e+02 3.888142e+02 5.328385e+02
21t 2.818159e+04 2.744971e+04 2.796409e+04 2.869558e+04 3.768447e+04
22t 2.790736e+04 2.829908e+04 2.786253e+04 2.812538e+04 3.876549e+04
23t 4.495763e+01 5.642033e+01 4.732675e+01 5.754228e+01 8.495243e+01
24t 6.565802e-01 6.952750e-01 7.172131e-01 7.808346e-01 5.051020e+00
25t 5.622995e-01 6.987021e-01 6.971276e-01 7.377987e-01 6.334511e-01
26t 3.288854e-01 2.976228e-01 3.481356e-01 3.918693e-01 2.887050e-01
27t 7.371928e+01 7.903729e+01 5.362306e+01 1.137920e+02 5.430032e+01
28t 2.360327e+02 2.593098e+02 2.376880e+02 2.554765e+02 1.473698e+02
29t 2.990423e+02 3.015256e+02 2.802758e+02 3.809060e+02 5.101986e+02
30t 1.248115e+01 1.063841e+01 1.057935e+01 2.017773e+01 1.274328e+01
31t 1.391303e+02 1.533889e+02 1.579936e+02 2.359036e+02 1.072427e+02
32t 3.246596e+02 3.108433e+02 4.142908e+02 8.429445e+02 3.700706e+02
33t 1.117236e+02 1.044573e+02 1.084087e+02 1.097378e+02 1.609886e+02
34t 2.775682e+01 2.376041e+01 2.553428e+01 2.667422e+01 2.428972e+01
35t 1.255556e+04 1.260694e+04 1.265709e+04 1.313658e+04 1.850416e+04
36t 2.024153e+05 2.184034e+05 2.882370e+05 3.628326e+05 1.140668e+05
37t 6.072129e+01 6.035320e+01 5.805757e+01 5.324738e+01 5.921819e+01
38t 2.429140e+05 2.101446e+05 3.260176e+05 2.620397e+05 2.001419e+05
39t 6.006480e+00 5.648774e+00 6.322851e+00 6.105057e+00 5.408582e+00
40t 4.570631e+01 4.603916e+01 4.324203e+01 7.808270e+01 8.249486e+02
41t 4.068947e+02 4.122358e+02 4.504069e+02 6.649986e+02 4.433315e+02
42t 3.579613e+02 2.772978e+02 2.898896e+02 4.424535e+02 3.813802e+02
43t 3.729109e+02 4.253489e+02 4.361279e+02 3.541543e+02 5.131729e+02
44t 9.344943e+02 9.310874e+02 9.334817e+02 9.963972e+02 9.254749e+02
45t 9.277681e+02 9.366149e+02 9.259144e+02 9.454005e+02 9.237210e+02
46t 9.306619e+02 9.402809e+02 9.356933e+02 9.398177e+02 9.237330e+02
47t 5.615613e+02 5.424545e+02 9.176955e+02 9.019669e+02 1.215369e+03
48t 9.239371e+02 9.392906e+02 9.759451e+02 1.035772e+03 1.386134e+03
49t 1.019555e+03 1.021748e+03 1.025611e+03 5.862471e+02 1.285250e+03
50t 1.120094e+03 1.189852e+03 9.645805e+02 1.265078e+03 1.361650e+03
              41           42           43           44           45
1t  1.289940e+00 1.959819e+00 8.107152e-01 1.421081e+00 1.619870e+00
2t  8.373604e+06 3.196390e+07 2.362074e+06 2.836374e+07 5.210950e+06
3t  2.026411e+06 2.919288e+06 1.141993e+06 2.465546e+06 2.686249e+06
4t  8.948349e+04 1.095387e+05 7.266874e+04 1.166915e+05 1.291890e+05
5t  2.633631e+01 1.237714e+01 1.028031e+01 4.414873e+01 2.294407e+01
6t  3.548443e+01 5.661890e+02 3.953767e+00 1.229746e+02 1.947862e+02
7t  5.972996e+03 3.711263e+03 6.370973e+04 6.102296e+03 2.372336e+03
8t  6.732188e+00 7.233825e+00 5.045606e+00 6.775251e+00 7.076019e+00
9t  2.915832e+02 2.635384e+02 3.696094e+02 3.049031e+02 2.548582e+02
10t 3.095298e+01 3.240697e+01 2.333118e+01 3.001371e+01 3.147266e+01
11t 2.814665e+02 1.991782e+02 3.955787e+02 2.853305e+02 2.439741e+02
12t 1.422354e+03 3.283514e+02 2.505823e+02 1.054976e+03 2.286825e+02
13t 2.016890e+01 1.756333e+00 2.022697e+01 1.596348e+00 1.615757e+00
14t 2.117819e+01 2.105020e+01 2.080035e+01 2.101660e+01 2.117773e+01
15t 1.787476e+02 3.439535e+02 1.244292e+02 2.241375e+02 2.905681e+03
16t 4.509329e+01 4.942358e+01 1.013856e+02 4.938292e+01 4.714839e+01
17t 1.785085e+00 9.298642e-01 4.298784e-02 1.251138e+00 3.460826e-01
18t 9.826254e-01 1.023858e+00 8.072787e-01 9.770542e-01 9.850705e-01
19t 5.132166e+02 4.340950e+02 2.298909e+03 5.398406e+02 3.976434e+02
20t 2.997984e+02 2.770199e+02 8.879911e+02 3.224561e+02 2.483576e+02
21t 2.902765e+04 2.737051e+04 2.852815e+04 2.809796e+04 2.681190e+04
22t 2.931530e+04 2.824917e+04 2.980335e+04 2.941645e+04 2.905369e+04
23t 5.880861e+01 4.773864e+01 8.237969e+01 5.205049e+01 4.294476e+01
24t 8.498314e-01 9.047616e-01 5.704515e-01 8.633018e-01 8.738179e-01
25t 9.574407e-01 5.884334e-01 7.439536e-01 8.065516e-01 7.718635e-01
26t 3.621497e-01 3.077535e-01 2.642554e-01 3.477483e-01 3.311836e-01
27t 1.350269e+02 8.368825e+01 7.909155e+01 8.380856e+01 8.000763e+01
28t 2.474546e+02 2.622400e+02 1.863354e+02 3.198587e+02 2.747685e+02
29t 3.898909e+02 2.765622e+02 5.742509e+02 2.487652e+02 3.353172e+02
30t 1.170463e+01 1.230510e+01 4.522919e+02 1.549139e+01 1.233905e+01
31t 2.201810e+02 1.239976e+02 1.775036e+02 1.459593e+02 2.219601e+02
32t 1.649430e+03 3.285659e+02 5.785907e+02 4.543190e+02 3.181136e+02
33t 1.083696e+02 1.120192e+02 2.376230e+02 9.474061e+01 1.080800e+02
34t 2.766593e+01 2.780292e+01 3.758798e+01 2.804377e+01 2.929060e+01
35t 1.294087e+04 1.254015e+04 1.423433e+04 1.296111e+04 1.258071e+04
36t 2.130374e+05 2.052846e+05 1.535800e+05 1.516306e+05 2.737485e+05
37t 6.118526e+01 5.943903e+01 6.513679e+01 5.581467e+01 5.892406e+01
38t 3.429606e+05 2.129280e+05 2.551876e+05 1.719080e+05 2.160627e+05
39t 6.862828e+00 6.056756e+00 6.014134e+00 6.845338e+00 5.948659e+00
40t 8.536462e+01 2.816842e+01 8.291662e+01 6.407157e+01 4.087641e+01
41t 5.508553e+02 4.675183e+02 9.538233e+02 5.509661e+02 5.064145e+02
42t 3.304010e+02 3.188878e+02 5.043292e+02 3.232086e+02 3.091232e+02
43t 4.355139e+02 3.655982e+02 4.296105e+02 3.603040e+02 4.125524e+02
44t 9.365748e+02 9.292314e+02 1.196773e+03 9.267641e+02 9.357969e+02
45t 9.488742e+02 9.313556e+02 1.005131e+03 9.334447e+02 9.535385e+02
46t 9.457177e+02 9.274048e+02 1.052346e+03 9.287708e+02 9.238405e+02
47t 9.090670e+02 9.222762e+02 5.252692e+02 9.042915e+02 9.204230e+02
48t 9.523033e+02 9.292773e+02 1.352167e+03 9.922681e+02 9.753622e+02
49t 1.024410e+03 1.024307e+03 1.212684e+03 1.037474e+03 1.018645e+03
50t 1.068288e+03 1.012302e+03 1.229916e+03 1.146581e+03 1.152442e+03
              46           47           48           49           50
1t  1.515227e+00 3.652648e+00 8.273653e-01 1.776684e+00 2.447018e+00
2t  1.009826e+07 2.485972e+07 1.421543e+07 8.597083e+06 8.602842e+06
3t  2.207226e+06 6.821604e+06 1.352717e+06 2.742455e+06 4.071318e+06
4t  1.312211e+05 1.000972e+05 1.307298e+05 9.176816e+04 8.556402e+04
5t  5.973321e+01 3.421188e+00 5.493116e+01 1.886940e+01 3.024159e+00
6t  3.445742e+02 3.411337e+02 9.925857e+01 4.642347e+01 3.005518e+02
7t  7.498532e+03 3.504354e+03 5.736425e+03 3.826629e+03 2.471100e+03
8t  6.338849e+00 8.615730e+00 5.017761e+00 6.768549e+00 8.680173e+00
9t  3.571158e+02 1.850200e+02 2.917458e+02 2.408048e+02 1.698521e+02
10t 2.927990e+01 3.546443e+01 2.419155e+01 3.312600e+01 3.529441e+01
11t 3.391219e+02 6.592820e+01 3.041821e+02 2.500745e+02 1.592067e+02
12t 2.866813e+04 2.986456e+02 2.322443e+04 2.057006e+02 3.588794e+02
13t 1.997825e+01 2.299779e+00 1.945316e+01 1.806859e+00 2.142040e+00
14t 2.120845e+01 2.118628e+01 2.080935e+01 2.122052e+01 2.110000e+01
15t 1.994124e+02 6.377353e+02 1.454075e+02 5.237340e+03 3.233253e+02
16t 4.914125e+01 4.917942e+01 1.121275e+02 4.934452e+01 4.934730e+01
17t 6.747020e+01 1.130250e+00 5.044008e-01 1.846229e-01 2.098960e-01
18t 9.813563e-01 1.063132e+00 8.877881e-01 1.011095e+00 1.035733e+00
19t 1.074914e+03 4.031056e+02 7.621266e+02 4.300058e+02 3.703362e+02
20t 5.504854e+02 1.792516e+02 3.519316e+02 2.269815e+02 2.038594e+02
21t 3.393475e+04 2.722157e+04 2.797095e+04 2.783382e+04 2.808137e+04
22t 3.546284e+04 2.825486e+04 2.774330e+04 2.895190e+04 2.865451e+04
23t 5.458916e+01 4.080084e+01 6.178276e+01 4.657464e+01 4.581333e+01
24t 3.674986e+00 7.605796e-01 9.895611e-01 7.979014e-01 6.175441e-01
25t 5.567759e-01 5.226788e-01 7.185106e-01 6.785465e-01 4.671763e-01
26t 2.764402e-01 3.805695e-01 3.364849e-01 3.780024e-01 3.009754e-01
27t 5.430200e+01 7.235971e+01 7.781720e+01 1.317885e+02 6.297092e+01
28t 1.807217e+02 3.829239e+02 1.824378e+02 2.724441e+02 3.209890e+02
29t 3.946256e+02 2.604914e+02 3.803945e+02 3.325809e+02 3.201722e+02
30t 1.194476e+01 1.324613e+01 1.107725e+01 1.235603e+01 1.322907e+01
31t 1.160057e+02 1.747141e+02 1.643766e+02 1.666156e+02 1.743658e+02
32t 2.374888e+02 3.569115e+02 3.942364e+02 1.617021e+03 3.488662e+02
33t 1.259169e+02 1.038391e+02 1.315941e+02 1.130411e+02 9.003756e+01
34t 2.939134e+01 3.166664e+01 2.222718e+01 3.191276e+01 2.896183e+01
35t 1.354240e+04 1.239871e+04 1.324247e+04 1.229507e+04 1.247143e+04
36t 3.030098e+05 3.810943e+05 1.566682e+05 2.186260e+05 3.882895e+05
37t 6.030290e+01 6.175688e+01 5.807188e+01 5.825949e+01 6.110362e+01
38t 1.746531e+05 2.816785e+05 1.429908e+05 3.412111e+05 3.103678e+05
39t 5.822574e+00 6.318189e+00 5.489868e+00 6.012190e+00 6.719857e+00
40t 4.928166e+02 1.464528e+01 2.916862e+02 4.194898e+01 1.630517e+01
41t 4.508222e+02 4.553675e+02 5.466881e+02 5.536110e+02 4.191745e+02
42t 3.389309e+02 3.024506e+02 4.268089e+02 3.353926e+02 2.734803e+02
43t 4.334932e+02 3.053367e+02 5.000938e+02 4.032121e+02 3.306203e+02
44t 9.754142e+02 9.244521e+02 9.281685e+02 9.224750e+02 9.210767e+02
45t 9.698853e+02 9.243455e+02 9.276783e+02 9.350620e+02 9.252902e+02
46t 9.580171e+02 9.308374e+02 9.339953e+02 9.205733e+02 9.287572e+02
47t 5.612338e+02 1.022563e+03 5.259795e+02 9.221974e+02 1.019259e+03
48t 1.100165e+03 9.222078e+02 1.052718e+03 9.439778e+02 9.223864e+02
49t 5.757833e+02 1.022716e+03 5.563900e+02 1.018450e+03 1.022191e+03
50t 1.266466e+03 9.098123e+02 1.182078e+03 9.590610e+02 8.952641e+02
              51           52           53           54           55
1t  1.342069e+00 1.190054e+00 9.194410e-01 1.464802e+00 7.678955e-01
2t  1.563048e+07 9.501767e+06 5.008167e+06 8.862503e+06 4.001337e+06
3t  2.224949e+06 1.794568e+06 1.644430e+06 2.354427e+06 1.189488e+06
4t  9.852752e+04 1.268539e+05 1.047114e+05 1.398188e+05 1.217149e+05
5t  4.780156e+01 2.836193e+01 2.591300e+01 1.708539e+01 5.253733e+01
6t  5.193547e+01 8.924611e+01 1.146678e+01 1.428472e+02 1.532892e+01
7t  3.477496e+03 4.470844e+03 6.725893e+03 5.125020e+03 1.600375e+04
8t  6.499636e+00 5.555400e+00 5.312208e+00 7.110833e+00 1.227755e+02
9t  2.502354e+02 2.717671e+02 3.162269e+02 2.776900e+02 3.944302e+02
10t 3.094300e+01 2.683964e+01 2.637656e+01 2.867583e+01 2.158002e+01
11t 2.900327e+02 2.515153e+02 2.830815e+02 2.557390e+02 3.952245e+02
12t 9.050822e+03 7.179278e+02 1.523509e+04 8.363332e+03 1.991623e+04
13t 1.987934e+01 1.361749e+00 2.002730e+01 1.870714e+01 2.047769e+01
14t 2.103713e+01 2.106731e+01 2.090146e+01 2.110287e+01 2.118587e+01
15t 3.846464e+02 1.553301e+02 1.477724e+02 3.401248e+03 1.350757e+02
16t 4.929957e+01 4.883011e+01 4.821118e+01 4.920291e+01 4.910545e+01
17t 7.992580e-02 5.597315e-02 1.578011e+00 5.283487e-02 4.796551e+02
18t 9.431256e-01 9.141916e-01 8.409691e-01 9.801611e-01 8.072503e-01
19t 4.361019e+02 4.651813e+02 5.510000e+02 5.714082e+02 2.625689e+03
20t 2.909585e+02 2.826152e+02 4.057899e+02 4.014436e+02 7.349971e+02
21t 2.769988e+04 2.799060e+04 2.940810e+04 3.056544e+04 3.535157e+04
22t 2.826398e+04 2.736798e+04 2.937107e+04 3.517530e+04 3.583100e+04
23t 5.652350e+01 4.884261e+01 6.228038e+01 5.341143e+01 7.481705e+01
24t 7.962820e-01 9.723435e-01 6.685430e-01 3.660461e+00 3.674799e+00
25t 6.098628e-01 5.991476e-01 1.108625e+00 5.114007e-01 6.541110e-01
26t 3.672017e-01 3.071281e-01 3.104912e-01 3.179192e-01 2.691724e-01
27t 8.370984e+01 8.111329e+01 1.060933e+02 8.050741e+01 6.300713e+01
28t 2.673699e+02 2.269343e+02 2.320563e+02 2.556347e+02 1.454438e+02
29t 3.680528e+02 3.376426e+02 3.299031e+02 4.145350e+02 5.245993e+02
30t 1.034190e+01 1.197876e+01 9.594198e+00 1.195343e+01 1.602968e+01
31t 1.866171e+02 1.445751e+02 2.104499e+02 1.458293e+02 1.195671e+02
32t 3.324087e+02 3.579807e+02 5.656545e+02 3.450020e+02 4.467859e+02
33t 1.181082e+02 1.033153e+02 1.413704e+02 1.108363e+02 1.455719e+02
34t 2.858735e+01 2.746505e+01 3.638776e+01 3.018300e+01 2.340066e+01
35t 1.274681e+04 1.271818e+04 1.313936e+04 1.275572e+04 1.469130e+04
36t 2.771202e+05 2.492781e+05 2.144900e+05 2.911760e+05 1.334212e+05
37t 5.693732e+01 5.830459e+01 5.398980e+01 6.055098e+01 6.819214e+01
38t 2.179319e+05 2.471856e+05 2.935356e+05 2.211191e+05 1.485387e+05
39t 5.040550e+00 6.311542e+00 6.054127e+00 5.314933e+00 5.418869e+00
40t 3.835345e+01 7.704323e+01 9.594113e+01 7.308402e+01 8.206835e+02
41t 5.387568e+02 4.388479e+02 5.490144e+02 4.767672e+02 4.482028e+02
42t 2.873317e+02 2.823532e+02 5.247419e+02 3.321602e+02 3.513144e+02
43t 4.074103e+02 4.782290e+02 4.785288e+02 4.130310e+02 4.643234e+02
44t 9.404116e+02 9.286258e+02 9.321335e+02 9.329752e+02 9.274577e+02
45t 9.318029e+02 9.341009e+02 9.358883e+02 9.301873e+02 9.314181e+02
46t 9.298106e+02 9.333860e+02 9.388244e+02 9.325383e+02 9.297497e+02
47t 9.082864e+02 9.032687e+02 5.312665e+02 5.714385e+02 1.200148e+03
48t 9.611697e+02 1.017127e+03 1.058673e+03 9.976201e+02 1.308709e+03
49t 1.030501e+03 1.023686e+03 5.546627e+02 5.760108e+02 1.213013e+03
50t 1.155423e+03 1.156035e+03 1.161132e+03 1.225532e+03 1.307860e+03
              56           57           58           59           60
1t  1.479506e+00 9.573458e-01 1.237655e+00 5.904167e-01 6.573836e-01
2t  1.402204e+07 1.727255e+07 1.538836e+07 3.838762e+06 3.283072e+06
3t  2.251782e+06 1.536619e+06 2.719664e+06 1.102727e+06 9.690928e+05
4t  1.089636e+05 1.184898e+05 8.721921e+04 6.729732e+04 1.154724e+05
5t  2.732704e+01 4.633666e+01 1.771046e+01 2.609670e+01 5.004006e+01
6t  2.266835e+02 1.164564e+02 1.262233e+02 3.005008e+00 7.180196e+00
7t  3.249068e+03 4.269800e+03 3.760334e+03 1.878958e+04 1.990564e+04
8t  6.492208e+00 5.244622e+00 8.007484e+00 4.939140e+00 4.565978e+00
9t  2.911973e+02 2.760781e+02 2.056809e+02 3.071092e+02 3.909022e+02
10t 3.043659e+01 2.573319e+01 3.493483e+01 2.640146e+01 2.212728e+01
11t 2.962941e+02 2.758082e+02 2.701461e+02 2.811235e+02 3.668564e+02
12t 4.619423e+03 1.610401e+04 4.626796e+02 8.831730e+03 1.937876e+04
13t 1.711512e+00 1.265951e+00 1.956780e+00 1.971861e+01 2.042037e+01
14t 2.106947e+01 2.096156e+01 2.108643e+01 2.081162e+01 2.113491e+01
15t 2.260119e+02 2.647381e+02 1.574374e+03 2.781546e+02 1.163312e+02
16t 1.095012e+02 4.789840e+01 4.897123e+01 4.707563e+01 4.897850e+01
17t 1.088689e+00 1.613602e+00 1.080698e-01 5.642806e-02 3.243176e+02
18t 1.001776e+00 8.609042e-01 1.013292e+00 7.857430e-01 7.687024e-01
19t 4.880899e+02 5.443295e+02 4.081285e+02 2.142147e+03 2.815303e+03
20t 3.098873e+02 3.571568e+02 2.319933e+02 3.208063e+02 8.149041e+02
21t 2.851597e+04 2.807721e+04 2.736593e+04 2.752017e+04 3.592370e+04
22t 2.913548e+04 2.901689e+04 2.917383e+04 2.953947e+04 3.542354e+04
23t 4.813258e+01 5.211951e+01 4.905965e+01 6.609755e+01 7.617266e+01
24t 5.703287e-01 5.990258e-01 9.092727e-01 6.673139e-01 3.372570e+00
25t 5.695196e-01 6.939345e-01 5.398461e-01 8.292663e-01 6.383893e-01
26t 3.457831e-01 2.873623e-01 3.818814e-01 8.395758e-01 2.756001e-01
27t 8.601332e+01 7.237104e+01 9.526426e+01 1.317076e+02 4.835796e+01
28t 2.543611e+02 1.876567e+02 2.445564e+02 1.899133e+02 1.425650e+02
29t 3.353159e+02 3.564097e+02 3.193336e+02 4.177280e+02 4.686130e+02
30t 1.082891e+01 1.102296e+01 1.704117e+01 1.690840e+01 4.435318e+01
31t 1.573530e+02 1.684762e+02 1.512479e+02 2.436127e+02 1.173404e+02
32t 3.414294e+02 3.552969e+02 2.940077e+02 9.559056e+02 3.642013e+02
33t 8.837555e+01 1.152308e+02 1.116787e+02 1.520125e+02 1.201205e+02
34t 2.690021e+01 2.309608e+01 2.758906e+01 3.342229e+01 2.517896e+01
35t 1.254354e+04 1.282130e+04 1.258346e+04 1.466480e+04 1.469434e+04
36t 2.473690e+05 2.209625e+05 2.952290e+05 2.762850e+05 1.175506e+05
37t 5.570254e+01 5.458684e+01 5.921679e+01 5.825084e+01 6.591768e+01
38t 3.661490e+05 2.344977e+05 2.833261e+05 2.912037e+05 1.568463e+05
39t 5.841088e+00 5.345427e+00 6.644909e+00 5.906997e+00 5.066382e+00
40t 5.190290e+01 1.171957e+02 1.938860e+01 1.030781e+02 7.772085e+02
41t 4.493239e+02 4.471231e+02 4.586803e+02 8.015176e+02 4.437364e+02
42t 2.650181e+02 3.759541e+02 2.911174e+02 4.556637e+02 4.265853e+02
43t 3.957832e+02 4.025893e+02 3.735105e+02 5.459486e+02 4.598083e+02
44t 9.293898e+02 9.392271e+02 9.303863e+02 9.535128e+02 9.293057e+02
45t 9.306825e+02 9.358761e+02 9.315641e+02 1.094613e+03 9.270373e+02
46t 9.306471e+02 9.316125e+02 9.258444e+02 9.601634e+02 9.257491e+02
47t 9.203244e+02 8.960450e+02 1.030405e+03 8.874025e+02 1.202590e+03
48t 9.715734e+02 9.808951e+02 9.359583e+02 1.432145e+03 1.302989e+03
49t 1.026445e+03 5.535012e+02 1.024917e+03 5.484967e+02 1.215753e+03
50t 1.188752e+03 1.227647e+03 9.469518e+02 1.246667e+03 1.323775e+03
              61           62           63           64           65
1t  9.661488e-01 1.455176e+00 9.924179e-01 1.601426e+00 1.142110e+00
2t  1.510991e+07 8.429937e+06 2.097895e+07 2.715551e+07 1.287252e+07
3t  1.645072e+06 2.087677e+06 1.716888e+06 2.342026e+06 2.330084e+06
4t  1.077155e+05 1.032644e+05 1.060132e+05 1.197797e+05 1.099515e+05
5t  4.950872e+01 1.537269e+01 3.402467e+01 5.309338e+01 2.721040e+01
6t  1.002117e+02 1.427283e+02 1.946443e+02 1.982479e+02 2.960264e+02
7t  8.311059e+03 3.667794e+03 4.544074e+03 7.439882e+03 5.789400e+03
8t  5.120538e+00 6.611064e+00 5.896717e+00 6.461236e+00 6.332498e+00
9t  3.153816e+02 2.513513e+02 2.996856e+02 3.010140e+02 2.866772e+02
10t 2.498959e+01 2.803372e+01 2.884314e+01 3.208101e+01 2.889442e+01
11t 3.106821e+02 2.671016e+02 2.857652e+02 3.109465e+02 2.586560e+02
12t 1.834356e+04 2.113027e+02 5.743278e+03 6.690465e+03 1.351632e+04
13t 1.992490e+01 1.613289e+00 1.225320e+00 1.734548e+00 1.552156e+00
14t 2.091155e+01 2.109400e+01 2.091125e+01 2.089859e+01 2.093711e+01
15t 3.741782e+02 7.013981e+03 1.729715e+02 3.125421e+02 2.059673e+02
16t 6.918255e+01 4.899358e+01 4.913207e+01 5.880874e+01 4.792512e+01
17t 1.205116e+01 8.641070e-02 1.074380e+00 1.549355e+00 4.030380e-01
18t 9.148258e-01 9.650024e-01 9.213142e-01 9.962384e-01 9.648275e-01
19t 6.609889e+02 4.115930e+02 5.552015e+02 4.241516e+02 4.363650e+02
20t 4.167054e+02 2.430348e+02 3.492990e+02 2.700480e+02 3.397299e+02
21t 2.774852e+04 2.641292e+04 2.825805e+04 2.795310e+04 2.809953e+04
22t 2.854369e+04 2.875679e+04 2.736360e+04 2.884943e+04 2.883451e+04
23t 6.424722e+01 4.869116e+01 5.445718e+01 4.786253e+01 5.061554e+01
24t 8.670292e-01 9.063871e-01 7.502327e-01 4.544910e-01 6.391163e-01
25t 7.755132e-01 4.626039e-01 6.810850e-01 7.140046e-01 5.772434e-01
26t 3.427692e-01 3.074315e-01 3.199692e-01 3.958039e-01 2.833804e-01
27t 1.047983e+02 8.484667e+01 7.775584e+01 8.273720e+01 7.209923e+01
28t 1.838750e+02 2.317474e+02 2.201549e+02 2.497264e+02 2.431273e+02
29t 4.017454e+02 3.391696e+02 3.004403e+02 2.309198e+02 2.488699e+02
30t 1.067341e+01 1.059795e+01 1.143578e+01 1.304775e+01 1.373910e+01
31t 1.463713e+02 1.537544e+02 1.475788e+02 1.704393e+02 1.509235e+02
32t 4.336637e+02 6.093298e+02 3.276464e+02 3.934372e+02 3.137632e+02
33t 1.333406e+02 1.014284e+02 1.103711e+02 1.204953e+02 9.337202e+01
34t 2.293944e+01 2.401066e+01 2.284106e+01 2.826409e+01 2.711625e+01
35t 1.326553e+04 1.266937e+04 1.268947e+04 1.268749e+04 1.275120e+04
36t 2.400756e+05 2.734134e+05 1.956737e+05 1.831934e+05 2.152536e+05
37t 5.601509e+01 6.189175e+01 5.736585e+01 5.786721e+01 5.689249e+01
38t 2.246997e+05 3.089289e+05 1.893164e+05 1.891063e+05 2.469122e+05
39t 6.892129e+00 5.780873e+00 5.660060e+00 4.942543e+00 5.801136e+00
40t 2.091338e+02 4.293995e+01 8.818731e+01 4.814257e+01 6.485777e+01
41t 5.486969e+02 4.092471e+02 4.268072e+02 5.506506e+02 4.493523e+02
42t 3.535371e+02 3.522694e+02 3.113931e+02 2.669978e+02 2.748989e+02
43t 4.482085e+02 4.226708e+02 4.343421e+02 3.804645e+02 4.013328e+02
44t 9.342778e+02 9.347393e+02 9.257931e+02 9.928651e+02 9.357686e+02
45t 9.380664e+02 9.370813e+02 9.288073e+02 9.356150e+02 9.348274e+02
46t 9.521657e+02 9.231767e+02 9.315039e+02 9.344087e+02 9.337365e+02
47t 8.928453e+02 9.091821e+02 9.042348e+02 5.526379e+02 9.055635e+02
48t 1.043067e+03 9.284581e+02 9.753931e+02 1.000013e+03 9.309449e+02
49t 5.550333e+02 1.022543e+03 1.025387e+03 1.030511e+03 1.026746e+03
50t 1.185021e+03 1.056904e+03 1.186364e+03 1.055684e+03 1.134095e+03
              66           67           68           69           70
1t  1.567970e+00 2.477274e+00 2.884571e+00 1.911596e+00 1.657147e+00
2t  7.347942e+06 4.775988e+07 6.585369e+06 4.920565e+06 1.404780e+07
3t  2.582420e+06 4.131531e+06 5.751083e+06 3.016592e+06 2.393291e+06
4t  1.243242e+05 9.373701e+04 9.924126e+04 9.602647e+04 1.053113e+05
5t  5.159419e+01 4.871149e+00 1.042337e+01 2.023142e+01 2.255081e+01
6t  1.183509e+02 2.961211e+02 7.451796e+01 8.522296e+00 3.978722e+02
7t  6.047901e+03 3.056685e+03 2.658649e+03 5.934833e+03 4.659088e+03
8t  6.733367e+00 8.722672e+00 9.944062e+00 7.883105e+00 6.732866e+00
9t  3.790494e+02 2.471899e+02 2.113342e+02 3.293514e+02 2.391810e+02
10t 2.832549e+01 3.485569e+01 3.757675e+01 3.048679e+01 3.055402e+01
11t 3.875070e+02 2.176394e+02 1.577472e+02 2.528517e+02 2.566174e+02
12t 2.739141e+04 2.394435e+02 6.162661e+02 3.727068e+02 4.358721e+02
13t 2.045779e+01 2.109239e+00 2.412278e+00 2.033344e+01 1.593099e+00
14t 2.115054e+01 2.110224e+01 2.119020e+01 2.115090e+01 2.100615e+01
15t 2.172027e+02 3.217026e+02 4.546870e+02 2.168762e+02 5.054397e+02
16t 4.929383e+01 4.798521e+01 4.940996e+01 4.858496e+01 4.843802e+01
17t 4.428899e+02 1.240580e+00 1.113315e-01 7.288629e-02 6.764479e-01
18t 9.463621e-01 1.032459e+00 1.056100e+00 1.001329e+00 9.692387e-01
19t 1.280367e+03 4.015181e+02 3.996949e+02 6.057113e+02 4.664658e+02
20t 7.067883e+02 2.398433e+02 2.364765e+02 3.258615e+02 3.608177e+02
21t 3.508428e+04 2.751084e+04 3.165302e+04 2.850700e+04 2.814002e+04
22t 3.571864e+04 2.832661e+04 3.041126e+04 2.965321e+04 2.921429e+04
23t 7.440249e+01 4.382509e+01 5.360819e+01 3.953623e+01 4.923974e+01
24t 3.538415e+00 8.111378e-01 2.622221e+00 4.576565e-01 8.871050e-01
25t 6.350341e-01 5.609845e-01 4.007231e-01 9.451902e-01 6.106429e-01
26t 2.858974e-01 3.410385e-01 2.921983e-01 3.100405e-01 3.140732e-01
27t 6.293970e+01 8.025471e+01 7.345238e+01 1.117355e+02 9.204456e+01
28t 2.197328e+02 3.480414e+02 3.439416e+02 4.616340e+02 2.297635e+02
29t 4.307108e+02 3.468832e+02 2.828499e+02 2.855878e+02 3.212721e+02
30t 1.287567e+01 1.447686e+01 1.544561e+01 2.103200e+01 1.116282e+01
31t 1.336989e+02 1.595378e+02 1.745246e+02 1.811647e+02 1.714012e+02
32t 3.323201e+02 2.996060e+02 3.609437e+02 5.992686e+02 4.199722e+02
33t 1.396061e+02 1.135713e+02 1.031087e+02 1.265674e+02 9.295056e+01
34t 2.647057e+01 3.062397e+01 3.334567e+01 3.291862e+01 2.587905e+01
35t 1.335312e+04 1.265314e+04 1.233984e+04 1.307162e+04 1.253178e+04
36t 1.744964e+05 2.891283e+05 4.180360e+05 3.674654e+05 2.610494e+05
37t 6.342669e+01 6.310912e+01 5.759639e+01 5.807137e+01 6.027072e+01
38t 1.423414e+05 2.400586e+05 1.802047e+05 3.144163e+05 2.065467e+05
39t 5.431818e+00 6.377530e+00 5.776439e+00 6.351613e+00 5.457873e+00
40t 5.404357e+02 2.007627e+01 1.926425e+01 4.478057e+01 4.489412e+01
41t 4.510202e+02 4.224819e+02 5.601679e+02 5.947297e+02 4.505066e+02
42t 3.539735e+02 2.877801e+02 2.583406e+02 3.635629e+02 2.830544e+02
43t 4.410465e+02 3.726342e+02 3.532907e+02 4.380762e+02 3.257362e+02
44t 9.616975e+02 9.228322e+02 9.313436e+02 9.370673e+02 9.271284e+02
45t 9.605852e+02 9.248400e+02 9.294470e+02 9.364517e+02 9.349512e+02
46t 9.544785e+02 9.293923e+02 9.304273e+02 1.006814e+03 9.324816e+02
47t 5.551708e+02 9.321904e+02 6.947365e+02 9.235019e+02 9.138592e+02
48t 1.072297e+03 9.243757e+02 9.580523e+02 1.017895e+03 9.811666e+02
49t 5.769043e+02 1.016998e+03 6.309725e+02 1.035130e+03 1.022911e+03
50t 1.255315e+03 9.375718e+02 5.442901e+02 1.153195e+03 1.095948e+03
              71           72           73           74           75
1t  1.115289e+00 8.210740e-01 7.790207e-01 1.351438e+00 8.793759e-01
2t  1.159916e+07 4.628980e+06 3.144406e+07 8.707188e+06 2.487566e+07
3t  1.746047e+06 1.341700e+06 1.551868e+06 2.296747e+06 1.444002e+06
4t  9.801050e+04 8.712927e+04 1.218411e+05 1.469337e+05 1.204687e+05
5t  4.227434e+01 3.376546e+01 5.076239e+01 2.947652e+01 4.962661e+01
6t  2.440487e+01 9.348717e+00 2.754543e+02 2.402431e+02 1.105039e+02
7t  2.361385e+03 8.122742e+03 7.728481e+03 7.121708e+03 4.461845e+03
8t  5.481462e+00 4.866378e+00 4.927726e+00 6.650858e+00 5.477064e+00
9t  2.975680e+02 3.032924e+02 2.876338e+02 2.969485e+02 2.899296e+02
10t 2.861804e+01 2.600995e+01 2.547834e+01 2.802580e+01 2.457809e+01
11t 2.984551e+02 2.692845e+02 2.975018e+02 2.782896e+02 2.848841e+02
12t 1.180950e+04 1.290898e+04 2.391204e+04 6.634657e+03 2.113332e+04
13t 1.981726e+01 1.837300e+01 1.963193e+01 1.651473e+00 1.329909e+00
14t 2.084334e+01 2.090899e+01 2.089575e+01 2.116840e+01 2.096227e+01
15t 9.186459e+02 1.377966e+02 1.471111e+02 4.216994e+02 1.546147e+02
16t 4.913628e+01 4.731501e+01 4.884188e+01 1.039411e+02 4.598386e+01
17t 1.178759e+00 6.315120e-02 2.155820e+00 5.068895e-02 3.513729e+00
18t 9.143230e-01 8.644041e-01 8.738445e-01 8.736802e-01 9.026338e-01
19t 5.195623e+02 6.313535e+02 5.616708e+02 5.155892e+02 5.679093e+02
20t 4.308734e+02 4.136391e+02 4.146629e+02 4.104354e+02 2.986018e+02
21t 2.807851e+04 2.817179e+04 2.696867e+04 3.066157e+04 2.820523e+04
22t 2.814468e+04 2.844578e+04 2.877380e+04 3.382474e+04 2.877671e+04
23t 6.108322e+01 5.763246e+01 6.029300e+01 4.662805e+01 5.828135e+01
24t 6.885357e-01 6.774598e-01 8.480920e-01 3.360317e+00 8.699030e-01
25t 8.556508e-01 1.003921e+00 7.726862e-01 5.451794e-01 8.162770e-01
26t 3.235452e-01 3.282414e-01 3.564679e-01 3.130991e-01 2.945459e-01
27t 8.873500e+01 1.002017e+02 9.141399e+01 4.651427e+01 9.160709e+01
28t 1.667428e+02 2.332185e+02 1.957197e+02 2.432395e+02 2.350539e+02
29t 3.480015e+02 3.835584e+02 3.000537e+02 3.863681e+02 3.660304e+02
30t 1.393964e+01 9.775122e+00 1.445271e+01 1.140695e+01 9.854957e+00
31t 1.707066e+02 2.154710e+02 1.867942e+02 1.216933e+02 1.911029e+02
32t 3.535140e+02 4.095268e+02 2.758100e+02 3.516355e+02 4.123771e+02
33t 1.144127e+02 1.168791e+02 1.395369e+02 1.192663e+02 1.189329e+02
34t 2.377548e+01 2.804419e+01 2.300292e+01 2.638149e+01 2.633647e+01
35t 1.304214e+04 1.362060e+04 1.285771e+04 1.264264e+04 1.294724e+04
36t 2.740631e+05 1.728319e+05 1.870127e+05 1.831808e+05 2.021754e+05
37t 5.560030e+01 5.711219e+01 5.660165e+01 6.139406e+01 5.114788e+01
38t 2.057028e+05 2.345281e+05 1.903101e+05 1.843028e+05 1.935928e+05
39t 5.715122e+00 5.519053e+00 6.717166e+00 5.422827e+00 5.527756e+00
40t 6.952300e+01 1.141306e+02 1.309166e+02 1.038067e+02 1.471152e+02
41t 5.487754e+02 5.473291e+02 5.487266e+02 4.492131e+02 4.472846e+02
42t 3.046902e+02 3.448057e+02 3.811519e+02 3.451880e+02 4.271912e+02
43t 4.374226e+02 4.483534e+02 4.960033e+02 4.021993e+02 3.197417e+02
44t 9.319797e+02 9.322221e+02 9.330153e+02 9.305219e+02 9.298639e+02
45t 9.411098e+02 9.454290e+02 9.348183e+02 9.413684e+02 9.355663e+02
46t 9.387798e+02 9.380368e+02 9.344628e+02 9.337196e+02 9.322650e+02
47t 9.032501e+02 8.847710e+02 8.912973e+02 5.549039e+02 8.944796e+02
48t 1.021362e+03 1.047085e+03 9.944240e+02 1.004531e+03 9.953211e+02
49t 1.032152e+03 5.509540e+02 5.513393e+02 5.726969e+02 5.599380e+02
50t 1.184598e+03 1.122508e+03 1.258281e+03 1.247020e+03 1.224643e+03
              76           77           78           79           80
1t  1.513297e+00 1.242142e+00 1.921363e+00 8.215362e-01 1.126166e+00
2t  1.282100e+07 2.038626e+07 2.145171e+07 3.307972e+06 8.487291e+06
3t  2.607966e+06 1.821075e+06 3.354236e+06 1.164504e+06 1.902126e+06
4t  1.171189e+05 1.049344e+05 1.301100e+05 1.204496e+05 1.479985e+05
5t  7.832672e+00 5.421597e+01 1.456809e+01 4.090360e+01 4.156570e+01
6t  1.428075e+02 1.221922e+02 3.394108e+02 4.640480e+00 4.421109e+02
7t  3.465863e+03 6.668046e+03 4.164017e+03 1.894997e+04 8.020570e+03
8t  6.695193e+00 6.305544e+00 7.356385e+00 4.860343e+00 6.385467e+00
9t  2.844690e+02 2.913492e+02 2.518304e+02 3.449054e+02 2.895743e+02
10t 2.954015e+01 2.893138e+01 3.112744e+01 2.342296e+01 2.853946e+01
11t 2.609336e+02 2.719954e+02 2.601226e+02 3.099433e+02 3.181390e+02
12t 2.729453e+02 2.269745e+04 4.805695e+02 1.708542e+04 1.207216e+04
13t 1.688996e+00 1.439972e+00 1.920178e+00 1.945604e+01 1.948614e+01
14t 2.096616e+01 2.095980e+01 2.109707e+01 2.085319e+01 2.118904e+01
15t 2.328185e+02 1.820243e+02 6.346370e+02 1.388251e+02 2.022559e+02
16t 4.758161e+01 1.080614e+02 4.895119e+01 4.782987e+01 4.920561e+01
17t 1.982045e-01 4.160808e+00 6.660707e-01 1.987799e+00 4.678667e-02
18t 9.746329e-01 9.351996e-01 1.020897e+00 8.233351e-01 9.442571e-01
19t 3.840972e+02 5.581566e+02 4.519278e+02 9.767750e+02 7.068671e+02
20t 2.930798e+02 3.075758e+02 2.344537e+02 2.970506e+02 4.841060e+02
21t 2.762055e+04 2.806296e+04 2.816635e+04 2.738769e+04 3.243498e+04
22t 2.936110e+04 2.770566e+04 2.878847e+04 2.893572e+04 3.442822e+04
23t 4.731801e+01 5.514382e+01 4.515834e+01 5.912407e+01 5.064751e+01
24t 7.604960e-01 8.632700e-01 8.225171e-01 3.470962e-01 3.237268e+00
25t 6.977392e-01 7.849535e-01 5.675407e-01 8.512366e-01 6.180595e-01
26t 3.080771e-01 3.107191e-01 3.299633e-01 4.066046e-01 3.347210e-01
27t 6.439403e+01 7.738354e+01 7.147414e+01 9.020497e+01 5.962753e+01
28t 2.099357e+02 3.231045e+02 2.618392e+02 5.843967e+02 2.046937e+02
29t 3.038424e+02 3.531829e+02 2.841536e+02 3.111637e+02 3.672088e+02
30t 1.129814e+01 1.204641e+01 1.352852e+01 1.141283e+01 1.393300e+01
31t 1.417362e+02 1.806480e+02 1.697653e+02 1.729063e+02 1.308758e+02
32t 3.974756e+02 4.462910e+02 2.886484e+02 3.226965e+02 3.777748e+02
33t 8.220254e+01 1.089187e+02 9.487835e+01 1.341198e+02 1.218163e+02
34t 2.660669e+01 2.670369e+01 2.773570e+01 4.159828e+01 2.800094e+01
35t 1.255649e+04 1.245540e+04 1.264899e+04 1.425435e+04 1.279244e+04
36t 3.135160e+05 2.063288e+05 3.028739e+05 2.398190e+05 1.911611e+05
37t 6.180770e+01 5.534760e+01 6.033254e+01 4.696268e+01 6.224741e+01
38t 2.405357e+05 2.136664e+05 2.760352e+05 2.475193e+05 1.552281e+05
39t 5.821099e+00 6.334741e+00 5.752755e+00 6.153972e+00 5.409354e+00
40t 4.381205e+01 5.107491e+01 4.047397e+01 1.304350e+02 1.656244e+02
41t 5.511569e+02 4.478795e+02 4.516175e+02 7.115612e+02 4.497688e+02
42t 3.029733e+02 3.267582e+02 2.905179e+02 3.948001e+02 3.961221e+02
43t 3.211002e+02 4.367718e+02 3.831865e+02 5.272911e+02 3.999315e+02
44t 9.339104e+02 9.328457e+02 9.295083e+02 9.395951e+02 9.488983e+02
45t 9.264636e+02 9.352731e+02 9.303768e+02 1.041265e+03 9.490921e+02
46t 9.406503e+02 9.359320e+02 9.268093e+02 1.019576e+03 9.336066e+02
47t 1.022843e+03 9.097162e+02 5.649684e+02 8.858080e+02 5.492747e+02
48t 9.814022e+02 9.541828e+02 9.351207e+02 1.115518e+03 1.067572e+03
49t 1.021124e+03 1.031302e+03 1.019627e+03 1.210563e+03 5.600895e+02
50t 1.117009e+03 1.180445e+03 1.021817e+03 1.279280e+03 1.292785e+03
# 2025-12-18 19:09:14 -03: Finished testing
