#------------------------------------------------------------------------------
# irace: An implementation in R of (Elitist) Iterated Racing
# Version: 4.2.0.9000.0eef3f1
# Copyright (C) 2010-2025
# Manuel Lopez-Ibanez     <manuel.lopez-ibanez@manchester.ac.uk>
# Jeremie Dubois-Lacoste
# Leslie Perez Caceres    <leslie.perez.caceres@ulb.ac.be>
#
# This is free software, and you are welcome to redistribute it under certain
# conditions.  See the GNU General Public License for details. There is NO
# WARRANTY; not even for MERCHANTABILITY or FITNESS FOR A PARTICULAR PURPOSE.
#
# irace builds upon previous code from the race package:
#     race: Racing methods for the selection of the best
#     Copyright (C) 2003 Mauro Birattari
#------------------------------------------------------------------------------
# installed at: /home/pestobar/R/x86_64-redhat-linux-gnu-library/4.5/irace
# called with: --only-test configurations.txt --scenario scenario.txt
# 2025-12-19 04:20:11 -03: Checking scenario.
# 2025-12-19 04:20:11 -03: Reading parameter file '/home/pestobar/Activities/irace-test-executions/PSO-X/Scenarios/Elites-3/Runs/Elites-3_seed_1900393/parameters.txt'.
# 2025-12-19 04:20:11 -03: 2 expression(s) specifying forbidden configurations read.
## irace scenario:
scenarioFile = "/home/pestobar/Activities/irace-test-executions/PSO-X/Scenarios/Elites-3/Runs/Elites-3_seed_1900393/scenario.txt"
execDir = "/home/pestobar/Activities/irace-test-executions/PSO-X/Scenarios/Elites-3/Runs/Elites-3_seed_1900393/Results"
parameterFile = "/home/pestobar/Activities/irace-test-executions/PSO-X/Scenarios/Elites-3/Runs/Elites-3_seed_1900393/parameters.txt"
parameters = <environment>
initConfigurations = NULL
configurationsFile = ""
logFile = "/home/pestobar/Activities/irace-test-executions/PSO-X/Scenarios/Elites-3/Runs/Elites-3_seed_1900393/Results/irace.Rdata"
recoveryFile = ""
instances = c("--competition 3 --problem 0 --dimensions 30", "--competition 3 --problem 1 --dimensions 30", "--competition 3 --problem 2 --dimensions 30", "--competition 3 --problem 3 --dimensions 30", "--competition 3 --problem 4 --dimensions 30", "--competition 3 --problem 5 --dimensions 30", "--competition 3 --problem 6 --dimensions 30", "--competition 3 --problem 7 --dimensions 30", "--competition 3 --problem 8 --dimensions 30", "--competition 3 --problem 9 --dimensions 30", "--competition 3 --problem 10 --dimensions 30", "--competition 3 --problem 11 --dimensions 30", "--competition 3 --problem 12 --dimensions 30", "--competition 3 --problem 13 --dimensions 30", "--competition 3 --problem 14 --dimensions 30", "--competition 3 --problem 15 --dimensions 30", "--competition 3 --problem 16 --dimensions 30", "--competition 3 --problem 17 --dimensions 30", "--competition 3 --problem 18 --dimensions 30", "--competition 3 --problem 19 --dimensions 30", "--competition 3 --problem 20 --dimensions 30", "--competition 3 --problem 21 --dimensions 30", "--competition 3 --problem 22 --dimensions 30", "--competition 3 --problem 23 --dimensions 30", "--competition 3 --problem 24 --dimensions 30", "--competition 3 --problem 25 --dimensions 30", "--competition 3 --problem 26 --dimensions 30", "--competition 3 --problem 27 --dimensions 30", "--competition 3 --problem 28 --dimensions 30", "--competition 3 --problem 29 --dimensions 30", "--competition 3 --problem 30 --dimensions 30", "--competition 3 --problem 31 --dimensions 30", "--competition 3 --problem 32 --dimensions 30", "--competition 3 --problem 33 --dimensions 30", "--competition 3 --problem 34 --dimensions 30", "--competition 3 --problem 35 --dimensions 30", "--competition 3 --problem 36 --dimensions 30", "--competition 3 --problem 37 --dimensions 30", "--competition 3 --problem 38 --dimensions 30", "--competition 3 --problem 39 --dimensions 30", "--competition 3 --problem 40 --dimensions 30", "--competition 3 --problem 41 --dimensions 30", "--competition 3 --problem 42 --dimensions 30", "--competition 3 --problem 43 --dimensions 30", "--competition 3 --problem 44 --dimensions 30", "--competition 3 --problem 45 --dimensions 30", "--competition 3 --problem 46 --dimensions 30", "--competition 3 --problem 47 --dimensions 30", "--competition 3 --problem 48 --dimensions 30", "--competition 3 --problem 49 --dimensions 30")
trainInstancesDir = ""
trainInstancesFile = "/home/pestobar/Activities/irace-test-executions/PSO-X/Instances/train_MIXTURE.txt"
sampleInstances = TRUE
testInstancesDir = ""
testInstancesFile = "/home/pestobar/Activities/irace-test-executions/PSO-X/TestingInstances/test_MIXTURE.txt"
testInstances = c("1t" = "--competition 3 --problem 0 --dimensions 50", "2t" = "--competition 3 --problem 1 --dimensions 50", "3t" = "--competition 3 --problem 2 --dimensions 50", "4t" = "--competition 3 --problem 3 --dimensions 50", "5t" = "--competition 3 --problem 4 --dimensions 50", "6t" = "--competition 3 --problem 5 --dimensions 50", "7t" = "--competition 3 --problem 6 --dimensions 50", "8t" = "--competition 3 --problem 7 --dimensions 50", "9t" = "--competition 3 --problem 8 --dimensions 50", "10t" = "--competition 3 --problem 9 --dimensions 50", "11t" = "--competition 3 --problem 10 --dimensions 50", "12t" = "--competition 3 --problem 11 --dimensions 50", "13t" = "--competition 3 --problem 12 --dimensions 50", "14t" = "--competition 3 --problem 13 --dimensions 50", "15t" = "--competition 3 --problem 14 --dimensions 50", "16t" = "--competition 3 --problem 15 --dimensions 50", "17t" = "--competition 3 --problem 16 --dimensions 50", "18t" = "--competition 3 --problem 17 --dimensions 50", "19t" = "--competition 3 --problem 18 --dimensions 50", "20t" = "--competition 3 --problem 19 --dimensions 50", "21t" = "--competition 3 --problem 20 --dimensions 50", "22t" = "--competition 3 --problem 21 --dimensions 50", "23t" = "--competition 3 --problem 22 --dimensions 50", "24t" = "--competition 3 --problem 23 --dimensions 50", "25t" = "--competition 3 --problem 24 --dimensions 50", "26t" = "--competition 3 --problem 25 --dimensions 50", "27t" = "--competition 3 --problem 26 --dimensions 50", "28t" = "--competition 3 --problem 27 --dimensions 50", "29t" = "--competition 3 --problem 28 --dimensions 50", "30t" = "--competition 3 --problem 29 --dimensions 50", "31t" = "--competition 3 --problem 30 --dimensions 50", "32t" = "--competition 3 --problem 31 --dimensions 50", "33t" = "--competition 3 --problem 32 --dimensions 50", "34t" = "--competition 3 --problem 33 --dimensions 50", "35t" = "--competition 3 --problem 34 --dimensions 50", "36t" = "--competition 3 --problem 35 --dimensions 50", "37t" = "--competition 3 --problem 36 --dimensions 50", "38t" = "--competition 3 --problem 37 --dimensions 50", "39t" = "--competition 3 --problem 38 --dimensions 50", "40t" = "--competition 3 --problem 39 --dimensions 50", "41t" = "--competition 3 --problem 40 --dimensions 50", "42t" = "--competition 3 --problem 41 --dimensions 50", "43t" = "--competition 3 --problem 42 --dimensions 50", "44t" = "--competition 3 --problem 43 --dimensions 50", "45t" = "--competition 3 --problem 44 --dimensions 50", "46t" = "--competition 3 --problem 45 --dimensions 50", "47t" = "--competition 3 --problem 46 --dimensions 50", "48t" = "--competition 3 --problem 47 --dimensions 50", "49t" = "--competition 3 --problem 48 --dimensions 50", "50t" = "--competition 3 --problem 49 --dimensions 50")
testNbElites = 1L
testIterationElites = FALSE
testType = "friedman"
firstTest = 5L
blockSize = 1L
eachTest = 1L
targetRunner = "/home/pestobar/Activities/irace-test-executions/PSO-X/Scenarios/Elites-3/Runs/Elites-3_seed_1900393/target-runner"
targetRunnerLauncher = ""
targetCmdline = "{configurationID} {instanceID} {seed} {instance} {bound} {targetRunnerArgs}"
targetRunnerRetries = 0L
targetRunnerTimeout = 0L
targetRunnerData = ""
targetRunnerParallel = NULL
targetEvaluator = NULL
deterministic = FALSE
maxExperiments = 5500L
minExperiments = NA_character_
maxTime = 0L
budgetEstimation = 0.05
minMeasurableTime = 0.01
parallel = 10L
loadBalancing = TRUE
mpi = FALSE
batchmode = "0"
quiet = FALSE
debugLevel = 0L
seed = 1900393L
softRestart = TRUE
softRestartThreshold = 1e-04
elitist = TRUE
elitistNewInstances = 1L
elitistLimit = 2L
repairConfiguration = NULL
capping = FALSE
cappingAfterFirstTest = FALSE
cappingType = "median"
boundType = "candidate"
boundMax = NULL
boundDigits = 0L
boundPar = 1L
boundAsTimeout = TRUE
postselection = TRUE
aclib = FALSE
nbIterations = 0L
nbExperimentsPerIteration = 0L
minNbSurvival = 0L
nbConfigurations = 0L
mu = 5L
confidence = 0.95
## end of irace scenario
# 2025-12-19 04:20:11 -03: Read 80 configuration(s) from file 'configurations.txt'
# 2025-12-19 04:20:11 -03: Testing configurations (in the order given as input): 
   particles topology modInfluence branching tSchedule phi1 phi2 inertia
1         21        4            0        NA        NA 1.89 2.36    0.38
2        134        4            0        NA        NA 2.09 2.30    0.53
3          9        1            0        NA        NA 1.54 2.48    0.26
4        142        4            0        NA        NA 1.27 2.48    0.50
5         67        4            0        NA        NA 1.58 2.49    0.41
6         66        1            1        NA        NA 2.05 1.48    0.59
7         90        4            0        NA        NA 1.94 2.40    0.65
8        162        4            2        NA        NA 0.44 2.37    0.81
9         85        4            0        NA        NA 2.15 2.28    0.55
10        45        4            0        NA        NA 1.79 2.42    0.50
11        82        4            0        NA        NA 1.24 2.44    0.35
12       106        4            0        NA        NA 1.91 2.36    0.46
13        77        4            0        NA        NA 1.28 2.47    0.42
14        57        4            0        NA        NA 0.59 2.22    0.56
15        20        0            1        NA        NA 2.46 2.08    0.31
16       108        4            0        NA        NA 2.14 2.28    0.67
17       142        4            0        NA        NA 2.03 2.45    0.37
18       101        4            0        NA        NA 2.28 2.16    0.50
19         6        5            0        NA         6 2.43 2.33    0.21
20        18        0            1        NA        NA 1.86 2.30    0.24
21       149        4            0        NA        NA 1.24 2.43    0.40
22        77        4            0        NA        NA 2.05 2.34    0.44
23        20        0            1        NA        NA 1.84 2.22    0.29
24       144        4            0        NA        NA 1.96 2.47    0.60
25        93        4            0        NA        NA 1.42 2.44    0.49
26        50        1            1        NA        NA 2.16 1.78    0.58
27        67        4            0        NA        NA 2.44 2.38    0.56
28        75        4            0        NA        NA 1.87 2.34    0.55
29       165        4            0        NA        NA 2.45 2.44    0.37
30        68        4            0        NA        NA 1.89 2.34    0.69
31        92        4            0        NA        NA 1.30 2.43    0.41
32        16        4            0        NA        NA 1.09 2.06    0.33
33        80        4            0        NA        NA 1.65 2.50    0.27
34        11        4            0        NA        NA 1.41 2.38    0.48
35        37        1            1        NA        NA 2.40 1.94    0.24
36       134        4            0        NA        NA 2.01 2.42    0.53
37       102        4            0        NA        NA 2.17 2.48    0.43
38       110        4            0        NA        NA 2.13 2.41    0.56
39       179        5            0        NA         6 0.86 2.44    0.29
40        21        0            1        NA        NA 2.25 2.32    0.22
41        38        4            0        NA        NA 2.21 1.60    0.53
42       150        4            0        NA        NA 1.95 2.33    0.58
43         4        4            2        NA        NA 1.77 2.47    0.41
44       105        4            0        NA        NA 0.43 2.38    0.25
45        75        4            0        NA        NA 2.17 2.11    0.61
46       115        1            1        NA        NA 2.36 2.43    0.66
47       115        4            0        NA        NA 2.26 2.13    0.74
48        83        4            0        NA        NA 2.38 2.39    0.11
49        38        4            0        NA        NA 2.46 1.83    0.67
50        83        4            0        NA        NA 1.42 2.41    0.70
51        79        4            0        NA        NA 1.02 2.39    0.45
52        83        4            0        NA        NA 2.35 2.47    0.44
53        25        1            0        NA        NA 1.69 2.28    0.33
54        89        4            2        NA        NA 2.41 2.46    0.72
55        25        1            2        NA        NA 2.11 2.38    0.30
56       103        4            0        NA        NA 0.96 2.24    0.45
57        84        4            0        NA        NA 2.11 2.48    0.32
58       103        4            0        NA        NA 0.50 2.49    0.48
59        28        0            0        NA        NA 1.99 1.81    0.13
60        22        1            1        NA        NA 2.31 2.37    0.25
61        48        1            0        NA        NA 1.53 2.12    0.18
62        85        4            0        NA        NA 2.11 2.33    0.54
63       104        4            0        NA        NA 2.27 2.39    0.41
64       107        4            0        NA        NA 0.30 2.33    0.20
65       129        4            0        NA        NA 1.28 2.45    0.40
66        68        1            2        NA        NA 0.38 2.48    0.53
67        62        1            0        NA        NA 1.72 2.22    0.69
68        69        4            2        NA        NA 0.21 2.15    0.81
69        98        0            0        NA        NA 1.95 2.00    0.67
70       117        4            0        NA        NA 1.52 2.26    0.52
71        68        4            0        NA        NA 0.99 2.49    0.28
72        34        4            0        NA        NA 2.31 2.40    0.33
73       107        4            0        NA        NA 2.02 2.32    0.19
74       163        4            2        NA        NA 1.30 2.44    0.68
75        84        4            0        NA        NA 1.29 2.49    0.24
76        90        4            0        NA        NA 1.66 2.30    0.57
77        84        4            0        NA        NA 0.78 2.24    0.29
78       135        4            0        NA        NA 1.32 2.29    0.57
79       102        0            0        NA        NA 1.96 2.40    0.23
80       200        4            2        NA        NA 2.48 2.31    0.64
# 2025-12-19 06:37:40 -03: Testing results (column number is configuration ID in no particular order):
         seeds            1            2            3            4            5
1t   626739125 8.939910e-01 1.399092e+00 8.318899e-01 1.429344e+00 1.075470e+00
2t    47851820 3.189402e+06 1.513238e+07 3.549163e+06 1.578144e+07 5.310566e+06
3t   488866858 1.472174e+06 2.936217e+06 1.363570e+06 2.585165e+06 1.933727e+06
4t   267356907 1.224600e+05 1.364020e+05 7.586074e+04 1.426605e+05 1.226087e+05
5t   746692589 2.313895e+01 1.890916e+01 1.440459e+01 9.672303e+00 3.282416e+01
6t   100453456 5.871142e+00 5.440394e+02 3.015967e+00 2.781224e+02 1.201207e+02
7t   717634794 2.887042e+03 5.695717e+03 1.754115e+03 5.390106e+03 3.768444e+03
8t  1686880194 5.401973e+00 6.722994e+00 5.191705e+00 6.745628e+00 6.127022e+00
9t   823888781 3.196047e+02 2.935420e+02 3.399579e+02 2.632436e+02 3.028634e+02
10t 1024269978 2.715391e+01 3.049617e+01 2.588995e+01 3.004886e+01 2.675915e+01
11t 2109243764 2.913424e+02 2.482389e+02 3.200469e+02 2.600782e+02 2.777042e+02
12t 1917588582 1.272502e+04 3.397746e+02 4.762927e+03 4.944972e+02 2.205912e+02
13t 1903809052 1.913641e+01 1.674900e+00 1.997133e+01 1.688805e+00 1.627125e+01
14t 1976614758 2.093008e+01 2.110349e+01 2.095887e+01 2.094407e+01 2.098765e+01
15t  477597433 3.549549e+03 2.388550e+02 1.406802e+02 2.383846e+02 4.263195e+02
16t  146687102 4.803650e+01 4.878632e+01 4.510605e+01 4.926583e+01 4.717556e+01
17t  257048772 1.263401e-01 9.393856e-01 2.106126e-01 8.081258e-01 1.371176e+00
18t 1261509902 8.170487e-01 1.002846e+00 8.268942e-01 9.878478e-01 9.171396e-01
19t 1130664736 5.983000e+02 4.338136e+02 5.889106e+02 4.368813e+02 4.886686e+02
20t 1818292296 3.222028e+02 2.412080e+02 7.169764e+02 2.495471e+02 2.986101e+02
21t 1177935969 2.845119e+04 2.803843e+04 2.900151e+04 2.752557e+04 2.786541e+04
22t 2120676024 2.948602e+04 2.870141e+04 2.942050e+04 2.732227e+04 2.892066e+04
23t 1124287125 5.952834e+01 4.741487e+01 6.378171e+01 4.355887e+01 5.507979e+01
24t 1782290491 6.892362e-01 6.340483e-01 1.145544e+00 6.767337e-01 7.087345e-01
25t  182461419 9.891559e-01 4.825491e-01 1.017140e+00 6.706900e-01 7.637548e-01
26t 1487926452 3.174135e-01 3.310478e-01 3.133358e-01 2.596828e-01 3.025753e-01
27t  895562083 1.393624e+02 5.410254e+01 1.291820e+02 5.752841e+01 7.315492e+01
28t 1826556765 6.253421e+02 2.420638e+02 2.147970e+02 2.144633e+02 2.533998e+02
29t 1597040288 3.775581e+02 3.454031e+02 3.610818e+02 2.635708e+02 3.355783e+02
30t 1249996455 1.126389e+01 1.247374e+01 1.357173e+01 1.177140e+01 1.209958e+01
31t  188238703 2.363898e+02 1.475891e+02 1.965996e+02 1.470284e+02 1.707851e+02
32t 2070411722 6.140207e+02 3.312880e+02 4.385716e+02 4.452994e+02 5.090472e+02
33t 1494748972 1.252995e+02 1.058454e+02 1.736647e+02 1.020750e+02 1.318243e+02
34t 1004952128 2.234869e+01 2.433047e+01 2.478768e+01 2.776613e+01 2.505394e+01
35t 1319339206 1.369823e+04 1.255338e+04 1.353406e+04 1.265593e+04 1.301482e+04
36t 1684987770 2.088537e+05 1.887904e+05 2.439089e+05 1.719596e+05 1.948884e+05
37t 1811273456 5.791462e+01 6.143052e+01 5.953544e+01 5.910425e+01 5.607404e+01
38t  776065367 2.192800e+05 2.746267e+05 5.306425e+05 2.198060e+05 2.367530e+05
39t 1054129313 5.024944e+00 4.897613e+00 6.269822e+00 5.856826e+00 6.295187e+00
40t 1712785664 6.211488e+01 2.836987e+01 6.197045e+01 3.378853e+01 8.474231e+01
41t 1254141051 6.091920e+02 4.491792e+02 4.475412e+02 4.487940e+02 4.482357e+02
42t  491169833 3.806494e+02 2.971813e+02 5.245905e+02 2.963912e+02 2.731096e+02
43t 2099361236 4.683464e+02 3.478545e+02 4.555584e+02 3.216421e+02 3.545994e+02
44t 1937762566 9.949914e+02 9.326830e+02 1.009619e+03 9.205065e+02 9.398760e+02
45t 1704632414 9.302853e+02 9.314522e+02 9.332506e+02 9.304247e+02 9.236323e+02
46t  887409663 9.343637e+02 9.278951e+02 9.338902e+02 9.273926e+02 9.372064e+02
47t  688556353 5.339289e+02 1.024500e+03 5.301394e+02 1.026365e+03 1.035415e+03
48t 1358910443 1.052191e+03 9.636737e+02 1.157040e+03 9.733467e+02 9.572406e+02
49t 1389817441 5.531261e+02 1.023917e+03 1.032604e+03 1.022824e+03 5.588931e+02
50t   48123618 1.248993e+03 1.252493e+03 1.265561e+03 1.238098e+03 1.134830e+03
               6            7            8            9           10
1t  1.305355e+00 1.911106e+00 3.245166e+00 1.283589e+00 1.257404e+00
2t  7.506559e+06 2.223422e+07 7.797783e+06 1.321831e+07 5.714892e+06
3t  2.047989e+06 2.903598e+06 5.336366e+06 2.269259e+06 1.792871e+06
4t  1.279638e+05 1.176661e+05 1.380433e+05 1.348856e+05 1.137684e+05
5t  6.016599e+01 6.494921e+00 9.755545e+00 1.438537e+01 3.284336e+01
6t  1.836857e+02 2.524709e+02 2.211206e+02 1.954772e+02 2.839517e+01
7t  7.432730e+03 2.718768e+03 4.460452e+03 3.382271e+03 2.107103e+03
8t  6.437001e+00 7.032005e+00 9.536919e+00 5.600565e+00 6.097869e+00
9t  3.935875e+02 2.304125e+02 1.050034e+02 2.896391e+02 2.778020e+02
10t 2.952888e+01 3.481201e+01 3.855114e+01 3.057502e+01 2.619695e+01
11t 3.631662e+02 2.349340e+02 4.137745e+01 2.623148e+02 2.551982e+02
12t 2.729250e+04 2.367171e+02 2.132323e+03 1.966132e+02 2.036717e+02
13t 2.041717e+01 1.877426e+00 2.419808e+00 1.459526e+00 1.516738e+00
14t 2.115033e+01 2.117427e+01 2.112136e+01 2.107217e+01 2.107890e+01
15t 1.842690e+02 2.837787e+02 4.063425e+02 2.100138e+02 1.761863e+02
16t 4.916106e+01 4.759319e+01 4.928310e+01 4.721872e+01 4.513967e+01
17t 3.943233e+02 1.759391e-01 1.029688e-01 8.760062e-02 1.683108e-01
18t 9.405124e-01 1.018456e+00 1.043105e+00 9.678331e-01 9.070094e-01
19t 1.590652e+03 4.763288e+02 3.765520e+02 4.024284e+02 5.522253e+02
20t 6.863563e+02 2.706405e+02 2.687812e+02 2.812954e+02 3.352729e+02
21t 3.516783e+04 2.761469e+04 3.194671e+04 2.776761e+04 2.702352e+04
22t 3.496408e+04 2.901958e+04 2.988113e+04 2.815126e+04 2.934118e+04
23t 7.143879e+01 5.095555e+01 4.112903e+01 5.278800e+01 4.146982e+01
24t 3.102436e+00 1.085925e+00 3.324178e+00 5.314741e-01 6.163714e-01
25t 5.974139e-01 6.063601e-01 5.122833e-01 6.559561e-01 8.676918e-01
26t 2.559629e-01 3.492872e-01 2.604517e-01 3.023215e-01 2.821924e-01
27t 4.899152e+01 7.963964e+01 3.932762e+01 7.349250e+01 8.792724e+01
28t 1.835654e+02 2.727476e+02 3.602499e+02 2.312114e+02 2.815286e+02
29t 4.461259e+02 2.796340e+02 3.024098e+02 2.998806e+02 3.014585e+02
30t 2.235562e+01 1.333852e+01 1.631746e+01 1.218680e+01 1.481524e+01
31t 8.932894e+01 1.540472e+02 7.396408e+01 1.487827e+02 2.078614e+02
32t 3.747813e+02 2.861212e+02 3.260001e+02 5.330169e+02 3.642104e+02
33t 1.466392e+02 9.850426e+01 1.159466e+02 1.175713e+02 1.211253e+02
34t 2.834936e+01 3.106005e+01 3.200379e+01 2.738947e+01 2.535546e+01
35t 1.403388e+04 1.281114e+04 1.249868e+04 1.272477e+04 1.261367e+04
36t 1.742618e+05 2.684594e+05 4.018039e+05 2.574670e+05 2.046265e+05
37t 6.344959e+01 6.276905e+01 5.961806e+01 5.910562e+01 6.173234e+01
38t 1.582660e+05 2.861781e+05 1.609971e+05 2.971844e+05 3.382808e+05
39t 5.355473e+00 5.984128e+00 6.136753e+00 6.362575e+00 5.983791e+00
40t 9.214995e+02 2.411745e+01 2.159883e+01 4.959156e+01 6.066026e+01
41t 4.489994e+02 4.526399e+02 4.578659e+02 4.494276e+02 4.486734e+02
42t 3.550410e+02 2.693757e+02 2.614726e+02 2.850591e+02 3.027690e+02
43t 4.036996e+02 3.206234e+02 2.968687e+02 3.614606e+02 4.271229e+02
44t 9.505327e+02 9.280096e+02 9.347075e+02 9.553278e+02 9.415362e+02
45t 9.530924e+02 9.214117e+02 9.241093e+02 9.305421e+02 9.314225e+02
46t 9.511714e+02 9.332159e+02 9.323352e+02 9.292124e+02 9.345627e+02
47t 5.465618e+02 1.021253e+03 6.155620e+02 1.020852e+03 1.025811e+03
48t 1.184482e+03 9.330293e+02 9.252895e+02 9.934948e+02 1.032671e+03
49t 5.678495e+02 1.019833e+03 6.305755e+02 1.022100e+03 1.021229e+03
50t 1.333613e+03 1.049367e+03 1.196826e+03 1.156970e+03 1.182259e+03
              11           12           13           14           15
1t  1.122678e+00 1.276584e+00 1.196022e+00 2.014228e+00 6.148680e-01
2t  9.378286e+06 1.317505e+07 7.318952e+06 1.215526e+07 2.869709e+06
3t  1.901048e+06 2.157628e+06 1.874421e+06 3.655614e+06 9.240979e+05
4t  1.091968e+05 1.257024e+05 1.231841e+05 7.384570e+04 1.702529e+05
5t  3.450154e+01 3.878317e+01 3.010269e+01 1.785021e+01 4.308128e+01
6t  2.079906e+02 2.715075e+02 1.557213e+02 4.908427e+01 4.635563e+00
7t  4.523463e+03 5.551023e+03 5.001930e+03 2.257632e+03 1.239334e+04
8t  5.912106e+00 5.810646e+00 6.150273e+00 7.529720e+00 4.171400e+00
9t  3.003917e+02 2.877563e+02 2.786426e+02 2.743961e+02 3.316008e+02
10t 2.759283e+01 2.737835e+01 2.937845e+01 3.270890e+01 1.972249e+01
11t 2.739184e+02 2.471918e+02 2.634755e+02 2.409185e+02 3.125488e+02
12t 9.931316e+03 2.796442e+02 6.178008e+03 6.656275e+02 1.300163e+04
13t 1.929615e+01 1.338262e+00 1.420604e+00 1.875971e+00 1.993349e+01
14t 2.097332e+01 2.112531e+01 2.101359e+01 2.099416e+01 2.101720e+01
15t 1.896398e+02 1.731587e+02 3.984453e+02 2.729133e+02 1.052147e+02
16t 4.790698e+01 4.869951e+01 4.912716e+01 4.920565e+01 4.923493e+01
17t 1.406221e+00 5.353563e-01 6.262982e-01 7.665973e-02 1.815776e+02
18t 9.557605e-01 9.715292e-01 9.275193e-01 1.010201e+00 6.103115e-01
19t 5.941994e+02 5.027538e+02 5.743631e+02 4.286070e+02 5.601385e+03
20t 3.254498e+02 3.086082e+02 2.608833e+02 3.025705e+02 5.746216e+02
21t 2.754363e+04 2.792022e+04 2.806570e+04 2.836469e+04 3.702468e+04
22t 2.786696e+04 2.903450e+04 2.862492e+04 2.889622e+04 3.804247e+04
23t 4.948430e+01 4.661888e+01 5.801467e+01 4.697655e+01 8.199969e+01
24t 6.612063e-01 8.516284e-01 9.618950e-01 5.267463e-01 3.476432e+00
25t 6.721471e-01 5.243299e-01 6.861512e-01 5.493934e-01 5.832059e-01
26t 2.986117e-01 2.883682e-01 2.590692e-01 2.650220e-01 2.667879e-01
27t 8.811292e+01 5.100622e+01 8.879484e+01 9.993510e+01 6.193280e+01
28t 2.579215e+02 2.348154e+02 2.266338e+02 2.917879e+02 1.553789e+02
29t 3.222858e+02 3.427455e+02 3.212386e+02 2.642086e+02 4.645122e+02
30t 1.028788e+01 1.183093e+01 1.143506e+01 1.314647e+01 9.813101e+00
31t 1.658883e+02 1.595490e+02 2.034527e+02 1.762253e+02 1.270936e+02
32t 3.680406e+02 2.810484e+02 4.833787e+02 5.081264e+02 3.656098e+02
33t 1.132016e+02 1.122665e+02 9.724277e+01 9.572138e+01 1.707712e+02
34t 2.229431e+01 2.239747e+01 2.477242e+01 3.393522e+01 2.238296e+01
35t 1.265975e+04 1.268689e+04 1.261094e+04 1.275512e+04 1.829240e+04
36t 1.691823e+05 2.084918e+05 1.660009e+05 1.892885e+05 9.531070e+04
37t 5.753432e+01 5.687345e+01 5.943075e+01 5.884667e+01 5.590500e+01
38t 2.910511e+05 3.507341e+05 2.876093e+05 3.206647e+05 1.944283e+05
39t 5.644355e+00 5.047466e+00 5.231983e+00 7.761599e+00 5.568610e+00
40t 8.299905e+01 5.302240e+01 6.072974e+01 2.173584e+01 7.995488e+02
41t 4.478932e+02 4.491324e+02 4.469734e+02 4.508450e+02 1.017969e+03
42t 2.477955e+02 2.821764e+02 2.871704e+02 2.779944e+02 3.999051e+02
43t 3.916866e+02 3.758446e+02 4.010303e+02 3.062232e+02 7.906904e+02
44t 9.368639e+02 9.306176e+02 9.460215e+02 9.342426e+02 9.259079e+02
45t 9.288986e+02 9.247385e+02 9.284423e+02 9.334907e+02 9.231664e+02
46t 9.307446e+02 9.386989e+02 9.353915e+02 9.381776e+02 9.226485e+02
47t 1.028080e+03 1.025252e+03 1.025850e+03 1.028187e+03 1.225814e+03
48t 9.511493e+02 9.431989e+02 9.877864e+02 9.791618e+02 1.451950e+03
49t 1.032376e+03 1.024701e+03 1.026721e+03 1.024871e+03 1.236540e+03
50t 1.215394e+03 1.208231e+03 1.223563e+03 1.085865e+03 1.377810e+03
              16           17           18           19           20
1t  2.214376e+00 1.217481e+00 1.293025e+00 7.182345e-01 6.120394e-01
2t  2.254205e+07 1.804642e+07 1.960859e+07 2.299768e+06 2.992165e+06
3t  4.171563e+06 1.911901e+06 2.237397e+06 1.147818e+06 8.307983e+05
4t  1.129134e+05 1.642724e+05 1.468574e+05 7.091949e+04 1.686065e+05
5t  2.942429e+00 3.731445e+01 1.878674e+01 1.847360e+01 4.093542e+01
6t  3.606655e+02 3.322443e+02 2.881953e+02 2.948241e+00 3.021721e+00
7t  3.064885e+03 4.821138e+03 3.322461e+03 3.030355e+03 2.040260e+04
8t  8.128422e+00 5.643120e+00 5.724089e+00 1.891304e+02 4.212167e+00
9t  2.149509e+02 2.859955e+02 2.744880e+02 3.666193e+02 4.468632e+02
10t 3.339041e+01 2.536207e+01 2.891401e+01 2.255054e+01 1.904204e+01
11t 1.091169e+02 2.655260e+02 2.566389e+02 3.662743e+02 4.145406e+02
12t 2.755002e+02 1.104793e+04 5.110584e+03 1.377754e+03 1.176651e+04
13t 1.967699e+00 1.266042e+00 1.471533e+00 2.008249e+01 1.987344e+01
14t 2.114715e+01 2.098286e+01 2.107594e+01 2.081923e+01 2.059603e+01
15t 3.163551e+02 1.777079e+02 1.830797e+02 1.252577e+02 1.031134e+02
16t 4.816391e+01 4.730843e+01 4.928052e+01 4.707946e+01 4.922238e+01
17t 8.859047e-01 1.117430e+00 7.064710e-01 1.708329e-01 2.993353e+02
18t 1.031894e+00 9.404813e-01 9.469198e-01 7.439134e-01 6.499107e-01
19t 3.968550e+02 5.508653e+02 4.996695e+02 8.271135e+02 6.092818e+03
20t 2.187254e+02 2.497006e+02 2.968460e+02 5.548331e+02 5.815205e+02
21t 2.745275e+04 2.780395e+04 2.747327e+04 3.111527e+04 3.722250e+04
22t 2.854053e+04 2.753788e+04 2.842053e+04 3.088730e+04 3.764979e+04
23t 4.173389e+01 5.580549e+01 5.432740e+01 6.965839e+01 8.700868e+01
24t 9.496365e-01 5.665171e-01 6.430145e-01 7.230756e-01 4.691305e+00
25t 5.851997e-01 4.754835e-01 6.357676e-01 7.786929e-01 6.022607e-01
26t 3.064655e-01 3.048239e-01 3.241242e-01 3.383418e-01 2.579475e-01
27t 1.004531e+02 7.768587e+01 8.664128e+01 1.315503e+02 6.195618e+01
28t 2.976665e+02 2.140950e+02 2.141569e+02 2.704834e+02 1.477075e+02
29t 2.785942e+02 2.912497e+02 3.453147e+02 5.257627e+02 4.312050e+02
30t 1.421921e+01 1.083700e+01 1.126072e+01 1.248954e+01 7.380685e+00
31t 1.714983e+02 1.324710e+02 1.502812e+02 2.374362e+02 1.282129e+02
32t 3.914150e+02 2.775016e+02 5.304533e+02 3.049429e+02 4.103308e+02
33t 1.088920e+02 1.138034e+02 9.248634e+01 2.988413e+02 2.035638e+02
34t 2.745901e+01 2.427519e+01 2.612185e+01 2.460731e+01 2.276991e+01
35t 1.241015e+04 1.271051e+04 1.241632e+04 1.439921e+04 1.876644e+04
36t 2.892283e+05 1.436985e+05 2.103184e+05 2.045345e+05 1.056119e+05
37t 5.882190e+01 6.073071e+01 5.824180e+01 7.104158e+01 5.528383e+01
38t 3.171851e+05 2.371276e+05 2.833946e+05 5.147832e+05 2.675736e+05
39t 5.647783e+00 6.305343e+00 5.582076e+00 6.726129e+00 4.866299e+00
40t 3.970455e+01 8.905606e+01 4.067737e+01 5.286718e+01 7.645565e+02
41t 4.528950e+02 4.472774e+02 4.493729e+02 4.456487e+02 4.427654e+02
42t 2.838690e+02 3.014733e+02 3.021894e+02 4.650925e+02 4.376868e+02
43t 3.214213e+02 4.195997e+02 3.934143e+02 4.305051e+02 5.046577e+02
44t 9.208294e+02 9.313146e+02 9.427941e+02 1.121699e+03 9.263287e+02
45t 9.305023e+02 9.310168e+02 9.447825e+02 9.276478e+02 9.240787e+02
46t 9.250213e+02 9.352252e+02 9.373341e+02 9.329404e+02 9.246912e+02
47t 1.021526e+03 5.378753e+02 1.025066e+03 5.283996e+02 1.247470e+03
48t 9.203139e+02 9.759801e+02 9.847066e+02 1.526334e+03 1.400832e+03
49t 1.021728e+03 1.023712e+03 1.021900e+03 5.437736e+02 1.246465e+03
50t 1.065917e+03 1.244008e+03 1.239407e+03 1.242566e+03 1.398189e+03
              21           22           23           24           25
1t  1.276135e+00 1.084174e+00 6.353446e-01 1.816052e+00 1.421759e+00
2t  1.866569e+07 8.561753e+06 2.925714e+06 2.682977e+07 9.920904e+06
3t  1.906561e+06 1.989645e+06 9.379285e+05 2.779114e+06 2.025351e+06
4t  1.244344e+05 1.340151e+05 1.671264e+05 1.267040e+05 1.158889e+05
5t  3.399946e+01 2.740454e+01 4.384510e+01 1.076618e+01 1.322328e+01
6t  3.782392e+02 1.312676e+02 4.035775e+00 4.949204e+02 2.180301e+02
7t  2.914477e+03 5.072931e+03 1.291986e+04 4.164866e+03 4.283584e+03
8t  6.267398e+00 5.899821e+00 4.383433e+00 7.099937e+00 6.254806e+00
9t  2.720293e+02 3.014270e+02 4.206954e+02 2.364040e+02 2.791078e+02
10t 2.987305e+01 2.720956e+01 1.885734e+01 3.208786e+01 3.074671e+01
11t 2.645748e+02 2.787983e+02 4.214543e+02 2.088209e+02 2.635872e+02
12t 3.812317e+02 1.395629e+04 1.316169e+04 2.584647e+02 4.512885e+02
13t 1.458335e+00 1.444190e+00 1.982788e+01 1.760191e+00 1.598684e+00
14t 2.104615e+01 2.097574e+01 2.094186e+01 2.107334e+01 2.102715e+01
15t 3.879818e+02 1.627209e+02 1.120775e+02 2.875042e+02 1.756741e+02
16t 4.911907e+01 4.752632e+01 4.920812e+01 4.955536e+01 4.812269e+01
17t 1.248139e+00 1.175401e+00 3.022536e+02 7.970787e-01 8.311682e-01
18t 9.761984e-01 9.312765e-01 6.894847e-01 1.009995e+00 9.215884e-01
19t 5.111028e+02 5.499303e+02 5.210746e+03 3.912993e+02 4.860286e+02
20t 3.015837e+02 3.147949e+02 1.011341e+03 2.265794e+02 2.721246e+02
21t 2.763374e+04 2.720667e+04 3.699711e+04 2.765406e+04 2.795109e+04
22t 2.877870e+04 2.863147e+04 3.755050e+04 2.825146e+04 2.877630e+04
23t 4.461037e+01 5.389274e+01 8.752854e+01 3.641846e+01 4.504898e+01
24t 7.588022e-01 8.042739e-01 5.134763e+00 8.014914e-01 6.186236e-01
25t 6.446328e-01 5.587416e-01 6.147811e-01 5.624909e-01 7.534147e-01
26t 2.774149e-01 2.593782e-01 2.668005e-01 3.612189e-01 2.800233e-01
27t 8.074704e+01 8.351721e+01 6.000719e+01 7.112854e+01 9.001670e+01
28t 2.220755e+02 2.168987e+02 1.470805e+02 2.673661e+02 2.216692e+02
29t 3.537661e+02 3.191674e+02 4.681925e+02 2.725774e+02 2.928936e+02
30t 1.348756e+01 1.009609e+01 1.138863e+01 1.262448e+01 1.240418e+01
31t 1.707726e+02 1.866378e+02 1.177357e+02 1.552467e+02 1.640277e+02
32t 3.359816e+02 5.825909e+02 3.695984e+02 3.270817e+02 4.080758e+02
33t 1.161977e+02 9.820623e+01 1.825034e+02 1.062877e+02 1.012351e+02
34t 2.542575e+01 2.512578e+01 2.201089e+01 2.594746e+01 2.593738e+01
35t 1.273988e+04 1.257707e+04 1.854149e+04 1.261714e+04 1.234298e+04
36t 1.543146e+05 1.548064e+05 9.846505e+04 2.027095e+05 1.824430e+05
37t 5.741428e+01 5.985235e+01 5.340693e+01 6.085461e+01 5.536457e+01
38t 2.852717e+05 2.577265e+05 2.270858e+05 2.325472e+05 2.268242e+05
39t 5.605609e+00 7.280818e+00 4.592806e+00 5.671837e+00 5.749522e+00
40t 3.729977e+01 7.575550e+01 8.424776e+02 3.405997e+01 3.389693e+01
41t 4.486564e+02 4.480499e+02 1.063340e+03 4.512355e+02 4.495035e+02
42t 3.012762e+02 3.008967e+02 4.037404e+02 2.704629e+02 2.818738e+02
43t 3.829468e+02 3.466157e+02 4.278057e+02 3.364825e+02 3.068324e+02
44t 9.367469e+02 9.383379e+02 9.251804e+02 9.254841e+02 9.411591e+02
45t 9.297379e+02 9.353649e+02 9.235083e+02 9.306974e+02 9.265303e+02
46t 9.290861e+02 9.467205e+02 9.262560e+02 9.233800e+02 9.351483e+02
47t 1.027681e+03 1.019170e+03 1.214424e+03 1.021003e+03 1.019771e+03
48t 9.370435e+02 9.909471e+02 1.438530e+03 9.710533e+02 9.849004e+02
49t 1.023444e+03 1.030419e+03 1.248517e+03 1.023428e+03 1.024319e+03
50t 1.252380e+03 1.207317e+03 1.385117e+03 1.223146e+03 1.192739e+03
              26           27           28           29           30
1t  1.081903e+00 1.299151e+00 1.362232e+00 1.127554e+00 2.309238e+00
2t  5.303156e+06 1.110372e+07 1.378412e+07 1.945549e+07 7.353280e+06
3t  1.994184e+06 2.304463e+06 2.237193e+06 3.146120e+06 3.947770e+06
4t  1.260162e+05 1.191708e+05 1.109982e+05 1.377206e+05 1.144718e+05
5t  5.871201e+01 1.862613e+01 8.484061e+00 3.742152e+01 6.504509e+00
6t  8.000110e+01 1.080980e+02 1.160321e+02 4.529989e+02 1.511995e+02
7t  1.004527e+04 2.965524e+03 4.014980e+03 6.857958e+03 4.149654e+03
8t  5.756473e+00 6.645812e+00 6.440144e+00 5.485900e+00 7.841348e+00
9t  3.942563e+02 2.634475e+02 2.703492e+02 2.872602e+02 2.281003e+02
10t 2.710539e+01 2.887979e+01 2.927120e+01 2.625770e+01 3.513581e+01
11t 3.693312e+02 2.629843e+02 2.639554e+02 2.644120e+02 1.929702e+02
12t 2.341808e+04 2.045987e+02 2.130967e+02 9.320428e+03 2.265169e+02
13t 2.024863e+01 1.585714e+00 1.477052e+00 1.379383e+00 2.022005e+00
14t 2.115330e+01 2.108739e+01 2.110161e+01 2.112677e+01 2.109733e+01
15t 1.505237e+02 3.422003e+03 3.995527e+02 2.252975e+02 2.849311e+02
16t 4.927341e+01 4.829635e+01 4.823288e+01 4.914640e+01 4.924298e+01
17t 3.278249e+02 1.755571e-01 1.006412e+00 1.175578e+00 1.539850e-01
18t 9.069819e-01 9.803639e-01 9.797810e-01 9.306532e-01 1.023926e+00
19t 1.444954e+03 4.855749e+02 5.101754e+02 5.459471e+02 3.972390e+02
20t 6.978502e+02 2.101914e+02 3.804144e+02 3.167958e+02 1.497989e+02
21t 3.492670e+04 2.768724e+04 2.787931e+04 2.757025e+04 2.817095e+04
22t 3.562845e+04 2.939652e+04 2.856303e+04 2.908060e+04 2.912332e+04
23t 6.586404e+01 3.379961e+01 5.070811e+01 4.851615e+01 4.470177e+01
24t 3.567369e+00 6.625092e-01 7.245855e-01 8.946684e-01 8.229822e-01
25t 5.831135e-01 6.128590e-01 6.159789e-01 6.173706e-01 6.125059e-01
26t 2.505059e-01 2.681341e-01 3.239976e-01 3.187981e-01 3.286075e-01
27t 5.794830e+01 8.455903e+01 7.699452e+01 7.736376e+01 8.958121e+01
28t 1.751768e+02 2.479665e+02 2.492077e+02 2.559470e+02 3.234764e+02
29t 4.421099e+02 3.215455e+02 2.827718e+02 3.464075e+02 3.012604e+02
30t 1.622071e+01 1.241995e+01 1.203368e+01 1.094043e+01 1.323895e+01
31t 9.896567e+01 1.918134e+02 1.954913e+02 1.871810e+02 1.751569e+02
32t 3.857181e+02 5.540564e+02 4.492231e+02 3.826361e+02 3.842771e+02
33t 1.445043e+02 1.142947e+02 1.055907e+02 1.154132e+02 9.866603e+01
34t 2.527505e+01 2.420183e+01 2.442497e+01 2.629489e+01 2.938322e+01
35t 1.393331e+04 1.256538e+04 1.257178e+04 1.268175e+04 1.256071e+04
36t 1.525281e+05 1.749649e+05 2.212386e+05 1.878126e+05 2.307491e+05
37t 6.098771e+01 6.030550e+01 6.145432e+01 5.931271e+01 5.943828e+01
38t 1.346281e+05 2.245566e+05 3.134518e+05 2.203563e+05 2.708759e+05
39t 6.295592e+00 6.552048e+00 5.887873e+00 5.342182e+00 7.330729e+00
40t 7.712270e+02 4.358107e+01 2.451748e+01 8.163492e+01 1.873514e+01
41t 4.488526e+02 4.492912e+02 4.501323e+02 4.483253e+02 4.532853e+02
42t 3.503724e+02 3.330501e+02 3.279266e+02 3.321903e+02 2.865964e+02
43t 3.826368e+02 3.408432e+02 3.335984e+02 3.994847e+02 3.293011e+02
44t 9.482251e+02 9.395527e+02 9.267518e+02 9.384497e+02 9.294481e+02
45t 9.487900e+02 9.291531e+02 9.293302e+02 9.271306e+02 9.207021e+02
46t 9.426160e+02 9.299498e+02 9.390845e+02 9.321573e+02 9.289970e+02
47t 5.380884e+02 1.017488e+03 1.020239e+03 1.023612e+03 1.024660e+03
48t 1.156124e+03 9.321470e+02 9.672054e+02 9.609572e+02 9.676749e+02
49t 5.647489e+02 1.021954e+03 1.023328e+03 5.621419e+02 1.019717e+03
50t 1.306216e+03 1.074594e+03 1.123964e+03 1.247794e+03 1.052185e+03
              31           32           33           34           35
1t  1.206902e+00 9.334977e-01 9.806642e-01 1.227292e+00 6.789514e-01
2t  8.758279e+06 3.445584e+06 1.328962e+07 3.985910e+06 4.274581e+06
3t  2.093065e+06 1.460274e+06 1.490618e+06 1.629529e+06 1.015092e+06
4t  1.228539e+05 7.749856e+04 1.258860e+05 4.645138e+04 1.494183e+05
5t  3.430747e+01 1.511604e+01 4.016022e+01 4.864866e+00 5.896579e+01
6t  1.871588e+02 4.098809e+00 8.925868e+01 4.413390e+00 4.035848e+01
7t  4.755389e+03 3.139422e+03 5.045938e+03 1.246915e+04 9.824738e+03
8t  5.848566e+00 5.511361e+00 5.281352e+00 5.954534e+00 5.789826e+00
9t  2.982468e+02 3.093034e+02 2.926115e+02 3.236945e+02 3.799782e+02
10t 2.835454e+01 2.794154e+01 2.663589e+01 2.757203e+01 2.059343e+01
11t 2.822973e+02 3.198287e+02 2.999074e+02 3.150610e+02 3.653968e+02
12t 8.431730e+02 7.794413e+03 1.156290e+04 5.002369e+03 2.456823e+04
13t 1.460108e+00 1.976378e+01 1.596437e+01 1.992420e+01 2.053150e+01
14t 2.096966e+01 2.086965e+01 2.099856e+01 2.100420e+01 2.118832e+01
15t 2.660167e+03 1.518966e+02 1.424565e+02 1.690883e+02 1.230407e+02
16t 4.913986e+01 1.022408e+02 4.807679e+01 4.926844e+01 4.923913e+01
17t 3.426997e-01 6.400135e-02 5.806943e+00 8.502470e-02 6.624468e+02
18t 9.322543e-01 8.913372e-01 9.015041e-01 9.641632e-01 7.566050e-01
19t 5.885765e+02 5.574446e+02 6.175084e+02 5.162250e+02 2.633692e+03
20t 3.056185e+02 4.257239e+02 3.213509e+02 4.256658e+02 7.311253e+02
21t 2.732670e+04 2.887933e+04 2.757037e+04 2.996047e+04 3.566981e+04
22t 2.906928e+04 2.884917e+04 2.858809e+04 2.941231e+04 3.578576e+04
23t 5.602132e+01 6.142185e+01 5.831888e+01 6.531863e+01 7.555337e+01
24t 6.053501e-01 4.642239e-01 5.640600e-01 5.207478e-01 2.771603e+00
25t 6.927514e-01 7.498788e-01 7.707724e-01 1.122015e+00 5.731355e-01
26t 2.723869e-01 3.428397e-01 2.866643e-01 3.217723e-01 2.658027e-01
27t 9.198214e+01 1.198388e+02 8.694173e+01 1.317355e+02 4.952271e+01
28t 2.432149e+02 2.276846e+02 2.113134e+02 2.574142e+02 1.248752e+02
29t 3.070967e+02 3.802777e+02 3.463374e+02 3.579807e+02 4.375927e+02
30t 1.110886e+01 2.032299e+01 1.187813e+01 1.101302e+01 2.215128e+01
31t 1.539546e+02 2.417468e+02 1.882886e+02 2.272513e+02 8.501915e+01
32t 5.568317e+02 8.234679e+02 2.907323e+02 7.061087e+02 3.380364e+02
33t 1.274955e+02 1.548076e+02 1.122815e+02 1.412798e+02 1.614247e+02
34t 2.645828e+01 3.722695e+01 2.240265e+01 2.881229e+01 2.280199e+01
35t 1.265103e+04 1.313758e+04 1.311291e+04 1.343147e+04 1.530257e+04
36t 1.696199e+05 2.888833e+05 1.894801e+05 2.048288e+05 1.054937e+05
37t 5.671679e+01 5.788811e+01 5.643144e+01 5.864039e+01 6.757708e+01
38t 3.183041e+05 4.829503e+05 2.717676e+05 5.235073e+05 1.667449e+05
39t 5.661046e+00 5.170747e+00 6.153398e+00 6.760322e+00 5.292781e+00
40t 4.071119e+01 3.917866e+01 9.318492e+01 3.223198e+01 1.459982e+03
41t 4.484086e+02 5.619685e+02 4.475467e+02 6.321432e+02 4.452391e+02
42t 2.990629e+02 3.421231e+02 3.103403e+02 3.462454e+02 3.840728e+02
43t 3.657677e+02 4.326877e+02 4.035534e+02 4.951771e+02 4.316220e+02
44t 9.444821e+02 9.985859e+02 9.368451e+02 9.988109e+02 9.287453e+02
45t 9.379029e+02 9.369393e+02 9.306738e+02 9.309161e+02 9.283648e+02
46t 9.458325e+02 9.394569e+02 9.214726e+02 9.455263e+02 9.236433e+02
47t 1.028808e+03 5.392003e+02 1.024095e+03 1.034438e+03 5.280135e+02
48t 9.792558e+02 1.020799e+03 1.050153e+03 1.029720e+03 1.312546e+03
49t 1.024842e+03 9.082790e+02 1.032917e+03 5.610505e+02 1.206335e+03
50t 1.228855e+03 1.200976e+03 1.257837e+03 1.201582e+03 1.346756e+03
              36           37           38           39           40
1t  1.567471e+00 1.194682e+00 1.248894e+00 1.012333e+00 6.052667e-01
2t  2.251205e+07 1.262243e+07 9.691311e+06 1.086744e+07 2.858028e+06
3t  2.452959e+06 1.716021e+06 2.629303e+06 1.660393e+06 8.767755e+05
4t  1.311060e+05 1.224557e+05 1.317892e+05 1.458774e+05 1.621365e+05
5t  7.239826e+00 3.252377e+01 2.680422e+01 5.048098e+01 4.776771e+01
6t  6.344374e+02 2.446406e+02 2.069123e+02 2.345676e+01 4.266988e+00
7t  4.111725e+03 4.042508e+03 3.783900e+03 3.969716e+04 1.324340e+04
8t  6.653049e+00 6.159528e+00 6.602261e+00 5.813853e+00 4.156846e+00
9t  2.418990e+02 2.820761e+02 2.558289e+02 3.130483e+02 4.260742e+02
10t 2.899864e+01 2.641035e+01 3.094406e+01 2.328899e+01 1.936677e+01
11t 2.549416e+02 2.663276e+02 2.687837e+02 3.147575e+02 4.149642e+02
12t 3.270074e+02 2.324726e+02 2.302295e+02 2.326390e+04 1.465091e+04
13t 1.633260e+00 1.327416e+00 1.584629e+00 1.976338e+01 1.986123e+01
14t 2.109658e+01 2.102153e+01 2.107719e+01 2.090783e+01 2.085910e+01
15t 2.360293e+02 1.631376e+02 2.158445e+02 3.479553e+02 1.099549e+02
16t 4.836381e+01 4.892964e+01 4.874031e+01 1.021810e+02 4.912314e+01
17t 5.208916e-01 3.604636e-01 7.057560e-02 4.773779e+01 3.297703e+02
18t 9.787865e-01 8.711568e-01 9.500072e-01 9.117518e-01 6.309315e-01
19t 4.612476e+02 5.598373e+02 4.318557e+02 6.100043e+02 5.999660e+03
20t 2.392848e+02 3.055135e+02 2.572317e+02 3.153114e+02 5.576679e+02
21t 2.744955e+04 2.673543e+04 2.732802e+04 2.975507e+04 3.722956e+04
22t 2.838936e+04 2.816067e+04 2.800204e+04 3.069328e+04 3.752250e+04
23t 4.509252e+01 5.140351e+01 4.980433e+01 5.594980e+01 8.585175e+01
24t 5.623683e-01 6.631351e-01 7.964093e-01 9.220293e-01 5.378658e+00
25t 5.343111e-01 6.017311e-01 5.421115e-01 7.660083e-01 6.095061e-01
26t 2.901911e-01 3.257013e-01 3.465610e-01 3.671338e-01 2.588672e-01
27t 8.547619e+01 8.379758e+01 8.097711e+01 1.174948e+02 5.661831e+01
28t 2.626021e+02 2.153446e+02 2.657583e+02 1.249679e+04 1.323713e+02
29t 2.571198e+02 2.834540e+02 2.812635e+02 3.706763e+02 4.568756e+02
30t 1.168253e+01 1.034408e+01 1.125559e+01 1.306588e+01 7.137943e+00
31t 1.329484e+02 1.643276e+02 1.467848e+02 2.683494e+02 1.184265e+02
32t 3.608217e+02 3.147614e+02 4.381527e+02 3.264173e+02 3.652272e+02
33t 9.774025e+01 1.081980e+02 1.055253e+02 1.386817e+02 1.722933e+02
34t 2.596136e+01 2.274969e+01 2.436625e+01 3.419758e+01 2.139444e+01
35t 1.253083e+04 1.294522e+04 1.239214e+04 1.315112e+04 1.865833e+04
36t 1.908448e+05 2.277583e+05 2.154538e+05 2.176447e+05 1.042650e+05
37t 5.970092e+01 5.961450e+01 6.173108e+01 5.553689e+01 5.718197e+01
38t 2.285206e+05 2.560371e+05 1.844817e+05 2.642697e+05 2.603061e+05
39t 5.239354e+00 5.224656e+00 5.667396e+00 7.010136e+00 5.264939e+00
40t 3.486589e+01 6.335590e+01 2.970134e+01 8.684959e+01 9.200891e+02
41t 4.495136e+02 4.489491e+02 4.498989e+02 6.543359e+02 4.435573e+02
42t 2.889325e+02 3.129573e+02 2.993178e+02 3.512150e+02 4.031209e+02
43t 3.342168e+02 3.555441e+02 3.175621e+02 4.307741e+02 4.283296e+02
44t 9.303396e+02 9.316474e+02 9.299292e+02 9.896386e+02 9.251008e+02
45t 9.286985e+02 9.351501e+02 9.201917e+02 9.327140e+02 9.265787e+02
46t 9.327061e+02 9.325013e+02 9.324238e+02 1.000465e+03 9.254284e+02
47t 1.021979e+03 1.027121e+03 1.021345e+03 5.381316e+02 1.241847e+03
48t 9.363391e+02 9.413987e+02 9.584759e+02 1.078058e+03 1.448260e+03
49t 1.022540e+03 1.024621e+03 1.020153e+03 5.543294e+02 1.236848e+03
50t 1.233931e+03 1.228044e+03 1.197593e+03 1.257802e+03 1.393552e+03
              41           42           43           44           45
1t  1.430102e+00 2.015396e+00 8.100658e-01 1.417180e+00 1.618028e+00
2t  8.382397e+06 1.342541e+07 2.771856e+06 1.364455e+07 7.405251e+06
3t  2.131805e+06 3.147175e+06 1.067563e+06 2.642844e+06 2.298945e+06
4t  1.316714e+05 1.296249e+05 5.934235e+04 1.184986e+05 1.170983e+05
5t  4.011397e+01 8.341249e+00 1.556489e+01 4.257204e+01 1.751834e+01
6t  3.836946e+01 4.373069e+02 2.660112e+00 1.711035e+02 1.136381e+02
7t  3.311647e+03 4.182779e+03 7.876102e+04 5.505592e+03 4.189425e+03
8t  6.267687e+00 6.804474e+00 1.585442e+02 6.324800e+00 6.767693e+00
9t  3.137601e+02 2.439736e+02 3.957772e+02 3.168511e+02 2.617678e+02
10t 3.011141e+01 3.237782e+01 2.296311e+01 3.108462e+01 3.189503e+01
11t 2.904592e+02 2.555658e+02 3.653234e+02 2.775439e+02 2.504435e+02
12t 1.661199e+04 3.962648e+02 1.612414e+02 1.931668e+04 2.428848e+02
13t 1.866317e+01 1.717417e+00 2.029290e+01 1.456857e+00 1.806399e+00
14t 2.113627e+01 2.113327e+01 2.076352e+01 2.096073e+01 2.116005e+01
15t 1.988464e+02 5.258345e+02 1.242058e+02 2.632540e+02 5.135755e+02
16t 4.911748e+01 4.624005e+01 4.709073e+01 4.922573e+01 4.876706e+01
17t 1.212828e+00 1.069716e+00 4.169632e-02 1.358536e+00 2.297464e-01
18t 9.550869e-01 1.030622e+00 8.166415e-01 9.781956e-01 9.984130e-01
19t 6.390152e+02 4.480243e+02 1.972139e+03 5.348299e+02 4.073884e+02
20t 3.353093e+02 2.681754e+02 6.611266e+02 4.071232e+02 2.546731e+02
21t 2.894926e+04 2.782312e+04 3.031412e+04 2.727529e+04 2.754687e+04
22t 2.868421e+04 2.860353e+04 3.078636e+04 2.903142e+04 2.991704e+04
23t 4.686761e+01 3.673717e+01 8.228960e+01 4.877973e+01 4.881963e+01
24t 7.479304e-01 6.870834e-01 8.103427e-01 5.876851e-01 1.063211e+00
25t 7.267550e-01 5.568873e-01 6.271507e-01 6.891234e-01 6.441451e-01
26t 2.962193e-01 3.154467e-01 2.971627e-01 2.983514e-01 2.501773e-01
27t 7.938695e+01 7.073572e+01 7.860897e+01 8.244495e+01 8.141126e+01
28t 3.449200e+02 2.859843e+02 1.876700e+02 2.479563e+02 2.474075e+02
29t 3.686260e+02 3.280015e+02 4.716855e+02 2.954812e+02 3.128213e+02
30t 1.150148e+01 1.213588e+01 1.415190e+01 1.143140e+01 1.149400e+01
31t 1.945861e+02 1.592416e+02 1.749571e+02 1.679365e+02 1.696566e+02
32t 3.363888e+02 3.107699e+02 5.747602e+02 4.150939e+02 7.133414e+02
33t 1.257744e+02 1.047621e+02 2.414246e+02 8.405222e+01 1.022773e+02
34t 2.594180e+01 2.818167e+01 4.433481e+01 2.980601e+01 2.689841e+01
35t 1.295321e+04 1.237115e+04 1.475672e+04 1.259608e+04 1.269265e+04
36t 2.213551e+05 2.389988e+05 1.586073e+05 2.123048e+05 2.558776e+05
37t 5.836484e+01 5.989422e+01 6.340419e+01 5.485735e+01 5.620075e+01
38t 3.245182e+05 2.963748e+05 3.180118e+05 2.274423e+05 3.153211e+05
39t 5.790824e+00 6.009794e+00 6.189897e+00 5.289322e+00 6.869232e+00
40t 7.211274e+01 3.944462e+01 9.066871e+01 5.533014e+01 5.678006e+01
41t 4.499389e+02 4.503685e+02 8.227063e+02 4.497385e+02 4.497583e+02
42t 3.336522e+02 2.990774e+02 3.814555e+02 2.815975e+02 2.738693e+02
43t 3.725597e+02 3.637700e+02 6.590511e+02 3.346042e+02 3.458033e+02
44t 9.518075e+02 9.273938e+02 1.080781e+03 9.385831e+02 9.221228e+02
45t 9.375818e+02 9.231241e+02 1.021335e+03 9.392145e+02 9.329910e+02
46t 9.372889e+02 9.348855e+02 1.003524e+03 9.300147e+02 9.349251e+02
47t 1.019401e+03 1.022456e+03 5.282577e+02 1.034810e+03 1.019573e+03
48t 9.703223e+02 9.746563e+02 1.198474e+03 9.598334e+02 9.590854e+02
49t 1.030297e+03 1.018796e+03 5.441647e+02 1.028504e+03 1.019031e+03
50t 1.075560e+03 1.228046e+03 1.355258e+03 1.202914e+03 1.093888e+03
              46           47           48           49           50
1t  1.446823e+00 3.174579e+00 7.005054e-01 1.931081e+00 2.574350e+00
2t  8.532696e+06 1.816466e+07 1.553200e+07 5.871314e+06 1.138230e+07
3t  1.844685e+06 6.448909e+06 1.306040e+06 2.811911e+06 4.304247e+06
4t  1.401690e+05 1.159955e+05 1.153943e+05 1.197393e+05 1.009073e+05
5t  6.047805e+01 7.353762e+00 3.984974e+01 6.175309e+00 2.344670e+00
6t  3.720885e+02 6.300196e+02 1.388098e+02 4.591573e+01 2.345511e+02
7t  6.612104e+03 3.735413e+03 5.671660e+03 2.010796e+03 2.889482e+03
8t  6.569581e+00 9.476605e+00 5.009845e+00 7.176303e+00 8.984874e+00
9t  3.654183e+02 1.997059e+02 2.960254e+02 2.766548e+02 1.822767e+02
10t 3.142339e+01 3.682559e+01 2.457856e+01 2.816342e+01 3.358053e+01
11t 3.350627e+02 1.121078e+02 2.815139e+02 2.513439e+02 1.571483e+02
12t 2.548656e+04 2.509020e+02 1.887782e+04 2.042274e+02 2.934237e+02
13t 2.029758e+01 2.313231e+00 1.949139e+01 1.796362e+00 2.161785e+00
14t 2.116470e+01 2.119054e+01 2.085105e+01 2.108602e+01 2.099367e+01
15t 2.052033e+02 6.311780e+02 1.415799e+02 2.604463e+02 3.215030e+02
16t 4.927766e+01 8.140596e+01 4.883286e+01 4.889122e+01 4.838556e+01
17t 8.118009e+01 1.099402e+00 1.061222e+01 9.891673e-02 1.737119e-01
18t 9.742427e-01 1.056323e+00 8.218895e-01 1.018926e+00 1.039573e+00
19t 1.172081e+03 3.824988e+02 6.506573e+02 4.370290e+02 3.940358e+02
20t 5.538740e+02 1.867148e+02 3.569006e+02 3.442680e+02 1.958329e+02
21t 3.454700e+04 2.691779e+04 2.691754e+04 2.742027e+04 2.721337e+04
22t 3.553314e+04 2.806202e+04 2.875781e+04 2.860038e+04 2.815329e+04
23t 5.741359e+01 3.864069e+01 5.734888e+01 4.070291e+01 3.496174e+01
24t 3.932163e+00 7.783765e-01 6.250435e-01 6.960556e-01 9.374642e-01
25t 5.663275e-01 6.555026e-01 6.761949e-01 6.884560e-01 5.987498e-01
26t 2.634133e-01 2.761694e-01 2.704112e-01 3.690236e-01 3.108594e-01
27t 6.032938e+01 6.335874e+01 7.141948e+01 1.064918e+02 7.052418e+01
28t 2.055485e+02 3.568682e+02 1.648069e+02 3.015796e+02 3.120721e+02
29t 4.103354e+02 2.976212e+02 3.346158e+02 2.673937e+02 2.789867e+02
30t 1.606084e+01 1.603369e+01 1.220340e+01 1.186598e+01 1.460624e+01
31t 9.514225e+01 1.268863e+02 1.957882e+02 2.171896e+02 1.605169e+02
32t 3.635513e+02 3.727393e+02 4.946862e+02 9.613154e+02 5.841775e+02
33t 1.384908e+02 1.135865e+02 1.270710e+02 1.123893e+02 1.046362e+02
34t 2.507066e+01 3.296445e+01 2.155298e+01 2.588085e+01 2.808409e+01
35t 1.351601e+04 1.233686e+04 1.311616e+04 1.286925e+04 1.257798e+04
36t 1.957002e+05 3.289249e+05 1.580949e+05 2.366488e+05 4.033926e+05
37t 6.396563e+01 5.652066e+01 5.678610e+01 6.287070e+01 6.048909e+01
38t 1.724871e+05 3.015434e+05 2.850678e+05 3.312076e+05 3.395370e+05
39t 5.408516e+00 6.930959e+00 6.933127e+00 6.797668e+00 5.713118e+00
40t 4.841319e+02 2.187673e+01 2.088201e+02 3.903161e+01 1.503715e+01
41t 4.501332e+02 4.544193e+02 4.464550e+02 4.520842e+02 4.533405e+02
42t 3.383757e+02 2.710013e+02 3.558616e+02 2.757907e+02 2.897153e+02
43t 3.674014e+02 3.184812e+02 4.480636e+02 3.763248e+02 3.151550e+02
44t 9.726891e+02 9.243900e+02 9.310574e+02 9.276046e+02 9.225398e+02
45t 9.770642e+02 9.220661e+02 9.360893e+02 9.294426e+02 9.209684e+02
46t 9.526058e+02 9.253105e+02 9.305686e+02 9.331282e+02 9.226346e+02
47t 5.493352e+02 1.023492e+03 1.023497e+03 1.021378e+03 1.020231e+03
48t 1.071071e+03 9.610929e+02 1.050515e+03 9.342977e+02 9.701191e+02
49t 5.751548e+02 1.020418e+03 1.034578e+03 1.024162e+03 1.018177e+03
50t 1.304071e+03 9.565978e+02 1.239731e+03 9.169286e+02 9.629362e+02
              51           52           53           54           55
1t  1.402896e+00 1.039375e+00 8.456679e-01 1.604273e+00 7.715592e-01
2t  6.056885e+06 8.999632e+06 8.432508e+06 5.103508e+06 4.066153e+06
3t  2.040808e+06 1.678446e+06 1.423502e+06 2.241636e+06 1.274534e+06
4t  1.305645e+05 1.156646e+05 1.102625e+05 1.430219e+05 1.644236e+05
5t  2.688093e+01 3.212378e+01 3.136524e+01 2.347019e+01 5.915446e+01
6t  8.988062e+01 1.533225e+02 1.431399e+01 1.945609e+02 1.503092e+01
7t  3.894225e+03 4.184348e+03 3.712001e+03 6.649871e+03 1.281733e+04
8t  6.579317e+00 5.841757e+00 5.028527e+00 6.974160e+00 5.003060e+00
9t  3.027173e+02 2.943212e+02 3.060697e+02 3.020470e+02 4.146017e+02
10t 2.768132e+01 2.722568e+01 2.575333e+01 3.103241e+01 2.280790e+01
11t 2.676618e+02 2.639239e+02 3.051311e+02 2.639767e+02 4.067406e+02
12t 1.423092e+04 2.922721e+02 5.639115e+03 5.524544e+03 1.816808e+04
13t 1.651948e+00 1.288146e+00 1.959112e+01 1.799818e+00 2.034070e+01
14t 2.107828e+01 2.112576e+01 2.100607e+01 2.118473e+01 2.118813e+01
15t 2.189452e+02 1.609356e+02 3.392424e+02 5.969144e+02 1.193506e+02
16t 4.775595e+01 4.881731e+01 1.171919e+02 4.924008e+01 4.922610e+01
17t 6.563926e-01 1.815915e-01 2.499523e+00 5.172839e-02 5.153116e+02
18t 9.745783e-01 9.393983e-01 8.820142e-01 9.782637e-01 8.039643e-01
19t 4.500623e+02 5.188485e+02 6.350663e+02 5.931166e+02 2.960494e+03
20t 2.301194e+02 2.419421e+02 3.879594e+02 3.865224e+02 7.234903e+02
21t 2.817183e+04 2.760082e+04 2.800775e+04 2.959804e+04 3.549013e+04
22t 2.940321e+04 2.844968e+04 2.888896e+04 3.448460e+04 3.582599e+04
23t 5.369324e+01 5.877042e+01 6.156028e+01 5.176523e+01 7.553841e+01
24t 5.125864e-01 4.959604e-01 1.084824e+00 2.961983e+00 3.852030e+00
25t 5.524901e-01 4.588499e-01 8.950621e-01 4.777191e-01 6.180283e-01
26t 3.043923e-01 3.013458e-01 2.437115e-01 2.937929e-01 2.679295e-01
27t 9.042131e+01 7.801553e+01 1.385890e+02 6.414849e+01 5.501017e+01
28t 2.514244e+02 2.198025e+02 2.606322e+02 2.476694e+02 1.600958e+02
29t 2.653722e+02 3.200882e+02 3.495753e+02 3.628001e+02 4.454402e+02
30t 1.156829e+01 1.129697e+01 1.870697e+01 1.214253e+01 1.346150e+01
31t 1.823692e+02 1.675180e+02 2.541840e+02 1.437890e+02 1.373609e+02
32t 4.821677e+02 4.022472e+02 3.296450e+02 3.159558e+02 4.687026e+02
33t 1.030499e+02 1.037950e+02 1.424631e+02 1.129978e+02 1.655798e+02
34t 2.582391e+01 2.498584e+01 2.612653e+01 2.447786e+01 2.488835e+01
35t 1.263207e+04 1.256607e+04 1.325111e+04 1.290711e+04 1.461368e+04
36t 1.862707e+05 1.750851e+05 1.568733e+05 2.513362e+05 8.841272e+04
37t 5.680826e+01 5.758612e+01 5.482374e+01 6.091728e+01 6.861641e+01
38t 2.805730e+05 3.007751e+05 2.666785e+05 2.410807e+05 1.845247e+05
39t 5.063368e+00 7.344619e+00 6.592472e+00 6.140747e+00 5.597162e+00
40t 4.406735e+01 1.284301e+02 9.125359e+01 7.762365e+01 9.135565e+02
41t 4.496287e+02 4.476270e+02 4.477212e+02 4.508242e+02 4.459270e+02
42t 2.986753e+02 3.155287e+02 2.933692e+02 2.932599e+02 3.560898e+02
43t 3.641819e+02 4.014836e+02 4.112864e+02 3.639986e+02 5.257542e+02
44t 9.284237e+02 9.395438e+02 9.343803e+02 9.613556e+02 9.319887e+02
45t 9.442890e+02 9.286346e+02 9.317319e+02 9.327481e+02 9.287955e+02
46t 9.345679e+02 9.293013e+02 9.355800e+02 9.793727e+02 9.275843e+02
47t 1.024946e+03 1.022986e+03 5.338458e+02 5.590813e+02 5.291152e+02
48t 9.916179e+02 1.000871e+03 1.010011e+03 9.938247e+02 1.334568e+03
49t 1.039275e+03 1.022787e+03 5.548864e+02 5.771989e+02 1.200745e+03
50t 1.165044e+03 1.140213e+03 1.253810e+03 1.270235e+03 1.330957e+03
              56           57           58           59           60
1t  1.360547e+00 1.002775e+00 1.949390e+00 7.768810e-01 6.427380e-01
2t  1.429114e+07 1.191187e+07 1.340506e+07 1.930905e+06 3.534818e+06
3t  2.292819e+06 1.385604e+06 2.542794e+06 1.063459e+06 1.093214e+06
4t  1.183380e+05 1.205334e+05 8.716604e+04 1.145962e+05 1.498009e+05
5t  3.545477e+01 4.111014e+01 2.370212e+01 2.783000e+01 5.227466e+01
6t  1.749144e+02 1.235274e+02 1.472265e+02 3.597289e+00 8.160319e+00
7t  5.582590e+03 5.519925e+03 3.132641e+03 1.640373e+04 1.531413e+04
8t  7.055657e+00 4.848206e+00 7.675274e+00 4.833281e+00 4.058097e+00
9t  2.907075e+02 3.046305e+02 2.216102e+02 3.229604e+02 4.027439e+02
10t 3.007539e+01 2.627556e+01 3.368866e+01 2.637635e+01 2.053553e+01
11t 2.273817e+02 2.756258e+02 2.758302e+02 3.145858e+02 3.844112e+02
12t 2.416333e+02 1.220750e+04 3.212966e+02 7.041374e+03 1.907505e+04
13t 1.665336e+00 1.317789e+00 1.860119e+00 2.004438e+01 2.050522e+01
14t 2.100690e+01 2.107611e+01 2.092843e+01 2.084421e+01 2.117902e+01
15t 2.199264e+02 1.604929e+02 3.934424e+02 3.845626e+02 1.242928e+02
16t 4.905250e+01 5.528543e+01 4.870979e+01 4.709692e+01 4.921565e+01
17t 1.082296e+00 3.841129e-01 1.263164e-01 2.357291e-02 3.919190e+02
18t 9.931936e-01 9.074432e-01 1.007923e+00 8.357357e-01 7.509224e-01
19t 4.574908e+02 6.342008e+02 4.158631e+02 2.070350e+03 2.910794e+03
20t 2.142706e+02 3.630366e+02 3.054314e+02 4.254145e+02 7.930458e+02
21t 2.827173e+04 2.796514e+04 2.779908e+04 2.983796e+04 3.592875e+04
22t 2.841758e+04 2.794888e+04 2.780365e+04 3.018289e+04 3.585293e+04
23t 5.488060e+01 5.423152e+01 4.170645e+01 6.413840e+01 7.585032e+01
24t 7.292791e-01 1.002932e+00 7.596529e-01 5.050941e-01 3.340944e+00
25t 5.286568e-01 6.095770e-01 5.048196e-01 7.278601e-01 6.844322e-01
26t 2.432544e-01 2.587786e-01 2.969847e-01 3.661314e-01 2.437950e-01
27t 7.815022e+01 9.293440e+01 7.971278e+01 1.266555e+02 6.500084e+01
28t 2.437881e+02 2.345516e+02 3.022254e+02 2.034127e+02 1.379905e+02
29t 2.894682e+02 3.582110e+02 2.696002e+02 4.693397e+02 4.405113e+02
30t 1.228460e+01 1.175283e+01 1.463690e+01 1.017278e+01 1.393267e+01
31t 1.868787e+02 1.646019e+02 1.491360e+02 2.623427e+02 1.167309e+02
32t 4.150131e+02 3.165878e+02 4.110520e+02 1.141045e+03 3.809688e+02
33t 1.015949e+02 1.185117e+02 1.117482e+02 1.632552e+02 1.687352e+02
34t 2.585796e+01 2.345249e+01 3.069332e+01 3.140004e+01 2.312059e+01
35t 1.272082e+04 1.291692e+04 1.227088e+04 1.451911e+04 1.475643e+04
36t 1.990125e+05 1.520259e+05 3.108210e+05 1.754187e+05 1.172037e+05
37t 5.495531e+01 5.858904e+01 5.799376e+01 5.545967e+01 6.755455e+01
38t 2.629071e+05 2.775490e+05 2.328660e+05 2.918288e+05 1.760403e+05
39t 5.632780e+00 5.105377e+00 5.167734e+00 7.100856e+00 4.810193e+00
40t 4.010007e+01 9.366527e+01 1.907819e+01 1.170444e+02 9.040579e+02
41t 4.500847e+02 4.477010e+02 4.509079e+02 4.457591e+02 4.456928e+02
42t 3.040733e+02 2.945597e+02 2.333750e+02 3.844377e+02 3.523911e+02
43t 3.331304e+02 4.232462e+02 3.158658e+02 4.518876e+02 4.557497e+02
44t 9.306506e+02 9.349095e+02 9.246516e+02 1.180772e+03 9.243945e+02
45t 9.339026e+02 9.329477e+02 9.286578e+02 9.432418e+02 9.287189e+02
46t 9.332114e+02 9.370485e+02 9.316403e+02 1.015792e+03 9.268890e+02
47t 5.431963e+02 1.027743e+03 1.027453e+03 5.298218e+02 5.292379e+02
48t 9.154761e+02 1.035372e+03 9.736915e+02 1.340683e+03 1.327250e+03
49t 1.023314e+03 5.563103e+02 1.027750e+03 1.212243e+03 1.219184e+03
50t 1.169973e+03 1.266930e+03 1.072900e+03 1.325506e+03 1.357787e+03
              61           62           63           64           65
1t  9.869254e-01 1.290928e+00 1.129246e+00 1.685797e+00 1.090596e+00
2t  7.624365e+06 1.013358e+07 1.438941e+07 2.360704e+07 1.274190e+07
3t  1.665744e+06 2.492534e+06 1.799184e+06 2.415681e+06 1.982028e+06
4t  1.251344e+05 1.362644e+05 1.511661e+05 1.192492e+05 1.348311e+05
5t  5.603954e+01 1.671046e+01 2.992503e+01 5.862309e+01 4.615686e+01
6t  1.292070e+02 2.030947e+02 1.849597e+02 3.342827e+02 3.424154e+02
7t  7.777194e+03 5.022555e+03 4.257967e+03 5.229767e+03 5.009001e+03
8t  5.202541e+00 6.437321e+00 5.005006e+00 6.889821e+00 5.952797e+00
9t  3.372474e+02 2.717227e+02 2.776833e+02 3.069437e+02 2.770612e+02
10t 2.580542e+01 2.872331e+01 2.651306e+01 3.013289e+01 2.337122e+01
11t 3.093138e+02 2.803345e+02 2.682627e+02 2.914894e+02 2.561170e+02
12t 1.618760e+04 2.334701e+02 3.568223e+02 1.388207e+04 4.033694e+02
13t 1.973406e+01 1.466745e+00 1.445297e+00 1.722733e+00 1.561474e+00
14t 2.094437e+01 2.102947e+01 2.091354e+01 2.102500e+01 2.108151e+01
15t 1.235119e+04 2.150213e+02 1.597955e+02 2.932850e+02 5.769859e+02
16t 9.254750e+01 4.894538e+01 4.938235e+01 1.027276e+02 4.923821e+01
17t 9.871731e+00 2.092013e-01 1.059832e+00 2.611273e+00 8.508986e-01
18t 9.200195e-01 9.609832e-01 9.315576e-01 1.012781e+00 9.042816e-01
19t 5.954136e+02 4.364502e+02 5.802691e+02 4.555717e+02 5.306562e+02
20t 4.227259e+02 2.760774e+02 3.503779e+02 3.535600e+02 3.178792e+02
21t 2.812054e+04 2.731710e+04 2.826809e+04 2.662429e+04 2.722873e+04
22t 2.829529e+04 2.769860e+04 2.731042e+04 2.870935e+04 2.834018e+04
23t 5.586809e+01 4.537347e+01 5.315161e+01 5.779359e+01 5.397115e+01
24t 8.718592e-01 8.353068e-01 8.430957e-01 7.613357e-01 5.208386e-01
25t 9.317188e-01 6.436713e-01 5.154510e-01 6.304460e-01 6.220689e-01
26t 3.376380e-01 2.751914e-01 2.614510e-01 3.242721e-01 3.143244e-01
27t 1.354263e+02 8.030257e+01 7.738142e+01 7.499299e+01 6.502339e+01
28t 1.915204e+02 2.321164e+02 1.840623e+02 2.327479e+02 2.270823e+02
29t 3.988869e+02 3.333997e+02 3.203340e+02 2.585454e+02 3.213354e+02
30t 1.237834e+01 1.146789e+01 1.162148e+01 1.256439e+01 1.212684e+01
31t 1.833692e+02 1.289846e+02 1.696057e+02 1.316515e+02 1.386042e+02
32t 5.213805e+02 3.114162e+02 4.651341e+02 6.664581e+02 2.832190e+02
33t 1.305029e+02 1.105610e+02 1.135603e+02 1.015821e+02 1.169430e+02
34t 2.381034e+01 2.566615e+01 2.181493e+01 3.107759e+01 2.360332e+01
35t 1.334735e+04 1.304945e+04 1.267702e+04 1.277037e+04 1.245323e+04
36t 1.891700e+05 1.956013e+05 1.835781e+05 1.563879e+05 1.492609e+05
37t 5.978900e+01 5.766305e+01 5.896531e+01 5.665415e+01 5.920924e+01
38t 2.178970e+05 2.839748e+05 3.278487e+05 2.506090e+05 2.825181e+05
39t 7.409523e+00 6.501673e+00 5.150670e+00 5.741325e+00 5.178380e+00
40t 2.275570e+02 8.290866e+01 9.231636e+01 6.451285e+01 4.815655e+01
41t 4.474868e+02 4.493332e+02 4.482919e+02 4.494604e+02 4.488274e+02
42t 3.499050e+02 3.019610e+02 3.133419e+02 2.680013e+02 2.901269e+02
43t 5.163106e+02 3.189923e+02 3.136948e+02 3.518921e+02 3.956714e+02
44t 9.373533e+02 9.595817e+02 9.354840e+02 9.373597e+02 9.508512e+02
45t 9.344850e+02 9.323265e+02 9.334581e+02 9.348902e+02 9.320310e+02
46t 9.355527e+02 9.399118e+02 9.406349e+02 9.890976e+02 9.265205e+02
47t 1.037934e+03 1.023393e+03 5.501065e+02 1.031210e+03 5.452510e+02
48t 1.005244e+03 9.696131e+02 1.023360e+03 9.826126e+02 9.717037e+02
49t 5.532078e+02 1.022045e+03 1.023966e+03 1.031255e+03 1.029679e+03
50t 1.230922e+03 1.171463e+03 1.255955e+03 1.202773e+03 1.253055e+03
              66           67           68           69           70
1t  1.166012e+00 2.808529e+00 3.486902e+00 1.350272e+00 1.696224e+00
2t  6.788085e+06 1.833830e+07 5.841134e+06 2.713438e+06 1.670363e+07
3t  2.414860e+06 4.200487e+06 5.191746e+06 2.911124e+06 2.789923e+06
4t  1.231182e+05 1.207203e+05 1.526364e+05 7.049194e+04 1.370812e+05
5t  6.009637e+01 6.304676e+00 1.103961e+01 2.329957e+01 1.843792e+01
6t  1.991321e+02 5.657008e+02 6.229575e+01 1.044851e+01 4.444081e+02
7t  9.088681e+03 4.081589e+03 2.838198e+03 5.170705e+03 6.221920e+03
8t  6.682353e+00 8.274934e+00 9.561087e+00 1.312124e+01 6.327376e+00
9t  3.741068e+02 2.807255e+02 2.093143e+02 3.314324e+02 2.320788e+02
10t 2.676601e+01 3.571924e+01 3.866128e+01 3.287493e+01 3.198154e+01
11t 3.691395e+02 2.271053e+02 1.615240e+02 3.200880e+02 2.398143e+02
12t 2.231002e+04 2.772348e+02 5.958766e+02 5.459918e+02 2.356075e+02
13t 2.040081e+01 2.121344e+00 2.407849e+00 2.035589e+01 1.647139e+00
14t 2.117137e+01 2.115511e+01 2.109476e+01 2.105622e+01 2.108150e+01
15t 2.247401e+02 4.804105e+02 8.669016e+02 2.777803e+02 2.305094e+02
16t 4.929515e+01 4.923441e+01 4.926245e+01 4.877205e+01 4.841248e+01
17t 4.294603e+02 1.121729e+00 1.075663e-01 5.590015e-02 8.399064e-01
18t 9.773305e-01 1.037545e+00 1.050573e+00 1.006358e+00 9.938416e-01
19t 1.213881e+03 4.163258e+02 3.632723e+02 4.643850e+02 4.874977e+02
20t 6.413470e+02 2.203202e+02 2.636985e+02 2.548955e+02 2.529887e+02
21t 3.506726e+04 2.811532e+04 3.022800e+04 2.899742e+04 2.762704e+04
22t 3.501157e+04 2.914567e+04 3.479773e+04 2.943675e+04 2.877461e+04
23t 6.867566e+01 3.936095e+01 4.337446e+01 4.413002e+01 5.192257e+01
24t 3.058285e+00 5.564977e-01 2.386506e+00 8.493326e-01 5.993424e-01
25t 6.172428e-01 5.672107e-01 5.280302e-01 7.147029e-01 4.778642e-01
26t 2.836464e-01 3.163444e-01 2.827692e-01 3.131184e-01 2.796886e-01
27t 5.346403e+01 1.020152e+02 8.127704e+01 1.130264e+02 7.629151e+01
28t 1.723343e+02 3.257911e+02 3.907074e+02 3.198163e+02 2.362384e+02
29t 4.248505e+02 2.679570e+02 3.170103e+02 3.409528e+02 2.926138e+02
30t 1.397900e+01 1.421179e+01 1.615563e+01 1.962519e+01 1.103010e+01
31t 1.271610e+02 2.115597e+02 1.326123e+02 2.519548e+02 1.611638e+02
32t 4.039426e+02 5.109321e+02 2.835079e+02 3.931618e+02 3.537616e+02
33t 1.409896e+02 1.047724e+02 1.001543e+02 1.104808e+02 1.202415e+02
34t 2.729265e+01 3.068206e+01 3.057532e+01 4.381488e+01 2.880123e+01
35t 1.352499e+04 1.240667e+04 1.254526e+04 1.285744e+04 1.260362e+04
36t 1.716793e+05 3.060425e+05 3.798060e+05 3.621915e+05 2.226240e+05
37t 6.587063e+01 5.862697e+01 5.965980e+01 6.074383e+01 6.057830e+01
38t 1.907417e+05 2.786590e+05 2.153262e+05 3.354573e+05 2.736451e+05
39t 5.197644e+00 5.311291e+00 6.209851e+00 5.616641e+00 6.473220e+00
40t 6.332323e+02 1.992381e+01 1.917841e+01 3.686757e+01 3.963767e+01
41t 4.493689e+02 4.533831e+02 4.585659e+02 4.514960e+02 4.496325e+02
42t 3.174465e+02 3.054655e+02 3.012052e+02 3.626447e+02 3.131180e+02
43t 3.271955e+02 3.209906e+02 3.016872e+02 3.958817e+02 3.415969e+02
44t 9.576298e+02 9.228102e+02 9.230333e+02 9.683476e+02 9.280786e+02
45t 9.524829e+02 9.243633e+02 9.307646e+02 9.370265e+02 9.266669e+02
46t 9.537934e+02 9.230871e+02 9.315815e+02 9.313495e+02 9.326084e+02
47t 5.548780e+02 1.023295e+03 6.081350e+02 1.019452e+03 1.025442e+03
48t 1.049207e+03 9.227540e+02 9.550217e+02 1.001364e+03 9.735776e+02
49t 5.709683e+02 1.020374e+03 6.339164e+02 9.244987e+02 1.021766e+03
50t 1.288202e+03 9.544783e+02 1.130054e+03 1.176760e+03 1.123689e+03
              71           72           73           74           75
1t  8.146721e-01 8.648134e-01 9.216704e-01 1.537968e+00 9.426759e-01
2t  7.608229e+06 3.175424e+06 1.807350e+07 5.512355e+06 8.977963e+06
3t  1.613978e+06 1.344721e+06 1.496249e+06 2.137375e+06 1.589811e+06
4t  1.170061e+05 1.211149e+05 1.327861e+05 1.539651e+05 1.368272e+05
5t  3.955094e+01 2.722773e+01 5.535257e+01 2.751864e+01 5.504607e+01
6t  6.235855e+01 1.164627e+01 2.849495e+02 3.170477e+02 1.502649e+02
7t  8.038058e+03 4.569572e+03 6.403413e+03 6.836956e+03 6.172664e+03
8t  5.617184e+00 5.130163e+00 4.782057e+00 6.792924e+00 5.235436e+00
9t  2.732276e+02 3.014634e+02 2.964798e+02 3.132121e+02 2.899961e+02
10t 2.879444e+01 2.338767e+01 2.609681e+01 2.878211e+01 2.459616e+01
11t 2.874461e+02 2.874956e+02 2.893324e+02 2.688379e+02 2.661870e+02
12t 1.901097e+04 1.225729e+04 1.943625e+04 6.599865e+03 1.433459e+04
13t 1.313715e+00 1.820261e+01 1.486526e+01 1.976610e+01 1.366096e+00
14t 2.094402e+01 2.099886e+01 2.098633e+01 2.116617e+01 2.091937e+01
15t 1.771145e+02 1.318297e+02 1.566904e+02 2.214619e+02 1.615125e+02
16t 1.072015e+02 1.031298e+02 1.141983e+02 4.929143e+01 7.847898e+01
17t 2.037958e+00 1.334853e-01 1.318141e+01 5.163890e-02 3.866249e+00
18t 9.377627e-01 8.554917e-01 1.005471e+00 9.535327e-01 9.009427e-01
19t 5.562790e+02 5.910514e+02 6.158877e+02 6.104214e+02 5.731729e+02
20t 2.906359e+02 3.440020e+02 3.411105e+02 3.916181e+02 3.252949e+02
21t 2.754961e+04 2.804017e+04 2.879067e+04 3.269908e+04 2.715737e+04
22t 2.954237e+04 2.860590e+04 2.829357e+04 3.305768e+04 2.924562e+04
23t 5.921668e+01 6.422111e+01 5.993537e+01 5.164012e+01 5.882429e+01
24t 6.814890e-01 6.068961e-01 1.152625e+00 3.295832e+00 1.118401e+00
25t 6.554484e-01 8.400319e-01 7.604050e-01 4.631758e-01 6.570988e-01
26t 3.032855e-01 3.474543e-01 2.944262e-01 2.518710e-01 2.665127e-01
27t 8.683653e+01 1.023728e+02 6.564177e+01 6.920107e+01 7.596443e+01
28t 2.440302e+02 2.408085e+02 2.147714e+02 2.569925e+02 2.440081e+02
29t 3.817333e+02 2.979929e+02 2.808591e+02 3.777042e+02 3.238269e+02
30t 1.098996e+01 1.128433e+01 1.342081e+01 1.364035e+01 1.190528e+01
31t 1.909140e+02 1.907712e+02 1.473284e+02 1.413217e+02 1.522100e+02
32t 3.910578e+02 4.742613e+02 1.220560e+03 3.104710e+02 2.925656e+02
33t 1.102968e+02 1.060149e+02 1.071417e+02 1.150462e+02 1.184529e+02
34t 2.629953e+01 2.164185e+01 2.312143e+01 2.650045e+01 2.217912e+01
35t 1.257149e+04 1.338327e+04 1.314272e+04 1.257380e+04 1.328004e+04
36t 1.789210e+05 1.776284e+05 1.421498e+05 2.094105e+05 1.471792e+05
37t 5.384465e+01 5.526789e+01 5.538179e+01 5.991728e+01 5.679065e+01
38t 2.340659e+05 3.194796e+05 2.193988e+05 1.904561e+05 2.976307e+05
39t 5.735927e+00 6.452550e+00 6.007086e+00 6.839312e+00 5.758339e+00
40t 6.160213e+01 9.607248e+01 1.927183e+02 6.225230e+01 8.460967e+01
41t 4.485956e+02 4.469048e+02 4.474535e+02 4.505875e+02 4.478787e+02
42t 3.016567e+02 3.831518e+02 3.079041e+02 2.899680e+02 3.219102e+02
43t 2.953112e+02 4.256065e+02 4.692955e+02 3.943006e+02 3.910265e+02
44t 9.279133e+02 9.327612e+02 9.364799e+02 9.389840e+02 9.387660e+02
45t 9.282311e+02 9.362131e+02 9.349365e+02 9.326971e+02 9.365558e+02
46t 9.404204e+02 9.394120e+02 9.282898e+02 9.321928e+02 9.362456e+02
47t 1.032044e+03 1.034621e+03 1.020542e+03 5.563094e+02 1.028252e+03
48t 1.014111e+03 1.038125e+03 9.821626e+02 1.002914e+03 1.033453e+03
49t 1.028603e+03 5.508083e+02 1.031855e+03 5.749380e+02 5.560540e+02
50t 1.207328e+03 1.178895e+03 1.239697e+03 1.287225e+03 1.259948e+03
              76           77           78           79           80
1t  1.601992e+00 1.207662e+00 1.727995e+00 8.309351e-01 1.361677e+00
2t  1.021286e+07 1.043533e+07 2.355091e+07 3.507182e+06 9.169107e+06
3t  2.675638e+06 1.960979e+06 2.939318e+06 1.196773e+06 2.220064e+06
4t  1.380716e+05 8.674651e+04 1.281125e+05 1.496549e+05 1.673516e+05
5t  1.970895e+01 4.727723e+01 1.262028e+01 4.329812e+01 5.387031e+01
6t  2.067240e+02 1.580105e+02 5.335927e+02 7.087857e+00 5.185117e+02
7t  3.814242e+03 4.732891e+03 3.069640e+03 1.573519e+04 8.385577e+03
8t  7.184691e+00 5.973306e+00 7.419556e+00 4.923968e+00 6.414308e+00
9t  2.850110e+02 3.062907e+02 2.634606e+02 3.458510e+02 3.057093e+02
10t 2.961737e+01 2.685509e+01 2.970702e+01 2.337623e+01 3.002914e+01
11t 2.619756e+02 2.863150e+02 2.624913e+02 3.311447e+02 2.731508e+02
12t 2.204518e+02 1.636967e+04 4.417286e+02 1.429324e+04 1.626115e+04
13t 1.711606e+00 1.569064e+00 1.844685e+00 1.970562e+01 1.958475e+01
14t 2.111042e+01 2.099508e+01 2.110450e+01 2.091829e+01 2.114836e+01
15t 2.335323e+02 1.922333e+02 2.914792e+02 1.183612e+02 1.559171e+03
16t 4.844941e+01 4.906796e+01 5.211310e+01 4.709681e+01 4.904127e+01
17t 1.466196e-01 1.802086e+00 9.468871e-01 1.542660e+00 4.046714e-02
18t 9.548512e-01 9.275947e-01 1.002672e+00 8.341780e-01 9.045841e-01
19t 4.907483e+02 5.986290e+02 4.334193e+02 1.009773e+03 7.751862e+02
20t 1.988056e+02 3.459105e+02 1.948579e+02 3.498365e+02 4.422548e+02
21t 2.795140e+04 2.864217e+04 2.683666e+04 2.924043e+04 3.314799e+04
22t 2.842380e+04 2.820463e+04 2.779464e+04 2.878759e+04 3.386664e+04
23t 4.870204e+01 5.376759e+01 4.640588e+01 5.970142e+01 5.383719e+01
24t 8.983770e-01 6.706796e-01 7.105600e-01 7.411963e-01 3.548998e+00
25t 8.159182e-01 7.597561e-01 4.461193e-01 7.446018e-01 5.659343e-01
26t 2.871899e-01 2.715414e-01 2.957777e-01 2.842544e-01 2.930945e-01
27t 4.696367e+01 7.561106e+01 8.431903e+01 1.019962e+02 4.999709e+01
28t 2.206966e+02 2.529223e+02 2.512637e+02 2.632396e+02 2.203007e+02
29t 3.045732e+02 3.107786e+02 2.565729e+02 3.559978e+02 4.040156e+02
30t 1.143661e+01 1.251801e+01 1.382494e+01 2.083423e+01 1.370848e+01
31t 1.854540e+02 1.473676e+02 1.462817e+02 2.463840e+02 1.397690e+02
32t 3.564046e+02 5.732291e+02 3.788876e+02 3.374536e+02 3.261232e+02
33t 9.767260e+01 1.018266e+02 1.004936e+02 1.218943e+02 1.185135e+02
34t 2.643336e+01 2.660391e+01 3.014447e+01 3.526385e+01 2.681573e+01
35t 1.263814e+04 1.295365e+04 1.236144e+04 1.430842e+04 1.283231e+04
36t 2.021915e+05 1.550595e+05 2.125215e+05 2.685911e+05 2.013451e+05
37t 5.775401e+01 5.697793e+01 6.131185e+01 5.349099e+01 6.030903e+01
38t 2.488311e+05 2.312691e+05 2.464295e+05 3.111511e+05 1.589584e+05
39t 6.525079e+00 6.189860e+00 5.576586e+00 5.889075e+00 7.473652e+00
40t 4.167439e+01 6.082410e+01 2.581191e+01 1.318259e+02 1.615074e+02
41t 4.505598e+02 4.485190e+02 4.516634e+02 4.448985e+02 4.495095e+02
42t 2.812096e+02 3.127368e+02 2.610535e+02 4.421827e+02 3.075781e+02
43t 3.277946e+02 3.468157e+02 3.406915e+02 6.372675e+02 3.561100e+02
44t 9.357528e+02 9.320480e+02 9.310820e+02 1.104421e+03 9.409785e+02
45t 9.350076e+02 9.353721e+02 9.229764e+02 1.130018e+03 9.527690e+02
46t 9.355523e+02 9.384760e+02 9.236889e+02 1.133315e+03 9.526892e+02
47t 1.019005e+03 1.026544e+03 1.024354e+03 5.275923e+02 5.450848e+02
48t 9.301492e+02 9.997853e+02 9.196927e+02 1.068496e+03 1.060381e+03
49t 1.021396e+03 5.640766e+02 1.020705e+03 9.065442e+02 5.672587e+02
50t 1.212051e+03 1.227444e+03 1.236730e+03 1.369061e+03 1.336570e+03
# 2025-12-19 06:37:40 -03: Finished testing
