# 2025-09-20 18:41:19 -03: Reading parameter file '/home/dianag/PruebasPablo/irace-test-executions/ACOTSP-withRanking/Scenarios-2/BH/Runs/BH_seed_1500311/parameters.txt'.
# 2025-09-20 18:41:19 -03: 1 expression(s) specifying forbidden configurations read.
# 2025-09-20 18:41:19 -03: Initialization
# Elitist race
# Elitist new instances: 1
# Elitist limit: 2
# nbIterations: 5
# minNbSurvival: 5
# nbParameters: 11
# seed: 1500311
# confidence level: 0.95
# budget: 5500
# mu: 5
# deterministic: FALSE

# 2025-09-20 18:41:19 -03: Iteration 1 of 5
# experimentsUsed: 0
# remainingBudget: 5500
# currentBudget: 1100
# nbConfigurations: 183
# Markers:
     x No test is performed.
     c Configurations are discarded only due to capping.
     - The test is performed and some configurations are discarded.
     = The test is performed but no configuration is discarded.
     ! The test is performed and configurations could be discarded but elite configurations are preserved.
     . All alive configurations are elite and nothing is discarded.

+-+-----------+-----------+-----------+----------------+-----------+--------+-----+----+------+
| |   Instance|      Alive|       Best|       Mean best| Exp so far|  W time|  rho|KenW|  Qvar|
+-+-----------+-----------+-----------+----------------+-----------+--------+-----+----+------+
|x|          1|        183|         77|     32525760.00|        183|00:03:56|   NA|  NA|    NA|
|x|          2|        183|         69|     32594798.50|        366|00:03:51|+0.98|0.99|0.0011|
|x|          3|        183|         69|     32576924.00|        549|00:03:52|+0.98|0.99|0.0012|
|x|          4|        183|         69|     32726779.50|        732|00:03:53|+0.98|0.98|0.0011|
|-|          5|          8|         69|     32694309.20|        915|00:03:52|+0.30|0.44|0.5548|
|-|          6|          2|         69|     32719612.17|        923|00:00:15|+0.33|0.44|0.3333|
+-+-----------+-----------+-----------+----------------+-----------+--------+-----+----+------+
Best-so-far configuration:          69    mean value:      32719612.17
Description of the best-so-far configuration:
   .ID. algorithm localsearch alpha beta  rho ants   q0 rasrank elitistants
69   69       acs           3  2.42 5.49 0.74   31 0.49      NA          NA
   nnls dlb .PARENT.
69   28   1       NA

# 2025-09-20 19:01:02 -03: Elite configurations (first number is the configuration ID; listed from best to worst according to the sum of ranks):
   algorithm localsearch alpha beta  rho ants   q0 rasrank elitistants nnls dlb
69       acs           3  2.42 5.49 0.74   31 0.49      NA          NA   28   1
19       acs           3  1.84 1.67 0.55   42 0.65      NA          NA   42   1
# 2025-09-20 19:01:02 -03: Iteration 2 of 5
# experimentsUsed: 923
# remainingBudget: 4577
# currentBudget: 1144
# nbConfigurations: 165
# Markers:
     x No test is performed.
     c Configurations are discarded only due to capping.
     - The test is performed and some configurations are discarded.
     = The test is performed but no configuration is discarded.
     ! The test is performed and configurations could be discarded but elite configurations are preserved.
     . All alive configurations are elite and nothing is discarded.

+-+-----------+-----------+-----------+----------------+-----------+--------+-----+----+------+
| |   Instance|      Alive|       Best|       Mean best| Exp so far|  W time|  rho|KenW|  Qvar|
+-+-----------+-----------+-----------+----------------+-----------+--------+-----+----+------+
|x|          7|        165|        300|     32712394.00|        165|00:03:18|   NA|  NA|    NA|
|x|          4|        165|        300|     32967822.50|        328|00:03:16|+0.98|0.99|0.0016|
|x|          5|        165|        300|     32836731.33|        491|00:03:14|+0.98|0.99|0.0017|
|x|          1|        165|         69|     32763713.75|        654|00:03:10|+0.98|0.98|0.0016|
|-|          2|          8|         69|     32735956.80|        817|00:03:18|+0.10|0.28|0.8220|
|=|          3|          8|         69|     32703493.17|        823|00:00:10|+0.12|0.27|0.8253|
|-|          6|          4|        331|     32723448.00|        829|00:00:11|+0.03|0.17|0.6875|
+-+-----------+-----------+-----------+----------------+-----------+--------+-----+----+------+
Best-so-far configuration:         331    mean value:      32723448.00
Description of the best-so-far configuration:
    .ID. algorithm localsearch alpha beta  rho ants   q0 rasrank elitistants
331  331       acs           3  2.38 8.51 0.28    5 0.51      NA          NA
    nnls dlb .PARENT.
331   33   1       69

# 2025-09-20 19:17:43 -03: Elite configurations (first number is the configuration ID; listed from best to worst according to the sum of ranks):
    algorithm localsearch alpha beta  rho ants   q0 rasrank elitistants nnls
331       acs           3  2.38 8.51 0.28    5 0.51      NA          NA   33
69        acs           3  2.42 5.49 0.74   31 0.49      NA          NA   28
300       acs           3  2.39 6.34 0.54   34 0.32      NA          NA   15
338       acs           3  4.10 0.69 0.53   22 0.85      NA          NA   22
    dlb
331   1
69    1
300   1
338   1
# 2025-09-20 19:17:43 -03: Iteration 3 of 5
# experimentsUsed: 1752
# remainingBudget: 3748
# currentBudget: 1249
# nbConfigurations: 159
# Markers:
     x No test is performed.
     c Configurations are discarded only due to capping.
     - The test is performed and some configurations are discarded.
     = The test is performed but no configuration is discarded.
     ! The test is performed and configurations could be discarded but elite configurations are preserved.
     . All alive configurations are elite and nothing is discarded.

+-+-----------+-----------+-----------+----------------+-----------+--------+-----+----+------+
| |   Instance|      Alive|       Best|       Mean best| Exp so far|  W time|  rho|KenW|  Qvar|
+-+-----------+-----------+-----------+----------------+-----------+--------+-----+----+------+
|x|          8|        159|        370|     32450933.00|        159|00:03:23|   NA|  NA|    NA|
|x|          6|        159|        380|     32665810.00|        314|00:03:20|+0.91|0.96|0.0050|
|x|          7|        159|        380|     32648536.67|        469|00:03:29|+0.92|0.95|0.0034|
|x|          3|        159|        380|     32594164.50|        624|00:03:19|+0.93|0.94|0.0038|
|-|          5|         17|        380|     32588860.80|        779|00:03:24|+0.07|0.26|0.8699|
|=|          4|         17|        380|     32690326.67|        792|00:00:20|+0.01|0.18|0.9330|
|=|          1|         17|        380|     32663992.57|        805|00:00:20|+0.05|0.19|0.8872|
|=|          2|         17|        380|     32663576.38|        818|00:00:20|+0.07|0.18|0.8874|
|-|          9|          8|        380|     32633390.67|        835|00:00:20|+0.00|0.11|0.8791|
|=|         10|          8|        380|     32652574.20|        843|00:00:10|+0.04|0.14|0.8615|
|=|         11|          8|        380|     32658454.45|        851|00:00:10|-0.01|0.08|0.8988|
+-+-----------+-----------+-----------+----------------+-----------+--------+-----+----+------+
Best-so-far configuration:         380    mean value:      32658454.45
Description of the best-so-far configuration:
    .ID. algorithm localsearch alpha beta  rho ants  q0 rasrank elitistants
380  380       acs           3  2.95 7.29 0.95   58 0.6      NA          NA
    nnls dlb .PARENT.
380   18   1       69

# 2025-09-20 19:36:24 -03: Elite configurations (first number is the configuration ID; listed from best to worst according to the sum of ranks):
    algorithm localsearch alpha beta  rho ants   q0 rasrank elitistants nnls
380       acs           3  2.95 7.29 0.95   58 0.60      NA          NA   18
369       acs           3  2.20 6.75 0.53    7 0.45      NA          NA   18
300       acs           3  2.39 6.34 0.54   34 0.32      NA          NA   15
424       acs           3  2.29 7.14 0.53   37 0.32      NA          NA   31
410       acs           3  3.43 2.50 0.58   24 0.74      NA          NA   11
    dlb
380   1
369   1
300   1
424   1
410   1
# 2025-09-20 19:36:24 -03: Iteration 4 of 5
# experimentsUsed: 2603
# remainingBudget: 2897
# currentBudget: 1448
# nbConfigurations: 125
# Markers:
     x No test is performed.
     c Configurations are discarded only due to capping.
     - The test is performed and some configurations are discarded.
     = The test is performed but no configuration is discarded.
     ! The test is performed and configurations could be discarded but elite configurations are preserved.
     . All alive configurations are elite and nothing is discarded.

+-+-----------+-----------+-----------+----------------+-----------+--------+-----+----+------+
| |   Instance|      Alive|       Best|       Mean best| Exp so far|  W time|  rho|KenW|  Qvar|
+-+-----------+-----------+-----------+----------------+-----------+--------+-----+----+------+
|x|         12|        125|        605|     32485134.00|        125|00:02:21|   NA|  NA|    NA|
|x|          8|        125|        580|     32501045.50|        245|00:02:15|+0.74|0.87|0.0036|
|x|          1|        125|        580|     32493107.67|        365|00:02:22|+0.75|0.83|0.0067|
|x|         11|        125|        580|     32523487.00|        485|00:02:15|+0.75|0.81|0.0074|
|-|          3|         15|        580|     32501386.80|        605|00:02:16|+0.08|0.26|0.8543|
|=|          9|         15|        580|     32472880.67|        615|00:00:10|+0.07|0.22|0.8809|
|=|          7|         15|        580|     32504911.86|        625|00:00:10|+0.08|0.22|0.8624|
|=|         10|         15|        580|     32547534.25|        635|00:00:10|+0.05|0.16|0.8907|
|=|          5|         15|        580|     32547594.67|        645|00:00:10|+0.05|0.16|0.8913|
|=|          6|         15|        580|     32576761.70|        655|00:00:10|+0.06|0.15|0.8781|
|=|          2|         15|        580|     32583521.00|        665|00:00:10|+0.03|0.11|0.9084|
|=|          4|         15|        580|     32634046.17|        675|00:00:10|+0.05|0.13|0.8841|
|=|         13|         15|        580|     32603750.69|        690|00:00:20|+0.05|0.13|0.8788|
+-+-----------+-----------+-----------+----------------+-----------+--------+-----+----+------+
Best-so-far configuration:         580    mean value:      32603750.69
Description of the best-so-far configuration:
    .ID. algorithm localsearch alpha beta  rho ants   q0 rasrank elitistants
580  580       acs           3  2.63 6.33 0.87   57 0.34      NA          NA
    nnls dlb .PARENT.
580   18   1      380

# 2025-09-20 19:49:31 -03: Elite configurations (first number is the configuration ID; listed from best to worst according to the sum of ranks):
    algorithm localsearch alpha beta  rho ants   q0 rasrank elitistants nnls
580       acs           3  2.63 6.33 0.87   57 0.34      NA          NA   18
616       acs           3  3.12 7.63 0.92   64 0.28      NA          NA   12
605       acs           3  1.98 6.09 0.56   45 0.28      NA          NA   11
567       acs           3  4.17 4.97 0.70   64 0.43      NA          NA   15
573       acs           3  1.94 6.26 0.80   45 0.62      NA          NA   16
    dlb
580   1
616   1
605   1
567   1
573   1
# 2025-09-20 19:49:31 -03: Iteration 5 of 5
# experimentsUsed: 3293
# remainingBudget: 2207
# currentBudget: 2207
# nbConfigurations: 162
# Markers:
     x No test is performed.
     c Configurations are discarded only due to capping.
     - The test is performed and some configurations are discarded.
     = The test is performed but no configuration is discarded.
     ! The test is performed and configurations could be discarded but elite configurations are preserved.
     . All alive configurations are elite and nothing is discarded.

+-+-----------+-----------+-----------+----------------+-----------+--------+-----+----+------+
| |   Instance|      Alive|       Best|       Mean best| Exp so far|  W time|  rho|KenW|  Qvar|
+-+-----------+-----------+-----------+----------------+-----------+--------+-----+----+------+
|x|         14|        162|        638|     32238302.00|        162|00:02:56|   NA|  NA|    NA|
|x|          8|        162|        626|     32341408.00|        319|00:02:46|+0.48|0.74|0.0062|
|x|          5|        162|        626|     32399115.00|        476|00:02:46|+0.50|0.67|0.0061|
|x|         12|        162|        773|     32430174.00|        633|00:02:46|+0.52|0.64|0.0052|
|-|          2|         33|        773|     32467155.20|        790|00:02:46|-0.12|0.10|1.0983|
|=|          6|         33|        773|     32520842.83|        818|00:00:31|-0.06|0.11|1.0451|
|=|         11|         33|        773|     32551664.00|        846|00:00:31|-0.07|0.08|1.0403|
|=|         13|         33|        773|     32516975.88|        874|00:00:31|-0.08|0.06|1.0459|
|=|          9|         33|        773|     32500295.22|        902|00:00:31|-0.06|0.06|1.0267|
|=|          3|         33|        773|     32494061.30|        930|00:00:31|-0.04|0.06|1.0160|
|=|          7|         33|        773|     32511999.36|        958|00:00:31|-0.04|0.06|1.0073|
|=|         10|         33|        704|     32536615.58|        986|00:00:31|-0.04|0.05|1.0121|
|=|          4|         33|        704|     32584002.00|       1014|00:00:31|-0.03|0.05|0.9982|
|=|          1|         33|        704|     32576719.14|       1042|00:00:31|-0.03|0.05|0.9956|
|=|         15|         33|        652|     32590088.33|       1075|00:00:41|-0.02|0.05|0.9865|
+-+-----------+-----------+-----------+----------------+-----------+--------+-----+----+------+
Best-so-far configuration:         652    mean value:      32590088.33
Description of the best-so-far configuration:
    .ID. algorithm localsearch alpha beta  rho ants   q0 rasrank elitistants
652  652       acs           3  1.88 5.45 0.56   48 0.37      NA          NA
    nnls dlb .PARENT.
652   13   1      605

# 2025-09-20 20:08:58 -03: Elite configurations (first number is the configuration ID; listed from best to worst according to the sum of ranks):
    algorithm localsearch alpha beta  rho ants   q0 rasrank elitistants nnls
652       acs           3  1.88 5.45 0.56   48 0.37      NA          NA   13
704       acs           3  3.13 7.09 0.92   64 0.24      NA          NA   12
650       acs           3  3.27 6.85 0.92   65 0.29      NA          NA   11
616       acs           3  3.12 7.63 0.92   64 0.28      NA          NA   12
750       acs           3  3.72 5.53 0.81   69 0.47      NA          NA   14
    dlb
652   1
704   1
650   1
616   1
750   1
# 2025-09-20 20:08:58 -03: Iteration 6 of 6
# experimentsUsed: 4368
# remainingBudget: 1132
# currentBudget: 1132
# nbConfigurations: 75
# Markers:
     x No test is performed.
     c Configurations are discarded only due to capping.
     - The test is performed and some configurations are discarded.
     = The test is performed but no configuration is discarded.
     ! The test is performed and configurations could be discarded but elite configurations are preserved.
     . All alive configurations are elite and nothing is discarded.

+-+-----------+-----------+-----------+----------------+-----------+--------+-----+----+------+
| |   Instance|      Alive|       Best|       Mean best| Exp so far|  W time|  rho|KenW|  Qvar|
+-+-----------+-----------+-----------+----------------+-----------+--------+-----+----+------+
|x|         16|         75|        781|     32602021.00|         75|00:01:23|   NA|  NA|    NA|
|x|          6|         75|        829|     32658442.50|        145|00:01:12|+0.50|0.75|0.0026|
|x|          5|         75|        829|     32631995.67|        215|00:01:12|+0.43|0.62|0.0027|
|x|          9|         75|        829|     32548515.00|        285|00:01:13|+0.47|0.60|0.0025|
|-|         15|         35|        652|     32610294.40|        355|00:01:12|-0.10|0.12|1.0549|
|=|          2|         35|        845|     32621232.67|        385|00:00:31|-0.04|0.13|1.0005|
|=|          3|         35|        829|     32587997.57|        415|00:00:31|-0.04|0.11|0.9935|
|=|         10|         35|        811|     32623280.00|        445|00:00:31|-0.02|0.11|0.9817|
|=|          8|         35|        811|     32608762.33|        475|00:00:31|-0.00|0.11|0.9669|
|=|         11|         35|        811|     32613147.10|        505|00:00:31|+0.00|0.10|0.9637|
|=|          4|         35|        811|     32668057.82|        535|00:00:31|+0.00|0.09|0.9631|
|=|         13|         35|        811|     32629645.00|        565|00:00:31|+0.02|0.10|0.9474|
|=|          1|         35|        811|     32615933.38|        595|00:00:31|+0.03|0.11|0.9376|
|-|         12|         21|        811|     32607957.00|        625|00:00:31|-0.04|0.03|0.9960|
|=|         14|         21|        811|     32589438.87|        641|00:00:20|-0.04|0.03|0.9927|
|=|          7|         21|        811|     32592448.50|        657|00:00:20|-0.03|0.03|0.9866|
|=|         17|         21|        811|     32557838.29|        678|00:00:30|-0.03|0.03|0.9829|
+-+-----------+-----------+-----------+----------------+-----------+--------+-----+----+------+
Best-so-far configuration:         811    mean value:      32557838.29
Description of the best-so-far configuration:
    .ID. algorithm localsearch alpha beta  rho ants   q0 rasrank elitistants
811  811       acs           3  3.51 6.55 0.93   64 0.19      NA          NA
    nnls dlb .PARENT.
811   13   1      704

# 2025-09-20 20:21:08 -03: Elite configurations (first number is the configuration ID; listed from best to worst according to the sum of ranks):
    algorithm localsearch alpha beta  rho ants   q0 rasrank elitistants nnls
811       acs           3  3.51 6.55 0.93   64 0.19      NA          NA   13
831       acs           3  3.65 7.01 0.89   66 0.40      NA          NA   14
704       acs           3  3.13 7.09 0.92   64 0.24      NA          NA   12
650       acs           3  3.27 6.85 0.92   65 0.29      NA          NA   11
817       acs           3  1.99 6.12 0.48   39 0.35      NA          NA   15
    dlb
811   1
831   1
704   1
650   1
817   1
# 2025-09-20 20:21:08 -03: Iteration 7 of 7
# experimentsUsed: 5046
# remainingBudget: 454
# currentBudget: 454
# nbConfigurations: 29
# Markers:
     x No test is performed.
     c Configurations are discarded only due to capping.
     - The test is performed and some configurations are discarded.
     = The test is performed but no configuration is discarded.
     ! The test is performed and configurations could be discarded but elite configurations are preserved.
     . All alive configurations are elite and nothing is discarded.

+-+-----------+-----------+-----------+----------------+-----------+--------+-----+----+------+
| |   Instance|      Alive|       Best|       Mean best| Exp so far|  W time|  rho|KenW|  Qvar|
+-+-----------+-----------+-----------+----------------+-----------+--------+-----+----+------+
|x|         18|         29|        866|     32575608.00|         29|00:00:31|   NA|  NA|    NA|
|x|         13|         29|        862|     32380727.00|         53|00:00:31|+0.18|0.59|0.7368|
|x|          7|         29|        866|     32458442.00|         77|00:00:31|+0.27|0.52|0.6957|
|x|          9|         29|        866|     32433384.50|        101|00:00:31|+0.23|0.42|0.7289|
|-|          6|         18|        866|     32498588.60|        125|00:00:31|-0.10|0.12|1.0230|
|=|          5|         18|        866|     32504155.33|        138|00:00:20|-0.04|0.13|0.9897|
|=|         12|         18|        866|     32508114.00|        151|00:00:20|-0.07|0.09|1.0107|
|=|          4|         18|        866|     32590526.12|        164|00:00:21|-0.05|0.08|0.9990|
|=|         14|         18|        866|     32552797.67|        177|00:00:20|-0.02|0.10|0.9699|
|=|         11|         18|        866|     32565219.50|        190|00:00:20|-0.02|0.08|0.9746|
|=|         10|         18|        866|     32582910.18|        203|00:00:21|-0.01|0.08|0.9520|
|=|         17|         18|        861|     32538833.75|        216|00:00:20|-0.01|0.08|0.9404|
|=|          8|         18|        861|     32537324.23|        229|00:00:20|-0.01|0.07|0.9504|
|=|         15|         18|        861|     32556571.00|        242|00:00:20|+0.01|0.08|0.9384|
|=|          3|         18|        861|     32546388.33|        255|00:00:20|+0.00|0.07|0.9385|
|=|         16|         18|        861|     32556079.44|        268|00:00:20|+0.00|0.06|0.9420|
|=|          1|         18|        861|     32550695.35|        281|00:00:20|+0.01|0.06|0.9353|
|=|          2|         18|        861|     32555328.83|        294|00:00:20|+0.01|0.06|0.9373|
|=|         19|         18|        866|     32567869.21|        312|00:00:20|+0.01|0.06|0.9381|
+-+-----------+-----------+-----------+----------------+-----------+--------+-----+----+------+
Best-so-far configuration:         866    mean value:      32567869.21
Description of the best-so-far configuration:
    .ID. algorithm localsearch alpha beta  rho ants   q0 rasrank elitistants
866  866       acs           3  3.16  6.8 0.98   67 0.25      NA          NA
    nnls dlb .PARENT.
866   12   1      650

# 2025-09-20 20:28:38 -03: Elite configurations (first number is the configuration ID; listed from best to worst according to the sum of ranks):
    algorithm localsearch alpha beta  rho ants   q0 rasrank elitistants nnls
866       acs           3  3.16 6.80 0.98   67 0.25      NA          NA   12
861       acs           3  2.78 6.96 0.93   64 0.23      NA          NA   13
650       acs           3  3.27 6.85 0.92   65 0.29      NA          NA   11
868       acs           3  3.85 6.81 0.94   70 0.39      NA          NA   11
811       acs           3  3.51 6.55 0.93   64 0.19      NA          NA   13
    dlb
866   1
861   1
650   1
868   1
811   1
# 2025-09-20 20:28:38 -03: Iteration 8 of 8
# experimentsUsed: 5358
# remainingBudget: 142
# currentBudget: 142
# nbConfigurations: 11
# Markers:
     x No test is performed.
     c Configurations are discarded only due to capping.
     - The test is performed and some configurations are discarded.
     = The test is performed but no configuration is discarded.
     ! The test is performed and configurations could be discarded but elite configurations are preserved.
     . All alive configurations are elite and nothing is discarded.

+-+-----------+-----------+-----------+----------------+-----------+--------+-----+----+------+
| |   Instance|      Alive|       Best|       Mean best| Exp so far|  W time|  rho|KenW|  Qvar|
+-+-----------+-----------+-----------+----------------+-----------+--------+-----+----+------+
|x|         20|         11|        650|     32492264.00|         11|00:00:20|   NA|  NA|    NA|
|x|         14|         11|        866|     32378349.00|         17|00:00:10|+0.25|0.63|0.6356|
|x|         12|         11|        650|     32422356.00|         23|00:00:10|+0.28|0.52|0.6149|
|x|          9|         11|        650|     32396863.25|         29|00:00:10|+0.05|0.28|0.8562|
|=|          1|         11|        650|     32408954.40|         35|00:00:10|+0.04|0.23|0.8347|
|=|         19|         11|        650|     32462177.67|         41|00:00:10|+0.10|0.25|0.7814|
|=|         10|         11|        650|     32508973.86|         47|00:00:10|+0.11|0.24|0.7832|
|=|         15|         11|        650|     32544962.00|         53|00:00:10|+0.04|0.16|0.8531|
|=|         18|         11|        650|     32550640.67|         59|00:00:10|+0.09|0.19|0.8107|
|=|          6|         11|        650|     32581099.60|         65|00:00:10|+0.07|0.16|0.8549|
|=|         11|         11|        650|     32586055.73|         71|00:00:10|+0.05|0.14|0.8671|
|=|         13|         11|        650|     32557509.67|         77|00:00:10|+0.04|0.12|0.8727|
|=|          4|         11|        650|     32599778.69|         83|00:00:10|+0.03|0.11|0.8784|
|=|          8|         11|        866|     32592495.50|         89|00:00:10|+0.03|0.10|0.8783|
|=|         16|         11|        866|     32596950.93|         95|00:00:10|+0.03|0.10|0.8793|
|=|          5|         11|        866|     32592890.81|        101|00:00:10|+0.03|0.09|0.8797|
|=|          2|         11|        866|     32595223.35|        107|00:00:10|+0.01|0.07|0.9006|
|=|          7|         11|        866|     32595815.50|        113|00:00:10|+0.01|0.06|0.9004|
|=|         17|         11|        866|     32568706.79|        119|00:00:10|+0.00|0.05|0.9016|
|=|          3|         11|        866|     32564762.15|        125|00:00:10|-0.01|0.04|0.9088|
|=|         21|         11|        866|     32563239.24|        136|00:00:20|-0.01|0.04|0.9107|
+-+-----------+-----------+-----------+----------------+-----------+--------+-----+----+------+
Best-so-far configuration:         866    mean value:      32563239.24
Description of the best-so-far configuration:
    .ID. algorithm localsearch alpha beta  rho ants   q0 rasrank elitistants
866  866       acs           3  3.16  6.8 0.98   67 0.25      NA          NA
    nnls dlb .PARENT.
866   12   1      650

# 2025-09-20 20:32:40 -03: Elite configurations (first number is the configuration ID; listed from best to worst according to the sum of ranks):
    algorithm localsearch alpha beta  rho ants   q0 rasrank elitistants nnls
866       acs           3  3.16 6.80 0.98   67 0.25      NA          NA   12
650       acs           3  3.27 6.85 0.92   65 0.29      NA          NA   11
811       acs           3  3.51 6.55 0.93   64 0.19      NA          NA   13
861       acs           3  2.78 6.96 0.93   64 0.23      NA          NA   13
878       acs           3  3.33 6.46 1.00   68 0.26      NA          NA   14
    dlb
866   1
650   1
811   1
861   1
878   1
# 2025-09-20 20:32:40 -03: Stopped because there is not enough budget left to race more than the minimum (5).
# You may either increase the budget or set 'minNbSurvival' to a lower value.
# Iteration: 9
# nbIterations: 9
# experimentsUsed: 5494
# timeUsed: 0
# remainingBudget: 6
# currentBudget: 6
# number of elites: 5
# nbConfigurations: 5
# Total CPU user time: 61071.07, CPU sys time: 469.279, Wall-clock time: 6680.755
# 2025-09-20 20:32:40 -03: Starting post-selection:
# Configurations selected: 866, 650, 811, 861, 878, 868.
# Pending instances: 0, 0, 0, 0, 0, 0.
# 2025-09-20 20:32:40 -03: seed: 1500311
# Configurations: 6
# Available experiments: 6
# minSurvival: 1
# Markers:
     x No test is performed.
     c Configurations are discarded only due to capping.
     - The test is performed and some configurations are discarded.
     = The test is performed but no configuration is discarded.
     ! The test is performed and configurations could be discarded but elite configurations are preserved.
     . All alive configurations are elite and nothing is discarded.

+-+-----------+-----------+-----------+----------------+-----------+--------+-----+----+------+
| |   Instance|      Alive|       Best|       Mean best| Exp so far|  W time|  rho|KenW|  Qvar|
+-+-----------+-----------+-----------+----------------+-----------+--------+-----+----+------+
|.|         20|          6|        650|     32492264.00|          0|00:00:00|   NA|  NA|    NA|
|.|         12|          6|        650|     32500672.00|          0|00:00:00|+0.54|0.77|0.1668|
|.|         16|          6|        650|     32554178.33|          0|00:00:00|+0.64|0.76|0.1281|
|.|         19|          6|        650|     32597707.25|          0|00:00:00|+0.67|0.75|0.1914|
|.|         15|          6|        650|     32637541.60|          0|00:00:00|+0.43|0.55|0.4450|
|.|          8|          6|        650|     32618415.17|          0|00:00:00|+0.28|0.40|0.5280|
|.|          1|          6|        650|     32595401.43|          0|00:00:00|+0.17|0.29|0.6683|
|.|          9|          6|        650|     32561024.38|          0|00:00:00|+0.13|0.24|0.7005|
|.|         13|          6|        650|     32525744.22|          0|00:00:00|+0.05|0.16|0.7665|
|.|         11|          6|        650|     32536731.50|          0|00:00:00|+0.01|0.11|0.8033|
|.|          5|          6|        650|     32537425.45|          0|00:00:00|-0.02|0.08|0.8328|
|.|         14|          6|        650|     32514783.67|          0|00:00:00|-0.01|0.08|0.8222|
|.|          7|          6|        650|     32529687.85|          0|00:00:00|-0.01|0.07|0.8419|
|.|          6|          6|        650|     32552940.86|          0|00:00:00|-0.00|0.07|0.8424|
|.|          4|          6|        650|     32589878.60|          0|00:00:00|-0.02|0.05|0.8571|
|.|         10|          6|        650|     32602370.62|          0|00:00:00|-0.01|0.05|0.8408|
|.|          3|          6|        650|     32598055.24|          0|00:00:00|-0.02|0.04|0.8552|
|.|         21|          6|        650|     32594834.11|          0|00:00:00|-0.02|0.03|0.8560|
|.|          2|          6|        650|     32596012.11|          0|00:00:00|-0.03|0.02|0.8586|
|.|         17|          6|        650|     32569559.80|          0|00:00:00|-0.04|0.01|0.8638|
|.|         18|          6|        650|     32570822.19|          0|00:00:00|-0.03|0.02|0.8541|
|=|         22|          6|        866|     32578029.23|          6|00:00:10|-0.03|0.01|0.8591|
+-+-----------+-----------+-----------+----------------+-----------+--------+-----+----+------+
Best-so-far configuration:         866    mean value:      32578029.23
Description of the best-so-far configuration:
    .ID. algorithm localsearch alpha beta  rho ants   q0 rasrank elitistants
866  866       acs           3  3.16  6.8 0.98   67 0.25      NA          NA
    nnls dlb .PARENT.
866   12   1      650

# 2025-09-20 20:32:50 -03: Elite configurations (first number is the configuration ID; listed from best to worst according to the sum of ranks):
    algorithm localsearch alpha beta  rho ants   q0 rasrank elitistants nnls
866       acs           3  3.16 6.80 0.98   67 0.25      NA          NA   12
650       acs           3  3.27 6.85 0.92   65 0.29      NA          NA   11
861       acs           3  2.78 6.96 0.93   64 0.23      NA          NA   13
811       acs           3  3.51 6.55 0.93   64 0.19      NA          NA   13
868       acs           3  3.85 6.81 0.94   70 0.39      NA          NA   11
    dlb
866   1
650   1
861   1
811   1
868   1
# Total CPU user time: 61133.01, CPU sys time: 469.749, Wall-clock time: 6691.301
    .ID. algorithm localsearch alpha beta  rho ants   q0 rasrank elitistants
866  866       acs           3  3.16 6.80 0.98   67 0.25      NA          NA
650  650       acs           3  3.27 6.85 0.92   65 0.29      NA          NA
861  861       acs           3  2.78 6.96 0.93   64 0.23      NA          NA
811  811       acs           3  3.51 6.55 0.93   64 0.19      NA          NA
868  868       acs           3  3.85 6.81 0.94   70 0.39      NA          NA
    nnls dlb .PARENT. .RANK.   .WEIGHT.
866   12   1      650     69 0.33333333
650   11   1      616     74 0.26666667
861   13   1      704     77 0.20000000
811   13   1      704     80 0.13333333
868   11   1      831     80 0.06666667
